Step 1/5: Validating inputs ✅
  Metrics: /home/ubuntu/vrdev-test/acmg-run/results/17_use_case_acmg__cohort/convert__NA18489/out/run_metrics/NA18489.acmg__20260928T171014
  Detailed logs: /home/ubuntu/vrdev-test/acmg-run/results/17_use_case_acmg__cohort/convert__NA18489/out/run_metrics/NA18489.acmg__20260928T171014/logs/wrapper.log
  Progress log: /home/ubuntu/vrdev-test/acmg-run/results/17_use_case_acmg__cohort/convert__NA18489/out/run_metrics/NA18489.acmg__20260928T171014/logs/progress.log
Step 2/5: Ensuring Docker image is available ✅
Step 3/5: Processing per-input pipeline (TSV -> RDF -> compression)
  Sample representation: expanded
  INFO representation: structured
  Header representation: structured
  - Input 1/1: NA18489.acmg.vcf
    * TSV conversion ✅
    * VCF version: VCFv4.2 (detected)
    * RDF conversion ✅
    * Streaming expanded multi-sample RDF (no expanded helper TSVs)
    * Sample RDF streaming: 10,000 variants, 10,000 calls
    * Sample calls streamed: 12,532; FORMAT values: 12,532
    * Streaming structured header RDF
    * Header lines typed: 43; contigs: 24
    * Streaming QUAL and structured INFO RDF
    * INFO RDF streaming: 10,000 variants, 0 values
    * QUAL values streamed: 12,532; INFO values: 0; declarations: 0
    * Triples produced: 739,167
    * Compression ✅
    * Output directory: /home/ubuntu/vrdev-test/acmg-run/results/17_use_case_acmg__cohort/convert__NA18489/out/NA18489.acmg
      - RDF aggregate: NA18489.acmg.nt
      - N-Triples (.nt): 94.90 MB (removed after successful compression)
      - gzip (.nt.gz): 3.48 MB
Total triples produced (full run): 739,167
Conversion process finished.
Run time (full mode): 16.73s
Timing log: /home/ubuntu/vrdev-test/acmg-run/results/17_use_case_acmg__cohort/convert__NA18489/out/run_metrics/NA18489.acmg__20260928T171014/wrapper_execution_times.csv
Metrics summary: /home/ubuntu/vrdev-test/acmg-run/results/17_use_case_acmg__cohort/convert__NA18489/out/run_metrics/NA18489.acmg__20260928T171014/summary.json
