TSV conversion: 1000G_10000r_s1024: started
TSV conversion: 1000G_10000r_s1024: finished
RMLStreamer: 1000G_10000r_s1024: started
  RMLStreamer: 1000G_10000r_s1024: rmlstreamer started — 0 B · 0 parts
  RMLStreamer: 1000G_10000r_s1024: rmlstreamer heartbeat — 0 B · 0 parts
  RMLStreamer: 1000G_10000r_s1024: rmlstreamer heartbeat — 419.22 KB · 8 parts
  RMLStreamer: 1000G_10000r_s1024: rmlstreamer heartbeat — 10.81 MB · 8 parts
  RMLStreamer: 1000G_10000r_s1024: rmlstreamer complete — 10.81 MB · 8 parts
  RMLStreamer: 1000G_10000r_s1024: rdf-aggregate started — 0 parts
  RMLStreamer: 1000G_10000r_s1024: rdf-aggregate part — 1 parts
  RMLStreamer: 1000G_10000r_s1024: rdf-aggregate part — 2 parts
  RMLStreamer: 1000G_10000r_s1024: rdf-aggregate part — 3 parts
  RMLStreamer: 1000G_10000r_s1024: rdf-aggregate part — 4 parts
  RMLStreamer: 1000G_10000r_s1024: rdf-aggregate part — 5 parts
  RMLStreamer: 1000G_10000r_s1024: rdf-aggregate part — 6 parts
  RMLStreamer: 1000G_10000r_s1024: rdf-aggregate part — 7 parts
  RMLStreamer: 1000G_10000r_s1024: rdf-aggregate part — 8 parts
  RMLStreamer: 1000G_10000r_s1024: rdf-aggregate complete — 8 parts
RMLStreamer: 1000G_10000r_s1024: finished
Partitioned compression: 1000G_10000r_s1024: started
  Partitioned compression: 1000G_10000r_s1024: rdf-scan started — 0 triples
  Partitioned compression: 1000G_10000r_s1024: rdf-scan heartbeat — 166,025 triples · 67,111,038 bytes read
  Partitioned compression: 1000G_10000r_s1024: rdf-scan heartbeat — 576,187 triples · 134,219,959 bytes read
  Partitioned compression: 1000G_10000r_s1024: rdf-scan heartbeat — 1,030,164 triples · 201,328,912 bytes read
  Partitioned compression: 1000G_10000r_s1024: rdf-scan chunk — 1,444,618 triples · 1 chunks · 262,606,008 bytes read
  Partitioned compression: 1000G_10000r_s1024: hdt-chunks started — 0 chunks · hdt-build-00000
  Partitioned compression: 1000G_10000r_s1024: hdt-chunks complete — 1 chunks · hdt-build-00000
  Partitioned compression: 1000G_10000r_s1024: rdf-scan complete — 1,444,618 triples · 1 chunks
  Partitioned compression: 1000G_10000r_s1024: hdt-chunks complete — 1 chunks
  Partitioned compression: 1000G_10000r_s1024: hdt started — hdt-index
  Partitioned compression: 1000G_10000r_s1024: hdt complete — hdt-index
  Partitioned compression: 1000G_10000r_s1024: hdt started — hdt-validate
  Partitioned compression: 1000G_10000r_s1024: hdt complete — hdt-validate
Partitioned compression: 1000G_10000r_s1024: finished
