TSV conversion: HG005.acmg: started
TSV conversion: HG005.acmg: finished
RMLStreamer: HG005.acmg: started
  RMLStreamer: HG005.acmg: rmlstreamer started — 0 B · 0 parts
  RMLStreamer: HG005.acmg: rmlstreamer heartbeat — 0 B · 0 parts
  RMLStreamer: HG005.acmg: rmlstreamer heartbeat — 6.33 MB · 8 parts
  RMLStreamer: HG005.acmg: rmlstreamer heartbeat — 21.86 MB · 8 parts
  RMLStreamer: HG005.acmg: rmlstreamer heartbeat — 58.49 MB · 8 parts
  RMLStreamer: HG005.acmg: rmlstreamer heartbeat — 98.69 MB · 8 parts
  RMLStreamer: HG005.acmg: rmlstreamer heartbeat — 140.25 MB · 8 parts
  RMLStreamer: HG005.acmg: rmlstreamer heartbeat — 182.79 MB · 8 parts
  RMLStreamer: HG005.acmg: rmlstreamer heartbeat — 223.28 MB · 8 parts
  RMLStreamer: HG005.acmg: rmlstreamer heartbeat — 265.63 MB · 8 parts
  RMLStreamer: HG005.acmg: rmlstreamer heartbeat — 301.47 MB · 8 parts
  RMLStreamer: HG005.acmg: rmlstreamer heartbeat — 341.12 MB · 8 parts
  RMLStreamer: HG005.acmg: rmlstreamer heartbeat — 383.73 MB · 8 parts
  RMLStreamer: HG005.acmg: rmlstreamer heartbeat — 425.68 MB · 8 parts
  RMLStreamer: HG005.acmg: rmlstreamer heartbeat — 468.61 MB · 8 parts
  RMLStreamer: HG005.acmg: rmlstreamer heartbeat — 510.30 MB · 8 parts
  RMLStreamer: HG005.acmg: rmlstreamer heartbeat — 553.57 MB · 8 parts
  RMLStreamer: HG005.acmg: rmlstreamer heartbeat — 597.23 MB · 8 parts
  RMLStreamer: HG005.acmg: rmlstreamer heartbeat — 639.88 MB · 8 parts
  RMLStreamer: HG005.acmg: rmlstreamer heartbeat — 678.27 MB · 8 parts
  RMLStreamer: HG005.acmg: rmlstreamer heartbeat — 720.23 MB · 8 parts
  RMLStreamer: HG005.acmg: rmlstreamer heartbeat — 761.69 MB · 8 parts
  RMLStreamer: HG005.acmg: rmlstreamer heartbeat — 803.71 MB · 8 parts
  RMLStreamer: HG005.acmg: rmlstreamer heartbeat — 844.39 MB · 8 parts
  RMLStreamer: HG005.acmg: rmlstreamer heartbeat — 887.82 MB · 8 parts
  RMLStreamer: HG005.acmg: rmlstreamer heartbeat — 926.06 MB · 8 parts
  RMLStreamer: HG005.acmg: rmlstreamer heartbeat — 964.95 MB · 8 parts
  RMLStreamer: HG005.acmg: rmlstreamer heartbeat — 1006.65 MB · 8 parts
  RMLStreamer: HG005.acmg: rmlstreamer heartbeat — 1.02 GB · 8 parts
  RMLStreamer: HG005.acmg: rmlstreamer heartbeat — 1.06 GB · 8 parts
  RMLStreamer: HG005.acmg: rmlstreamer heartbeat — 1.11 GB · 8 parts
  RMLStreamer: HG005.acmg: rmlstreamer heartbeat — 1.15 GB · 8 parts
  RMLStreamer: HG005.acmg: rmlstreamer heartbeat — 1.19 GB · 8 parts
  RMLStreamer: HG005.acmg: rmlstreamer heartbeat — 1.23 GB · 8 parts
  RMLStreamer: HG005.acmg: rmlstreamer heartbeat — 1.27 GB · 8 parts
  RMLStreamer: HG005.acmg: rmlstreamer heartbeat — 1.31 GB · 8 parts
  RMLStreamer: HG005.acmg: rmlstreamer heartbeat — 1.35 GB · 8 parts
  RMLStreamer: HG005.acmg: rmlstreamer heartbeat — 1.39 GB · 8 parts
  RMLStreamer: HG005.acmg: rmlstreamer heartbeat — 1.43 GB · 8 parts
  RMLStreamer: HG005.acmg: rmlstreamer heartbeat — 1.47 GB · 8 parts
  RMLStreamer: HG005.acmg: rmlstreamer heartbeat — 1.51 GB · 8 parts
  RMLStreamer: HG005.acmg: rmlstreamer heartbeat — 1.56 GB · 8 parts
  RMLStreamer: HG005.acmg: rmlstreamer heartbeat — 1.60 GB · 8 parts
  RMLStreamer: HG005.acmg: rmlstreamer heartbeat — 1.64 GB · 8 parts
  RMLStreamer: HG005.acmg: rmlstreamer heartbeat — 1.68 GB · 8 parts
  RMLStreamer: HG005.acmg: rmlstreamer heartbeat — 1.72 GB · 8 parts
  RMLStreamer: HG005.acmg: rmlstreamer heartbeat — 1.76 GB · 8 parts
  RMLStreamer: HG005.acmg: rmlstreamer heartbeat — 1.80 GB · 8 parts
  RMLStreamer: HG005.acmg: rmlstreamer heartbeat — 1.84 GB · 8 parts
  RMLStreamer: HG005.acmg: rmlstreamer heartbeat — 1.88 GB · 8 parts
  RMLStreamer: HG005.acmg: rmlstreamer heartbeat — 1.92 GB · 8 parts
  RMLStreamer: HG005.acmg: rmlstreamer heartbeat — 1.96 GB · 8 parts
  RMLStreamer: HG005.acmg: rmlstreamer heartbeat — 2.01 GB · 8 parts
  RMLStreamer: HG005.acmg: rmlstreamer heartbeat — 2.05 GB · 8 parts
  RMLStreamer: HG005.acmg: rmlstreamer heartbeat — 2.08 GB · 8 parts
  RMLStreamer: HG005.acmg: rmlstreamer heartbeat — 2.12 GB · 8 parts
  RMLStreamer: HG005.acmg: rmlstreamer heartbeat — 2.16 GB · 8 parts
  RMLStreamer: HG005.acmg: rmlstreamer heartbeat — 2.21 GB · 8 parts
  RMLStreamer: HG005.acmg: rmlstreamer heartbeat — 2.25 GB · 8 parts
  RMLStreamer: HG005.acmg: rmlstreamer heartbeat — 2.29 GB · 8 parts
  RMLStreamer: HG005.acmg: rmlstreamer heartbeat — 2.33 GB · 8 parts
  RMLStreamer: HG005.acmg: rmlstreamer heartbeat — 2.37 GB · 8 parts
  RMLStreamer: HG005.acmg: rmlstreamer heartbeat — 2.41 GB · 8 parts
  RMLStreamer: HG005.acmg: rmlstreamer heartbeat — 2.46 GB · 8 parts
  RMLStreamer: HG005.acmg: rmlstreamer heartbeat — 2.50 GB · 8 parts
  RMLStreamer: HG005.acmg: rmlstreamer heartbeat — 2.54 GB · 8 parts
  RMLStreamer: HG005.acmg: rmlstreamer heartbeat — 2.58 GB · 8 parts
  RMLStreamer: HG005.acmg: rmlstreamer heartbeat — 2.62 GB · 8 parts
  RMLStreamer: HG005.acmg: rmlstreamer heartbeat — 2.66 GB · 8 parts
  RMLStreamer: HG005.acmg: rmlstreamer heartbeat — 2.70 GB · 8 parts
  RMLStreamer: HG005.acmg: rmlstreamer heartbeat — 2.75 GB · 8 parts
  RMLStreamer: HG005.acmg: rmlstreamer heartbeat — 2.79 GB · 8 parts
  RMLStreamer: HG005.acmg: rmlstreamer heartbeat — 2.83 GB · 8 parts
  RMLStreamer: HG005.acmg: rmlstreamer heartbeat — 2.87 GB · 8 parts
  RMLStreamer: HG005.acmg: rmlstreamer heartbeat — 2.91 GB · 8 parts
  RMLStreamer: HG005.acmg: rmlstreamer heartbeat — 2.95 GB · 8 parts
  RMLStreamer: HG005.acmg: rmlstreamer heartbeat — 2.99 GB · 8 parts
  RMLStreamer: HG005.acmg: rmlstreamer heartbeat — 3.03 GB · 8 parts
  RMLStreamer: HG005.acmg: rmlstreamer heartbeat — 3.07 GB · 8 parts
  RMLStreamer: HG005.acmg: rmlstreamer heartbeat — 3.11 GB · 8 parts
  RMLStreamer: HG005.acmg: rmlstreamer heartbeat — 3.16 GB · 8 parts
  RMLStreamer: HG005.acmg: rmlstreamer heartbeat — 3.20 GB · 8 parts
  RMLStreamer: HG005.acmg: rmlstreamer heartbeat — 3.24 GB · 8 parts
  RMLStreamer: HG005.acmg: rmlstreamer heartbeat — 3.28 GB · 8 parts
  RMLStreamer: HG005.acmg: rmlstreamer heartbeat — 3.32 GB · 8 parts
  RMLStreamer: HG005.acmg: rmlstreamer heartbeat — 3.35 GB · 8 parts
  RMLStreamer: HG005.acmg: rmlstreamer heartbeat — 3.40 GB · 8 parts
  RMLStreamer: HG005.acmg: rmlstreamer heartbeat — 3.44 GB · 8 parts
  RMLStreamer: HG005.acmg: rmlstreamer heartbeat — 3.48 GB · 8 parts
  RMLStreamer: HG005.acmg: rmlstreamer heartbeat — 3.52 GB · 8 parts
  RMLStreamer: HG005.acmg: rmlstreamer heartbeat — 3.56 GB · 8 parts
  RMLStreamer: HG005.acmg: rmlstreamer heartbeat — 3.60 GB · 8 parts
  RMLStreamer: HG005.acmg: rmlstreamer heartbeat — 3.64 GB · 8 parts
  RMLStreamer: HG005.acmg: rmlstreamer heartbeat — 3.69 GB · 8 parts
  RMLStreamer: HG005.acmg: rmlstreamer heartbeat — 3.73 GB · 8 parts
  RMLStreamer: HG005.acmg: rmlstreamer heartbeat — 3.76 GB · 8 parts
  RMLStreamer: HG005.acmg: rmlstreamer heartbeat — 3.77 GB · 8 parts
  RMLStreamer: HG005.acmg: rmlstreamer heartbeat — 3.79 GB · 8 parts
  RMLStreamer: HG005.acmg: rmlstreamer heartbeat — 3.80 GB · 8 parts
  RMLStreamer: HG005.acmg: rmlstreamer heartbeat — 3.80 GB · 8 parts
  RMLStreamer: HG005.acmg: rmlstreamer heartbeat — 3.81 GB · 8 parts
  RMLStreamer: HG005.acmg: rmlstreamer heartbeat — 3.82 GB · 8 parts
  RMLStreamer: HG005.acmg: rmlstreamer complete — 3.82 GB · 8 parts
  RMLStreamer: HG005.acmg: rdf-aggregate started — 0 parts
  RMLStreamer: HG005.acmg: rdf-aggregate part — 1 parts
  RMLStreamer: HG005.acmg: rdf-aggregate part — 2 parts
  RMLStreamer: HG005.acmg: rdf-aggregate part — 3 parts
  RMLStreamer: HG005.acmg: rdf-aggregate part — 4 parts
  RMLStreamer: HG005.acmg: rdf-aggregate part — 5 parts
  RMLStreamer: HG005.acmg: rdf-aggregate part — 6 parts
  RMLStreamer: HG005.acmg: rdf-aggregate part — 7 parts
  RMLStreamer: HG005.acmg: rdf-aggregate part — 8 parts
  RMLStreamer: HG005.acmg: rdf-aggregate complete — 8 parts
RMLStreamer: HG005.acmg: finished
