TSV conversion: NA19443.acmg: started
TSV conversion: NA19443.acmg: finished
RMLStreamer: NA19443.acmg: started
  RMLStreamer: NA19443.acmg: rmlstreamer started — 0 B · 0 parts
  RMLStreamer: NA19443.acmg: rmlstreamer heartbeat — 0 B · 0 parts
  RMLStreamer: NA19443.acmg: rmlstreamer heartbeat — 5.65 MB · 8 parts
  RMLStreamer: NA19443.acmg: rmlstreamer heartbeat — 12.62 MB · 8 parts
  RMLStreamer: NA19443.acmg: rmlstreamer complete — 12.62 MB · 8 parts
  RMLStreamer: NA19443.acmg: rdf-aggregate started — 0 parts
  RMLStreamer: NA19443.acmg: rdf-aggregate part — 1 parts
  RMLStreamer: NA19443.acmg: rdf-aggregate part — 2 parts
  RMLStreamer: NA19443.acmg: rdf-aggregate part — 3 parts
  RMLStreamer: NA19443.acmg: rdf-aggregate part — 4 parts
  RMLStreamer: NA19443.acmg: rdf-aggregate part — 5 parts
  RMLStreamer: NA19443.acmg: rdf-aggregate part — 6 parts
  RMLStreamer: NA19443.acmg: rdf-aggregate part — 7 parts
  RMLStreamer: NA19443.acmg: rdf-aggregate part — 8 parts
  RMLStreamer: NA19443.acmg: rdf-aggregate complete — 8 parts
RMLStreamer: NA19443.acmg: finished
Gzip: NA19443.acmg: started
Gzip: NA19443.acmg: finished
