Step 1/5: Validating inputs ✅
  Metrics: /home/ubuntu/vrdev-test/acmg-run/results/17_use_case_acmg__cohort/convert__NA18522/out/run_metrics/NA18522.acmg__20260928T152855
  Detailed logs: /home/ubuntu/vrdev-test/acmg-run/results/17_use_case_acmg__cohort/convert__NA18522/out/run_metrics/NA18522.acmg__20260928T152855/logs/wrapper.log
  Progress log: /home/ubuntu/vrdev-test/acmg-run/results/17_use_case_acmg__cohort/convert__NA18522/out/run_metrics/NA18522.acmg__20260928T152855/logs/progress.log
Step 2/5: Ensuring Docker image is available ✅
Step 3/5: Processing per-input pipeline (TSV -> RDF -> compression)
  Sample representation: expanded
  INFO representation: structured
  Header representation: structured
  - Input 1/1: NA18522.acmg.vcf
    * TSV conversion ✅
    * VCF version: VCFv4.2 (detected)
    * RDF conversion ✅
    * Streaming expanded multi-sample RDF (no expanded helper TSVs)
    * Sample RDF streaming: 10,000 variants, 10,000 calls
    * Sample calls streamed: 12,783; FORMAT values: 12,783
    * Streaming structured header RDF
    * Header lines typed: 133; contigs: 24
    * Streaming QUAL and structured INFO RDF
    * INFO RDF streaming: 10,000 variants, 730,040 values
    * QUAL values streamed: 12,783; INFO values: 935,354; declarations: 91
    * Triples produced: 10,277,379
    * Compression ✅
    * Output directory: /home/ubuntu/vrdev-test/acmg-run/results/17_use_case_acmg__cohort/convert__NA18522/out/NA18522.acmg
      - RDF aggregate: NA18522.acmg.nt
      - N-Triples (.nt): 1.38 GB (removed after successful compression)
      - gzip (.nt.gz): 63.91 MB
Total triples produced (full run): 10,277,379
Conversion process finished.
Run time (full mode): 37.68s
Timing log: /home/ubuntu/vrdev-test/acmg-run/results/17_use_case_acmg__cohort/convert__NA18522/out/run_metrics/NA18522.acmg__20260928T152855/wrapper_execution_times.csv
Metrics summary: /home/ubuntu/vrdev-test/acmg-run/results/17_use_case_acmg__cohort/convert__NA18522/out/run_metrics/NA18522.acmg__20260928T152855/summary.json
