TSV conversion: HG005_GRCh38_r100000: started
TSV conversion: HG005_GRCh38_r100000: finished
RMLStreamer: HG005_GRCh38_r100000: started
  RMLStreamer: HG005_GRCh38_r100000: rmlstreamer started — 0 B · 0 parts
  RMLStreamer: HG005_GRCh38_r100000: rmlstreamer heartbeat — 0 B · 0 parts
  RMLStreamer: HG005_GRCh38_r100000: rmlstreamer heartbeat — 213.03 KB · 8 parts
  RMLStreamer: HG005_GRCh38_r100000: rmlstreamer heartbeat — 13.86 MB · 8 parts
  RMLStreamer: HG005_GRCh38_r100000: rmlstreamer heartbeat — 37.07 MB · 8 parts
  RMLStreamer: HG005_GRCh38_r100000: rmlstreamer heartbeat — 84.50 MB · 8 parts
  RMLStreamer: HG005_GRCh38_r100000: rmlstreamer heartbeat — 112.31 MB · 8 parts
  RMLStreamer: HG005_GRCh38_r100000: rmlstreamer complete — 112.31 MB · 8 parts
  RMLStreamer: HG005_GRCh38_r100000: rdf-aggregate started — 0 parts
  RMLStreamer: HG005_GRCh38_r100000: rdf-aggregate part — 1 parts
  RMLStreamer: HG005_GRCh38_r100000: rdf-aggregate part — 2 parts
  RMLStreamer: HG005_GRCh38_r100000: rdf-aggregate part — 3 parts
  RMLStreamer: HG005_GRCh38_r100000: rdf-aggregate part — 4 parts
  RMLStreamer: HG005_GRCh38_r100000: rdf-aggregate part — 5 parts
  RMLStreamer: HG005_GRCh38_r100000: rdf-aggregate part — 6 parts
  RMLStreamer: HG005_GRCh38_r100000: rdf-aggregate part — 7 parts
  RMLStreamer: HG005_GRCh38_r100000: rdf-aggregate part — 8 parts
  RMLStreamer: HG005_GRCh38_r100000: rdf-aggregate complete — 8 parts
RMLStreamer: HG005_GRCh38_r100000: finished
