2026-10-08 17:18:22.077 - INFO: [1mQLever index builder bfd5741, compiled on Thu Sep  3 17:32:42 UTC 2026 using git hash bfd5741[22m
2026-10-08 17:18:22.077 - WARN: Implicitly using the parallel parser for a single input file for reasons of backward compatibility; this is deprecated, please use the command-line option --parallel-parsing or -p
2026-10-08 17:18:22.077 - INFO: Processing triples from single input stream /home/ubuntu/vrdev-test/conv/run-e3743590/work/scratch/sparqling-genomics-1000G_10000r_s16/graph.nt (parallel = true) ...
2026-10-08 17:18:22.077 - INFO: Locale was not specified in settings file, default is en_US
2026-10-08 17:18:22.077 - INFO: You specified "locale = en_US" and "ignore-punctuation = 0"
2026-10-08 17:18:22.077 - INFO: By default, integers that cannot be represented by QLever will throw an exception
2026-10-08 17:18:22.078 - INFO: Parsing input triples and creating partial vocabularies, one per batch ...
2026-10-08 17:18:22.405 - INFO: Triples parsed: 180,053 [average speed 1.0 M/s] 
2026-10-08 17:18:22.434 - INFO: Number of triples created (including QLever-internal ones): 180,053 [may contain duplicates]
2026-10-08 17:18:22.434 - INFO: Number of partial vocabularies created: 1
2026-10-08 17:18:22.444 - INFO: Merging partial vocabularies ...
2026-10-08 17:18:22.448 - INFO: Words merged: 10,713 [average speed 3.2 M/s] 
2026-10-08 17:18:22.454 - INFO: Finished writing compressed internal vocabulary, size = 53062 B [uncompressed = 515.2 kB, ratio = 10%]
2026-10-08 17:18:22.454 - INFO: Number of words in external vocabulary: 10,713
2026-10-08 17:18:22.454 - INFO: Converting triples from local IDs to global IDs ...
2026-10-08 17:18:22.464 - INFO: Triples converted: 180,053 [average speed 29.7 M/s] 
2026-10-08 17:18:22.467 - INFO: Creating permutations SPO and SOP ...
2026-10-08 17:18:22.473 - INFO: Number of inputs to `uniqueView`: 180,053
2026-10-08 17:18:22.473 - INFO: Number of unique elements: 180,053
2026-10-08 17:18:22.473 - INFO: Triples sorted: 180,053 [average speed 33.4 M/s] 
2026-10-08 17:18:22.483 - INFO: Statistics for SPO: #relations = 10,250, #blocks = 4, #triples = 180,053
2026-10-08 17:18:22.483 - INFO: Statistics for SOP: #relations = 10,250, #blocks = 4, #triples = 180,053
2026-10-08 17:18:22.483 - INFO: Number of distinct patterns: 14
2026-10-08 17:18:22.483 - INFO: Number of subjects with pattern: 10,250 [all]
2026-10-08 17:18:22.483 - INFO: Total number of distinct subject-predicate pairs: 180,053
2026-10-08 17:18:22.483 - INFO: Average number of predicates per subject: 17.6
2026-10-08 17:18:22.483 - INFO: Average number of subjects per predicate: 4,738
2026-10-08 17:18:22.487 - INFO: Creating permutations OSP and OPS ...
2026-10-08 17:18:22.500 - INFO: Triples sorted: 180,053 [average speed 14.3 M/s] 
2026-10-08 17:18:22.514 - INFO: Statistics for OSP: #relations = 3,167, #blocks = 5, #triples = 180,053
2026-10-08 17:18:22.514 - INFO: Statistics for OPS: #relations = 3,167, #blocks = 5, #triples = 180,053
2026-10-08 17:18:22.515 - INFO: Adding 10,250 triples to the POS and PSO permutation for the internal `ql:has-pattern` ...
2026-10-08 17:18:22.516 - INFO: Creating permutations PSO and POS ...
2026-10-08 17:18:22.516 - INFO: Number of inputs to `uniqueView`: 10,250
2026-10-08 17:18:22.516 - INFO: Number of unique elements: 10,250
2026-10-08 17:18:22.516 - INFO: Triples sorted: 10,250 [average speed 38.8 M/s] 
2026-10-08 17:18:22.520 - INFO: Statistics for PSO: #relations = 1, #blocks = 1, #triples = 10,250
2026-10-08 17:18:22.520 - INFO: Statistics for POS: #relations = 1, #blocks = 1, #triples = 10,250
2026-10-08 17:18:22.523 - INFO: Creating permutations PSO and POS ...
2026-10-08 17:18:22.533 - INFO: Triples sorted: 180,053 [average speed 20.2 M/s] 
2026-10-08 17:18:22.544 - INFO: Statistics for PSO: #relations = 38, #blocks = 5, #triples = 180,053
2026-10-08 17:18:22.544 - INFO: Statistics for POS: #relations = 38, #blocks = 5, #triples = 180,053
2026-10-08 17:18:22.545 - INFO: Index build completed
