TSV conversion: HG02408.acmg: started
TSV conversion: HG02408.acmg: finished
RMLStreamer: HG02408.acmg: started
  RMLStreamer: HG02408.acmg: rmlstreamer started — 0 B · 0 parts
  RMLStreamer: HG02408.acmg: rmlstreamer heartbeat — 0 B · 0 parts
  RMLStreamer: HG02408.acmg: rmlstreamer heartbeat — 81.57 KB · 8 parts
  RMLStreamer: HG02408.acmg: rmlstreamer heartbeat — 8.57 MB · 8 parts
  RMLStreamer: HG02408.acmg: rmlstreamer heartbeat — 10.71 MB · 8 parts
  RMLStreamer: HG02408.acmg: rmlstreamer complete — 10.71 MB · 8 parts
  RMLStreamer: HG02408.acmg: rdf-aggregate started — 0 parts
  RMLStreamer: HG02408.acmg: rdf-aggregate part — 1 parts
  RMLStreamer: HG02408.acmg: rdf-aggregate part — 2 parts
  RMLStreamer: HG02408.acmg: rdf-aggregate part — 3 parts
  RMLStreamer: HG02408.acmg: rdf-aggregate part — 4 parts
  RMLStreamer: HG02408.acmg: rdf-aggregate part — 5 parts
  RMLStreamer: HG02408.acmg: rdf-aggregate part — 6 parts
  RMLStreamer: HG02408.acmg: rdf-aggregate part — 7 parts
  RMLStreamer: HG02408.acmg: rdf-aggregate part — 8 parts
  RMLStreamer: HG02408.acmg: rdf-aggregate complete — 8 parts
RMLStreamer: HG02408.acmg: finished
Gzip: HG02408.acmg: started
Gzip: HG02408.acmg: finished
