Step 1/5: Validating inputs ✅
  Metrics: /home/ubuntu/vrdev-test/v331/results/17_use_case_acmg__cohort/convert__HG01259/out/run_metrics/HG01259.acmg__20261008T144313
  Detailed logs: /home/ubuntu/vrdev-test/v331/results/17_use_case_acmg__cohort/convert__HG01259/out/run_metrics/HG01259.acmg__20261008T144313/logs/wrapper.log
  Progress log: /home/ubuntu/vrdev-test/v331/results/17_use_case_acmg__cohort/convert__HG01259/out/run_metrics/HG01259.acmg__20261008T144313/logs/progress.log
Step 2/5: Ensuring Docker image is available ✅
Step 3/5: Processing per-input pipeline (TSV -> RDF -> compression)
  Sample representation: expanded
  INFO representation: structured
  Header representation: structured
  - Input 1/1: HG01259.acmg.vcf
    * TSV conversion ✅
    * VCF version: VCFv4.2 (detected)
    * RDF conversion ✅
    * Streaming expanded multi-sample RDF (no expanded helper TSVs)
    * Sample RDF streaming: 10,000 variants, 10,000 calls
    * Sample calls streamed: 10,999; FORMAT values: 10,999
    * Streaming structured header RDF
    * Header lines typed: 43; contigs: 24
    * Streaming QUAL and structured INFO RDF
    * INFO RDF streaming: 10,000 variants, 0 values
    * QUAL values streamed: 10,999; INFO values: 0; declarations: 0
    * Triples produced: 648,674
    * Compression ✅
    * Output directory: /home/ubuntu/vrdev-test/v331/results/17_use_case_acmg__cohort/convert__HG01259/out/HG01259.acmg
      - RDF aggregate: HG01259.acmg.nt.gz
      - RDF (.gz): 2.56 MB (retained because it is also the selected gzip artifact)
      - gzip (.nt.gz): 2.56 MB
Total triples produced (full run): 648,674
Conversion process finished.
Run time (full mode): 17.70s
Timing log: /home/ubuntu/vrdev-test/v331/results/17_use_case_acmg__cohort/convert__HG01259/out/run_metrics/HG01259.acmg__20261008T144313/wrapper_execution_times.csv
Metrics summary: /home/ubuntu/vrdev-test/v331/results/17_use_case_acmg__cohort/convert__HG01259/out/run_metrics/HG01259.acmg__20261008T144313/summary.json
