2026-10-08 17:10:31.914 - INFO: [1mQLever server bfd5741, compiled on Thu Sep  3 17:32:42 UTC 2026 using git hash bfd5741[22m
2026-10-08 17:10:31.914 - INFO: Cleanup of previous index directories after each rebuild enabled (--rebuild-keep-previous-index-dirs original-and-most-recent)
2026-10-08 17:10:31.914 - INFO: The git hash used to build this index was "bfd5741"
2026-10-08 17:10:31.914 - INFO: Reading vocabulary from file /home/ubuntu/vrdev-test/conv/run-e3743590/work/scratch/vcf-rdfizer-HG005_GRCh38_r100000/qlever-index/vcf-rdfizer.vocabulary.words ...
2026-10-08 17:10:31.915 - WARN: io_uring is compiled in but unavailable at runtime (io_uring_queue_init failed in IoUringManager. In file "/qlever/src/util/IoUringManager.cpp" at line 69); falling back to synchronous pread for vocabulary lookups
2026-10-08 17:10:31.915 - INFO: Done, number of words: 3,529,126
2026-10-08 17:10:31.915 - INFO: Number of words in internal vocabulary (these are also part of the external vocabulary): 3,534
2026-10-08 17:10:31.915 - INFO: Registered PSO permutation: #relations = 1, #blocks = 111, #triples = 3,459,556
2026-10-08 17:10:31.915 - INFO: Registered PSO permutation: #relations = 72, #blocks = 589, #triples = 17,098,746
2026-10-08 17:10:31.915 - INFO: Registered POS permutation: #relations = 1, #blocks = 111, #triples = 3,459,556
2026-10-08 17:10:31.915 - INFO: Registered POS permutation: #relations = 72, #blocks = 589, #triples = 17,098,746
2026-10-08 17:10:31.916 - INFO: Registered OPS permutation: #relations = 3,729,121, #blocks = 567, #triples = 17,098,746
2026-10-08 17:10:31.916 - INFO: Registered OSP permutation: #relations = 3,729,121, #blocks = 567, #triples = 17,098,746
2026-10-08 17:10:31.916 - INFO: Registered SPO permutation: #relations = 3,459,556, #blocks = 367, #triples = 17,098,746
2026-10-08 17:10:31.916 - INFO: Registered SOP permutation: #relations = 3,459,556, #blocks = 367, #triples = 17,098,746
2026-10-08 17:10:31.916 - INFO: Reading patterns from file /home/ubuntu/vrdev-test/conv/run-e3743590/work/scratch/vcf-rdfizer-HG005_GRCh38_r100000/qlever-index/vcf-rdfizer.index.patterns ...
2026-10-08 17:10:31.916 - INFO: Sorting random result tables to estimate the sorting performance of this machine ...
2026-10-08 17:10:31.993 - INFO: Initializing server ...
2026-10-08 17:10:31.993 - INFO: Access token for restricted API calls is ""
2026-10-08 17:10:31.993 - INFO: The server is ready, listening for requests on port 7019 ...
2026-10-08 17:10:32.434 - INFO: 
2026-10-08 17:10:32.434 - INFO: Request received via POST, content type "application/x-www-form-urlencoded"
2026-10-08 17:10:32.435 - INFO: Processing the following SPARQL query:
SELECT * WHERE { ?s ?p ?o } LIMIT 1
2026-10-08 17:10:32.436 - INFO: Requested media types of the result are: "application/sparql-results+json"
2026-10-08 17:10:32.436 - INFO: Query planning done in 2 ms
2026-10-08 17:10:32.436 - INFO: Result has unknown size (not computed yet)
2026-10-08 17:10:32.438 - INFO: Done processing query and sending result, total time was 4 ms
2026-10-08 17:10:32.439 - INFO: 
2026-10-08 17:10:32.439 - INFO: Request received via POST, content type "application/x-www-form-urlencoded"
2026-10-08 17:10:32.441 - INFO: Processing the following SPARQL query:
PREFIX vcfc: <https://w3id.org/vcf-core/vocab#>
PREFIX xsd:  <http://www.w3.org/2001/XMLSchema#>

SELECT ?chrom ?windowIndex (COUNT(DISTINCT ?record) AS ?recordCount)
WHERE {
  ?record a vcfc:VCFRecord ; vcfc:chrom ?chrom ; vcfc:pos ?pos .
  BIND(FLOOR((xsd:integer(?pos) - 1) / 1000000) AS ?windowIndex)
}
GROUP BY ?chrom ?windowIndex
ORDER BY ?chrom ?windowIndex

2026-10-08 17:10:32.441 - INFO: Requested media types of the result are: "application/sparql-results+json"
2026-10-08 17:10:32.442 - INFO: Query planning done in 3 ms
2026-10-08 17:10:32.505 - INFO: Result has size 78 x 3
2026-10-08 17:10:32.506 - INFO: Done processing query and sending result, total time was 67 ms
2026-10-08 17:10:32.508 - INFO: 
2026-10-08 17:10:32.508 - INFO: Request received via POST, content type "application/x-www-form-urlencoded"
2026-10-08 17:10:32.512 - INFO: Processing the following SPARQL query:
PREFIX vcfc: <https://w3id.org/vcf-core/vocab#>

SELECT ?variantClass (COUNT(DISTINCT ?record) AS ?recordCount)
WHERE {
  ?record a vcfc:VCFRecord ; vcfc:ref ?refLiteral ; vcfc:alt ?altLiteral .
  BIND(UCASE(STR(?refLiteral)) AS ?ref)
  BIND(UCASE(STR(?altLiteral)) AS ?alt)
  BIND(
    IF(?alt = ".", "NO_ALT",
      IF(CONTAINS(?alt, ","), "MULTIALLELIC",
        IF(
          ?alt = "*" || CONTAINS(?alt, "[") || CONTAINS(?alt, "]") ||
          (STRSTARTS(?alt, "<") && STRENDS(?alt, ">")),
          "SYMBOLIC_OR_BREAKEND",
          IF(
            !REGEX(?ref, "^[ACGTN]+$") || !REGEX(?alt, "^[ACGTN]+$"),
            "OTHER",
            IF(
              STRLEN(?ref) = 1 && STRLEN(?alt) = 1,
              "SNV",
              IF(
                STRLEN(?ref) = STRLEN(?alt),
                "MNV_OR_EQUAL_LENGTH_SUBSTITUTION",
                IF(STRLEN(?ref) < STRLEN(?alt), "INSERTION_SHAPE", "DELETION_SHAPE")
              )
            )
          )
        )
      )
    ) AS ?variantClass
  )
}
GROUP BY ?variantClass
ORDER BY ?variantClass

2026-10-08 17:10:32.512 - INFO: Requested media types of the result are: "application/sparql-results+json"
2026-10-08 17:10:32.513 - INFO: Query planning done in 4 ms
2026-10-08 17:10:32.968 - INFO: Result has size 4 x 2
2026-10-08 17:10:32.968 - INFO: Done processing query and sending result, total time was 459 ms
2026-10-08 17:10:32.969 - INFO: 
2026-10-08 17:10:32.969 - INFO: Request received via POST, content type "application/x-www-form-urlencoded"
2026-10-08 17:10:32.972 - INFO: Processing the following SPARQL query:
PREFIX vcfc: <https://w3id.org/vcf-core/vocab#>

SELECT
  (COUNT(DISTINCT ?record) AS ?biallelicSnvCount)
  (SUM(IF((?ref = "A" && ?alt = "G") || (?ref = "G" && ?alt = "A") || (?ref = "C" && ?alt = "T") || (?ref = "T" && ?alt = "C"), 1, 0)) AS ?transitionCount)
  (SUM(IF((?ref = "A" && ?alt = "G") || (?ref = "G" && ?alt = "A") || (?ref = "C" && ?alt = "T") || (?ref = "T" && ?alt = "C"), 0, 1)) AS ?transversionCount)
WHERE {
  ?record a vcfc:VCFRecord ; vcfc:ref ?refLiteral ; vcfc:alt ?altLiteral .
  BIND(UCASE(STR(?refLiteral)) AS ?ref)
  BIND(UCASE(STR(?altLiteral)) AS ?alt)
  FILTER(REGEX(?ref, "^[ACGT]$") && REGEX(?alt, "^[ACGT]$") && ?ref != ?alt)
}

2026-10-08 17:10:32.972 - INFO: Requested media types of the result are: "application/sparql-results+json"
2026-10-08 17:10:32.972 - INFO: Query planning done in 3 ms
2026-10-08 17:10:33.088 - INFO: Result has size 1 x 3
2026-10-08 17:10:33.088 - INFO: Done processing query and sending result, total time was 118 ms
2026-10-08 17:10:33.089 - INFO: 
2026-10-08 17:10:33.089 - INFO: Request received via POST, content type "application/x-www-form-urlencoded"
2026-10-08 17:10:33.090 - INFO: Processing the following SPARQL query:
PREFIX vcfc: <https://w3id.org/vcf-core/vocab#>

SELECT ?filterStatus ?filterLexical (COUNT(DISTINCT ?record) AS ?recordCount)
WHERE {
  ?record a vcfc:VCFRecord ; vcfc:hasCall ?call .
  ?call vcfc:filter ?filterLiteral .
  BIND(STR(?filterLiteral) AS ?filterLexical)
  BIND(IF(?filterLexical = "PASS", "PASS", IF(?filterLexical = ".", "NOT_APPLIED", "FAILED")) AS ?filterStatus)
}
GROUP BY ?filterStatus ?filterLexical
ORDER BY ?filterStatus ?filterLexical

2026-10-08 17:10:33.090 - INFO: Requested media types of the result are: "application/sparql-results+json"
2026-10-08 17:10:33.091 - INFO: Query planning done in 1 ms
2026-10-08 17:10:33.299 - INFO: Result has size 1 x 3
2026-10-08 17:10:33.299 - INFO: Done processing query and sending result, total time was 210 ms
2026-10-08 17:10:33.301 - INFO: 
2026-10-08 17:10:33.301 - INFO: Request received via POST, content type "application/x-www-form-urlencoded"
2026-10-08 17:10:33.304 - INFO: Processing the following SPARQL query:
PREFIX vcfc: <https://w3id.org/vcf-core/vocab#>

SELECT ?sampleId ?genotypeClass (COUNT(DISTINCT ?sampleCall) AS ?callCount)
WHERE {
  ?sampleCall a vcfc:SampleCall ; vcfc:sampleId ?sampleId .
  OPTIONAL {
    ?sampleCall vcfc:hasFormatValue ?gtValueNode .
    FILTER(STRENDS(STR(?gtValueNode), "/fmt/GT"))
    ?gtValueNode vcfc:fieldValue ?gtLiteral .
  }
  BIND(IF(BOUND(?gtLiteral), REPLACE(STR(?gtLiteral), "[|]", "/"), "") AS ?gt)
  BIND(IF(!BOUND(?gtLiteral), "NO_GT_FIELD",
    IF(CONTAINS(?gt, "."), "MISSING",
      IF(REGEX(?gt, "^[0-9]+$"), IF(?gt = "0", "HAPLOID_REF", "HAPLOID_ALT"),
        IF(REGEX(?gt, "^[0-9]+/[0-9]+$"),
          IF(STRBEFORE(?gt, "/") = STRAFTER(?gt, "/"), IF(STRBEFORE(?gt, "/") = "0", "HOM_REF", "HOM_ALT"), "HET"),
          "OTHER_PLOIDY")))) AS ?genotypeClass)
}
GROUP BY ?sampleId ?genotypeClass
ORDER BY ?sampleId ?genotypeClass

2026-10-08 17:10:33.304 - INFO: Requested media types of the result are: "application/sparql-results+json"
2026-10-08 17:10:33.305 - INFO: Query planning done in 4 ms
2026-10-08 17:10:35.539 - INFO: Result has size 2 x 3
2026-10-08 17:10:35.539 - INFO: Done processing query and sending result, total time was 2,238 ms
2026-10-08 17:10:35.540 - INFO: 
2026-10-08 17:10:35.540 - INFO: Request received via POST, content type "application/x-www-form-urlencoded"
2026-10-08 17:10:35.542 - INFO: Processing the following SPARQL query:
PREFIX vcfc: <https://w3id.org/vcf-core/vocab#>

SELECT ?an ?ac (COUNT(DISTINCT ?record) AS ?siteCount)
WHERE {
  {
    SELECT ?record (SUM(?anContribution) AS ?an) (SUM(?acContribution) AS ?ac)
    WHERE {
      {
        SELECT DISTINCT ?record ?sampleCall ?gt
        WHERE {
          ?record a vcfc:VCFRecord ; vcfc:alt ?altLiteral ; vcfc:hasCall ?call .
          FILTER(STR(?altLiteral) != "." && !CONTAINS(STR(?altLiteral), ","))
          ?call vcfc:hasSampleCall ?sampleCall .
          ?sampleCall vcfc:hasFormatValue ?gtValueNode .
          FILTER(STRENDS(STR(?gtValueNode), "/fmt/GT"))
          ?gtValueNode vcfc:fieldValue ?gtLiteral .
          BIND(REPLACE(STR(?gtLiteral), "[|]", "/") AS ?gt)
        }
      }
      BIND(IF(REGEX(?gt, "^[01]$"), 1, IF(REGEX(?gt, "^[01]/[01]$"), 2, 0)) AS ?anContribution)
      BIND(IF(?gt = "1", 1, IF(?gt = "0/1" || ?gt = "1/0", 1, IF(?gt = "1/1", 2, 0))) AS ?acContribution)
    }
    GROUP BY ?record
  }
  FILTER(?an > 0)
}
GROUP BY ?an ?ac
ORDER BY ?an ?ac

2026-10-08 17:10:35.542 - INFO: Requested media types of the result are: "application/sparql-results+json"
2026-10-08 17:10:35.553 - INFO: Query planning done in 12 ms
2026-10-08 17:10:38.220 - INFO: Result has size 2 x 3
2026-10-08 17:10:38.220 - INFO: Done processing query and sending result, total time was 2,680 ms
2026-10-08 17:10:38.221 - INFO: 
2026-10-08 17:10:38.221 - INFO: Request received via POST, content type "application/x-www-form-urlencoded"
2026-10-08 17:10:38.223 - INFO: Processing the following SPARQL query:
PREFIX vcfc: <https://w3id.org/vcf-core/vocab#>

# The file-level declarations carried over from the VCF meta-information lines.
#
# COALESCE binds an explicit sentinel rather than leaving the variable unbound,
# so a missing declaration is reported as a value mismatch against the parser
# instead of failing result normalization with a less useful error.
SELECT
  (COALESCE(?ff, "(absent)") AS ?fileFormat)
  (COALESCE(?rg, "(absent)") AS ?referenceGenome)
  (COALESCE(?ss, "(absent)") AS ?sourceSoftware)
WHERE {
  ?file a vcfc:VCFFile .
  OPTIONAL { ?file vcfc:fileFormat ?ffLiteral      BIND(STR(?ffLiteral) AS ?ff) }
  OPTIONAL { ?file vcfc:referenceGenome ?rgLiteral BIND(STR(?rgLiteral) AS ?rg) }
  OPTIONAL { ?file vcfc:sourceSoftware ?ssLiteral  BIND(STR(?ssLiteral) AS ?ss) }
}

2026-10-08 17:10:38.223 - INFO: Requested media types of the result are: "application/sparql-results+json"
2026-10-08 17:10:38.224 - INFO: Query planning done in 2 ms
2026-10-08 17:10:38.226 - INFO: Result has unknown size (not computed yet)
2026-10-08 17:10:38.230 - INFO: Done processing query and sending result, total time was 8 ms
2026-10-08 17:10:38.231 - INFO: 
2026-10-08 17:10:38.231 - INFO: Request received via POST, content type "application/x-www-form-urlencoded"
2026-10-08 17:10:38.231 - INFO: Processing the following SPARQL query:
PREFIX vcfc: <https://w3id.org/vcf-core/vocab#>

# One row per '##' meta-information key, with how many lines carry it.
# Counting per key rather than in total means a dropped INFO or FILTER
# declaration is localized instead of only shifting a single number.
SELECT ?headerKey (COUNT(DISTINCT ?line) AS ?lineCount)
WHERE {
  ?line a vcfc:HeaderLine ; vcfc:headerKey ?headerKeyLiteral .
  BIND(STR(?headerKeyLiteral) AS ?headerKey)
}
GROUP BY ?headerKey
ORDER BY ?headerKey

2026-10-08 17:10:38.231 - INFO: Requested media types of the result are: "application/sparql-results+json"
2026-10-08 17:10:38.232 - INFO: Query planning done in 1 ms
2026-10-08 17:10:38.234 - INFO: Result has size 8 x 2
2026-10-08 17:10:38.234 - INFO: Done processing query and sending result, total time was 3 ms
