TSV conversion: clinvar.acmg: started
TSV conversion: clinvar.acmg: finished
RMLStreamer: clinvar.acmg: started
  RMLStreamer: clinvar.acmg: rmlstreamer started — 0 B · 0 parts
  RMLStreamer: clinvar.acmg: rmlstreamer heartbeat — 0 B · 0 parts
  RMLStreamer: clinvar.acmg: rmlstreamer heartbeat — 166.90 KB · 8 parts
  RMLStreamer: clinvar.acmg: rmlstreamer heartbeat — 9.52 MB · 8 parts
  RMLStreamer: clinvar.acmg: rmlstreamer heartbeat — 24.99 MB · 8 parts
  RMLStreamer: clinvar.acmg: rmlstreamer heartbeat — 64.66 MB · 8 parts
  RMLStreamer: clinvar.acmg: rmlstreamer heartbeat — 108.29 MB · 8 parts
  RMLStreamer: clinvar.acmg: rmlstreamer heartbeat — 151.62 MB · 8 parts
  RMLStreamer: clinvar.acmg: rmlstreamer heartbeat — 190.79 MB · 8 parts
  RMLStreamer: clinvar.acmg: rmlstreamer heartbeat — 230.66 MB · 8 parts
  RMLStreamer: clinvar.acmg: rmlstreamer heartbeat — 273.99 MB · 8 parts
  RMLStreamer: clinvar.acmg: rmlstreamer heartbeat — 300.87 MB · 8 parts
  RMLStreamer: clinvar.acmg: rmlstreamer heartbeat — 301.66 MB · 8 parts
  RMLStreamer: clinvar.acmg: rmlstreamer complete — 301.66 MB · 8 parts
  RMLStreamer: clinvar.acmg: rdf-aggregate started — 0 parts
  RMLStreamer: clinvar.acmg: rdf-aggregate part — 1 parts
  RMLStreamer: clinvar.acmg: rdf-aggregate part — 2 parts
  RMLStreamer: clinvar.acmg: rdf-aggregate part — 3 parts
  RMLStreamer: clinvar.acmg: rdf-aggregate part — 4 parts
  RMLStreamer: clinvar.acmg: rdf-aggregate part — 5 parts
  RMLStreamer: clinvar.acmg: rdf-aggregate part — 6 parts
  RMLStreamer: clinvar.acmg: rdf-aggregate part — 7 parts
  RMLStreamer: clinvar.acmg: rdf-aggregate part — 8 parts
  RMLStreamer: clinvar.acmg: rdf-aggregate complete — 8 parts
RMLStreamer: clinvar.acmg: finished
