TSV conversion: 60820188475559_first250000: started
TSV conversion: 60820188475559_first250000: finished
RMLStreamer: 60820188475559_first250000: started
  RMLStreamer: 60820188475559_first250000: rmlstreamer started — 0 B · 0 parts
  RMLStreamer: 60820188475559_first250000: rmlstreamer heartbeat — 0 B · 0 parts
  RMLStreamer: 60820188475559_first250000: rmlstreamer heartbeat — 5.02 MB · 8 parts
  RMLStreamer: 60820188475559_first250000: rmlstreamer heartbeat — 19.01 MB · 8 parts
  RMLStreamer: 60820188475559_first250000: rmlstreamer heartbeat — 42.71 MB · 8 parts
  RMLStreamer: 60820188475559_first250000: rmlstreamer heartbeat — 76.67 MB · 8 parts
  RMLStreamer: 60820188475559_first250000: rmlstreamer heartbeat — 111.76 MB · 8 parts
  RMLStreamer: 60820188475559_first250000: rmlstreamer heartbeat — 146.72 MB · 8 parts
  RMLStreamer: 60820188475559_first250000: rmlstreamer heartbeat — 179.31 MB · 8 parts
  RMLStreamer: 60820188475559_first250000: rmlstreamer heartbeat — 213.06 MB · 8 parts
  RMLStreamer: 60820188475559_first250000: rmlstreamer heartbeat — 242.77 MB · 8 parts
  RMLStreamer: 60820188475559_first250000: rmlstreamer heartbeat — 274.44 MB · 8 parts
  RMLStreamer: 60820188475559_first250000: rmlstreamer heartbeat — 298.81 MB · 8 parts
  RMLStreamer: 60820188475559_first250000: rmlstreamer heartbeat — 300.95 MB · 8 parts
  RMLStreamer: 60820188475559_first250000: rmlstreamer complete — 300.95 MB · 8 parts
  RMLStreamer: 60820188475559_first250000: rdf-aggregate started — 0 parts
  RMLStreamer: 60820188475559_first250000: rdf-aggregate part — 1 parts
  RMLStreamer: 60820188475559_first250000: rdf-aggregate part — 2 parts
  RMLStreamer: 60820188475559_first250000: rdf-aggregate part — 3 parts
  RMLStreamer: 60820188475559_first250000: rdf-aggregate part — 4 parts
  RMLStreamer: 60820188475559_first250000: rdf-aggregate part — 5 parts
  RMLStreamer: 60820188475559_first250000: rdf-aggregate part — 6 parts
  RMLStreamer: 60820188475559_first250000: rdf-aggregate part — 7 parts
  RMLStreamer: 60820188475559_first250000: rdf-aggregate part — 8 parts
  RMLStreamer: 60820188475559_first250000: rdf-aggregate complete — 8 parts
RMLStreamer: 60820188475559_first250000: finished
Partitioned compression: 60820188475559_first250000: started
  Partitioned compression: 60820188475559_first250000: rdf-scan started — 0 triples
  Partitioned compression: 60820188475559_first250000: rdf-scan heartbeat — 482,095 triples · 67,108,882 bytes read
  Partitioned compression: 60820188475559_first250000: rdf-scan heartbeat — 959,387 triples · 134,217,806 bytes read
  Partitioned compression: 60820188475559_first250000: rdf-scan heartbeat — 1,435,961 triples · 201,326,748 bytes read
  Partitioned compression: 60820188475559_first250000: rdf-scan heartbeat — 1,914,756 triples · 268,435,633 bytes read
  Partitioned compression: 60820188475559_first250000: rdf-scan heartbeat — 2,363,376 triples · 335,544,499 bytes read
  Partitioned compression: 60820188475559_first250000: rdf-scan heartbeat — 2,739,165 triples · 402,653,428 bytes read
  Partitioned compression: 60820188475559_first250000: rdf-scan heartbeat — 3,114,623 triples · 469,762,315 bytes read
  Partitioned compression: 60820188475559_first250000: rdf-scan chunk — 3,490,075 triples · 1 chunks · 536,871,032 bytes read
  Partitioned compression: 60820188475559_first250000: hdt-chunks started — 0 chunks · hdt-build-00000
  Partitioned compression: 60820188475559_first250000: hdt-chunks complete — 1 chunks · hdt-build-00000
  Partitioned compression: 60820188475559_first250000: cottas-chunks started — 0 chunks · cottas-build-00000
  Partitioned compression: 60820188475559_first250000: cottas-chunks complete — 1 chunks · cottas-build-00000
  Partitioned compression: 60820188475559_first250000: rdf-scan heartbeat — 3,490,076 triples · 536,871,231 bytes read
  Partitioned compression: 60820188475559_first250000: rdf-scan heartbeat — 3,864,962 triples · 603,980,263 bytes read
  Partitioned compression: 60820188475559_first250000: rdf-scan heartbeat — 4,237,769 triples · 671,089,228 bytes read
  Partitioned compression: 60820188475559_first250000: rdf-scan heartbeat — 4,610,570 triples · 738,198,276 bytes read
  Partitioned compression: 60820188475559_first250000: rdf-scan heartbeat — 4,983,384 triples · 805,307,313 bytes read
  Partitioned compression: 60820188475559_first250000: rdf-scan heartbeat — 5,356,222 triples · 872,416,190 bytes read
  Partitioned compression: 60820188475559_first250000: rdf-scan heartbeat — 5,729,023 triples · 939,525,220 bytes read
  Partitioned compression: 60820188475559_first250000: rdf-scan heartbeat — 6,101,768 triples · 1,006,634,129 bytes read
  Partitioned compression: 60820188475559_first250000: rdf-scan chunk — 6,474,557 triples · 2 chunks · 1,073,742,069 bytes read
  Partitioned compression: 60820188475559_first250000: hdt-chunks started — 1 chunks · hdt-build-00001
  Partitioned compression: 60820188475559_first250000: hdt-chunks complete — 2 chunks · hdt-build-00001
  Partitioned compression: 60820188475559_first250000: cottas-chunks started — 1 chunks · cottas-build-00001
  Partitioned compression: 60820188475559_first250000: cottas-chunks complete — 2 chunks · cottas-build-00001
  Partitioned compression: 60820188475559_first250000: rdf-scan heartbeat — 6,474,563 triples · 1,073,743,151 bytes read
  Partitioned compression: 60820188475559_first250000: rdf-scan heartbeat — 6,847,343 triples · 1,140,852,088 bytes read
  Partitioned compression: 60820188475559_first250000: rdf-scan heartbeat — 7,220,141 triples · 1,207,961,038 bytes read
  Partitioned compression: 60820188475559_first250000: rdf-scan heartbeat — 7,592,954 triples · 1,275,069,903 bytes read
  Partitioned compression: 60820188475559_first250000: rdf-scan heartbeat — 7,965,761 triples · 1,342,178,855 bytes read
  Partitioned compression: 60820188475559_first250000: rdf-scan heartbeat — 8,338,570 triples · 1,409,287,755 bytes read
  Partitioned compression: 60820188475559_first250000: rdf-scan heartbeat — 8,711,357 triples · 1,476,396,687 bytes read
  Partitioned compression: 60820188475559_first250000: rdf-scan heartbeat — 9,084,156 triples · 1,543,505,591 bytes read
  Partitioned compression: 60820188475559_first250000: rdf-scan chunk — 9,456,963 triples · 3 chunks · 1,610,613,090 bytes read
  Partitioned compression: 60820188475559_first250000: hdt-chunks started — 2 chunks · hdt-build-00002
  Partitioned compression: 60820188475559_first250000: hdt-chunks complete — 3 chunks · hdt-build-00002
  Partitioned compression: 60820188475559_first250000: cottas-chunks started — 2 chunks · cottas-build-00002
  Partitioned compression: 60820188475559_first250000: cottas-chunks complete — 3 chunks · cottas-build-00002
  Partitioned compression: 60820188475559_first250000: rdf-scan heartbeat — 9,456,971 triples · 1,610,614,511 bytes read
  Partitioned compression: 60820188475559_first250000: rdf-scan heartbeat — 9,829,779 triples · 1,677,723,447 bytes read
  Partitioned compression: 60820188475559_first250000: rdf-scan heartbeat — 10,202,575 triples · 1,744,832,331 bytes read
  Partitioned compression: 60820188475559_first250000: rdf-scan heartbeat — 10,575,381 triples · 1,811,941,230 bytes read
  Partitioned compression: 60820188475559_first250000: rdf-scan heartbeat — 10,948,176 triples · 1,879,050,221 bytes read
  Partitioned compression: 60820188475559_first250000: rdf-scan heartbeat — 11,320,963 triples · 1,946,159,105 bytes read
  Partitioned compression: 60820188475559_first250000: rdf-scan heartbeat — 11,693,761 triples · 2,013,268,000 bytes read
  Partitioned compression: 60820188475559_first250000: rdf-scan heartbeat — 12,066,555 triples · 2,080,376,952 bytes read
  Partitioned compression: 60820188475559_first250000: rdf-scan chunk — 12,439,332 triples · 4 chunks · 2,147,484,006 bytes read
  Partitioned compression: 60820188475559_first250000: hdt-chunks started — 3 chunks · hdt-build-00003
  Partitioned compression: 60820188475559_first250000: hdt-chunks complete — 4 chunks · hdt-build-00003
  Partitioned compression: 60820188475559_first250000: cottas-chunks started — 3 chunks · cottas-build-00003
  Partitioned compression: 60820188475559_first250000: cottas-chunks complete — 4 chunks · cottas-build-00003
  Partitioned compression: 60820188475559_first250000: rdf-scan heartbeat — 12,439,342 triples · 2,147,485,834 bytes read
  Partitioned compression: 60820188475559_first250000: rdf-scan heartbeat — 12,812,131 triples · 2,214,594,745 bytes read
  Partitioned compression: 60820188475559_first250000: rdf-scan heartbeat — 13,184,932 triples · 2,281,703,765 bytes read
  Partitioned compression: 60820188475559_first250000: rdf-scan heartbeat — 13,557,717 triples · 2,348,812,781 bytes read
  Partitioned compression: 60820188475559_first250000: rdf-scan heartbeat — 13,930,519 triples · 2,415,921,814 bytes read
  Partitioned compression: 60820188475559_first250000: rdf-scan heartbeat — 14,303,317 triples · 2,483,030,775 bytes read
  Partitioned compression: 60820188475559_first250000: rdf-scan heartbeat — 14,676,120 triples · 2,550,139,848 bytes read
  Partitioned compression: 60820188475559_first250000: rdf-scan heartbeat — 15,048,929 triples · 2,617,248,763 bytes read
  Partitioned compression: 60820188475559_first250000: rdf-scan chunk — 15,421,712 triples · 5 chunks · 2,684,355,078 bytes read
  Partitioned compression: 60820188475559_first250000: hdt-chunks started — 4 chunks · hdt-build-00004
  Partitioned compression: 60820188475559_first250000: hdt-chunks complete — 5 chunks · hdt-build-00004
  Partitioned compression: 60820188475559_first250000: cottas-chunks started — 4 chunks · cottas-build-00004
  Partitioned compression: 60820188475559_first250000: cottas-chunks complete — 5 chunks · cottas-build-00004
  Partitioned compression: 60820188475559_first250000: rdf-scan heartbeat — 15,421,727 triples · 2,684,357,779 bytes read
  Partitioned compression: 60820188475559_first250000: rdf-scan heartbeat — 15,794,540 triples · 2,751,466,716 bytes read
  Partitioned compression: 60820188475559_first250000: rdf-scan heartbeat — 16,167,337 triples · 2,818,575,694 bytes read
  Partitioned compression: 60820188475559_first250000: rdf-scan heartbeat — 16,540,145 triples · 2,885,684,705 bytes read
  Partitioned compression: 60820188475559_first250000: rdf-scan heartbeat — 16,912,942 triples · 2,952,793,579 bytes read
  Partitioned compression: 60820188475559_first250000: rdf-scan heartbeat — 17,285,740 triples · 3,019,902,605 bytes read
  Partitioned compression: 60820188475559_first250000: rdf-scan heartbeat — 17,657,714 triples · 3,087,011,527 bytes read
  Partitioned compression: 60820188475559_first250000: rdf-scan heartbeat — 18,027,914 triples · 3,154,120,600 bytes read
  Partitioned compression: 60820188475559_first250000: rdf-scan chunk — 18,398,096 triples · 6 chunks · 3,221,226,024 bytes read
  Partitioned compression: 60820188475559_first250000: hdt-chunks started — 5 chunks · hdt-build-00005
  Partitioned compression: 60820188475559_first250000: hdt-chunks complete — 6 chunks · hdt-build-00005
  Partitioned compression: 60820188475559_first250000: cottas-chunks started — 5 chunks · cottas-build-00005
  Partitioned compression: 60820188475559_first250000: cottas-chunks complete — 6 chunks · cottas-build-00005
  Partitioned compression: 60820188475559_first250000: rdf-scan heartbeat — 18,398,116 triples · 3,221,229,550 bytes read
  Partitioned compression: 60820188475559_first250000: rdf-scan heartbeat — 18,768,315 triples · 3,288,338,469 bytes read
  Partitioned compression: 60820188475559_first250000: rdf-scan heartbeat — 19,138,506 triples · 3,355,447,474 bytes read
  Partitioned compression: 60820188475559_first250000: rdf-scan heartbeat — 19,508,701 triples · 3,422,556,426 bytes read
  Partitioned compression: 60820188475559_first250000: rdf-scan heartbeat — 19,878,898 triples · 3,489,665,485 bytes read
  Partitioned compression: 60820188475559_first250000: rdf-scan heartbeat — 20,249,099 triples · 3,556,774,395 bytes read
  Partitioned compression: 60820188475559_first250000: rdf-scan heartbeat — 20,619,286 triples · 3,623,883,443 bytes read
  Partitioned compression: 60820188475559_first250000: rdf-scan heartbeat — 20,989,479 triples · 3,690,992,374 bytes read
  Partitioned compression: 60820188475559_first250000: rdf-scan chunk — 21,359,649 triples · 7 chunks · 3,758,097,054 bytes read
  Partitioned compression: 60820188475559_first250000: hdt-chunks started — 6 chunks · hdt-build-00006
  Partitioned compression: 60820188475559_first250000: hdt-chunks complete — 7 chunks · hdt-build-00006
  Partitioned compression: 60820188475559_first250000: cottas-chunks started — 6 chunks · cottas-build-00006
  Partitioned compression: 60820188475559_first250000: cottas-chunks complete — 7 chunks · cottas-build-00006
  Partitioned compression: 60820188475559_first250000: rdf-scan heartbeat — 21,359,672 triples · 3,758,101,271 bytes read
  Partitioned compression: 60820188475559_first250000: rdf-scan heartbeat — 21,729,861 triples · 3,825,210,207 bytes read
  Partitioned compression: 60820188475559_first250000: rdf-scan heartbeat — 22,100,057 triples · 3,892,319,082 bytes read
  Partitioned compression: 60820188475559_first250000: rdf-scan heartbeat — 22,470,265 triples · 3,959,427,990 bytes read
  Partitioned compression: 60820188475559_first250000: rdf-scan heartbeat — 22,840,478 triples · 4,026,536,893 bytes read
  Partitioned compression: 60820188475559_first250000: rdf-scan heartbeat — 23,210,682 triples · 4,093,645,803 bytes read
  Partitioned compression: 60820188475559_first250000: rdf-scan heartbeat — 23,580,881 triples · 4,160,754,668 bytes read
  Partitioned compression: 60820188475559_first250000: rdf-scan heartbeat — 23,951,066 triples · 4,227,863,554 bytes read
  Partitioned compression: 60820188475559_first250000: rdf-scan chunk — 24,321,222 triples · 8 chunks · 4,294,967,987 bytes read
  Partitioned compression: 60820188475559_first250000: hdt-chunks started — 7 chunks · hdt-build-00007
  Partitioned compression: 60820188475559_first250000: hdt-chunks complete — 8 chunks · hdt-build-00007
  Partitioned compression: 60820188475559_first250000: cottas-chunks started — 7 chunks · cottas-build-00007
  Partitioned compression: 60820188475559_first250000: cottas-chunks complete — 8 chunks · cottas-build-00007
  Partitioned compression: 60820188475559_first250000: rdf-scan heartbeat — 24,321,247 triples · 4,294,972,484 bytes read
  Partitioned compression: 60820188475559_first250000: rdf-scan heartbeat — 24,691,435 triples · 4,362,081,352 bytes read
  Partitioned compression: 60820188475559_first250000: rdf-scan heartbeat — 25,061,622 triples · 4,429,190,280 bytes read
  Partitioned compression: 60820188475559_first250000: rdf-scan heartbeat — 25,431,812 triples · 4,496,299,222 bytes read
  Partitioned compression: 60820188475559_first250000: rdf-scan heartbeat — 25,801,981 triples · 4,563,408,143 bytes read
  Partitioned compression: 60820188475559_first250000: rdf-scan heartbeat — 26,172,136 triples · 4,630,517,109 bytes read
  Partitioned compression: 60820188475559_first250000: rdf-scan heartbeat — 26,542,299 triples · 4,697,626,148 bytes read
  Partitioned compression: 60820188475559_first250000: rdf-scan heartbeat — 26,912,422 triples · 4,764,735,166 bytes read
  Partitioned compression: 60820188475559_first250000: rdf-scan chunk — 27,282,540 triples · 9 chunks · 4,831,839,009 bytes read
  Partitioned compression: 60820188475559_first250000: hdt-chunks started — 8 chunks · hdt-build-00008
  Partitioned compression: 60820188475559_first250000: hdt-chunks complete — 9 chunks · hdt-build-00008
  Partitioned compression: 60820188475559_first250000: cottas-chunks started — 8 chunks · cottas-build-00008
  Partitioned compression: 60820188475559_first250000: cottas-chunks complete — 9 chunks · cottas-build-00008
  Partitioned compression: 60820188475559_first250000: rdf-scan heartbeat — 27,282,568 triples · 4,831,844,094 bytes read
  Partitioned compression: 60820188475559_first250000: rdf-scan heartbeat — 27,652,795 triples · 4,898,953,066 bytes read
  Partitioned compression: 60820188475559_first250000: rdf-scan heartbeat — 28,022,999 triples · 4,966,062,095 bytes read
  Partitioned compression: 60820188475559_first250000: rdf-scan heartbeat — 28,393,188 triples · 5,033,171,111 bytes read
  Partitioned compression: 60820188475559_first250000: rdf-scan heartbeat — 28,763,400 triples · 5,100,279,988 bytes read
  Partitioned compression: 60820188475559_first250000: rdf-scan heartbeat — 29,133,587 triples · 5,167,388,887 bytes read
  Partitioned compression: 60820188475559_first250000: rdf-scan heartbeat — 29,503,792 triples · 5,234,497,797 bytes read
  Partitioned compression: 60820188475559_first250000: rdf-scan heartbeat — 29,873,999 triples · 5,301,606,667 bytes read
  Partitioned compression: 60820188475559_first250000: rdf-scan chunk — 30,244,184 triples · 10 chunks · 5,368,709,928 bytes read
  Partitioned compression: 60820188475559_first250000: hdt-chunks started — 9 chunks · hdt-build-00009
  Partitioned compression: 60820188475559_first250000: hdt-chunks complete — 10 chunks · hdt-build-00009
  Partitioned compression: 60820188475559_first250000: cottas-chunks started — 9 chunks · cottas-build-00009
  Partitioned compression: 60820188475559_first250000: cottas-chunks complete — 10 chunks · cottas-build-00009
  Partitioned compression: 60820188475559_first250000: rdf-scan heartbeat — 30,244,215 triples · 5,368,715,578 bytes read
  Partitioned compression: 60820188475559_first250000: rdf-scan heartbeat — 30,614,409 triples · 5,435,824,574 bytes read
  Partitioned compression: 60820188475559_first250000: rdf-scan heartbeat — 30,984,592 triples · 5,502,933,552 bytes read
  Partitioned compression: 60820188475559_first250000: rdf-scan heartbeat — 31,354,788 triples · 5,570,042,453 bytes read
  Partitioned compression: 60820188475559_first250000: rdf-scan heartbeat — 31,724,966 triples · 5,637,151,445 bytes read
  Partitioned compression: 60820188475559_first250000: rdf-scan heartbeat — 32,095,147 triples · 5,704,260,359 bytes read
  Partitioned compression: 60820188475559_first250000: rdf-scan heartbeat — 32,465,328 triples · 5,771,369,340 bytes read
  Partitioned compression: 60820188475559_first250000: rdf-scan heartbeat — 32,835,529 triples · 5,838,478,383 bytes read
  Partitioned compression: 60820188475559_first250000: rdf-scan chunk — 33,205,679 triples · 11 chunks · 5,905,580,955 bytes read
  Partitioned compression: 60820188475559_first250000: hdt-chunks started — 10 chunks · hdt-build-00010
  Partitioned compression: 60820188475559_first250000: hdt-chunks complete — 11 chunks · hdt-build-00010
  Partitioned compression: 60820188475559_first250000: cottas-chunks started — 10 chunks · cottas-build-00010
  Partitioned compression: 60820188475559_first250000: cottas-chunks complete — 11 chunks · cottas-build-00010
  Partitioned compression: 60820188475559_first250000: rdf-scan heartbeat — 33,205,714 triples · 5,905,587,336 bytes read
  Partitioned compression: 60820188475559_first250000: rdf-scan heartbeat — 33,575,888 triples · 5,972,696,368 bytes read
  Partitioned compression: 60820188475559_first250000: rdf-scan heartbeat — 33,946,078 triples · 6,039,805,363 bytes read
  Partitioned compression: 60820188475559_first250000: rdf-scan heartbeat — 34,316,269 triples · 6,106,914,307 bytes read
  Partitioned compression: 60820188475559_first250000: rdf-scan heartbeat — 34,686,466 triples · 6,174,023,214 bytes read
  Partitioned compression: 60820188475559_first250000: rdf-scan heartbeat — 35,056,654 triples · 6,241,132,150 bytes read
  Partitioned compression: 60820188475559_first250000: rdf-scan heartbeat — 35,426,856 triples · 6,308,241,104 bytes read
  Partitioned compression: 60820188475559_first250000: rdf-scan heartbeat — 35,797,075 triples · 6,375,350,006 bytes read
  Partitioned compression: 60820188475559_first250000: rdf-scan chunk — 36,167,226 triples · 12 chunks · 6,442,452,017 bytes read
  Partitioned compression: 60820188475559_first250000: hdt-chunks started — 11 chunks · hdt-build-00011
  Partitioned compression: 60820188475559_first250000: hdt-chunks complete — 12 chunks · hdt-build-00011
  Partitioned compression: 60820188475559_first250000: cottas-chunks started — 11 chunks · cottas-build-00011
  Partitioned compression: 60820188475559_first250000: cottas-chunks complete — 12 chunks · cottas-build-00011
  Partitioned compression: 60820188475559_first250000: rdf-scan heartbeat — 36,167,264 triples · 6,442,458,993 bytes read
  Partitioned compression: 60820188475559_first250000: rdf-scan heartbeat — 36,537,449 triples · 6,509,567,940 bytes read
  Partitioned compression: 60820188475559_first250000: rdf-scan heartbeat — 36,907,655 triples · 6,576,676,906 bytes read
  Partitioned compression: 60820188475559_first250000: rdf-scan heartbeat — 37,277,857 triples · 6,643,785,801 bytes read
  Partitioned compression: 60820188475559_first250000: rdf-scan heartbeat — 37,648,040 triples · 6,710,894,718 bytes read
  Partitioned compression: 60820188475559_first250000: rdf-scan heartbeat — 38,018,224 triples · 6,778,003,705 bytes read
  Partitioned compression: 60820188475559_first250000: rdf-scan heartbeat — 38,388,403 triples · 6,845,112,605 bytes read
  Partitioned compression: 60820188475559_first250000: rdf-scan heartbeat — 38,758,592 triples · 6,912,221,581 bytes read
  Partitioned compression: 60820188475559_first250000: rdf-scan chunk — 39,128,726 triples · 13 chunks · 6,979,323,035 bytes read
  Partitioned compression: 60820188475559_first250000: hdt-chunks started — 12 chunks · hdt-build-00012
  Partitioned compression: 60820188475559_first250000: hdt-chunks complete — 13 chunks · hdt-build-00012
  Partitioned compression: 60820188475559_first250000: cottas-chunks started — 12 chunks · cottas-build-00012
  Partitioned compression: 60820188475559_first250000: cottas-chunks complete — 13 chunks · cottas-build-00012
  Partitioned compression: 60820188475559_first250000: rdf-scan heartbeat — 39,128,767 triples · 6,979,330,457 bytes read
  Partitioned compression: 60820188475559_first250000: rdf-scan heartbeat — 39,498,947 triples · 7,046,439,417 bytes read
  Partitioned compression: 60820188475559_first250000: rdf-scan heartbeat — 39,869,128 triples · 7,113,548,288 bytes read
  Partitioned compression: 60820188475559_first250000: rdf-scan heartbeat — 40,239,306 triples · 7,180,657,235 bytes read
  Partitioned compression: 60820188475559_first250000: rdf-scan heartbeat — 40,628,194 triples · 7,247,766,190 bytes read
  Partitioned compression: 60820188475559_first250000: rdf-scan heartbeat — 41,046,348 triples · 7,314,875,216 bytes read
  Partitioned compression: 60820188475559_first250000: rdf-scan heartbeat — 41,464,292 triples · 7,381,984,139 bytes read
  Partitioned compression: 60820188475559_first250000: rdf-scan heartbeat — 41,882,189 triples · 7,449,093,075 bytes read
  Partitioned compression: 60820188475559_first250000: rdf-scan chunk — 42,298,147 triples · 14 chunks · 7,516,193,949 bytes read
  Partitioned compression: 60820188475559_first250000: hdt-chunks started — 13 chunks · hdt-build-00013
  Partitioned compression: 60820188475559_first250000: hdt-chunks complete — 14 chunks · hdt-build-00013
  Partitioned compression: 60820188475559_first250000: cottas-chunks started — 13 chunks · cottas-build-00013
  Partitioned compression: 60820188475559_first250000: cottas-chunks complete — 14 chunks · cottas-build-00013
  Partitioned compression: 60820188475559_first250000: rdf-scan heartbeat — 42,298,197 triples · 7,516,201,982 bytes read
  Partitioned compression: 60820188475559_first250000: rdf-scan heartbeat — 42,713,019 triples · 7,583,310,961 bytes read
  Partitioned compression: 60820188475559_first250000: rdf-scan heartbeat — 43,127,784 triples · 7,650,419,843 bytes read
  Partitioned compression: 60820188475559_first250000: rdf-scan heartbeat — 43,542,264 triples · 7,717,528,718 bytes read
  Partitioned compression: 60820188475559_first250000: rdf-scan heartbeat — 43,957,086 triples · 7,784,637,687 bytes read
  Partitioned compression: 60820188475559_first250000: rdf-scan heartbeat — 44,371,383 triples · 7,851,746,640 bytes read
  Partitioned compression: 60820188475559_first250000: rdf-scan heartbeat — 44,785,599 triples · 7,918,855,631 bytes read
  Partitioned compression: 60820188475559_first250000: rdf-scan heartbeat — 45,200,178 triples · 7,985,964,560 bytes read
  Partitioned compression: 60820188475559_first250000: rdf-scan chunk — 45,614,935 triples · 15 chunks · 8,053,064,922 bytes read
  Partitioned compression: 60820188475559_first250000: hdt-chunks started — 14 chunks · hdt-build-00014
  Partitioned compression: 60820188475559_first250000: hdt-chunks complete — 15 chunks · hdt-build-00014
  Partitioned compression: 60820188475559_first250000: cottas-chunks started — 14 chunks · cottas-build-00014
  Partitioned compression: 60820188475559_first250000: cottas-chunks complete — 15 chunks · cottas-build-00014
  Partitioned compression: 60820188475559_first250000: rdf-scan heartbeat — 45,614,986 triples · 8,053,073,459 bytes read
  Partitioned compression: 60820188475559_first250000: rdf-scan heartbeat — 46,029,852 triples · 8,120,182,458 bytes read
  Partitioned compression: 60820188475559_first250000: rdf-scan heartbeat — 46,444,685 triples · 8,187,291,418 bytes read
  Partitioned compression: 60820188475559_first250000: rdf-scan heartbeat — 46,859,761 triples · 8,254,400,383 bytes read
  Partitioned compression: 60820188475559_first250000: rdf-scan heartbeat — 47,274,388 triples · 8,321,509,253 bytes read
  Partitioned compression: 60820188475559_first250000: rdf-scan heartbeat — 47,689,263 triples · 8,388,618,190 bytes read
  Partitioned compression: 60820188475559_first250000: rdf-scan heartbeat — 48,104,197 triples · 8,455,727,129 bytes read
  Partitioned compression: 60820188475559_first250000: rdf-scan heartbeat — 48,518,973 triples · 8,522,836,143 bytes read
  Partitioned compression: 60820188475559_first250000: rdf-scan chunk — 48,934,026 triples · 16 chunks · 8,589,935,994 bytes read
  Partitioned compression: 60820188475559_first250000: hdt-chunks started — 15 chunks · hdt-build-00015
  Partitioned compression: 60820188475559_first250000: hdt-chunks complete — 16 chunks · hdt-build-00015
  Partitioned compression: 60820188475559_first250000: cottas-chunks started — 15 chunks · cottas-build-00015
  Partitioned compression: 60820188475559_first250000: cottas-chunks complete — 16 chunks · cottas-build-00015
  Partitioned compression: 60820188475559_first250000: rdf-scan heartbeat — 48,934,083 triples · 8,589,945,130 bytes read
  Partitioned compression: 60820188475559_first250000: rdf-scan heartbeat — 49,348,719 triples · 8,657,054,076 bytes read
  Partitioned compression: 60820188475559_first250000: rdf-scan heartbeat — 49,763,337 triples · 8,724,162,950 bytes read
  Partitioned compression: 60820188475559_first250000: rdf-scan heartbeat — 50,178,323 triples · 8,791,271,949 bytes read
  Partitioned compression: 60820188475559_first250000: rdf-scan heartbeat — 50,593,233 triples · 8,858,380,961 bytes read
  Partitioned compression: 60820188475559_first250000: rdf-scan heartbeat — 51,007,736 triples · 8,925,489,933 bytes read
  Partitioned compression: 60820188475559_first250000: rdf-scan heartbeat — 51,422,624 triples · 8,992,598,887 bytes read
  Partitioned compression: 60820188475559_first250000: rdf-scan heartbeat — 51,837,133 triples · 9,059,707,763 bytes read
  Partitioned compression: 60820188475559_first250000: rdf-scan chunk — 52,251,621 triples · 17 chunks · 9,126,806,985 bytes read
  Partitioned compression: 60820188475559_first250000: hdt-chunks started — 16 chunks · hdt-build-00016
  Partitioned compression: 60820188475559_first250000: hdt-chunks complete — 17 chunks · hdt-build-00016
  Partitioned compression: 60820188475559_first250000: cottas-chunks started — 16 chunks · cottas-build-00016
  Partitioned compression: 60820188475559_first250000: cottas-chunks complete — 17 chunks · cottas-build-00016
  Partitioned compression: 60820188475559_first250000: rdf-scan heartbeat — 52,251,681 triples · 9,126,816,678 bytes read
  Partitioned compression: 60820188475559_first250000: rdf-scan heartbeat — 52,666,538 triples · 9,193,925,625 bytes read
  Partitioned compression: 60820188475559_first250000: rdf-scan heartbeat — 53,081,183 triples · 9,261,034,492 bytes read
  Partitioned compression: 60820188475559_first250000: rdf-scan heartbeat — 53,496,365 triples · 9,328,143,461 bytes read
  Partitioned compression: 60820188475559_first250000: rdf-scan heartbeat — 53,911,345 triples · 9,395,252,361 bytes read
  Partitioned compression: 60820188475559_first250000: rdf-scan heartbeat — 54,326,243 triples · 9,462,361,247 bytes read
  Partitioned compression: 60820188475559_first250000: rdf-scan heartbeat — 54,740,902 triples · 9,529,470,128 bytes read
  Partitioned compression: 60820188475559_first250000: rdf-scan heartbeat — 55,155,703 triples · 9,596,579,041 bytes read
  Partitioned compression: 60820188475559_first250000: rdf-scan chunk — 55,570,634 triples · 18 chunks · 9,663,678,062 bytes read
  Partitioned compression: 60820188475559_first250000: hdt-chunks started — 17 chunks · hdt-build-00017
  Partitioned compression: 60820188475559_first250000: hdt-chunks complete — 18 chunks · hdt-build-00017
  Partitioned compression: 60820188475559_first250000: cottas-chunks started — 17 chunks · cottas-build-00017
  Partitioned compression: 60820188475559_first250000: cottas-chunks complete — 18 chunks · cottas-build-00017
  Partitioned compression: 60820188475559_first250000: rdf-scan heartbeat — 55,570,696 triples · 9,663,688,039 bytes read
  Partitioned compression: 60820188475559_first250000: rdf-scan heartbeat — 55,985,262 triples · 9,730,797,005 bytes read
  Partitioned compression: 60820188475559_first250000: rdf-scan heartbeat — 56,398,663 triples · 9,797,905,875 bytes read
  Partitioned compression: 60820188475559_first250000: rdf-scan heartbeat — 56,810,298 triples · 9,865,014,882 bytes read
  Partitioned compression: 60820188475559_first250000: rdf-scan heartbeat — 57,222,658 triples · 9,932,123,796 bytes read
  Partitioned compression: 60820188475559_first250000: rdf-scan heartbeat — 57,634,403 triples · 9,999,232,722 bytes read
  Partitioned compression: 60820188475559_first250000: rdf-scan heartbeat — 58,046,145 triples · 10,066,341,677 bytes read
  Partitioned compression: 60820188475559_first250000: rdf-scan heartbeat — 58,458,443 triples · 10,133,450,671 bytes read
  Partitioned compression: 60820188475559_first250000: rdf-scan chunk — 58,870,306 triples · 19 chunks · 10,200,549,053 bytes read
  Partitioned compression: 60820188475559_first250000: hdt-chunks started — 18 chunks · hdt-build-00018
  Partitioned compression: 60820188475559_first250000: hdt-chunks complete — 19 chunks · hdt-build-00018
  Partitioned compression: 60820188475559_first250000: cottas-chunks started — 18 chunks · cottas-build-00018
  Partitioned compression: 60820188475559_first250000: cottas-chunks complete — 19 chunks · cottas-build-00018
  Partitioned compression: 60820188475559_first250000: rdf-scan heartbeat — 58,870,371 triples · 10,200,559,650 bytes read
  Partitioned compression: 60820188475559_first250000: rdf-scan heartbeat — 59,282,140 triples · 10,267,668,678 bytes read
  Partitioned compression: 60820188475559_first250000: rdf-scan heartbeat — 59,694,036 triples · 10,334,777,707 bytes read
  Partitioned compression: 60820188475559_first250000: rdf-scan heartbeat — 60,106,109 triples · 10,401,886,598 bytes read
  Partitioned compression: 60820188475559_first250000: rdf-scan heartbeat — 60,517,765 triples · 10,468,995,591 bytes read
  Partitioned compression: 60820188475559_first250000: rdf-scan heartbeat — 60,929,691 triples · 10,536,104,553 bytes read
  Partitioned compression: 60820188475559_first250000: rdf-scan heartbeat — 61,341,575 triples · 10,603,213,527 bytes read
  Partitioned compression: 60820188475559_first250000: rdf-scan heartbeat — 61,753,510 triples · 10,670,322,517 bytes read
  Partitioned compression: 60820188475559_first250000: rdf-scan chunk — 62,165,301 triples · 20 chunks · 10,737,420,108 bytes read
  Partitioned compression: 60820188475559_first250000: hdt-chunks started — 19 chunks · hdt-build-00019
  Partitioned compression: 60820188475559_first250000: hdt-chunks complete — 20 chunks · hdt-build-00019
  Partitioned compression: 60820188475559_first250000: cottas-chunks started — 19 chunks · cottas-build-00019
  Partitioned compression: 60820188475559_first250000: cottas-chunks complete — 20 chunks · cottas-build-00019
  Partitioned compression: 60820188475559_first250000: rdf-scan heartbeat — 62,165,371 triples · 10,737,431,408 bytes read
  Partitioned compression: 60820188475559_first250000: rdf-scan heartbeat — 62,577,064 triples · 10,804,540,361 bytes read
  Partitioned compression: 60820188475559_first250000: rdf-scan heartbeat — 62,988,589 triples · 10,871,649,323 bytes read
  Partitioned compression: 60820188475559_first250000: rdf-scan heartbeat — 63,400,618 triples · 10,938,758,282 bytes read
  Partitioned compression: 60820188475559_first250000: rdf-scan heartbeat — 63,812,498 triples · 11,005,867,211 bytes read
  Partitioned compression: 60820188475559_first250000: rdf-scan heartbeat — 64,224,328 triples · 11,072,976,120 bytes read
  Partitioned compression: 60820188475559_first250000: rdf-scan heartbeat — 64,635,916 triples · 11,140,085,090 bytes read
  Partitioned compression: 60820188475559_first250000: rdf-scan heartbeat — 65,046,894 triples · 11,207,194,011 bytes read
  Partitioned compression: 60820188475559_first250000: rdf-scan chunk — 65,457,457 triples · 21 chunks · 11,274,291,175 bytes read
  Partitioned compression: 60820188475559_first250000: hdt-chunks started — 20 chunks · hdt-build-00020
  Partitioned compression: 60820188475559_first250000: hdt-chunks complete — 21 chunks · hdt-build-00020
  Partitioned compression: 60820188475559_first250000: cottas-chunks started — 20 chunks · cottas-build-00020
  Partitioned compression: 60820188475559_first250000: cottas-chunks complete — 21 chunks · cottas-build-00020
  Partitioned compression: 60820188475559_first250000: rdf-scan heartbeat — 65,457,529 triples · 11,274,302,967 bytes read
  Partitioned compression: 60820188475559_first250000: rdf-scan heartbeat — 65,868,333 triples · 11,341,411,930 bytes read
  Partitioned compression: 60820188475559_first250000: rdf-scan heartbeat — 66,279,768 triples · 11,408,520,837 bytes read
  Partitioned compression: 60820188475559_first250000: rdf-scan heartbeat — 66,691,032 triples · 11,475,629,717 bytes read
  Partitioned compression: 60820188475559_first250000: rdf-scan heartbeat — 67,102,290 triples · 11,542,738,587 bytes read
  Partitioned compression: 60820188475559_first250000: rdf-scan heartbeat — 67,514,617 triples · 11,609,847,459 bytes read
  Partitioned compression: 60820188475559_first250000: rdf-scan heartbeat — 67,926,349 triples · 11,676,956,332 bytes read
  Partitioned compression: 60820188475559_first250000: rdf-scan heartbeat — 68,337,899 triples · 11,744,065,217 bytes read
  Partitioned compression: 60820188475559_first250000: rdf-scan chunk — 68,749,848 triples · 22 chunks · 11,811,162,200 bytes read
  Partitioned compression: 60820188475559_first250000: hdt-chunks started — 21 chunks · hdt-build-00021
  Partitioned compression: 60820188475559_first250000: hdt-chunks complete — 22 chunks · hdt-build-00021
  Partitioned compression: 60820188475559_first250000: cottas-chunks started — 21 chunks · cottas-build-00021
  Partitioned compression: 60820188475559_first250000: cottas-chunks complete — 22 chunks · cottas-build-00021
  Partitioned compression: 60820188475559_first250000: rdf-scan heartbeat — 68,749,921 triples · 11,811,174,129 bytes read
  Partitioned compression: 60820188475559_first250000: rdf-scan heartbeat — 69,161,757 triples · 11,878,283,077 bytes read
  Partitioned compression: 60820188475559_first250000: rdf-scan heartbeat — 69,573,489 triples · 11,945,392,001 bytes read
  Partitioned compression: 60820188475559_first250000: rdf-scan heartbeat — 69,985,499 triples · 12,012,500,956 bytes read
  Partitioned compression: 60820188475559_first250000: rdf-scan heartbeat — 70,397,445 triples · 12,079,609,958 bytes read
  Partitioned compression: 60820188475559_first250000: rdf-scan heartbeat — 70,808,749 triples · 12,146,718,883 bytes read
  Partitioned compression: 60820188475559_first250000: rdf-scan heartbeat — 71,220,182 triples · 12,213,827,801 bytes read
  Partitioned compression: 60820188475559_first250000: rdf-scan heartbeat — 71,631,730 triples · 12,280,936,697 bytes read
  Partitioned compression: 60820188475559_first250000: rdf-scan chunk — 72,043,993 triples · 23 chunks · 12,348,033,273 bytes read
  Partitioned compression: 60820188475559_first250000: hdt-chunks started — 22 chunks · hdt-build-00022
  Partitioned compression: 60820188475559_first250000: hdt-chunks complete — 23 chunks · hdt-build-00022
  Partitioned compression: 60820188475559_first250000: cottas-chunks started — 22 chunks · cottas-build-00022
  Partitioned compression: 60820188475559_first250000: cottas-chunks complete — 23 chunks · cottas-build-00022
  Partitioned compression: 60820188475559_first250000: rdf-scan heartbeat — 72,044,068 triples · 12,348,045,582 bytes read
  Partitioned compression: 60820188475559_first250000: rdf-scan heartbeat — 72,455,662 triples · 12,415,154,559 bytes read
  Partitioned compression: 60820188475559_first250000: rdf-scan heartbeat — 72,867,145 triples · 12,482,263,580 bytes read
  Partitioned compression: 60820188475559_first250000: rdf-scan heartbeat — 73,279,095 triples · 12,549,372,494 bytes read
  Partitioned compression: 60820188475559_first250000: rdf-scan heartbeat — 73,691,284 triples · 12,616,481,433 bytes read
  Partitioned compression: 60820188475559_first250000: rdf-scan heartbeat — 74,102,762 triples · 12,683,590,298 bytes read
  Partitioned compression: 60820188475559_first250000: rdf-scan heartbeat — 74,514,713 triples · 12,750,699,166 bytes read
  Partitioned compression: 60820188475559_first250000: rdf-scan heartbeat — 74,927,152 triples · 12,817,808,045 bytes read
  Partitioned compression: 60820188475559_first250000: rdf-scan chunk — 75,338,536 triples · 24 chunks · 12,884,904,224 bytes read
  Partitioned compression: 60820188475559_first250000: hdt-chunks started — 23 chunks · hdt-build-00023
  Partitioned compression: 60820188475559_first250000: hdt-chunks complete — 24 chunks · hdt-build-00023
  Partitioned compression: 60820188475559_first250000: cottas-chunks started — 23 chunks · cottas-build-00023
  Partitioned compression: 60820188475559_first250000: cottas-chunks complete — 24 chunks · cottas-build-00023
  Partitioned compression: 60820188475559_first250000: rdf-scan heartbeat — 75,338,615 triples · 12,884,916,937 bytes read
  Partitioned compression: 60820188475559_first250000: rdf-scan heartbeat — 75,750,765 triples · 12,952,025,871 bytes read
  Partitioned compression: 60820188475559_first250000: rdf-scan heartbeat — 76,162,258 triples · 13,019,134,822 bytes read
  Partitioned compression: 60820188475559_first250000: rdf-scan heartbeat — 76,574,208 triples · 13,086,243,730 bytes read
  Partitioned compression: 60820188475559_first250000: rdf-scan heartbeat — 76,985,560 triples · 13,153,352,619 bytes read
  Partitioned compression: 60820188475559_first250000: rdf-scan heartbeat — 77,397,453 triples · 13,220,461,537 bytes read
  Partitioned compression: 60820188475559_first250000: rdf-scan heartbeat — 77,809,357 triples · 13,287,570,520 bytes read
  Partitioned compression: 60820188475559_first250000: rdf-scan heartbeat — 78,220,841 triples · 13,354,679,423 bytes read
  Partitioned compression: 60820188475559_first250000: rdf-scan chunk — 78,632,685 triples · 25 chunks · 13,421,775,190 bytes read
  Partitioned compression: 60820188475559_first250000: hdt-chunks started — 24 chunks · hdt-build-00024
  Partitioned compression: 60820188475559_first250000: hdt-chunks complete — 25 chunks · hdt-build-00024
  Partitioned compression: 60820188475559_first250000: cottas-chunks started — 24 chunks · cottas-build-00024
  Partitioned compression: 60820188475559_first250000: cottas-chunks complete — 25 chunks · cottas-build-00024
  Partitioned compression: 60820188475559_first250000: rdf-scan heartbeat — 78,632,767 triples · 13,421,788,353 bytes read
  Partitioned compression: 60820188475559_first250000: rdf-scan heartbeat — 79,044,689 triples · 13,488,897,297 bytes read
  Partitioned compression: 60820188475559_first250000: rdf-scan heartbeat — 79,456,545 triples · 13,556,006,248 bytes read
  Partitioned compression: 60820188475559_first250000: rdf-scan chunk — 79,651,241 triples · 26 chunks · 13,587,706,769 bytes read
  Partitioned compression: 60820188475559_first250000: hdt-chunks started — 25 chunks · hdt-build-00025
  Partitioned compression: 60820188475559_first250000: hdt-chunks complete — 26 chunks · hdt-build-00025
  Partitioned compression: 60820188475559_first250000: cottas-chunks started — 25 chunks · cottas-build-00025
  Partitioned compression: 60820188475559_first250000: cottas-chunks complete — 26 chunks · cottas-build-00025
  Partitioned compression: 60820188475559_first250000: rdf-scan complete — 79,651,241 triples · 26 chunks
  Partitioned compression: 60820188475559_first250000: hdt-chunks complete — 26 chunks
  Partitioned compression: 60820188475559_first250000: cottas-chunks complete — 26 chunks
  Partitioned compression: 60820188475559_first250000: hdt-merge started — hdt-merge-r01-00000
  Partitioned compression: 60820188475559_first250000: hdt-merge complete — hdt-merge-r01-00000
  Partitioned compression: 60820188475559_first250000: hdt-merge started — hdt-merge-r01-00001
  Partitioned compression: 60820188475559_first250000: hdt-merge complete — hdt-merge-r01-00001
  Partitioned compression: 60820188475559_first250000: hdt-merge started — hdt-merge-r01-00002
  Partitioned compression: 60820188475559_first250000: hdt-merge complete — hdt-merge-r01-00002
  Partitioned compression: 60820188475559_first250000: hdt-merge started — hdt-merge-r01-00003
  Partitioned compression: 60820188475559_first250000: hdt-merge complete — hdt-merge-r01-00003
  Partitioned compression: 60820188475559_first250000: hdt-merge started — hdt-merge-r01-00004
  Partitioned compression: 60820188475559_first250000: hdt-merge complete — hdt-merge-r01-00004
  Partitioned compression: 60820188475559_first250000: hdt-merge started — hdt-merge-r01-00005
  Partitioned compression: 60820188475559_first250000: hdt-merge complete — hdt-merge-r01-00005
  Partitioned compression: 60820188475559_first250000: hdt-merge started — hdt-merge-r01-00006
  Partitioned compression: 60820188475559_first250000: hdt-merge complete — hdt-merge-r01-00006
  Partitioned compression: 60820188475559_first250000: hdt-merge started — hdt-merge-r01-00007
  Partitioned compression: 60820188475559_first250000: hdt-merge complete — hdt-merge-r01-00007
  Partitioned compression: 60820188475559_first250000: hdt-merge started — hdt-merge-r01-00008
  Partitioned compression: 60820188475559_first250000: hdt-merge complete — hdt-merge-r01-00008
  Partitioned compression: 60820188475559_first250000: hdt-merge started — hdt-merge-r01-00009
  Partitioned compression: 60820188475559_first250000: hdt-merge complete — hdt-merge-r01-00009
  Partitioned compression: 60820188475559_first250000: hdt-merge started — hdt-merge-r01-00010
  Partitioned compression: 60820188475559_first250000: hdt-merge complete — hdt-merge-r01-00010
  Partitioned compression: 60820188475559_first250000: hdt-merge started — hdt-merge-r01-00011
  Partitioned compression: 60820188475559_first250000: hdt-merge complete — hdt-merge-r01-00011
  Partitioned compression: 60820188475559_first250000: hdt-merge started — hdt-merge-r01-00012
  Partitioned compression: 60820188475559_first250000: hdt-merge complete — hdt-merge-r01-00012
  Partitioned compression: 60820188475559_first250000: hdt-merge started — hdt-merge-r02-00000
  Partitioned compression: 60820188475559_first250000: hdt-merge complete — hdt-merge-r02-00000
  Partitioned compression: 60820188475559_first250000: hdt-merge started — hdt-merge-r02-00001
  Partitioned compression: 60820188475559_first250000: hdt-merge complete — hdt-merge-r02-00001
  Partitioned compression: 60820188475559_first250000: hdt-merge started — hdt-merge-r02-00002
  Partitioned compression: 60820188475559_first250000: hdt-merge complete — hdt-merge-r02-00002
  Partitioned compression: 60820188475559_first250000: hdt-merge started — hdt-merge-r02-00003
  Partitioned compression: 60820188475559_first250000: hdt-merge complete — hdt-merge-r02-00003
  Partitioned compression: 60820188475559_first250000: hdt-merge started — hdt-merge-r02-00004
  Partitioned compression: 60820188475559_first250000: hdt-merge complete — hdt-merge-r02-00004
  Partitioned compression: 60820188475559_first250000: hdt-merge started — hdt-merge-r02-00005
  Partitioned compression: 60820188475559_first250000: hdt-merge complete — hdt-merge-r02-00005
  Partitioned compression: 60820188475559_first250000: hdt-merge started — hdt-merge-r03-00000
  Partitioned compression: 60820188475559_first250000: hdt-merge complete — hdt-merge-r03-00000
  Partitioned compression: 60820188475559_first250000: hdt-merge started — hdt-merge-r03-00001
  Partitioned compression: 60820188475559_first250000: hdt-merge complete — hdt-merge-r03-00001
  Partitioned compression: 60820188475559_first250000: hdt-merge started — hdt-merge-r03-00002
  Partitioned compression: 60820188475559_first250000: hdt-merge complete — hdt-merge-r03-00002
  Partitioned compression: 60820188475559_first250000: hdt-merge started — hdt-merge-r04-00000
  Partitioned compression: 60820188475559_first250000: hdt-merge complete — hdt-merge-r04-00000
  Partitioned compression: 60820188475559_first250000: hdt-merge started — hdt-merge-r04-00001
  Partitioned compression: 60820188475559_first250000: hdt-merge complete — hdt-merge-r04-00001
  Partitioned compression: 60820188475559_first250000: hdt-merge started — hdt-merge-r05-00000
  Partitioned compression: 60820188475559_first250000: hdt-merge complete — hdt-merge-r05-00000
  Partitioned compression: 60820188475559_first250000: hdt started — hdt-index
  Partitioned compression: 60820188475559_first250000: hdt complete — hdt-index
  Partitioned compression: 60820188475559_first250000: hdt started — hdt-validate
  Partitioned compression: 60820188475559_first250000: hdt complete — hdt-validate
  Partitioned compression: 60820188475559_first250000: cottas-merge started — cottas-merge-stream
  Partitioned compression: 60820188475559_first250000: cottas-merge started — 0 triples · 26 sorted COTTAS chunks
  Partitioned compression: 60820188475559_first250000: cottas-merge merging — 250,000 triples · 250,000 distinct triples written
  Partitioned compression: 60820188475559_first250000: cottas-merge merging — 500,000 triples · 500,000 distinct triples written
  Partitioned compression: 60820188475559_first250000: cottas-merge merging — 750,000 triples · 750,000 distinct triples written
  Partitioned compression: 60820188475559_first250000: cottas-merge merging — 1,000,000 triples · 1,000,000 distinct triples written
  Partitioned compression: 60820188475559_first250000: cottas-merge merging — 1,250,000 triples · 1,250,000 distinct triples written
  Partitioned compression: 60820188475559_first250000: cottas-merge merging — 1,500,000 triples · 1,500,000 distinct triples written
  Partitioned compression: 60820188475559_first250000: cottas-merge merging — 1,750,000 triples · 1,750,000 distinct triples written
  Partitioned compression: 60820188475559_first250000: cottas-merge merging — 2,000,000 triples · 2,000,000 distinct triples written
  Partitioned compression: 60820188475559_first250000: cottas-merge merging — 2,250,000 triples · 2,250,000 distinct triples written
  Partitioned compression: 60820188475559_first250000: cottas-merge merging — 2,500,000 triples · 2,500,000 distinct triples written
  Partitioned compression: 60820188475559_first250000: cottas-merge merging — 2,750,000 triples · 2,750,000 distinct triples written
  Partitioned compression: 60820188475559_first250000: cottas-merge merging — 3,000,000 triples · 3,000,000 distinct triples written
  Partitioned compression: 60820188475559_first250000: cottas-merge merging — 3,250,000 triples · 3,250,000 distinct triples written
  Partitioned compression: 60820188475559_first250000: cottas-merge merging — 3,500,000 triples · 3,500,000 distinct triples written
  Partitioned compression: 60820188475559_first250000: cottas-merge merging — 3,750,000 triples · 3,750,000 distinct triples written
  Partitioned compression: 60820188475559_first250000: cottas-merge merging — 4,000,000 triples · 4,000,000 distinct triples written
  Partitioned compression: 60820188475559_first250000: cottas-merge merging — 4,250,000 triples · 4,250,000 distinct triples written
  Partitioned compression: 60820188475559_first250000: cottas-merge merging — 4,500,000 triples · 4,500,000 distinct triples written
  Partitioned compression: 60820188475559_first250000: cottas-merge merging — 4,750,000 triples · 4,750,000 distinct triples written
  Partitioned compression: 60820188475559_first250000: cottas-merge merging — 5,000,000 triples · 5,000,000 distinct triples written
  Partitioned compression: 60820188475559_first250000: cottas-merge merging — 5,250,000 triples · 5,250,000 distinct triples written
  Partitioned compression: 60820188475559_first250000: cottas-merge merging — 5,500,000 triples · 5,500,000 distinct triples written
  Partitioned compression: 60820188475559_first250000: cottas-merge merging — 5,750,000 triples · 5,750,000 distinct triples written
  Partitioned compression: 60820188475559_first250000: cottas-merge merging — 6,000,000 triples · 6,000,000 distinct triples written
  Partitioned compression: 60820188475559_first250000: cottas-merge merging — 6,250,000 triples · 6,250,000 distinct triples written
  Partitioned compression: 60820188475559_first250000: cottas-merge merging — 6,500,000 triples · 6,500,000 distinct triples written
  Partitioned compression: 60820188475559_first250000: cottas-merge merging — 6,750,000 triples · 6,750,000 distinct triples written
  Partitioned compression: 60820188475559_first250000: cottas-merge merging — 7,000,000 triples · 7,000,000 distinct triples written
  Partitioned compression: 60820188475559_first250000: cottas-merge merging — 7,250,000 triples · 7,250,000 distinct triples written
  Partitioned compression: 60820188475559_first250000: cottas-merge merging — 7,500,000 triples · 7,500,000 distinct triples written
  Partitioned compression: 60820188475559_first250000: cottas-merge merging — 7,750,000 triples · 7,750,000 distinct triples written
  Partitioned compression: 60820188475559_first250000: cottas-merge merging — 8,000,000 triples · 8,000,000 distinct triples written
  Partitioned compression: 60820188475559_first250000: cottas-merge merging — 8,250,000 triples · 8,250,000 distinct triples written
  Partitioned compression: 60820188475559_first250000: cottas-merge merging — 8,500,000 triples · 8,500,000 distinct triples written
  Partitioned compression: 60820188475559_first250000: cottas-merge merging — 8,750,000 triples · 8,750,000 distinct triples written
  Partitioned compression: 60820188475559_first250000: cottas-merge merging — 9,000,000 triples · 9,000,000 distinct triples written
  Partitioned compression: 60820188475559_first250000: cottas-merge merging — 9,250,000 triples · 9,250,000 distinct triples written
  Partitioned compression: 60820188475559_first250000: cottas-merge merging — 9,500,000 triples · 9,500,000 distinct triples written
  Partitioned compression: 60820188475559_first250000: cottas-merge merging — 9,750,000 triples · 9,750,000 distinct triples written
  Partitioned compression: 60820188475559_first250000: cottas-merge merging — 10,000,000 triples · 10,000,000 distinct triples written
  Partitioned compression: 60820188475559_first250000: cottas-merge merging — 10,250,000 triples · 10,250,000 distinct triples written
  Partitioned compression: 60820188475559_first250000: cottas-merge merging — 10,500,000 triples · 10,500,000 distinct triples written
  Partitioned compression: 60820188475559_first250000: cottas-merge merging — 10,750,000 triples · 10,750,000 distinct triples written
  Partitioned compression: 60820188475559_first250000: cottas-merge merging — 11,000,000 triples · 11,000,000 distinct triples written
  Partitioned compression: 60820188475559_first250000: cottas-merge merging — 11,250,000 triples · 11,250,000 distinct triples written
  Partitioned compression: 60820188475559_first250000: cottas-merge merging — 11,500,000 triples · 11,500,000 distinct triples written
  Partitioned compression: 60820188475559_first250000: cottas-merge merging — 11,750,000 triples · 11,750,000 distinct triples written
  Partitioned compression: 60820188475559_first250000: cottas-merge merging — 12,000,000 triples · 12,000,000 distinct triples written
  Partitioned compression: 60820188475559_first250000: cottas-merge merging — 12,250,000 triples · 12,250,000 distinct triples written
  Partitioned compression: 60820188475559_first250000: cottas-merge merging — 12,500,000 triples · 12,500,000 distinct triples written
  Partitioned compression: 60820188475559_first250000: cottas-merge merging — 12,750,000 triples · 12,750,000 distinct triples written
  Partitioned compression: 60820188475559_first250000: cottas-merge merging — 13,000,000 triples · 13,000,000 distinct triples written
  Partitioned compression: 60820188475559_first250000: cottas-merge merging — 13,250,000 triples · 13,250,000 distinct triples written
  Partitioned compression: 60820188475559_first250000: cottas-merge merging — 13,500,000 triples · 13,500,000 distinct triples written
  Partitioned compression: 60820188475559_first250000: cottas-merge merging — 13,750,000 triples · 13,750,000 distinct triples written
  Partitioned compression: 60820188475559_first250000: cottas-merge merging — 14,000,000 triples · 14,000,000 distinct triples written
  Partitioned compression: 60820188475559_first250000: cottas-merge merging — 14,250,000 triples · 14,250,000 distinct triples written
  Partitioned compression: 60820188475559_first250000: cottas-merge merging — 14,500,000 triples · 14,500,000 distinct triples written
  Partitioned compression: 60820188475559_first250000: cottas-merge merging — 14,750,000 triples · 14,750,000 distinct triples written
  Partitioned compression: 60820188475559_first250000: cottas-merge merging — 15,000,000 triples · 15,000,000 distinct triples written
  Partitioned compression: 60820188475559_first250000: cottas-merge merging — 15,250,000 triples · 15,250,000 distinct triples written
  Partitioned compression: 60820188475559_first250000: cottas-merge merging — 15,500,000 triples · 15,500,000 distinct triples written
  Partitioned compression: 60820188475559_first250000: cottas-merge merging — 15,750,000 triples · 15,750,000 distinct triples written
  Partitioned compression: 60820188475559_first250000: cottas-merge merging — 16,000,000 triples · 16,000,000 distinct triples written
  Partitioned compression: 60820188475559_first250000: cottas-merge merging — 16,250,000 triples · 16,250,000 distinct triples written
  Partitioned compression: 60820188475559_first250000: cottas-merge merging — 16,500,000 triples · 16,500,000 distinct triples written
  Partitioned compression: 60820188475559_first250000: cottas-merge merging — 16,750,000 triples · 16,750,000 distinct triples written
  Partitioned compression: 60820188475559_first250000: cottas-merge merging — 17,000,000 triples · 17,000,000 distinct triples written
  Partitioned compression: 60820188475559_first250000: cottas-merge merging — 17,250,000 triples · 17,250,000 distinct triples written
  Partitioned compression: 60820188475559_first250000: cottas-merge merging — 17,500,000 triples · 17,500,000 distinct triples written
  Partitioned compression: 60820188475559_first250000: cottas-merge merging — 17,750,000 triples · 17,750,000 distinct triples written
  Partitioned compression: 60820188475559_first250000: cottas-merge merging — 18,000,000 triples · 18,000,000 distinct triples written
  Partitioned compression: 60820188475559_first250000: cottas-merge merging — 18,250,000 triples · 18,250,000 distinct triples written
  Partitioned compression: 60820188475559_first250000: cottas-merge merging — 18,500,000 triples · 18,500,000 distinct triples written
  Partitioned compression: 60820188475559_first250000: cottas-merge merging — 18,750,000 triples · 18,750,000 distinct triples written
  Partitioned compression: 60820188475559_first250000: cottas-merge merging — 19,000,000 triples · 19,000,000 distinct triples written
  Partitioned compression: 60820188475559_first250000: cottas-merge merging — 19,250,000 triples · 19,250,000 distinct triples written
  Partitioned compression: 60820188475559_first250000: cottas-merge merging — 19,500,000 triples · 19,500,000 distinct triples written
  Partitioned compression: 60820188475559_first250000: cottas-merge merging — 19,750,000 triples · 19,750,000 distinct triples written
  Partitioned compression: 60820188475559_first250000: cottas-merge merging — 20,000,000 triples · 20,000,000 distinct triples written
  Partitioned compression: 60820188475559_first250000: cottas-merge merging — 20,250,000 triples · 20,250,000 distinct triples written
  Partitioned compression: 60820188475559_first250000: cottas-merge merging — 20,500,000 triples · 20,500,000 distinct triples written
  Partitioned compression: 60820188475559_first250000: cottas-merge merging — 20,750,000 triples · 20,750,000 distinct triples written
  Partitioned compression: 60820188475559_first250000: cottas-merge merging — 21,000,000 triples · 21,000,000 distinct triples written
  Partitioned compression: 60820188475559_first250000: cottas-merge merging — 21,250,000 triples · 21,250,000 distinct triples written
  Partitioned compression: 60820188475559_first250000: cottas-merge merging — 21,500,000 triples · 21,500,000 distinct triples written
  Partitioned compression: 60820188475559_first250000: cottas-merge merging — 21,750,000 triples · 21,750,000 distinct triples written
  Partitioned compression: 60820188475559_first250000: cottas-merge merging — 22,000,000 triples · 22,000,000 distinct triples written
  Partitioned compression: 60820188475559_first250000: cottas-merge merging — 22,250,000 triples · 22,250,000 distinct triples written
  Partitioned compression: 60820188475559_first250000: cottas-merge merging — 22,500,000 triples · 22,500,000 distinct triples written
  Partitioned compression: 60820188475559_first250000: cottas-merge merging — 22,750,000 triples · 22,750,000 distinct triples written
  Partitioned compression: 60820188475559_first250000: cottas-merge merging — 23,000,000 triples · 23,000,000 distinct triples written
  Partitioned compression: 60820188475559_first250000: cottas-merge merging — 23,250,000 triples · 23,250,000 distinct triples written
  Partitioned compression: 60820188475559_first250000: cottas-merge merging — 23,500,000 triples · 23,500,000 distinct triples written
  Partitioned compression: 60820188475559_first250000: cottas-merge merging — 23,750,000 triples · 23,750,000 distinct triples written
  Partitioned compression: 60820188475559_first250000: cottas-merge merging — 24,000,000 triples · 24,000,000 distinct triples written
  Partitioned compression: 60820188475559_first250000: cottas-merge merging — 24,250,000 triples · 24,250,000 distinct triples written
  Partitioned compression: 60820188475559_first250000: cottas-merge merging — 24,500,000 triples · 24,500,000 distinct triples written
  Partitioned compression: 60820188475559_first250000: cottas-merge merging — 24,750,000 triples · 24,750,000 distinct triples written
  Partitioned compression: 60820188475559_first250000: cottas-merge merging — 25,000,000 triples · 25,000,000 distinct triples written
  Partitioned compression: 60820188475559_first250000: cottas-merge merging — 25,250,000 triples · 25,250,000 distinct triples written
  Partitioned compression: 60820188475559_first250000: cottas-merge merging — 25,500,000 triples · 25,500,000 distinct triples written
  Partitioned compression: 60820188475559_first250000: cottas-merge merging — 25,750,000 triples · 25,750,000 distinct triples written
  Partitioned compression: 60820188475559_first250000: cottas-merge merging — 26,000,000 triples · 26,000,000 distinct triples written
  Partitioned compression: 60820188475559_first250000: cottas-merge merging — 26,250,000 triples · 26,250,000 distinct triples written
  Partitioned compression: 60820188475559_first250000: cottas-merge merging — 26,500,000 triples · 26,500,000 distinct triples written
  Partitioned compression: 60820188475559_first250000: cottas-merge merging — 26,750,000 triples · 26,750,000 distinct triples written
  Partitioned compression: 60820188475559_first250000: cottas-merge merging — 27,000,000 triples · 27,000,000 distinct triples written
  Partitioned compression: 60820188475559_first250000: cottas-merge merging — 27,250,000 triples · 27,250,000 distinct triples written
  Partitioned compression: 60820188475559_first250000: cottas-merge merging — 27,500,000 triples · 27,500,000 distinct triples written
  Partitioned compression: 60820188475559_first250000: cottas-merge merging — 27,750,000 triples · 27,750,000 distinct triples written
  Partitioned compression: 60820188475559_first250000: cottas-merge merging — 28,000,000 triples · 28,000,000 distinct triples written
  Partitioned compression: 60820188475559_first250000: cottas-merge merging — 28,250,000 triples · 28,250,000 distinct triples written
  Partitioned compression: 60820188475559_first250000: cottas-merge merging — 28,500,000 triples · 28,500,000 distinct triples written
  Partitioned compression: 60820188475559_first250000: cottas-merge merging — 28,750,000 triples · 28,750,000 distinct triples written
  Partitioned compression: 60820188475559_first250000: cottas-merge merging — 29,000,000 triples · 29,000,000 distinct triples written
  Partitioned compression: 60820188475559_first250000: cottas-merge merging — 29,250,000 triples · 29,250,000 distinct triples written
  Partitioned compression: 60820188475559_first250000: cottas-merge merging — 29,500,000 triples · 29,500,000 distinct triples written
  Partitioned compression: 60820188475559_first250000: cottas-merge merging — 29,750,000 triples · 29,750,000 distinct triples written
  Partitioned compression: 60820188475559_first250000: cottas-merge merging — 30,000,000 triples · 30,000,000 distinct triples written
  Partitioned compression: 60820188475559_first250000: cottas-merge merging — 30,250,000 triples · 30,250,000 distinct triples written
  Partitioned compression: 60820188475559_first250000: cottas-merge merging — 30,500,000 triples · 30,500,000 distinct triples written
  Partitioned compression: 60820188475559_first250000: cottas-merge merging — 30,750,000 triples · 30,750,000 distinct triples written
  Partitioned compression: 60820188475559_first250000: cottas-merge merging — 31,000,000 triples · 31,000,000 distinct triples written
  Partitioned compression: 60820188475559_first250000: cottas-merge merging — 31,250,000 triples · 31,250,000 distinct triples written
  Partitioned compression: 60820188475559_first250000: cottas-merge merging — 31,500,000 triples · 31,500,000 distinct triples written
  Partitioned compression: 60820188475559_first250000: cottas-merge merging — 31,750,000 triples · 31,750,000 distinct triples written
  Partitioned compression: 60820188475559_first250000: cottas-merge merging — 32,000,000 triples · 32,000,000 distinct triples written
  Partitioned compression: 60820188475559_first250000: cottas-merge merging — 32,250,000 triples · 32,250,000 distinct triples written
  Partitioned compression: 60820188475559_first250000: cottas-merge merging — 32,500,000 triples · 32,500,000 distinct triples written
  Partitioned compression: 60820188475559_first250000: cottas-merge merging — 32,750,000 triples · 32,750,000 distinct triples written
  Partitioned compression: 60820188475559_first250000: cottas-merge merging — 33,000,000 triples · 33,000,000 distinct triples written
  Partitioned compression: 60820188475559_first250000: cottas-merge merging — 33,250,000 triples · 33,250,000 distinct triples written
  Partitioned compression: 60820188475559_first250000: cottas-merge merging — 33,500,000 triples · 33,500,000 distinct triples written
  Partitioned compression: 60820188475559_first250000: cottas-merge merging — 33,750,000 triples · 33,750,000 distinct triples written
  Partitioned compression: 60820188475559_first250000: cottas-merge merging — 34,000,000 triples · 34,000,000 distinct triples written
  Partitioned compression: 60820188475559_first250000: cottas-merge merging — 34,250,000 triples · 34,250,000 distinct triples written
  Partitioned compression: 60820188475559_first250000: cottas-merge merging — 34,500,000 triples · 34,500,000 distinct triples written
  Partitioned compression: 60820188475559_first250000: cottas-merge merging — 34,750,000 triples · 34,750,000 distinct triples written
  Partitioned compression: 60820188475559_first250000: cottas-merge merging — 35,000,000 triples · 35,000,000 distinct triples written
  Partitioned compression: 60820188475559_first250000: cottas-merge merging — 35,250,000 triples · 35,250,000 distinct triples written
  Partitioned compression: 60820188475559_first250000: cottas-merge merging — 35,500,000 triples · 35,500,000 distinct triples written
  Partitioned compression: 60820188475559_first250000: cottas-merge merging — 35,750,000 triples · 35,750,000 distinct triples written
  Partitioned compression: 60820188475559_first250000: cottas-merge merging — 36,000,000 triples · 36,000,000 distinct triples written
  Partitioned compression: 60820188475559_first250000: cottas-merge merging — 36,250,000 triples · 36,250,000 distinct triples written
  Partitioned compression: 60820188475559_first250000: cottas-merge merging — 36,500,000 triples · 36,500,000 distinct triples written
  Partitioned compression: 60820188475559_first250000: cottas-merge merging — 36,750,000 triples · 36,750,000 distinct triples written
  Partitioned compression: 60820188475559_first250000: cottas-merge merging — 37,000,000 triples · 37,000,000 distinct triples written
  Partitioned compression: 60820188475559_first250000: cottas-merge merging — 37,250,000 triples · 37,250,000 distinct triples written
  Partitioned compression: 60820188475559_first250000: cottas-merge merging — 37,500,000 triples · 37,500,000 distinct triples written
  Partitioned compression: 60820188475559_first250000: cottas-merge merging — 37,750,000 triples · 37,750,000 distinct triples written
  Partitioned compression: 60820188475559_first250000: cottas-merge merging — 38,000,000 triples · 38,000,000 distinct triples written
  Partitioned compression: 60820188475559_first250000: cottas-merge merging — 38,250,000 triples · 38,250,000 distinct triples written
  Partitioned compression: 60820188475559_first250000: cottas-merge merging — 38,500,000 triples · 38,500,000 distinct triples written
  Partitioned compression: 60820188475559_first250000: cottas-merge merging — 38,750,000 triples · 38,750,000 distinct triples written
  Partitioned compression: 60820188475559_first250000: cottas-merge merging — 39,000,000 triples · 39,000,000 distinct triples written
  Partitioned compression: 60820188475559_first250000: cottas-merge merging — 39,250,000 triples · 39,250,000 distinct triples written
  Partitioned compression: 60820188475559_first250000: cottas-merge merging — 39,500,000 triples · 39,500,000 distinct triples written
  Partitioned compression: 60820188475559_first250000: cottas-merge merging — 39,750,000 triples · 39,750,000 distinct triples written
  Partitioned compression: 60820188475559_first250000: cottas-merge merging — 40,000,000 triples · 40,000,000 distinct triples written
  Partitioned compression: 60820188475559_first250000: cottas-merge merging — 40,250,000 triples · 40,250,000 distinct triples written
  Partitioned compression: 60820188475559_first250000: cottas-merge merging — 40,500,000 triples · 40,500,000 distinct triples written
  Partitioned compression: 60820188475559_first250000: cottas-merge merging — 40,750,000 triples · 40,750,000 distinct triples written
  Partitioned compression: 60820188475559_first250000: cottas-merge merging — 41,000,000 triples · 41,000,000 distinct triples written
  Partitioned compression: 60820188475559_first250000: cottas-merge merging — 41,250,000 triples · 41,250,000 distinct triples written
  Partitioned compression: 60820188475559_first250000: cottas-merge merging — 41,500,000 triples · 41,500,000 distinct triples written
  Partitioned compression: 60820188475559_first250000: cottas-merge merging — 41,750,000 triples · 41,750,000 distinct triples written
  Partitioned compression: 60820188475559_first250000: cottas-merge merging — 42,000,000 triples · 42,000,000 distinct triples written
  Partitioned compression: 60820188475559_first250000: cottas-merge merging — 42,250,000 triples · 42,250,000 distinct triples written
  Partitioned compression: 60820188475559_first250000: cottas-merge merging — 42,500,000 triples · 42,500,000 distinct triples written
  Partitioned compression: 60820188475559_first250000: cottas-merge merging — 42,750,000 triples · 42,750,000 distinct triples written
  Partitioned compression: 60820188475559_first250000: cottas-merge merging — 43,000,000 triples · 43,000,000 distinct triples written
  Partitioned compression: 60820188475559_first250000: cottas-merge merging — 43,250,000 triples · 43,250,000 distinct triples written
  Partitioned compression: 60820188475559_first250000: cottas-merge merging — 43,500,000 triples · 43,500,000 distinct triples written
  Partitioned compression: 60820188475559_first250000: cottas-merge merging — 43,750,000 triples · 43,750,000 distinct triples written
  Partitioned compression: 60820188475559_first250000: cottas-merge merging — 44,000,000 triples · 44,000,000 distinct triples written
  Partitioned compression: 60820188475559_first250000: cottas-merge merging — 44,250,000 triples · 44,250,000 distinct triples written
  Partitioned compression: 60820188475559_first250000: cottas-merge merging — 44,500,000 triples · 44,500,000 distinct triples written
  Partitioned compression: 60820188475559_first250000: cottas-merge merging — 44,750,000 triples · 44,750,000 distinct triples written
  Partitioned compression: 60820188475559_first250000: cottas-merge merging — 45,000,000 triples · 45,000,000 distinct triples written
  Partitioned compression: 60820188475559_first250000: cottas-merge merging — 45,250,000 triples · 45,250,000 distinct triples written
  Partitioned compression: 60820188475559_first250000: cottas-merge merging — 45,500,000 triples · 45,500,000 distinct triples written
  Partitioned compression: 60820188475559_first250000: cottas-merge merging — 45,750,000 triples · 45,750,000 distinct triples written
  Partitioned compression: 60820188475559_first250000: cottas-merge merging — 46,000,000 triples · 46,000,000 distinct triples written
  Partitioned compression: 60820188475559_first250000: cottas-merge merging — 46,250,000 triples · 46,250,000 distinct triples written
  Partitioned compression: 60820188475559_first250000: cottas-merge merging — 46,500,000 triples · 46,500,000 distinct triples written
  Partitioned compression: 60820188475559_first250000: cottas-merge merging — 46,750,000 triples · 46,750,000 distinct triples written
  Partitioned compression: 60820188475559_first250000: cottas-merge merging — 47,000,000 triples · 47,000,000 distinct triples written
  Partitioned compression: 60820188475559_first250000: cottas-merge merging — 47,250,000 triples · 47,250,000 distinct triples written
  Partitioned compression: 60820188475559_first250000: cottas-merge merging — 47,500,000 triples · 47,500,000 distinct triples written
  Partitioned compression: 60820188475559_first250000: cottas-merge merging — 47,750,000 triples · 47,750,000 distinct triples written
  Partitioned compression: 60820188475559_first250000: cottas-merge merging — 48,000,000 triples · 48,000,000 distinct triples written
  Partitioned compression: 60820188475559_first250000: cottas-merge merging — 48,250,000 triples · 48,250,000 distinct triples written
  Partitioned compression: 60820188475559_first250000: cottas-merge merging — 48,500,000 triples · 48,500,000 distinct triples written
  Partitioned compression: 60820188475559_first250000: cottas-merge merging — 48,750,000 triples · 48,750,000 distinct triples written
  Partitioned compression: 60820188475559_first250000: cottas-merge merging — 49,000,000 triples · 49,000,000 distinct triples written
  Partitioned compression: 60820188475559_first250000: cottas-merge merging — 49,250,000 triples · 49,250,000 distinct triples written
  Partitioned compression: 60820188475559_first250000: cottas-merge merging — 49,500,000 triples · 49,500,000 distinct triples written
  Partitioned compression: 60820188475559_first250000: cottas-merge merging — 49,750,000 triples · 49,750,000 distinct triples written
  Partitioned compression: 60820188475559_first250000: cottas-merge merging — 50,000,000 triples · 50,000,000 distinct triples written
  Partitioned compression: 60820188475559_first250000: cottas-merge merging — 50,250,000 triples · 50,250,000 distinct triples written
  Partitioned compression: 60820188475559_first250000: cottas-merge merging — 50,500,000 triples · 50,500,000 distinct triples written
  Partitioned compression: 60820188475559_first250000: cottas-merge merging — 50,750,000 triples · 50,750,000 distinct triples written
  Partitioned compression: 60820188475559_first250000: cottas-merge merging — 51,000,000 triples · 51,000,000 distinct triples written
  Partitioned compression: 60820188475559_first250000: cottas-merge merging — 51,250,000 triples · 51,250,000 distinct triples written
  Partitioned compression: 60820188475559_first250000: cottas-merge merging — 51,500,000 triples · 51,500,000 distinct triples written
  Partitioned compression: 60820188475559_first250000: cottas-merge merging — 51,750,000 triples · 51,750,000 distinct triples written
  Partitioned compression: 60820188475559_first250000: cottas-merge merging — 52,000,000 triples · 52,000,000 distinct triples written
  Partitioned compression: 60820188475559_first250000: cottas-merge merging — 52,250,000 triples · 52,250,000 distinct triples written
  Partitioned compression: 60820188475559_first250000: cottas-merge merging — 52,500,000 triples · 52,500,000 distinct triples written
  Partitioned compression: 60820188475559_first250000: cottas-merge merging — 52,750,000 triples · 52,750,000 distinct triples written
  Partitioned compression: 60820188475559_first250000: cottas-merge merging — 53,000,000 triples · 53,000,000 distinct triples written
  Partitioned compression: 60820188475559_first250000: cottas-merge merging — 53,250,000 triples · 53,250,000 distinct triples written
  Partitioned compression: 60820188475559_first250000: cottas-merge merging — 53,500,000 triples · 53,500,000 distinct triples written
  Partitioned compression: 60820188475559_first250000: cottas-merge merging — 53,750,000 triples · 53,750,000 distinct triples written
  Partitioned compression: 60820188475559_first250000: cottas-merge merging — 54,000,000 triples · 54,000,000 distinct triples written
  Partitioned compression: 60820188475559_first250000: cottas-merge merging — 54,250,000 triples · 54,250,000 distinct triples written
  Partitioned compression: 60820188475559_first250000: cottas-merge merging — 54,500,000 triples · 54,500,000 distinct triples written
  Partitioned compression: 60820188475559_first250000: cottas-merge merging — 54,750,000 triples · 54,750,000 distinct triples written
  Partitioned compression: 60820188475559_first250000: cottas-merge merging — 55,000,000 triples · 55,000,000 distinct triples written
  Partitioned compression: 60820188475559_first250000: cottas-merge merging — 55,250,000 triples · 55,250,000 distinct triples written
  Partitioned compression: 60820188475559_first250000: cottas-merge merging — 55,500,000 triples · 55,500,000 distinct triples written
  Partitioned compression: 60820188475559_first250000: cottas-merge merging — 55,750,000 triples · 55,750,000 distinct triples written
  Partitioned compression: 60820188475559_first250000: cottas-merge merging — 56,000,000 triples · 56,000,000 distinct triples written
  Partitioned compression: 60820188475559_first250000: cottas-merge merging — 56,250,000 triples · 56,250,000 distinct triples written
  Partitioned compression: 60820188475559_first250000: cottas-merge merging — 56,500,000 triples · 56,500,000 distinct triples written
  Partitioned compression: 60820188475559_first250000: cottas-merge merging — 56,750,000 triples · 56,750,000 distinct triples written
  Partitioned compression: 60820188475559_first250000: cottas-merge merging — 57,000,000 triples · 57,000,000 distinct triples written
  Partitioned compression: 60820188475559_first250000: cottas-merge merging — 57,250,000 triples · 57,250,000 distinct triples written
  Partitioned compression: 60820188475559_first250000: cottas-merge merging — 57,500,000 triples · 57,500,000 distinct triples written
  Partitioned compression: 60820188475559_first250000: cottas-merge merging — 57,750,000 triples · 57,750,000 distinct triples written
  Partitioned compression: 60820188475559_first250000: cottas-merge merging — 58,000,000 triples · 58,000,000 distinct triples written
  Partitioned compression: 60820188475559_first250000: cottas-merge merging — 58,250,000 triples · 58,250,000 distinct triples written
  Partitioned compression: 60820188475559_first250000: cottas-merge merging — 58,500,000 triples · 58,500,000 distinct triples written
  Partitioned compression: 60820188475559_first250000: cottas-merge merging — 58,750,000 triples · 58,750,000 distinct triples written
  Partitioned compression: 60820188475559_first250000: cottas-merge merging — 59,000,000 triples · 59,000,000 distinct triples written
  Partitioned compression: 60820188475559_first250000: cottas-merge merging — 59,250,000 triples · 59,250,000 distinct triples written
  Partitioned compression: 60820188475559_first250000: cottas-merge merging — 59,500,000 triples · 59,500,000 distinct triples written
  Partitioned compression: 60820188475559_first250000: cottas-merge merging — 59,750,000 triples · 59,750,000 distinct triples written
  Partitioned compression: 60820188475559_first250000: cottas-merge merging — 60,000,000 triples · 60,000,000 distinct triples written
  Partitioned compression: 60820188475559_first250000: cottas-merge merging — 60,250,000 triples · 60,250,000 distinct triples written
  Partitioned compression: 60820188475559_first250000: cottas-merge merging — 60,500,000 triples · 60,500,000 distinct triples written
  Partitioned compression: 60820188475559_first250000: cottas-merge merging — 60,750,000 triples · 60,750,000 distinct triples written
  Partitioned compression: 60820188475559_first250000: cottas-merge merging — 61,000,000 triples · 61,000,000 distinct triples written
  Partitioned compression: 60820188475559_first250000: cottas-merge merging — 61,250,000 triples · 61,250,000 distinct triples written
  Partitioned compression: 60820188475559_first250000: cottas-merge merging — 61,500,000 triples · 61,500,000 distinct triples written
  Partitioned compression: 60820188475559_first250000: cottas-merge merging — 61,750,000 triples · 61,750,000 distinct triples written
  Partitioned compression: 60820188475559_first250000: cottas-merge merging — 62,000,000 triples · 62,000,000 distinct triples written
  Partitioned compression: 60820188475559_first250000: cottas-merge merging — 62,250,000 triples · 62,250,000 distinct triples written
  Partitioned compression: 60820188475559_first250000: cottas-merge merging — 62,500,000 triples · 62,500,000 distinct triples written
  Partitioned compression: 60820188475559_first250000: cottas-merge merging — 62,750,000 triples · 62,750,000 distinct triples written
  Partitioned compression: 60820188475559_first250000: cottas-merge merging — 63,000,000 triples · 63,000,000 distinct triples written
  Partitioned compression: 60820188475559_first250000: cottas-merge merging — 63,250,000 triples · 63,250,000 distinct triples written
  Partitioned compression: 60820188475559_first250000: cottas-merge merging — 63,500,000 triples · 63,500,000 distinct triples written
  Partitioned compression: 60820188475559_first250000: cottas-merge merging — 63,750,000 triples · 63,750,000 distinct triples written
  Partitioned compression: 60820188475559_first250000: cottas-merge merging — 64,000,000 triples · 64,000,000 distinct triples written
  Partitioned compression: 60820188475559_first250000: cottas-merge merging — 64,250,000 triples · 64,250,000 distinct triples written
  Partitioned compression: 60820188475559_first250000: cottas-merge merging — 64,500,000 triples · 64,500,000 distinct triples written
  Partitioned compression: 60820188475559_first250000: cottas-merge merging — 64,750,000 triples · 64,750,000 distinct triples written
  Partitioned compression: 60820188475559_first250000: cottas-merge merging — 65,000,000 triples · 65,000,000 distinct triples written
  Partitioned compression: 60820188475559_first250000: cottas-merge merging — 65,250,000 triples · 65,250,000 distinct triples written
  Partitioned compression: 60820188475559_first250000: cottas-merge merging — 65,500,000 triples · 65,500,000 distinct triples written
  Partitioned compression: 60820188475559_first250000: cottas-merge merging — 65,750,000 triples · 65,750,000 distinct triples written
  Partitioned compression: 60820188475559_first250000: cottas-merge merging — 66,000,000 triples · 66,000,000 distinct triples written
  Partitioned compression: 60820188475559_first250000: cottas-merge merging — 66,250,000 triples · 66,250,000 distinct triples written
  Partitioned compression: 60820188475559_first250000: cottas-merge merging — 66,500,000 triples · 66,500,000 distinct triples written
  Partitioned compression: 60820188475559_first250000: cottas-merge merging — 66,750,000 triples · 66,750,000 distinct triples written
  Partitioned compression: 60820188475559_first250000: cottas-merge merging — 67,000,000 triples · 67,000,000 distinct triples written
  Partitioned compression: 60820188475559_first250000: cottas-merge merging — 67,250,000 triples · 67,250,000 distinct triples written
  Partitioned compression: 60820188475559_first250000: cottas-merge merging — 67,500,000 triples · 67,500,000 distinct triples written
  Partitioned compression: 60820188475559_first250000: cottas-merge merging — 67,750,000 triples · 67,750,000 distinct triples written
  Partitioned compression: 60820188475559_first250000: cottas-merge merging — 68,000,000 triples · 68,000,000 distinct triples written
  Partitioned compression: 60820188475559_first250000: cottas-merge merging — 68,250,000 triples · 68,250,000 distinct triples written
  Partitioned compression: 60820188475559_first250000: cottas-merge merging — 68,500,000 triples · 68,500,000 distinct triples written
  Partitioned compression: 60820188475559_first250000: cottas-merge merging — 68,750,000 triples · 68,750,000 distinct triples written
  Partitioned compression: 60820188475559_first250000: cottas-merge merging — 69,000,000 triples · 69,000,000 distinct triples written
  Partitioned compression: 60820188475559_first250000: cottas-merge merging — 69,250,000 triples · 69,250,000 distinct triples written
  Partitioned compression: 60820188475559_first250000: cottas-merge merging — 69,500,000 triples · 69,500,000 distinct triples written
  Partitioned compression: 60820188475559_first250000: cottas-merge merging — 69,750,000 triples · 69,750,000 distinct triples written
  Partitioned compression: 60820188475559_first250000: cottas-merge merging — 70,000,000 triples · 70,000,000 distinct triples written
  Partitioned compression: 60820188475559_first250000: cottas-merge merging — 70,250,000 triples · 70,250,000 distinct triples written
  Partitioned compression: 60820188475559_first250000: cottas-merge merging — 70,500,000 triples · 70,500,000 distinct triples written
  Partitioned compression: 60820188475559_first250000: cottas-merge merging — 70,750,000 triples · 70,750,000 distinct triples written
  Partitioned compression: 60820188475559_first250000: cottas-merge merging — 71,000,000 triples · 71,000,000 distinct triples written
  Partitioned compression: 60820188475559_first250000: cottas-merge merging — 71,250,000 triples · 71,250,000 distinct triples written
  Partitioned compression: 60820188475559_first250000: cottas-merge merging — 71,500,000 triples · 71,500,000 distinct triples written
  Partitioned compression: 60820188475559_first250000: cottas-merge merging — 71,750,000 triples · 71,750,000 distinct triples written
  Partitioned compression: 60820188475559_first250000: cottas-merge merging — 72,000,000 triples · 72,000,000 distinct triples written
  Partitioned compression: 60820188475559_first250000: cottas-merge merging — 72,250,000 triples · 72,250,000 distinct triples written
  Partitioned compression: 60820188475559_first250000: cottas-merge merging — 72,500,000 triples · 72,500,000 distinct triples written
  Partitioned compression: 60820188475559_first250000: cottas-merge merging — 72,750,000 triples · 72,750,000 distinct triples written
  Partitioned compression: 60820188475559_first250000: cottas-merge merging — 73,000,000 triples · 73,000,000 distinct triples written
  Partitioned compression: 60820188475559_first250000: cottas-merge merging — 73,250,000 triples · 73,250,000 distinct triples written
  Partitioned compression: 60820188475559_first250000: cottas-merge merging — 73,500,000 triples · 73,500,000 distinct triples written
  Partitioned compression: 60820188475559_first250000: cottas-merge merging — 73,750,000 triples · 73,750,000 distinct triples written
  Partitioned compression: 60820188475559_first250000: cottas-merge merging — 74,000,000 triples · 74,000,000 distinct triples written
  Partitioned compression: 60820188475559_first250000: cottas-merge merging — 74,250,000 triples · 74,250,000 distinct triples written
  Partitioned compression: 60820188475559_first250000: cottas-merge merging — 74,500,000 triples · 74,500,000 distinct triples written
  Partitioned compression: 60820188475559_first250000: cottas-merge merging — 74,750,000 triples · 74,750,000 distinct triples written
  Partitioned compression: 60820188475559_first250000: cottas-merge merging — 75,000,000 triples · 75,000,000 distinct triples written
  Partitioned compression: 60820188475559_first250000: cottas-merge merging — 75,250,000 triples · 75,250,000 distinct triples written
  Partitioned compression: 60820188475559_first250000: cottas-merge merging — 75,500,000 triples · 75,500,000 distinct triples written
  Partitioned compression: 60820188475559_first250000: cottas-merge merging — 75,750,000 triples · 75,750,000 distinct triples written
  Partitioned compression: 60820188475559_first250000: cottas-merge merging — 76,000,000 triples · 76,000,000 distinct triples written
  Partitioned compression: 60820188475559_first250000: cottas-merge merging — 76,250,000 triples · 76,250,000 distinct triples written
  Partitioned compression: 60820188475559_first250000: cottas-merge merging — 76,500,000 triples · 76,500,000 distinct triples written
  Partitioned compression: 60820188475559_first250000: cottas-merge merging — 76,750,000 triples · 76,750,000 distinct triples written
  Partitioned compression: 60820188475559_first250000: cottas-merge merging — 77,000,000 triples · 77,000,000 distinct triples written
  Partitioned compression: 60820188475559_first250000: cottas-merge merging — 77,250,000 triples · 77,250,000 distinct triples written
  Partitioned compression: 60820188475559_first250000: cottas-merge merging — 77,500,000 triples · 77,500,000 distinct triples written
  Partitioned compression: 60820188475559_first250000: cottas-merge merging — 77,750,000 triples · 77,750,000 distinct triples written
  Partitioned compression: 60820188475559_first250000: cottas-merge merging — 78,000,000 triples · 78,000,000 distinct triples written
  Partitioned compression: 60820188475559_first250000: cottas-merge merging — 78,250,000 triples · 78,250,000 distinct triples written
  Partitioned compression: 60820188475559_first250000: cottas-merge merging — 78,500,000 triples · 78,500,000 distinct triples written
  Partitioned compression: 60820188475559_first250000: cottas-merge merging — 78,750,000 triples · 78,750,000 distinct triples written
  Partitioned compression: 60820188475559_first250000: cottas-merge merging — 79,000,000 triples · 79,000,000 distinct triples written
  Partitioned compression: 60820188475559_first250000: cottas-merge merging — 79,250,000 triples · 79,250,000 distinct triples written
  Partitioned compression: 60820188475559_first250000: cottas-merge merging — 79,500,000 triples · 79,500,000 distinct triples written
  Partitioned compression: 60820188475559_first250000: cottas-merge complete — 79,651,241 triples · 79,651,241 distinct triples written
  Partitioned compression: 60820188475559_first250000: cottas-merge complete — cottas-merge-stream
  Partitioned compression: 60820188475559_first250000: cottas started — cottas-validate
  Partitioned compression: 60820188475559_first250000: cottas complete — cottas-validate
Partitioned compression: 60820188475559_first250000: finished
