Step 1/5: Validating inputs ✅
  Metrics: /home/ubuntu/vcf-rdfizer-testing/benchmarks_outputs/05_corpus_breadth/consumer_wgs__60820188475559__first250000/out/run_metrics/60820188475559_first250000__20260924T122917
  Detailed logs: /home/ubuntu/vcf-rdfizer-testing/benchmarks_outputs/05_corpus_breadth/consumer_wgs__60820188475559__first250000/out/run_metrics/60820188475559_first250000__20260924T122917/logs/wrapper.log
  Progress log: /home/ubuntu/vcf-rdfizer-testing/benchmarks_outputs/05_corpus_breadth/consumer_wgs__60820188475559__first250000/out/run_metrics/60820188475559_first250000__20260924T122917/logs/progress.log
Step 2/5: Ensuring Docker image is available ✅
Step 3/5: Processing per-input pipeline (TSV -> RDF -> compression)
  Spark partition hint: 8
  Sample representation: expanded
  INFO representation: structured
  Header representation: structured
  - Input 1/1: 60820188475559_first250000.vcf.gz
    * TSV conversion ✅
    * VCF version: VCFv4.2 (detected)
    * RDF conversion ✅
    * Streaming expanded multi-sample RDF (no expanded helper TSVs)
    * Sample RDF streaming: 10,000 variants, 10,000 calls
    * Sample RDF streaming: 20,000 variants, 20,000 calls
    * Sample RDF streaming: 30,000 variants, 30,000 calls
    * Sample RDF streaming: 40,000 variants, 40,000 calls
    * Sample RDF streaming: 50,000 variants, 50,000 calls
    * Sample RDF streaming: 60,000 variants, 60,000 calls
    * Sample RDF streaming: 70,000 variants, 70,000 calls
    * Sample RDF streaming: 80,000 variants, 80,000 calls
    * Sample RDF streaming: 90,000 variants, 90,000 calls
    * Sample RDF streaming: 100,000 variants, 100,000 calls
    * Sample RDF streaming: 110,000 variants, 110,000 calls
    * Sample RDF streaming: 120,000 variants, 120,000 calls
    * Sample RDF streaming: 130,000 variants, 130,000 calls
    * Sample RDF streaming: 140,000 variants, 140,000 calls
    * Sample RDF streaming: 150,000 variants, 150,000 calls
    * Sample RDF streaming: 160,000 variants, 160,000 calls
    * Sample RDF streaming: 170,000 variants, 170,000 calls
    * Sample RDF streaming: 180,000 variants, 180,000 calls
    * Sample RDF streaming: 190,000 variants, 190,000 calls
    * Sample RDF streaming: 200,000 variants, 200,000 calls
    * Sample RDF streaming: 210,000 variants, 210,000 calls
    * Sample RDF streaming: 220,000 variants, 220,000 calls
    * Sample RDF streaming: 230,000 variants, 230,000 calls
    * Sample RDF streaming: 240,000 variants, 240,000 calls
    * Sample RDF streaming: 250,000 variants, 250,000 calls
    * Sample calls streamed: 250,000; FORMAT values: 3,027,232
    * Streaming structured header RDF
    * Header lines typed: 135; contigs: 86
    * Streaming QUAL and structured INFO RDF
    * INFO RDF streaming: 10,000 variants, 136,005 values
    * INFO RDF streaming: 20,000 variants, 275,183 values
    * INFO RDF streaming: 30,000 variants, 416,452 values
    * INFO RDF streaming: 40,000 variants, 553,547 values
    * INFO RDF streaming: 50,000 variants, 691,232 values
    * INFO RDF streaming: 60,000 variants, 830,653 values
    * INFO RDF streaming: 70,000 variants, 968,538 values
    * INFO RDF streaming: 80,000 variants, 1,109,156 values
    * INFO RDF streaming: 90,000 variants, 1,246,229 values
    * INFO RDF streaming: 100,000 variants, 1,384,400 values
    * INFO RDF streaming: 110,000 variants, 1,520,680 values
    * INFO RDF streaming: 120,000 variants, 1,656,396 values
    * INFO RDF streaming: 130,000 variants, 1,793,697 values
    * INFO RDF streaming: 140,000 variants, 1,930,044 values
    * INFO RDF streaming: 150,000 variants, 2,067,461 values
    * INFO RDF streaming: 160,000 variants, 2,208,867 values
    * INFO RDF streaming: 170,000 variants, 2,349,454 values
    * INFO RDF streaming: 180,000 variants, 2,485,386 values
    * INFO RDF streaming: 190,000 variants, 2,621,920 values
    * INFO RDF streaming: 200,000 variants, 2,762,012 values
    * INFO RDF streaming: 210,000 variants, 2,899,926 values
    * INFO RDF streaming: 220,000 variants, 3,035,648 values
    * INFO RDF streaming: 230,000 variants, 3,173,581 values
    * INFO RDF streaming: 240,000 variants, 3,313,217 values
    * INFO RDF streaming: 250,000 variants, 3,449,461 values
    * QUAL values streamed: 250,000; INFO values: 3,449,461; declarations: 16
    * Triples produced: 79,651,241
    * Compression ✅
    * Output directory: /home/ubuntu/vcf-rdfizer-testing/benchmarks_outputs/05_corpus_breadth/consumer_wgs__60820188475559__first250000/out/60820188475559_first250000
      - RDF aggregate: 60820188475559_first250000.nt.gz
      - RDF (.gz): 355.13 MB (removed after successful compression)
      - HDT (.hdt): 521.71 MB (/home/ubuntu/vcf-rdfizer-testing/benchmarks_outputs/05_corpus_breadth/consumer_wgs__60820188475559__first250000/out/60820188475559_first250000/60820188475559_first250000.hdt)
      - COTTAS (.cottas): 195.52 MB (/home/ubuntu/vcf-rdfizer-testing/benchmarks_outputs/05_corpus_breadth/consumer_wgs__60820188475559__first250000/out/60820188475559_first250000/60820188475559_first250000.cottas)
Total triples produced (full run): 79,651,241
Conversion process finished.
Run time (full mode): 1h 53m 56.5s
Timing log: /home/ubuntu/vcf-rdfizer-testing/benchmarks_outputs/05_corpus_breadth/consumer_wgs__60820188475559__first250000/out/run_metrics/60820188475559_first250000__20260924T122917/wrapper_execution_times.csv
Metrics summary: /home/ubuntu/vcf-rdfizer-testing/benchmarks_outputs/05_corpus_breadth/consumer_wgs__60820188475559__first250000/out/run_metrics/60820188475559_first250000__20260924T122917/summary.json
