Step 1/5: Validating inputs ✅
  Metrics: /home/ubuntu/vrdev-test/acmg-run/results/17_use_case_acmg__cohort/convert__HG03897/out/run_metrics/HG03897.acmg__20260928T170833
  Detailed logs: /home/ubuntu/vrdev-test/acmg-run/results/17_use_case_acmg__cohort/convert__HG03897/out/run_metrics/HG03897.acmg__20260928T170833/logs/wrapper.log
  Progress log: /home/ubuntu/vrdev-test/acmg-run/results/17_use_case_acmg__cohort/convert__HG03897/out/run_metrics/HG03897.acmg__20260928T170833/logs/progress.log
Step 2/5: Ensuring Docker image is available ✅
Step 3/5: Processing per-input pipeline (TSV -> RDF -> compression)
  Sample representation: expanded
  INFO representation: structured
  Header representation: structured
  - Input 1/1: HG03897.acmg.vcf
    * TSV conversion ✅
    * VCF version: VCFv4.2 (detected)
    * RDF conversion ✅
    * Streaming expanded multi-sample RDF (no expanded helper TSVs)
    * Sample RDF streaming: 10,000 variants, 10,000 calls
    * Sample calls streamed: 11,524; FORMAT values: 11,524
    * Streaming structured header RDF
    * Header lines typed: 43; contigs: 24
    * Streaming QUAL and structured INFO RDF
    * INFO RDF streaming: 10,000 variants, 0 values
    * QUAL values streamed: 11,524; INFO values: 0; declarations: 0
    * Triples produced: 679,954
    * Compression ✅
    * Output directory: /home/ubuntu/vrdev-test/acmg-run/results/17_use_case_acmg__cohort/convert__HG03897/out/HG03897.acmg
      - RDF aggregate: HG03897.acmg.nt
      - N-Triples (.nt): 87.23 MB (removed after successful compression)
      - gzip (.nt.gz): 3.19 MB
Total triples produced (full run): 679,954
Conversion process finished.
Run time (full mode): 16.69s
Timing log: /home/ubuntu/vrdev-test/acmg-run/results/17_use_case_acmg__cohort/convert__HG03897/out/run_metrics/HG03897.acmg__20260928T170833/wrapper_execution_times.csv
Metrics summary: /home/ubuntu/vrdev-test/acmg-run/results/17_use_case_acmg__cohort/convert__HG03897/out/run_metrics/HG03897.acmg__20260928T170833/summary.json
