Step 1/5: Validating inputs ✅
  Metrics: /home/ubuntu/vrdev-test/acmg-run/results/17_use_case_acmg__cohort/convert__NA20827/out/run_metrics/NA20827.acmg__20260928T170957
  Detailed logs: /home/ubuntu/vrdev-test/acmg-run/results/17_use_case_acmg__cohort/convert__NA20827/out/run_metrics/NA20827.acmg__20260928T170957/logs/wrapper.log
  Progress log: /home/ubuntu/vrdev-test/acmg-run/results/17_use_case_acmg__cohort/convert__NA20827/out/run_metrics/NA20827.acmg__20260928T170957/logs/progress.log
Step 2/5: Ensuring Docker image is available ✅
Step 3/5: Processing per-input pipeline (TSV -> RDF -> compression)
  Sample representation: expanded
  INFO representation: structured
  Header representation: structured
  - Input 1/1: NA20827.acmg.vcf
    * TSV conversion ✅
    * VCF version: VCFv4.2 (detected)
    * RDF conversion ✅
    * Streaming expanded multi-sample RDF (no expanded helper TSVs)
    * Sample calls streamed: 9,759; FORMAT values: 9,759
    * Streaming structured header RDF
    * Header lines typed: 43; contigs: 24
    * Streaming QUAL and structured INFO RDF
    * QUAL values streamed: 9,759; INFO values: 0; declarations: 0
    * Triples produced: 576,333
    * Compression ✅
    * Output directory: /home/ubuntu/vrdev-test/acmg-run/results/17_use_case_acmg__cohort/convert__NA20827/out/NA20827.acmg
      - RDF aggregate: NA20827.acmg.nt
      - N-Triples (.nt): 73.84 MB (removed after successful compression)
      - gzip (.nt.gz): 2.70 MB
Total triples produced (full run): 576,333
Conversion process finished.
Run time (full mode): 16.54s
Timing log: /home/ubuntu/vrdev-test/acmg-run/results/17_use_case_acmg__cohort/convert__NA20827/out/run_metrics/NA20827.acmg__20260928T170957/wrapper_execution_times.csv
Metrics summary: /home/ubuntu/vrdev-test/acmg-run/results/17_use_case_acmg__cohort/convert__NA20827/out/run_metrics/NA20827.acmg__20260928T170957/summary.json
