
[2026-09-16T03:31:16] $ docker version
Client: Docker Engine - Community
 Version:           29.7.2
 API version:       1.55
 Go version:        go1.26.5
 Git commit:        a7dcaa6
 Built:             Wed Aug  5 18:28:53 2026
 OS/Arch:           linux/amd64
 Context:           default

Server: Docker Engine - Community
 Engine:
  Version:          29.7.2
  API version:      1.55 (minimum version 1.40)
  Go version:       go1.26.5
  Git commit:       6a43e3d
  Built:            Wed Aug  5 18:28:53 2026
  OS/Arch:          linux/amd64
  Experimental:     false
 containerd:
  Version:          v2.3.3
  GitCommit:        aad11006b869517fcd3009450b6f82da282e1a9b
 runc:
  Version:          1.4.3
  GitCommit:        v1.4.3-0-gbb14dabe
 docker-init:
  Version:          0.19.0
  GitCommit:        de40ad0
[exit 0]

[2026-09-16T03:31:16] $ docker image inspect vcf-rdfizer:local-a3679e1
[
    {
        "Id": "sha256:f0fb17f6a04f896400add92f5a3cc545674d0eeef59401a49f9da2548ca13eef",
        "RepoTags": [
            "vcf-rdfizer:local-a3679e1"
        ],
        "RepoDigests": [
            "vcf-rdfizer@sha256:f0fb17f6a04f896400add92f5a3cc545674d0eeef59401a49f9da2548ca13eef"
        ],
        "Comment": "buildkit.dockerfile.v0",
        "Created": "2026-09-15T11:13:46.041210924+02:00",
        "Config": {
            "Env": [
                "PATH=/opt/java/openjdk/bin:/usr/local/sbin:/usr/local/bin:/usr/sbin:/usr/bin:/sbin:/bin",
                "JAVA_HOME=/opt/java/openjdk",
                "LANG=en_US.UTF-8",
                "LANGUAGE=en_US:en",
                "LC_ALL=en_US.UTF-8",
                "JAVA_VERSION=jdk-11.0.32+9",
                "RMLSTREAMER_JAR=/opt/rmlstreamer/RMLStreamer-v2.5.0-standalone.jar",
                "JAR=/opt/rmlstreamer/RMLStreamer-v2.5.0-standalone.jar",
                "HDTC_BIN=/usr/local/bin/hdtc",
                "HDT_INDEX_MEMORY_LIMIT=512M",
                "HDT_MERGE_MEMORY_LIMIT=512M",
                "COTTAS_MERGE_BATCH_ROWS=2048",
                "RDF2HDT_BIN=/usr/local/bin/rdf2hdt",
                "HDT2RDF_BIN=/usr/local/bin/hdt2rdf",
                "COTTAS_PYTHON_BIN=/opt/pycottas-venv/bin/python",
                "QLEVER_INDEX_BUILDER_BIN=/opt/qlever/bin/qlever-index",
                "QLEVER_SERVER_BIN=/opt/qlever/bin/qlever-server",
                "LD_LIBRARY_PATH=/usr/local/lib"
            ],
            "Entrypoint": [
                "/__cacert_entrypoint.sh"
            ],
            "WorkingDir": "/work",
            "Labels": {
                "org.opencontainers.image.created": "2026-09-01T20:37:00.369571+00:00",
                "org.opencontainers.image.description": "The Ubuntu container image maintained by Canonical\n\nUbuntu is a Debian-based Linux operating system that runs from the desktop to the cloud, to all your internet connected things.\nIt is the world's most popular operating system across public clouds and OpenStack clouds.\nIt is the number one platform for containers; from Docker to Kubernetes to LXD, Ubuntu can run your containers at scale.\nFast, secure and simple, Ubuntu powers millions of PCs worldwide.\n",
                "org.opencontainers.image.title": "ubuntu",
                "org.opencontainers.image.version": "26.04"
            }
        },
        "Architecture": "amd64",
        "Os": "linux",
        "Size": 718239819,
        "RootFS": {
            "Type": "layers",
            "Layers": [
                "sha256:4a6e4a6c5956212bf74c556250eb0028096f13d74501e43af51a1dbed8d69749",
                "sha256:4f41b99e67b8aeaedacb31ca888054a4b877577371f0bbe01196e136d2793635",
                "sha256:0e285b78ab95a51c4387d9539983134c8f77a8f3edf2bdccfe5bd38d77c45542",
                "sha256:3209850cea34b64af802eaa30d1b486ad4e608a8ad737b1dacbb77d9c7f2f2c6",
                "sha256:33467da9efead533d62612ce3ba4ad8d61f3f99aec1147ed81096762b4e8972b",
                "sha256:a0b95b55c538a70e4298e93042b25ea183b691347ad319ada23de032c63d1265",
                "sha256:e1dddc1d8ea8d9e7049c887c3d37805c9fbe45aba65ad103b33ce1b5bde9cb9b",
                "sha256:b69aca5d602a94b76f5af09f62f28123737eadbd2be48550a67401983be9dc0d",
                "sha256:331506bda88fca174453ca9f5c723a61a8cb19eb360cc1a46b4cca2c392d6867",
                "sha256:efab45a3d7d46a0bd40dca8583074c36334a2b55a0d54cea59982b7c8974f78b",
                "sha256:8feae9218f08e5eb5a8198ef71e5e5557d1d8903c6b6bfabbb58afc99f6b2e7c",
                "sha256:9ab39df5d8ed93dcadc9399d97388b7fecc9937326022817ac6505fa7d2f9f69",
                "sha256:c1ffc953a085c4a3d2ebc4d2df603876427e1d3affc13d54c849b7d190b68512",
                "sha256:6f5c1899458681c81b4c084555815227b8946aa03e07d2d7b43ae03c79475005",
                "sha256:c5dacad15f6f4cba4d0322437513efaa56be0ba6d9f09441583409c84aea54c9",
                "sha256:9083830ba63a31d8ded8083cedd913503499b0474fb4d8bc98c3cb559013d77f",
                "sha256:f754ef2f345070a297965a52faa44c28770d22feca4795a1b04fd6e38f476a07",
                "sha256:8724ab9c5b45cac4648232d1a320536dc8683c0b7aea7796f9415c308e026654",
                "sha256:bfd6476242284413a6126ab296cad34b1dfa27e5bda1002f307d593ae2ef3104",
                "sha256:1d0bad36bb6524d147da38f51df27701d23bdd27f4764c7ed59ccab8b7d1828a",
                "sha256:f28a74ae0c899eb78d4c2758d8be7e8fa3f8e720a7a762daa68e45cb3f3f72ca",
                "sha256:53449b166ba92f561eb9d98e40697e8d00a65cd42cc185370756db79e66ab6e8",
                "sha256:341850065e3fc88cd58c2db90f00fc1a129b04717e47f9e1d2e24da99598b169",
                "sha256:cf279736c497fd93612c55689dd8f93efda8ada726424e9ea41ddfedb1a368d4",
                "sha256:7b7d51f9a5bb58cbc687f299a2a3928bae15f251741ca7cdfabca15fbd632147",
                "sha256:28632defe03f374d039251a258af6f7b6e11bcefb15be890d44f8cced5c593a7",
                "sha256:42cb9437b83af7ba5f6782c8d3ecb26da9fcbdad646c179bb6528d1afc3fbb80",
                "sha256:60faff3857b0b4dc77baedb3d9223ea3e477d892bbb82dd18505f2a2c8e541c9",
                "sha256:5f70bf18a086007016e948b04aed3b82103a36bea41755b6cddfaf10ace3c6ef"
            ]
        },
        "Metadata": {
            "LastTagTime": "2026-09-15T11:52:36.65799554Z"
        },
        "Descriptor": {
            "mediaType": "application/vnd.oci.image.index.v1+json",
            "digest": "sha256:f0fb17f6a04f896400add92f5a3cc545674d0eeef59401a49f9da2548ca13eef",
            "size": 856
        },
        "Identity": {
            "Build": [
                {
                    "Ref": "b78vqupkuz8xawb7e0wvi85aj",
                    "CreatedAt": "2026-09-15T13:52:36.678326812+02:00"
                }
            ]
        }
    }
]
[exit 0]

[2026-09-16T03:31:16] $ docker run --rm --label vcf-rdfizer.run=20260916T033116-1096632 --user 1000:1000 -v /home/ubuntu/vcf-rdfizer-testing/vcf_data/derived:/data/in:ro -v /home/ubuntu/vcf-rdfizer-testing/benchmarks_outputs/13_query_cost/large__r3/out/.intermediate/tsv:/data/tsv -v /home/ubuntu/vcf-rdfizer-testing/benchmarks_outputs/13_query_cost/large__r3/out/run_metrics/HG005_GRCh38_r100000__20260916T033116:/data/metrics vcf-rdfizer:local-a3679e1 bash -lc 'set -euo pipefail; rm -f /data/metrics/timings/tsv/HG005_GRCh38_r100000.txt; if [[ -x /usr/bin/time ]] && /usr/bin/time --version >/dev/null 2>&1; then /usr/bin/time -v -o /data/metrics/timings/tsv/HG005_GRCh38_r100000.txt -- bash /opt/vcf-rdfizer/vcf_as_tsv.sh /data/in/HG005_GRCh38_r100000.vcf.gz /data/tsv; else { time -p bash /opt/vcf-rdfizer/vcf_as_tsv.sh /data/in/HG005_GRCh38_r100000.vcf.gz /data/tsv; } > /data/metrics/timings/tsv/HG005_GRCh38_r100000.txt 2>&1; fi'
✅ Wrote: /data/tsv/HG005_GRCh38_r100000.records.tsv
✅ Wrote: /data/tsv/HG005_GRCh38_r100000.header_lines.tsv
✅ Wrote: /data/tsv/HG005_GRCh38_r100000.file_metadata.tsv
[exit 0]

[2026-09-16T03:31:18] $ docker run --rm --label vcf-rdfizer.run=20260916T033116-1096632 --user 1000:1000 -v /home/ubuntu/vcf-rdfizer-testing/vcf_data/derived:/data/in:ro -v /home/ubuntu/vcf-rdfizer-testing/benchmarks_outputs/13_query_cost/large__r3/out/run_metrics/HG005_GRCh38_r100000__20260916T033116/_generated_rules:/data/rules:ro -v /home/ubuntu/vcf-rdfizer-testing/benchmarks_outputs/13_query_cost/large__r3/out/.intermediate/tsv:/data/tsv:ro -v /home/ubuntu/vcf-rdfizer-testing/benchmarks_outputs/13_query_cost/large__r3/out:/data/out -v /home/ubuntu/vcf-rdfizer-testing/benchmarks_outputs/13_query_cost/large__r3/out/run_metrics/HG005_GRCh38_r100000__20260916T033116:/data/metrics -w /data/rules -e JAR=/opt/rmlstreamer/RMLStreamer-v2.5.0-standalone.jar -e IN=/data/rules/HG005_GRCh38_r100000.rules.ttl -e OUT_DIR=/data/out -e OUT_NAME=HG005_GRCh38_r100000 -e RDF_STORAGE_MODE=space-optimized -e SPARK_PARTITIONS=8 -e RUN_ID=20260916T033116 -e TIMESTAMP=2026-09-16T03:31:16 -e TSV_EXIT_CODE=0 -e TSV_WALL_SECONDS=2.001561 -e TSV_USER_SECONDS=1.460000 -e TSV_SYS_SECONDS=0.140000 -e TSV_MAX_RSS_KB=7680 -e TSV_OUTPUT_SIZE_BYTES=64709208 -e 'TSV_OUTPUT_PATH=/data/tsv/HG005_GRCh38_r100000.records.tsv|/data/tsv/HG005_GRCh38_r100000.header_lines.tsv|/data/tsv/HG005_GRCh38_r100000.file_metadata.tsv' -e IN_VCF=/data/in/HG005_GRCh38_r100000.vcf.gz -e LOGDIR=/data/metrics -e PROGRESS_FILE=/data/metrics/.progress/rmlstreamer-HG005_GRCh38_r100000.jsonl vcf-rdfizer:local-a3679e1 bash /opt/vcf-rdfizer/run_conversion.sh
01:31:19,062 INFO  io.rml.framework.Main$                                        - Mapping file: /data/rules/HG005_GRCh38_r100000.rules.ttl
Job name: RMLStreamer
Base IRI: /
Parallelise over local task slots: true
Maximum parallelism: None
Post processor: None
Checkpoint interval: /
Auto Watermark interval: 50
Output method: File
Output file: /data/out/HG005_GRCh38_r100000/.rmlstreamer-parts-HG005_GRCh38_r100000-1
Kafka broker list: /
Kafka topic: /
Kafka topic partition id: /
Output TCP socket: /
Function description locations: None
Discard output: false
01:31:19,629 WARN  io.rml.framework.core.model.csvw.CSVWDialect                  - Only csvw:delimiter is supported, other dialect options will be ignored!
01:31:19,635 WARN  io.rml.framework.core.model.csvw.CSVWDialect                  - Only csvw:delimiter is supported, other dialect options will be ignored!
01:31:19,637 WARN  io.rml.framework.core.model.csvw.CSVWDialect                  - Only csvw:delimiter is supported, other dialect options will be ignored!
01:31:19,640 WARN  io.rml.framework.core.model.csvw.CSVWDialect                  - Only csvw:delimiter is supported, other dialect options will be ignored!
01:31:19,641 WARN  io.rml.framework.core.model.csvw.CSVWDialect                  - Only csvw:delimiter is supported, other dialect options will be ignored!
01:31:19,643 WARN  io.rml.framework.core.model.csvw.CSVWDialect                  - Only csvw:delimiter is supported, other dialect options will be ignored!
01:31:19,644 WARN  io.rml.framework.core.model.csvw.CSVWDialect                  - Only csvw:delimiter is supported, other dialect options will be ignored!
01:31:19,646 WARN  io.rml.framework.core.model.csvw.CSVWDialect                  - Only csvw:delimiter is supported, other dialect options will be ignored!
01:31:19,647 WARN  io.rml.framework.core.model.csvw.CSVWDialect                  - Only csvw:delimiter is supported, other dialect options will be ignored!
01:31:19,648 WARN  io.rml.framework.core.model.csvw.CSVWDialect                  - Only csvw:delimiter is supported, other dialect options will be ignored!
01:31:19,649 WARN  io.rml.framework.core.model.csvw.CSVWDialect                  - Only csvw:delimiter is supported, other dialect options will be ignored!
01:31:19,652 WARN  io.rml.framework.core.model.csvw.CSVWDialect                  - Only csvw:delimiter is supported, other dialect options will be ignored!
Number of standard stream triple maps: 12
Total extracted std triple maps: 12
Number of standard stream triple maps: 0
Total extracted std triple maps: 0
01:31:19,728 INFO  io.rml.framework.Main$                                        - Dataset Job Found.
01:31:19,778 INFO  io.rml.framework.Main$                                        - 3 Triple Maps are found.
01:31:19,788 INFO  io.rml.framework.Main$                                        - 2 Triple Maps are found.
01:31:19,789 INFO  io.rml.framework.Main$                                        - 2 Triple Maps are found.
01:31:19,790 INFO  io.rml.framework.Main$                                        - 3 Triple Maps are found.
01:31:19,791 INFO  io.rml.framework.Main$                                        - 2 Triple Maps are found.
01:31:23,371 WARN  org.apache.flink.runtime.webmonitor.WebMonitorUtils           - Log file environment variable 'log.file' is not set.
01:31:23,371 WARN  org.apache.flink.runtime.webmonitor.WebMonitorUtils           - JobManager log files are unavailable in the web dashboard. Log file location not found in environment variable 'log.file' or configuration key 'web.log.path'.
01:31:23,986 WARN  org.apache.flink.metrics.MetricGroup                          - The operator name DataSource (at org.apache.flink.api.scala.ExecutionEnvironment.createInput(ExecutionEnvironment.scala:360) (io.rml.framework.flink.source.CSVInputFormat)) exceeded the 80 characters length limit and was truncated.
01:31:23,996 WARN  org.apache.flink.metrics.MetricGroup                          - The operator name DataSource (at org.apache.flink.api.scala.ExecutionEnvironment.createInput(ExecutionEnvironment.scala:360) (io.rml.framework.flink.source.CSVInputFormat)) exceeded the 80 characters length limit and was truncated.
01:31:23,986 WARN  org.apache.flink.metrics.MetricGroup                          - The operator name DataSource (at org.apache.flink.api.scala.ExecutionEnvironment.createInput(ExecutionEnvironment.scala:360) (io.rml.framework.flink.source.CSVInputFormat)) exceeded the 80 characters length limit and was truncated.
01:31:23,986 WARN  org.apache.flink.metrics.MetricGroup                          - The operator name DataSource (at org.apache.flink.api.scala.ExecutionEnvironment.createInput(ExecutionEnvironment.scala:360) (io.rml.framework.flink.source.CSVInputFormat)) exceeded the 80 characters length limit and was truncated.
01:31:23,987 WARN  org.apache.flink.metrics.MetricGroup                          - The operator name DataSource (at org.apache.flink.api.scala.ExecutionEnvironment.createInput(ExecutionEnvironment.scala:360) (io.rml.framework.flink.source.CSVInputFormat)) exceeded the 80 characters length limit and was truncated.
01:31:23,986 WARN  org.apache.flink.metrics.MetricGroup                          - The operator name DataSource (at org.apache.flink.api.scala.ExecutionEnvironment.createInput(ExecutionEnvironment.scala:360) (io.rml.framework.flink.source.CSVInputFormat)) exceeded the 80 characters length limit and was truncated.
01:31:24,011 WARN  org.apache.flink.metrics.MetricGroup                          - The operator name DataSource (at org.apache.flink.api.scala.ExecutionEnvironment.createInput(ExecutionEnvironment.scala:360) (io.rml.framework.flink.source.CSVInputFormat)) exceeded the 80 characters length limit and was truncated.
01:31:24,009 WARN  org.apache.flink.metrics.MetricGroup                          - The operator name DataSource (at org.apache.flink.api.scala.ExecutionEnvironment.createInput(ExecutionEnvironment.scala:360) (io.rml.framework.flink.source.CSVInputFormat)) exceeded the 80 characters length limit and was truncated.
01:31:24,006 WARN  org.apache.flink.metrics.MetricGroup                          - The operator name DataSource (at org.apache.flink.api.scala.ExecutionEnvironment.createInput(ExecutionEnvironment.scala:360) (io.rml.framework.flink.source.CSVInputFormat)) exceeded the 80 characters length limit and was truncated.
01:31:24,000 WARN  org.apache.flink.metrics.MetricGroup                          - The operator name DataSource (at org.apache.flink.api.scala.ExecutionEnvironment.createInput(ExecutionEnvironment.scala:360) (io.rml.framework.flink.source.CSVInputFormat)) exceeded the 80 characters length limit and was truncated.
01:31:24,025 WARN  org.apache.flink.metrics.MetricGroup                          - The operator name DataSource (at org.apache.flink.api.scala.ExecutionEnvironment.createInput(ExecutionEnvironment.scala:360) (io.rml.framework.flink.source.CSVInputFormat)) exceeded the 80 characters length limit and was truncated.
01:31:24,035 WARN  org.apache.flink.metrics.MetricGroup                          - The operator name DataSource (at org.apache.flink.api.scala.ExecutionEnvironment.createInput(ExecutionEnvironment.scala:360) (io.rml.framework.flink.source.CSVInputFormat)) exceeded the 80 characters length limit and was truncated.
01:31:24,049 WARN  org.apache.flink.metrics.MetricGroup                          - The operator name DataSource (at org.apache.flink.api.scala.ExecutionEnvironment.createInput(ExecutionEnvironment.scala:360) (io.rml.framework.flink.source.CSVInputFormat)) exceeded the 80 characters length limit and was truncated.
01:31:24,050 WARN  org.apache.flink.metrics.MetricGroup                          - The operator name DataSource (at org.apache.flink.api.scala.ExecutionEnvironment.createInput(ExecutionEnvironment.scala:360) (io.rml.framework.flink.source.CSVInputFormat)) exceeded the 80 characters length limit and was truncated.
01:31:24,074 WARN  org.apache.flink.metrics.MetricGroup                          - The operator name DataSource (at org.apache.flink.api.scala.ExecutionEnvironment.createInput(ExecutionEnvironment.scala:360) (io.rml.framework.flink.source.CSVInputFormat)) exceeded the 80 characters length limit and was truncated.
01:31:24,115 WARN  org.apache.flink.metrics.MetricGroup                          - The operator name DataSource (at org.apache.flink.api.scala.ExecutionEnvironment.createInput(ExecutionEnvironment.scala:360) (io.rml.framework.flink.source.CSVInputFormat)) exceeded the 80 characters length limit and was truncated.
01:31:24,121 WARN  org.apache.flink.metrics.MetricGroup                          - The operator name DataSource (at org.apache.flink.api.scala.ExecutionEnvironment.createInput(ExecutionEnvironment.scala:360) (io.rml.framework.flink.source.CSVInputFormat)) exceeded the 80 characters length limit and was truncated.
01:31:24,125 WARN  org.apache.flink.metrics.MetricGroup                          - The operator name DataSource (at org.apache.flink.api.scala.ExecutionEnvironment.createInput(ExecutionEnvironment.scala:360) (io.rml.framework.flink.source.CSVInputFormat)) exceeded the 80 characters length limit and was truncated.
01:31:24,128 WARN  org.apache.flink.metrics.MetricGroup                          - The operator name DataSource (at org.apache.flink.api.scala.ExecutionEnvironment.createInput(ExecutionEnvironment.scala:360) (io.rml.framework.flink.source.CSVInputFormat)) exceeded the 80 characters length limit and was truncated.
01:31:24,133 WARN  org.apache.flink.metrics.MetricGroup                          - The operator name DataSource (at org.apache.flink.api.scala.ExecutionEnvironment.createInput(ExecutionEnvironment.scala:360) (io.rml.framework.flink.source.CSVInputFormat)) exceeded the 80 characters length limit and was truncated.
01:31:24,169 WARN  org.apache.flink.metrics.MetricGroup                          - The operator name DataSource (at org.apache.flink.api.scala.ExecutionEnvironment.createInput(ExecutionEnvironment.scala:360) (io.rml.framework.flink.source.CSVInputFormat)) exceeded the 80 characters length limit and was truncated.
01:31:24,133 WARN  org.apache.flink.metrics.MetricGroup                          - The operator name DataSource (at org.apache.flink.api.scala.ExecutionEnvironment.createInput(ExecutionEnvironment.scala:360) (io.rml.framework.flink.source.CSVInputFormat)) exceeded the 80 characters length limit and was truncated.
01:31:24,131 WARN  org.apache.flink.metrics.MetricGroup                          - The operator name DataSource (at org.apache.flink.api.scala.ExecutionEnvironment.createInput(ExecutionEnvironment.scala:360) (io.rml.framework.flink.source.CSVInputFormat)) exceeded the 80 characters length limit and was truncated.
01:31:24,130 WARN  org.apache.flink.metrics.MetricGroup                          - The operator name DataSource (at org.apache.flink.api.scala.ExecutionEnvironment.createInput(ExecutionEnvironment.scala:360) (io.rml.framework.flink.source.CSVInputFormat)) exceeded the 80 characters length limit and was truncated.
01:31:24,130 WARN  org.apache.flink.metrics.MetricGroup                          - The operator name DataSource (at org.apache.flink.api.scala.ExecutionEnvironment.createInput(ExecutionEnvironment.scala:360) (io.rml.framework.flink.source.CSVInputFormat)) exceeded the 80 characters length limit and was truncated.
01:31:24,170 WARN  org.apache.flink.metrics.MetricGroup                          - The operator name DataSource (at org.apache.flink.api.scala.ExecutionEnvironment.createInput(ExecutionEnvironment.scala:360) (io.rml.framework.flink.source.CSVInputFormat)) exceeded the 80 characters length limit and was truncated.
01:31:24,169 WARN  org.apache.flink.metrics.MetricGroup                          - The operator name DataSource (at org.apache.flink.api.scala.ExecutionEnvironment.createInput(ExecutionEnvironment.scala:360) (io.rml.framework.flink.source.CSVInputFormat)) exceeded the 80 characters length limit and was truncated.
01:31:24,209 WARN  org.apache.flink.metrics.MetricGroup                          - The operator name DataSource (at org.apache.flink.api.scala.ExecutionEnvironment.createInput(ExecutionEnvironment.scala:360) (io.rml.framework.flink.source.CSVInputFormat)) exceeded the 80 characters length limit and was truncated.
01:31:24,162 WARN  org.apache.flink.metrics.MetricGroup                          - The operator name DataSource (at org.apache.flink.api.scala.ExecutionEnvironment.createInput(ExecutionEnvironment.scala:360) (io.rml.framework.flink.source.CSVInputFormat)) exceeded the 80 characters length limit and was truncated.
01:31:24,141 WARN  org.apache.flink.metrics.MetricGroup                          - The operator name DataSource (at org.apache.flink.api.scala.ExecutionEnvironment.createInput(ExecutionEnvironment.scala:360) (io.rml.framework.flink.source.CSVInputFormat)) exceeded the 80 characters length limit and was truncated.
01:31:24,141 WARN  org.apache.flink.metrics.MetricGroup                          - The operator name DataSource (at org.apache.flink.api.scala.ExecutionEnvironment.createInput(ExecutionEnvironment.scala:360) (io.rml.framework.flink.source.CSVInputFormat)) exceeded the 80 characters length limit and was truncated.
01:31:24,214 WARN  org.apache.flink.metrics.MetricGroup                          - The operator name DataSource (at org.apache.flink.api.scala.ExecutionEnvironment.createInput(ExecutionEnvironment.scala:360) (io.rml.framework.flink.source.CSVInputFormat)) exceeded the 80 characters length limit and was truncated.
01:31:24,215 WARN  org.apache.flink.metrics.MetricGroup                          - The operator name DataSource (at org.apache.flink.api.scala.ExecutionEnvironment.createInput(ExecutionEnvironment.scala:360) (io.rml.framework.flink.source.CSVInputFormat)) exceeded the 80 characters length limit and was truncated.
01:31:24,214 WARN  org.apache.flink.metrics.MetricGroup                          - The operator name DataSource (at org.apache.flink.api.scala.ExecutionEnvironment.createInput(ExecutionEnvironment.scala:360) (io.rml.framework.flink.source.CSVInputFormat)) exceeded the 80 characters length limit and was truncated.
01:31:24,214 WARN  org.apache.flink.metrics.MetricGroup                          - The operator name DataSource (at org.apache.flink.api.scala.ExecutionEnvironment.createInput(ExecutionEnvironment.scala:360) (io.rml.framework.flink.source.CSVInputFormat)) exceeded the 80 characters length limit and was truncated.
01:31:24,237 WARN  org.apache.flink.metrics.MetricGroup                          - The operator name DataSource (at org.apache.flink.api.scala.ExecutionEnvironment.createInput(ExecutionEnvironment.scala:360) (io.rml.framework.flink.source.CSVInputFormat)) exceeded the 80 characters length limit and was truncated.
01:31:24,236 WARN  org.apache.flink.metrics.MetricGroup                          - The operator name DataSource (at org.apache.flink.api.scala.ExecutionEnvironment.createInput(ExecutionEnvironment.scala:360) (io.rml.framework.flink.source.CSVInputFormat)) exceeded the 80 characters length limit and was truncated.
01:31:24,249 WARN  org.apache.flink.metrics.MetricGroup                          - The operator name DataSource (at org.apache.flink.api.scala.ExecutionEnvironment.createInput(ExecutionEnvironment.scala:360) (io.rml.framework.flink.source.CSVInputFormat)) exceeded the 80 characters length limit and was truncated.
01:31:24,252 WARN  org.apache.flink.metrics.MetricGroup                          - The operator name DataSource (at org.apache.flink.api.scala.ExecutionEnvironment.createInput(ExecutionEnvironment.scala:360) (io.rml.framework.flink.source.CSVInputFormat)) exceeded the 80 characters length limit and was truncated.
01:31:24,272 WARN  org.apache.flink.metrics.MetricGroup                          - The operator name DataSource (at org.apache.flink.api.scala.ExecutionEnvironment.createInput(ExecutionEnvironment.scala:360) (io.rml.framework.flink.source.CSVInputFormat)) exceeded the 80 characters length limit and was truncated.
WARNING: metrics header mismatch; backed up to /data/metrics/metrics_csv_bak_20260916T033116.csv and creating new metrics file.
Done.
JSON: /data/metrics/stages/conversion/HG005_GRCh38_r100000.json
CSV:  /data/metrics/metrics.csv
[exit 0]

[2026-09-16T03:32:49] $ docker volume create vcf-rdfizer-HG005_GRCh38_r100000-1096632-1789522369679641428
vcf-rdfizer-HG005_GRCh38_r100000-1096632-1789522369679641428
[exit 0]

[2026-09-16T03:32:49] $ docker run --rm --label vcf-rdfizer.run=20260916T033116-1096632 --mount type=volume,source=vcf-rdfizer-HG005_GRCh38_r100000-1096632-1789522369679641428,target=/work vcf-rdfizer:local-a3679e1 bash -lc 'chmod 1777 /work'
[exit 0]

[2026-09-16T03:32:50] $ docker run --rm --label vcf-rdfizer.run=20260916T033116-1096632 --user 1000:1000 --mount type=volume,source=vcf-rdfizer-HG005_GRCh38_r100000-1096632-1789522369679641428,target=/work -v /home/ubuntu/vcf-rdfizer-testing/benchmarks_outputs/13_query_cost/large__r3/out/HG005_GRCh38_r100000:/data/in:ro -v /home/ubuntu/vcf-rdfizer-testing/benchmarks_outputs/13_query_cost/large__r3/out/HG005_GRCh38_r100000:/data/out -v /home/ubuntu/vcf-rdfizer-testing/benchmarks_outputs/13_query_cost/large__r3/out/run_metrics/HG005_GRCh38_r100000__20260916T033116:/data/metrics vcf-rdfizer:local-a3679e1 python3 /opt/vcf-rdfizer/partitioned_compression.py --source /data/in/HG005_GRCh38_r100000.nt.gz --output-dir /data/out --output-name HG005_GRCh38_r100000 --methods hdt,cottas --target-chunk-bytes 536870912 --min-chunk-bytes 134217728 --max-chunk-bytes 1073741824 --expected-triples 17098746 --result-path /data/out/.HG005_GRCh38_r100000.partitioned-results.json --progress-path /data/metrics/.progress/partitioned-HG005_GRCh38_r100000.jsonl --allow-index-failures
HDT index ready: /data/out/HG005_GRCh38_r100000.hdt.index.v1-1
[exit 0]

[2026-09-16T03:52:08] $ docker volume rm -f vcf-rdfizer-HG005_GRCh38_r100000-1096632-1789522369679641428
vcf-rdfizer-HG005_GRCh38_r100000-1096632-1789522369679641428
[exit 0]

[2026-09-16T03:52:08] $ docker run --rm --label vcf-rdfizer.run=20260916T033116-1096632 --user 1000:1000 --init -v /home/ubuntu/vcf-rdfizer-testing/vcf_data/derived:/data/vcf:ro -v /home/ubuntu/vcf-rdfizer-testing/benchmarks_outputs/13_query_cost/large__r3/out/HG005_GRCh38_r100000:/data/rdf:ro -v /home/ubuntu/vcf-rdfizer-testing/benchmarks_outputs/13_query_cost/large__r3/out/run_metrics/HG005_GRCh38_r100000__20260916T033116/reports/validation/HG005_GRCh38_r100000:/data/validation -v /home/ubuntu/vcf-rdfizer-testing/benchmarks_outputs/13_query_cost/large__r3/out/run_metrics/HG005_GRCh38_r100000__20260916T033116:/data/metrics vcf-rdfizer:local-a3679e1 /usr/bin/time -v -o /data/metrics/timings/validation/HG005_GRCh38_r100000.txt -- /opt/pycottas-venv/bin/python /opt/vcf-rdfizer/validation/validation_runner.py --vcf /data/vcf/HG005_GRCh38_r100000.vcf.gz --rdf /data/rdf/HG005_GRCh38_r100000.nt.gz --rdf-format nt.gz --engine qlever --representation expanded --info-representation structured --header-representation structured --results-dir /data/validation --dataset-id HG005_GRCh38_r100000 --filter-oracle auto --scratch-dir /work --progress-path /data/metrics/.progress/validation-HG005_GRCh38_r100000.jsonl
[HG005_GRCh38_r100000] preparing qlever engine
[HG005_GRCh38_r100000] running expanded/preflight_record_cardinality (qlever)
[HG005_GRCh38_r100000] running expanded/preflight_position_datatype (qlever)
[HG005_GRCh38_r100000] running expanded/preflight_missing_token_conformance (qlever)
[HG005_GRCh38_r100000] running expanded/preflight_representation_profile (qlever)
[HG005_GRCh38_r100000] running expanded/preflight_sample_gt_inventory (qlever)
[HG005_GRCh38_r100000] running expanded/preflight_blank_nodes (qlever)
[HG005_GRCh38_r100000] running expanded/preflight_empty_values (qlever)
[HG005_GRCh38_r100000] running expanded/preflight_distinct_triple_count (qlever)
[HG005_GRCh38_r100000] running expanded/preflight_record_cardinality_count (qlever)
[HG005_GRCh38_r100000] running expanded/preflight_position_datatype_count (qlever)
[HG005_GRCh38_r100000] running expanded/preflight_missing_token_conformance_count (qlever)
[HG005_GRCh38_r100000] running expanded/preflight_representation_profile_count (qlever)
[HG005_GRCh38_r100000] running expanded/preflight_blank_nodes_count (qlever)
[HG005_GRCh38_r100000] running expanded/preflight_empty_values_count (qlever)
[HG005_GRCh38_r100000] running expanded/q01_record_density_1mb (qlever)
[HG005_GRCh38_r100000] running expanded/q02_variant_shape_counts (qlever)
[HG005_GRCh38_r100000] running expanded/q03_titv (qlever)
[HG005_GRCh38_r100000] running expanded/q04_filter_distribution (qlever)
[HG005_GRCh38_r100000] running expanded/q05_sample_genotype_counts (qlever)
[HG005_GRCh38_r100000] running expanded/q06_ac_an_distribution (qlever)
[HG005_GRCh38_r100000] running expanded/q07_file_metadata (qlever)
[HG005_GRCh38_r100000] running expanded/q08_header_line_census (qlever)
[HG005_GRCh38_r100000] running expanded/q09_predicate_census (qlever)
[HG005_GRCh38_r100000] running expanded/q10_class_census (qlever)
[HG005_GRCh38_r100000] running expanded/q11_record_digest (qlever)
[HG005_GRCh38_r100000] running expanded/q12_info_value_digest (qlever)
[HG005_GRCh38_r100000] running expanded/q13_format_value_digest (qlever)
{
  "datasetId": "HG005_GRCh38_r100000",
  "representation": "expanded",
  "status": "MISMATCH",
  "engine": "qlever",
  "engines": [
    "qlever"
  ],
  "engineStatuses": {
    "qlever": "MISMATCH"
  },
  "engineAgreement": true,
  "sourceFormat": "nt.gz",
  "strictConformance": false,
  "shacl": null,
  "mappingPolicy": "strict",
  "recordCount": 100000,
  "sampleCount": 1,
  "gtRecordCount": 100000,
  "preflight": {
    "preflight_duplicate_triples": {
      "status": "PASS",
      "parsedTripleCount": 17098746,
      "distinctTripleCount": 17098746,
      "duplicateTripleCount": 0
    },
    "preflight_record_cardinality": {
      "status": "PASS",
      "anomalyCount": 0,
      "anomalyCountReturned": 0,
      "limitedTo": 100,
      "sampleTruncated": false
    },
    "preflight_position_datatype": {
      "status": "PASS",
      "anomalyCount": 0,
      "anomalyCountReturned": 0,
      "limitedTo": 100,
      "sampleTruncated": false
    },
    "preflight_missing_token_conformance": {
      "status": "EXPECTED_CONFORMANCE_FAILURE",
      "anomalyCount": 20,
      "plainDotCountReturned": 20,
      "limitedTo": 100,
      "sampleTruncated": false
    },
    "preflight_representation_profile": {
      "status": "PASS",
      "anomalyCount": 0,
      "anomalyCountReturned": 0,
      "limitedTo": 100,
      "sampleTruncated": false,
      "note": null
    },
    "preflight_sample_gt_inventory": {
      "status": "PASS",
      "expected": {
        "sampleCallCount": 100000,
        "sampleIdCount": 1,
        "gtValueNodeCount": 100000
      },
      "actual": {
        "sampleCallCount": 100000,
        "sampleIdCount": 1,
        "gtValueNodeCount": 100000
      }
    },
    "preflight_blank_nodes": {
      "status": "PASS",
      "anomalyCount": 0,
      "anomalyCountReturned": 0,
      "limitedTo": 100,
      "sampleTruncated": false
    },
    "preflight_empty_values": {
      "status": "PASS",
      "anomalyCount": 0,
      "anomalyCountReturned": 0,
      "limitedTo": 100,
      "sampleTruncated": false
    },
    "preflight_distinct_triple_count": {
      "status": "PASS",
      "rows": 1
    }
  },
  "comparisonStatus": "MISMATCH",
  "benchmark": {
    "oracleSeconds": 11.108148972969502,
    "engineQuerySeconds": {
      "qlever": 319.4920797946397
    },
    "engineSetupSeconds": {
      "qlever": 22.919276602799073
    }
  },
  "results": {
    "manifest": "/data/validation/manifest.json",
    "parser": "/data/validation/parser.json",
    "sparql": "/data/validation/sparql.json",
    "comparison": "/data/validation/comparison.json",
    "benchmark": "/data/validation/benchmark.csv"
  },
  "temporaryRdf": {
    "decompressedInsideContainer": true,
    "persisted": false,
    "cleanupConfirmed": true
  }
}
[exit 1]

[2026-09-16T03:58:30] $ docker run --rm --label vcf-rdfizer.run=20260916T033116-1096632 --user 1000:1000 --init -v /home/ubuntu/vcf-rdfizer-testing/vcf_data/derived:/data/vcf:ro -v /home/ubuntu/vcf-rdfizer-testing/benchmarks_outputs/13_query_cost/large__r3/out/HG005_GRCh38_r100000:/data/rdf:ro -v /home/ubuntu/vcf-rdfizer-testing/benchmarks_outputs/13_query_cost/large__r3/out/run_metrics/HG005_GRCh38_r100000__20260916T033116/reports/validation/HG005_GRCh38_r100000__hdt:/data/validation -v /home/ubuntu/vcf-rdfizer-testing/benchmarks_outputs/13_query_cost/large__r3/out/run_metrics/HG005_GRCh38_r100000__20260916T033116:/data/metrics vcf-rdfizer:local-a3679e1 /usr/bin/time -v -o /data/metrics/timings/validation/HG005_GRCh38_r100000__hdt.txt -- /opt/pycottas-venv/bin/python /opt/vcf-rdfizer/validation/validation_runner.py --vcf /data/vcf/HG005_GRCh38_r100000.vcf.gz --rdf /data/rdf/HG005_GRCh38_r100000.hdt --rdf-format hdt --engine qlever --representation expanded --info-representation structured --header-representation structured --results-dir /data/validation --dataset-id HG005_GRCh38_r100000__hdt --filter-oracle auto --scratch-dir /work --progress-path /data/metrics/.progress/validation-HG005_GRCh38_r100000__hdt.jsonl
[HG005_GRCh38_r100000__hdt] preparing qlever engine
[HG005_GRCh38_r100000__hdt] running expanded/preflight_record_cardinality (qlever)
[HG005_GRCh38_r100000__hdt] running expanded/preflight_position_datatype (qlever)
[HG005_GRCh38_r100000__hdt] running expanded/preflight_missing_token_conformance (qlever)
[HG005_GRCh38_r100000__hdt] running expanded/preflight_representation_profile (qlever)
[HG005_GRCh38_r100000__hdt] running expanded/preflight_sample_gt_inventory (qlever)
[HG005_GRCh38_r100000__hdt] running expanded/preflight_blank_nodes (qlever)
[HG005_GRCh38_r100000__hdt] running expanded/preflight_empty_values (qlever)
[HG005_GRCh38_r100000__hdt] running expanded/preflight_distinct_triple_count (qlever)
[HG005_GRCh38_r100000__hdt] running expanded/preflight_record_cardinality_count (qlever)
[HG005_GRCh38_r100000__hdt] running expanded/preflight_position_datatype_count (qlever)
[HG005_GRCh38_r100000__hdt] running expanded/preflight_missing_token_conformance_count (qlever)
[HG005_GRCh38_r100000__hdt] running expanded/preflight_representation_profile_count (qlever)
[HG005_GRCh38_r100000__hdt] running expanded/preflight_blank_nodes_count (qlever)
[HG005_GRCh38_r100000__hdt] running expanded/preflight_empty_values_count (qlever)
[HG005_GRCh38_r100000__hdt] running expanded/q01_record_density_1mb (qlever)
[HG005_GRCh38_r100000__hdt] running expanded/q02_variant_shape_counts (qlever)
[HG005_GRCh38_r100000__hdt] running expanded/q03_titv (qlever)
[HG005_GRCh38_r100000__hdt] running expanded/q04_filter_distribution (qlever)
[HG005_GRCh38_r100000__hdt] running expanded/q05_sample_genotype_counts (qlever)
[HG005_GRCh38_r100000__hdt] running expanded/q06_ac_an_distribution (qlever)
[HG005_GRCh38_r100000__hdt] running expanded/q07_file_metadata (qlever)
[HG005_GRCh38_r100000__hdt] running expanded/q08_header_line_census (qlever)
[HG005_GRCh38_r100000__hdt] running expanded/q09_predicate_census (qlever)
[HG005_GRCh38_r100000__hdt] running expanded/q10_class_census (qlever)
[HG005_GRCh38_r100000__hdt] running expanded/q11_record_digest (qlever)
[HG005_GRCh38_r100000__hdt] running expanded/q12_info_value_digest (qlever)
[HG005_GRCh38_r100000__hdt] running expanded/q13_format_value_digest (qlever)
{
  "datasetId": "HG005_GRCh38_r100000__hdt",
  "representation": "expanded",
  "status": "MISMATCH",
  "engine": "qlever",
  "engines": [
    "qlever"
  ],
  "engineStatuses": {
    "qlever": "MISMATCH"
  },
  "engineAgreement": true,
  "sourceFormat": "hdt",
  "strictConformance": false,
  "shacl": null,
  "mappingPolicy": "strict",
  "recordCount": 100000,
  "sampleCount": 1,
  "gtRecordCount": 100000,
  "preflight": {
    "preflight_duplicate_triples": {
      "status": "PASS",
      "parsedTripleCount": 17098746,
      "distinctTripleCount": 17098746,
      "duplicateTripleCount": 0
    },
    "preflight_record_cardinality": {
      "status": "PASS",
      "anomalyCount": 0,
      "anomalyCountReturned": 0,
      "limitedTo": 100,
      "sampleTruncated": false
    },
    "preflight_position_datatype": {
      "status": "PASS",
      "anomalyCount": 0,
      "anomalyCountReturned": 0,
      "limitedTo": 100,
      "sampleTruncated": false
    },
    "preflight_missing_token_conformance": {
      "status": "EXPECTED_CONFORMANCE_FAILURE",
      "anomalyCount": 20,
      "plainDotCountReturned": 20,
      "limitedTo": 100,
      "sampleTruncated": false
    },
    "preflight_representation_profile": {
      "status": "PASS",
      "anomalyCount": 0,
      "anomalyCountReturned": 0,
      "limitedTo": 100,
      "sampleTruncated": false,
      "note": null
    },
    "preflight_sample_gt_inventory": {
      "status": "PASS",
      "expected": {
        "sampleCallCount": 100000,
        "sampleIdCount": 1,
        "gtValueNodeCount": 100000
      },
      "actual": {
        "sampleCallCount": 100000,
        "sampleIdCount": 1,
        "gtValueNodeCount": 100000
      }
    },
    "preflight_blank_nodes": {
      "status": "PASS",
      "anomalyCount": 0,
      "anomalyCountReturned": 0,
      "limitedTo": 100,
      "sampleTruncated": false
    },
    "preflight_empty_values": {
      "status": "PASS",
      "anomalyCount": 0,
      "anomalyCountReturned": 0,
      "limitedTo": 100,
      "sampleTruncated": false
    },
    "preflight_distinct_triple_count": {
      "status": "PASS",
      "rows": 1
    }
  },
  "comparisonStatus": "MISMATCH",
  "benchmark": {
    "oracleSeconds": 11.210282889194787,
    "engineQuerySeconds": {
      "qlever": 318.3473027460277
    },
    "engineSetupSeconds": {
      "qlever": 23.087828856194392
    }
  },
  "results": {
    "manifest": "/data/validation/manifest.json",
    "parser": "/data/validation/parser.json",
    "sparql": "/data/validation/sparql.json",
    "comparison": "/data/validation/comparison.json",
    "benchmark": "/data/validation/benchmark.csv"
  },
  "temporaryRdf": {
    "decompressedInsideContainer": true,
    "persisted": false,
    "cleanupConfirmed": true
  }
}
[exit 1]

[2026-09-16T04:05:12] $ docker run --rm --label vcf-rdfizer.run=20260916T033116-1096632 --user 1000:1000 --init -v /home/ubuntu/vcf-rdfizer-testing/vcf_data/derived:/data/vcf:ro -v /home/ubuntu/vcf-rdfizer-testing/benchmarks_outputs/13_query_cost/large__r3/out/HG005_GRCh38_r100000:/data/rdf:ro -v /home/ubuntu/vcf-rdfizer-testing/benchmarks_outputs/13_query_cost/large__r3/out/run_metrics/HG005_GRCh38_r100000__20260916T033116/reports/validation/HG005_GRCh38_r100000__cottas:/data/validation -v /home/ubuntu/vcf-rdfizer-testing/benchmarks_outputs/13_query_cost/large__r3/out/run_metrics/HG005_GRCh38_r100000__20260916T033116:/data/metrics vcf-rdfizer:local-a3679e1 /usr/bin/time -v -o /data/metrics/timings/validation/HG005_GRCh38_r100000__cottas.txt -- /opt/pycottas-venv/bin/python /opt/vcf-rdfizer/validation/validation_runner.py --vcf /data/vcf/HG005_GRCh38_r100000.vcf.gz --rdf /data/rdf/HG005_GRCh38_r100000.cottas --rdf-format cottas --engine qlever --representation expanded --info-representation structured --header-representation structured --results-dir /data/validation --dataset-id HG005_GRCh38_r100000__cottas --filter-oracle auto --scratch-dir /work --progress-path /data/metrics/.progress/validation-HG005_GRCh38_r100000__cottas.jsonl
[HG005_GRCh38_r100000__cottas] preparing qlever engine
[HG005_GRCh38_r100000__cottas] running expanded/preflight_record_cardinality (qlever)
[HG005_GRCh38_r100000__cottas] running expanded/preflight_position_datatype (qlever)
[HG005_GRCh38_r100000__cottas] running expanded/preflight_missing_token_conformance (qlever)
[HG005_GRCh38_r100000__cottas] running expanded/preflight_representation_profile (qlever)
[HG005_GRCh38_r100000__cottas] running expanded/preflight_sample_gt_inventory (qlever)
[HG005_GRCh38_r100000__cottas] running expanded/preflight_blank_nodes (qlever)
[HG005_GRCh38_r100000__cottas] running expanded/preflight_empty_values (qlever)
[HG005_GRCh38_r100000__cottas] running expanded/preflight_distinct_triple_count (qlever)
[HG005_GRCh38_r100000__cottas] running expanded/preflight_record_cardinality_count (qlever)
[HG005_GRCh38_r100000__cottas] running expanded/preflight_position_datatype_count (qlever)
[HG005_GRCh38_r100000__cottas] running expanded/preflight_missing_token_conformance_count (qlever)
[HG005_GRCh38_r100000__cottas] running expanded/preflight_representation_profile_count (qlever)
[HG005_GRCh38_r100000__cottas] running expanded/preflight_blank_nodes_count (qlever)
[HG005_GRCh38_r100000__cottas] running expanded/preflight_empty_values_count (qlever)
[HG005_GRCh38_r100000__cottas] running expanded/q01_record_density_1mb (qlever)
[HG005_GRCh38_r100000__cottas] running expanded/q02_variant_shape_counts (qlever)
[HG005_GRCh38_r100000__cottas] running expanded/q03_titv (qlever)
[HG005_GRCh38_r100000__cottas] running expanded/q04_filter_distribution (qlever)
[HG005_GRCh38_r100000__cottas] running expanded/q05_sample_genotype_counts (qlever)
[HG005_GRCh38_r100000__cottas] running expanded/q06_ac_an_distribution (qlever)
[HG005_GRCh38_r100000__cottas] running expanded/q07_file_metadata (qlever)
[HG005_GRCh38_r100000__cottas] running expanded/q08_header_line_census (qlever)
[HG005_GRCh38_r100000__cottas] running expanded/q09_predicate_census (qlever)
[HG005_GRCh38_r100000__cottas] running expanded/q10_class_census (qlever)
[HG005_GRCh38_r100000__cottas] running expanded/q11_record_digest (qlever)
[HG005_GRCh38_r100000__cottas] running expanded/q12_info_value_digest (qlever)
[HG005_GRCh38_r100000__cottas] running expanded/q13_format_value_digest (qlever)
{
  "datasetId": "HG005_GRCh38_r100000__cottas",
  "representation": "expanded",
  "status": "MISMATCH",
  "engine": "qlever",
  "engines": [
    "qlever"
  ],
  "engineStatuses": {
    "qlever": "MISMATCH"
  },
  "engineAgreement": true,
  "sourceFormat": "cottas",
  "strictConformance": false,
  "shacl": null,
  "mappingPolicy": "strict",
  "recordCount": 100000,
  "sampleCount": 1,
  "gtRecordCount": 100000,
  "preflight": {
    "preflight_duplicate_triples": {
      "status": "PASS",
      "parsedTripleCount": 17098746,
      "distinctTripleCount": 17098746,
      "duplicateTripleCount": 0
    },
    "preflight_record_cardinality": {
      "status": "PASS",
      "anomalyCount": 0,
      "anomalyCountReturned": 0,
      "limitedTo": 100,
      "sampleTruncated": false
    },
    "preflight_position_datatype": {
      "status": "PASS",
      "anomalyCount": 0,
      "anomalyCountReturned": 0,
      "limitedTo": 100,
      "sampleTruncated": false
    },
    "preflight_missing_token_conformance": {
      "status": "EXPECTED_CONFORMANCE_FAILURE",
      "anomalyCount": 20,
      "plainDotCountReturned": 20,
      "limitedTo": 100,
      "sampleTruncated": false
    },
    "preflight_representation_profile": {
      "status": "PASS",
      "anomalyCount": 0,
      "anomalyCountReturned": 0,
      "limitedTo": 100,
      "sampleTruncated": false,
      "note": null
    },
    "preflight_sample_gt_inventory": {
      "status": "PASS",
      "expected": {
        "sampleCallCount": 100000,
        "sampleIdCount": 1,
        "gtValueNodeCount": 100000
      },
      "actual": {
        "sampleCallCount": 100000,
        "sampleIdCount": 1,
        "gtValueNodeCount": 100000
      }
    },
    "preflight_blank_nodes": {
      "status": "PASS",
      "anomalyCount": 0,
      "anomalyCountReturned": 0,
      "limitedTo": 100,
      "sampleTruncated": false
    },
    "preflight_empty_values": {
      "status": "PASS",
      "anomalyCount": 0,
      "anomalyCountReturned": 0,
      "limitedTo": 100,
      "sampleTruncated": false
    },
    "preflight_distinct_triple_count": {
      "status": "PASS",
      "rows": 1
    }
  },
  "comparisonStatus": "MISMATCH",
  "benchmark": {
    "oracleSeconds": 11.149257512995973,
    "engineQuerySeconds": {
      "qlever": 318.956127933925
    },
    "engineSetupSeconds": {
      "qlever": 23.693838924868032
    }
  },
  "results": {
    "manifest": "/data/validation/manifest.json",
    "parser": "/data/validation/parser.json",
    "sparql": "/data/validation/sparql.json",
    "comparison": "/data/validation/comparison.json",
    "benchmark": "/data/validation/benchmark.csv"
  },
  "temporaryRdf": {
    "decompressedInsideContainer": true,
    "persisted": false,
    "cleanupConfirmed": true
  }
}
[exit 1]
