Step 1/5: Validating inputs ✅
  Metrics: /home/ubuntu/vrdev-test/acmg-run/results/17_use_case_acmg__cohort/convert__HG01805/out/run_metrics/HG01805.acmg__20260928T143741
  Detailed logs: /home/ubuntu/vrdev-test/acmg-run/results/17_use_case_acmg__cohort/convert__HG01805/out/run_metrics/HG01805.acmg__20260928T143741/logs/wrapper.log
  Progress log: /home/ubuntu/vrdev-test/acmg-run/results/17_use_case_acmg__cohort/convert__HG01805/out/run_metrics/HG01805.acmg__20260928T143741/logs/progress.log
Step 2/5: Ensuring Docker image is available ✅
Step 3/5: Processing per-input pipeline (TSV -> RDF -> compression)
  Sample representation: expanded
  INFO representation: structured
  Header representation: structured
  - Input 1/1: HG01805.acmg.vcf
    * TSV conversion ✅
    * VCF version: VCFv4.2 (detected)
    * RDF conversion ✅
    * Streaming expanded multi-sample RDF (no expanded helper TSVs)
    * Sample RDF streaming: 10,000 variants, 10,000 calls
    * Sample calls streamed: 10,250; FORMAT values: 10,250
    * Streaming structured header RDF
    * Header lines typed: 133; contigs: 24
    * Streaming QUAL and structured INFO RDF
    * INFO RDF streaming: 10,000 variants, 730,040 values
    * QUAL values streamed: 10,250; INFO values: 749,533; declarations: 91
    * Triples produced: 8,237,483
    * Compression ✅
    * Output directory: /home/ubuntu/vrdev-test/acmg-run/results/17_use_case_acmg__cohort/convert__HG01805/out/HG01805.acmg
      - RDF aggregate: HG01805.acmg.nt
      - N-Triples (.nt): 1.11 GB (removed after successful compression)
      - gzip (.nt.gz): 52.03 MB
Total triples produced (full run): 8,237,483
Conversion process finished.
Run time (full mode): 32.88s
Timing log: /home/ubuntu/vrdev-test/acmg-run/results/17_use_case_acmg__cohort/convert__HG01805/out/run_metrics/HG01805.acmg__20260928T143741/wrapper_execution_times.csv
Metrics summary: /home/ubuntu/vrdev-test/acmg-run/results/17_use_case_acmg__cohort/convert__HG01805/out/run_metrics/HG01805.acmg__20260928T143741/summary.json
