TSV conversion: NA20334.acmg: started
TSV conversion: NA20334.acmg: finished
RMLStreamer: NA20334.acmg: started
  RMLStreamer: NA20334.acmg: rmlstreamer started — 0 B · 0 parts
  RMLStreamer: NA20334.acmg: rmlstreamer heartbeat — 0 B · 0 parts
  RMLStreamer: NA20334.acmg: rmlstreamer heartbeat — 4.36 MB · 8 parts
  RMLStreamer: NA20334.acmg: rmlstreamer heartbeat — 11.51 MB · 8 parts
  RMLStreamer: NA20334.acmg: rmlstreamer complete — 11.51 MB · 8 parts
  RMLStreamer: NA20334.acmg: rdf-aggregate started — 0 parts
  RMLStreamer: NA20334.acmg: rdf-aggregate part — 1 parts
  RMLStreamer: NA20334.acmg: rdf-aggregate part — 2 parts
  RMLStreamer: NA20334.acmg: rdf-aggregate part — 3 parts
  RMLStreamer: NA20334.acmg: rdf-aggregate part — 4 parts
  RMLStreamer: NA20334.acmg: rdf-aggregate part — 5 parts
  RMLStreamer: NA20334.acmg: rdf-aggregate part — 6 parts
  RMLStreamer: NA20334.acmg: rdf-aggregate part — 7 parts
  RMLStreamer: NA20334.acmg: rdf-aggregate part — 8 parts
  RMLStreamer: NA20334.acmg: rdf-aggregate complete — 8 parts
RMLStreamer: NA20334.acmg: finished
Gzip: NA20334.acmg: started
Gzip: NA20334.acmg: finished
