Step 1/5: Validating inputs ✅
  Metrics: /home/ubuntu/vrdev-test/acmg-run/results/17_use_case_acmg__cohort/convert__NA18640/out/run_metrics/NA18640.acmg__20260928T144351
  Detailed logs: /home/ubuntu/vrdev-test/acmg-run/results/17_use_case_acmg__cohort/convert__NA18640/out/run_metrics/NA18640.acmg__20260928T144351/logs/wrapper.log
  Progress log: /home/ubuntu/vrdev-test/acmg-run/results/17_use_case_acmg__cohort/convert__NA18640/out/run_metrics/NA18640.acmg__20260928T144351/logs/progress.log
Step 2/5: Ensuring Docker image is available ✅
Step 3/5: Processing per-input pipeline (TSV -> RDF -> compression)
  Sample representation: expanded
  INFO representation: structured
  Header representation: structured
  - Input 1/1: NA18640.acmg.vcf
    * TSV conversion ✅
    * VCF version: VCFv4.2 (detected)
    * RDF conversion ✅
    * Streaming expanded multi-sample RDF (no expanded helper TSVs)
    * Sample RDF streaming: 10,000 variants, 10,000 calls
    * Sample calls streamed: 11,070; FORMAT values: 11,070
    * Streaming structured header RDF
    * Header lines typed: 133; contigs: 24
    * Streaming QUAL and structured INFO RDF
    * INFO RDF streaming: 10,000 variants, 730,047 values
    * QUAL values streamed: 11,070; INFO values: 809,660; declarations: 91
    * Triples produced: 8,897,892
    * Compression ✅
    * Output directory: /home/ubuntu/vrdev-test/acmg-run/results/17_use_case_acmg__cohort/convert__NA18640/out/NA18640.acmg
      - RDF aggregate: NA18640.acmg.nt
      - N-Triples (.nt): 1.20 GB (removed after successful compression)
      - gzip (.nt.gz): 56.18 MB
Total triples produced (full run): 8,897,892
Conversion process finished.
Run time (full mode): 34.33s
Timing log: /home/ubuntu/vrdev-test/acmg-run/results/17_use_case_acmg__cohort/convert__NA18640/out/run_metrics/NA18640.acmg__20260928T144351/wrapper_execution_times.csv
Metrics summary: /home/ubuntu/vrdev-test/acmg-run/results/17_use_case_acmg__cohort/convert__NA18640/out/run_metrics/NA18640.acmg__20260928T144351/summary.json
