TSV conversion: HGSVC2: started
TSV conversion: HGSVC2: finished
RMLStreamer: HGSVC2: started
  RMLStreamer: HGSVC2: rmlstreamer started — 0 B · 0 parts
  RMLStreamer: HGSVC2: rmlstreamer heartbeat — 0 B · 0 parts
  RMLStreamer: HGSVC2: rmlstreamer heartbeat — 142.42 KB · 8 parts
  RMLStreamer: HGSVC2: rmlstreamer heartbeat — 6.56 MB · 8 parts
  RMLStreamer: HGSVC2: rmlstreamer heartbeat — 22.76 MB · 8 parts
  RMLStreamer: HGSVC2: rmlstreamer heartbeat — 61.08 MB · 8 parts
  RMLStreamer: HGSVC2: rmlstreamer heartbeat — 99.97 MB · 8 parts
  RMLStreamer: HGSVC2: rmlstreamer heartbeat — 134.78 MB · 8 parts
  RMLStreamer: HGSVC2: rmlstreamer heartbeat — 154.98 MB · 8 parts
  RMLStreamer: HGSVC2: rmlstreamer heartbeat — 171.56 MB · 8 parts
  RMLStreamer: HGSVC2: rmlstreamer complete — 171.56 MB · 8 parts
  RMLStreamer: HGSVC2: rdf-aggregate started — 0 parts
  RMLStreamer: HGSVC2: rdf-aggregate part — 1 parts
  RMLStreamer: HGSVC2: rdf-aggregate part — 2 parts
  RMLStreamer: HGSVC2: rdf-aggregate part — 3 parts
  RMLStreamer: HGSVC2: rdf-aggregate part — 4 parts
  RMLStreamer: HGSVC2: rdf-aggregate part — 5 parts
  RMLStreamer: HGSVC2: rdf-aggregate part — 6 parts
  RMLStreamer: HGSVC2: rdf-aggregate part — 7 parts
  RMLStreamer: HGSVC2: rdf-aggregate part — 8 parts
  RMLStreamer: HGSVC2: rdf-aggregate complete — 8 parts
RMLStreamer: HGSVC2: finished
Partitioned compression: HGSVC2: started
  Partitioned compression: HGSVC2: rdf-scan started — 0 triples
  Partitioned compression: HGSVC2: rdf-scan heartbeat — 298,259 triples · 67,150,752 bytes read
  Partitioned compression: HGSVC2: rdf-scan heartbeat — 702,064 triples · 134,259,724 bytes read
  Partitioned compression: HGSVC2: rdf-scan heartbeat — 1,122,283 triples · 201,368,588 bytes read
  Partitioned compression: HGSVC2: rdf-scan heartbeat — 1,597,639 triples · 268,477,507 bytes read
  Partitioned compression: HGSVC2: rdf-scan heartbeat — 2,070,014 triples · 335,586,401 bytes read
  Partitioned compression: HGSVC2: rdf-scan heartbeat — 2,541,077 triples · 402,695,267 bytes read
  Partitioned compression: HGSVC2: rdf-scan heartbeat — 3,011,956 triples · 469,804,215 bytes read
  Partitioned compression: HGSVC2: rdf-scan chunk — 3,482,534 triples · 1 chunks · 536,870,927 bytes read
  Partitioned compression: HGSVC2: hdt-chunks started — 0 chunks · hdt-build-00000
  Partitioned compression: HGSVC2: hdt-chunks complete — 1 chunks · hdt-build-00000
  Partitioned compression: HGSVC2: rdf-scan heartbeat — 3,482,830 triples · 536,913,092 bytes read
  Partitioned compression: HGSVC2: rdf-scan heartbeat — 3,953,735 triples · 604,022,039 bytes read
  Partitioned compression: HGSVC2: rdf-scan heartbeat — 4,425,141 triples · 671,130,929 bytes read
  Partitioned compression: HGSVC2: rdf-scan heartbeat — 4,896,296 triples · 738,239,911 bytes read
  Partitioned compression: HGSVC2: rdf-scan heartbeat — 5,367,173 triples · 805,348,780 bytes read
  Partitioned compression: HGSVC2: rdf-scan heartbeat — 5,838,061 triples · 872,457,701 bytes read
  Partitioned compression: HGSVC2: rdf-scan heartbeat — 6,308,986 triples · 939,566,673 bytes read
  Partitioned compression: HGSVC2: rdf-scan heartbeat — 6,779,914 triples · 1,006,675,599 bytes read
  Partitioned compression: HGSVC2: rdf-scan chunk — 7,250,508 triples · 2 chunks · 1,073,741,877 bytes read
  Partitioned compression: HGSVC2: hdt-chunks started — 1 chunks · hdt-build-00001
  Partitioned compression: HGSVC2: hdt-chunks complete — 2 chunks · hdt-build-00001
  Partitioned compression: HGSVC2: rdf-scan heartbeat — 7,250,807 triples · 1,073,784,469 bytes read
  Partitioned compression: HGSVC2: rdf-scan heartbeat — 7,721,684 triples · 1,140,893,367 bytes read
  Partitioned compression: HGSVC2: rdf-scan heartbeat — 8,192,565 triples · 1,208,002,324 bytes read
  Partitioned compression: HGSVC2: rdf-scan heartbeat — 8,663,732 triples · 1,275,111,334 bytes read
  Partitioned compression: HGSVC2: rdf-scan heartbeat — 9,132,961 triples · 1,342,220,271 bytes read
  Partitioned compression: HGSVC2: rdf-scan heartbeat — 9,599,661 triples · 1,409,329,212 bytes read
  Partitioned compression: HGSVC2: rdf-scan heartbeat — 10,066,345 triples · 1,476,438,170 bytes read
  Partitioned compression: HGSVC2: rdf-scan heartbeat — 10,533,034 triples · 1,543,547,106 bytes read
  Partitioned compression: HGSVC2: rdf-scan chunk — 10,999,501 triples · 3 chunks · 1,610,612,913 bytes read
  Partitioned compression: HGSVC2: hdt-chunks started — 2 chunks · hdt-build-00002
  Partitioned compression: HGSVC2: hdt-chunks complete — 3 chunks · hdt-build-00002
  Partitioned compression: HGSVC2: rdf-scan heartbeat — 10,999,801 triples · 1,610,656,053 bytes read
  Partitioned compression: HGSVC2: rdf-scan heartbeat — 11,466,541 triples · 1,677,764,962 bytes read
  Partitioned compression: HGSVC2: rdf-scan heartbeat — 11,933,224 triples · 1,744,873,844 bytes read
  Partitioned compression: HGSVC2: rdf-scan heartbeat — 12,400,039 triples · 1,811,982,720 bytes read
  Partitioned compression: HGSVC2: rdf-scan heartbeat — 12,866,817 triples · 1,879,091,693 bytes read
  Partitioned compression: HGSVC2: rdf-scan heartbeat — 13,333,631 triples · 1,946,200,663 bytes read
  Partitioned compression: HGSVC2: rdf-scan heartbeat — 13,800,378 triples · 2,013,309,603 bytes read
  Partitioned compression: HGSVC2: rdf-scan heartbeat — 14,267,062 triples · 2,080,418,574 bytes read
  Partitioned compression: HGSVC2: rdf-scan chunk — 14,733,479 triples · 4 chunks · 2,147,483,899 bytes read
  Partitioned compression: HGSVC2: hdt-chunks started — 3 chunks · hdt-build-00003
  Partitioned compression: HGSVC2: hdt-chunks complete — 4 chunks · hdt-build-00003
  Partitioned compression: HGSVC2: rdf-scan heartbeat — 14,733,783 triples · 2,147,527,536 bytes read
  Partitioned compression: HGSVC2: rdf-scan heartbeat — 15,200,547 triples · 2,214,636,502 bytes read
  Partitioned compression: HGSVC2: rdf-scan heartbeat — 15,667,285 triples · 2,281,745,390 bytes read
  Partitioned compression: HGSVC2: rdf-scan heartbeat — 16,133,983 triples · 2,348,854,343 bytes read
  Partitioned compression: HGSVC2: rdf-scan heartbeat — 16,600,668 triples · 2,415,963,216 bytes read
  Partitioned compression: HGSVC2: rdf-scan heartbeat — 17,067,351 triples · 2,483,072,136 bytes read
  Partitioned compression: HGSVC2: rdf-scan heartbeat — 17,534,041 triples · 2,550,181,071 bytes read
  Partitioned compression: HGSVC2: rdf-scan heartbeat — 18,000,726 triples · 2,617,289,982 bytes read
  Partitioned compression: HGSVC2: rdf-scan chunk — 18,467,223 triples · 5 chunks · 2,684,354,840 bytes read
  Partitioned compression: HGSVC2: hdt-chunks started — 4 chunks · hdt-build-00004
  Partitioned compression: HGSVC2: hdt-chunks complete — 5 chunks · hdt-build-00004
  Partitioned compression: HGSVC2: rdf-scan heartbeat — 18,467,529 triples · 2,684,398,888 bytes read
  Partitioned compression: HGSVC2: rdf-scan heartbeat — 18,934,227 triples · 2,751,507,781 bytes read
  Partitioned compression: HGSVC2: rdf-scan heartbeat — 19,400,934 triples · 2,818,616,687 bytes read
  Partitioned compression: HGSVC2: rdf-scan heartbeat — 19,867,630 triples · 2,885,725,599 bytes read
  Partitioned compression: HGSVC2: rdf-scan heartbeat — 20,334,312 triples · 2,952,834,467 bytes read
  Partitioned compression: HGSVC2: rdf-scan heartbeat — 20,801,022 triples · 3,019,943,370 bytes read
  Partitioned compression: HGSVC2: rdf-scan heartbeat — 21,267,722 triples · 3,087,052,305 bytes read
  Partitioned compression: HGSVC2: rdf-scan heartbeat — 21,734,458 triples · 3,154,161,204 bytes read
  Partitioned compression: HGSVC2: rdf-scan chunk — 22,200,832 triples · 6 chunks · 3,221,225,775 bytes read
  Partitioned compression: HGSVC2: hdt-chunks started — 5 chunks · hdt-build-00005
  Partitioned compression: HGSVC2: hdt-chunks complete — 6 chunks · hdt-build-00005
  Partitioned compression: HGSVC2: rdf-scan heartbeat — 22,201,141 triples · 3,221,270,118 bytes read
  Partitioned compression: HGSVC2: rdf-scan heartbeat — 22,667,825 triples · 3,288,379,035 bytes read
  Partitioned compression: HGSVC2: rdf-scan heartbeat — 23,134,509 triples · 3,355,487,989 bytes read
  Partitioned compression: HGSVC2: rdf-scan heartbeat — 23,601,424 triples · 3,422,596,894 bytes read
  Partitioned compression: HGSVC2: rdf-scan heartbeat — 24,068,530 triples · 3,489,705,819 bytes read
  Partitioned compression: HGSVC2: rdf-scan heartbeat — 24,535,380 triples · 3,556,814,780 bytes read
  Partitioned compression: HGSVC2: rdf-scan heartbeat — 25,002,066 triples · 3,623,923,754 bytes read
  Partitioned compression: HGSVC2: rdf-scan heartbeat — 25,468,912 triples · 3,691,032,655 bytes read
  Partitioned compression: HGSVC2: rdf-scan chunk — 25,935,366 triples · 7 chunks · 3,758,096,734 bytes read
  Partitioned compression: HGSVC2: hdt-chunks started — 6 chunks · hdt-build-00006
  Partitioned compression: HGSVC2: hdt-chunks complete — 7 chunks · hdt-build-00006
  Partitioned compression: HGSVC2: rdf-scan heartbeat — 25,935,679 triples · 3,758,141,641 bytes read
  Partitioned compression: HGSVC2: rdf-scan heartbeat — 26,402,448 triples · 3,825,250,635 bytes read
  Partitioned compression: HGSVC2: rdf-scan heartbeat — 26,869,373 triples · 3,892,359,546 bytes read
  Partitioned compression: HGSVC2: rdf-scan heartbeat — 27,336,645 triples · 3,959,468,548 bytes read
  Partitioned compression: HGSVC2: rdf-scan heartbeat — 27,803,650 triples · 4,026,577,482 bytes read
  Partitioned compression: HGSVC2: rdf-scan heartbeat — 28,270,397 triples · 4,093,686,412 bytes read
  Partitioned compression: HGSVC2: rdf-scan heartbeat — 28,737,175 triples · 4,160,795,401 bytes read
  Partitioned compression: HGSVC2: rdf-scan heartbeat — 29,203,989 triples · 4,227,904,370 bytes read
  Partitioned compression: HGSVC2: rdf-scan chunk — 29,670,357 triples · 8 chunks · 4,294,967,732 bytes read
  Partitioned compression: HGSVC2: hdt-chunks started — 7 chunks · hdt-build-00007
  Partitioned compression: HGSVC2: hdt-chunks complete — 8 chunks · hdt-build-00007
  Partitioned compression: HGSVC2: rdf-scan heartbeat — 29,670,675 triples · 4,295,013,380 bytes read
  Partitioned compression: HGSVC2: rdf-scan heartbeat — 30,137,357 triples · 4,362,122,269 bytes read
  Partitioned compression: HGSVC2: rdf-scan heartbeat — 30,604,333 triples · 4,429,231,190 bytes read
  Partitioned compression: HGSVC2: rdf-scan heartbeat — 31,071,247 triples · 4,496,340,096 bytes read
  Partitioned compression: HGSVC2: rdf-scan heartbeat — 31,538,000 triples · 4,563,449,004 bytes read
  Partitioned compression: HGSVC2: rdf-scan heartbeat — 32,004,688 triples · 4,630,557,882 bytes read
  Partitioned compression: HGSVC2: rdf-scan heartbeat — 32,471,411 triples · 4,697,666,838 bytes read
  Partitioned compression: HGSVC2: rdf-scan heartbeat — 32,938,202 triples · 4,764,775,792 bytes read
  Partitioned compression: HGSVC2: rdf-scan chunk — 33,404,729 triples · 9 chunks · 4,831,838,795 bytes read
  Partitioned compression: HGSVC2: hdt-chunks started — 8 chunks · hdt-build-00008
  Partitioned compression: HGSVC2: hdt-chunks complete — 9 chunks · hdt-build-00008
  Partitioned compression: HGSVC2: rdf-scan heartbeat — 33,405,048 triples · 4,831,884,682 bytes read
  Partitioned compression: HGSVC2: rdf-scan heartbeat — 33,871,732 triples · 4,898,993,643 bytes read
  Partitioned compression: HGSVC2: rdf-scan heartbeat — 34,338,415 triples · 4,966,102,592 bytes read
  Partitioned compression: HGSVC2: rdf-scan heartbeat — 34,805,098 triples · 5,033,211,505 bytes read
  Partitioned compression: HGSVC2: rdf-scan heartbeat — 35,271,827 triples · 5,100,320,372 bytes read
  Partitioned compression: HGSVC2: rdf-scan heartbeat — 35,738,516 triples · 5,167,429,273 bytes read
  Partitioned compression: HGSVC2: rdf-scan heartbeat — 36,205,219 triples · 5,234,538,200 bytes read
  Partitioned compression: HGSVC2: rdf-scan heartbeat — 36,671,921 triples · 5,301,647,129 bytes read
  Partitioned compression: HGSVC2: rdf-scan chunk — 37,138,342 triples · 10 chunks · 5,368,709,745 bytes read
  Partitioned compression: HGSVC2: hdt-chunks started — 9 chunks · hdt-build-00009
  Partitioned compression: HGSVC2: hdt-chunks complete — 10 chunks · hdt-build-00009
  Partitioned compression: HGSVC2: rdf-scan heartbeat — 37,138,664 triples · 5,368,756,054 bytes read
  Partitioned compression: HGSVC2: rdf-scan heartbeat — 37,605,371 triples · 5,435,864,980 bytes read
  Partitioned compression: HGSVC2: rdf-scan heartbeat — 38,072,197 triples · 5,502,973,918 bytes read
  Partitioned compression: HGSVC2: rdf-scan heartbeat — 38,538,880 triples · 5,570,082,916 bytes read
  Partitioned compression: HGSVC2: rdf-scan heartbeat — 39,005,564 triples · 5,637,191,904 bytes read
  Partitioned compression: HGSVC2: rdf-scan heartbeat — 39,472,260 triples · 5,704,300,815 bytes read
  Partitioned compression: HGSVC2: rdf-scan heartbeat — 39,938,944 triples · 5,771,409,802 bytes read
  Partitioned compression: HGSVC2: rdf-scan heartbeat — 40,405,636 triples · 5,838,518,683 bytes read
  Partitioned compression: HGSVC2: rdf-scan chunk — 40,872,870 triples · 11 chunks · 5,905,580,685 bytes read
  Partitioned compression: HGSVC2: hdt-chunks started — 10 chunks · hdt-build-00010
  Partitioned compression: HGSVC2: hdt-chunks complete — 11 chunks · hdt-build-00010
  Partitioned compression: HGSVC2: rdf-scan heartbeat — 40,873,196 triples · 5,905,627,577 bytes read
  Partitioned compression: HGSVC2: rdf-scan heartbeat — 41,340,180 triples · 5,972,736,553 bytes read
  Partitioned compression: HGSVC2: rdf-scan heartbeat — 41,807,189 triples · 6,039,845,510 bytes read
  Partitioned compression: HGSVC2: rdf-scan heartbeat — 42,273,877 triples · 6,106,954,509 bytes read
  Partitioned compression: HGSVC2: rdf-scan heartbeat — 42,740,566 triples · 6,174,063,446 bytes read
  Partitioned compression: HGSVC2: rdf-scan heartbeat — 43,207,249 triples · 6,241,172,310 bytes read
  Partitioned compression: HGSVC2: rdf-scan heartbeat — 43,673,931 triples · 6,308,281,238 bytes read
  Partitioned compression: HGSVC2: rdf-scan heartbeat — 44,140,614 triples · 6,375,390,153 bytes read
  Partitioned compression: HGSVC2: rdf-scan chunk — 44,606,985 triples · 12 chunks · 6,442,451,675 bytes read
  Partitioned compression: HGSVC2: hdt-chunks started — 11 chunks · hdt-build-00011
  Partitioned compression: HGSVC2: hdt-chunks complete — 12 chunks · hdt-build-00011
  Partitioned compression: HGSVC2: rdf-scan heartbeat — 44,607,314 triples · 6,442,499,026 bytes read
  Partitioned compression: HGSVC2: rdf-scan heartbeat — 45,073,996 triples · 6,509,607,955 bytes read
  Partitioned compression: HGSVC2: rdf-scan heartbeat — 45,540,785 triples · 6,576,716,929 bytes read
  Partitioned compression: HGSVC2: rdf-scan heartbeat — 46,007,470 triples · 6,643,825,836 bytes read
  Partitioned compression: HGSVC2: rdf-scan heartbeat — 46,474,186 triples · 6,710,934,714 bytes read
  Partitioned compression: HGSVC2: rdf-scan heartbeat — 46,940,933 triples · 6,778,043,668 bytes read
  Partitioned compression: HGSVC2: rdf-scan heartbeat — 47,407,644 triples · 6,845,152,616 bytes read
  Partitioned compression: HGSVC2: rdf-scan heartbeat — 47,874,335 triples · 6,912,261,579 bytes read
  Partitioned compression: HGSVC2: rdf-scan chunk — 48,341,292 triples · 13 chunks · 6,979,322,704 bytes read
  Partitioned compression: HGSVC2: hdt-chunks started — 12 chunks · hdt-build-00012
  Partitioned compression: HGSVC2: hdt-chunks complete — 13 chunks · hdt-build-00012
  Partitioned compression: HGSVC2: rdf-scan heartbeat — 48,341,624 triples · 6,979,370,453 bytes read
  Partitioned compression: HGSVC2: rdf-scan heartbeat — 48,808,475 triples · 7,046,479,387 bytes read
  Partitioned compression: HGSVC2: rdf-scan heartbeat — 49,275,161 triples · 7,113,588,359 bytes read
  Partitioned compression: HGSVC2: rdf-scan heartbeat — 49,741,845 triples · 7,180,697,370 bytes read
  Partitioned compression: HGSVC2: rdf-scan heartbeat — 50,208,766 triples · 7,247,806,366 bytes read
  Partitioned compression: HGSVC2: rdf-scan heartbeat — 50,675,451 triples · 7,314,915,347 bytes read
  Partitioned compression: HGSVC2: rdf-scan heartbeat — 51,142,137 triples · 7,382,024,249 bytes read
  Partitioned compression: HGSVC2: rdf-scan heartbeat — 51,608,936 triples · 7,449,133,138 bytes read
  Partitioned compression: HGSVC2: rdf-scan chunk — 52,075,294 triples · 14 chunks · 7,516,193,661 bytes read
  Partitioned compression: HGSVC2: hdt-chunks started — 13 chunks · hdt-build-00013
  Partitioned compression: HGSVC2: hdt-chunks complete — 14 chunks · hdt-build-00013
  Partitioned compression: HGSVC2: rdf-scan heartbeat — 52,075,630 triples · 7,516,242,006 bytes read
  Partitioned compression: HGSVC2: rdf-scan heartbeat — 52,542,431 triples · 7,583,350,882 bytes read
  Partitioned compression: HGSVC2: rdf-scan heartbeat — 53,009,115 triples · 7,650,459,839 bytes read
  Partitioned compression: HGSVC2: rdf-scan heartbeat — 53,475,798 triples · 7,717,568,719 bytes read
  Partitioned compression: HGSVC2: rdf-scan heartbeat — 53,942,488 triples · 7,784,677,637 bytes read
  Partitioned compression: HGSVC2: rdf-scan heartbeat — 54,409,397 triples · 7,851,786,651 bytes read
  Partitioned compression: HGSVC2: rdf-scan heartbeat — 54,876,233 triples · 7,918,895,631 bytes read
  Partitioned compression: HGSVC2: rdf-scan heartbeat — 55,343,048 triples · 7,986,004,515 bytes read
  Partitioned compression: HGSVC2: rdf-scan chunk — 55,809,594 triples · 15 chunks · 8,053,064,665 bytes read
  Partitioned compression: HGSVC2: hdt-chunks started — 14 chunks · hdt-build-00014
  Partitioned compression: HGSVC2: hdt-chunks complete — 15 chunks · hdt-build-00014
  Partitioned compression: HGSVC2: rdf-scan heartbeat — 55,809,932 triples · 8,053,113,395 bytes read
  Partitioned compression: HGSVC2: rdf-scan heartbeat — 56,276,623 triples · 8,120,222,361 bytes read
  Partitioned compression: HGSVC2: rdf-scan heartbeat — 56,743,318 triples · 8,187,331,348 bytes read
  Partitioned compression: HGSVC2: rdf-scan heartbeat — 57,210,003 triples · 8,254,440,220 bytes read
  Partitioned compression: HGSVC2: rdf-scan heartbeat — 57,676,736 triples · 8,321,549,214 bytes read
  Partitioned compression: HGSVC2: rdf-scan heartbeat — 58,143,517 triples · 8,388,658,132 bytes read
  Partitioned compression: HGSVC2: rdf-scan heartbeat — 58,610,203 triples · 8,455,767,119 bytes read
  Partitioned compression: HGSVC2: rdf-scan heartbeat — 59,076,890 triples · 8,522,875,986 bytes read
  Partitioned compression: HGSVC2: rdf-scan chunk — 59,543,252 triples · 16 chunks · 8,589,935,646 bytes read
  Partitioned compression: HGSVC2: hdt-chunks started — 15 chunks · hdt-build-00015
  Partitioned compression: HGSVC2: hdt-chunks complete — 16 chunks · hdt-build-00015
  Partitioned compression: HGSVC2: rdf-scan heartbeat — 59,543,595 triples · 8,589,984,968 bytes read
  Partitioned compression: HGSVC2: rdf-scan heartbeat — 60,010,509 triples · 8,657,093,970 bytes read
  Partitioned compression: HGSVC2: rdf-scan heartbeat — 60,477,216 triples · 8,724,202,844 bytes read
  Partitioned compression: HGSVC2: rdf-scan heartbeat — 60,943,903 triples · 8,791,311,761 bytes read
  Partitioned compression: HGSVC2: rdf-scan heartbeat — 61,410,673 triples · 8,858,420,630 bytes read
  Partitioned compression: HGSVC2: rdf-scan heartbeat — 61,877,429 triples · 8,925,529,575 bytes read
  Partitioned compression: HGSVC2: rdf-scan heartbeat — 62,344,274 triples · 8,992,638,565 bytes read
  Partitioned compression: HGSVC2: rdf-scan heartbeat — 62,810,989 triples · 9,059,747,589 bytes read
  Partitioned compression: HGSVC2: rdf-scan chunk — 63,277,326 triples · 17 chunks · 9,126,806,716 bytes read
  Partitioned compression: HGSVC2: hdt-chunks started — 16 chunks · hdt-build-00016
  Partitioned compression: HGSVC2: hdt-chunks complete — 17 chunks · hdt-build-00016
  Partitioned compression: HGSVC2: rdf-scan heartbeat — 63,277,673 triples · 9,126,856,595 bytes read
  Partitioned compression: HGSVC2: rdf-scan heartbeat — 63,744,359 triples · 9,193,965,579 bytes read
  Partitioned compression: HGSVC2: rdf-scan heartbeat — 64,211,207 triples · 9,261,074,481 bytes read
  Partitioned compression: HGSVC2: rdf-scan heartbeat — 64,677,996 triples · 9,328,183,433 bytes read
  Partitioned compression: HGSVC2: rdf-scan heartbeat — 65,144,679 triples · 9,395,292,329 bytes read
  Partitioned compression: HGSVC2: rdf-scan heartbeat — 65,611,483 triples · 9,462,401,266 bytes read
  Partitioned compression: HGSVC2: rdf-scan heartbeat — 66,078,373 triples · 9,529,510,170 bytes read
  Partitioned compression: HGSVC2: rdf-scan heartbeat — 66,545,136 triples · 9,596,619,058 bytes read
  Partitioned compression: HGSVC2: rdf-scan chunk — 67,011,470 triples · 18 chunks · 9,663,677,719 bytes read
  Partitioned compression: HGSVC2: hdt-chunks started — 17 chunks · hdt-build-00017
  Partitioned compression: HGSVC2: hdt-chunks complete — 18 chunks · hdt-build-00017
  Partitioned compression: HGSVC2: rdf-scan heartbeat — 67,011,820 triples · 9,663,728,049 bytes read
  Partitioned compression: HGSVC2: rdf-scan heartbeat — 67,478,502 triples · 9,730,836,944 bytes read
  Partitioned compression: HGSVC2: rdf-scan heartbeat — 67,945,186 triples · 9,797,945,897 bytes read
  Partitioned compression: HGSVC2: rdf-scan heartbeat — 68,411,880 triples · 9,865,054,840 bytes read
  Partitioned compression: HGSVC2: rdf-scan heartbeat — 68,878,562 triples · 9,932,163,747 bytes read
  Partitioned compression: HGSVC2: rdf-scan heartbeat — 69,345,318 triples · 9,999,272,703 bytes read
  Partitioned compression: HGSVC2: rdf-scan heartbeat — 69,812,018 triples · 10,066,381,604 bytes read
  Partitioned compression: HGSVC2: rdf-scan heartbeat — 70,278,765 triples · 10,133,490,588 bytes read
  Partitioned compression: HGSVC2: rdf-scan chunk — 70,745,101 triples · 19 chunks · 10,200,548,691 bytes read
  Partitioned compression: HGSVC2: hdt-chunks started — 18 chunks · hdt-build-00018
  Partitioned compression: HGSVC2: hdt-chunks complete — 19 chunks · hdt-build-00018
  Partitioned compression: HGSVC2: rdf-scan heartbeat — 70,745,454 triples · 10,200,599,503 bytes read
  Partitioned compression: HGSVC2: rdf-scan heartbeat — 71,212,212 triples · 10,267,708,500 bytes read
  Partitioned compression: HGSVC2: rdf-scan heartbeat — 71,679,322 triples · 10,334,817,404 bytes read
  Partitioned compression: HGSVC2: rdf-scan heartbeat — 72,146,384 triples · 10,401,926,291 bytes read
  Partitioned compression: HGSVC2: rdf-scan heartbeat — 72,613,175 triples · 10,469,035,241 bytes read
  Partitioned compression: HGSVC2: rdf-scan heartbeat — 73,079,879 triples · 10,536,144,240 bytes read
  Partitioned compression: HGSVC2: rdf-scan heartbeat — 73,546,745 triples · 10,603,253,144 bytes read
  Partitioned compression: HGSVC2: rdf-scan heartbeat — 74,013,531 triples · 10,670,362,067 bytes read
  Partitioned compression: HGSVC2: rdf-scan chunk — 74,479,857 triples · 20 chunks · 10,737,419,649 bytes read
  Partitioned compression: HGSVC2: hdt-chunks started — 19 chunks · hdt-build-00019
  Partitioned compression: HGSVC2: hdt-chunks complete — 20 chunks · hdt-build-00019
  Partitioned compression: HGSVC2: rdf-scan heartbeat — 74,480,215 triples · 10,737,471,056 bytes read
  Partitioned compression: HGSVC2: rdf-scan heartbeat — 74,946,952 triples · 10,804,580,004 bytes read
  Partitioned compression: HGSVC2: rdf-scan heartbeat — 75,413,636 triples · 10,871,689,015 bytes read
  Partitioned compression: HGSVC2: rdf-scan heartbeat — 75,880,587 triples · 10,938,797,919 bytes read
  Partitioned compression: HGSVC2: rdf-scan heartbeat — 76,347,274 triples · 11,005,906,842 bytes read
  Partitioned compression: HGSVC2: rdf-scan heartbeat — 76,813,956 triples · 11,073,015,755 bytes read
  Partitioned compression: HGSVC2: rdf-scan heartbeat — 77,280,669 triples · 11,140,124,739 bytes read
  Partitioned compression: HGSVC2: rdf-scan heartbeat — 77,747,351 triples · 11,207,233,618 bytes read
  Partitioned compression: HGSVC2: rdf-scan chunk — 78,213,674 triples · 21 chunks · 11,274,290,643 bytes read
  Partitioned compression: HGSVC2: hdt-chunks started — 20 chunks · hdt-build-00020
  Partitioned compression: HGSVC2: hdt-chunks complete — 21 chunks · hdt-build-00020
  Partitioned compression: HGSVC2: rdf-scan heartbeat — 78,214,036 triples · 11,274,342,582 bytes read
  Partitioned compression: HGSVC2: rdf-scan heartbeat — 78,680,721 triples · 11,341,451,526 bytes read
  Partitioned compression: HGSVC2: rdf-scan heartbeat — 79,147,471 triples · 11,408,560,458 bytes read
  Partitioned compression: HGSVC2: rdf-scan heartbeat — 79,614,306 triples · 11,475,669,416 bytes read
  Partitioned compression: HGSVC2: rdf-scan heartbeat — 80,081,812 triples · 11,542,778,376 bytes read
  Partitioned compression: HGSVC2: rdf-scan heartbeat — 80,548,536 triples · 11,609,887,347 bytes read
  Partitioned compression: HGSVC2: rdf-scan heartbeat — 81,013,094 triples · 11,676,996,300 bytes read
  Partitioned compression: HGSVC2: rdf-scan heartbeat — 81,475,661 triples · 11,744,105,184 bytes read
  Partitioned compression: HGSVC2: rdf-scan chunk — 81,937,876 triples · 22 chunks · 11,811,161,597 bytes read
  Partitioned compression: HGSVC2: hdt-chunks started — 21 chunks · hdt-build-00021
  Partitioned compression: HGSVC2: hdt-chunks complete — 22 chunks · hdt-build-00021
  Partitioned compression: HGSVC2: rdf-scan heartbeat — 81,938,238 triples · 11,811,214,091 bytes read
  Partitioned compression: HGSVC2: rdf-scan heartbeat — 82,401,953 triples · 11,878,323,015 bytes read
  Partitioned compression: HGSVC2: rdf-scan heartbeat — 82,866,199 triples · 11,945,432,002 bytes read
  Partitioned compression: HGSVC2: rdf-scan heartbeat — 83,329,411 triples · 12,012,540,932 bytes read
  Partitioned compression: HGSVC2: rdf-scan heartbeat — 83,792,001 triples · 12,079,649,894 bytes read
  Partitioned compression: HGSVC2: rdf-scan heartbeat — 84,254,657 triples · 12,146,758,859 bytes read
  Partitioned compression: HGSVC2: rdf-scan heartbeat — 84,717,397 triples · 12,213,867,756 bytes read
  Partitioned compression: HGSVC2: rdf-scan heartbeat — 85,179,981 triples · 12,280,976,669 bytes read
  Partitioned compression: HGSVC2: rdf-scan chunk — 85,642,388 triples · 23 chunks · 12,348,032,635 bytes read
  Partitioned compression: HGSVC2: hdt-chunks started — 22 chunks · hdt-build-00022
  Partitioned compression: HGSVC2: hdt-chunks complete — 23 chunks · hdt-build-00022
  Partitioned compression: HGSVC2: rdf-scan heartbeat — 85,642,755 triples · 12,348,085,554 bytes read
  Partitioned compression: HGSVC2: rdf-scan heartbeat — 86,107,044 triples · 12,415,194,442 bytes read
  Partitioned compression: HGSVC2: rdf-scan heartbeat — 86,571,557 triples · 12,482,303,341 bytes read
  Partitioned compression: HGSVC2: rdf-scan heartbeat — 87,031,013 triples · 12,549,412,284 bytes read
  Partitioned compression: HGSVC2: rdf-scan heartbeat — 87,474,901 triples · 12,616,521,262 bytes read
  Partitioned compression: HGSVC2: rdf-scan heartbeat — 87,921,856 triples · 12,683,630,233 bytes read
  Partitioned compression: HGSVC2: rdf-scan heartbeat — 88,364,113 triples · 12,750,739,147 bytes read
  Partitioned compression: HGSVC2: rdf-scan heartbeat — 88,815,379 triples · 12,817,848,098 bytes read
  Partitioned compression: HGSVC2: rdf-scan chunk — 89,148,721 triples · 24 chunks · 12,884,903,568 bytes read
  Partitioned compression: HGSVC2: hdt-chunks started — 23 chunks · hdt-build-00023
  Partitioned compression: HGSVC2: hdt-chunks complete — 24 chunks · hdt-build-00023
  Partitioned compression: HGSVC2: rdf-scan heartbeat — 89,149,095 triples · 12,884,956,964 bytes read
  Partitioned compression: HGSVC2: rdf-scan heartbeat — 89,576,924 triples · 12,952,065,879 bytes read
  Partitioned compression: HGSVC2: rdf-scan heartbeat — 90,022,542 triples · 13,019,174,811 bytes read
  Partitioned compression: HGSVC2: rdf-scan heartbeat — 90,466,383 triples · 13,086,287,239 bytes read
  Partitioned compression: HGSVC2: rdf-scan heartbeat — 90,919,833 triples · 13,153,398,824 bytes read
  Partitioned compression: HGSVC2: rdf-scan heartbeat — 91,367,509 triples · 13,220,507,689 bytes read
  Partitioned compression: HGSVC2: rdf-scan heartbeat — 91,825,832 triples · 13,287,616,596 bytes read
  Partitioned compression: HGSVC2: rdf-scan heartbeat — 92,277,515 triples · 13,354,725,462 bytes read
  Partitioned compression: HGSVC2: rdf-scan chunk — 92,714,561 triples · 25 chunks · 13,421,774,585 bytes read
  Partitioned compression: HGSVC2: hdt-chunks started — 24 chunks · hdt-build-00024
  Partitioned compression: HGSVC2: hdt-chunks complete — 25 chunks · hdt-build-00024
  Partitioned compression: HGSVC2: rdf-scan heartbeat — 92,714,976 triples · 13,421,834,347 bytes read
  Partitioned compression: HGSVC2: rdf-scan heartbeat — 93,164,203 triples · 13,488,943,283 bytes read
  Partitioned compression: HGSVC2: rdf-scan heartbeat — 93,612,202 triples · 13,556,052,169 bytes read
  Partitioned compression: HGSVC2: rdf-scan heartbeat — 94,066,985 triples · 13,623,161,084 bytes read
  Partitioned compression: HGSVC2: rdf-scan heartbeat — 94,516,699 triples · 13,690,269,977 bytes read
  Partitioned compression: HGSVC2: rdf-scan heartbeat — 94,965,723 triples · 13,757,381,887 bytes read
  Partitioned compression: HGSVC2: rdf-scan heartbeat — 95,416,415 triples · 13,824,490,847 bytes read
  Partitioned compression: HGSVC2: rdf-scan heartbeat — 95,862,125 triples · 13,891,599,731 bytes read
  Partitioned compression: HGSVC2: rdf-scan chunk — 96,298,103 triples · 26 chunks · 13,958,645,550 bytes read
  Partitioned compression: HGSVC2: hdt-chunks started — 25 chunks · hdt-build-00025
  Partitioned compression: HGSVC2: hdt-chunks complete — 26 chunks · hdt-build-00025
  Partitioned compression: HGSVC2: rdf-scan heartbeat — 96,298,532 triples · 13,958,708,661 bytes read
  Partitioned compression: HGSVC2: rdf-scan heartbeat — 96,734,937 triples · 14,025,823,361 bytes read
  Partitioned compression: HGSVC2: rdf-scan chunk — 96,754,372 triples · 27 chunks · 14,028,789,565 bytes read
  Partitioned compression: HGSVC2: hdt-chunks started — 26 chunks · hdt-build-00026
  Partitioned compression: HGSVC2: hdt-chunks complete — 27 chunks · hdt-build-00026
  Partitioned compression: HGSVC2: rdf-scan complete — 96,754,372 triples · 27 chunks
  Partitioned compression: HGSVC2: hdt-chunks complete — 27 chunks
  Partitioned compression: HGSVC2: hdt-merge started — hdt-merge-r01-00000
  Partitioned compression: HGSVC2: hdt-merge complete — hdt-merge-r01-00000
  Partitioned compression: HGSVC2: hdt-merge started — hdt-merge-r01-00001
  Partitioned compression: HGSVC2: hdt-merge complete — hdt-merge-r01-00001
  Partitioned compression: HGSVC2: hdt-merge started — hdt-merge-r01-00002
  Partitioned compression: HGSVC2: hdt-merge complete — hdt-merge-r01-00002
  Partitioned compression: HGSVC2: hdt-merge started — hdt-merge-r01-00003
  Partitioned compression: HGSVC2: hdt-merge complete — hdt-merge-r01-00003
  Partitioned compression: HGSVC2: hdt-merge started — hdt-merge-r01-00004
  Partitioned compression: HGSVC2: hdt-merge complete — hdt-merge-r01-00004
  Partitioned compression: HGSVC2: hdt-merge started — hdt-merge-r01-00005
  Partitioned compression: HGSVC2: hdt-merge complete — hdt-merge-r01-00005
  Partitioned compression: HGSVC2: hdt-merge started — hdt-merge-r01-00006
  Partitioned compression: HGSVC2: hdt-merge complete — hdt-merge-r01-00006
  Partitioned compression: HGSVC2: hdt-merge started — hdt-merge-r01-00007
  Partitioned compression: HGSVC2: hdt-merge complete — hdt-merge-r01-00007
  Partitioned compression: HGSVC2: hdt-merge started — hdt-merge-r01-00008
  Partitioned compression: HGSVC2: hdt-merge complete — hdt-merge-r01-00008
  Partitioned compression: HGSVC2: hdt-merge started — hdt-merge-r01-00009
  Partitioned compression: HGSVC2: hdt-merge complete — hdt-merge-r01-00009
  Partitioned compression: HGSVC2: hdt-merge started — hdt-merge-r01-00010
  Partitioned compression: HGSVC2: hdt-merge complete — hdt-merge-r01-00010
  Partitioned compression: HGSVC2: hdt-merge started — hdt-merge-r01-00011
  Partitioned compression: HGSVC2: hdt-merge complete — hdt-merge-r01-00011
  Partitioned compression: HGSVC2: hdt-merge started — hdt-merge-r01-00012
  Partitioned compression: HGSVC2: hdt-merge complete — hdt-merge-r01-00012
  Partitioned compression: HGSVC2: hdt-merge started — hdt-merge-r02-00000
  Partitioned compression: HGSVC2: hdt-merge complete — hdt-merge-r02-00000
  Partitioned compression: HGSVC2: hdt-merge started — hdt-merge-r02-00001
  Partitioned compression: HGSVC2: hdt-merge complete — hdt-merge-r02-00001
  Partitioned compression: HGSVC2: hdt-merge started — hdt-merge-r02-00002
  Partitioned compression: HGSVC2: hdt-merge complete — hdt-merge-r02-00002
  Partitioned compression: HGSVC2: hdt-merge started — hdt-merge-r02-00003
  Partitioned compression: HGSVC2: hdt-merge complete — hdt-merge-r02-00003
  Partitioned compression: HGSVC2: hdt-merge started — hdt-merge-r02-00004
  Partitioned compression: HGSVC2: hdt-merge complete — hdt-merge-r02-00004
  Partitioned compression: HGSVC2: hdt-merge started — hdt-merge-r02-00005
  Partitioned compression: HGSVC2: hdt-merge complete — hdt-merge-r02-00005
  Partitioned compression: HGSVC2: hdt-merge started — hdt-merge-r02-00006
  Partitioned compression: HGSVC2: hdt-merge complete — hdt-merge-r02-00006
  Partitioned compression: HGSVC2: hdt-merge started — hdt-merge-r03-00000
  Partitioned compression: HGSVC2: hdt-merge complete — hdt-merge-r03-00000
  Partitioned compression: HGSVC2: hdt-merge started — hdt-merge-r03-00001
  Partitioned compression: HGSVC2: hdt-merge complete — hdt-merge-r03-00001
  Partitioned compression: HGSVC2: hdt-merge started — hdt-merge-r03-00002
  Partitioned compression: HGSVC2: hdt-merge complete — hdt-merge-r03-00002
  Partitioned compression: HGSVC2: hdt-merge started — hdt-merge-r04-00000
  Partitioned compression: HGSVC2: hdt-merge complete — hdt-merge-r04-00000
  Partitioned compression: HGSVC2: hdt-merge started — hdt-merge-r04-00001
  Partitioned compression: HGSVC2: hdt-merge complete — hdt-merge-r04-00001
  Partitioned compression: HGSVC2: hdt-merge started — hdt-merge-r05-00000
  Partitioned compression: HGSVC2: hdt-merge complete — hdt-merge-r05-00000
  Partitioned compression: HGSVC2: hdt started — hdt-index
  Partitioned compression: HGSVC2: hdt complete — hdt-index
  Partitioned compression: HGSVC2: hdt started — hdt-validate
  Partitioned compression: HGSVC2: hdt complete — hdt-validate
Partitioned compression: HGSVC2: finished
