Step 1/5: Validating inputs ✅
  Metrics: /home/ubuntu/vcf-rdfizer-testing/benchmarks_outputs/09_awkward_inputs/awkward_symbolic_alleles/out/run_metrics/awkward_symbolic_alleles__20260924T161119
  Detailed logs: /home/ubuntu/vcf-rdfizer-testing/benchmarks_outputs/09_awkward_inputs/awkward_symbolic_alleles/out/run_metrics/awkward_symbolic_alleles__20260924T161119/logs/wrapper.log
  Progress log: /home/ubuntu/vcf-rdfizer-testing/benchmarks_outputs/09_awkward_inputs/awkward_symbolic_alleles/out/run_metrics/awkward_symbolic_alleles__20260924T161119/logs/progress.log
Step 2/5: Ensuring Docker image is available ✅
Step 3/5: Processing per-input pipeline (TSV -> RDF -> compression -> validation)
  Spark partition hint: 8
  Sample representation: expanded
  INFO representation: structured
  Header representation: structured
  Validation: aggregate, hdt, cottas via comunica
  - Input 1/1: awkward_symbolic_alleles.vcf
    * TSV conversion ✅
    * VCF version: VCFv4.2 (detected)
    * RDF conversion ✅
    * Streaming expanded multi-sample RDF (no expanded helper TSVs)
    * Sample calls streamed: 2; FORMAT values: 4
    * Streaming structured header RDF
    * Header lines typed: 12; contigs: 1
    * Streaming QUAL and structured INFO RDF
    * QUAL values streamed: 2; INFO values: 4; declarations: 2
    * Triples produced: 453
    * Compression ✅
    * Semantic validation (aggregate, comunica): awkward_symbolic_alleles.nt.gz
Validation results: /home/ubuntu/vcf-rdfizer-testing/benchmarks_outputs/09_awkward_inputs/awkward_symbolic_alleles/out/run_metrics/awkward_symbolic_alleles__20260924T161119/reports/validation/awkward_symbolic_alleles
Validation metrics: /home/ubuntu/vcf-rdfizer-testing/benchmarks_outputs/09_awkward_inputs/awkward_symbolic_alleles/out/run_metrics/awkward_symbolic_alleles__20260924T161119/stages/validation/awkward_symbolic_alleles.json
    * Semantic validation (hdt, comunica): awkward_symbolic_alleles.hdt
Validation results: /home/ubuntu/vcf-rdfizer-testing/benchmarks_outputs/09_awkward_inputs/awkward_symbolic_alleles/out/run_metrics/awkward_symbolic_alleles__20260924T161119/reports/validation/awkward_symbolic_alleles__hdt
Validation metrics: /home/ubuntu/vcf-rdfizer-testing/benchmarks_outputs/09_awkward_inputs/awkward_symbolic_alleles/out/run_metrics/awkward_symbolic_alleles__20260924T161119/stages/validation/awkward_symbolic_alleles__hdt.json
    * Output directory: /home/ubuntu/vcf-rdfizer-testing/benchmarks_outputs/09_awkward_inputs/awkward_symbolic_alleles/out/awkward_symbolic_alleles
      - RDF aggregate: awkward_symbolic_alleles.nt.gz
      - RDF (.gz): 4.66 KB (removed after successful compression)
      - HDT (.hdt): 7.13 KB (/home/ubuntu/vcf-rdfizer-testing/benchmarks_outputs/09_awkward_inputs/awkward_symbolic_alleles/out/awkward_symbolic_alleles/awkward_symbolic_alleles.hdt)
Total triples produced (full run): 453
Conversion process finished.
Run time (full mode): 36.22s
Timing log: /home/ubuntu/vcf-rdfizer-testing/benchmarks_outputs/09_awkward_inputs/awkward_symbolic_alleles/out/run_metrics/awkward_symbolic_alleles__20260924T161119/wrapper_execution_times.csv
Metrics summary: /home/ubuntu/vcf-rdfizer-testing/benchmarks_outputs/09_awkward_inputs/awkward_symbolic_alleles/out/run_metrics/awkward_symbolic_alleles__20260924T161119/summary.json
