TSV conversion: HG01097.acmg: started
TSV conversion: HG01097.acmg: finished
RMLStreamer: HG01097.acmg: started
  RMLStreamer: HG01097.acmg: rmlstreamer started — 0 B · 0 parts
  RMLStreamer: HG01097.acmg: rmlstreamer heartbeat — 0 B · 0 parts
  RMLStreamer: HG01097.acmg: rmlstreamer heartbeat — 674.23 KB · 8 parts
  RMLStreamer: HG01097.acmg: rmlstreamer heartbeat — 11.02 MB · 8 parts
  RMLStreamer: HG01097.acmg: rmlstreamer complete — 11.02 MB · 8 parts
  RMLStreamer: HG01097.acmg: rdf-aggregate started — 0 parts
  RMLStreamer: HG01097.acmg: rdf-aggregate part — 1 parts
  RMLStreamer: HG01097.acmg: rdf-aggregate part — 2 parts
  RMLStreamer: HG01097.acmg: rdf-aggregate part — 3 parts
  RMLStreamer: HG01097.acmg: rdf-aggregate part — 4 parts
  RMLStreamer: HG01097.acmg: rdf-aggregate part — 5 parts
  RMLStreamer: HG01097.acmg: rdf-aggregate part — 6 parts
  RMLStreamer: HG01097.acmg: rdf-aggregate part — 7 parts
  RMLStreamer: HG01097.acmg: rdf-aggregate part — 8 parts
  RMLStreamer: HG01097.acmg: rdf-aggregate complete — 8 parts
RMLStreamer: HG01097.acmg: finished
Gzip: HG01097.acmg: started
Gzip: HG01097.acmg: finished
