2026-10-08 17:18:04.028 - INFO: [1mQLever index builder bfd5741, compiled on Thu Sep  3 17:32:42 UTC 2026 using git hash bfd5741[22m
2026-10-08 17:18:04.029 - WARN: Implicitly using the parallel parser for a single input file for reasons of backward compatibility; this is deprecated, please use the command-line option --parallel-parsing or -p
2026-10-08 17:18:04.029 - INFO: Processing triples from single input stream /home/ubuntu/vrdev-test/conv/run-e3743590/work/scratch/jvarkit-1000G_10000r_s16/graph.nt (parallel = true) ...
2026-10-08 17:18:04.029 - INFO: Locale was not specified in settings file, default is en_US
2026-10-08 17:18:04.029 - INFO: You specified "locale = en_US" and "ignore-punctuation = 0"
2026-10-08 17:18:04.029 - INFO: By default, integers that cannot be represented by QLever will throw an exception
2026-10-08 17:18:04.029 - INFO: Parsing input triples and creating partial vocabularies, one per batch ...
2026-10-08 17:18:04.711 - INFO: Triples parsed: 1,020,454 [average speed 4.1 M/s] 
2026-10-08 17:18:04.829 - INFO: Number of triples created (including QLever-internal ones): 1,020,454 [may contain duplicates]
2026-10-08 17:18:04.829 - INFO: Number of partial vocabularies created: 1
2026-10-08 17:18:04.884 - INFO: Merging partial vocabularies ...
2026-10-08 17:18:04.930 - INFO: Words merged: 170,354 [average speed 3.7 M/s] 
2026-10-08 17:18:04.975 - INFO: Finished writing compressed internal vocabulary, size = 877.7 kB [uncompressed = 4.7 MB, ratio = 18%]
2026-10-08 17:18:04.975 - INFO: Number of words in external vocabulary: 170,354
2026-10-08 17:18:04.976 - INFO: Converting triples from local IDs to global IDs ...
2026-10-08 17:18:05.019 - INFO: Triples converted: 1,020,454 [average speed 25.6 M/s] 
2026-10-08 17:18:05.034 - INFO: Creating permutations SPO and SOP ...
2026-10-08 17:18:05.076 - INFO: Number of inputs to `uniqueView`: 1,020,454
2026-10-08 17:18:05.076 - INFO: Number of unique elements: 867,196
2026-10-08 17:18:05.076 - INFO: Triples sorted: 867,196 [average speed 20.6 M/s] 
2026-10-08 17:18:05.120 - INFO: Statistics for SPO: #relations = 170,019, #blocks = 19, #triples = 867,196
2026-10-08 17:18:05.120 - INFO: Statistics for SOP: #relations = 170,019, #blocks = 19, #triples = 867,196
2026-10-08 17:18:05.120 - INFO: Number of distinct patterns: 6
2026-10-08 17:18:05.120 - INFO: Number of subjects with pattern: 170,019 [all]
2026-10-08 17:18:05.120 - INFO: Total number of distinct subject-predicate pairs: 700,030
2026-10-08 17:18:05.120 - INFO: Average number of predicates per subject: 4.1
2026-10-08 17:18:05.120 - INFO: Average number of subjects per predicate: 53,848
2026-10-08 17:18:05.140 - INFO: Creating permutations OSP and OPS ...
2026-10-08 17:18:05.238 - INFO: Triples sorted: 867,196 [average speed 8.9 M/s] 
2026-10-08 17:18:05.243 - INFO: Statistics for OSP: #relations = 20,494, #blocks = 33, #triples = 867,196
2026-10-08 17:18:05.243 - INFO: Statistics for OPS: #relations = 20,494, #blocks = 33, #triples = 867,196
2026-10-08 17:18:05.243 - INFO: Adding 170,019 triples to the POS and PSO permutation for the internal `ql:has-pattern` ...
2026-10-08 17:18:05.250 - INFO: Creating permutations PSO and POS ...
2026-10-08 17:18:05.256 - INFO: Number of inputs to `uniqueView`: 170,019
2026-10-08 17:18:05.256 - INFO: Number of unique elements: 170,019
2026-10-08 17:18:05.256 - INFO: Triples sorted: 170,019 [average speed 28.8 M/s] 
2026-10-08 17:18:05.270 - INFO: Statistics for PSO: #relations = 1, #blocks = 6, #triples = 170,019
2026-10-08 17:18:05.270 - INFO: Statistics for POS: #relations = 1, #blocks = 6, #triples = 170,019
2026-10-08 17:18:05.282 - INFO: Creating permutations PSO and POS ...
2026-10-08 17:18:05.362 - INFO: Triples sorted: 867,196 [average speed 11.0 M/s] 
2026-10-08 17:18:05.389 - INFO: Statistics for PSO: #relations = 13, #blocks = 33, #triples = 867,196
2026-10-08 17:18:05.389 - INFO: Statistics for POS: #relations = 13, #blocks = 33, #triples = 867,196
2026-10-08 17:18:05.390 - INFO: Index build completed
