TSV conversion: HG02301.acmg: started
TSV conversion: HG02301.acmg: finished
RMLStreamer: HG02301.acmg: started
  RMLStreamer: HG02301.acmg: rmlstreamer started — 0 B · 0 parts
  RMLStreamer: HG02301.acmg: rmlstreamer heartbeat — 0 B · 0 parts
  RMLStreamer: HG02301.acmg: rmlstreamer heartbeat — 21.73 KB · 8 parts
  RMLStreamer: HG02301.acmg: rmlstreamer heartbeat — 7.59 MB · 8 parts
  RMLStreamer: HG02301.acmg: rmlstreamer heartbeat — 10.06 MB · 8 parts
  RMLStreamer: HG02301.acmg: rmlstreamer complete — 10.06 MB · 8 parts
  RMLStreamer: HG02301.acmg: rdf-aggregate started — 0 parts
  RMLStreamer: HG02301.acmg: rdf-aggregate part — 1 parts
  RMLStreamer: HG02301.acmg: rdf-aggregate part — 2 parts
  RMLStreamer: HG02301.acmg: rdf-aggregate part — 3 parts
  RMLStreamer: HG02301.acmg: rdf-aggregate part — 4 parts
  RMLStreamer: HG02301.acmg: rdf-aggregate part — 5 parts
  RMLStreamer: HG02301.acmg: rdf-aggregate part — 6 parts
  RMLStreamer: HG02301.acmg: rdf-aggregate part — 7 parts
  RMLStreamer: HG02301.acmg: rdf-aggregate part — 8 parts
  RMLStreamer: HG02301.acmg: rdf-aggregate complete — 8 parts
RMLStreamer: HG02301.acmg: finished
Gzip: HG02301.acmg: started
Gzip: HG02301.acmg: finished
