TSV conversion: HGSVC2: started
TSV conversion: HGSVC2: finished
RMLStreamer: HGSVC2: started
  RMLStreamer: HGSVC2: rmlstreamer started — 0 B · 0 parts
  RMLStreamer: HGSVC2: rmlstreamer heartbeat — 0 B · 0 parts
  RMLStreamer: HGSVC2: rmlstreamer heartbeat — 993 B · 8 parts
  RMLStreamer: HGSVC2: rmlstreamer heartbeat — 7.91 MB · 8 parts
  RMLStreamer: HGSVC2: rmlstreamer heartbeat — 20.17 MB · 8 parts
  RMLStreamer: HGSVC2: rmlstreamer heartbeat — 51.47 MB · 8 parts
  RMLStreamer: HGSVC2: rmlstreamer heartbeat — 89.06 MB · 8 parts
  RMLStreamer: HGSVC2: rmlstreamer heartbeat — 119.85 MB · 8 parts
  RMLStreamer: HGSVC2: rmlstreamer heartbeat — 148.79 MB · 8 parts
  RMLStreamer: HGSVC2: rmlstreamer heartbeat — 154.98 MB · 8 parts
  RMLStreamer: HGSVC2: rmlstreamer heartbeat — 171.56 MB · 8 parts
  RMLStreamer: HGSVC2: rmlstreamer complete — 171.56 MB · 8 parts
  RMLStreamer: HGSVC2: rdf-aggregate started — 0 parts
  RMLStreamer: HGSVC2: rdf-aggregate part — 1 parts
  RMLStreamer: HGSVC2: rdf-aggregate part — 2 parts
  RMLStreamer: HGSVC2: rdf-aggregate part — 3 parts
  RMLStreamer: HGSVC2: rdf-aggregate part — 4 parts
  RMLStreamer: HGSVC2: rdf-aggregate part — 5 parts
  RMLStreamer: HGSVC2: rdf-aggregate part — 6 parts
  RMLStreamer: HGSVC2: rdf-aggregate part — 7 parts
  RMLStreamer: HGSVC2: rdf-aggregate part — 8 parts
  RMLStreamer: HGSVC2: rdf-aggregate complete — 8 parts
RMLStreamer: HGSVC2: finished
Partitioned compression: HGSVC2: started
  Partitioned compression: HGSVC2: rdf-scan started — 0 triples
  Partitioned compression: HGSVC2: rdf-scan heartbeat — 393,306 triples · 67,147,026 bytes read
  Partitioned compression: HGSVC2: rdf-scan heartbeat — 707,824 triples · 135,532,477 bytes read
  Partitioned compression: HGSVC2: rdf-scan heartbeat — 1,131,294 triples · 202,641,404 bytes read
  Partitioned compression: HGSVC2: rdf-scan heartbeat — 1,606,651 triples · 269,750,383 bytes read
  Partitioned compression: HGSVC2: rdf-scan heartbeat — 2,078,946 triples · 336,859,306 bytes read
  Partitioned compression: HGSVC2: rdf-scan heartbeat — 2,550,009 triples · 403,968,257 bytes read
  Partitioned compression: HGSVC2: rdf-scan heartbeat — 3,020,888 triples · 471,077,180 bytes read
  Partitioned compression: HGSVC2: rdf-scan chunk — 3,482,534 triples · 1 chunks · 536,870,927 bytes read
  Partitioned compression: HGSVC2: hdt-chunks started — 0 chunks · hdt-build-00000
  Partitioned compression: HGSVC2: hdt-chunks complete — 1 chunks · hdt-build-00000
  Partitioned compression: HGSVC2: rdf-scan heartbeat — 3,491,762 triples · 538,186,097 bytes read
  Partitioned compression: HGSVC2: rdf-scan heartbeat — 3,962,668 triples · 605,294,985 bytes read
  Partitioned compression: HGSVC2: rdf-scan heartbeat — 4,434,105 triples · 672,403,859 bytes read
  Partitioned compression: HGSVC2: rdf-scan heartbeat — 4,905,227 triples · 739,512,766 bytes read
  Partitioned compression: HGSVC2: rdf-scan heartbeat — 5,376,105 triples · 806,621,710 bytes read
  Partitioned compression: HGSVC2: rdf-scan heartbeat — 5,846,993 triples · 873,730,597 bytes read
  Partitioned compression: HGSVC2: rdf-scan heartbeat — 6,317,917 triples · 940,839,505 bytes read
  Partitioned compression: HGSVC2: rdf-scan heartbeat — 6,788,845 triples · 1,007,948,421 bytes read
  Partitioned compression: HGSVC2: rdf-scan chunk — 7,250,508 triples · 2 chunks · 1,073,741,877 bytes read
  Partitioned compression: HGSVC2: hdt-chunks started — 1 chunks · hdt-build-00001
  Partitioned compression: HGSVC2: hdt-chunks complete — 2 chunks · hdt-build-00001
  Partitioned compression: HGSVC2: rdf-scan heartbeat — 7,259,738 triples · 1,075,057,325 bytes read
  Partitioned compression: HGSVC2: rdf-scan heartbeat — 7,730,616 triples · 1,142,166,272 bytes read
  Partitioned compression: HGSVC2: rdf-scan heartbeat — 8,201,498 triples · 1,209,275,218 bytes read
  Partitioned compression: HGSVC2: rdf-scan heartbeat — 8,672,662 triples · 1,276,384,095 bytes read
  Partitioned compression: HGSVC2: rdf-scan heartbeat — 9,141,812 triples · 1,343,493,055 bytes read
  Partitioned compression: HGSVC2: rdf-scan heartbeat — 9,608,512 triples · 1,410,601,957 bytes read
  Partitioned compression: HGSVC2: rdf-scan heartbeat — 10,075,196 triples · 1,477,710,915 bytes read
  Partitioned compression: HGSVC2: rdf-scan heartbeat — 10,541,885 triples · 1,544,819,890 bytes read
  Partitioned compression: HGSVC2: rdf-scan chunk — 10,999,501 triples · 3 chunks · 1,610,612,913 bytes read
  Partitioned compression: HGSVC2: hdt-chunks started — 2 chunks · hdt-build-00002
  Partitioned compression: HGSVC2: hdt-chunks complete — 3 chunks · hdt-build-00002
  Partitioned compression: HGSVC2: rdf-scan heartbeat — 11,008,652 triples · 1,611,928,846 bytes read
  Partitioned compression: HGSVC2: rdf-scan heartbeat — 11,475,392 triples · 1,679,037,733 bytes read
  Partitioned compression: HGSVC2: rdf-scan heartbeat — 11,942,075 triples · 1,746,146,639 bytes read
  Partitioned compression: HGSVC2: rdf-scan heartbeat — 12,408,897 triples · 1,813,255,557 bytes read
  Partitioned compression: HGSVC2: rdf-scan heartbeat — 12,875,669 triples · 1,880,364,548 bytes read
  Partitioned compression: HGSVC2: rdf-scan heartbeat — 13,342,518 triples · 1,947,473,450 bytes read
  Partitioned compression: HGSVC2: rdf-scan heartbeat — 13,809,229 triples · 2,014,582,390 bytes read
  Partitioned compression: HGSVC2: rdf-scan heartbeat — 14,275,913 triples · 2,081,691,369 bytes read
  Partitioned compression: HGSVC2: rdf-scan chunk — 14,733,479 triples · 4 chunks · 2,147,483,899 bytes read
  Partitioned compression: HGSVC2: hdt-chunks started — 3 chunks · hdt-build-00003
  Partitioned compression: HGSVC2: hdt-chunks complete — 4 chunks · hdt-build-00003
  Partitioned compression: HGSVC2: rdf-scan heartbeat — 14,742,634 triples · 2,148,800,312 bytes read
  Partitioned compression: HGSVC2: rdf-scan heartbeat — 15,209,398 triples · 2,215,909,247 bytes read
  Partitioned compression: HGSVC2: rdf-scan heartbeat — 15,676,136 triples · 2,283,018,174 bytes read
  Partitioned compression: HGSVC2: rdf-scan heartbeat — 16,142,834 triples · 2,350,127,136 bytes read
  Partitioned compression: HGSVC2: rdf-scan heartbeat — 16,609,519 triples · 2,417,236,000 bytes read
  Partitioned compression: HGSVC2: rdf-scan heartbeat — 17,076,202 triples · 2,484,344,912 bytes read
  Partitioned compression: HGSVC2: rdf-scan heartbeat — 17,542,892 triples · 2,551,453,864 bytes read
  Partitioned compression: HGSVC2: rdf-scan heartbeat — 18,009,577 triples · 2,618,562,757 bytes read
  Partitioned compression: HGSVC2: rdf-scan chunk — 18,467,223 triples · 5 chunks · 2,684,354,840 bytes read
  Partitioned compression: HGSVC2: hdt-chunks started — 4 chunks · hdt-build-00004
  Partitioned compression: HGSVC2: hdt-chunks complete — 5 chunks · hdt-build-00004
  Partitioned compression: HGSVC2: rdf-scan heartbeat — 18,476,380 triples · 2,685,671,675 bytes read
  Partitioned compression: HGSVC2: rdf-scan heartbeat — 18,943,078 triples · 2,752,780,574 bytes read
  Partitioned compression: HGSVC2: rdf-scan heartbeat — 19,409,787 triples · 2,819,889,542 bytes read
  Partitioned compression: HGSVC2: rdf-scan heartbeat — 19,876,482 triples · 2,886,998,536 bytes read
  Partitioned compression: HGSVC2: rdf-scan heartbeat — 20,343,165 triples · 2,954,107,466 bytes read
  Partitioned compression: HGSVC2: rdf-scan heartbeat — 20,809,875 triples · 3,021,216,451 bytes read
  Partitioned compression: HGSVC2: rdf-scan heartbeat — 21,276,575 triples · 3,088,325,361 bytes read
  Partitioned compression: HGSVC2: rdf-scan heartbeat — 21,743,311 triples · 3,155,434,260 bytes read
  Partitioned compression: HGSVC2: rdf-scan chunk — 22,200,832 triples · 6 chunks · 3,221,225,775 bytes read
  Partitioned compression: HGSVC2: hdt-chunks started — 5 chunks · hdt-build-00005
  Partitioned compression: HGSVC2: hdt-chunks complete — 6 chunks · hdt-build-00005
  Partitioned compression: HGSVC2: rdf-scan heartbeat — 22,209,994 triples · 3,222,543,145 bytes read
  Partitioned compression: HGSVC2: rdf-scan heartbeat — 22,676,678 triples · 3,289,652,116 bytes read
  Partitioned compression: HGSVC2: rdf-scan heartbeat — 23,143,362 triples · 3,356,761,045 bytes read
  Partitioned compression: HGSVC2: rdf-scan heartbeat — 23,610,280 triples · 3,423,869,938 bytes read
  Partitioned compression: HGSVC2: rdf-scan heartbeat — 24,077,383 triples · 3,490,978,921 bytes read
  Partitioned compression: HGSVC2: rdf-scan heartbeat — 24,544,233 triples · 3,558,087,861 bytes read
  Partitioned compression: HGSVC2: rdf-scan heartbeat — 25,010,920 triples · 3,625,196,851 bytes read
  Partitioned compression: HGSVC2: rdf-scan heartbeat — 25,477,766 triples · 3,692,305,823 bytes read
  Partitioned compression: HGSVC2: rdf-scan chunk — 25,935,366 triples · 7 chunks · 3,758,096,734 bytes read
  Partitioned compression: HGSVC2: hdt-chunks started — 6 chunks · hdt-build-00006
  Partitioned compression: HGSVC2: hdt-chunks complete — 7 chunks · hdt-build-00006
  Partitioned compression: HGSVC2: rdf-scan heartbeat — 25,944,559 triples · 3,759,414,720 bytes read
  Partitioned compression: HGSVC2: rdf-scan heartbeat — 26,411,304 triples · 3,826,523,629 bytes read
  Partitioned compression: HGSVC2: rdf-scan heartbeat — 26,878,233 triples · 3,893,632,606 bytes read
  Partitioned compression: HGSVC2: rdf-scan heartbeat — 27,345,498 triples · 3,960,741,604 bytes read
  Partitioned compression: HGSVC2: rdf-scan heartbeat — 27,812,503 triples · 4,027,850,565 bytes read
  Partitioned compression: HGSVC2: rdf-scan heartbeat — 28,279,250 triples · 4,094,959,474 bytes read
  Partitioned compression: HGSVC2: rdf-scan heartbeat — 28,746,029 triples · 4,162,068,466 bytes read
  Partitioned compression: HGSVC2: rdf-scan heartbeat — 29,212,844 triples · 4,229,177,475 bytes read
  Partitioned compression: HGSVC2: rdf-scan chunk — 29,670,357 triples · 8 chunks · 4,294,967,732 bytes read
  Partitioned compression: HGSVC2: hdt-chunks started — 7 chunks · hdt-build-00007
  Partitioned compression: HGSVC2: hdt-chunks complete — 8 chunks · hdt-build-00007
  Partitioned compression: HGSVC2: rdf-scan heartbeat — 29,679,528 triples · 4,296,286,458 bytes read
  Partitioned compression: HGSVC2: rdf-scan heartbeat — 30,146,211 triples · 4,363,395,396 bytes read
  Partitioned compression: HGSVC2: rdf-scan heartbeat — 30,613,187 triples · 4,430,504,358 bytes read
  Partitioned compression: HGSVC2: rdf-scan heartbeat — 31,080,101 triples · 4,497,613,267 bytes read
  Partitioned compression: HGSVC2: rdf-scan heartbeat — 31,546,854 triples · 4,564,722,225 bytes read
  Partitioned compression: HGSVC2: rdf-scan heartbeat — 32,013,543 triples · 4,631,831,200 bytes read
  Partitioned compression: HGSVC2: rdf-scan heartbeat — 32,480,282 triples · 4,698,940,112 bytes read
  Partitioned compression: HGSVC2: rdf-scan heartbeat — 32,947,082 triples · 4,766,049,044 bytes read
  Partitioned compression: HGSVC2: rdf-scan chunk — 33,404,729 triples · 9 chunks · 4,831,838,795 bytes read
  Partitioned compression: HGSVC2: hdt-chunks started — 8 chunks · hdt-build-00008
  Partitioned compression: HGSVC2: hdt-chunks complete — 9 chunks · hdt-build-00008
  Partitioned compression: HGSVC2: rdf-scan heartbeat — 33,413,903 triples · 4,833,158,000 bytes read
  Partitioned compression: HGSVC2: rdf-scan heartbeat — 33,880,587 triples · 4,900,266,974 bytes read
  Partitioned compression: HGSVC2: rdf-scan heartbeat — 34,347,270 triples · 4,967,375,891 bytes read
  Partitioned compression: HGSVC2: rdf-scan heartbeat — 34,813,953 triples · 5,034,484,911 bytes read
  Partitioned compression: HGSVC2: rdf-scan heartbeat — 35,280,684 triples · 5,101,593,886 bytes read
  Partitioned compression: HGSVC2: rdf-scan heartbeat — 35,747,385 triples · 5,168,702,796 bytes read
  Partitioned compression: HGSVC2: rdf-scan heartbeat — 36,214,076 triples · 5,235,811,742 bytes read
  Partitioned compression: HGSVC2: rdf-scan heartbeat — 36,680,781 triples · 5,302,920,722 bytes read
  Partitioned compression: HGSVC2: rdf-scan chunk — 37,138,342 triples · 10 chunks · 5,368,709,745 bytes read
  Partitioned compression: HGSVC2: hdt-chunks started — 9 chunks · hdt-build-00009
  Partitioned compression: HGSVC2: hdt-chunks complete — 10 chunks · hdt-build-00009
  Partitioned compression: HGSVC2: rdf-scan heartbeat — 37,147,521 triples · 5,370,029,632 bytes read
  Partitioned compression: HGSVC2: rdf-scan heartbeat — 37,614,227 triples · 5,437,138,518 bytes read
  Partitioned compression: HGSVC2: rdf-scan heartbeat — 38,081,053 triples · 5,504,247,393 bytes read
  Partitioned compression: HGSVC2: rdf-scan heartbeat — 38,547,735 triples · 5,571,356,300 bytes read
  Partitioned compression: HGSVC2: rdf-scan heartbeat — 39,014,419 triples · 5,638,465,279 bytes read
  Partitioned compression: HGSVC2: rdf-scan heartbeat — 39,481,115 triples · 5,705,574,221 bytes read
  Partitioned compression: HGSVC2: rdf-scan heartbeat — 39,947,799 triples · 5,772,683,191 bytes read
  Partitioned compression: HGSVC2: rdf-scan heartbeat — 40,414,492 triples · 5,839,792,158 bytes read
  Partitioned compression: HGSVC2: rdf-scan chunk — 40,872,870 triples · 11 chunks · 5,905,580,685 bytes read
  Partitioned compression: HGSVC2: hdt-chunks started — 10 chunks · hdt-build-00010
  Partitioned compression: HGSVC2: hdt-chunks complete — 11 chunks · hdt-build-00010
  Partitioned compression: HGSVC2: rdf-scan heartbeat — 40,882,052 triples · 5,906,901,115 bytes read
  Partitioned compression: HGSVC2: rdf-scan heartbeat — 41,349,037 triples · 5,974,010,106 bytes read
  Partitioned compression: HGSVC2: rdf-scan heartbeat — 41,816,046 triples · 6,041,119,052 bytes read
  Partitioned compression: HGSVC2: rdf-scan heartbeat — 42,282,733 triples · 6,108,227,936 bytes read
  Partitioned compression: HGSVC2: rdf-scan heartbeat — 42,749,421 triples · 6,175,336,830 bytes read
  Partitioned compression: HGSVC2: rdf-scan heartbeat — 43,216,104 triples · 6,242,445,716 bytes read
  Partitioned compression: HGSVC2: rdf-scan heartbeat — 43,682,787 triples · 6,309,554,662 bytes read
  Partitioned compression: HGSVC2: rdf-scan heartbeat — 44,149,470 triples · 6,376,663,628 bytes read
  Partitioned compression: HGSVC2: rdf-scan chunk — 44,606,985 triples · 12 chunks · 6,442,451,675 bytes read
  Partitioned compression: HGSVC2: hdt-chunks started — 11 chunks · hdt-build-00011
  Partitioned compression: HGSVC2: hdt-chunks complete — 12 chunks · hdt-build-00011
  Partitioned compression: HGSVC2: rdf-scan heartbeat — 44,616,170 triples · 6,443,772,564 bytes read
  Partitioned compression: HGSVC2: rdf-scan heartbeat — 45,082,853 triples · 6,510,881,497 bytes read
  Partitioned compression: HGSVC2: rdf-scan heartbeat — 45,549,642 triples · 6,577,990,493 bytes read
  Partitioned compression: HGSVC2: rdf-scan heartbeat — 46,016,326 triples · 6,645,099,374 bytes read
  Partitioned compression: HGSVC2: rdf-scan heartbeat — 46,483,043 triples · 6,712,208,358 bytes read
  Partitioned compression: HGSVC2: rdf-scan heartbeat — 46,949,791 triples · 6,779,317,367 bytes read
  Partitioned compression: HGSVC2: rdf-scan heartbeat — 47,416,501 triples · 6,846,426,282 bytes read
  Partitioned compression: HGSVC2: rdf-scan heartbeat — 47,883,192 triples · 6,913,535,157 bytes read
  Partitioned compression: HGSVC2: rdf-scan chunk — 48,341,292 triples · 13 chunks · 6,979,322,704 bytes read
  Partitioned compression: HGSVC2: hdt-chunks started — 12 chunks · hdt-build-00012
  Partitioned compression: HGSVC2: hdt-chunks complete — 13 chunks · hdt-build-00012
  Partitioned compression: HGSVC2: rdf-scan heartbeat — 48,350,482 triples · 6,980,644,145 bytes read
  Partitioned compression: HGSVC2: rdf-scan heartbeat — 48,817,332 triples · 7,047,753,095 bytes read
  Partitioned compression: HGSVC2: rdf-scan heartbeat — 49,284,018 triples · 7,114,862,003 bytes read
  Partitioned compression: HGSVC2: rdf-scan heartbeat — 49,750,701 triples · 7,181,970,908 bytes read
  Partitioned compression: HGSVC2: rdf-scan heartbeat — 50,217,622 triples · 7,249,079,904 bytes read
  Partitioned compression: HGSVC2: rdf-scan heartbeat — 50,684,307 triples · 7,316,188,825 bytes read
  Partitioned compression: HGSVC2: rdf-scan heartbeat — 51,150,993 triples · 7,383,297,728 bytes read
  Partitioned compression: HGSVC2: rdf-scan heartbeat — 51,617,792 triples · 7,450,406,676 bytes read
  Partitioned compression: HGSVC2: rdf-scan chunk — 52,075,294 triples · 14 chunks · 7,516,193,661 bytes read
  Partitioned compression: HGSVC2: hdt-chunks started — 13 chunks · hdt-build-00013
  Partitioned compression: HGSVC2: hdt-chunks complete — 14 chunks · hdt-build-00013
  Partitioned compression: HGSVC2: rdf-scan heartbeat — 52,084,487 triples · 7,517,515,659 bytes read
  Partitioned compression: HGSVC2: rdf-scan heartbeat — 52,551,288 triples · 7,584,624,574 bytes read
  Partitioned compression: HGSVC2: rdf-scan heartbeat — 53,017,973 triples · 7,651,733,507 bytes read
  Partitioned compression: HGSVC2: rdf-scan heartbeat — 53,484,655 triples · 7,718,842,419 bytes read
  Partitioned compression: HGSVC2: rdf-scan heartbeat — 53,951,346 triples · 7,785,951,390 bytes read
  Partitioned compression: HGSVC2: rdf-scan heartbeat — 54,418,256 triples · 7,853,060,375 bytes read
  Partitioned compression: HGSVC2: rdf-scan heartbeat — 54,885,090 triples · 7,920,169,297 bytes read
  Partitioned compression: HGSVC2: rdf-scan heartbeat — 55,351,905 triples · 7,987,278,210 bytes read
  Partitioned compression: HGSVC2: rdf-scan chunk — 55,809,594 triples · 15 chunks · 8,053,064,665 bytes read
  Partitioned compression: HGSVC2: hdt-chunks started — 14 chunks · hdt-build-00014
  Partitioned compression: HGSVC2: hdt-chunks complete — 15 chunks · hdt-build-00014
  Partitioned compression: HGSVC2: rdf-scan heartbeat — 55,818,790 triples · 8,054,387,091 bytes read
  Partitioned compression: HGSVC2: rdf-scan heartbeat — 56,285,480 triples · 8,121,496,053 bytes read
  Partitioned compression: HGSVC2: rdf-scan heartbeat — 56,752,175 triples · 8,188,605,049 bytes read
  Partitioned compression: HGSVC2: rdf-scan heartbeat — 57,218,860 triples · 8,255,713,937 bytes read
  Partitioned compression: HGSVC2: rdf-scan heartbeat — 57,685,594 triples · 8,322,822,921 bytes read
  Partitioned compression: HGSVC2: rdf-scan heartbeat — 58,152,374 triples · 8,389,931,785 bytes read
  Partitioned compression: HGSVC2: rdf-scan heartbeat — 58,619,060 triples · 8,457,040,697 bytes read
  Partitioned compression: HGSVC2: rdf-scan heartbeat — 59,085,747 triples · 8,524,149,652 bytes read
  Partitioned compression: HGSVC2: rdf-scan chunk — 59,543,252 triples · 16 chunks · 8,589,935,646 bytes read
  Partitioned compression: HGSVC2: hdt-chunks started — 15 chunks · hdt-build-00015
  Partitioned compression: HGSVC2: hdt-chunks complete — 16 chunks · hdt-build-00015
  Partitioned compression: HGSVC2: rdf-scan heartbeat — 59,552,452 triples · 8,591,258,606 bytes read
  Partitioned compression: HGSVC2: rdf-scan heartbeat — 60,019,365 triples · 8,658,367,530 bytes read
  Partitioned compression: HGSVC2: rdf-scan heartbeat — 60,486,073 triples · 8,725,476,488 bytes read
  Partitioned compression: HGSVC2: rdf-scan heartbeat — 60,952,761 triples · 8,792,585,352 bytes read
  Partitioned compression: HGSVC2: rdf-scan heartbeat — 61,419,530 triples · 8,859,694,325 bytes read
  Partitioned compression: HGSVC2: rdf-scan heartbeat — 61,886,287 triples · 8,926,803,247 bytes read
  Partitioned compression: HGSVC2: rdf-scan heartbeat — 62,353,132 triples · 8,993,912,261 bytes read
  Partitioned compression: HGSVC2: rdf-scan heartbeat — 62,819,846 triples · 9,061,021,167 bytes read
  Partitioned compression: HGSVC2: rdf-scan chunk — 63,277,326 triples · 17 chunks · 9,126,806,716 bytes read
  Partitioned compression: HGSVC2: hdt-chunks started — 16 chunks · hdt-build-00016
  Partitioned compression: HGSVC2: hdt-chunks complete — 17 chunks · hdt-build-00016
  Partitioned compression: HGSVC2: rdf-scan heartbeat — 63,286,529 triples · 9,128,130,152 bytes read
  Partitioned compression: HGSVC2: rdf-scan heartbeat — 63,753,215 triples · 9,195,239,058 bytes read
  Partitioned compression: HGSVC2: rdf-scan heartbeat — 64,220,063 triples · 9,262,347,978 bytes read
  Partitioned compression: HGSVC2: rdf-scan heartbeat — 64,686,853 triples · 9,329,456,977 bytes read
  Partitioned compression: HGSVC2: rdf-scan heartbeat — 65,153,536 triples · 9,396,565,973 bytes read
  Partitioned compression: HGSVC2: rdf-scan heartbeat — 65,620,340 triples · 9,463,674,878 bytes read
  Partitioned compression: HGSVC2: rdf-scan heartbeat — 66,087,262 triples · 9,530,783,891 bytes read
  Partitioned compression: HGSVC2: rdf-scan heartbeat — 66,553,993 triples · 9,597,892,759 bytes read
  Partitioned compression: HGSVC2: rdf-scan chunk — 67,011,470 triples · 18 chunks · 9,663,677,719 bytes read
  Partitioned compression: HGSVC2: hdt-chunks started — 17 chunks · hdt-build-00017
  Partitioned compression: HGSVC2: hdt-chunks complete — 18 chunks · hdt-build-00017
  Partitioned compression: HGSVC2: rdf-scan heartbeat — 67,020,677 triples · 9,665,001,731 bytes read
  Partitioned compression: HGSVC2: rdf-scan heartbeat — 67,487,360 triples · 9,732,110,612 bytes read
  Partitioned compression: HGSVC2: rdf-scan heartbeat — 67,954,044 triples · 9,799,219,582 bytes read
  Partitioned compression: HGSVC2: rdf-scan heartbeat — 68,420,737 triples · 9,866,328,512 bytes read
  Partitioned compression: HGSVC2: rdf-scan heartbeat — 68,887,419 triples · 9,933,437,439 bytes read
  Partitioned compression: HGSVC2: rdf-scan heartbeat — 69,354,176 triples · 10,000,546,402 bytes read
  Partitioned compression: HGSVC2: rdf-scan heartbeat — 69,820,877 triples · 10,067,655,404 bytes read
  Partitioned compression: HGSVC2: rdf-scan heartbeat — 70,287,623 triples · 10,134,764,287 bytes read
  Partitioned compression: HGSVC2: rdf-scan chunk — 70,745,101 triples · 19 chunks · 10,200,548,691 bytes read
  Partitioned compression: HGSVC2: hdt-chunks started — 18 chunks · hdt-build-00018
  Partitioned compression: HGSVC2: hdt-chunks complete — 19 chunks · hdt-build-00018
  Partitioned compression: HGSVC2: rdf-scan heartbeat — 70,754,312 triples · 10,201,873,202 bytes read
  Partitioned compression: HGSVC2: rdf-scan heartbeat — 71,221,069 triples · 10,268,982,172 bytes read
  Partitioned compression: HGSVC2: rdf-scan heartbeat — 71,688,180 triples · 10,336,091,111 bytes read
  Partitioned compression: HGSVC2: rdf-scan heartbeat — 72,155,242 triples · 10,403,200,059 bytes read
  Partitioned compression: HGSVC2: rdf-scan heartbeat — 72,622,032 triples · 10,470,308,933 bytes read
  Partitioned compression: HGSVC2: rdf-scan heartbeat — 73,088,735 triples · 10,537,417,800 bytes read
  Partitioned compression: HGSVC2: rdf-scan heartbeat — 73,555,601 triples · 10,604,526,672 bytes read
  Partitioned compression: HGSVC2: rdf-scan heartbeat — 74,022,387 triples · 10,671,635,545 bytes read
  Partitioned compression: HGSVC2: rdf-scan chunk — 74,479,857 triples · 20 chunks · 10,737,419,649 bytes read
  Partitioned compression: HGSVC2: hdt-chunks started — 19 chunks · hdt-build-00019
  Partitioned compression: HGSVC2: hdt-chunks complete — 20 chunks · hdt-build-00019
  Partitioned compression: HGSVC2: rdf-scan heartbeat — 74,489,071 triples · 10,738,744,520 bytes read
  Partitioned compression: HGSVC2: rdf-scan heartbeat — 74,955,808 triples · 10,805,853,507 bytes read
  Partitioned compression: HGSVC2: rdf-scan heartbeat — 75,422,491 triples · 10,872,962,399 bytes read
  Partitioned compression: HGSVC2: rdf-scan heartbeat — 75,889,443 triples · 10,940,071,398 bytes read
  Partitioned compression: HGSVC2: rdf-scan heartbeat — 76,356,130 triples · 11,007,180,376 bytes read
  Partitioned compression: HGSVC2: rdf-scan heartbeat — 76,822,813 triples · 11,074,289,297 bytes read
  Partitioned compression: HGSVC2: rdf-scan heartbeat — 77,289,525 triples · 11,141,398,242 bytes read
  Partitioned compression: HGSVC2: rdf-scan heartbeat — 77,756,208 triples · 11,208,507,162 bytes read
  Partitioned compression: HGSVC2: rdf-scan chunk — 78,213,674 triples · 21 chunks · 11,274,290,643 bytes read
  Partitioned compression: HGSVC2: hdt-chunks started — 20 chunks · hdt-build-00020
  Partitioned compression: HGSVC2: hdt-chunks complete — 21 chunks · hdt-build-00020
  Partitioned compression: HGSVC2: rdf-scan heartbeat — 78,222,892 triples · 11,275,616,136 bytes read
  Partitioned compression: HGSVC2: rdf-scan heartbeat — 78,689,578 triples · 11,342,725,150 bytes read
  Partitioned compression: HGSVC2: rdf-scan heartbeat — 79,156,329 triples · 11,409,834,150 bytes read
  Partitioned compression: HGSVC2: rdf-scan heartbeat — 79,623,211 triples · 11,476,943,107 bytes read
  Partitioned compression: HGSVC2: rdf-scan heartbeat — 80,090,669 triples · 11,544,052,042 bytes read
  Partitioned compression: HGSVC2: rdf-scan heartbeat — 80,557,394 triples · 11,611,161,032 bytes read
  Partitioned compression: HGSVC2: rdf-scan heartbeat — 81,021,873 triples · 11,678,269,939 bytes read
  Partitioned compression: HGSVC2: rdf-scan heartbeat — 81,484,440 triples · 11,745,378,832 bytes read
  Partitioned compression: HGSVC2: rdf-scan chunk — 81,937,876 triples · 22 chunks · 11,811,161,597 bytes read
  Partitioned compression: HGSVC2: hdt-chunks started — 21 chunks · hdt-build-00021
  Partitioned compression: HGSVC2: hdt-chunks complete — 22 chunks · hdt-build-00021
  Partitioned compression: HGSVC2: rdf-scan heartbeat — 81,947,020 triples · 11,812,487,822 bytes read
  Partitioned compression: HGSVC2: rdf-scan heartbeat — 82,410,761 triples · 11,879,596,709 bytes read
  Partitioned compression: HGSVC2: rdf-scan heartbeat — 82,875,008 triples · 11,946,705,660 bytes read
  Partitioned compression: HGSVC2: rdf-scan heartbeat — 83,338,190 triples · 12,013,814,580 bytes read
  Partitioned compression: HGSVC2: rdf-scan heartbeat — 83,800,780 triples · 12,080,923,499 bytes read
  Partitioned compression: HGSVC2: rdf-scan heartbeat — 84,263,435 triples · 12,148,032,377 bytes read
  Partitioned compression: HGSVC2: rdf-scan heartbeat — 84,726,176 triples · 12,215,141,289 bytes read
  Partitioned compression: HGSVC2: rdf-scan heartbeat — 85,188,761 triples · 12,282,250,259 bytes read
  Partitioned compression: HGSVC2: rdf-scan chunk — 85,642,388 triples · 23 chunks · 12,348,032,635 bytes read
  Partitioned compression: HGSVC2: hdt-chunks started — 22 chunks · hdt-build-00022
  Partitioned compression: HGSVC2: hdt-chunks complete — 23 chunks · hdt-build-00022
  Partitioned compression: HGSVC2: rdf-scan heartbeat — 85,651,590 triples · 12,349,359,142 bytes read
  Partitioned compression: HGSVC2: rdf-scan heartbeat — 86,115,858 triples · 12,416,468,006 bytes read
  Partitioned compression: HGSVC2: rdf-scan heartbeat — 86,580,369 triples · 12,483,576,901 bytes read
  Partitioned compression: HGSVC2: rdf-scan heartbeat — 87,039,189 triples · 12,550,685,828 bytes read
  Partitioned compression: HGSVC2: rdf-scan heartbeat — 87,484,018 triples · 12,617,794,731 bytes read
  Partitioned compression: HGSVC2: rdf-scan heartbeat — 87,930,337 triples · 12,684,903,723 bytes read
  Partitioned compression: HGSVC2: rdf-scan heartbeat — 88,371,917 triples · 12,752,012,686 bytes read
  Partitioned compression: HGSVC2: rdf-scan heartbeat — 88,823,756 triples · 12,819,121,689 bytes read
  Partitioned compression: HGSVC2: rdf-scan chunk — 89,148,721 triples · 24 chunks · 12,884,903,568 bytes read
  Partitioned compression: HGSVC2: hdt-chunks started — 23 chunks · hdt-build-00023
  Partitioned compression: HGSVC2: hdt-chunks complete — 24 chunks · hdt-build-00023
  Partitioned compression: HGSVC2: rdf-scan heartbeat — 89,157,567 triples · 12,886,230,590 bytes read
  Partitioned compression: HGSVC2: rdf-scan heartbeat — 89,585,857 triples · 12,953,339,535 bytes read
  Partitioned compression: HGSVC2: rdf-scan heartbeat — 90,031,363 triples · 13,020,448,450 bytes read
  Partitioned compression: HGSVC2: rdf-scan heartbeat — 90,475,204 triples · 13,087,557,441 bytes read
  Partitioned compression: HGSVC2: rdf-scan heartbeat — 90,928,245 triples · 13,154,666,327 bytes read
  Partitioned compression: HGSVC2: rdf-scan heartbeat — 91,375,708 triples · 13,221,775,227 bytes read
  Partitioned compression: HGSVC2: rdf-scan heartbeat — 91,834,206 triples · 13,288,884,210 bytes read
  Partitioned compression: HGSVC2: rdf-scan heartbeat — 92,284,063 triples · 13,356,271,407 bytes read
  Partitioned compression: HGSVC2: rdf-scan chunk — 92,714,561 triples · 25 chunks · 13,421,774,585 bytes read
  Partitioned compression: HGSVC2: hdt-chunks started — 24 chunks · hdt-build-00024
  Partitioned compression: HGSVC2: hdt-chunks complete — 25 chunks · hdt-build-00024
  Partitioned compression: HGSVC2: rdf-scan heartbeat — 92,725,707 triples · 13,423,380,347 bytes read
  Partitioned compression: HGSVC2: rdf-scan heartbeat — 93,174,732 triples · 13,490,489,321 bytes read
  Partitioned compression: HGSVC2: rdf-scan heartbeat — 93,622,845 triples · 13,557,598,277 bytes read
  Partitioned compression: HGSVC2: rdf-scan heartbeat — 94,077,857 triples · 13,624,707,152 bytes read
  Partitioned compression: HGSVC2: rdf-scan heartbeat — 94,527,181 triples · 13,691,816,157 bytes read
  Partitioned compression: HGSVC2: rdf-scan heartbeat — 94,976,007 triples · 13,758,925,115 bytes read
  Partitioned compression: HGSVC2: rdf-scan heartbeat — 95,426,955 triples · 13,826,034,040 bytes read
  Partitioned compression: HGSVC2: rdf-scan heartbeat — 95,872,362 triples · 13,893,148,065 bytes read
  Partitioned compression: HGSVC2: rdf-scan chunk — 96,298,103 triples · 26 chunks · 13,958,645,550 bytes read
  Partitioned compression: HGSVC2: hdt-chunks started — 25 chunks · hdt-build-00025
  Partitioned compression: HGSVC2: hdt-chunks complete — 26 chunks · hdt-build-00025
  Partitioned compression: HGSVC2: rdf-scan heartbeat — 96,309,357 triples · 13,960,256,937 bytes read
  Partitioned compression: HGSVC2: rdf-scan heartbeat — 96,744,497 triples · 14,027,365,899 bytes read
  Partitioned compression: HGSVC2: rdf-scan chunk — 96,754,372 triples · 27 chunks · 14,028,789,565 bytes read
  Partitioned compression: HGSVC2: hdt-chunks started — 26 chunks · hdt-build-00026
  Partitioned compression: HGSVC2: hdt-chunks complete — 27 chunks · hdt-build-00026
  Partitioned compression: HGSVC2: rdf-scan complete — 96,754,372 triples · 27 chunks
  Partitioned compression: HGSVC2: hdt-chunks complete — 27 chunks
  Partitioned compression: HGSVC2: hdt-merge started — hdt-merge-r01-00000
  Partitioned compression: HGSVC2: hdt-merge complete — hdt-merge-r01-00000
  Partitioned compression: HGSVC2: hdt-merge started — hdt-merge-r01-00001
  Partitioned compression: HGSVC2: hdt-merge complete — hdt-merge-r01-00001
  Partitioned compression: HGSVC2: hdt-merge started — hdt-merge-r01-00002
  Partitioned compression: HGSVC2: hdt-merge complete — hdt-merge-r01-00002
  Partitioned compression: HGSVC2: hdt-merge started — hdt-merge-r01-00003
  Partitioned compression: HGSVC2: hdt-merge complete — hdt-merge-r01-00003
  Partitioned compression: HGSVC2: hdt-merge started — hdt-merge-r01-00004
  Partitioned compression: HGSVC2: hdt-merge complete — hdt-merge-r01-00004
  Partitioned compression: HGSVC2: hdt-merge started — hdt-merge-r01-00005
  Partitioned compression: HGSVC2: hdt-merge complete — hdt-merge-r01-00005
  Partitioned compression: HGSVC2: hdt-merge started — hdt-merge-r01-00006
  Partitioned compression: HGSVC2: hdt-merge complete — hdt-merge-r01-00006
  Partitioned compression: HGSVC2: hdt-merge started — hdt-merge-r01-00007
  Partitioned compression: HGSVC2: hdt-merge complete — hdt-merge-r01-00007
  Partitioned compression: HGSVC2: hdt-merge started — hdt-merge-r01-00008
  Partitioned compression: HGSVC2: hdt-merge complete — hdt-merge-r01-00008
  Partitioned compression: HGSVC2: hdt-merge started — hdt-merge-r01-00009
  Partitioned compression: HGSVC2: hdt-merge complete — hdt-merge-r01-00009
  Partitioned compression: HGSVC2: hdt-merge started — hdt-merge-r01-00010
  Partitioned compression: HGSVC2: hdt-merge complete — hdt-merge-r01-00010
  Partitioned compression: HGSVC2: hdt-merge started — hdt-merge-r01-00011
  Partitioned compression: HGSVC2: hdt-merge complete — hdt-merge-r01-00011
  Partitioned compression: HGSVC2: hdt-merge started — hdt-merge-r01-00012
  Partitioned compression: HGSVC2: hdt-merge complete — hdt-merge-r01-00012
  Partitioned compression: HGSVC2: hdt-merge started — hdt-merge-r02-00000
  Partitioned compression: HGSVC2: hdt-merge complete — hdt-merge-r02-00000
  Partitioned compression: HGSVC2: hdt-merge started — hdt-merge-r02-00001
  Partitioned compression: HGSVC2: hdt-merge complete — hdt-merge-r02-00001
  Partitioned compression: HGSVC2: hdt-merge started — hdt-merge-r02-00002
  Partitioned compression: HGSVC2: hdt-merge complete — hdt-merge-r02-00002
  Partitioned compression: HGSVC2: hdt-merge started — hdt-merge-r02-00003
  Partitioned compression: HGSVC2: hdt-merge complete — hdt-merge-r02-00003
  Partitioned compression: HGSVC2: hdt-merge started — hdt-merge-r02-00004
  Partitioned compression: HGSVC2: hdt-merge complete — hdt-merge-r02-00004
  Partitioned compression: HGSVC2: hdt-merge started — hdt-merge-r02-00005
  Partitioned compression: HGSVC2: hdt-merge complete — hdt-merge-r02-00005
  Partitioned compression: HGSVC2: hdt-merge started — hdt-merge-r02-00006
  Partitioned compression: HGSVC2: hdt-merge complete — hdt-merge-r02-00006
  Partitioned compression: HGSVC2: hdt-merge started — hdt-merge-r03-00000
  Partitioned compression: HGSVC2: hdt-merge complete — hdt-merge-r03-00000
  Partitioned compression: HGSVC2: hdt-merge started — hdt-merge-r03-00001
  Partitioned compression: HGSVC2: hdt-merge complete — hdt-merge-r03-00001
  Partitioned compression: HGSVC2: hdt-merge started — hdt-merge-r03-00002
  Partitioned compression: HGSVC2: hdt-merge complete — hdt-merge-r03-00002
  Partitioned compression: HGSVC2: hdt-merge started — hdt-merge-r04-00000
  Partitioned compression: HGSVC2: hdt-merge complete — hdt-merge-r04-00000
  Partitioned compression: HGSVC2: hdt-merge started — hdt-merge-r04-00001
  Partitioned compression: HGSVC2: hdt-merge complete — hdt-merge-r04-00001
  Partitioned compression: HGSVC2: hdt-merge started — hdt-merge-r05-00000
  Partitioned compression: HGSVC2: hdt-merge complete — hdt-merge-r05-00000
  Partitioned compression: HGSVC2: hdt started — hdt-index
  Partitioned compression: HGSVC2: hdt complete — hdt-index
  Partitioned compression: HGSVC2: hdt started — hdt-validate
  Partitioned compression: HGSVC2: hdt complete — hdt-validate
Partitioned compression: HGSVC2: finished
