TSV conversion: HG02230.acmg: started
TSV conversion: HG02230.acmg: finished
RMLStreamer: HG02230.acmg: started
  RMLStreamer: HG02230.acmg: rmlstreamer started — 0 B · 0 parts
  RMLStreamer: HG02230.acmg: rmlstreamer heartbeat — 0 B · 0 parts
  RMLStreamer: HG02230.acmg: rmlstreamer heartbeat — 32.20 KB · 8 parts
  RMLStreamer: HG02230.acmg: rmlstreamer heartbeat — 7.13 MB · 8 parts
  RMLStreamer: HG02230.acmg: rmlstreamer heartbeat — 10.03 MB · 8 parts
  RMLStreamer: HG02230.acmg: rmlstreamer complete — 10.03 MB · 8 parts
  RMLStreamer: HG02230.acmg: rdf-aggregate started — 0 parts
  RMLStreamer: HG02230.acmg: rdf-aggregate part — 1 parts
  RMLStreamer: HG02230.acmg: rdf-aggregate part — 2 parts
  RMLStreamer: HG02230.acmg: rdf-aggregate part — 3 parts
  RMLStreamer: HG02230.acmg: rdf-aggregate part — 4 parts
  RMLStreamer: HG02230.acmg: rdf-aggregate part — 5 parts
  RMLStreamer: HG02230.acmg: rdf-aggregate part — 6 parts
  RMLStreamer: HG02230.acmg: rdf-aggregate part — 7 parts
  RMLStreamer: HG02230.acmg: rdf-aggregate part — 8 parts
  RMLStreamer: HG02230.acmg: rdf-aggregate complete — 8 parts
RMLStreamer: HG02230.acmg: finished
Gzip: HG02230.acmg: started
Gzip: HG02230.acmg: finished
