TSV conversion: 1000G_10000r_s2504: started
TSV conversion: 1000G_10000r_s2504: finished
RMLStreamer: 1000G_10000r_s2504: started
  RMLStreamer: 1000G_10000r_s2504: rmlstreamer started — 0 B · 0 parts
  RMLStreamer: 1000G_10000r_s2504: rmlstreamer heartbeat — 0 B · 0 parts
  RMLStreamer: 1000G_10000r_s2504: rmlstreamer heartbeat — 296.07 KB · 8 parts
  RMLStreamer: 1000G_10000r_s2504: rmlstreamer heartbeat — 8.43 MB · 8 parts
  RMLStreamer: 1000G_10000r_s2504: rmlstreamer heartbeat — 10.81 MB · 8 parts
  RMLStreamer: 1000G_10000r_s2504: rmlstreamer complete — 10.81 MB · 8 parts
  RMLStreamer: 1000G_10000r_s2504: rdf-aggregate started — 0 parts
  RMLStreamer: 1000G_10000r_s2504: rdf-aggregate part — 1 parts
  RMLStreamer: 1000G_10000r_s2504: rdf-aggregate part — 2 parts
  RMLStreamer: 1000G_10000r_s2504: rdf-aggregate part — 3 parts
  RMLStreamer: 1000G_10000r_s2504: rdf-aggregate part — 4 parts
  RMLStreamer: 1000G_10000r_s2504: rdf-aggregate part — 5 parts
  RMLStreamer: 1000G_10000r_s2504: rdf-aggregate part — 6 parts
  RMLStreamer: 1000G_10000r_s2504: rdf-aggregate part — 7 parts
  RMLStreamer: 1000G_10000r_s2504: rdf-aggregate part — 8 parts
  RMLStreamer: 1000G_10000r_s2504: rdf-aggregate complete — 8 parts
RMLStreamer: 1000G_10000r_s2504: finished
Partitioned compression: 1000G_10000r_s2504: started
  Partitioned compression: 1000G_10000r_s2504: rdf-scan started — 0 triples
  Partitioned compression: 1000G_10000r_s2504: rdf-scan heartbeat — 135,288 triples · 67,108,879 bytes read
  Partitioned compression: 1000G_10000r_s2504: rdf-scan heartbeat — 174,393 triples · 134,219,085 bytes read
  Partitioned compression: 1000G_10000r_s2504: rdf-scan heartbeat — 529,964 triples · 201,328,019 bytes read
  Partitioned compression: 1000G_10000r_s2504: rdf-scan heartbeat — 983,920 triples · 268,436,932 bytes read
  Partitioned compression: 1000G_10000r_s2504: rdf-scan heartbeat — 1,437,833 triples · 335,545,938 bytes read
  Partitioned compression: 1000G_10000r_s2504: rdf-scan chunk — 1,452,018 triples · 1 chunks · 337,643,488 bytes read
  Partitioned compression: 1000G_10000r_s2504: hdt-chunks started — 0 chunks · hdt-build-00000
  Partitioned compression: 1000G_10000r_s2504: hdt-chunks complete — 1 chunks · hdt-build-00000
  Partitioned compression: 1000G_10000r_s2504: rdf-scan complete — 1,452,018 triples · 1 chunks
  Partitioned compression: 1000G_10000r_s2504: hdt-chunks complete — 1 chunks
  Partitioned compression: 1000G_10000r_s2504: hdt started — hdt-index
  Partitioned compression: 1000G_10000r_s2504: hdt complete — hdt-index
  Partitioned compression: 1000G_10000r_s2504: hdt started — hdt-validate
  Partitioned compression: 1000G_10000r_s2504: hdt complete — hdt-validate
Partitioned compression: 1000G_10000r_s2504: finished
