Step 1/5: Validating inputs ✅
  Metrics: /home/ubuntu/vrdev-test/acmg-run/results/17_use_case_acmg__cohort/convert__NA12414/out/run_metrics/NA12414.acmg__20260928T144135
  Detailed logs: /home/ubuntu/vrdev-test/acmg-run/results/17_use_case_acmg__cohort/convert__NA12414/out/run_metrics/NA12414.acmg__20260928T144135/logs/wrapper.log
  Progress log: /home/ubuntu/vrdev-test/acmg-run/results/17_use_case_acmg__cohort/convert__NA12414/out/run_metrics/NA12414.acmg__20260928T144135/logs/progress.log
Step 2/5: Ensuring Docker image is available ✅
Step 3/5: Processing per-input pipeline (TSV -> RDF -> compression)
  Sample representation: expanded
  INFO representation: structured
  Header representation: structured
  - Input 1/1: NA12414.acmg.vcf
    * TSV conversion ✅
    * VCF version: VCFv4.2 (detected)
    * RDF conversion ✅
    * Streaming expanded multi-sample RDF (no expanded helper TSVs)
    * Sample RDF streaming: 10,000 variants, 10,000 calls
    * Sample calls streamed: 10,010; FORMAT values: 10,010
    * Streaming structured header RDF
    * Header lines typed: 133; contigs: 24
    * Streaming QUAL and structured INFO RDF
    * INFO RDF streaming: 10,000 variants, 730,483 values
    * QUAL values streamed: 10,010; INFO values: 731,323; declarations: 91
    * Triples produced: 8,037,647
    * Compression ✅
    * Output directory: /home/ubuntu/vrdev-test/acmg-run/results/17_use_case_acmg__cohort/convert__NA12414/out/NA12414.acmg
      - RDF aggregate: NA12414.acmg.nt
      - N-Triples (.nt): 1.08 GB (removed after successful compression)
      - gzip (.nt.gz): 50.75 MB
Total triples produced (full run): 8,037,647
Conversion process finished.
Run time (full mode): 32.40s
Timing log: /home/ubuntu/vrdev-test/acmg-run/results/17_use_case_acmg__cohort/convert__NA12414/out/run_metrics/NA12414.acmg__20260928T144135/wrapper_execution_times.csv
Metrics summary: /home/ubuntu/vrdev-test/acmg-run/results/17_use_case_acmg__cohort/convert__NA12414/out/run_metrics/NA12414.acmg__20260928T144135/summary.json
