TSV conversion: 0GOOR_HG002_first250000: started
TSV conversion: 0GOOR_HG002_first250000: finished
RMLStreamer: 0GOOR_HG002_first250000: started
  RMLStreamer: 0GOOR_HG002_first250000: rmlstreamer started — 0 B · 0 parts
  RMLStreamer: 0GOOR_HG002_first250000: rmlstreamer heartbeat — 0 B · 0 parts
  RMLStreamer: 0GOOR_HG002_first250000: rmlstreamer heartbeat — 5.57 MB · 8 parts
  RMLStreamer: 0GOOR_HG002_first250000: rmlstreamer heartbeat — 22.67 MB · 8 parts
  RMLStreamer: 0GOOR_HG002_first250000: rmlstreamer heartbeat — 52.10 MB · 8 parts
  RMLStreamer: 0GOOR_HG002_first250000: rmlstreamer heartbeat — 88.39 MB · 8 parts
  RMLStreamer: 0GOOR_HG002_first250000: rmlstreamer heartbeat — 127.07 MB · 8 parts
  RMLStreamer: 0GOOR_HG002_first250000: rmlstreamer heartbeat — 165.62 MB · 8 parts
  RMLStreamer: 0GOOR_HG002_first250000: rmlstreamer heartbeat — 205.73 MB · 8 parts
  RMLStreamer: 0GOOR_HG002_first250000: rmlstreamer heartbeat — 241.84 MB · 8 parts
  RMLStreamer: 0GOOR_HG002_first250000: rmlstreamer heartbeat — 279.62 MB · 8 parts
  RMLStreamer: 0GOOR_HG002_first250000: rmlstreamer heartbeat — 286.53 MB · 8 parts
  RMLStreamer: 0GOOR_HG002_first250000: rmlstreamer complete — 286.53 MB · 8 parts
  RMLStreamer: 0GOOR_HG002_first250000: rdf-aggregate started — 0 parts
  RMLStreamer: 0GOOR_HG002_first250000: rdf-aggregate part — 1 parts
  RMLStreamer: 0GOOR_HG002_first250000: rdf-aggregate part — 2 parts
  RMLStreamer: 0GOOR_HG002_first250000: rdf-aggregate part — 3 parts
  RMLStreamer: 0GOOR_HG002_first250000: rdf-aggregate part — 4 parts
  RMLStreamer: 0GOOR_HG002_first250000: rdf-aggregate part — 5 parts
  RMLStreamer: 0GOOR_HG002_first250000: rdf-aggregate part — 6 parts
  RMLStreamer: 0GOOR_HG002_first250000: rdf-aggregate part — 7 parts
  RMLStreamer: 0GOOR_HG002_first250000: rdf-aggregate part — 8 parts
  RMLStreamer: 0GOOR_HG002_first250000: rdf-aggregate complete — 8 parts
RMLStreamer: 0GOOR_HG002_first250000: finished
Partitioned compression: 0GOOR_HG002_first250000: started
  Partitioned compression: 0GOOR_HG002_first250000: rdf-scan started — 0 triples
  Partitioned compression: 0GOOR_HG002_first250000: rdf-scan heartbeat — 503,146 triples · 67,108,927 bytes read
  Partitioned compression: 0GOOR_HG002_first250000: rdf-scan heartbeat — 1,004,189 triples · 134,217,835 bytes read
  Partitioned compression: 0GOOR_HG002_first250000: rdf-scan heartbeat — 1,505,905 triples · 201,326,733 bytes read
  Partitioned compression: 0GOOR_HG002_first250000: rdf-scan heartbeat — 2,012,139 triples · 268,435,693 bytes read
  Partitioned compression: 0GOOR_HG002_first250000: rdf-scan heartbeat — 2,423,645 triples · 335,544,572 bytes read
  Partitioned compression: 0GOOR_HG002_first250000: rdf-scan heartbeat — 2,752,683 triples · 402,653,459 bytes read
  Partitioned compression: 0GOOR_HG002_first250000: rdf-scan heartbeat — 3,080,129 triples · 469,762,345 bytes read
  Partitioned compression: 0GOOR_HG002_first250000: rdf-scan chunk — 3,407,471 triples · 1 chunks · 536,871,097 bytes read
  Partitioned compression: 0GOOR_HG002_first250000: hdt-chunks started — 0 chunks · hdt-build-00000
  Partitioned compression: 0GOOR_HG002_first250000: hdt-chunks complete — 1 chunks · hdt-build-00000
  Partitioned compression: 0GOOR_HG002_first250000: cottas-chunks started — 0 chunks · cottas-build-00000
  Partitioned compression: 0GOOR_HG002_first250000: cottas-chunks complete — 1 chunks · cottas-build-00000
  Partitioned compression: 0GOOR_HG002_first250000: rdf-scan heartbeat — 3,407,472 triples · 536,871,341 bytes read
  Partitioned compression: 0GOOR_HG002_first250000: rdf-scan heartbeat — 3,734,807 triples · 603,980,227 bytes read
  Partitioned compression: 0GOOR_HG002_first250000: rdf-scan heartbeat — 4,062,153 triples · 671,089,097 bytes read
  Partitioned compression: 0GOOR_HG002_first250000: rdf-scan heartbeat — 4,389,487 triples · 738,198,025 bytes read
  Partitioned compression: 0GOOR_HG002_first250000: rdf-scan heartbeat — 4,716,823 triples · 805,307,124 bytes read
  Partitioned compression: 0GOOR_HG002_first250000: rdf-scan heartbeat — 5,044,162 triples · 872,416,107 bytes read
  Partitioned compression: 0GOOR_HG002_first250000: rdf-scan heartbeat — 5,371,494 triples · 939,525,031 bytes read
  Partitioned compression: 0GOOR_HG002_first250000: rdf-scan heartbeat — 5,698,828 triples · 1,006,633,954 bytes read
  Partitioned compression: 0GOOR_HG002_first250000: rdf-scan chunk — 6,026,155 triples · 2 chunks · 1,073,742,256 bytes read
  Partitioned compression: 0GOOR_HG002_first250000: hdt-chunks started — 1 chunks · hdt-build-00001
  Partitioned compression: 0GOOR_HG002_first250000: hdt-chunks complete — 2 chunks · hdt-build-00001
  Partitioned compression: 0GOOR_HG002_first250000: cottas-chunks started — 1 chunks · cottas-build-00001
  Partitioned compression: 0GOOR_HG002_first250000: cottas-chunks complete — 2 chunks · cottas-build-00001
  Partitioned compression: 0GOOR_HG002_first250000: rdf-scan heartbeat — 6,026,158 triples · 1,073,742,832 bytes read
  Partitioned compression: 0GOOR_HG002_first250000: rdf-scan heartbeat — 6,353,491 triples · 1,140,851,795 bytes read
  Partitioned compression: 0GOOR_HG002_first250000: rdf-scan heartbeat — 6,680,607 triples · 1,207,960,747 bytes read
  Partitioned compression: 0GOOR_HG002_first250000: rdf-scan heartbeat — 7,005,888 triples · 1,275,069,757 bytes read
  Partitioned compression: 0GOOR_HG002_first250000: rdf-scan heartbeat — 7,331,169 triples · 1,342,178,793 bytes read
  Partitioned compression: 0GOOR_HG002_first250000: rdf-scan heartbeat — 7,656,446 triples · 1,409,287,742 bytes read
  Partitioned compression: 0GOOR_HG002_first250000: rdf-scan heartbeat — 7,981,726 triples · 1,476,396,797 bytes read
  Partitioned compression: 0GOOR_HG002_first250000: rdf-scan heartbeat — 8,307,008 triples · 1,543,505,798 bytes read
  Partitioned compression: 0GOOR_HG002_first250000: rdf-scan chunk — 8,632,290 triples · 3 chunks · 1,610,613,292 bytes read
  Partitioned compression: 0GOOR_HG002_first250000: hdt-chunks started — 2 chunks · hdt-build-00002
  Partitioned compression: 0GOOR_HG002_first250000: hdt-chunks complete — 3 chunks · hdt-build-00002
  Partitioned compression: 0GOOR_HG002_first250000: cottas-chunks started — 2 chunks · cottas-build-00002
  Partitioned compression: 0GOOR_HG002_first250000: cottas-chunks complete — 3 chunks · cottas-build-00002
  Partitioned compression: 0GOOR_HG002_first250000: rdf-scan heartbeat — 8,632,297 triples · 1,610,614,717 bytes read
  Partitioned compression: 0GOOR_HG002_first250000: rdf-scan heartbeat — 8,957,587 triples · 1,677,723,797 bytes read
  Partitioned compression: 0GOOR_HG002_first250000: rdf-scan heartbeat — 9,282,875 triples · 1,744,832,770 bytes read
  Partitioned compression: 0GOOR_HG002_first250000: rdf-scan heartbeat — 9,608,156 triples · 1,811,941,641 bytes read
  Partitioned compression: 0GOOR_HG002_first250000: rdf-scan heartbeat — 9,933,439 triples · 1,879,050,645 bytes read
  Partitioned compression: 0GOOR_HG002_first250000: rdf-scan heartbeat — 10,258,723 triples · 1,946,159,580 bytes read
  Partitioned compression: 0GOOR_HG002_first250000: rdf-scan heartbeat — 10,584,008 triples · 2,013,268,467 bytes read
  Partitioned compression: 0GOOR_HG002_first250000: rdf-scan heartbeat — 10,909,299 triples · 2,080,377,560 bytes read
  Partitioned compression: 0GOOR_HG002_first250000: rdf-scan chunk — 11,234,570 triples · 4 chunks · 2,147,484,229 bytes read
  Partitioned compression: 0GOOR_HG002_first250000: hdt-chunks started — 3 chunks · hdt-build-00003
  Partitioned compression: 0GOOR_HG002_first250000: hdt-chunks complete — 4 chunks · hdt-build-00003
  Partitioned compression: 0GOOR_HG002_first250000: cottas-chunks started — 3 chunks · cottas-build-00003
  Partitioned compression: 0GOOR_HG002_first250000: cottas-chunks complete — 4 chunks · cottas-build-00003
  Partitioned compression: 0GOOR_HG002_first250000: rdf-scan heartbeat — 11,234,582 triples · 2,147,486,636 bytes read
  Partitioned compression: 0GOOR_HG002_first250000: rdf-scan heartbeat — 11,559,856 triples · 2,214,595,518 bytes read
  Partitioned compression: 0GOOR_HG002_first250000: rdf-scan heartbeat — 11,885,147 triples · 2,281,704,422 bytes read
  Partitioned compression: 0GOOR_HG002_first250000: rdf-scan heartbeat — 12,210,456 triples · 2,348,813,297 bytes read
  Partitioned compression: 0GOOR_HG002_first250000: rdf-scan heartbeat — 12,535,758 triples · 2,415,922,182 bytes read
  Partitioned compression: 0GOOR_HG002_first250000: rdf-scan heartbeat — 12,861,035 triples · 2,483,031,145 bytes read
  Partitioned compression: 0GOOR_HG002_first250000: rdf-scan heartbeat — 13,186,313 triples · 2,550,140,131 bytes read
  Partitioned compression: 0GOOR_HG002_first250000: rdf-scan heartbeat — 13,606,671 triples · 2,617,249,116 bytes read
  Partitioned compression: 0GOOR_HG002_first250000: rdf-scan chunk — 14,045,609 triples · 5 chunks · 2,684,355,141 bytes read
  Partitioned compression: 0GOOR_HG002_first250000: hdt-chunks started — 4 chunks · hdt-build-00004
  Partitioned compression: 0GOOR_HG002_first250000: hdt-chunks complete — 5 chunks · hdt-build-00004
  Partitioned compression: 0GOOR_HG002_first250000: cottas-chunks started — 4 chunks · cottas-build-00004
  Partitioned compression: 0GOOR_HG002_first250000: cottas-chunks complete — 5 chunks · cottas-build-00004
  Partitioned compression: 0GOOR_HG002_first250000: rdf-scan heartbeat — 14,045,629 triples · 2,684,358,119 bytes read
  Partitioned compression: 0GOOR_HG002_first250000: rdf-scan heartbeat — 14,484,785 triples · 2,751,467,141 bytes read
  Partitioned compression: 0GOOR_HG002_first250000: rdf-scan heartbeat — 14,924,056 triples · 2,818,576,053 bytes read
  Partitioned compression: 0GOOR_HG002_first250000: rdf-scan heartbeat — 15,363,062 triples · 2,885,684,926 bytes read
  Partitioned compression: 0GOOR_HG002_first250000: rdf-scan heartbeat — 15,802,220 triples · 2,952,793,864 bytes read
  Partitioned compression: 0GOOR_HG002_first250000: rdf-scan heartbeat — 16,240,718 triples · 3,019,902,800 bytes read
  Partitioned compression: 0GOOR_HG002_first250000: rdf-scan heartbeat — 16,676,532 triples · 3,087,011,747 bytes read
  Partitioned compression: 0GOOR_HG002_first250000: rdf-scan heartbeat — 17,112,452 triples · 3,154,120,721 bytes read
  Partitioned compression: 0GOOR_HG002_first250000: rdf-scan chunk — 17,548,289 triples · 6 chunks · 3,221,226,106 bytes read
  Partitioned compression: 0GOOR_HG002_first250000: hdt-chunks started — 5 chunks · hdt-build-00005
  Partitioned compression: 0GOOR_HG002_first250000: hdt-chunks complete — 6 chunks · hdt-build-00005
  Partitioned compression: 0GOOR_HG002_first250000: cottas-chunks started — 5 chunks · cottas-build-00005
  Partitioned compression: 0GOOR_HG002_first250000: cottas-chunks complete — 6 chunks · cottas-build-00005
  Partitioned compression: 0GOOR_HG002_first250000: rdf-scan heartbeat — 17,548,311 triples · 3,221,229,587 bytes read
  Partitioned compression: 0GOOR_HG002_first250000: rdf-scan heartbeat — 17,984,146 triples · 3,288,338,529 bytes read
  Partitioned compression: 0GOOR_HG002_first250000: rdf-scan heartbeat — 18,420,006 triples · 3,355,447,437 bytes read
  Partitioned compression: 0GOOR_HG002_first250000: rdf-scan heartbeat — 18,855,891 triples · 3,422,556,439 bytes read
  Partitioned compression: 0GOOR_HG002_first250000: rdf-scan heartbeat — 19,291,645 triples · 3,489,665,325 bytes read
  Partitioned compression: 0GOOR_HG002_first250000: rdf-scan heartbeat — 19,727,544 triples · 3,556,774,269 bytes read
  Partitioned compression: 0GOOR_HG002_first250000: rdf-scan heartbeat — 20,163,485 triples · 3,623,883,260 bytes read
  Partitioned compression: 0GOOR_HG002_first250000: rdf-scan chunk — 20,520,849 triples · 7 chunks · 3,678,898,674 bytes read
  Partitioned compression: 0GOOR_HG002_first250000: hdt-chunks started — 6 chunks · hdt-build-00006
  Partitioned compression: 0GOOR_HG002_first250000: hdt-chunks complete — 7 chunks · hdt-build-00006
  Partitioned compression: 0GOOR_HG002_first250000: cottas-chunks started — 6 chunks · cottas-build-00006
  Partitioned compression: 0GOOR_HG002_first250000: cottas-chunks complete — 7 chunks · cottas-build-00006
  Partitioned compression: 0GOOR_HG002_first250000: rdf-scan complete — 20,520,849 triples · 7 chunks
  Partitioned compression: 0GOOR_HG002_first250000: hdt-chunks complete — 7 chunks
  Partitioned compression: 0GOOR_HG002_first250000: cottas-chunks complete — 7 chunks
  Partitioned compression: 0GOOR_HG002_first250000: hdt-merge started — hdt-merge-r01-00000
  Partitioned compression: 0GOOR_HG002_first250000: hdt-merge complete — hdt-merge-r01-00000
  Partitioned compression: 0GOOR_HG002_first250000: hdt-merge started — hdt-merge-r01-00001
  Partitioned compression: 0GOOR_HG002_first250000: hdt-merge complete — hdt-merge-r01-00001
  Partitioned compression: 0GOOR_HG002_first250000: hdt-merge started — hdt-merge-r01-00002
  Partitioned compression: 0GOOR_HG002_first250000: hdt-merge complete — hdt-merge-r01-00002
  Partitioned compression: 0GOOR_HG002_first250000: hdt-merge started — hdt-merge-r02-00000
  Partitioned compression: 0GOOR_HG002_first250000: hdt-merge complete — hdt-merge-r02-00000
  Partitioned compression: 0GOOR_HG002_first250000: hdt-merge started — hdt-merge-r02-00001
  Partitioned compression: 0GOOR_HG002_first250000: hdt-merge complete — hdt-merge-r02-00001
  Partitioned compression: 0GOOR_HG002_first250000: hdt-merge started — hdt-merge-r03-00000
  Partitioned compression: 0GOOR_HG002_first250000: hdt-merge complete — hdt-merge-r03-00000
  Partitioned compression: 0GOOR_HG002_first250000: hdt started — hdt-index
  Partitioned compression: 0GOOR_HG002_first250000: hdt complete — hdt-index
  Partitioned compression: 0GOOR_HG002_first250000: hdt started — hdt-validate
  Partitioned compression: 0GOOR_HG002_first250000: hdt complete — hdt-validate
  Partitioned compression: 0GOOR_HG002_first250000: cottas-merge started — cottas-merge-stream
  Partitioned compression: 0GOOR_HG002_first250000: cottas-merge started — 0 triples · 7 sorted COTTAS chunks
  Partitioned compression: 0GOOR_HG002_first250000: cottas-merge merging — 250,000 triples · 250,000 distinct triples written
  Partitioned compression: 0GOOR_HG002_first250000: cottas-merge merging — 500,000 triples · 500,000 distinct triples written
  Partitioned compression: 0GOOR_HG002_first250000: cottas-merge merging — 750,000 triples · 750,000 distinct triples written
  Partitioned compression: 0GOOR_HG002_first250000: cottas-merge merging — 1,000,000 triples · 1,000,000 distinct triples written
  Partitioned compression: 0GOOR_HG002_first250000: cottas-merge merging — 1,250,000 triples · 1,250,000 distinct triples written
  Partitioned compression: 0GOOR_HG002_first250000: cottas-merge merging — 1,500,000 triples · 1,500,000 distinct triples written
  Partitioned compression: 0GOOR_HG002_first250000: cottas-merge merging — 1,750,000 triples · 1,750,000 distinct triples written
  Partitioned compression: 0GOOR_HG002_first250000: cottas-merge merging — 2,000,000 triples · 2,000,000 distinct triples written
  Partitioned compression: 0GOOR_HG002_first250000: cottas-merge merging — 2,250,000 triples · 2,250,000 distinct triples written
  Partitioned compression: 0GOOR_HG002_first250000: cottas-merge merging — 2,500,000 triples · 2,500,000 distinct triples written
  Partitioned compression: 0GOOR_HG002_first250000: cottas-merge merging — 2,750,000 triples · 2,750,000 distinct triples written
  Partitioned compression: 0GOOR_HG002_first250000: cottas-merge merging — 3,000,000 triples · 3,000,000 distinct triples written
  Partitioned compression: 0GOOR_HG002_first250000: cottas-merge merging — 3,250,000 triples · 3,250,000 distinct triples written
  Partitioned compression: 0GOOR_HG002_first250000: cottas-merge merging — 3,500,000 triples · 3,500,000 distinct triples written
  Partitioned compression: 0GOOR_HG002_first250000: cottas-merge merging — 3,750,000 triples · 3,750,000 distinct triples written
  Partitioned compression: 0GOOR_HG002_first250000: cottas-merge merging — 4,000,000 triples · 4,000,000 distinct triples written
  Partitioned compression: 0GOOR_HG002_first250000: cottas-merge merging — 4,250,000 triples · 4,250,000 distinct triples written
  Partitioned compression: 0GOOR_HG002_first250000: cottas-merge merging — 4,500,000 triples · 4,500,000 distinct triples written
  Partitioned compression: 0GOOR_HG002_first250000: cottas-merge merging — 4,750,000 triples · 4,750,000 distinct triples written
  Partitioned compression: 0GOOR_HG002_first250000: cottas-merge merging — 5,000,000 triples · 5,000,000 distinct triples written
  Partitioned compression: 0GOOR_HG002_first250000: cottas-merge merging — 5,250,000 triples · 5,250,000 distinct triples written
  Partitioned compression: 0GOOR_HG002_first250000: cottas-merge merging — 5,500,000 triples · 5,500,000 distinct triples written
  Partitioned compression: 0GOOR_HG002_first250000: cottas-merge merging — 5,750,000 triples · 5,750,000 distinct triples written
  Partitioned compression: 0GOOR_HG002_first250000: cottas-merge merging — 6,000,000 triples · 6,000,000 distinct triples written
  Partitioned compression: 0GOOR_HG002_first250000: cottas-merge merging — 6,250,000 triples · 6,250,000 distinct triples written
  Partitioned compression: 0GOOR_HG002_first250000: cottas-merge merging — 6,500,000 triples · 6,500,000 distinct triples written
  Partitioned compression: 0GOOR_HG002_first250000: cottas-merge merging — 6,750,000 triples · 6,750,000 distinct triples written
  Partitioned compression: 0GOOR_HG002_first250000: cottas-merge merging — 7,000,000 triples · 7,000,000 distinct triples written
  Partitioned compression: 0GOOR_HG002_first250000: cottas-merge merging — 7,250,000 triples · 7,250,000 distinct triples written
  Partitioned compression: 0GOOR_HG002_first250000: cottas-merge merging — 7,500,000 triples · 7,500,000 distinct triples written
  Partitioned compression: 0GOOR_HG002_first250000: cottas-merge merging — 7,750,000 triples · 7,750,000 distinct triples written
  Partitioned compression: 0GOOR_HG002_first250000: cottas-merge merging — 8,000,000 triples · 8,000,000 distinct triples written
  Partitioned compression: 0GOOR_HG002_first250000: cottas-merge merging — 8,250,000 triples · 8,250,000 distinct triples written
  Partitioned compression: 0GOOR_HG002_first250000: cottas-merge merging — 8,500,000 triples · 8,500,000 distinct triples written
  Partitioned compression: 0GOOR_HG002_first250000: cottas-merge merging — 8,750,000 triples · 8,750,000 distinct triples written
  Partitioned compression: 0GOOR_HG002_first250000: cottas-merge merging — 9,000,000 triples · 9,000,000 distinct triples written
  Partitioned compression: 0GOOR_HG002_first250000: cottas-merge merging — 9,250,000 triples · 9,250,000 distinct triples written
  Partitioned compression: 0GOOR_HG002_first250000: cottas-merge merging — 9,500,000 triples · 9,500,000 distinct triples written
  Partitioned compression: 0GOOR_HG002_first250000: cottas-merge merging — 9,750,000 triples · 9,750,000 distinct triples written
  Partitioned compression: 0GOOR_HG002_first250000: cottas-merge merging — 10,000,000 triples · 10,000,000 distinct triples written
  Partitioned compression: 0GOOR_HG002_first250000: cottas-merge merging — 10,250,000 triples · 10,250,000 distinct triples written
  Partitioned compression: 0GOOR_HG002_first250000: cottas-merge merging — 10,500,000 triples · 10,500,000 distinct triples written
  Partitioned compression: 0GOOR_HG002_first250000: cottas-merge merging — 10,750,000 triples · 10,750,000 distinct triples written
  Partitioned compression: 0GOOR_HG002_first250000: cottas-merge merging — 11,000,000 triples · 11,000,000 distinct triples written
  Partitioned compression: 0GOOR_HG002_first250000: cottas-merge merging — 11,250,000 triples · 11,250,000 distinct triples written
  Partitioned compression: 0GOOR_HG002_first250000: cottas-merge merging — 11,500,000 triples · 11,500,000 distinct triples written
  Partitioned compression: 0GOOR_HG002_first250000: cottas-merge merging — 11,750,000 triples · 11,750,000 distinct triples written
  Partitioned compression: 0GOOR_HG002_first250000: cottas-merge merging — 12,000,000 triples · 12,000,000 distinct triples written
  Partitioned compression: 0GOOR_HG002_first250000: cottas-merge merging — 12,250,000 triples · 12,250,000 distinct triples written
  Partitioned compression: 0GOOR_HG002_first250000: cottas-merge merging — 12,500,000 triples · 12,500,000 distinct triples written
  Partitioned compression: 0GOOR_HG002_first250000: cottas-merge merging — 12,750,000 triples · 12,750,000 distinct triples written
  Partitioned compression: 0GOOR_HG002_first250000: cottas-merge merging — 13,000,000 triples · 13,000,000 distinct triples written
  Partitioned compression: 0GOOR_HG002_first250000: cottas-merge merging — 13,250,000 triples · 13,250,000 distinct triples written
  Partitioned compression: 0GOOR_HG002_first250000: cottas-merge merging — 13,500,000 triples · 13,500,000 distinct triples written
  Partitioned compression: 0GOOR_HG002_first250000: cottas-merge merging — 13,750,000 triples · 13,750,000 distinct triples written
  Partitioned compression: 0GOOR_HG002_first250000: cottas-merge merging — 14,000,000 triples · 14,000,000 distinct triples written
  Partitioned compression: 0GOOR_HG002_first250000: cottas-merge merging — 14,250,000 triples · 14,250,000 distinct triples written
  Partitioned compression: 0GOOR_HG002_first250000: cottas-merge merging — 14,500,000 triples · 14,500,000 distinct triples written
  Partitioned compression: 0GOOR_HG002_first250000: cottas-merge merging — 14,750,000 triples · 14,750,000 distinct triples written
  Partitioned compression: 0GOOR_HG002_first250000: cottas-merge merging — 15,000,000 triples · 15,000,000 distinct triples written
  Partitioned compression: 0GOOR_HG002_first250000: cottas-merge merging — 15,250,000 triples · 15,250,000 distinct triples written
  Partitioned compression: 0GOOR_HG002_first250000: cottas-merge merging — 15,500,000 triples · 15,500,000 distinct triples written
  Partitioned compression: 0GOOR_HG002_first250000: cottas-merge merging — 15,750,000 triples · 15,750,000 distinct triples written
  Partitioned compression: 0GOOR_HG002_first250000: cottas-merge merging — 16,000,000 triples · 16,000,000 distinct triples written
  Partitioned compression: 0GOOR_HG002_first250000: cottas-merge merging — 16,250,000 triples · 16,250,000 distinct triples written
  Partitioned compression: 0GOOR_HG002_first250000: cottas-merge merging — 16,500,000 triples · 16,500,000 distinct triples written
  Partitioned compression: 0GOOR_HG002_first250000: cottas-merge merging — 16,750,000 triples · 16,750,000 distinct triples written
  Partitioned compression: 0GOOR_HG002_first250000: cottas-merge merging — 17,000,000 triples · 17,000,000 distinct triples written
  Partitioned compression: 0GOOR_HG002_first250000: cottas-merge merging — 17,250,000 triples · 17,250,000 distinct triples written
  Partitioned compression: 0GOOR_HG002_first250000: cottas-merge merging — 17,500,000 triples · 17,500,000 distinct triples written
  Partitioned compression: 0GOOR_HG002_first250000: cottas-merge merging — 17,750,000 triples · 17,750,000 distinct triples written
  Partitioned compression: 0GOOR_HG002_first250000: cottas-merge merging — 18,000,000 triples · 18,000,000 distinct triples written
  Partitioned compression: 0GOOR_HG002_first250000: cottas-merge merging — 18,250,000 triples · 18,250,000 distinct triples written
  Partitioned compression: 0GOOR_HG002_first250000: cottas-merge merging — 18,500,000 triples · 18,500,000 distinct triples written
  Partitioned compression: 0GOOR_HG002_first250000: cottas-merge merging — 18,750,000 triples · 18,750,000 distinct triples written
  Partitioned compression: 0GOOR_HG002_first250000: cottas-merge merging — 19,000,000 triples · 19,000,000 distinct triples written
  Partitioned compression: 0GOOR_HG002_first250000: cottas-merge merging — 19,250,000 triples · 19,250,000 distinct triples written
  Partitioned compression: 0GOOR_HG002_first250000: cottas-merge merging — 19,500,000 triples · 19,500,000 distinct triples written
  Partitioned compression: 0GOOR_HG002_first250000: cottas-merge merging — 19,750,000 triples · 19,750,000 distinct triples written
  Partitioned compression: 0GOOR_HG002_first250000: cottas-merge merging — 20,000,000 triples · 20,000,000 distinct triples written
  Partitioned compression: 0GOOR_HG002_first250000: cottas-merge merging — 20,250,000 triples · 20,250,000 distinct triples written
  Partitioned compression: 0GOOR_HG002_first250000: cottas-merge merging — 20,500,000 triples · 20,500,000 distinct triples written
  Partitioned compression: 0GOOR_HG002_first250000: cottas-merge complete — 20,520,849 triples · 20,520,849 distinct triples written
  Partitioned compression: 0GOOR_HG002_first250000: cottas-merge complete — cottas-merge-stream
  Partitioned compression: 0GOOR_HG002_first250000: cottas started — cottas-validate
  Partitioned compression: 0GOOR_HG002_first250000: cottas complete — cottas-validate
Partitioned compression: 0GOOR_HG002_first250000: finished
