TSV conversion: clinvar.acmg: started
TSV conversion: clinvar.acmg: finished
RMLStreamer: clinvar.acmg: started
  RMLStreamer: clinvar.acmg: rmlstreamer started — 0 B · 0 parts
  RMLStreamer: clinvar.acmg: rmlstreamer heartbeat — 0 B · 0 parts
  RMLStreamer: clinvar.acmg: rmlstreamer heartbeat — 865.53 KB · 8 parts
  RMLStreamer: clinvar.acmg: rmlstreamer heartbeat — 19.00 MB · 8 parts
  RMLStreamer: clinvar.acmg: rmlstreamer heartbeat — 48.99 MB · 8 parts
  RMLStreamer: clinvar.acmg: rmlstreamer heartbeat — 87.06 MB · 8 parts
  RMLStreamer: clinvar.acmg: rmlstreamer heartbeat — 129.40 MB · 8 parts
  RMLStreamer: clinvar.acmg: rmlstreamer heartbeat — 166.34 MB · 8 parts
  RMLStreamer: clinvar.acmg: rmlstreamer heartbeat — 201.93 MB · 8 parts
  RMLStreamer: clinvar.acmg: rmlstreamer heartbeat — 237.14 MB · 8 parts
  RMLStreamer: clinvar.acmg: rmlstreamer heartbeat — 268.64 MB · 8 parts
  RMLStreamer: clinvar.acmg: rmlstreamer heartbeat — 299.29 MB · 8 parts
  RMLStreamer: clinvar.acmg: rmlstreamer heartbeat — 301.66 MB · 8 parts
  RMLStreamer: clinvar.acmg: rmlstreamer complete — 301.66 MB · 8 parts
  RMLStreamer: clinvar.acmg: rdf-aggregate started — 0 parts
  RMLStreamer: clinvar.acmg: rdf-aggregate part — 1 parts
  RMLStreamer: clinvar.acmg: rdf-aggregate part — 2 parts
  RMLStreamer: clinvar.acmg: rdf-aggregate part — 3 parts
  RMLStreamer: clinvar.acmg: rdf-aggregate part — 4 parts
  RMLStreamer: clinvar.acmg: rdf-aggregate part — 5 parts
  RMLStreamer: clinvar.acmg: rdf-aggregate part — 6 parts
  RMLStreamer: clinvar.acmg: rdf-aggregate part — 7 parts
  RMLStreamer: clinvar.acmg: rdf-aggregate part — 8 parts
  RMLStreamer: clinvar.acmg: rdf-aggregate complete — 8 parts
RMLStreamer: clinvar.acmg: finished
