TSV conversion: NB72462M_first250000: started
TSV conversion: NB72462M_first250000: finished
RMLStreamer: NB72462M_first250000: started
  RMLStreamer: NB72462M_first250000: rmlstreamer started — 0 B · 0 parts
  RMLStreamer: NB72462M_first250000: rmlstreamer heartbeat — 0 B · 0 parts
  RMLStreamer: NB72462M_first250000: rmlstreamer heartbeat — 6.57 MB · 8 parts
  RMLStreamer: NB72462M_first250000: rmlstreamer heartbeat — 23.43 MB · 8 parts
  RMLStreamer: NB72462M_first250000: rmlstreamer heartbeat — 57.40 MB · 8 parts
  RMLStreamer: NB72462M_first250000: rmlstreamer heartbeat — 101.06 MB · 8 parts
  RMLStreamer: NB72462M_first250000: rmlstreamer heartbeat — 141.88 MB · 8 parts
  RMLStreamer: NB72462M_first250000: rmlstreamer heartbeat — 185.51 MB · 8 parts
  RMLStreamer: NB72462M_first250000: rmlstreamer heartbeat — 228.00 MB · 8 parts
  RMLStreamer: NB72462M_first250000: rmlstreamer heartbeat — 270.54 MB · 8 parts
  RMLStreamer: NB72462M_first250000: rmlstreamer heartbeat — 280.15 MB · 8 parts
  RMLStreamer: NB72462M_first250000: rmlstreamer complete — 280.15 MB · 8 parts
  RMLStreamer: NB72462M_first250000: rdf-aggregate started — 0 parts
  RMLStreamer: NB72462M_first250000: rdf-aggregate part — 1 parts
  RMLStreamer: NB72462M_first250000: rdf-aggregate part — 2 parts
  RMLStreamer: NB72462M_first250000: rdf-aggregate part — 3 parts
  RMLStreamer: NB72462M_first250000: rdf-aggregate part — 4 parts
  RMLStreamer: NB72462M_first250000: rdf-aggregate part — 5 parts
  RMLStreamer: NB72462M_first250000: rdf-aggregate part — 6 parts
  RMLStreamer: NB72462M_first250000: rdf-aggregate part — 7 parts
  RMLStreamer: NB72462M_first250000: rdf-aggregate part — 8 parts
  RMLStreamer: NB72462M_first250000: rdf-aggregate complete — 8 parts
RMLStreamer: NB72462M_first250000: finished
Partitioned compression: NB72462M_first250000: started
  Partitioned compression: NB72462M_first250000: rdf-scan started — 0 triples
  Partitioned compression: NB72462M_first250000: rdf-scan heartbeat — 511,522 triples · 67,108,944 bytes read
  Partitioned compression: NB72462M_first250000: rdf-scan heartbeat — 1,027,271 triples · 134,217,935 bytes read
  Partitioned compression: NB72462M_first250000: rdf-scan heartbeat — 1,540,944 triples · 201,326,825 bytes read
  Partitioned compression: NB72462M_first250000: rdf-scan heartbeat — 2,056,012 triples · 268,435,783 bytes read
  Partitioned compression: NB72462M_first250000: rdf-scan heartbeat — 2,509,324 triples · 335,544,677 bytes read
  Partitioned compression: NB72462M_first250000: rdf-scan heartbeat — 2,922,879 triples · 402,653,578 bytes read
  Partitioned compression: NB72462M_first250000: rdf-scan heartbeat — 3,333,452 triples · 469,762,588 bytes read
  Partitioned compression: NB72462M_first250000: rdf-scan chunk — 3,743,554 triples · 1 chunks · 536,871,029 bytes read
  Partitioned compression: NB72462M_first250000: hdt-chunks started — 0 chunks · hdt-build-00000
  Partitioned compression: NB72462M_first250000: hdt-chunks complete — 1 chunks · hdt-build-00000
  Partitioned compression: NB72462M_first250000: cottas-chunks started — 0 chunks · cottas-build-00000
  Partitioned compression: NB72462M_first250000: cottas-chunks complete — 1 chunks · cottas-build-00000
  Partitioned compression: NB72462M_first250000: rdf-scan heartbeat — 3,743,557 triples · 536,871,538 bytes read
  Partitioned compression: NB72462M_first250000: rdf-scan heartbeat — 4,153,747 triples · 603,980,509 bytes read
  Partitioned compression: NB72462M_first250000: rdf-scan heartbeat — 4,563,957 triples · 671,089,450 bytes read
  Partitioned compression: NB72462M_first250000: rdf-scan heartbeat — 4,974,016 triples · 738,198,489 bytes read
  Partitioned compression: NB72462M_first250000: rdf-scan heartbeat — 5,384,130 triples · 805,307,372 bytes read
  Partitioned compression: NB72462M_first250000: rdf-scan heartbeat — 5,794,240 triples · 872,416,368 bytes read
  Partitioned compression: NB72462M_first250000: rdf-scan heartbeat — 6,204,337 triples · 939,525,396 bytes read
  Partitioned compression: NB72462M_first250000: rdf-scan heartbeat — 6,614,406 triples · 1,006,634,357 bytes read
  Partitioned compression: NB72462M_first250000: rdf-scan chunk — 7,024,424 triples · 2 chunks · 1,073,741,946 bytes read
  Partitioned compression: NB72462M_first250000: hdt-chunks started — 1 chunks · hdt-build-00001
  Partitioned compression: NB72462M_first250000: hdt-chunks complete — 2 chunks · hdt-build-00001
  Partitioned compression: NB72462M_first250000: cottas-chunks started — 1 chunks · cottas-build-00001
  Partitioned compression: NB72462M_first250000: cottas-chunks complete — 2 chunks · cottas-build-00001
  Partitioned compression: NB72462M_first250000: rdf-scan heartbeat — 7,024,432 triples · 1,073,743,232 bytes read
  Partitioned compression: NB72462M_first250000: rdf-scan heartbeat — 7,434,473 triples · 1,140,852,122 bytes read
  Partitioned compression: NB72462M_first250000: rdf-scan heartbeat — 7,844,529 triples · 1,207,961,071 bytes read
  Partitioned compression: NB72462M_first250000: rdf-scan heartbeat — 8,254,606 triples · 1,275,069,946 bytes read
  Partitioned compression: NB72462M_first250000: rdf-scan heartbeat — 8,664,674 triples · 1,342,178,874 bytes read
  Partitioned compression: NB72462M_first250000: rdf-scan heartbeat — 9,074,694 triples · 1,409,287,804 bytes read
  Partitioned compression: NB72462M_first250000: rdf-scan heartbeat — 9,483,230 triples · 1,476,396,774 bytes read
  Partitioned compression: NB72462M_first250000: rdf-scan heartbeat — 9,890,126 triples · 1,543,505,760 bytes read
  Partitioned compression: NB72462M_first250000: rdf-scan chunk — 10,296,980 triples · 3 chunks · 1,610,612,885 bytes read
  Partitioned compression: NB72462M_first250000: hdt-chunks started — 2 chunks · hdt-build-00002
  Partitioned compression: NB72462M_first250000: hdt-chunks complete — 3 chunks · hdt-build-00002
  Partitioned compression: NB72462M_first250000: cottas-chunks started — 2 chunks · cottas-build-00002
  Partitioned compression: NB72462M_first250000: cottas-chunks complete — 3 chunks · cottas-build-00002
  Partitioned compression: NB72462M_first250000: rdf-scan heartbeat — 10,296,991 triples · 1,610,614,716 bytes read
  Partitioned compression: NB72462M_first250000: rdf-scan heartbeat — 10,703,903 triples · 1,677,723,632 bytes read
  Partitioned compression: NB72462M_first250000: rdf-scan heartbeat — 11,110,795 triples · 1,744,832,575 bytes read
  Partitioned compression: NB72462M_first250000: rdf-scan heartbeat — 11,517,730 triples · 1,811,941,535 bytes read
  Partitioned compression: NB72462M_first250000: rdf-scan heartbeat — 11,924,628 triples · 1,879,050,434 bytes read
  Partitioned compression: NB72462M_first250000: rdf-scan heartbeat — 12,331,602 triples · 1,946,159,367 bytes read
  Partitioned compression: NB72462M_first250000: rdf-scan heartbeat — 12,738,481 triples · 2,013,268,406 bytes read
  Partitioned compression: NB72462M_first250000: rdf-scan heartbeat — 13,145,377 triples · 2,080,377,356 bytes read
  Partitioned compression: NB72462M_first250000: rdf-scan chunk — 13,552,301 triples · 4 chunks · 2,147,483,808 bytes read
  Partitioned compression: NB72462M_first250000: hdt-chunks started — 3 chunks · hdt-build-00003
  Partitioned compression: NB72462M_first250000: hdt-chunks complete — 4 chunks · hdt-build-00003
  Partitioned compression: NB72462M_first250000: cottas-chunks started — 3 chunks · cottas-build-00003
  Partitioned compression: NB72462M_first250000: cottas-chunks complete — 4 chunks · cottas-build-00003
  Partitioned compression: NB72462M_first250000: rdf-scan heartbeat — 13,552,317 triples · 2,147,486,395 bytes read
  Partitioned compression: NB72462M_first250000: rdf-scan heartbeat — 13,959,216 triples · 2,214,595,275 bytes read
  Partitioned compression: NB72462M_first250000: rdf-scan heartbeat — 14,366,109 triples · 2,281,704,249 bytes read
  Partitioned compression: NB72462M_first250000: rdf-scan heartbeat — 14,772,990 triples · 2,348,813,127 bytes read
  Partitioned compression: NB72462M_first250000: rdf-scan heartbeat — 15,179,897 triples · 2,415,922,043 bytes read
  Partitioned compression: NB72462M_first250000: rdf-scan heartbeat — 15,587,234 triples · 2,483,031,040 bytes read
  Partitioned compression: NB72462M_first250000: rdf-scan heartbeat — 15,994,810 triples · 2,550,140,063 bytes read
  Partitioned compression: NB72462M_first250000: rdf-scan heartbeat — 16,402,373 triples · 2,617,249,058 bytes read
  Partitioned compression: NB72462M_first250000: rdf-scan chunk — 16,809,875 triples · 5 chunks · 2,684,354,880 bytes read
  Partitioned compression: NB72462M_first250000: hdt-chunks started — 4 chunks · hdt-build-00004
  Partitioned compression: NB72462M_first250000: hdt-chunks complete — 5 chunks · hdt-build-00004
  Partitioned compression: NB72462M_first250000: cottas-chunks started — 4 chunks · cottas-build-00004
  Partitioned compression: NB72462M_first250000: cottas-chunks complete — 5 chunks · cottas-build-00004
  Partitioned compression: NB72462M_first250000: rdf-scan heartbeat — 16,809,894 triples · 2,684,357,976 bytes read
  Partitioned compression: NB72462M_first250000: rdf-scan heartbeat — 17,217,396 triples · 2,751,466,999 bytes read
  Partitioned compression: NB72462M_first250000: rdf-scan heartbeat — 17,624,383 triples · 2,818,575,974 bytes read
  Partitioned compression: NB72462M_first250000: rdf-scan heartbeat — 18,031,320 triples · 2,885,685,007 bytes read
  Partitioned compression: NB72462M_first250000: rdf-scan heartbeat — 18,438,231 triples · 2,952,793,929 bytes read
  Partitioned compression: NB72462M_first250000: rdf-scan heartbeat — 18,845,204 triples · 3,019,902,875 bytes read
  Partitioned compression: NB72462M_first250000: rdf-scan heartbeat — 19,252,155 triples · 3,087,011,828 bytes read
  Partitioned compression: NB72462M_first250000: rdf-scan heartbeat — 19,659,052 triples · 3,154,120,854 bytes read
  Partitioned compression: NB72462M_first250000: rdf-scan chunk — 20,082,838 triples · 6 chunks · 3,221,225,931 bytes read
  Partitioned compression: NB72462M_first250000: hdt-chunks started — 5 chunks · hdt-build-00005
  Partitioned compression: NB72462M_first250000: hdt-chunks complete — 6 chunks · hdt-build-00005
  Partitioned compression: NB72462M_first250000: cottas-chunks started — 5 chunks · cottas-build-00005
  Partitioned compression: NB72462M_first250000: cottas-chunks complete — 6 chunks · cottas-build-00005
  Partitioned compression: NB72462M_first250000: rdf-scan heartbeat — 20,082,864 triples · 3,221,229,722 bytes read
  Partitioned compression: NB72462M_first250000: rdf-scan heartbeat — 20,527,017 triples · 3,288,338,634 bytes read
  Partitioned compression: NB72462M_first250000: rdf-scan heartbeat — 20,970,474 triples · 3,355,447,530 bytes read
  Partitioned compression: NB72462M_first250000: rdf-scan heartbeat — 21,414,544 triples · 3,422,556,471 bytes read
  Partitioned compression: NB72462M_first250000: rdf-scan heartbeat — 21,854,992 triples · 3,489,665,484 bytes read
  Partitioned compression: NB72462M_first250000: rdf-scan heartbeat — 22,295,736 triples · 3,556,774,395 bytes read
  Partitioned compression: NB72462M_first250000: rdf-scan heartbeat — 22,735,664 triples · 3,623,883,407 bytes read
  Partitioned compression: NB72462M_first250000: rdf-scan heartbeat — 23,176,039 triples · 3,690,992,404 bytes read
  Partitioned compression: NB72462M_first250000: rdf-scan chunk — 23,616,225 triples · 7 chunks · 3,758,096,908 bytes read
  Partitioned compression: NB72462M_first250000: hdt-chunks started — 6 chunks · hdt-build-00006
  Partitioned compression: NB72462M_first250000: hdt-chunks complete — 7 chunks · hdt-build-00006
  Partitioned compression: NB72462M_first250000: cottas-chunks started — 6 chunks · cottas-build-00006
  Partitioned compression: NB72462M_first250000: cottas-chunks complete — 7 chunks · cottas-build-00006
  Partitioned compression: NB72462M_first250000: rdf-scan heartbeat — 23,616,255 triples · 3,758,101,409 bytes read
  Partitioned compression: NB72462M_first250000: rdf-scan heartbeat — 24,056,589 triples · 3,825,210,305 bytes read
  Partitioned compression: NB72462M_first250000: rdf-scan heartbeat — 24,496,835 triples · 3,892,319,310 bytes read
  Partitioned compression: NB72462M_first250000: rdf-scan heartbeat — 24,936,284 triples · 3,959,428,236 bytes read
  Partitioned compression: NB72462M_first250000: rdf-scan heartbeat — 25,376,501 triples · 4,026,537,134 bytes read
  Partitioned compression: NB72462M_first250000: rdf-scan heartbeat — 25,816,527 triples · 4,093,646,131 bytes read
  Partitioned compression: NB72462M_first250000: rdf-scan heartbeat — 26,256,796 triples · 4,160,755,121 bytes read
  Partitioned compression: NB72462M_first250000: rdf-scan heartbeat — 26,697,193 triples · 4,227,863,989 bytes read
  Partitioned compression: NB72462M_first250000: rdf-scan chunk — 27,137,837 triples · 8 chunks · 4,294,967,828 bytes read
  Partitioned compression: NB72462M_first250000: hdt-chunks started — 7 chunks · hdt-build-00007
  Partitioned compression: NB72462M_first250000: hdt-chunks complete — 8 chunks · hdt-build-00007
  Partitioned compression: NB72462M_first250000: cottas-chunks started — 7 chunks · cottas-build-00007
  Partitioned compression: NB72462M_first250000: cottas-chunks complete — 8 chunks · cottas-build-00007
  Partitioned compression: NB72462M_first250000: rdf-scan heartbeat — 27,137,871 triples · 4,294,972,952 bytes read
  Partitioned compression: NB72462M_first250000: rdf-scan heartbeat — 27,578,134 triples · 4,362,081,875 bytes read
  Partitioned compression: NB72462M_first250000: rdf-scan heartbeat — 28,019,100 triples · 4,429,190,848 bytes read
  Partitioned compression: NB72462M_first250000: rdf-scan heartbeat — 28,459,642 triples · 4,496,299,761 bytes read
  Partitioned compression: NB72462M_first250000: rdf-scan heartbeat — 28,899,475 triples · 4,563,408,773 bytes read
  Partitioned compression: NB72462M_first250000: rdf-scan heartbeat — 29,339,924 triples · 4,630,517,686 bytes read
  Partitioned compression: NB72462M_first250000: rdf-scan heartbeat — 29,780,315 triples · 4,697,626,689 bytes read
  Partitioned compression: NB72462M_first250000: rdf-scan heartbeat — 30,220,399 triples · 4,764,735,663 bytes read
  Partitioned compression: NB72462M_first250000: rdf-scan chunk — 30,660,834 triples · 9 chunks · 4,831,838,744 bytes read
  Partitioned compression: NB72462M_first250000: hdt-chunks started — 8 chunks · hdt-build-00008
  Partitioned compression: NB72462M_first250000: hdt-chunks complete — 9 chunks · hdt-build-00008
  Partitioned compression: NB72462M_first250000: cottas-chunks started — 8 chunks · cottas-build-00008
  Partitioned compression: NB72462M_first250000: cottas-chunks complete — 9 chunks · cottas-build-00008
  Partitioned compression: NB72462M_first250000: rdf-scan heartbeat — 30,660,871 triples · 4,831,844,530 bytes read
  Partitioned compression: NB72462M_first250000: rdf-scan heartbeat — 31,101,139 triples · 4,898,953,432 bytes read
  Partitioned compression: NB72462M_first250000: rdf-scan heartbeat — 31,541,485 triples · 4,966,062,432 bytes read
  Partitioned compression: NB72462M_first250000: rdf-scan heartbeat — 31,981,387 triples · 5,033,171,422 bytes read
  Partitioned compression: NB72462M_first250000: rdf-scan heartbeat — 32,421,723 triples · 5,100,280,389 bytes read
  Partitioned compression: NB72462M_first250000: rdf-scan heartbeat — 32,862,383 triples · 5,167,389,263 bytes read
  Partitioned compression: NB72462M_first250000: rdf-scan heartbeat — 33,302,645 triples · 5,234,498,211 bytes read
  Partitioned compression: NB72462M_first250000: rdf-scan heartbeat — 33,742,552 triples · 5,301,607,085 bytes read
  Partitioned compression: NB72462M_first250000: rdf-scan chunk — 34,183,365 triples · 10 chunks · 5,368,709,702 bytes read
  Partitioned compression: NB72462M_first250000: hdt-chunks started — 9 chunks · hdt-build-00009
  Partitioned compression: NB72462M_first250000: hdt-chunks complete — 10 chunks · hdt-build-00009
  Partitioned compression: NB72462M_first250000: cottas-chunks started — 9 chunks · cottas-build-00009
  Partitioned compression: NB72462M_first250000: cottas-chunks complete — 10 chunks · cottas-build-00009
  Partitioned compression: NB72462M_first250000: rdf-scan heartbeat — 34,183,407 triples · 5,368,716,004 bytes read
  Partitioned compression: NB72462M_first250000: rdf-scan heartbeat — 34,623,430 triples · 5,435,824,977 bytes read
  Partitioned compression: NB72462M_first250000: rdf-scan heartbeat — 35,064,183 triples · 5,502,933,849 bytes read
  Partitioned compression: NB72462M_first250000: rdf-scan heartbeat — 35,504,417 triples · 5,570,042,846 bytes read
  Partitioned compression: NB72462M_first250000: rdf-scan heartbeat — 35,944,524 triples · 5,637,151,735 bytes read
  Partitioned compression: NB72462M_first250000: rdf-scan heartbeat — 36,380,887 triples · 5,704,260,603 bytes read
  Partitioned compression: NB72462M_first250000: rdf-scan heartbeat — 36,817,518 triples · 5,771,369,502 bytes read
  Partitioned compression: NB72462M_first250000: rdf-scan heartbeat — 37,254,283 triples · 5,838,478,462 bytes read
  Partitioned compression: NB72462M_first250000: rdf-scan chunk — 37,691,749 triples · 11 chunks · 5,905,580,754 bytes read
  Partitioned compression: NB72462M_first250000: hdt-chunks started — 10 chunks · hdt-build-00010
  Partitioned compression: NB72462M_first250000: hdt-chunks complete — 11 chunks · hdt-build-00010
  Partitioned compression: NB72462M_first250000: cottas-chunks started — 10 chunks · cottas-build-00010
  Partitioned compression: NB72462M_first250000: cottas-chunks complete — 11 chunks · cottas-build-00010
  Partitioned compression: NB72462M_first250000: rdf-scan heartbeat — 37,691,793 triples · 5,905,587,430 bytes read
  Partitioned compression: NB72462M_first250000: rdf-scan heartbeat — 38,129,420 triples · 5,972,696,364 bytes read
  Partitioned compression: NB72462M_first250000: rdf-scan heartbeat — 38,566,346 triples · 6,039,805,303 bytes read
  Partitioned compression: NB72462M_first250000: rdf-scan heartbeat — 39,003,961 triples · 6,106,914,289 bytes read
  Partitioned compression: NB72462M_first250000: rdf-scan heartbeat — 39,441,126 triples · 6,174,023,182 bytes read
  Partitioned compression: NB72462M_first250000: rdf-scan heartbeat — 39,877,731 triples · 6,241,132,183 bytes read
  Partitioned compression: NB72462M_first250000: rdf-scan heartbeat — 40,314,715 triples · 6,308,241,052 bytes read
  Partitioned compression: NB72462M_first250000: rdf-scan heartbeat — 40,751,958 triples · 6,375,349,984 bytes read
  Partitioned compression: NB72462M_first250000: rdf-scan chunk — 41,189,096 triples · 12 chunks · 6,442,451,820 bytes read
  Partitioned compression: NB72462M_first250000: hdt-chunks started — 11 chunks · hdt-build-00011
  Partitioned compression: NB72462M_first250000: hdt-chunks complete — 12 chunks · hdt-build-00011
  Partitioned compression: NB72462M_first250000: cottas-chunks started — 11 chunks · cottas-build-00011
  Partitioned compression: NB72462M_first250000: cottas-chunks complete — 12 chunks · cottas-build-00011
  Partitioned compression: NB72462M_first250000: rdf-scan heartbeat — 41,189,143 triples · 6,442,458,984 bytes read
  Partitioned compression: NB72462M_first250000: rdf-scan heartbeat — 41,626,299 triples · 6,509,567,885 bytes read
  Partitioned compression: NB72462M_first250000: rdf-scan heartbeat — 42,063,438 triples · 6,576,676,877 bytes read
  Partitioned compression: NB72462M_first250000: rdf-scan heartbeat — 42,500,899 triples · 6,643,785,762 bytes read
  Partitioned compression: NB72462M_first250000: rdf-scan heartbeat — 42,937,528 triples · 6,710,894,772 bytes read
  Partitioned compression: NB72462M_first250000: rdf-scan heartbeat — 43,374,856 triples · 6,778,003,811 bytes read
  Partitioned compression: NB72462M_first250000: rdf-scan heartbeat — 43,811,535 triples · 6,845,112,755 bytes read
  Partitioned compression: NB72462M_first250000: rdf-scan heartbeat — 44,248,482 triples · 6,912,221,685 bytes read
  Partitioned compression: NB72462M_first250000: rdf-scan chunk — 44,684,810 triples · 13 chunks · 6,979,322,780 bytes read
  Partitioned compression: NB72462M_first250000: hdt-chunks started — 12 chunks · hdt-build-00012
  Partitioned compression: NB72462M_first250000: hdt-chunks complete — 13 chunks · hdt-build-00012
  Partitioned compression: NB72462M_first250000: cottas-chunks started — 12 chunks · cottas-build-00012
  Partitioned compression: NB72462M_first250000: cottas-chunks complete — 13 chunks · cottas-build-00012
  Partitioned compression: NB72462M_first250000: rdf-scan heartbeat — 44,684,861 triples · 6,979,330,568 bytes read
  Partitioned compression: NB72462M_first250000: rdf-scan heartbeat — 45,122,855 triples · 7,046,439,521 bytes read
  Partitioned compression: NB72462M_first250000: rdf-scan heartbeat — 45,559,720 triples · 7,113,548,385 bytes read
  Partitioned compression: NB72462M_first250000: rdf-scan heartbeat — 45,995,967 triples · 7,180,657,253 bytes read
  Partitioned compression: NB72462M_first250000: rdf-scan heartbeat — 46,432,673 triples · 7,247,766,157 bytes read
  Partitioned compression: NB72462M_first250000: rdf-scan heartbeat — 46,869,471 triples · 7,314,875,098 bytes read
  Partitioned compression: NB72462M_first250000: rdf-scan heartbeat — 47,305,961 triples · 7,381,983,992 bytes read
  Partitioned compression: NB72462M_first250000: rdf-scan heartbeat — 47,742,348 triples · 7,449,092,935 bytes read
  Partitioned compression: NB72462M_first250000: rdf-scan chunk — 48,179,398 triples · 14 chunks · 7,516,193,799 bytes read
  Partitioned compression: NB72462M_first250000: hdt-chunks started — 13 chunks · hdt-build-00013
  Partitioned compression: NB72462M_first250000: hdt-chunks complete — 14 chunks · hdt-build-00013
  Partitioned compression: NB72462M_first250000: cottas-chunks started — 13 chunks · cottas-build-00013
  Partitioned compression: NB72462M_first250000: cottas-chunks complete — 14 chunks · cottas-build-00013
  Partitioned compression: NB72462M_first250000: rdf-scan heartbeat — 48,179,451 triples · 7,516,201,898 bytes read
  Partitioned compression: NB72462M_first250000: rdf-scan heartbeat — 48,616,114 triples · 7,583,310,779 bytes read
  Partitioned compression: NB72462M_first250000: rdf-scan heartbeat — 49,053,193 triples · 7,650,419,709 bytes read
  Partitioned compression: NB72462M_first250000: rdf-scan heartbeat — 49,489,965 triples · 7,717,528,650 bytes read
  Partitioned compression: NB72462M_first250000: rdf-scan heartbeat — 49,926,796 triples · 7,784,637,542 bytes read
  Partitioned compression: NB72462M_first250000: rdf-scan heartbeat — 50,363,434 triples · 7,851,746,435 bytes read
  Partitioned compression: NB72462M_first250000: rdf-scan heartbeat — 50,799,807 triples · 7,918,855,371 bytes read
  Partitioned compression: NB72462M_first250000: rdf-scan heartbeat — 51,236,202 triples · 7,985,964,276 bytes read
  Partitioned compression: NB72462M_first250000: rdf-scan chunk — 51,672,607 triples · 15 chunks · 8,053,064,800 bytes read
  Partitioned compression: NB72462M_first250000: hdt-chunks started — 14 chunks · hdt-build-00014
  Partitioned compression: NB72462M_first250000: hdt-chunks complete — 15 chunks · hdt-build-00014
  Partitioned compression: NB72462M_first250000: cottas-chunks started — 14 chunks · cottas-build-00014
  Partitioned compression: NB72462M_first250000: cottas-chunks complete — 15 chunks · cottas-build-00014
  Partitioned compression: NB72462M_first250000: rdf-scan heartbeat — 51,672,662 triples · 8,053,073,170 bytes read
  Partitioned compression: NB72462M_first250000: rdf-scan heartbeat — 52,109,026 triples · 8,120,182,085 bytes read
  Partitioned compression: NB72462M_first250000: rdf-scan heartbeat — 52,545,256 triples · 8,187,290,957 bytes read
  Partitioned compression: NB72462M_first250000: rdf-scan heartbeat — 52,981,512 triples · 8,254,399,889 bytes read
  Partitioned compression: NB72462M_first250000: rdf-scan heartbeat — 53,417,090 triples · 8,321,508,765 bytes read
  Partitioned compression: NB72462M_first250000: rdf-scan heartbeat — 53,853,255 triples · 8,388,617,690 bytes read
  Partitioned compression: NB72462M_first250000: rdf-scan heartbeat — 54,290,550 triples · 8,455,726,625 bytes read
  Partitioned compression: NB72462M_first250000: rdf-scan heartbeat — 54,727,692 triples · 8,522,835,523 bytes read
  Partitioned compression: NB72462M_first250000: rdf-scan chunk — 55,165,570 triples · 16 chunks · 8,589,935,743 bytes read
  Partitioned compression: NB72462M_first250000: hdt-chunks started — 15 chunks · hdt-build-00015
  Partitioned compression: NB72462M_first250000: hdt-chunks complete — 16 chunks · hdt-build-00015
  Partitioned compression: NB72462M_first250000: cottas-chunks started — 15 chunks · cottas-build-00015
  Partitioned compression: NB72462M_first250000: cottas-chunks complete — 16 chunks · cottas-build-00015
  Partitioned compression: NB72462M_first250000: rdf-scan heartbeat — 55,165,626 triples · 8,589,944,476 bytes read
  Partitioned compression: NB72462M_first250000: rdf-scan heartbeat — 55,602,312 triples · 8,657,053,342 bytes read
  Partitioned compression: NB72462M_first250000: rdf-scan heartbeat — 56,039,103 triples · 8,724,162,307 bytes read
  Partitioned compression: NB72462M_first250000: rdf-scan heartbeat — 56,476,726 triples · 8,791,271,185 bytes read
  Partitioned compression: NB72462M_first250000: rdf-scan heartbeat — 56,913,891 triples · 8,858,380,180 bytes read
  Partitioned compression: NB72462M_first250000: rdf-scan heartbeat — 57,351,357 triples · 8,925,489,161 bytes read
  Partitioned compression: NB72462M_first250000: rdf-scan heartbeat — 57,788,100 triples · 8,992,598,190 bytes read
  Partitioned compression: NB72462M_first250000: rdf-scan heartbeat — 58,224,872 triples · 9,059,707,098 bytes read
  Partitioned compression: NB72462M_first250000: rdf-scan chunk — 58,661,538 triples · 17 chunks · 9,126,806,764 bytes read
  Partitioned compression: NB72462M_first250000: hdt-chunks started — 16 chunks · hdt-build-00016
  Partitioned compression: NB72462M_first250000: hdt-chunks complete — 17 chunks · hdt-build-00016
  Partitioned compression: NB72462M_first250000: cottas-chunks started — 16 chunks · cottas-build-00016
  Partitioned compression: NB72462M_first250000: cottas-chunks complete — 17 chunks · cottas-build-00016
  Partitioned compression: NB72462M_first250000: rdf-scan heartbeat — 58,661,598 triples · 9,126,815,975 bytes read
  Partitioned compression: NB72462M_first250000: rdf-scan heartbeat — 59,098,357 triples · 9,193,924,991 bytes read
  Partitioned compression: NB72462M_first250000: rdf-scan heartbeat — 59,535,342 triples · 9,261,033,901 bytes read
  Partitioned compression: NB72462M_first250000: rdf-scan chunk — 59,959,711 triples · 18 chunks · 9,326,296,006 bytes read
  Partitioned compression: NB72462M_first250000: hdt-chunks started — 17 chunks · hdt-build-00017
  Partitioned compression: NB72462M_first250000: hdt-chunks complete — 18 chunks · hdt-build-00017
  Partitioned compression: NB72462M_first250000: cottas-chunks started — 17 chunks · cottas-build-00017
  Partitioned compression: NB72462M_first250000: cottas-chunks complete — 18 chunks · cottas-build-00017
  Partitioned compression: NB72462M_first250000: rdf-scan complete — 59,959,711 triples · 18 chunks
  Partitioned compression: NB72462M_first250000: hdt-chunks complete — 18 chunks
  Partitioned compression: NB72462M_first250000: cottas-chunks complete — 18 chunks
  Partitioned compression: NB72462M_first250000: hdt-merge started — hdt-merge-r01-00000
  Partitioned compression: NB72462M_first250000: hdt-merge complete — hdt-merge-r01-00000
  Partitioned compression: NB72462M_first250000: hdt-merge started — hdt-merge-r01-00001
  Partitioned compression: NB72462M_first250000: hdt-merge complete — hdt-merge-r01-00001
  Partitioned compression: NB72462M_first250000: hdt-merge started — hdt-merge-r01-00002
  Partitioned compression: NB72462M_first250000: hdt-merge complete — hdt-merge-r01-00002
  Partitioned compression: NB72462M_first250000: hdt-merge started — hdt-merge-r01-00003
  Partitioned compression: NB72462M_first250000: hdt-merge complete — hdt-merge-r01-00003
  Partitioned compression: NB72462M_first250000: hdt-merge started — hdt-merge-r01-00004
  Partitioned compression: NB72462M_first250000: hdt-merge complete — hdt-merge-r01-00004
  Partitioned compression: NB72462M_first250000: hdt-merge started — hdt-merge-r01-00005
  Partitioned compression: NB72462M_first250000: hdt-merge complete — hdt-merge-r01-00005
  Partitioned compression: NB72462M_first250000: hdt-merge started — hdt-merge-r01-00006
  Partitioned compression: NB72462M_first250000: hdt-merge complete — hdt-merge-r01-00006
  Partitioned compression: NB72462M_first250000: hdt-merge started — hdt-merge-r01-00007
  Partitioned compression: NB72462M_first250000: hdt-merge complete — hdt-merge-r01-00007
  Partitioned compression: NB72462M_first250000: hdt-merge started — hdt-merge-r01-00008
  Partitioned compression: NB72462M_first250000: hdt-merge complete — hdt-merge-r01-00008
  Partitioned compression: NB72462M_first250000: hdt-merge started — hdt-merge-r02-00000
  Partitioned compression: NB72462M_first250000: hdt-merge complete — hdt-merge-r02-00000
  Partitioned compression: NB72462M_first250000: hdt-merge started — hdt-merge-r02-00001
  Partitioned compression: NB72462M_first250000: hdt-merge complete — hdt-merge-r02-00001
  Partitioned compression: NB72462M_first250000: hdt-merge started — hdt-merge-r02-00002
  Partitioned compression: NB72462M_first250000: hdt-merge complete — hdt-merge-r02-00002
  Partitioned compression: NB72462M_first250000: hdt-merge started — hdt-merge-r02-00003
  Partitioned compression: NB72462M_first250000: hdt-merge complete — hdt-merge-r02-00003
  Partitioned compression: NB72462M_first250000: hdt-merge started — hdt-merge-r03-00000
  Partitioned compression: NB72462M_first250000: hdt-merge complete — hdt-merge-r03-00000
  Partitioned compression: NB72462M_first250000: hdt-merge started — hdt-merge-r03-00001
  Partitioned compression: NB72462M_first250000: hdt-merge complete — hdt-merge-r03-00001
  Partitioned compression: NB72462M_first250000: hdt-merge started — hdt-merge-r04-00000
  Partitioned compression: NB72462M_first250000: hdt-merge complete — hdt-merge-r04-00000
  Partitioned compression: NB72462M_first250000: hdt-merge started — hdt-merge-r05-00000
  Partitioned compression: NB72462M_first250000: hdt-merge complete — hdt-merge-r05-00000
  Partitioned compression: NB72462M_first250000: hdt started — hdt-index
  Partitioned compression: NB72462M_first250000: hdt complete — hdt-index
  Partitioned compression: NB72462M_first250000: hdt started — hdt-validate
  Partitioned compression: NB72462M_first250000: hdt complete — hdt-validate
  Partitioned compression: NB72462M_first250000: cottas-merge started — cottas-merge-stream
  Partitioned compression: NB72462M_first250000: cottas-merge started — 0 triples · 18 sorted COTTAS chunks
  Partitioned compression: NB72462M_first250000: cottas-merge merging — 250,000 triples · 250,000 distinct triples written
  Partitioned compression: NB72462M_first250000: cottas-merge merging — 500,000 triples · 500,000 distinct triples written
  Partitioned compression: NB72462M_first250000: cottas-merge merging — 750,000 triples · 750,000 distinct triples written
  Partitioned compression: NB72462M_first250000: cottas-merge merging — 1,000,000 triples · 1,000,000 distinct triples written
  Partitioned compression: NB72462M_first250000: cottas-merge merging — 1,250,000 triples · 1,250,000 distinct triples written
  Partitioned compression: NB72462M_first250000: cottas-merge merging — 1,500,000 triples · 1,500,000 distinct triples written
  Partitioned compression: NB72462M_first250000: cottas-merge merging — 1,750,000 triples · 1,750,000 distinct triples written
  Partitioned compression: NB72462M_first250000: cottas-merge merging — 2,000,000 triples · 2,000,000 distinct triples written
  Partitioned compression: NB72462M_first250000: cottas-merge merging — 2,250,000 triples · 2,250,000 distinct triples written
  Partitioned compression: NB72462M_first250000: cottas-merge merging — 2,500,000 triples · 2,500,000 distinct triples written
  Partitioned compression: NB72462M_first250000: cottas-merge merging — 2,750,000 triples · 2,750,000 distinct triples written
  Partitioned compression: NB72462M_first250000: cottas-merge merging — 3,000,000 triples · 3,000,000 distinct triples written
  Partitioned compression: NB72462M_first250000: cottas-merge merging — 3,250,000 triples · 3,250,000 distinct triples written
  Partitioned compression: NB72462M_first250000: cottas-merge merging — 3,500,000 triples · 3,500,000 distinct triples written
  Partitioned compression: NB72462M_first250000: cottas-merge merging — 3,750,000 triples · 3,750,000 distinct triples written
  Partitioned compression: NB72462M_first250000: cottas-merge merging — 4,000,000 triples · 4,000,000 distinct triples written
  Partitioned compression: NB72462M_first250000: cottas-merge merging — 4,250,000 triples · 4,250,000 distinct triples written
  Partitioned compression: NB72462M_first250000: cottas-merge merging — 4,500,000 triples · 4,500,000 distinct triples written
  Partitioned compression: NB72462M_first250000: cottas-merge merging — 4,750,000 triples · 4,750,000 distinct triples written
  Partitioned compression: NB72462M_first250000: cottas-merge merging — 5,000,000 triples · 5,000,000 distinct triples written
  Partitioned compression: NB72462M_first250000: cottas-merge merging — 5,250,000 triples · 5,250,000 distinct triples written
  Partitioned compression: NB72462M_first250000: cottas-merge merging — 5,500,000 triples · 5,500,000 distinct triples written
  Partitioned compression: NB72462M_first250000: cottas-merge merging — 5,750,000 triples · 5,750,000 distinct triples written
  Partitioned compression: NB72462M_first250000: cottas-merge merging — 6,000,000 triples · 6,000,000 distinct triples written
  Partitioned compression: NB72462M_first250000: cottas-merge merging — 6,250,000 triples · 6,250,000 distinct triples written
  Partitioned compression: NB72462M_first250000: cottas-merge merging — 6,500,000 triples · 6,500,000 distinct triples written
  Partitioned compression: NB72462M_first250000: cottas-merge merging — 6,750,000 triples · 6,750,000 distinct triples written
  Partitioned compression: NB72462M_first250000: cottas-merge merging — 7,000,000 triples · 7,000,000 distinct triples written
  Partitioned compression: NB72462M_first250000: cottas-merge merging — 7,250,000 triples · 7,250,000 distinct triples written
  Partitioned compression: NB72462M_first250000: cottas-merge merging — 7,500,000 triples · 7,500,000 distinct triples written
  Partitioned compression: NB72462M_first250000: cottas-merge merging — 7,750,000 triples · 7,750,000 distinct triples written
  Partitioned compression: NB72462M_first250000: cottas-merge merging — 8,000,000 triples · 8,000,000 distinct triples written
  Partitioned compression: NB72462M_first250000: cottas-merge merging — 8,250,000 triples · 8,250,000 distinct triples written
  Partitioned compression: NB72462M_first250000: cottas-merge merging — 8,500,000 triples · 8,500,000 distinct triples written
  Partitioned compression: NB72462M_first250000: cottas-merge merging — 8,750,000 triples · 8,750,000 distinct triples written
  Partitioned compression: NB72462M_first250000: cottas-merge merging — 9,000,000 triples · 9,000,000 distinct triples written
  Partitioned compression: NB72462M_first250000: cottas-merge merging — 9,250,000 triples · 9,250,000 distinct triples written
  Partitioned compression: NB72462M_first250000: cottas-merge merging — 9,500,000 triples · 9,500,000 distinct triples written
  Partitioned compression: NB72462M_first250000: cottas-merge merging — 9,750,000 triples · 9,750,000 distinct triples written
  Partitioned compression: NB72462M_first250000: cottas-merge merging — 10,000,000 triples · 10,000,000 distinct triples written
  Partitioned compression: NB72462M_first250000: cottas-merge merging — 10,250,000 triples · 10,250,000 distinct triples written
  Partitioned compression: NB72462M_first250000: cottas-merge merging — 10,500,000 triples · 10,500,000 distinct triples written
  Partitioned compression: NB72462M_first250000: cottas-merge merging — 10,750,000 triples · 10,750,000 distinct triples written
  Partitioned compression: NB72462M_first250000: cottas-merge merging — 11,000,000 triples · 11,000,000 distinct triples written
  Partitioned compression: NB72462M_first250000: cottas-merge merging — 11,250,000 triples · 11,250,000 distinct triples written
  Partitioned compression: NB72462M_first250000: cottas-merge merging — 11,500,000 triples · 11,500,000 distinct triples written
  Partitioned compression: NB72462M_first250000: cottas-merge merging — 11,750,000 triples · 11,750,000 distinct triples written
  Partitioned compression: NB72462M_first250000: cottas-merge merging — 12,000,000 triples · 12,000,000 distinct triples written
  Partitioned compression: NB72462M_first250000: cottas-merge merging — 12,250,000 triples · 12,250,000 distinct triples written
  Partitioned compression: NB72462M_first250000: cottas-merge merging — 12,500,000 triples · 12,500,000 distinct triples written
  Partitioned compression: NB72462M_first250000: cottas-merge merging — 12,750,000 triples · 12,750,000 distinct triples written
  Partitioned compression: NB72462M_first250000: cottas-merge merging — 13,000,000 triples · 13,000,000 distinct triples written
  Partitioned compression: NB72462M_first250000: cottas-merge merging — 13,250,000 triples · 13,250,000 distinct triples written
  Partitioned compression: NB72462M_first250000: cottas-merge merging — 13,500,000 triples · 13,500,000 distinct triples written
  Partitioned compression: NB72462M_first250000: cottas-merge merging — 13,750,000 triples · 13,750,000 distinct triples written
  Partitioned compression: NB72462M_first250000: cottas-merge merging — 14,000,000 triples · 14,000,000 distinct triples written
  Partitioned compression: NB72462M_first250000: cottas-merge merging — 14,250,000 triples · 14,250,000 distinct triples written
  Partitioned compression: NB72462M_first250000: cottas-merge merging — 14,500,000 triples · 14,500,000 distinct triples written
  Partitioned compression: NB72462M_first250000: cottas-merge merging — 14,750,000 triples · 14,750,000 distinct triples written
  Partitioned compression: NB72462M_first250000: cottas-merge merging — 15,000,000 triples · 15,000,000 distinct triples written
  Partitioned compression: NB72462M_first250000: cottas-merge merging — 15,250,000 triples · 15,250,000 distinct triples written
  Partitioned compression: NB72462M_first250000: cottas-merge merging — 15,500,000 triples · 15,500,000 distinct triples written
  Partitioned compression: NB72462M_first250000: cottas-merge merging — 15,750,000 triples · 15,750,000 distinct triples written
  Partitioned compression: NB72462M_first250000: cottas-merge merging — 16,000,000 triples · 16,000,000 distinct triples written
  Partitioned compression: NB72462M_first250000: cottas-merge merging — 16,250,000 triples · 16,250,000 distinct triples written
  Partitioned compression: NB72462M_first250000: cottas-merge merging — 16,500,000 triples · 16,500,000 distinct triples written
  Partitioned compression: NB72462M_first250000: cottas-merge merging — 16,750,000 triples · 16,750,000 distinct triples written
  Partitioned compression: NB72462M_first250000: cottas-merge merging — 17,000,000 triples · 17,000,000 distinct triples written
  Partitioned compression: NB72462M_first250000: cottas-merge merging — 17,250,000 triples · 17,250,000 distinct triples written
  Partitioned compression: NB72462M_first250000: cottas-merge merging — 17,500,000 triples · 17,500,000 distinct triples written
  Partitioned compression: NB72462M_first250000: cottas-merge merging — 17,750,000 triples · 17,750,000 distinct triples written
  Partitioned compression: NB72462M_first250000: cottas-merge merging — 18,000,000 triples · 18,000,000 distinct triples written
  Partitioned compression: NB72462M_first250000: cottas-merge merging — 18,250,000 triples · 18,250,000 distinct triples written
  Partitioned compression: NB72462M_first250000: cottas-merge merging — 18,500,000 triples · 18,500,000 distinct triples written
  Partitioned compression: NB72462M_first250000: cottas-merge merging — 18,750,000 triples · 18,750,000 distinct triples written
  Partitioned compression: NB72462M_first250000: cottas-merge merging — 19,000,000 triples · 19,000,000 distinct triples written
  Partitioned compression: NB72462M_first250000: cottas-merge merging — 19,250,000 triples · 19,250,000 distinct triples written
  Partitioned compression: NB72462M_first250000: cottas-merge merging — 19,500,000 triples · 19,500,000 distinct triples written
  Partitioned compression: NB72462M_first250000: cottas-merge merging — 19,750,000 triples · 19,750,000 distinct triples written
  Partitioned compression: NB72462M_first250000: cottas-merge merging — 20,000,000 triples · 20,000,000 distinct triples written
  Partitioned compression: NB72462M_first250000: cottas-merge merging — 20,250,000 triples · 20,250,000 distinct triples written
  Partitioned compression: NB72462M_first250000: cottas-merge merging — 20,500,000 triples · 20,500,000 distinct triples written
  Partitioned compression: NB72462M_first250000: cottas-merge merging — 20,750,000 triples · 20,750,000 distinct triples written
  Partitioned compression: NB72462M_first250000: cottas-merge merging — 21,000,000 triples · 21,000,000 distinct triples written
  Partitioned compression: NB72462M_first250000: cottas-merge merging — 21,250,000 triples · 21,250,000 distinct triples written
  Partitioned compression: NB72462M_first250000: cottas-merge merging — 21,500,000 triples · 21,500,000 distinct triples written
  Partitioned compression: NB72462M_first250000: cottas-merge merging — 21,750,000 triples · 21,750,000 distinct triples written
  Partitioned compression: NB72462M_first250000: cottas-merge merging — 22,000,000 triples · 22,000,000 distinct triples written
  Partitioned compression: NB72462M_first250000: cottas-merge merging — 22,250,000 triples · 22,250,000 distinct triples written
  Partitioned compression: NB72462M_first250000: cottas-merge merging — 22,500,000 triples · 22,500,000 distinct triples written
  Partitioned compression: NB72462M_first250000: cottas-merge merging — 22,750,000 triples · 22,750,000 distinct triples written
  Partitioned compression: NB72462M_first250000: cottas-merge merging — 23,000,000 triples · 23,000,000 distinct triples written
  Partitioned compression: NB72462M_first250000: cottas-merge merging — 23,250,000 triples · 23,250,000 distinct triples written
  Partitioned compression: NB72462M_first250000: cottas-merge merging — 23,500,000 triples · 23,500,000 distinct triples written
  Partitioned compression: NB72462M_first250000: cottas-merge merging — 23,750,000 triples · 23,750,000 distinct triples written
  Partitioned compression: NB72462M_first250000: cottas-merge merging — 24,000,000 triples · 24,000,000 distinct triples written
  Partitioned compression: NB72462M_first250000: cottas-merge merging — 24,250,000 triples · 24,250,000 distinct triples written
  Partitioned compression: NB72462M_first250000: cottas-merge merging — 24,500,000 triples · 24,500,000 distinct triples written
  Partitioned compression: NB72462M_first250000: cottas-merge merging — 24,750,000 triples · 24,750,000 distinct triples written
  Partitioned compression: NB72462M_first250000: cottas-merge merging — 25,000,000 triples · 25,000,000 distinct triples written
  Partitioned compression: NB72462M_first250000: cottas-merge merging — 25,250,000 triples · 25,250,000 distinct triples written
  Partitioned compression: NB72462M_first250000: cottas-merge merging — 25,500,000 triples · 25,500,000 distinct triples written
  Partitioned compression: NB72462M_first250000: cottas-merge merging — 25,750,000 triples · 25,750,000 distinct triples written
  Partitioned compression: NB72462M_first250000: cottas-merge merging — 26,000,000 triples · 26,000,000 distinct triples written
  Partitioned compression: NB72462M_first250000: cottas-merge merging — 26,250,000 triples · 26,250,000 distinct triples written
  Partitioned compression: NB72462M_first250000: cottas-merge merging — 26,500,000 triples · 26,500,000 distinct triples written
  Partitioned compression: NB72462M_first250000: cottas-merge merging — 26,750,000 triples · 26,750,000 distinct triples written
  Partitioned compression: NB72462M_first250000: cottas-merge merging — 27,000,000 triples · 27,000,000 distinct triples written
  Partitioned compression: NB72462M_first250000: cottas-merge merging — 27,250,000 triples · 27,250,000 distinct triples written
  Partitioned compression: NB72462M_first250000: cottas-merge merging — 27,500,000 triples · 27,500,000 distinct triples written
  Partitioned compression: NB72462M_first250000: cottas-merge merging — 27,750,000 triples · 27,750,000 distinct triples written
  Partitioned compression: NB72462M_first250000: cottas-merge merging — 28,000,000 triples · 28,000,000 distinct triples written
  Partitioned compression: NB72462M_first250000: cottas-merge merging — 28,250,000 triples · 28,250,000 distinct triples written
  Partitioned compression: NB72462M_first250000: cottas-merge merging — 28,500,000 triples · 28,500,000 distinct triples written
  Partitioned compression: NB72462M_first250000: cottas-merge merging — 28,750,000 triples · 28,750,000 distinct triples written
  Partitioned compression: NB72462M_first250000: cottas-merge merging — 29,000,000 triples · 29,000,000 distinct triples written
  Partitioned compression: NB72462M_first250000: cottas-merge merging — 29,250,000 triples · 29,250,000 distinct triples written
  Partitioned compression: NB72462M_first250000: cottas-merge merging — 29,500,000 triples · 29,500,000 distinct triples written
  Partitioned compression: NB72462M_first250000: cottas-merge merging — 29,750,000 triples · 29,750,000 distinct triples written
  Partitioned compression: NB72462M_first250000: cottas-merge merging — 30,000,000 triples · 30,000,000 distinct triples written
  Partitioned compression: NB72462M_first250000: cottas-merge merging — 30,250,000 triples · 30,250,000 distinct triples written
  Partitioned compression: NB72462M_first250000: cottas-merge merging — 30,500,000 triples · 30,500,000 distinct triples written
  Partitioned compression: NB72462M_first250000: cottas-merge merging — 30,750,000 triples · 30,750,000 distinct triples written
  Partitioned compression: NB72462M_first250000: cottas-merge merging — 31,000,000 triples · 31,000,000 distinct triples written
  Partitioned compression: NB72462M_first250000: cottas-merge merging — 31,250,000 triples · 31,250,000 distinct triples written
  Partitioned compression: NB72462M_first250000: cottas-merge merging — 31,500,000 triples · 31,500,000 distinct triples written
  Partitioned compression: NB72462M_first250000: cottas-merge merging — 31,750,000 triples · 31,750,000 distinct triples written
  Partitioned compression: NB72462M_first250000: cottas-merge merging — 32,000,000 triples · 32,000,000 distinct triples written
  Partitioned compression: NB72462M_first250000: cottas-merge merging — 32,250,000 triples · 32,250,000 distinct triples written
  Partitioned compression: NB72462M_first250000: cottas-merge merging — 32,500,000 triples · 32,500,000 distinct triples written
  Partitioned compression: NB72462M_first250000: cottas-merge merging — 32,750,000 triples · 32,750,000 distinct triples written
  Partitioned compression: NB72462M_first250000: cottas-merge merging — 33,000,000 triples · 33,000,000 distinct triples written
  Partitioned compression: NB72462M_first250000: cottas-merge merging — 33,250,000 triples · 33,250,000 distinct triples written
  Partitioned compression: NB72462M_first250000: cottas-merge merging — 33,500,000 triples · 33,500,000 distinct triples written
  Partitioned compression: NB72462M_first250000: cottas-merge merging — 33,750,000 triples · 33,750,000 distinct triples written
  Partitioned compression: NB72462M_first250000: cottas-merge merging — 34,000,000 triples · 34,000,000 distinct triples written
  Partitioned compression: NB72462M_first250000: cottas-merge merging — 34,250,000 triples · 34,250,000 distinct triples written
  Partitioned compression: NB72462M_first250000: cottas-merge merging — 34,500,000 triples · 34,500,000 distinct triples written
  Partitioned compression: NB72462M_first250000: cottas-merge merging — 34,750,000 triples · 34,750,000 distinct triples written
  Partitioned compression: NB72462M_first250000: cottas-merge merging — 35,000,000 triples · 35,000,000 distinct triples written
  Partitioned compression: NB72462M_first250000: cottas-merge merging — 35,250,000 triples · 35,250,000 distinct triples written
  Partitioned compression: NB72462M_first250000: cottas-merge merging — 35,500,000 triples · 35,500,000 distinct triples written
  Partitioned compression: NB72462M_first250000: cottas-merge merging — 35,750,000 triples · 35,750,000 distinct triples written
  Partitioned compression: NB72462M_first250000: cottas-merge merging — 36,000,000 triples · 36,000,000 distinct triples written
  Partitioned compression: NB72462M_first250000: cottas-merge merging — 36,250,000 triples · 36,250,000 distinct triples written
  Partitioned compression: NB72462M_first250000: cottas-merge merging — 36,500,000 triples · 36,500,000 distinct triples written
  Partitioned compression: NB72462M_first250000: cottas-merge merging — 36,750,000 triples · 36,750,000 distinct triples written
  Partitioned compression: NB72462M_first250000: cottas-merge merging — 37,000,000 triples · 37,000,000 distinct triples written
  Partitioned compression: NB72462M_first250000: cottas-merge merging — 37,250,000 triples · 37,250,000 distinct triples written
  Partitioned compression: NB72462M_first250000: cottas-merge merging — 37,500,000 triples · 37,500,000 distinct triples written
  Partitioned compression: NB72462M_first250000: cottas-merge merging — 37,750,000 triples · 37,750,000 distinct triples written
  Partitioned compression: NB72462M_first250000: cottas-merge merging — 38,000,000 triples · 38,000,000 distinct triples written
  Partitioned compression: NB72462M_first250000: cottas-merge merging — 38,250,000 triples · 38,250,000 distinct triples written
  Partitioned compression: NB72462M_first250000: cottas-merge merging — 38,500,000 triples · 38,500,000 distinct triples written
  Partitioned compression: NB72462M_first250000: cottas-merge merging — 38,750,000 triples · 38,750,000 distinct triples written
  Partitioned compression: NB72462M_first250000: cottas-merge merging — 39,000,000 triples · 39,000,000 distinct triples written
  Partitioned compression: NB72462M_first250000: cottas-merge merging — 39,250,000 triples · 39,250,000 distinct triples written
  Partitioned compression: NB72462M_first250000: cottas-merge merging — 39,500,000 triples · 39,500,000 distinct triples written
  Partitioned compression: NB72462M_first250000: cottas-merge merging — 39,750,000 triples · 39,750,000 distinct triples written
  Partitioned compression: NB72462M_first250000: cottas-merge merging — 40,000,000 triples · 40,000,000 distinct triples written
  Partitioned compression: NB72462M_first250000: cottas-merge merging — 40,250,000 triples · 40,250,000 distinct triples written
  Partitioned compression: NB72462M_first250000: cottas-merge merging — 40,500,000 triples · 40,500,000 distinct triples written
  Partitioned compression: NB72462M_first250000: cottas-merge merging — 40,750,000 triples · 40,750,000 distinct triples written
  Partitioned compression: NB72462M_first250000: cottas-merge merging — 41,000,000 triples · 41,000,000 distinct triples written
  Partitioned compression: NB72462M_first250000: cottas-merge merging — 41,250,000 triples · 41,250,000 distinct triples written
  Partitioned compression: NB72462M_first250000: cottas-merge merging — 41,500,000 triples · 41,500,000 distinct triples written
  Partitioned compression: NB72462M_first250000: cottas-merge merging — 41,750,000 triples · 41,750,000 distinct triples written
  Partitioned compression: NB72462M_first250000: cottas-merge merging — 42,000,000 triples · 42,000,000 distinct triples written
  Partitioned compression: NB72462M_first250000: cottas-merge merging — 42,250,000 triples · 42,250,000 distinct triples written
  Partitioned compression: NB72462M_first250000: cottas-merge merging — 42,500,000 triples · 42,500,000 distinct triples written
  Partitioned compression: NB72462M_first250000: cottas-merge merging — 42,750,000 triples · 42,750,000 distinct triples written
  Partitioned compression: NB72462M_first250000: cottas-merge merging — 43,000,000 triples · 43,000,000 distinct triples written
  Partitioned compression: NB72462M_first250000: cottas-merge merging — 43,250,000 triples · 43,250,000 distinct triples written
  Partitioned compression: NB72462M_first250000: cottas-merge merging — 43,500,000 triples · 43,500,000 distinct triples written
  Partitioned compression: NB72462M_first250000: cottas-merge merging — 43,750,000 triples · 43,750,000 distinct triples written
  Partitioned compression: NB72462M_first250000: cottas-merge merging — 44,000,000 triples · 44,000,000 distinct triples written
  Partitioned compression: NB72462M_first250000: cottas-merge merging — 44,250,000 triples · 44,250,000 distinct triples written
  Partitioned compression: NB72462M_first250000: cottas-merge merging — 44,500,000 triples · 44,500,000 distinct triples written
  Partitioned compression: NB72462M_first250000: cottas-merge merging — 44,750,000 triples · 44,750,000 distinct triples written
  Partitioned compression: NB72462M_first250000: cottas-merge merging — 45,000,000 triples · 45,000,000 distinct triples written
  Partitioned compression: NB72462M_first250000: cottas-merge merging — 45,250,000 triples · 45,250,000 distinct triples written
  Partitioned compression: NB72462M_first250000: cottas-merge merging — 45,500,000 triples · 45,500,000 distinct triples written
  Partitioned compression: NB72462M_first250000: cottas-merge merging — 45,750,000 triples · 45,750,000 distinct triples written
  Partitioned compression: NB72462M_first250000: cottas-merge merging — 46,000,000 triples · 46,000,000 distinct triples written
  Partitioned compression: NB72462M_first250000: cottas-merge merging — 46,250,000 triples · 46,250,000 distinct triples written
  Partitioned compression: NB72462M_first250000: cottas-merge merging — 46,500,000 triples · 46,500,000 distinct triples written
  Partitioned compression: NB72462M_first250000: cottas-merge merging — 46,750,000 triples · 46,750,000 distinct triples written
  Partitioned compression: NB72462M_first250000: cottas-merge merging — 47,000,000 triples · 47,000,000 distinct triples written
  Partitioned compression: NB72462M_first250000: cottas-merge merging — 47,250,000 triples · 47,250,000 distinct triples written
  Partitioned compression: NB72462M_first250000: cottas-merge merging — 47,500,000 triples · 47,500,000 distinct triples written
  Partitioned compression: NB72462M_first250000: cottas-merge merging — 47,750,000 triples · 47,750,000 distinct triples written
  Partitioned compression: NB72462M_first250000: cottas-merge merging — 48,000,000 triples · 48,000,000 distinct triples written
  Partitioned compression: NB72462M_first250000: cottas-merge merging — 48,250,000 triples · 48,250,000 distinct triples written
  Partitioned compression: NB72462M_first250000: cottas-merge merging — 48,500,000 triples · 48,500,000 distinct triples written
  Partitioned compression: NB72462M_first250000: cottas-merge merging — 48,750,000 triples · 48,750,000 distinct triples written
  Partitioned compression: NB72462M_first250000: cottas-merge merging — 49,000,000 triples · 49,000,000 distinct triples written
  Partitioned compression: NB72462M_first250000: cottas-merge merging — 49,250,000 triples · 49,250,000 distinct triples written
  Partitioned compression: NB72462M_first250000: cottas-merge merging — 49,500,000 triples · 49,500,000 distinct triples written
  Partitioned compression: NB72462M_first250000: cottas-merge merging — 49,750,000 triples · 49,750,000 distinct triples written
  Partitioned compression: NB72462M_first250000: cottas-merge merging — 50,000,000 triples · 50,000,000 distinct triples written
  Partitioned compression: NB72462M_first250000: cottas-merge merging — 50,250,000 triples · 50,250,000 distinct triples written
  Partitioned compression: NB72462M_first250000: cottas-merge merging — 50,500,000 triples · 50,500,000 distinct triples written
  Partitioned compression: NB72462M_first250000: cottas-merge merging — 50,750,000 triples · 50,750,000 distinct triples written
  Partitioned compression: NB72462M_first250000: cottas-merge merging — 51,000,000 triples · 51,000,000 distinct triples written
  Partitioned compression: NB72462M_first250000: cottas-merge merging — 51,250,000 triples · 51,250,000 distinct triples written
  Partitioned compression: NB72462M_first250000: cottas-merge merging — 51,500,000 triples · 51,500,000 distinct triples written
  Partitioned compression: NB72462M_first250000: cottas-merge merging — 51,750,000 triples · 51,750,000 distinct triples written
  Partitioned compression: NB72462M_first250000: cottas-merge merging — 52,000,000 triples · 52,000,000 distinct triples written
  Partitioned compression: NB72462M_first250000: cottas-merge merging — 52,250,000 triples · 52,250,000 distinct triples written
  Partitioned compression: NB72462M_first250000: cottas-merge merging — 52,500,000 triples · 52,500,000 distinct triples written
  Partitioned compression: NB72462M_first250000: cottas-merge merging — 52,750,000 triples · 52,750,000 distinct triples written
  Partitioned compression: NB72462M_first250000: cottas-merge merging — 53,000,000 triples · 53,000,000 distinct triples written
  Partitioned compression: NB72462M_first250000: cottas-merge merging — 53,250,000 triples · 53,250,000 distinct triples written
  Partitioned compression: NB72462M_first250000: cottas-merge merging — 53,500,000 triples · 53,500,000 distinct triples written
  Partitioned compression: NB72462M_first250000: cottas-merge merging — 53,750,000 triples · 53,750,000 distinct triples written
  Partitioned compression: NB72462M_first250000: cottas-merge merging — 54,000,000 triples · 54,000,000 distinct triples written
  Partitioned compression: NB72462M_first250000: cottas-merge merging — 54,250,000 triples · 54,250,000 distinct triples written
  Partitioned compression: NB72462M_first250000: cottas-merge merging — 54,500,000 triples · 54,500,000 distinct triples written
  Partitioned compression: NB72462M_first250000: cottas-merge merging — 54,750,000 triples · 54,750,000 distinct triples written
  Partitioned compression: NB72462M_first250000: cottas-merge merging — 55,000,000 triples · 55,000,000 distinct triples written
  Partitioned compression: NB72462M_first250000: cottas-merge merging — 55,250,000 triples · 55,250,000 distinct triples written
  Partitioned compression: NB72462M_first250000: cottas-merge merging — 55,500,000 triples · 55,500,000 distinct triples written
  Partitioned compression: NB72462M_first250000: cottas-merge merging — 55,750,000 triples · 55,750,000 distinct triples written
  Partitioned compression: NB72462M_first250000: cottas-merge merging — 56,000,000 triples · 56,000,000 distinct triples written
  Partitioned compression: NB72462M_first250000: cottas-merge merging — 56,250,000 triples · 56,250,000 distinct triples written
  Partitioned compression: NB72462M_first250000: cottas-merge merging — 56,500,000 triples · 56,500,000 distinct triples written
  Partitioned compression: NB72462M_first250000: cottas-merge merging — 56,750,000 triples · 56,750,000 distinct triples written
  Partitioned compression: NB72462M_first250000: cottas-merge merging — 57,000,000 triples · 57,000,000 distinct triples written
  Partitioned compression: NB72462M_first250000: cottas-merge merging — 57,250,000 triples · 57,250,000 distinct triples written
  Partitioned compression: NB72462M_first250000: cottas-merge merging — 57,500,000 triples · 57,500,000 distinct triples written
  Partitioned compression: NB72462M_first250000: cottas-merge merging — 57,750,000 triples · 57,750,000 distinct triples written
  Partitioned compression: NB72462M_first250000: cottas-merge merging — 58,000,000 triples · 58,000,000 distinct triples written
  Partitioned compression: NB72462M_first250000: cottas-merge merging — 58,250,000 triples · 58,250,000 distinct triples written
  Partitioned compression: NB72462M_first250000: cottas-merge merging — 58,500,000 triples · 58,500,000 distinct triples written
  Partitioned compression: NB72462M_first250000: cottas-merge merging — 58,750,000 triples · 58,750,000 distinct triples written
  Partitioned compression: NB72462M_first250000: cottas-merge merging — 59,000,000 triples · 59,000,000 distinct triples written
  Partitioned compression: NB72462M_first250000: cottas-merge merging — 59,250,000 triples · 59,250,000 distinct triples written
  Partitioned compression: NB72462M_first250000: cottas-merge merging — 59,500,000 triples · 59,500,000 distinct triples written
  Partitioned compression: NB72462M_first250000: cottas-merge merging — 59,750,000 triples · 59,750,000 distinct triples written
  Partitioned compression: NB72462M_first250000: cottas-merge complete — 59,959,711 triples · 59,959,711 distinct triples written
  Partitioned compression: NB72462M_first250000: cottas-merge complete — cottas-merge-stream
  Partitioned compression: NB72462M_first250000: cottas started — cottas-validate
  Partitioned compression: NB72462M_first250000: cottas complete — cottas-validate
Partitioned compression: NB72462M_first250000: finished
