
[2026-09-13T06:32:53] $ docker version
Client: Docker Engine - Community
 Version:           29.7.2
 API version:       1.55
 Go version:        go1.26.5
 Git commit:        a7dcaa6
 Built:             Wed Aug  5 18:28:53 2026
 OS/Arch:           linux/amd64
 Context:           default

Server: Docker Engine - Community
 Engine:
  Version:          29.7.2
  API version:      1.55 (minimum version 1.40)
  Go version:       go1.26.5
  Git commit:       6a43e3d
  Built:            Wed Aug  5 18:28:53 2026
  OS/Arch:          linux/amd64
  Experimental:     false
 containerd:
  Version:          v2.3.3
  GitCommit:        aad11006b869517fcd3009450b6f82da282e1a9b
 runc:
  Version:          1.4.3
  GitCommit:        v1.4.3-0-gbb14dabe
 docker-init:
  Version:          0.19.0
  GitCommit:        de40ad0
[exit 0]

[2026-09-13T06:32:53] $ docker image inspect vcf-rdfizer:local-8b1b4a8
[
    {
        "Id": "sha256:635f200597ff331e8e6a9a0026bf556342d6d91ef180ded89ea4a592a338f541",
        "RepoTags": [
            "vcf-rdfizer:local-8b1b4a8"
        ],
        "RepoDigests": [
            "vcf-rdfizer@sha256:635f200597ff331e8e6a9a0026bf556342d6d91ef180ded89ea4a592a338f541"
        ],
        "Comment": "buildkit.dockerfile.v0",
        "Created": "2026-09-10T18:39:27.089070099+02:00",
        "Config": {
            "Env": [
                "PATH=/opt/java/openjdk/bin:/usr/local/sbin:/usr/local/bin:/usr/sbin:/usr/bin:/sbin:/bin",
                "JAVA_HOME=/opt/java/openjdk",
                "LANG=en_US.UTF-8",
                "LANGUAGE=en_US:en",
                "LC_ALL=en_US.UTF-8",
                "JAVA_VERSION=jdk-11.0.32+9",
                "RMLSTREAMER_JAR=/opt/rmlstreamer/RMLStreamer-v2.5.0-standalone.jar",
                "JAR=/opt/rmlstreamer/RMLStreamer-v2.5.0-standalone.jar",
                "HDTC_BIN=/usr/local/bin/hdtc",
                "HDT_INDEX_MEMORY_LIMIT=512M",
                "HDT_MERGE_MEMORY_LIMIT=512M",
                "COTTAS_MERGE_BATCH_ROWS=2048",
                "RDF2HDT_BIN=/usr/local/bin/rdf2hdt",
                "HDT2RDF_BIN=/usr/local/bin/hdt2rdf",
                "COTTAS_PYTHON_BIN=/opt/pycottas-venv/bin/python",
                "QLEVER_INDEX_BUILDER_BIN=/opt/qlever/bin/qlever-index",
                "QLEVER_SERVER_BIN=/opt/qlever/bin/qlever-server",
                "LD_LIBRARY_PATH=/usr/local/lib"
            ],
            "Entrypoint": [
                "/__cacert_entrypoint.sh"
            ],
            "WorkingDir": "/work",
            "Labels": {
                "org.opencontainers.image.created": "2026-09-01T20:37:00.369571+00:00",
                "org.opencontainers.image.description": "The Ubuntu container image maintained by Canonical\n\nUbuntu is a Debian-based Linux operating system that runs from the desktop to the cloud, to all your internet connected things.\nIt is the world's most popular operating system across public clouds and OpenStack clouds.\nIt is the number one platform for containers; from Docker to Kubernetes to LXD, Ubuntu can run your containers at scale.\nFast, secure and simple, Ubuntu powers millions of PCs worldwide.\n",
                "org.opencontainers.image.title": "ubuntu",
                "org.opencontainers.image.version": "26.04"
            }
        },
        "Architecture": "amd64",
        "Os": "linux",
        "Size": 717620422,
        "RootFS": {
            "Type": "layers",
            "Layers": [
                "sha256:4a6e4a6c5956212bf74c556250eb0028096f13d74501e43af51a1dbed8d69749",
                "sha256:4f41b99e67b8aeaedacb31ca888054a4b877577371f0bbe01196e136d2793635",
                "sha256:0e285b78ab95a51c4387d9539983134c8f77a8f3edf2bdccfe5bd38d77c45542",
                "sha256:3209850cea34b64af802eaa30d1b486ad4e608a8ad737b1dacbb77d9c7f2f2c6",
                "sha256:33467da9efead533d62612ce3ba4ad8d61f3f99aec1147ed81096762b4e8972b",
                "sha256:a0b95b55c538a70e4298e93042b25ea183b691347ad319ada23de032c63d1265",
                "sha256:e1dddc1d8ea8d9e7049c887c3d37805c9fbe45aba65ad103b33ce1b5bde9cb9b",
                "sha256:b69aca5d602a94b76f5af09f62f28123737eadbd2be48550a67401983be9dc0d",
                "sha256:331506bda88fca174453ca9f5c723a61a8cb19eb360cc1a46b4cca2c392d6867",
                "sha256:efab45a3d7d46a0bd40dca8583074c36334a2b55a0d54cea59982b7c8974f78b",
                "sha256:8feae9218f08e5eb5a8198ef71e5e5557d1d8903c6b6bfabbb58afc99f6b2e7c",
                "sha256:9ab39df5d8ed93dcadc9399d97388b7fecc9937326022817ac6505fa7d2f9f69",
                "sha256:c1ffc953a085c4a3d2ebc4d2df603876427e1d3affc13d54c849b7d190b68512",
                "sha256:6f5c1899458681c81b4c084555815227b8946aa03e07d2d7b43ae03c79475005",
                "sha256:c5dacad15f6f4cba4d0322437513efaa56be0ba6d9f09441583409c84aea54c9",
                "sha256:9083830ba63a31d8ded8083cedd913503499b0474fb4d8bc98c3cb559013d77f",
                "sha256:f754ef2f345070a297965a52faa44c28770d22feca4795a1b04fd6e38f476a07",
                "sha256:26b276645288c994483eeeafd94a49750975f4050aa96be67e8ac9aaf158cdaa",
                "sha256:3564e73c0c2ba45aa2aa098d4601bae8a571cd1d013045fa24a8d2e846058144",
                "sha256:7badfe4bdac2f82b51a3cd0e5904bef97bf159f17d7e87ba22b5ed1b0bb50a00",
                "sha256:50b04b0fa0b4fcbb36b2a5598c2c6a760a77ee825d34ad35a048ab1f31b7abec",
                "sha256:24d10b030ebf7785607e3d8aa069b92181edcdc08f95a881088b9fcc29c90a26",
                "sha256:23da94e6883caa88ec7beec77fc2bf279c08ba023e46006a3eac4abcb86bcd98",
                "sha256:7217a8da958fbaee982a65f88b05c35c0c28c580968b62ff3cd3ba7480c1e924",
                "sha256:26860ee4c798f55f72b8011e627befe87e01261666baa6f344c24345a733471d",
                "sha256:d8e47c9ce8674780e884ca9f2ff6d0a06554037399c17b21a9a6381674192506",
                "sha256:b7ba4fb5bd2a24e70336bb593db2697b87851d138b60908ca963c82585389d12",
                "sha256:97af0c6eb0a629d8310702c6b3df937ba7cfb5c2791d3eacc6d8e8fa9562b7f0",
                "sha256:d1e653fd17e255204c3b707cc8caec082289f52ae6749348ca648bb1b114f247",
                "sha256:5f70bf18a086007016e948b04aed3b82103a36bea41755b6cddfaf10ace3c6ef"
            ]
        },
        "Metadata": {
            "LastTagTime": "2026-09-10T18:46:26.764838357Z"
        },
        "Descriptor": {
            "mediaType": "application/vnd.oci.image.index.v1+json",
            "digest": "sha256:635f200597ff331e8e6a9a0026bf556342d6d91ef180ded89ea4a592a338f541",
            "size": 856
        },
        "Identity": {
            "Build": [
                {
                    "Ref": "99l8bsbd7f4i07fd7zon84qka",
                    "CreatedAt": "2026-09-10T20:46:26.781748295+02:00"
                }
            ]
        }
    }
]
[exit 0]

[2026-09-13T06:32:53] $ docker run --rm --label vcf-rdfizer.run=20260913T063253-739422 --user 1000:1000 -v /home/ubuntu/vcf-rdfizer-testing/vcf_data:/data/in:ro -v /home/ubuntu/vcf-rdfizer-testing/benchmarks_outputs/01_storage_mode/HG005_GRCh38__space-optimized__r1/out/.intermediate/tsv:/data/tsv -v /home/ubuntu/vcf-rdfizer-testing/benchmarks_outputs/01_storage_mode/HG005_GRCh38__space-optimized__r1/out/run_metrics/HG005_GRCh38_1_22_v4.2.1_benchmark__20260913T063253:/data/metrics vcf-rdfizer:local-8b1b4a8 bash -lc 'set -euo pipefail; rm -f /data/metrics/timings/tsv/HG005_GRCh38_1_22_v4.2.1_benchmark.txt; if [[ -x /usr/bin/time ]] && /usr/bin/time --version >/dev/null 2>&1; then /usr/bin/time -v -o /data/metrics/timings/tsv/HG005_GRCh38_1_22_v4.2.1_benchmark.txt -- bash /opt/vcf-rdfizer/vcf_as_tsv.sh /data/in/HG005_GRCh38_1_22_v4.2.1_benchmark.vcf.gz /data/tsv; else { time -p bash /opt/vcf-rdfizer/vcf_as_tsv.sh /data/in/HG005_GRCh38_1_22_v4.2.1_benchmark.vcf.gz /data/tsv; } > /data/metrics/timings/tsv/HG005_GRCh38_1_22_v4.2.1_benchmark.txt 2>&1; fi'
✅ Wrote: /data/tsv/HG005_GRCh38_1_22_v4.2.1_benchmark.records.tsv
✅ Wrote: /data/tsv/HG005_GRCh38_1_22_v4.2.1_benchmark.header_lines.tsv
✅ Wrote: /data/tsv/HG005_GRCh38_1_22_v4.2.1_benchmark.file_metadata.tsv
[exit 0]

[2026-09-13T06:33:52] $ docker run --rm --label vcf-rdfizer.run=20260913T063253-739422 --user 1000:1000 -v /home/ubuntu/vcf-rdfizer-testing/vcf_data:/data/in:ro -v /home/ubuntu/vcf-rdfizer-testing/benchmarks_outputs/01_storage_mode/HG005_GRCh38__space-optimized__r1/out/run_metrics/HG005_GRCh38_1_22_v4.2.1_benchmark__20260913T063253/_generated_rules:/data/rules:ro -v /home/ubuntu/vcf-rdfizer-testing/benchmarks_outputs/01_storage_mode/HG005_GRCh38__space-optimized__r1/out/.intermediate/tsv:/data/tsv:ro -v /home/ubuntu/vcf-rdfizer-testing/benchmarks_outputs/01_storage_mode/HG005_GRCh38__space-optimized__r1/out:/data/out -v /home/ubuntu/vcf-rdfizer-testing/benchmarks_outputs/01_storage_mode/HG005_GRCh38__space-optimized__r1/out/run_metrics/HG005_GRCh38_1_22_v4.2.1_benchmark__20260913T063253:/data/metrics -w /data/rules -e JAR=/opt/rmlstreamer/RMLStreamer-v2.5.0-standalone.jar -e IN=/data/rules/HG005_GRCh38_1_22_v4.2.1_benchmark.rules.ttl -e OUT_DIR=/data/out -e OUT_NAME=HG005_GRCh38_1_22_v4.2.1_benchmark -e RDF_STORAGE_MODE=space-optimized -e SPARK_PARTITIONS=8 -e RUN_ID=20260913T063253 -e TIMESTAMP=2026-09-13T06:32:53 -e TSV_EXIT_CODE=0 -e TSV_WALL_SECONDS=58.786068 -e TSV_USER_SECONDS=56.090000 -e TSV_SYS_SECONDS=3.670000 -e TSV_MAX_RSS_KB=7552 -e TSV_OUTPUT_SIZE_BYTES=2551359665 -e 'TSV_OUTPUT_PATH=/data/tsv/HG005_GRCh38_1_22_v4.2.1_benchmark.records.tsv|/data/tsv/HG005_GRCh38_1_22_v4.2.1_benchmark.header_lines.tsv|/data/tsv/HG005_GRCh38_1_22_v4.2.1_benchmark.file_metadata.tsv' -e IN_VCF=/data/in/HG005_GRCh38_1_22_v4.2.1_benchmark.vcf.gz -e LOGDIR=/data/metrics -e PROGRESS_FILE=/data/metrics/.progress/rmlstreamer-HG005_GRCh38_1_22_v4.2.1_benchmark.jsonl vcf-rdfizer:local-8b1b4a8 bash /opt/vcf-rdfizer/run_conversion.sh
04:33:52,873 INFO  io.rml.framework.Main$                                        - Mapping file: /data/rules/HG005_GRCh38_1_22_v4.2.1_benchmark.rules.ttl
Job name: RMLStreamer
Base IRI: /
Parallelise over local task slots: true
Maximum parallelism: None
Post processor: None
Checkpoint interval: /
Auto Watermark interval: 50
Output method: File
Output file: /data/out/HG005_GRCh38_1_22_v4.2.1_benchmark/.rmlstreamer-parts-HG005_GRCh38_1_22_v4.2.1_benchmark-1
Kafka broker list: /
Kafka topic: /
Kafka topic partition id: /
Output TCP socket: /
Function description locations: None
Discard output: false
04:33:53,366 WARN  io.rml.framework.core.model.csvw.CSVWDialect                  - Only csvw:delimiter is supported, other dialect options will be ignored!
04:33:53,371 WARN  io.rml.framework.core.model.csvw.CSVWDialect                  - Only csvw:delimiter is supported, other dialect options will be ignored!
04:33:53,374 WARN  io.rml.framework.core.model.csvw.CSVWDialect                  - Only csvw:delimiter is supported, other dialect options will be ignored!
04:33:53,375 WARN  io.rml.framework.core.model.csvw.CSVWDialect                  - Only csvw:delimiter is supported, other dialect options will be ignored!
04:33:53,376 WARN  io.rml.framework.core.model.csvw.CSVWDialect                  - Only csvw:delimiter is supported, other dialect options will be ignored!
04:33:53,377 WARN  io.rml.framework.core.model.csvw.CSVWDialect                  - Only csvw:delimiter is supported, other dialect options will be ignored!
04:33:53,378 WARN  io.rml.framework.core.model.csvw.CSVWDialect                  - Only csvw:delimiter is supported, other dialect options will be ignored!
04:33:53,379 WARN  io.rml.framework.core.model.csvw.CSVWDialect                  - Only csvw:delimiter is supported, other dialect options will be ignored!
04:33:53,380 WARN  io.rml.framework.core.model.csvw.CSVWDialect                  - Only csvw:delimiter is supported, other dialect options will be ignored!
04:33:53,381 WARN  io.rml.framework.core.model.csvw.CSVWDialect                  - Only csvw:delimiter is supported, other dialect options will be ignored!
04:33:53,381 WARN  io.rml.framework.core.model.csvw.CSVWDialect                  - Only csvw:delimiter is supported, other dialect options will be ignored!
04:33:53,382 WARN  io.rml.framework.core.model.csvw.CSVWDialect                  - Only csvw:delimiter is supported, other dialect options will be ignored!
Number of standard stream triple maps: 12
Total extracted std triple maps: 12
Number of standard stream triple maps: 0
Total extracted std triple maps: 0
04:33:53,445 INFO  io.rml.framework.Main$                                        - Dataset Job Found.
04:33:53,487 INFO  io.rml.framework.Main$                                        - 2 Triple Maps are found.
04:33:53,496 INFO  io.rml.framework.Main$                                        - 2 Triple Maps are found.
04:33:53,497 INFO  io.rml.framework.Main$                                        - 3 Triple Maps are found.
04:33:53,498 INFO  io.rml.framework.Main$                                        - 3 Triple Maps are found.
04:33:53,498 INFO  io.rml.framework.Main$                                        - 2 Triple Maps are found.
04:33:56,851 WARN  org.apache.flink.runtime.webmonitor.WebMonitorUtils           - Log file environment variable 'log.file' is not set.
04:33:56,851 WARN  org.apache.flink.runtime.webmonitor.WebMonitorUtils           - JobManager log files are unavailable in the web dashboard. Log file location not found in environment variable 'log.file' or configuration key 'web.log.path'.
04:33:57,482 WARN  org.apache.flink.metrics.MetricGroup                          - The operator name DataSource (at org.apache.flink.api.scala.ExecutionEnvironment.createInput(ExecutionEnvironment.scala:360) (io.rml.framework.flink.source.CSVInputFormat)) exceeded the 80 characters length limit and was truncated.
04:33:57,482 WARN  org.apache.flink.metrics.MetricGroup                          - The operator name DataSource (at org.apache.flink.api.scala.ExecutionEnvironment.createInput(ExecutionEnvironment.scala:360) (io.rml.framework.flink.source.CSVInputFormat)) exceeded the 80 characters length limit and was truncated.
04:33:57,485 WARN  org.apache.flink.metrics.MetricGroup                          - The operator name DataSource (at org.apache.flink.api.scala.ExecutionEnvironment.createInput(ExecutionEnvironment.scala:360) (io.rml.framework.flink.source.CSVInputFormat)) exceeded the 80 characters length limit and was truncated.
04:33:57,487 WARN  org.apache.flink.metrics.MetricGroup                          - The operator name DataSource (at org.apache.flink.api.scala.ExecutionEnvironment.createInput(ExecutionEnvironment.scala:360) (io.rml.framework.flink.source.CSVInputFormat)) exceeded the 80 characters length limit and was truncated.
04:33:57,489 WARN  org.apache.flink.metrics.MetricGroup                          - The operator name DataSource (at org.apache.flink.api.scala.ExecutionEnvironment.createInput(ExecutionEnvironment.scala:360) (io.rml.framework.flink.source.CSVInputFormat)) exceeded the 80 characters length limit and was truncated.
04:33:57,490 WARN  org.apache.flink.metrics.MetricGroup                          - The operator name DataSource (at org.apache.flink.api.scala.ExecutionEnvironment.createInput(ExecutionEnvironment.scala:360) (io.rml.framework.flink.source.CSVInputFormat)) exceeded the 80 characters length limit and was truncated.
04:33:57,503 WARN  org.apache.flink.metrics.MetricGroup                          - The operator name DataSource (at org.apache.flink.api.scala.ExecutionEnvironment.createInput(ExecutionEnvironment.scala:360) (io.rml.framework.flink.source.CSVInputFormat)) exceeded the 80 characters length limit and was truncated.
04:33:57,509 WARN  org.apache.flink.metrics.MetricGroup                          - The operator name DataSource (at org.apache.flink.api.scala.ExecutionEnvironment.createInput(ExecutionEnvironment.scala:360) (io.rml.framework.flink.source.CSVInputFormat)) exceeded the 80 characters length limit and was truncated.
04:33:57,514 WARN  org.apache.flink.metrics.MetricGroup                          - The operator name DataSource (at org.apache.flink.api.scala.ExecutionEnvironment.createInput(ExecutionEnvironment.scala:360) (io.rml.framework.flink.source.CSVInputFormat)) exceeded the 80 characters length limit and was truncated.
04:33:57,512 WARN  org.apache.flink.metrics.MetricGroup                          - The operator name DataSource (at org.apache.flink.api.scala.ExecutionEnvironment.createInput(ExecutionEnvironment.scala:360) (io.rml.framework.flink.source.CSVInputFormat)) exceeded the 80 characters length limit and was truncated.
04:33:57,510 WARN  org.apache.flink.metrics.MetricGroup                          - The operator name DataSource (at org.apache.flink.api.scala.ExecutionEnvironment.createInput(ExecutionEnvironment.scala:360) (io.rml.framework.flink.source.CSVInputFormat)) exceeded the 80 characters length limit and was truncated.
04:33:57,538 WARN  org.apache.flink.metrics.MetricGroup                          - The operator name DataSource (at org.apache.flink.api.scala.ExecutionEnvironment.createInput(ExecutionEnvironment.scala:360) (io.rml.framework.flink.source.CSVInputFormat)) exceeded the 80 characters length limit and was truncated.
04:33:57,539 WARN  org.apache.flink.metrics.MetricGroup                          - The operator name DataSource (at org.apache.flink.api.scala.ExecutionEnvironment.createInput(ExecutionEnvironment.scala:360) (io.rml.framework.flink.source.CSVInputFormat)) exceeded the 80 characters length limit and was truncated.
04:33:57,539 WARN  org.apache.flink.metrics.MetricGroup                          - The operator name DataSource (at org.apache.flink.api.scala.ExecutionEnvironment.createInput(ExecutionEnvironment.scala:360) (io.rml.framework.flink.source.CSVInputFormat)) exceeded the 80 characters length limit and was truncated.
04:33:57,549 WARN  org.apache.flink.metrics.MetricGroup                          - The operator name DataSource (at org.apache.flink.api.scala.ExecutionEnvironment.createInput(ExecutionEnvironment.scala:360) (io.rml.framework.flink.source.CSVInputFormat)) exceeded the 80 characters length limit and was truncated.
04:33:57,552 WARN  org.apache.flink.metrics.MetricGroup                          - The operator name DataSource (at org.apache.flink.api.scala.ExecutionEnvironment.createInput(ExecutionEnvironment.scala:360) (io.rml.framework.flink.source.CSVInputFormat)) exceeded the 80 characters length limit and was truncated.
04:33:57,571 WARN  org.apache.flink.metrics.MetricGroup                          - The operator name DataSource (at org.apache.flink.api.scala.ExecutionEnvironment.createInput(ExecutionEnvironment.scala:360) (io.rml.framework.flink.source.CSVInputFormat)) exceeded the 80 characters length limit and was truncated.
04:33:57,574 WARN  org.apache.flink.metrics.MetricGroup                          - The operator name DataSource (at org.apache.flink.api.scala.ExecutionEnvironment.createInput(ExecutionEnvironment.scala:360) (io.rml.framework.flink.source.CSVInputFormat)) exceeded the 80 characters length limit and was truncated.
04:33:57,575 WARN  org.apache.flink.metrics.MetricGroup                          - The operator name DataSource (at org.apache.flink.api.scala.ExecutionEnvironment.createInput(ExecutionEnvironment.scala:360) (io.rml.framework.flink.source.CSVInputFormat)) exceeded the 80 characters length limit and was truncated.
04:33:57,575 WARN  org.apache.flink.metrics.MetricGroup                          - The operator name DataSource (at org.apache.flink.api.scala.ExecutionEnvironment.createInput(ExecutionEnvironment.scala:360) (io.rml.framework.flink.source.CSVInputFormat)) exceeded the 80 characters length limit and was truncated.
04:33:57,581 WARN  org.apache.flink.metrics.MetricGroup                          - The operator name DataSource (at org.apache.flink.api.scala.ExecutionEnvironment.createInput(ExecutionEnvironment.scala:360) (io.rml.framework.flink.source.CSVInputFormat)) exceeded the 80 characters length limit and was truncated.
04:33:57,585 WARN  org.apache.flink.metrics.MetricGroup                          - The operator name DataSource (at org.apache.flink.api.scala.ExecutionEnvironment.createInput(ExecutionEnvironment.scala:360) (io.rml.framework.flink.source.CSVInputFormat)) exceeded the 80 characters length limit and was truncated.
04:33:57,589 WARN  org.apache.flink.metrics.MetricGroup                          - The operator name DataSource (at org.apache.flink.api.scala.ExecutionEnvironment.createInput(ExecutionEnvironment.scala:360) (io.rml.framework.flink.source.CSVInputFormat)) exceeded the 80 characters length limit and was truncated.
04:33:57,589 WARN  org.apache.flink.metrics.MetricGroup                          - The operator name DataSource (at org.apache.flink.api.scala.ExecutionEnvironment.createInput(ExecutionEnvironment.scala:360) (io.rml.framework.flink.source.CSVInputFormat)) exceeded the 80 characters length limit and was truncated.
04:33:57,623 WARN  org.apache.flink.metrics.MetricGroup                          - The operator name DataSource (at org.apache.flink.api.scala.ExecutionEnvironment.createInput(ExecutionEnvironment.scala:360) (io.rml.framework.flink.source.CSVInputFormat)) exceeded the 80 characters length limit and was truncated.
04:33:57,632 WARN  org.apache.flink.metrics.MetricGroup                          - The operator name DataSource (at org.apache.flink.api.scala.ExecutionEnvironment.createInput(ExecutionEnvironment.scala:360) (io.rml.framework.flink.source.CSVInputFormat)) exceeded the 80 characters length limit and was truncated.
04:33:57,632 WARN  org.apache.flink.metrics.MetricGroup                          - The operator name DataSource (at org.apache.flink.api.scala.ExecutionEnvironment.createInput(ExecutionEnvironment.scala:360) (io.rml.framework.flink.source.CSVInputFormat)) exceeded the 80 characters length limit and was truncated.
04:33:57,641 WARN  org.apache.flink.metrics.MetricGroup                          - The operator name DataSource (at org.apache.flink.api.scala.ExecutionEnvironment.createInput(ExecutionEnvironment.scala:360) (io.rml.framework.flink.source.CSVInputFormat)) exceeded the 80 characters length limit and was truncated.
04:33:57,646 WARN  org.apache.flink.metrics.MetricGroup                          - The operator name DataSource (at org.apache.flink.api.scala.ExecutionEnvironment.createInput(ExecutionEnvironment.scala:360) (io.rml.framework.flink.source.CSVInputFormat)) exceeded the 80 characters length limit and was truncated.
04:33:57,701 WARN  org.apache.flink.metrics.MetricGroup                          - The operator name DataSource (at org.apache.flink.api.scala.ExecutionEnvironment.createInput(ExecutionEnvironment.scala:360) (io.rml.framework.flink.source.CSVInputFormat)) exceeded the 80 characters length limit and was truncated.
04:33:57,705 WARN  org.apache.flink.metrics.MetricGroup                          - The operator name DataSource (at org.apache.flink.api.scala.ExecutionEnvironment.createInput(ExecutionEnvironment.scala:360) (io.rml.framework.flink.source.CSVInputFormat)) exceeded the 80 characters length limit and was truncated.
04:33:57,702 WARN  org.apache.flink.metrics.MetricGroup                          - The operator name DataSource (at org.apache.flink.api.scala.ExecutionEnvironment.createInput(ExecutionEnvironment.scala:360) (io.rml.framework.flink.source.CSVInputFormat)) exceeded the 80 characters length limit and was truncated.
04:33:57,717 WARN  org.apache.flink.metrics.MetricGroup                          - The operator name DataSource (at org.apache.flink.api.scala.ExecutionEnvironment.createInput(ExecutionEnvironment.scala:360) (io.rml.framework.flink.source.CSVInputFormat)) exceeded the 80 characters length limit and was truncated.
04:33:57,757 WARN  org.apache.flink.metrics.MetricGroup                          - The operator name DataSource (at org.apache.flink.api.scala.ExecutionEnvironment.createInput(ExecutionEnvironment.scala:360) (io.rml.framework.flink.source.CSVInputFormat)) exceeded the 80 characters length limit and was truncated.
04:33:57,764 WARN  org.apache.flink.metrics.MetricGroup                          - The operator name DataSource (at org.apache.flink.api.scala.ExecutionEnvironment.createInput(ExecutionEnvironment.scala:360) (io.rml.framework.flink.source.CSVInputFormat)) exceeded the 80 characters length limit and was truncated.
04:33:57,773 WARN  org.apache.flink.metrics.MetricGroup                          - The operator name DataSource (at org.apache.flink.api.scala.ExecutionEnvironment.createInput(ExecutionEnvironment.scala:360) (io.rml.framework.flink.source.CSVInputFormat)) exceeded the 80 characters length limit and was truncated.
04:33:57,773 WARN  org.apache.flink.metrics.MetricGroup                          - The operator name DataSource (at org.apache.flink.api.scala.ExecutionEnvironment.createInput(ExecutionEnvironment.scala:360) (io.rml.framework.flink.source.CSVInputFormat)) exceeded the 80 characters length limit and was truncated.
04:33:57,804 WARN  org.apache.flink.metrics.MetricGroup                          - The operator name DataSource (at org.apache.flink.api.scala.ExecutionEnvironment.createInput(ExecutionEnvironment.scala:360) (io.rml.framework.flink.source.CSVInputFormat)) exceeded the 80 characters length limit and was truncated.
04:33:57,813 WARN  org.apache.flink.metrics.MetricGroup                          - The operator name DataSource (at org.apache.flink.api.scala.ExecutionEnvironment.createInput(ExecutionEnvironment.scala:360) (io.rml.framework.flink.source.CSVInputFormat)) exceeded the 80 characters length limit and was truncated.
04:33:57,805 WARN  org.apache.flink.metrics.MetricGroup                          - The operator name DataSource (at org.apache.flink.api.scala.ExecutionEnvironment.createInput(ExecutionEnvironment.scala:360) (io.rml.framework.flink.source.CSVInputFormat)) exceeded the 80 characters length limit and was truncated.
WARNING: metrics header mismatch; backed up to /data/metrics/metrics_csv_bak_20260913T063253.csv and creating new metrics file.
Done.
JSON: /data/metrics/stages/conversion/HG005_GRCh38_1_22_v4.2.1_benchmark.json
CSV:  /data/metrics/metrics.csv
[exit 0]

[2026-09-13T07:12:48] $ docker volume create vcf-rdfizer-HG005_GRCh38_1_22_v4.2.1_benchmark-739422-1789276368574524021
vcf-rdfizer-HG005_GRCh38_1_22_v4.2.1_benchmark-739422-1789276368574524021
[exit 0]

[2026-09-13T07:12:48] $ docker run --rm --label vcf-rdfizer.run=20260913T063253-739422 --mount type=volume,source=vcf-rdfizer-HG005_GRCh38_1_22_v4.2.1_benchmark-739422-1789276368574524021,target=/work vcf-rdfizer:local-8b1b4a8 bash -lc 'chmod 1777 /work'
[exit 0]

[2026-09-13T07:12:48] $ docker run --rm --label vcf-rdfizer.run=20260913T063253-739422 --user 1000:1000 --mount type=volume,source=vcf-rdfizer-HG005_GRCh38_1_22_v4.2.1_benchmark-739422-1789276368574524021,target=/work -v /home/ubuntu/vcf-rdfizer-testing/benchmarks_outputs/01_storage_mode/HG005_GRCh38__space-optimized__r1/out/HG005_GRCh38_1_22_v4.2.1_benchmark:/data/in:ro -v /home/ubuntu/vcf-rdfizer-testing/benchmarks_outputs/01_storage_mode/HG005_GRCh38__space-optimized__r1/out/HG005_GRCh38_1_22_v4.2.1_benchmark:/data/out -v /home/ubuntu/vcf-rdfizer-testing/benchmarks_outputs/01_storage_mode/HG005_GRCh38__space-optimized__r1/out/run_metrics/HG005_GRCh38_1_22_v4.2.1_benchmark__20260913T063253:/data/metrics vcf-rdfizer:local-8b1b4a8 python3 /opt/vcf-rdfizer/partitioned_compression.py --source /data/in/HG005_GRCh38_1_22_v4.2.1_benchmark.nt.gz --output-dir /data/out --output-name HG005_GRCh38_1_22_v4.2.1_benchmark --methods hdt,cottas --target-chunk-bytes 536870912 --min-chunk-bytes 134217728 --max-chunk-bytes 1073741824 --expected-triples 497642517 --result-path /data/out/.HG005_GRCh38_1_22_v4.2.1_benchmark.partitioned-results.json --progress-path /data/metrics/.progress/partitioned-HG005_GRCh38_1_22_v4.2.1_benchmark.jsonl --allow-index-failures
HDT index ready: /data/out/HG005_GRCh38_1_22_v4.2.1_benchmark.hdt.index.v1-1
[exit 0]

[2026-09-13T19:15:17] $ docker volume rm -f vcf-rdfizer-HG005_GRCh38_1_22_v4.2.1_benchmark-739422-1789276368574524021
vcf-rdfizer-HG005_GRCh38_1_22_v4.2.1_benchmark-739422-1789276368574524021
[exit 0]
