Step 1/5: Validating inputs ✅
  Metrics: /home/ubuntu/vrdev-test/acmg-run/results/17_use_case_acmg__cohort/convert__NA20340/out/run_metrics/NA20340.acmg__20260928T143415
  Detailed logs: /home/ubuntu/vrdev-test/acmg-run/results/17_use_case_acmg__cohort/convert__NA20340/out/run_metrics/NA20340.acmg__20260928T143415/logs/wrapper.log
  Progress log: /home/ubuntu/vrdev-test/acmg-run/results/17_use_case_acmg__cohort/convert__NA20340/out/run_metrics/NA20340.acmg__20260928T143415/logs/progress.log
Step 2/5: Ensuring Docker image is available ✅
Step 3/5: Processing per-input pipeline (TSV -> RDF -> compression)
  Sample representation: expanded
  INFO representation: structured
  Header representation: structured
  - Input 1/1: NA20340.acmg.vcf
    * TSV conversion ✅
    * VCF version: VCFv4.2 (detected)
    * RDF conversion ✅
    * Streaming expanded multi-sample RDF (no expanded helper TSVs)
    * Sample RDF streaming: 10,000 variants, 10,000 calls
    * Sample calls streamed: 12,129; FORMAT values: 12,129
    * Streaming structured header RDF
    * Header lines typed: 133; contigs: 24
    * Streaming QUAL and structured INFO RDF
    * INFO RDF streaming: 10,000 variants, 730,078 values
    * QUAL values streamed: 12,129; INFO values: 886,254; declarations: 91
    * Triples produced: 9,739,089
    * Compression ✅
    * Output directory: /home/ubuntu/vrdev-test/acmg-run/results/17_use_case_acmg__cohort/convert__NA20340/out/NA20340.acmg
      - RDF aggregate: NA20340.acmg.nt
      - N-Triples (.nt): 1.31 GB (removed after successful compression)
      - gzip (.nt.gz): 60.71 MB
Total triples produced (full run): 9,739,089
Conversion process finished.
Run time (full mode): 35.68s
Timing log: /home/ubuntu/vrdev-test/acmg-run/results/17_use_case_acmg__cohort/convert__NA20340/out/run_metrics/NA20340.acmg__20260928T143415/wrapper_execution_times.csv
Metrics summary: /home/ubuntu/vrdev-test/acmg-run/results/17_use_case_acmg__cohort/convert__NA20340/out/run_metrics/NA20340.acmg__20260928T143415/summary.json
