TSV conversion: clinvar.acmg: started
TSV conversion: clinvar.acmg: finished
RMLStreamer: clinvar.acmg: started
  RMLStreamer: clinvar.acmg: rmlstreamer started — 0 B · 0 parts
  RMLStreamer: clinvar.acmg: rmlstreamer heartbeat — 0 B · 0 parts
  RMLStreamer: clinvar.acmg: rmlstreamer heartbeat — 8.85 MB · 8 parts
  RMLStreamer: clinvar.acmg: rmlstreamer heartbeat — 25.70 MB · 8 parts
  RMLStreamer: clinvar.acmg: rmlstreamer heartbeat — 66.26 MB · 8 parts
  RMLStreamer: clinvar.acmg: rmlstreamer heartbeat — 109.03 MB · 8 parts
  RMLStreamer: clinvar.acmg: rmlstreamer heartbeat — 150.20 MB · 8 parts
  RMLStreamer: clinvar.acmg: rmlstreamer heartbeat — 190.76 MB · 8 parts
  RMLStreamer: clinvar.acmg: rmlstreamer heartbeat — 230.09 MB · 8 parts
  RMLStreamer: clinvar.acmg: rmlstreamer heartbeat — 272.13 MB · 8 parts
  RMLStreamer: clinvar.acmg: rmlstreamer heartbeat — 301.66 MB · 8 parts
  RMLStreamer: clinvar.acmg: rmlstreamer complete — 301.66 MB · 8 parts
  RMLStreamer: clinvar.acmg: rdf-aggregate started — 0 parts
  RMLStreamer: clinvar.acmg: rdf-aggregate part — 1 parts
  RMLStreamer: clinvar.acmg: rdf-aggregate part — 2 parts
  RMLStreamer: clinvar.acmg: rdf-aggregate part — 3 parts
  RMLStreamer: clinvar.acmg: rdf-aggregate part — 4 parts
  RMLStreamer: clinvar.acmg: rdf-aggregate part — 5 parts
  RMLStreamer: clinvar.acmg: rdf-aggregate part — 6 parts
  RMLStreamer: clinvar.acmg: rdf-aggregate part — 7 parts
  RMLStreamer: clinvar.acmg: rdf-aggregate part — 8 parts
  RMLStreamer: clinvar.acmg: rdf-aggregate complete — 8 parts
RMLStreamer: clinvar.acmg: finished
Gzip: clinvar.acmg: started
Gzip: clinvar.acmg: finished
