TSV conversion: HG004_GRCh38_first250000: started
TSV conversion: HG004_GRCh38_first250000: finished
RMLStreamer: HG004_GRCh38_first250000: started
  RMLStreamer: HG004_GRCh38_first250000: rmlstreamer started — 0 B · 0 parts
  RMLStreamer: HG004_GRCh38_first250000: rmlstreamer heartbeat — 0 B · 0 parts
  RMLStreamer: HG004_GRCh38_first250000: rmlstreamer heartbeat — 8.60 MB · 8 parts
  RMLStreamer: HG004_GRCh38_first250000: rmlstreamer heartbeat — 30.02 MB · 8 parts
  RMLStreamer: HG004_GRCh38_first250000: rmlstreamer heartbeat — 72.64 MB · 8 parts
  RMLStreamer: HG004_GRCh38_first250000: rmlstreamer heartbeat — 115.52 MB · 8 parts
  RMLStreamer: HG004_GRCh38_first250000: rmlstreamer heartbeat — 159.87 MB · 8 parts
  RMLStreamer: HG004_GRCh38_first250000: rmlstreamer heartbeat — 203.46 MB · 8 parts
  RMLStreamer: HG004_GRCh38_first250000: rmlstreamer heartbeat — 248.15 MB · 8 parts
  RMLStreamer: HG004_GRCh38_first250000: rmlstreamer heartbeat — 287.41 MB · 8 parts
  RMLStreamer: HG004_GRCh38_first250000: rmlstreamer heartbeat — 291.70 MB · 8 parts
  RMLStreamer: HG004_GRCh38_first250000: rmlstreamer complete — 291.70 MB · 8 parts
  RMLStreamer: HG004_GRCh38_first250000: rdf-aggregate started — 0 parts
  RMLStreamer: HG004_GRCh38_first250000: rdf-aggregate part — 1 parts
  RMLStreamer: HG004_GRCh38_first250000: rdf-aggregate part — 2 parts
  RMLStreamer: HG004_GRCh38_first250000: rdf-aggregate part — 3 parts
  RMLStreamer: HG004_GRCh38_first250000: rdf-aggregate part — 4 parts
  RMLStreamer: HG004_GRCh38_first250000: rdf-aggregate part — 5 parts
  RMLStreamer: HG004_GRCh38_first250000: rdf-aggregate part — 6 parts
  RMLStreamer: HG004_GRCh38_first250000: rdf-aggregate part — 7 parts
  RMLStreamer: HG004_GRCh38_first250000: rdf-aggregate part — 8 parts
  RMLStreamer: HG004_GRCh38_first250000: rdf-aggregate complete — 8 parts
RMLStreamer: HG004_GRCh38_first250000: finished
Partitioned compression: HG004_GRCh38_first250000: started
  Partitioned compression: HG004_GRCh38_first250000: rdf-scan started — 0 triples
  Partitioned compression: HG004_GRCh38_first250000: rdf-scan heartbeat — 493,817 triples · 67,108,882 bytes read
  Partitioned compression: HG004_GRCh38_first250000: rdf-scan heartbeat — 989,529 triples · 134,217,865 bytes read
  Partitioned compression: HG004_GRCh38_first250000: rdf-scan heartbeat — 1,481,443 triples · 201,326,823 bytes read
  Partitioned compression: HG004_GRCh38_first250000: rdf-scan heartbeat — 1,976,880 triples · 268,435,825 bytes read
  Partitioned compression: HG004_GRCh38_first250000: rdf-scan heartbeat — 2,431,204 triples · 335,544,753 bytes read
  Partitioned compression: HG004_GRCh38_first250000: rdf-scan heartbeat — 2,836,956 triples · 402,653,726 bytes read
  Partitioned compression: HG004_GRCh38_first250000: rdf-scan heartbeat — 3,240,217 triples · 469,762,751 bytes read
  Partitioned compression: HG004_GRCh38_first250000: rdf-scan chunk — 3,642,815 triples · 1 chunks · 536,870,939 bytes read
  Partitioned compression: HG004_GRCh38_first250000: hdt-chunks started — 0 chunks · hdt-build-00000
  Partitioned compression: HG004_GRCh38_first250000: hdt-chunks complete — 1 chunks · hdt-build-00000
  Partitioned compression: HG004_GRCh38_first250000: cottas-chunks started — 0 chunks · cottas-build-00000
  Partitioned compression: HG004_GRCh38_first250000: cottas-chunks complete — 1 chunks · cottas-build-00000
  Partitioned compression: HG004_GRCh38_first250000: rdf-scan heartbeat — 3,642,820 triples · 536,871,775 bytes read
  Partitioned compression: HG004_GRCh38_first250000: rdf-scan heartbeat — 4,045,450 triples · 603,980,680 bytes read
  Partitioned compression: HG004_GRCh38_first250000: rdf-scan heartbeat — 4,448,036 triples · 671,089,626 bytes read
  Partitioned compression: HG004_GRCh38_first250000: rdf-scan heartbeat — 4,850,620 triples · 738,198,525 bytes read
  Partitioned compression: HG004_GRCh38_first250000: rdf-scan heartbeat — 5,253,177 triples · 805,307,508 bytes read
  Partitioned compression: HG004_GRCh38_first250000: rdf-scan heartbeat — 5,655,773 triples · 872,416,393 bytes read
  Partitioned compression: HG004_GRCh38_first250000: rdf-scan heartbeat — 6,058,343 triples · 939,525,279 bytes read
  Partitioned compression: HG004_GRCh38_first250000: rdf-scan heartbeat — 6,460,938 triples · 1,006,634,174 bytes read
  Partitioned compression: HG004_GRCh38_first250000: rdf-scan chunk — 6,863,509 triples · 2 chunks · 1,073,741,939 bytes read
  Partitioned compression: HG004_GRCh38_first250000: hdt-chunks started — 1 chunks · hdt-build-00001
  Partitioned compression: HG004_GRCh38_first250000: hdt-chunks complete — 2 chunks · hdt-build-00001
  Partitioned compression: HG004_GRCh38_first250000: cottas-chunks started — 1 chunks · cottas-build-00001
  Partitioned compression: HG004_GRCh38_first250000: cottas-chunks complete — 2 chunks · cottas-build-00001
  Partitioned compression: HG004_GRCh38_first250000: rdf-scan heartbeat — 6,863,516 triples · 1,073,743,113 bytes read
  Partitioned compression: HG004_GRCh38_first250000: rdf-scan heartbeat — 7,266,099 triples · 1,140,852,077 bytes read
  Partitioned compression: HG004_GRCh38_first250000: rdf-scan heartbeat — 7,668,665 triples · 1,207,960,952 bytes read
  Partitioned compression: HG004_GRCh38_first250000: rdf-scan heartbeat — 8,071,239 triples · 1,275,069,827 bytes read
  Partitioned compression: HG004_GRCh38_first250000: rdf-scan heartbeat — 8,473,810 triples · 1,342,178,731 bytes read
  Partitioned compression: HG004_GRCh38_first250000: rdf-scan heartbeat — 8,876,353 triples · 1,409,287,751 bytes read
  Partitioned compression: HG004_GRCh38_first250000: rdf-scan heartbeat — 9,276,494 triples · 1,476,396,623 bytes read
  Partitioned compression: HG004_GRCh38_first250000: rdf-scan heartbeat — 9,675,933 triples · 1,543,505,525 bytes read
  Partitioned compression: HG004_GRCh38_first250000: rdf-scan chunk — 10,075,386 triples · 3 chunks · 1,610,612,911 bytes read
  Partitioned compression: HG004_GRCh38_first250000: hdt-chunks started — 2 chunks · hdt-build-00002
  Partitioned compression: HG004_GRCh38_first250000: hdt-chunks complete — 3 chunks · hdt-build-00002
  Partitioned compression: HG004_GRCh38_first250000: cottas-chunks started — 2 chunks · cottas-build-00002
  Partitioned compression: HG004_GRCh38_first250000: cottas-chunks complete — 3 chunks · cottas-build-00002
  Partitioned compression: HG004_GRCh38_first250000: rdf-scan heartbeat — 10,075,395 triples · 1,610,614,399 bytes read
  Partitioned compression: HG004_GRCh38_first250000: rdf-scan heartbeat — 10,474,841 triples · 1,677,723,414 bytes read
  Partitioned compression: HG004_GRCh38_first250000: rdf-scan heartbeat — 10,874,309 triples · 1,744,832,333 bytes read
  Partitioned compression: HG004_GRCh38_first250000: rdf-scan heartbeat — 11,273,799 triples · 1,811,941,285 bytes read
  Partitioned compression: HG004_GRCh38_first250000: rdf-scan heartbeat — 11,673,268 triples · 1,879,050,240 bytes read
  Partitioned compression: HG004_GRCh38_first250000: rdf-scan heartbeat — 12,072,710 triples · 1,946,159,204 bytes read
  Partitioned compression: HG004_GRCh38_first250000: rdf-scan heartbeat — 12,472,160 triples · 2,013,268,183 bytes read
  Partitioned compression: HG004_GRCh38_first250000: rdf-scan heartbeat — 12,871,626 triples · 2,080,377,093 bytes read
  Partitioned compression: HG004_GRCh38_first250000: rdf-scan chunk — 13,271,074 triples · 4 chunks · 2,147,483,944 bytes read
  Partitioned compression: HG004_GRCh38_first250000: hdt-chunks started — 3 chunks · hdt-build-00003
  Partitioned compression: HG004_GRCh38_first250000: hdt-chunks complete — 4 chunks · hdt-build-00003
  Partitioned compression: HG004_GRCh38_first250000: cottas-chunks started — 3 chunks · cottas-build-00003
  Partitioned compression: HG004_GRCh38_first250000: cottas-chunks complete — 4 chunks · cottas-build-00003
  Partitioned compression: HG004_GRCh38_first250000: rdf-scan heartbeat — 13,271,086 triples · 2,147,485,971 bytes read
  Partitioned compression: HG004_GRCh38_first250000: rdf-scan heartbeat — 13,670,598 triples · 2,214,594,861 bytes read
  Partitioned compression: HG004_GRCh38_first250000: rdf-scan heartbeat — 14,070,179 triples · 2,281,703,878 bytes read
  Partitioned compression: HG004_GRCh38_first250000: rdf-scan heartbeat — 14,469,645 triples · 2,348,812,815 bytes read
  Partitioned compression: HG004_GRCh38_first250000: rdf-scan heartbeat — 14,869,121 triples · 2,415,921,737 bytes read
  Partitioned compression: HG004_GRCh38_first250000: rdf-scan heartbeat — 15,268,603 triples · 2,483,030,660 bytes read
  Partitioned compression: HG004_GRCh38_first250000: rdf-scan heartbeat — 15,668,069 triples · 2,550,139,584 bytes read
  Partitioned compression: HG004_GRCh38_first250000: rdf-scan heartbeat — 16,067,511 triples · 2,617,248,459 bytes read
  Partitioned compression: HG004_GRCh38_first250000: rdf-scan chunk — 16,466,965 triples · 5 chunks · 2,684,354,867 bytes read
  Partitioned compression: HG004_GRCh38_first250000: hdt-chunks started — 4 chunks · hdt-build-00004
  Partitioned compression: HG004_GRCh38_first250000: hdt-chunks complete — 5 chunks · hdt-build-00004
  Partitioned compression: HG004_GRCh38_first250000: cottas-chunks started — 4 chunks · cottas-build-00004
  Partitioned compression: HG004_GRCh38_first250000: cottas-chunks complete — 5 chunks · cottas-build-00004
  Partitioned compression: HG004_GRCh38_first250000: rdf-scan heartbeat — 16,466,980 triples · 2,684,357,435 bytes read
  Partitioned compression: HG004_GRCh38_first250000: rdf-scan heartbeat — 16,866,448 triples · 2,751,466,360 bytes read
  Partitioned compression: HG004_GRCh38_first250000: rdf-scan heartbeat — 17,265,901 triples · 2,818,575,364 bytes read
  Partitioned compression: HG004_GRCh38_first250000: rdf-scan heartbeat — 17,665,381 triples · 2,885,684,304 bytes read
  Partitioned compression: HG004_GRCh38_first250000: rdf-scan heartbeat — 18,064,808 triples · 2,952,793,333 bytes read
  Partitioned compression: HG004_GRCh38_first250000: rdf-scan heartbeat — 18,464,285 triples · 3,019,902,249 bytes read
  Partitioned compression: HG004_GRCh38_first250000: rdf-scan heartbeat — 18,863,731 triples · 3,087,011,241 bytes read
  Partitioned compression: HG004_GRCh38_first250000: rdf-scan heartbeat — 19,263,530 triples · 3,154,120,231 bytes read
  Partitioned compression: HG004_GRCh38_first250000: rdf-scan chunk — 19,660,557 triples · 6 chunks · 3,221,225,832 bytes read
  Partitioned compression: HG004_GRCh38_first250000: hdt-chunks started — 5 chunks · hdt-build-00005
  Partitioned compression: HG004_GRCh38_first250000: hdt-chunks complete — 6 chunks · hdt-build-00005
  Partitioned compression: HG004_GRCh38_first250000: cottas-chunks started — 5 chunks · cottas-build-00005
  Partitioned compression: HG004_GRCh38_first250000: cottas-chunks complete — 6 chunks · cottas-build-00005
  Partitioned compression: HG004_GRCh38_first250000: rdf-scan heartbeat — 19,660,578 triples · 3,221,229,230 bytes read
  Partitioned compression: HG004_GRCh38_first250000: rdf-scan heartbeat — 20,056,723 triples · 3,288,338,126 bytes read
  Partitioned compression: HG004_GRCh38_first250000: rdf-scan heartbeat — 20,451,396 triples · 3,355,447,041 bytes read
  Partitioned compression: HG004_GRCh38_first250000: rdf-scan heartbeat — 20,846,186 triples · 3,422,555,959 bytes read
  Partitioned compression: HG004_GRCh38_first250000: rdf-scan heartbeat — 21,241,205 triples · 3,489,664,934 bytes read
  Partitioned compression: HG004_GRCh38_first250000: rdf-scan heartbeat — 21,635,453 triples · 3,556,773,924 bytes read
  Partitioned compression: HG004_GRCh38_first250000: rdf-scan heartbeat — 22,030,286 triples · 3,623,883,017 bytes read
  Partitioned compression: HG004_GRCh38_first250000: rdf-scan heartbeat — 22,424,991 triples · 3,690,991,887 bytes read
  Partitioned compression: HG004_GRCh38_first250000: rdf-scan chunk — 22,819,400 triples · 7 chunks · 3,758,096,862 bytes read
  Partitioned compression: HG004_GRCh38_first250000: hdt-chunks started — 6 chunks · hdt-build-00006
  Partitioned compression: HG004_GRCh38_first250000: hdt-chunks complete — 7 chunks · hdt-build-00006
  Partitioned compression: HG004_GRCh38_first250000: cottas-chunks started — 6 chunks · cottas-build-00006
  Partitioned compression: HG004_GRCh38_first250000: cottas-chunks complete — 7 chunks · cottas-build-00006
  Partitioned compression: HG004_GRCh38_first250000: rdf-scan heartbeat — 22,819,421 triples · 3,758,100,784 bytes read
  Partitioned compression: HG004_GRCh38_first250000: rdf-scan heartbeat — 23,214,077 triples · 3,825,209,688 bytes read
  Partitioned compression: HG004_GRCh38_first250000: rdf-scan heartbeat — 23,608,546 triples · 3,892,318,582 bytes read
  Partitioned compression: HG004_GRCh38_first250000: rdf-scan heartbeat — 24,003,110 triples · 3,959,427,458 bytes read
  Partitioned compression: HG004_GRCh38_first250000: rdf-scan heartbeat — 24,397,794 triples · 4,026,536,470 bytes read
  Partitioned compression: HG004_GRCh38_first250000: rdf-scan heartbeat — 24,792,653 triples · 4,093,645,409 bytes read
  Partitioned compression: HG004_GRCh38_first250000: rdf-scan heartbeat — 25,187,250 triples · 4,160,754,412 bytes read
  Partitioned compression: HG004_GRCh38_first250000: rdf-scan heartbeat — 25,581,210 triples · 4,227,863,389 bytes read
  Partitioned compression: HG004_GRCh38_first250000: rdf-scan chunk — 25,975,595 triples · 8 chunks · 4,294,967,923 bytes read
  Partitioned compression: HG004_GRCh38_first250000: hdt-chunks started — 7 chunks · hdt-build-00007
  Partitioned compression: HG004_GRCh38_first250000: hdt-chunks complete — 8 chunks · hdt-build-00007
  Partitioned compression: HG004_GRCh38_first250000: cottas-chunks started — 7 chunks · cottas-build-00007
  Partitioned compression: HG004_GRCh38_first250000: cottas-chunks complete — 8 chunks · cottas-build-00007
  Partitioned compression: HG004_GRCh38_first250000: rdf-scan heartbeat — 25,975,620 triples · 4,294,972,331 bytes read
  Partitioned compression: HG004_GRCh38_first250000: rdf-scan heartbeat — 26,370,024 triples · 4,362,081,327 bytes read
  Partitioned compression: HG004_GRCh38_first250000: rdf-scan heartbeat — 26,764,499 triples · 4,429,190,652 bytes read
  Partitioned compression: HG004_GRCh38_first250000: rdf-scan heartbeat — 27,158,886 triples · 4,496,299,613 bytes read
  Partitioned compression: HG004_GRCh38_first250000: rdf-scan heartbeat — 27,553,208 triples · 4,563,408,516 bytes read
  Partitioned compression: HG004_GRCh38_first250000: rdf-scan heartbeat — 27,946,092 triples · 4,630,517,470 bytes read
  Partitioned compression: HG004_GRCh38_first250000: rdf-scan heartbeat — 28,337,513 triples · 4,697,626,471 bytes read
  Partitioned compression: HG004_GRCh38_first250000: rdf-scan heartbeat — 28,729,165 triples · 4,764,735,365 bytes read
  Partitioned compression: HG004_GRCh38_first250000: rdf-scan chunk — 29,120,947 triples · 9 chunks · 4,831,838,956 bytes read
  Partitioned compression: HG004_GRCh38_first250000: hdt-chunks started — 8 chunks · hdt-build-00008
  Partitioned compression: HG004_GRCh38_first250000: hdt-chunks complete — 9 chunks · hdt-build-00008
  Partitioned compression: HG004_GRCh38_first250000: cottas-chunks started — 8 chunks · cottas-build-00008
  Partitioned compression: HG004_GRCh38_first250000: cottas-chunks complete — 9 chunks · cottas-build-00008
  Partitioned compression: HG004_GRCh38_first250000: rdf-scan heartbeat — 29,120,978 triples · 4,831,844,309 bytes read
  Partitioned compression: HG004_GRCh38_first250000: rdf-scan heartbeat — 29,512,555 triples · 4,898,953,311 bytes read
  Partitioned compression: HG004_GRCh38_first250000: rdf-scan heartbeat — 29,904,381 triples · 4,966,062,229 bytes read
  Partitioned compression: HG004_GRCh38_first250000: rdf-scan heartbeat — 30,296,368 triples · 5,033,171,195 bytes read
  Partitioned compression: HG004_GRCh38_first250000: rdf-scan heartbeat — 30,687,966 triples · 5,100,280,115 bytes read
  Partitioned compression: HG004_GRCh38_first250000: rdf-scan heartbeat — 31,079,543 triples · 5,167,389,057 bytes read
  Partitioned compression: HG004_GRCh38_first250000: rdf-scan heartbeat — 31,470,903 triples · 5,234,497,967 bytes read
  Partitioned compression: HG004_GRCh38_first250000: rdf-scan heartbeat — 31,862,712 triples · 5,301,606,914 bytes read
  Partitioned compression: HG004_GRCh38_first250000: rdf-scan chunk — 32,254,171 triples · 10 chunks · 5,368,709,914 bytes read
  Partitioned compression: HG004_GRCh38_first250000: hdt-chunks started — 9 chunks · hdt-build-00009
  Partitioned compression: HG004_GRCh38_first250000: hdt-chunks complete — 10 chunks · hdt-build-00009
  Partitioned compression: HG004_GRCh38_first250000: cottas-chunks started — 9 chunks · cottas-build-00009
  Partitioned compression: HG004_GRCh38_first250000: cottas-chunks complete — 10 chunks · cottas-build-00009
  Partitioned compression: HG004_GRCh38_first250000: rdf-scan heartbeat — 32,254,208 triples · 5,368,715,886 bytes read
  Partitioned compression: HG004_GRCh38_first250000: rdf-scan heartbeat — 32,645,746 triples · 5,435,824,888 bytes read
  Partitioned compression: HG004_GRCh38_first250000: rdf-scan heartbeat — 33,037,289 triples · 5,502,933,800 bytes read
  Partitioned compression: HG004_GRCh38_first250000: rdf-scan heartbeat — 33,429,024 triples · 5,570,042,752 bytes read
  Partitioned compression: HG004_GRCh38_first250000: rdf-scan heartbeat — 33,821,597 triples · 5,637,151,616 bytes read
  Partitioned compression: HG004_GRCh38_first250000: rdf-scan heartbeat — 34,216,821 triples · 5,704,260,538 bytes read
  Partitioned compression: HG004_GRCh38_first250000: rdf-scan heartbeat — 34,609,102 triples · 5,771,369,544 bytes read
  Partitioned compression: HG004_GRCh38_first250000: rdf-scan heartbeat — 35,001,219 triples · 5,838,478,527 bytes read
  Partitioned compression: HG004_GRCh38_first250000: rdf-scan chunk — 35,393,010 triples · 11 chunks · 5,905,580,933 bytes read
  Partitioned compression: HG004_GRCh38_first250000: hdt-chunks started — 10 chunks · hdt-build-00010
  Partitioned compression: HG004_GRCh38_first250000: hdt-chunks complete — 11 chunks · hdt-build-00010
  Partitioned compression: HG004_GRCh38_first250000: cottas-chunks started — 10 chunks · cottas-build-00010
  Partitioned compression: HG004_GRCh38_first250000: cottas-chunks complete — 11 chunks · cottas-build-00010
  Partitioned compression: HG004_GRCh38_first250000: rdf-scan heartbeat — 35,393,048 triples · 5,905,587,562 bytes read
  Partitioned compression: HG004_GRCh38_first250000: rdf-scan heartbeat — 35,785,166 triples · 5,972,696,506 bytes read
  Partitioned compression: HG004_GRCh38_first250000: rdf-scan heartbeat — 36,176,661 triples · 6,039,805,650 bytes read
  Partitioned compression: HG004_GRCh38_first250000: rdf-scan heartbeat — 36,568,470 triples · 6,106,914,537 bytes read
  Partitioned compression: HG004_GRCh38_first250000: rdf-scan heartbeat — 36,959,857 triples · 6,174,023,453 bytes read
  Partitioned compression: HG004_GRCh38_first250000: rdf-scan heartbeat — 37,351,729 triples · 6,241,132,323 bytes read
  Partitioned compression: HG004_GRCh38_first250000: rdf-scan heartbeat — 37,743,278 triples · 6,308,241,235 bytes read
  Partitioned compression: HG004_GRCh38_first250000: rdf-scan heartbeat — 38,134,954 triples · 6,375,350,179 bytes read
  Partitioned compression: HG004_GRCh38_first250000: rdf-scan chunk — 38,526,373 triples · 12 chunks · 6,442,451,994 bytes read
  Partitioned compression: HG004_GRCh38_first250000: hdt-chunks started — 11 chunks · hdt-build-00011
  Partitioned compression: HG004_GRCh38_first250000: hdt-chunks complete — 12 chunks · hdt-build-00011
  Partitioned compression: HG004_GRCh38_first250000: cottas-chunks started — 11 chunks · cottas-build-00011
  Partitioned compression: HG004_GRCh38_first250000: cottas-chunks complete — 12 chunks · cottas-build-00011
  Partitioned compression: HG004_GRCh38_first250000: rdf-scan heartbeat — 38,526,414 triples · 6,442,459,165 bytes read
  Partitioned compression: HG004_GRCh38_first250000: rdf-scan heartbeat — 38,917,894 triples · 6,509,568,245 bytes read
  Partitioned compression: HG004_GRCh38_first250000: rdf-scan heartbeat — 39,309,438 triples · 6,576,677,142 bytes read
  Partitioned compression: HG004_GRCh38_first250000: rdf-scan heartbeat — 39,700,899 triples · 6,643,786,158 bytes read
  Partitioned compression: HG004_GRCh38_first250000: rdf-scan heartbeat — 40,092,682 triples · 6,710,895,047 bytes read
  Partitioned compression: HG004_GRCh38_first250000: rdf-scan heartbeat — 40,484,323 triples · 6,778,004,018 bytes read
  Partitioned compression: HG004_GRCh38_first250000: rdf-scan chunk — 40,832,866 triples · 13 chunks · 6,837,696,987 bytes read
  Partitioned compression: HG004_GRCh38_first250000: hdt-chunks started — 12 chunks · hdt-build-00012
  Partitioned compression: HG004_GRCh38_first250000: hdt-chunks complete — 13 chunks · hdt-build-00012
  Partitioned compression: HG004_GRCh38_first250000: cottas-chunks started — 12 chunks · cottas-build-00012
  Partitioned compression: HG004_GRCh38_first250000: cottas-chunks complete — 13 chunks · cottas-build-00012
  Partitioned compression: HG004_GRCh38_first250000: rdf-scan complete — 40,832,866 triples · 13 chunks
  Partitioned compression: HG004_GRCh38_first250000: hdt-chunks complete — 13 chunks
  Partitioned compression: HG004_GRCh38_first250000: cottas-chunks complete — 13 chunks
  Partitioned compression: HG004_GRCh38_first250000: hdt-merge started — hdt-merge-r01-00000
  Partitioned compression: HG004_GRCh38_first250000: hdt-merge complete — hdt-merge-r01-00000
  Partitioned compression: HG004_GRCh38_first250000: hdt-merge started — hdt-merge-r01-00001
  Partitioned compression: HG004_GRCh38_first250000: hdt-merge complete — hdt-merge-r01-00001
  Partitioned compression: HG004_GRCh38_first250000: hdt-merge started — hdt-merge-r01-00002
  Partitioned compression: HG004_GRCh38_first250000: hdt-merge complete — hdt-merge-r01-00002
  Partitioned compression: HG004_GRCh38_first250000: hdt-merge started — hdt-merge-r01-00003
  Partitioned compression: HG004_GRCh38_first250000: hdt-merge complete — hdt-merge-r01-00003
  Partitioned compression: HG004_GRCh38_first250000: hdt-merge started — hdt-merge-r01-00004
  Partitioned compression: HG004_GRCh38_first250000: hdt-merge complete — hdt-merge-r01-00004
  Partitioned compression: HG004_GRCh38_first250000: hdt-merge started — hdt-merge-r01-00005
  Partitioned compression: HG004_GRCh38_first250000: hdt-merge complete — hdt-merge-r01-00005
  Partitioned compression: HG004_GRCh38_first250000: hdt-merge started — hdt-merge-r02-00000
  Partitioned compression: HG004_GRCh38_first250000: hdt-merge complete — hdt-merge-r02-00000
  Partitioned compression: HG004_GRCh38_first250000: hdt-merge started — hdt-merge-r02-00001
  Partitioned compression: HG004_GRCh38_first250000: hdt-merge complete — hdt-merge-r02-00001
  Partitioned compression: HG004_GRCh38_first250000: hdt-merge started — hdt-merge-r02-00002
  Partitioned compression: HG004_GRCh38_first250000: hdt-merge complete — hdt-merge-r02-00002
  Partitioned compression: HG004_GRCh38_first250000: hdt-merge started — hdt-merge-r03-00000
  Partitioned compression: HG004_GRCh38_first250000: hdt-merge complete — hdt-merge-r03-00000
  Partitioned compression: HG004_GRCh38_first250000: hdt-merge started — hdt-merge-r03-00001
  Partitioned compression: HG004_GRCh38_first250000: hdt-merge complete — hdt-merge-r03-00001
  Partitioned compression: HG004_GRCh38_first250000: hdt-merge started — hdt-merge-r04-00000
  Partitioned compression: HG004_GRCh38_first250000: hdt-merge complete — hdt-merge-r04-00000
  Partitioned compression: HG004_GRCh38_first250000: hdt started — hdt-index
  Partitioned compression: HG004_GRCh38_first250000: hdt complete — hdt-index
  Partitioned compression: HG004_GRCh38_first250000: hdt started — hdt-validate
  Partitioned compression: HG004_GRCh38_first250000: hdt complete — hdt-validate
  Partitioned compression: HG004_GRCh38_first250000: cottas-merge started — cottas-merge-stream
  Partitioned compression: HG004_GRCh38_first250000: cottas-merge started — 0 triples · 13 sorted COTTAS chunks
  Partitioned compression: HG004_GRCh38_first250000: cottas-merge merging — 250,000 triples · 250,000 distinct triples written
  Partitioned compression: HG004_GRCh38_first250000: cottas-merge merging — 500,000 triples · 500,000 distinct triples written
  Partitioned compression: HG004_GRCh38_first250000: cottas-merge merging — 750,000 triples · 750,000 distinct triples written
  Partitioned compression: HG004_GRCh38_first250000: cottas-merge merging — 1,000,000 triples · 1,000,000 distinct triples written
  Partitioned compression: HG004_GRCh38_first250000: cottas-merge merging — 1,250,000 triples · 1,250,000 distinct triples written
  Partitioned compression: HG004_GRCh38_first250000: cottas-merge merging — 1,500,000 triples · 1,500,000 distinct triples written
  Partitioned compression: HG004_GRCh38_first250000: cottas-merge merging — 1,750,000 triples · 1,750,000 distinct triples written
  Partitioned compression: HG004_GRCh38_first250000: cottas-merge merging — 2,000,000 triples · 2,000,000 distinct triples written
  Partitioned compression: HG004_GRCh38_first250000: cottas-merge merging — 2,250,000 triples · 2,250,000 distinct triples written
  Partitioned compression: HG004_GRCh38_first250000: cottas-merge merging — 2,500,000 triples · 2,500,000 distinct triples written
  Partitioned compression: HG004_GRCh38_first250000: cottas-merge merging — 2,750,000 triples · 2,750,000 distinct triples written
  Partitioned compression: HG004_GRCh38_first250000: cottas-merge merging — 3,000,000 triples · 3,000,000 distinct triples written
  Partitioned compression: HG004_GRCh38_first250000: cottas-merge merging — 3,250,000 triples · 3,250,000 distinct triples written
  Partitioned compression: HG004_GRCh38_first250000: cottas-merge merging — 3,500,000 triples · 3,500,000 distinct triples written
  Partitioned compression: HG004_GRCh38_first250000: cottas-merge merging — 3,750,000 triples · 3,750,000 distinct triples written
  Partitioned compression: HG004_GRCh38_first250000: cottas-merge merging — 4,000,000 triples · 4,000,000 distinct triples written
  Partitioned compression: HG004_GRCh38_first250000: cottas-merge merging — 4,250,000 triples · 4,250,000 distinct triples written
  Partitioned compression: HG004_GRCh38_first250000: cottas-merge merging — 4,500,000 triples · 4,500,000 distinct triples written
  Partitioned compression: HG004_GRCh38_first250000: cottas-merge merging — 4,750,000 triples · 4,750,000 distinct triples written
  Partitioned compression: HG004_GRCh38_first250000: cottas-merge merging — 5,000,000 triples · 5,000,000 distinct triples written
  Partitioned compression: HG004_GRCh38_first250000: cottas-merge merging — 5,250,000 triples · 5,250,000 distinct triples written
  Partitioned compression: HG004_GRCh38_first250000: cottas-merge merging — 5,500,000 triples · 5,500,000 distinct triples written
  Partitioned compression: HG004_GRCh38_first250000: cottas-merge merging — 5,750,000 triples · 5,750,000 distinct triples written
  Partitioned compression: HG004_GRCh38_first250000: cottas-merge merging — 6,000,000 triples · 6,000,000 distinct triples written
  Partitioned compression: HG004_GRCh38_first250000: cottas-merge merging — 6,250,000 triples · 6,250,000 distinct triples written
  Partitioned compression: HG004_GRCh38_first250000: cottas-merge merging — 6,500,000 triples · 6,500,000 distinct triples written
  Partitioned compression: HG004_GRCh38_first250000: cottas-merge merging — 6,750,000 triples · 6,750,000 distinct triples written
  Partitioned compression: HG004_GRCh38_first250000: cottas-merge merging — 7,000,000 triples · 7,000,000 distinct triples written
  Partitioned compression: HG004_GRCh38_first250000: cottas-merge merging — 7,250,000 triples · 7,250,000 distinct triples written
  Partitioned compression: HG004_GRCh38_first250000: cottas-merge merging — 7,500,000 triples · 7,500,000 distinct triples written
  Partitioned compression: HG004_GRCh38_first250000: cottas-merge merging — 7,750,000 triples · 7,750,000 distinct triples written
  Partitioned compression: HG004_GRCh38_first250000: cottas-merge merging — 8,000,000 triples · 8,000,000 distinct triples written
  Partitioned compression: HG004_GRCh38_first250000: cottas-merge merging — 8,250,000 triples · 8,250,000 distinct triples written
  Partitioned compression: HG004_GRCh38_first250000: cottas-merge merging — 8,500,000 triples · 8,500,000 distinct triples written
  Partitioned compression: HG004_GRCh38_first250000: cottas-merge merging — 8,750,000 triples · 8,750,000 distinct triples written
  Partitioned compression: HG004_GRCh38_first250000: cottas-merge merging — 9,000,000 triples · 9,000,000 distinct triples written
  Partitioned compression: HG004_GRCh38_first250000: cottas-merge merging — 9,250,000 triples · 9,250,000 distinct triples written
  Partitioned compression: HG004_GRCh38_first250000: cottas-merge merging — 9,500,000 triples · 9,500,000 distinct triples written
  Partitioned compression: HG004_GRCh38_first250000: cottas-merge merging — 9,750,000 triples · 9,750,000 distinct triples written
  Partitioned compression: HG004_GRCh38_first250000: cottas-merge merging — 10,000,000 triples · 10,000,000 distinct triples written
  Partitioned compression: HG004_GRCh38_first250000: cottas-merge merging — 10,250,000 triples · 10,250,000 distinct triples written
  Partitioned compression: HG004_GRCh38_first250000: cottas-merge merging — 10,500,000 triples · 10,500,000 distinct triples written
  Partitioned compression: HG004_GRCh38_first250000: cottas-merge merging — 10,750,000 triples · 10,750,000 distinct triples written
  Partitioned compression: HG004_GRCh38_first250000: cottas-merge merging — 11,000,000 triples · 11,000,000 distinct triples written
  Partitioned compression: HG004_GRCh38_first250000: cottas-merge merging — 11,250,000 triples · 11,250,000 distinct triples written
  Partitioned compression: HG004_GRCh38_first250000: cottas-merge merging — 11,500,000 triples · 11,500,000 distinct triples written
  Partitioned compression: HG004_GRCh38_first250000: cottas-merge merging — 11,750,000 triples · 11,750,000 distinct triples written
  Partitioned compression: HG004_GRCh38_first250000: cottas-merge merging — 12,000,000 triples · 12,000,000 distinct triples written
  Partitioned compression: HG004_GRCh38_first250000: cottas-merge merging — 12,250,000 triples · 12,250,000 distinct triples written
  Partitioned compression: HG004_GRCh38_first250000: cottas-merge merging — 12,500,000 triples · 12,500,000 distinct triples written
  Partitioned compression: HG004_GRCh38_first250000: cottas-merge merging — 12,750,000 triples · 12,750,000 distinct triples written
  Partitioned compression: HG004_GRCh38_first250000: cottas-merge merging — 13,000,000 triples · 13,000,000 distinct triples written
  Partitioned compression: HG004_GRCh38_first250000: cottas-merge merging — 13,250,000 triples · 13,250,000 distinct triples written
  Partitioned compression: HG004_GRCh38_first250000: cottas-merge merging — 13,500,000 triples · 13,500,000 distinct triples written
  Partitioned compression: HG004_GRCh38_first250000: cottas-merge merging — 13,750,000 triples · 13,750,000 distinct triples written
  Partitioned compression: HG004_GRCh38_first250000: cottas-merge merging — 14,000,000 triples · 14,000,000 distinct triples written
  Partitioned compression: HG004_GRCh38_first250000: cottas-merge merging — 14,250,000 triples · 14,250,000 distinct triples written
  Partitioned compression: HG004_GRCh38_first250000: cottas-merge merging — 14,500,000 triples · 14,500,000 distinct triples written
  Partitioned compression: HG004_GRCh38_first250000: cottas-merge merging — 14,750,000 triples · 14,750,000 distinct triples written
  Partitioned compression: HG004_GRCh38_first250000: cottas-merge merging — 15,000,000 triples · 15,000,000 distinct triples written
  Partitioned compression: HG004_GRCh38_first250000: cottas-merge merging — 15,250,000 triples · 15,250,000 distinct triples written
  Partitioned compression: HG004_GRCh38_first250000: cottas-merge merging — 15,500,000 triples · 15,500,000 distinct triples written
  Partitioned compression: HG004_GRCh38_first250000: cottas-merge merging — 15,750,000 triples · 15,750,000 distinct triples written
  Partitioned compression: HG004_GRCh38_first250000: cottas-merge merging — 16,000,000 triples · 16,000,000 distinct triples written
  Partitioned compression: HG004_GRCh38_first250000: cottas-merge merging — 16,250,000 triples · 16,250,000 distinct triples written
  Partitioned compression: HG004_GRCh38_first250000: cottas-merge merging — 16,500,000 triples · 16,500,000 distinct triples written
  Partitioned compression: HG004_GRCh38_first250000: cottas-merge merging — 16,750,000 triples · 16,750,000 distinct triples written
  Partitioned compression: HG004_GRCh38_first250000: cottas-merge merging — 17,000,000 triples · 17,000,000 distinct triples written
  Partitioned compression: HG004_GRCh38_first250000: cottas-merge merging — 17,250,000 triples · 17,250,000 distinct triples written
  Partitioned compression: HG004_GRCh38_first250000: cottas-merge merging — 17,500,000 triples · 17,500,000 distinct triples written
  Partitioned compression: HG004_GRCh38_first250000: cottas-merge merging — 17,750,000 triples · 17,750,000 distinct triples written
  Partitioned compression: HG004_GRCh38_first250000: cottas-merge merging — 18,000,000 triples · 18,000,000 distinct triples written
  Partitioned compression: HG004_GRCh38_first250000: cottas-merge merging — 18,250,000 triples · 18,250,000 distinct triples written
  Partitioned compression: HG004_GRCh38_first250000: cottas-merge merging — 18,500,000 triples · 18,500,000 distinct triples written
  Partitioned compression: HG004_GRCh38_first250000: cottas-merge merging — 18,750,000 triples · 18,750,000 distinct triples written
  Partitioned compression: HG004_GRCh38_first250000: cottas-merge merging — 19,000,000 triples · 19,000,000 distinct triples written
  Partitioned compression: HG004_GRCh38_first250000: cottas-merge merging — 19,250,000 triples · 19,250,000 distinct triples written
  Partitioned compression: HG004_GRCh38_first250000: cottas-merge merging — 19,500,000 triples · 19,500,000 distinct triples written
  Partitioned compression: HG004_GRCh38_first250000: cottas-merge merging — 19,750,000 triples · 19,750,000 distinct triples written
  Partitioned compression: HG004_GRCh38_first250000: cottas-merge merging — 20,000,000 triples · 20,000,000 distinct triples written
  Partitioned compression: HG004_GRCh38_first250000: cottas-merge merging — 20,250,000 triples · 20,250,000 distinct triples written
  Partitioned compression: HG004_GRCh38_first250000: cottas-merge merging — 20,500,000 triples · 20,500,000 distinct triples written
  Partitioned compression: HG004_GRCh38_first250000: cottas-merge merging — 20,750,000 triples · 20,750,000 distinct triples written
  Partitioned compression: HG004_GRCh38_first250000: cottas-merge merging — 21,000,000 triples · 21,000,000 distinct triples written
  Partitioned compression: HG004_GRCh38_first250000: cottas-merge merging — 21,250,000 triples · 21,250,000 distinct triples written
  Partitioned compression: HG004_GRCh38_first250000: cottas-merge merging — 21,500,000 triples · 21,500,000 distinct triples written
  Partitioned compression: HG004_GRCh38_first250000: cottas-merge merging — 21,750,000 triples · 21,750,000 distinct triples written
  Partitioned compression: HG004_GRCh38_first250000: cottas-merge merging — 22,000,000 triples · 22,000,000 distinct triples written
  Partitioned compression: HG004_GRCh38_first250000: cottas-merge merging — 22,250,000 triples · 22,250,000 distinct triples written
  Partitioned compression: HG004_GRCh38_first250000: cottas-merge merging — 22,500,000 triples · 22,500,000 distinct triples written
  Partitioned compression: HG004_GRCh38_first250000: cottas-merge merging — 22,750,000 triples · 22,750,000 distinct triples written
  Partitioned compression: HG004_GRCh38_first250000: cottas-merge merging — 23,000,000 triples · 23,000,000 distinct triples written
  Partitioned compression: HG004_GRCh38_first250000: cottas-merge merging — 23,250,000 triples · 23,250,000 distinct triples written
  Partitioned compression: HG004_GRCh38_first250000: cottas-merge merging — 23,500,000 triples · 23,500,000 distinct triples written
  Partitioned compression: HG004_GRCh38_first250000: cottas-merge merging — 23,750,000 triples · 23,750,000 distinct triples written
  Partitioned compression: HG004_GRCh38_first250000: cottas-merge merging — 24,000,000 triples · 24,000,000 distinct triples written
  Partitioned compression: HG004_GRCh38_first250000: cottas-merge merging — 24,250,000 triples · 24,250,000 distinct triples written
  Partitioned compression: HG004_GRCh38_first250000: cottas-merge merging — 24,500,000 triples · 24,500,000 distinct triples written
  Partitioned compression: HG004_GRCh38_first250000: cottas-merge merging — 24,750,000 triples · 24,750,000 distinct triples written
  Partitioned compression: HG004_GRCh38_first250000: cottas-merge merging — 25,000,000 triples · 25,000,000 distinct triples written
  Partitioned compression: HG004_GRCh38_first250000: cottas-merge merging — 25,250,000 triples · 25,250,000 distinct triples written
  Partitioned compression: HG004_GRCh38_first250000: cottas-merge merging — 25,500,000 triples · 25,500,000 distinct triples written
  Partitioned compression: HG004_GRCh38_first250000: cottas-merge merging — 25,750,000 triples · 25,750,000 distinct triples written
  Partitioned compression: HG004_GRCh38_first250000: cottas-merge merging — 26,000,000 triples · 26,000,000 distinct triples written
  Partitioned compression: HG004_GRCh38_first250000: cottas-merge merging — 26,250,000 triples · 26,250,000 distinct triples written
  Partitioned compression: HG004_GRCh38_first250000: cottas-merge merging — 26,500,000 triples · 26,500,000 distinct triples written
  Partitioned compression: HG004_GRCh38_first250000: cottas-merge merging — 26,750,000 triples · 26,750,000 distinct triples written
  Partitioned compression: HG004_GRCh38_first250000: cottas-merge merging — 27,000,000 triples · 27,000,000 distinct triples written
  Partitioned compression: HG004_GRCh38_first250000: cottas-merge merging — 27,250,000 triples · 27,250,000 distinct triples written
  Partitioned compression: HG004_GRCh38_first250000: cottas-merge merging — 27,500,000 triples · 27,500,000 distinct triples written
  Partitioned compression: HG004_GRCh38_first250000: cottas-merge merging — 27,750,000 triples · 27,750,000 distinct triples written
  Partitioned compression: HG004_GRCh38_first250000: cottas-merge merging — 28,000,000 triples · 28,000,000 distinct triples written
  Partitioned compression: HG004_GRCh38_first250000: cottas-merge merging — 28,250,000 triples · 28,250,000 distinct triples written
  Partitioned compression: HG004_GRCh38_first250000: cottas-merge merging — 28,500,000 triples · 28,500,000 distinct triples written
  Partitioned compression: HG004_GRCh38_first250000: cottas-merge merging — 28,750,000 triples · 28,750,000 distinct triples written
  Partitioned compression: HG004_GRCh38_first250000: cottas-merge merging — 29,000,000 triples · 29,000,000 distinct triples written
  Partitioned compression: HG004_GRCh38_first250000: cottas-merge merging — 29,250,000 triples · 29,250,000 distinct triples written
  Partitioned compression: HG004_GRCh38_first250000: cottas-merge merging — 29,500,000 triples · 29,500,000 distinct triples written
  Partitioned compression: HG004_GRCh38_first250000: cottas-merge merging — 29,750,000 triples · 29,750,000 distinct triples written
  Partitioned compression: HG004_GRCh38_first250000: cottas-merge merging — 30,000,000 triples · 30,000,000 distinct triples written
  Partitioned compression: HG004_GRCh38_first250000: cottas-merge merging — 30,250,000 triples · 30,250,000 distinct triples written
  Partitioned compression: HG004_GRCh38_first250000: cottas-merge merging — 30,500,000 triples · 30,500,000 distinct triples written
  Partitioned compression: HG004_GRCh38_first250000: cottas-merge merging — 30,750,000 triples · 30,750,000 distinct triples written
  Partitioned compression: HG004_GRCh38_first250000: cottas-merge merging — 31,000,000 triples · 31,000,000 distinct triples written
  Partitioned compression: HG004_GRCh38_first250000: cottas-merge merging — 31,250,000 triples · 31,250,000 distinct triples written
  Partitioned compression: HG004_GRCh38_first250000: cottas-merge merging — 31,500,000 triples · 31,500,000 distinct triples written
  Partitioned compression: HG004_GRCh38_first250000: cottas-merge merging — 31,750,000 triples · 31,750,000 distinct triples written
  Partitioned compression: HG004_GRCh38_first250000: cottas-merge merging — 32,000,000 triples · 32,000,000 distinct triples written
  Partitioned compression: HG004_GRCh38_first250000: cottas-merge merging — 32,250,000 triples · 32,250,000 distinct triples written
  Partitioned compression: HG004_GRCh38_first250000: cottas-merge merging — 32,500,000 triples · 32,500,000 distinct triples written
  Partitioned compression: HG004_GRCh38_first250000: cottas-merge merging — 32,750,000 triples · 32,750,000 distinct triples written
  Partitioned compression: HG004_GRCh38_first250000: cottas-merge merging — 33,000,000 triples · 33,000,000 distinct triples written
  Partitioned compression: HG004_GRCh38_first250000: cottas-merge merging — 33,250,000 triples · 33,250,000 distinct triples written
  Partitioned compression: HG004_GRCh38_first250000: cottas-merge merging — 33,500,000 triples · 33,500,000 distinct triples written
  Partitioned compression: HG004_GRCh38_first250000: cottas-merge merging — 33,750,000 triples · 33,750,000 distinct triples written
  Partitioned compression: HG004_GRCh38_first250000: cottas-merge merging — 34,000,000 triples · 34,000,000 distinct triples written
  Partitioned compression: HG004_GRCh38_first250000: cottas-merge merging — 34,250,000 triples · 34,250,000 distinct triples written
  Partitioned compression: HG004_GRCh38_first250000: cottas-merge merging — 34,500,000 triples · 34,500,000 distinct triples written
  Partitioned compression: HG004_GRCh38_first250000: cottas-merge merging — 34,750,000 triples · 34,750,000 distinct triples written
  Partitioned compression: HG004_GRCh38_first250000: cottas-merge merging — 35,000,000 triples · 35,000,000 distinct triples written
  Partitioned compression: HG004_GRCh38_first250000: cottas-merge merging — 35,250,000 triples · 35,250,000 distinct triples written
  Partitioned compression: HG004_GRCh38_first250000: cottas-merge merging — 35,500,000 triples · 35,500,000 distinct triples written
  Partitioned compression: HG004_GRCh38_first250000: cottas-merge merging — 35,750,000 triples · 35,750,000 distinct triples written
  Partitioned compression: HG004_GRCh38_first250000: cottas-merge merging — 36,000,000 triples · 36,000,000 distinct triples written
  Partitioned compression: HG004_GRCh38_first250000: cottas-merge merging — 36,250,000 triples · 36,250,000 distinct triples written
  Partitioned compression: HG004_GRCh38_first250000: cottas-merge merging — 36,500,000 triples · 36,500,000 distinct triples written
  Partitioned compression: HG004_GRCh38_first250000: cottas-merge merging — 36,750,000 triples · 36,750,000 distinct triples written
  Partitioned compression: HG004_GRCh38_first250000: cottas-merge merging — 37,000,000 triples · 37,000,000 distinct triples written
  Partitioned compression: HG004_GRCh38_first250000: cottas-merge merging — 37,250,000 triples · 37,250,000 distinct triples written
  Partitioned compression: HG004_GRCh38_first250000: cottas-merge merging — 37,500,000 triples · 37,500,000 distinct triples written
  Partitioned compression: HG004_GRCh38_first250000: cottas-merge merging — 37,750,000 triples · 37,750,000 distinct triples written
  Partitioned compression: HG004_GRCh38_first250000: cottas-merge merging — 38,000,000 triples · 38,000,000 distinct triples written
  Partitioned compression: HG004_GRCh38_first250000: cottas-merge merging — 38,250,000 triples · 38,250,000 distinct triples written
  Partitioned compression: HG004_GRCh38_first250000: cottas-merge merging — 38,500,000 triples · 38,500,000 distinct triples written
  Partitioned compression: HG004_GRCh38_first250000: cottas-merge merging — 38,750,000 triples · 38,750,000 distinct triples written
  Partitioned compression: HG004_GRCh38_first250000: cottas-merge merging — 39,000,000 triples · 39,000,000 distinct triples written
  Partitioned compression: HG004_GRCh38_first250000: cottas-merge merging — 39,250,000 triples · 39,250,000 distinct triples written
  Partitioned compression: HG004_GRCh38_first250000: cottas-merge merging — 39,500,000 triples · 39,500,000 distinct triples written
  Partitioned compression: HG004_GRCh38_first250000: cottas-merge merging — 39,750,000 triples · 39,750,000 distinct triples written
  Partitioned compression: HG004_GRCh38_first250000: cottas-merge merging — 40,000,000 triples · 40,000,000 distinct triples written
  Partitioned compression: HG004_GRCh38_first250000: cottas-merge merging — 40,250,000 triples · 40,250,000 distinct triples written
  Partitioned compression: HG004_GRCh38_first250000: cottas-merge merging — 40,500,000 triples · 40,500,000 distinct triples written
  Partitioned compression: HG004_GRCh38_first250000: cottas-merge merging — 40,750,000 triples · 40,750,000 distinct triples written
  Partitioned compression: HG004_GRCh38_first250000: cottas-merge complete — 40,832,866 triples · 40,832,866 distinct triples written
  Partitioned compression: HG004_GRCh38_first250000: cottas-merge complete — cottas-merge-stream
  Partitioned compression: HG004_GRCh38_first250000: cottas started — cottas-validate
  Partitioned compression: HG004_GRCh38_first250000: cottas complete — cottas-validate
Partitioned compression: HG004_GRCh38_first250000: finished
