TSV conversion: HG00362.acmg: started
TSV conversion: HG00362.acmg: finished
RMLStreamer: HG00362.acmg: started
  RMLStreamer: HG00362.acmg: rmlstreamer started — 0 B · 0 parts
  RMLStreamer: HG00362.acmg: rmlstreamer heartbeat — 0 B · 0 parts
  RMLStreamer: HG00362.acmg: rmlstreamer heartbeat — 138.39 KB · 8 parts
  RMLStreamer: HG00362.acmg: rmlstreamer heartbeat — 8.75 MB · 8 parts
  RMLStreamer: HG00362.acmg: rmlstreamer heartbeat — 10.17 MB · 8 parts
  RMLStreamer: HG00362.acmg: rmlstreamer complete — 10.17 MB · 8 parts
  RMLStreamer: HG00362.acmg: rdf-aggregate started — 0 parts
  RMLStreamer: HG00362.acmg: rdf-aggregate part — 1 parts
  RMLStreamer: HG00362.acmg: rdf-aggregate part — 2 parts
  RMLStreamer: HG00362.acmg: rdf-aggregate part — 3 parts
  RMLStreamer: HG00362.acmg: rdf-aggregate part — 4 parts
  RMLStreamer: HG00362.acmg: rdf-aggregate part — 5 parts
  RMLStreamer: HG00362.acmg: rdf-aggregate part — 6 parts
  RMLStreamer: HG00362.acmg: rdf-aggregate part — 7 parts
  RMLStreamer: HG00362.acmg: rdf-aggregate part — 8 parts
  RMLStreamer: HG00362.acmg: rdf-aggregate complete — 8 parts
RMLStreamer: HG00362.acmg: finished
Gzip: HG00362.acmg: started
Gzip: HG00362.acmg: finished
