Step 1/5: Validating inputs ✅
  Metrics: /home/ubuntu/vrdev-test/acmg-run/results/17_use_case_acmg__cohort/convert__HG00629/out/run_metrics/HG00629.acmg__20260928T144425
  Detailed logs: /home/ubuntu/vrdev-test/acmg-run/results/17_use_case_acmg__cohort/convert__HG00629/out/run_metrics/HG00629.acmg__20260928T144425/logs/wrapper.log
  Progress log: /home/ubuntu/vrdev-test/acmg-run/results/17_use_case_acmg__cohort/convert__HG00629/out/run_metrics/HG00629.acmg__20260928T144425/logs/progress.log
Step 2/5: Ensuring Docker image is available ✅
Step 3/5: Processing per-input pipeline (TSV -> RDF -> compression)
  Sample representation: expanded
  INFO representation: structured
  Header representation: structured
  - Input 1/1: HG00629.acmg.vcf
    * TSV conversion ✅
    * VCF version: VCFv4.2 (detected)
    * RDF conversion ✅
    * Streaming expanded multi-sample RDF (no expanded helper TSVs)
    * Sample RDF streaming: 10,000 variants, 10,000 calls
    * Sample calls streamed: 11,011; FORMAT values: 11,011
    * Streaming structured header RDF
    * Header lines typed: 133; contigs: 24
    * Streaming QUAL and structured INFO RDF
    * INFO RDF streaming: 10,000 variants, 730,048 values
    * QUAL values streamed: 11,011; INFO values: 804,060; declarations: 91
    * Triples produced: 8,836,801
    * Compression ✅
    * Output directory: /home/ubuntu/vrdev-test/acmg-run/results/17_use_case_acmg__cohort/convert__HG00629/out/HG00629.acmg
      - RDF aggregate: HG00629.acmg.nt
      - N-Triples (.nt): 1.19 GB (removed after successful compression)
      - gzip (.nt.gz): 55.79 MB
Total triples produced (full run): 8,836,801
Conversion process finished.
Run time (full mode): 33.90s
Timing log: /home/ubuntu/vrdev-test/acmg-run/results/17_use_case_acmg__cohort/convert__HG00629/out/run_metrics/HG00629.acmg__20260928T144425/wrapper_execution_times.csv
Metrics summary: /home/ubuntu/vrdev-test/acmg-run/results/17_use_case_acmg__cohort/convert__HG00629/out/run_metrics/HG00629.acmg__20260928T144425/summary.json
