Step 1/5: Validating inputs ✅
  Metrics: /home/ubuntu/vrdev-test/acmg-run/results/17_use_case_acmg__cohort/convert__HG02546/out/run_metrics/HG02546.acmg__20260928T164307
  Detailed logs: /home/ubuntu/vrdev-test/acmg-run/results/17_use_case_acmg__cohort/convert__HG02546/out/run_metrics/HG02546.acmg__20260928T164307/logs/wrapper.log
  Progress log: /home/ubuntu/vrdev-test/acmg-run/results/17_use_case_acmg__cohort/convert__HG02546/out/run_metrics/HG02546.acmg__20260928T164307/logs/progress.log
Step 2/5: Ensuring Docker image is available ✅
Step 3/5: Processing per-input pipeline (TSV -> RDF -> compression)
  Sample representation: expanded
  INFO representation: structured
  Header representation: structured
  - Input 1/1: HG02546.acmg.vcf
    * TSV conversion ✅
    * VCF version: VCFv4.2 (detected)
    * RDF conversion ✅
    * Streaming expanded multi-sample RDF (no expanded helper TSVs)
    * Sample RDF streaming: 10,000 variants, 10,000 calls
    * Sample calls streamed: 12,555; FORMAT values: 12,555
    * Streaming structured header RDF
    * Header lines typed: 43; contigs: 24
    * Streaming QUAL and structured INFO RDF
    * INFO RDF streaming: 10,000 variants, 0 values
    * QUAL values streamed: 12,555; INFO values: 0; declarations: 0
    * Triples produced: 740,693
    * Compression ✅
    * Output directory: /home/ubuntu/vrdev-test/acmg-run/results/17_use_case_acmg__cohort/convert__HG02546/out/HG02546.acmg
      - RDF aggregate: HG02546.acmg.nt
      - N-Triples (.nt): 95.10 MB (removed after successful compression)
      - gzip (.nt.gz): 3.46 MB
Total triples produced (full run): 740,693
Conversion process finished.
Run time (full mode): 16.77s
Timing log: /home/ubuntu/vrdev-test/acmg-run/results/17_use_case_acmg__cohort/convert__HG02546/out/run_metrics/HG02546.acmg__20260928T164307/wrapper_execution_times.csv
Metrics summary: /home/ubuntu/vrdev-test/acmg-run/results/17_use_case_acmg__cohort/convert__HG02546/out/run_metrics/HG02546.acmg__20260928T164307/summary.json
