TSV conversion: HG005_GRCh38_r100000: started
TSV conversion: HG005_GRCh38_r100000: finished
RMLStreamer: HG005_GRCh38_r100000: started
  RMLStreamer: HG005_GRCh38_r100000: rmlstreamer started — 0 B · 0 parts
  RMLStreamer: HG005_GRCh38_r100000: rmlstreamer heartbeat — 0 B · 0 parts
  RMLStreamer: HG005_GRCh38_r100000: rmlstreamer heartbeat — 849.75 KB · 8 parts
  RMLStreamer: HG005_GRCh38_r100000: rmlstreamer heartbeat — 16.92 MB · 8 parts
  RMLStreamer: HG005_GRCh38_r100000: rmlstreamer heartbeat — 50.49 MB · 8 parts
  RMLStreamer: HG005_GRCh38_r100000: rmlstreamer heartbeat — 97.05 MB · 8 parts
  RMLStreamer: HG005_GRCh38_r100000: rmlstreamer heartbeat — 112.31 MB · 8 parts
  RMLStreamer: HG005_GRCh38_r100000: rmlstreamer complete — 112.31 MB · 8 parts
  RMLStreamer: HG005_GRCh38_r100000: rdf-aggregate started — 0 parts
  RMLStreamer: HG005_GRCh38_r100000: rdf-aggregate part — 1 parts
  RMLStreamer: HG005_GRCh38_r100000: rdf-aggregate part — 2 parts
  RMLStreamer: HG005_GRCh38_r100000: rdf-aggregate part — 3 parts
  RMLStreamer: HG005_GRCh38_r100000: rdf-aggregate part — 4 parts
  RMLStreamer: HG005_GRCh38_r100000: rdf-aggregate part — 5 parts
  RMLStreamer: HG005_GRCh38_r100000: rdf-aggregate part — 6 parts
  RMLStreamer: HG005_GRCh38_r100000: rdf-aggregate part — 7 parts
  RMLStreamer: HG005_GRCh38_r100000: rdf-aggregate part — 8 parts
  RMLStreamer: HG005_GRCh38_r100000: rdf-aggregate complete — 8 parts
RMLStreamer: HG005_GRCh38_r100000: finished
Partitioned compression: HG005_GRCh38_r100000: started
  Partitioned compression: HG005_GRCh38_r100000: rdf-scan started — 0 triples
  Partitioned compression: HG005_GRCh38_r100000: rdf-scan heartbeat — 513,989 triples · 67,108,877 bytes read
  Partitioned compression: HG005_GRCh38_r100000: rdf-scan heartbeat — 1,005,068 triples · 134,217,768 bytes read
  Partitioned compression: HG005_GRCh38_r100000: rdf-scan heartbeat — 1,426,081 triples · 201,326,645 bytes read
  Partitioned compression: HG005_GRCh38_r100000: rdf-scan heartbeat — 1,845,208 triples · 268,435,514 bytes read
  Partitioned compression: HG005_GRCh38_r100000: rdf-scan heartbeat — 2,262,810 triples · 335,544,507 bytes read
  Partitioned compression: HG005_GRCh38_r100000: rdf-scan heartbeat — 2,680,452 triples · 402,653,445 bytes read
  Partitioned compression: HG005_GRCh38_r100000: rdf-scan heartbeat — 3,098,050 triples · 469,762,350 bytes read
  Partitioned compression: HG005_GRCh38_r100000: rdf-scan chunk — 3,515,648 triples · 1 chunks · 536,871,063 bytes read
  Partitioned compression: HG005_GRCh38_r100000: hdt-chunks started — 0 chunks · hdt-build-00000
  Partitioned compression: HG005_GRCh38_r100000: hdt-chunks complete — 1 chunks · hdt-build-00000
  Partitioned compression: HG005_GRCh38_r100000: cottas-chunks started — 0 chunks · cottas-build-00000
  Partitioned compression: HG005_GRCh38_r100000: cottas-chunks complete — 1 chunks · cottas-build-00000
  Partitioned compression: HG005_GRCh38_r100000: rdf-scan heartbeat — 3,515,649 triples · 536,871,229 bytes read
  Partitioned compression: HG005_GRCh38_r100000: rdf-scan heartbeat — 3,933,249 triples · 603,980,112 bytes read
  Partitioned compression: HG005_GRCh38_r100000: rdf-scan heartbeat — 4,350,812 triples · 671,089,021 bytes read
  Partitioned compression: HG005_GRCh38_r100000: rdf-scan heartbeat — 4,768,366 triples · 738,197,942 bytes read
  Partitioned compression: HG005_GRCh38_r100000: rdf-scan heartbeat — 5,185,931 triples · 805,306,861 bytes read
  Partitioned compression: HG005_GRCh38_r100000: rdf-scan heartbeat — 5,603,483 triples · 872,415,851 bytes read
  Partitioned compression: HG005_GRCh38_r100000: rdf-scan heartbeat — 6,021,068 triples · 939,524,771 bytes read
  Partitioned compression: HG005_GRCh38_r100000: rdf-scan heartbeat — 6,438,635 triples · 1,006,633,758 bytes read
  Partitioned compression: HG005_GRCh38_r100000: rdf-scan chunk — 6,856,238 triples · 2 chunks · 1,073,742,048 bytes read
  Partitioned compression: HG005_GRCh38_r100000: hdt-chunks started — 1 chunks · hdt-build-00001
  Partitioned compression: HG005_GRCh38_r100000: hdt-chunks complete — 2 chunks · hdt-build-00001
  Partitioned compression: HG005_GRCh38_r100000: cottas-chunks started — 1 chunks · cottas-build-00001
  Partitioned compression: HG005_GRCh38_r100000: cottas-chunks complete — 2 chunks · cottas-build-00001
  Partitioned compression: HG005_GRCh38_r100000: rdf-scan heartbeat — 6,856,242 triples · 1,073,742,685 bytes read
  Partitioned compression: HG005_GRCh38_r100000: rdf-scan heartbeat — 7,273,820 triples · 1,140,851,583 bytes read
  Partitioned compression: HG005_GRCh38_r100000: rdf-scan heartbeat — 7,691,410 triples · 1,207,960,488 bytes read
  Partitioned compression: HG005_GRCh38_r100000: rdf-scan heartbeat — 8,109,828 triples · 1,275,069,409 bytes read
  Partitioned compression: HG005_GRCh38_r100000: rdf-scan heartbeat — 8,526,906 triples · 1,342,178,278 bytes read
  Partitioned compression: HG005_GRCh38_r100000: rdf-scan heartbeat — 8,943,051 triples · 1,409,287,167 bytes read
  Partitioned compression: HG005_GRCh38_r100000: rdf-scan heartbeat — 9,356,565 triples · 1,476,396,167 bytes read
  Partitioned compression: HG005_GRCh38_r100000: rdf-scan heartbeat — 9,770,081 triples · 1,543,505,055 bytes read
  Partitioned compression: HG005_GRCh38_r100000: rdf-scan chunk — 10,183,685 triples · 3 chunks · 1,610,613,057 bytes read
  Partitioned compression: HG005_GRCh38_r100000: hdt-chunks started — 2 chunks · hdt-build-00002
  Partitioned compression: HG005_GRCh38_r100000: hdt-chunks complete — 3 chunks · hdt-build-00002
  Partitioned compression: HG005_GRCh38_r100000: cottas-chunks started — 2 chunks · cottas-build-00002
  Partitioned compression: HG005_GRCh38_r100000: cottas-chunks complete — 3 chunks · cottas-build-00002
  Partitioned compression: HG005_GRCh38_r100000: rdf-scan heartbeat — 10,183,691 triples · 1,610,614,009 bytes read
  Partitioned compression: HG005_GRCh38_r100000: rdf-scan heartbeat — 10,596,787 triples · 1,677,723,015 bytes read
  Partitioned compression: HG005_GRCh38_r100000: rdf-scan heartbeat — 11,010,399 triples · 1,744,832,004 bytes read
  Partitioned compression: HG005_GRCh38_r100000: rdf-scan heartbeat — 11,423,916 triples · 1,811,940,921 bytes read
  Partitioned compression: HG005_GRCh38_r100000: rdf-scan heartbeat — 11,837,161 triples · 1,879,049,837 bytes read
  Partitioned compression: HG005_GRCh38_r100000: rdf-scan heartbeat — 12,250,462 triples · 1,946,158,855 bytes read
  Partitioned compression: HG005_GRCh38_r100000: rdf-scan heartbeat — 12,663,785 triples · 2,013,267,829 bytes read
  Partitioned compression: HG005_GRCh38_r100000: rdf-scan heartbeat — 13,077,113 triples · 2,080,376,694 bytes read
  Partitioned compression: HG005_GRCh38_r100000: rdf-scan chunk — 13,490,503 triples · 4 chunks · 2,147,484,447 bytes read
  Partitioned compression: HG005_GRCh38_r100000: hdt-chunks started — 3 chunks · hdt-build-00003
  Partitioned compression: HG005_GRCh38_r100000: hdt-chunks complete — 4 chunks · hdt-build-00003
  Partitioned compression: HG005_GRCh38_r100000: cottas-chunks started — 3 chunks · cottas-build-00003
  Partitioned compression: HG005_GRCh38_r100000: cottas-chunks complete — 4 chunks · cottas-build-00003
  Partitioned compression: HG005_GRCh38_r100000: rdf-scan heartbeat — 13,490,511 triples · 2,147,485,641 bytes read
  Partitioned compression: HG005_GRCh38_r100000: rdf-scan heartbeat — 13,903,937 triples · 2,214,594,524 bytes read
  Partitioned compression: HG005_GRCh38_r100000: rdf-scan heartbeat — 14,317,121 triples · 2,281,703,404 bytes read
  Partitioned compression: HG005_GRCh38_r100000: rdf-scan heartbeat — 14,730,061 triples · 2,348,812,349 bytes read
  Partitioned compression: HG005_GRCh38_r100000: rdf-scan heartbeat — 15,143,122 triples · 2,415,921,251 bytes read
  Partitioned compression: HG005_GRCh38_r100000: rdf-scan heartbeat — 15,556,306 triples · 2,483,030,746 bytes read
  Partitioned compression: HG005_GRCh38_r100000: rdf-scan heartbeat — 15,969,399 triples · 2,550,139,680 bytes read
  Partitioned compression: HG005_GRCh38_r100000: rdf-scan heartbeat — 16,382,615 triples · 2,617,248,549 bytes read
  Partitioned compression: HG005_GRCh38_r100000: rdf-scan chunk — 16,795,822 triples · 5 chunks · 2,684,355,419 bytes read
  Partitioned compression: HG005_GRCh38_r100000: hdt-chunks started — 4 chunks · hdt-build-00004
  Partitioned compression: HG005_GRCh38_r100000: hdt-chunks complete — 5 chunks · hdt-build-00004
  Partitioned compression: HG005_GRCh38_r100000: cottas-chunks started — 4 chunks · cottas-build-00004
  Partitioned compression: HG005_GRCh38_r100000: cottas-chunks complete — 5 chunks · cottas-build-00004
  Partitioned compression: HG005_GRCh38_r100000: rdf-scan heartbeat — 16,795,835 triples · 2,684,357,459 bytes read
  Partitioned compression: HG005_GRCh38_r100000: rdf-scan chunk — 17,098,746 triples · 6 chunks · 2,733,539,045 bytes read
  Partitioned compression: HG005_GRCh38_r100000: hdt-chunks started — 5 chunks · hdt-build-00005
  Partitioned compression: HG005_GRCh38_r100000: hdt-chunks complete — 6 chunks · hdt-build-00005
  Partitioned compression: HG005_GRCh38_r100000: cottas-chunks started — 5 chunks · cottas-build-00005
  Partitioned compression: HG005_GRCh38_r100000: cottas-chunks complete — 6 chunks · cottas-build-00005
  Partitioned compression: HG005_GRCh38_r100000: rdf-scan complete — 17,098,746 triples · 6 chunks
  Partitioned compression: HG005_GRCh38_r100000: hdt-chunks complete — 6 chunks
  Partitioned compression: HG005_GRCh38_r100000: cottas-chunks complete — 6 chunks
  Partitioned compression: HG005_GRCh38_r100000: hdt-merge started — hdt-merge-r01-00000
  Partitioned compression: HG005_GRCh38_r100000: hdt-merge complete — hdt-merge-r01-00000
  Partitioned compression: HG005_GRCh38_r100000: hdt-merge started — hdt-merge-r01-00001
  Partitioned compression: HG005_GRCh38_r100000: hdt-merge complete — hdt-merge-r01-00001
  Partitioned compression: HG005_GRCh38_r100000: hdt-merge started — hdt-merge-r01-00002
  Partitioned compression: HG005_GRCh38_r100000: hdt-merge complete — hdt-merge-r01-00002
  Partitioned compression: HG005_GRCh38_r100000: hdt-merge started — hdt-merge-r02-00000
  Partitioned compression: HG005_GRCh38_r100000: hdt-merge complete — hdt-merge-r02-00000
  Partitioned compression: HG005_GRCh38_r100000: hdt-merge started — hdt-merge-r03-00000
  Partitioned compression: HG005_GRCh38_r100000: hdt-merge complete — hdt-merge-r03-00000
  Partitioned compression: HG005_GRCh38_r100000: hdt started — hdt-index
  Partitioned compression: HG005_GRCh38_r100000: hdt complete — hdt-index
  Partitioned compression: HG005_GRCh38_r100000: hdt started — hdt-validate
  Partitioned compression: HG005_GRCh38_r100000: hdt complete — hdt-validate
  Partitioned compression: HG005_GRCh38_r100000: cottas-merge started — cottas-merge-stream
  Partitioned compression: HG005_GRCh38_r100000: cottas-merge started — 0 triples · 6 sorted COTTAS chunks
  Partitioned compression: HG005_GRCh38_r100000: cottas-merge merging — 250,000 triples · 250,000 distinct triples written
  Partitioned compression: HG005_GRCh38_r100000: cottas-merge merging — 500,000 triples · 500,000 distinct triples written
  Partitioned compression: HG005_GRCh38_r100000: cottas-merge merging — 750,000 triples · 750,000 distinct triples written
  Partitioned compression: HG005_GRCh38_r100000: cottas-merge merging — 1,000,000 triples · 1,000,000 distinct triples written
  Partitioned compression: HG005_GRCh38_r100000: cottas-merge merging — 1,250,000 triples · 1,250,000 distinct triples written
  Partitioned compression: HG005_GRCh38_r100000: cottas-merge merging — 1,500,000 triples · 1,500,000 distinct triples written
  Partitioned compression: HG005_GRCh38_r100000: cottas-merge merging — 1,750,000 triples · 1,750,000 distinct triples written
  Partitioned compression: HG005_GRCh38_r100000: cottas-merge merging — 2,000,000 triples · 2,000,000 distinct triples written
  Partitioned compression: HG005_GRCh38_r100000: cottas-merge merging — 2,250,000 triples · 2,250,000 distinct triples written
  Partitioned compression: HG005_GRCh38_r100000: cottas-merge merging — 2,500,000 triples · 2,500,000 distinct triples written
  Partitioned compression: HG005_GRCh38_r100000: cottas-merge merging — 2,750,000 triples · 2,750,000 distinct triples written
  Partitioned compression: HG005_GRCh38_r100000: cottas-merge merging — 3,000,000 triples · 3,000,000 distinct triples written
  Partitioned compression: HG005_GRCh38_r100000: cottas-merge merging — 3,250,000 triples · 3,250,000 distinct triples written
  Partitioned compression: HG005_GRCh38_r100000: cottas-merge merging — 3,500,000 triples · 3,500,000 distinct triples written
  Partitioned compression: HG005_GRCh38_r100000: cottas-merge merging — 3,750,000 triples · 3,750,000 distinct triples written
  Partitioned compression: HG005_GRCh38_r100000: cottas-merge merging — 4,000,000 triples · 4,000,000 distinct triples written
  Partitioned compression: HG005_GRCh38_r100000: cottas-merge merging — 4,250,000 triples · 4,250,000 distinct triples written
  Partitioned compression: HG005_GRCh38_r100000: cottas-merge merging — 4,500,000 triples · 4,500,000 distinct triples written
  Partitioned compression: HG005_GRCh38_r100000: cottas-merge merging — 4,750,000 triples · 4,750,000 distinct triples written
  Partitioned compression: HG005_GRCh38_r100000: cottas-merge merging — 5,000,000 triples · 5,000,000 distinct triples written
  Partitioned compression: HG005_GRCh38_r100000: cottas-merge merging — 5,250,000 triples · 5,250,000 distinct triples written
  Partitioned compression: HG005_GRCh38_r100000: cottas-merge merging — 5,500,000 triples · 5,500,000 distinct triples written
  Partitioned compression: HG005_GRCh38_r100000: cottas-merge merging — 5,750,000 triples · 5,750,000 distinct triples written
  Partitioned compression: HG005_GRCh38_r100000: cottas-merge merging — 6,000,000 triples · 6,000,000 distinct triples written
  Partitioned compression: HG005_GRCh38_r100000: cottas-merge merging — 6,250,000 triples · 6,250,000 distinct triples written
  Partitioned compression: HG005_GRCh38_r100000: cottas-merge merging — 6,500,000 triples · 6,500,000 distinct triples written
  Partitioned compression: HG005_GRCh38_r100000: cottas-merge merging — 6,750,000 triples · 6,750,000 distinct triples written
  Partitioned compression: HG005_GRCh38_r100000: cottas-merge merging — 7,000,000 triples · 7,000,000 distinct triples written
  Partitioned compression: HG005_GRCh38_r100000: cottas-merge merging — 7,250,000 triples · 7,250,000 distinct triples written
  Partitioned compression: HG005_GRCh38_r100000: cottas-merge merging — 7,500,000 triples · 7,500,000 distinct triples written
  Partitioned compression: HG005_GRCh38_r100000: cottas-merge merging — 7,750,000 triples · 7,750,000 distinct triples written
  Partitioned compression: HG005_GRCh38_r100000: cottas-merge merging — 8,000,000 triples · 8,000,000 distinct triples written
  Partitioned compression: HG005_GRCh38_r100000: cottas-merge merging — 8,250,000 triples · 8,250,000 distinct triples written
  Partitioned compression: HG005_GRCh38_r100000: cottas-merge merging — 8,500,000 triples · 8,500,000 distinct triples written
  Partitioned compression: HG005_GRCh38_r100000: cottas-merge merging — 8,750,000 triples · 8,750,000 distinct triples written
  Partitioned compression: HG005_GRCh38_r100000: cottas-merge merging — 9,000,000 triples · 9,000,000 distinct triples written
  Partitioned compression: HG005_GRCh38_r100000: cottas-merge merging — 9,250,000 triples · 9,250,000 distinct triples written
  Partitioned compression: HG005_GRCh38_r100000: cottas-merge merging — 9,500,000 triples · 9,500,000 distinct triples written
  Partitioned compression: HG005_GRCh38_r100000: cottas-merge merging — 9,750,000 triples · 9,750,000 distinct triples written
  Partitioned compression: HG005_GRCh38_r100000: cottas-merge merging — 10,000,000 triples · 10,000,000 distinct triples written
  Partitioned compression: HG005_GRCh38_r100000: cottas-merge merging — 10,250,000 triples · 10,250,000 distinct triples written
  Partitioned compression: HG005_GRCh38_r100000: cottas-merge merging — 10,500,000 triples · 10,500,000 distinct triples written
  Partitioned compression: HG005_GRCh38_r100000: cottas-merge merging — 10,750,000 triples · 10,750,000 distinct triples written
  Partitioned compression: HG005_GRCh38_r100000: cottas-merge merging — 11,000,000 triples · 11,000,000 distinct triples written
  Partitioned compression: HG005_GRCh38_r100000: cottas-merge merging — 11,250,000 triples · 11,250,000 distinct triples written
  Partitioned compression: HG005_GRCh38_r100000: cottas-merge merging — 11,500,000 triples · 11,500,000 distinct triples written
  Partitioned compression: HG005_GRCh38_r100000: cottas-merge merging — 11,750,000 triples · 11,750,000 distinct triples written
  Partitioned compression: HG005_GRCh38_r100000: cottas-merge merging — 12,000,000 triples · 12,000,000 distinct triples written
  Partitioned compression: HG005_GRCh38_r100000: cottas-merge merging — 12,250,000 triples · 12,250,000 distinct triples written
  Partitioned compression: HG005_GRCh38_r100000: cottas-merge merging — 12,500,000 triples · 12,500,000 distinct triples written
  Partitioned compression: HG005_GRCh38_r100000: cottas-merge merging — 12,750,000 triples · 12,750,000 distinct triples written
  Partitioned compression: HG005_GRCh38_r100000: cottas-merge merging — 13,000,000 triples · 13,000,000 distinct triples written
  Partitioned compression: HG005_GRCh38_r100000: cottas-merge merging — 13,250,000 triples · 13,250,000 distinct triples written
  Partitioned compression: HG005_GRCh38_r100000: cottas-merge merging — 13,500,000 triples · 13,500,000 distinct triples written
  Partitioned compression: HG005_GRCh38_r100000: cottas-merge merging — 13,750,000 triples · 13,750,000 distinct triples written
  Partitioned compression: HG005_GRCh38_r100000: cottas-merge merging — 14,000,000 triples · 14,000,000 distinct triples written
  Partitioned compression: HG005_GRCh38_r100000: cottas-merge merging — 14,250,000 triples · 14,250,000 distinct triples written
  Partitioned compression: HG005_GRCh38_r100000: cottas-merge merging — 14,500,000 triples · 14,500,000 distinct triples written
  Partitioned compression: HG005_GRCh38_r100000: cottas-merge merging — 14,750,000 triples · 14,750,000 distinct triples written
  Partitioned compression: HG005_GRCh38_r100000: cottas-merge merging — 15,000,000 triples · 15,000,000 distinct triples written
  Partitioned compression: HG005_GRCh38_r100000: cottas-merge merging — 15,250,000 triples · 15,250,000 distinct triples written
  Partitioned compression: HG005_GRCh38_r100000: cottas-merge merging — 15,500,000 triples · 15,500,000 distinct triples written
  Partitioned compression: HG005_GRCh38_r100000: cottas-merge merging — 15,750,000 triples · 15,750,000 distinct triples written
  Partitioned compression: HG005_GRCh38_r100000: cottas-merge merging — 16,000,000 triples · 16,000,000 distinct triples written
  Partitioned compression: HG005_GRCh38_r100000: cottas-merge merging — 16,250,000 triples · 16,250,000 distinct triples written
  Partitioned compression: HG005_GRCh38_r100000: cottas-merge merging — 16,500,000 triples · 16,500,000 distinct triples written
  Partitioned compression: HG005_GRCh38_r100000: cottas-merge merging — 16,750,000 triples · 16,750,000 distinct triples written
  Partitioned compression: HG005_GRCh38_r100000: cottas-merge merging — 17,000,000 triples · 17,000,000 distinct triples written
  Partitioned compression: HG005_GRCh38_r100000: cottas-merge complete — 17,098,746 triples · 17,098,746 distinct triples written
  Partitioned compression: HG005_GRCh38_r100000: cottas-merge complete — cottas-merge-stream
  Partitioned compression: HG005_GRCh38_r100000: cottas started — cottas-validate
  Partitioned compression: HG005_GRCh38_r100000: cottas complete — cottas-validate
Partitioned compression: HG005_GRCh38_r100000: finished
Validation: HG005_GRCh38_r100000: started
  Validation: HG005_GRCh38_r100000: validation started — 0 queries · expanded validation started
  Validation: HG005_GRCh38_r100000: validation progress — 0 queries · materializing nt.gz artifact inside container
  Validation: HG005_GRCh38_r100000: validation progress — 1 queries · qlever: completed preflight_record_cardinality
  Validation: HG005_GRCh38_r100000: validation progress — 2 queries · qlever: completed preflight_position_datatype
  Validation: HG005_GRCh38_r100000: validation progress — 3 queries · qlever: completed preflight_missing_token_conformance
  Validation: HG005_GRCh38_r100000: validation progress — 4 queries · qlever: completed preflight_representation_profile
  Validation: HG005_GRCh38_r100000: validation progress — 5 queries · qlever: completed preflight_sample_gt_inventory
  Validation: HG005_GRCh38_r100000: validation progress — 6 queries · qlever: completed preflight_blank_nodes
  Validation: HG005_GRCh38_r100000: validation progress — 7 queries · qlever: completed preflight_empty_values
  Validation: HG005_GRCh38_r100000: validation progress — 8 queries · qlever: completed preflight_distinct_triple_count
  Validation: HG005_GRCh38_r100000: validation progress — 9 queries · qlever: derived preflight_record_cardinality_count
  Validation: HG005_GRCh38_r100000: validation progress — 10 queries · qlever: derived preflight_position_datatype_count
  Validation: HG005_GRCh38_r100000: validation progress — 11 queries · qlever: derived preflight_missing_token_conformance_count
  Validation: HG005_GRCh38_r100000: validation progress — 12 queries · qlever: derived preflight_representation_profile_count
  Validation: HG005_GRCh38_r100000: validation progress — 13 queries · qlever: derived preflight_blank_nodes_count
  Validation: HG005_GRCh38_r100000: validation progress — 14 queries · qlever: derived preflight_empty_values_count
  Validation: HG005_GRCh38_r100000: validation progress — 15 queries · qlever: completed q01_record_density_1mb
  Validation: HG005_GRCh38_r100000: validation progress — 16 queries · qlever: completed q02_variant_shape_counts
  Validation: HG005_GRCh38_r100000: validation progress — 17 queries · qlever: completed q03_titv
  Validation: HG005_GRCh38_r100000: validation progress — 18 queries · qlever: completed q04_filter_distribution
  Validation: HG005_GRCh38_r100000: validation progress — 19 queries · qlever: completed q05_sample_genotype_counts
  Validation: HG005_GRCh38_r100000: validation progress — 20 queries · qlever: completed q06_ac_an_distribution
  Validation: HG005_GRCh38_r100000: validation progress — 21 queries · qlever: completed q07_file_metadata
  Validation: HG005_GRCh38_r100000: validation progress — 22 queries · qlever: completed q08_header_line_census
  Validation: HG005_GRCh38_r100000: validation progress — 23 queries · qlever: completed q09_predicate_census
  Validation: HG005_GRCh38_r100000: validation progress — 24 queries · qlever: completed q10_class_census
  Validation: HG005_GRCh38_r100000: validation progress — 25 queries · qlever: completed q11_record_digest
  Validation: HG005_GRCh38_r100000: validation progress — 26 queries · qlever: completed q12_info_value_digest
  Validation: HG005_GRCh38_r100000: validation progress — 27 queries · qlever: completed q13_format_value_digest
  Validation: HG005_GRCh38_r100000: validation complete — 27 queries · validation pass
Validation: HG005_GRCh38_r100000: finished
Validation: HG005_GRCh38_r100000__hdt: started
  Validation: HG005_GRCh38_r100000__hdt: validation started — 0 queries · expanded validation started
  Validation: HG005_GRCh38_r100000__hdt: validation progress — 0 queries · materializing hdt artifact inside container
  Validation: HG005_GRCh38_r100000__hdt: validation progress — 1 queries · qlever: completed preflight_record_cardinality
  Validation: HG005_GRCh38_r100000__hdt: validation progress — 2 queries · qlever: completed preflight_position_datatype
  Validation: HG005_GRCh38_r100000__hdt: validation progress — 3 queries · qlever: completed preflight_missing_token_conformance
  Validation: HG005_GRCh38_r100000__hdt: validation progress — 4 queries · qlever: completed preflight_representation_profile
  Validation: HG005_GRCh38_r100000__hdt: validation progress — 5 queries · qlever: completed preflight_sample_gt_inventory
  Validation: HG005_GRCh38_r100000__hdt: validation progress — 6 queries · qlever: completed preflight_blank_nodes
  Validation: HG005_GRCh38_r100000__hdt: validation progress — 7 queries · qlever: completed preflight_empty_values
  Validation: HG005_GRCh38_r100000__hdt: validation progress — 8 queries · qlever: completed preflight_distinct_triple_count
  Validation: HG005_GRCh38_r100000__hdt: validation progress — 9 queries · qlever: derived preflight_record_cardinality_count
  Validation: HG005_GRCh38_r100000__hdt: validation progress — 10 queries · qlever: derived preflight_position_datatype_count
  Validation: HG005_GRCh38_r100000__hdt: validation progress — 11 queries · qlever: derived preflight_missing_token_conformance_count
  Validation: HG005_GRCh38_r100000__hdt: validation progress — 12 queries · qlever: derived preflight_representation_profile_count
  Validation: HG005_GRCh38_r100000__hdt: validation progress — 13 queries · qlever: derived preflight_blank_nodes_count
  Validation: HG005_GRCh38_r100000__hdt: validation progress — 14 queries · qlever: derived preflight_empty_values_count
  Validation: HG005_GRCh38_r100000__hdt: validation progress — 15 queries · qlever: completed q01_record_density_1mb
  Validation: HG005_GRCh38_r100000__hdt: validation progress — 16 queries · qlever: completed q02_variant_shape_counts
  Validation: HG005_GRCh38_r100000__hdt: validation progress — 17 queries · qlever: completed q03_titv
  Validation: HG005_GRCh38_r100000__hdt: validation progress — 18 queries · qlever: completed q04_filter_distribution
  Validation: HG005_GRCh38_r100000__hdt: validation progress — 19 queries · qlever: completed q05_sample_genotype_counts
  Validation: HG005_GRCh38_r100000__hdt: validation progress — 20 queries · qlever: completed q06_ac_an_distribution
  Validation: HG005_GRCh38_r100000__hdt: validation progress — 21 queries · qlever: completed q07_file_metadata
  Validation: HG005_GRCh38_r100000__hdt: validation progress — 22 queries · qlever: completed q08_header_line_census
  Validation: HG005_GRCh38_r100000__hdt: validation progress — 23 queries · qlever: completed q09_predicate_census
  Validation: HG005_GRCh38_r100000__hdt: validation progress — 24 queries · qlever: completed q10_class_census
  Validation: HG005_GRCh38_r100000__hdt: validation progress — 25 queries · qlever: completed q11_record_digest
  Validation: HG005_GRCh38_r100000__hdt: validation progress — 26 queries · qlever: completed q12_info_value_digest
  Validation: HG005_GRCh38_r100000__hdt: validation progress — 27 queries · qlever: completed q13_format_value_digest
  Validation: HG005_GRCh38_r100000__hdt: validation complete — 27 queries · validation pass
Validation: HG005_GRCh38_r100000__hdt: finished
Validation: HG005_GRCh38_r100000__cottas: started
  Validation: HG005_GRCh38_r100000__cottas: validation started — 0 queries · expanded validation started
  Validation: HG005_GRCh38_r100000__cottas: validation progress — 0 queries · materializing cottas artifact inside container
  Validation: HG005_GRCh38_r100000__cottas: validation progress — 1 queries · qlever: completed preflight_record_cardinality
  Validation: HG005_GRCh38_r100000__cottas: validation progress — 2 queries · qlever: completed preflight_position_datatype
  Validation: HG005_GRCh38_r100000__cottas: validation progress — 3 queries · qlever: completed preflight_missing_token_conformance
  Validation: HG005_GRCh38_r100000__cottas: validation progress — 4 queries · qlever: completed preflight_representation_profile
  Validation: HG005_GRCh38_r100000__cottas: validation progress — 5 queries · qlever: completed preflight_sample_gt_inventory
  Validation: HG005_GRCh38_r100000__cottas: validation progress — 6 queries · qlever: completed preflight_blank_nodes
  Validation: HG005_GRCh38_r100000__cottas: validation progress — 7 queries · qlever: completed preflight_empty_values
  Validation: HG005_GRCh38_r100000__cottas: validation progress — 8 queries · qlever: completed preflight_distinct_triple_count
  Validation: HG005_GRCh38_r100000__cottas: validation progress — 9 queries · qlever: derived preflight_record_cardinality_count
  Validation: HG005_GRCh38_r100000__cottas: validation progress — 10 queries · qlever: derived preflight_position_datatype_count
  Validation: HG005_GRCh38_r100000__cottas: validation progress — 11 queries · qlever: derived preflight_missing_token_conformance_count
  Validation: HG005_GRCh38_r100000__cottas: validation progress — 12 queries · qlever: derived preflight_representation_profile_count
  Validation: HG005_GRCh38_r100000__cottas: validation progress — 13 queries · qlever: derived preflight_blank_nodes_count
  Validation: HG005_GRCh38_r100000__cottas: validation progress — 14 queries · qlever: derived preflight_empty_values_count
  Validation: HG005_GRCh38_r100000__cottas: validation progress — 15 queries · qlever: completed q01_record_density_1mb
  Validation: HG005_GRCh38_r100000__cottas: validation progress — 16 queries · qlever: completed q02_variant_shape_counts
  Validation: HG005_GRCh38_r100000__cottas: validation progress — 17 queries · qlever: completed q03_titv
  Validation: HG005_GRCh38_r100000__cottas: validation progress — 18 queries · qlever: completed q04_filter_distribution
  Validation: HG005_GRCh38_r100000__cottas: validation progress — 19 queries · qlever: completed q05_sample_genotype_counts
  Validation: HG005_GRCh38_r100000__cottas: validation progress — 20 queries · qlever: completed q06_ac_an_distribution
  Validation: HG005_GRCh38_r100000__cottas: validation progress — 21 queries · qlever: completed q07_file_metadata
  Validation: HG005_GRCh38_r100000__cottas: validation progress — 22 queries · qlever: completed q08_header_line_census
  Validation: HG005_GRCh38_r100000__cottas: validation progress — 23 queries · qlever: completed q09_predicate_census
  Validation: HG005_GRCh38_r100000__cottas: validation progress — 24 queries · qlever: completed q10_class_census
  Validation: HG005_GRCh38_r100000__cottas: validation progress — 25 queries · qlever: completed q11_record_digest
  Validation: HG005_GRCh38_r100000__cottas: validation progress — 26 queries · qlever: completed q12_info_value_digest
  Validation: HG005_GRCh38_r100000__cottas: validation progress — 27 queries · qlever: completed q13_format_value_digest
  Validation: HG005_GRCh38_r100000__cottas: validation complete — 27 queries · validation pass
Validation: HG005_GRCh38_r100000__cottas: finished
