2026-10-08T09:41:52Z waiting for ecrum19/vcf-rdfizer:3.3.1
2026-10-08T09:46:52Z waiting for ecrum19/vcf-rdfizer:3.3.1
2026-10-08T09:52:17Z image ecrum19/vcf-rdfizer@sha256:3ad71b1a54612142e3be43b24e7e4a38551949cb641f4421bcae9bf051102993
2026-10-08T09:52:21Z bridge start
2026-10-08T09:55:21Z bridge exit 0 after 180 s
2026-10-08T09:55:21Z consumer_wgs start
2026-10-08T11:41:22Z consumer_wgs exit 0 after 6361 s
2026-10-08T11:41:22Z arm3 start
2026-10-08T18:23:25Z arm3 exit 0 after 24123 s
2026-10-08T18:23:25Z arm4 start
2026-10-08T20:12:26Z arm4 exit 1 after 6541 s
2026-10-08T20:12:26Z V331-bench2-DONE
2026-10-08T20:16:15Z image ecrum19/vcf-rdfizer@sha256:3ad71b1a54612142e3be43b24e7e4a38551949cb641f4421bcae9bf051102993
2026-10-08T20:16:15Z arm4_resume start
2026-10-08T23:12:16Z arm4_resume exit 1 after 10561 s
2026-10-08T23:12:16Z V331-bench2-arm4-resume-DONE
2026-10-09T05:41:14Z image ecrum19/vcf-rdfizer@sha256:3ad71b1a54612142e3be43b24e7e4a38551949cb641f4421bcae9bf051102993
2026-10-09T05:41:14Z arm4_resume start
2026-10-09T05:42:02Z arm4_resume stopped at the start of govern, by request, to clear more disk first
2026-10-09T05:43:40Z image ecrum19/vcf-rdfizer@sha256:3ad71b1a54612142e3be43b24e7e4a38551949cb641f4421bcae9bf051102993
2026-10-09T05:43:40Z arm4_resume start
