TSV conversion: version_4.4: started
TSV conversion: version_4.4: finished
RMLStreamer: version_4.4: started
  RMLStreamer: version_4.4: rmlstreamer started — 0 B · 0 parts
  RMLStreamer: version_4.4: rmlstreamer heartbeat — 0 B · 0 parts
  RMLStreamer: version_4.4: rmlstreamer heartbeat — 8.22 KB · 8 parts
  RMLStreamer: version_4.4: rmlstreamer complete — 8.22 KB · 8 parts
  RMLStreamer: version_4.4: rdf-aggregate started — 0 parts
  RMLStreamer: version_4.4: rdf-aggregate part — 1 parts
  RMLStreamer: version_4.4: rdf-aggregate part — 2 parts
  RMLStreamer: version_4.4: rdf-aggregate part — 3 parts
  RMLStreamer: version_4.4: rdf-aggregate part — 4 parts
  RMLStreamer: version_4.4: rdf-aggregate part — 5 parts
  RMLStreamer: version_4.4: rdf-aggregate part — 6 parts
  RMLStreamer: version_4.4: rdf-aggregate part — 7 parts
  RMLStreamer: version_4.4: rdf-aggregate part — 8 parts
  RMLStreamer: version_4.4: rdf-aggregate complete — 8 parts
RMLStreamer: version_4.4: finished
Partitioned compression: version_4.4: started
  Partitioned compression: version_4.4: rdf-scan started — 0 triples
  Partitioned compression: version_4.4: rdf-scan chunk — 420 triples · 1 chunks · 54,158 bytes read
  Partitioned compression: version_4.4: hdt-chunks started — 0 chunks · hdt-build-00000
  Partitioned compression: version_4.4: hdt-chunks complete — 1 chunks · hdt-build-00000
  Partitioned compression: version_4.4: rdf-scan complete — 420 triples · 1 chunks
  Partitioned compression: version_4.4: hdt-chunks complete — 1 chunks
  Partitioned compression: version_4.4: hdt started — hdt-index
  Partitioned compression: version_4.4: hdt complete — hdt-index
  Partitioned compression: version_4.4: hdt started — hdt-validate
  Partitioned compression: version_4.4: hdt complete — hdt-validate
Partitioned compression: version_4.4: finished
