TSV conversion: HG02545.acmg: started
TSV conversion: HG02545.acmg: finished
RMLStreamer: HG02545.acmg: started
  RMLStreamer: HG02545.acmg: rmlstreamer started — 0 B · 0 parts
  RMLStreamer: HG02545.acmg: rmlstreamer heartbeat — 0 B · 0 parts
  RMLStreamer: HG02545.acmg: rmlstreamer heartbeat — 129.42 KB · 8 parts
  RMLStreamer: HG02545.acmg: rmlstreamer heartbeat — 9.35 MB · 8 parts
  RMLStreamer: HG02545.acmg: rmlstreamer heartbeat — 11.67 MB · 8 parts
  RMLStreamer: HG02545.acmg: rmlstreamer complete — 11.67 MB · 8 parts
  RMLStreamer: HG02545.acmg: rdf-aggregate started — 0 parts
  RMLStreamer: HG02545.acmg: rdf-aggregate part — 1 parts
  RMLStreamer: HG02545.acmg: rdf-aggregate part — 2 parts
  RMLStreamer: HG02545.acmg: rdf-aggregate part — 3 parts
  RMLStreamer: HG02545.acmg: rdf-aggregate part — 4 parts
  RMLStreamer: HG02545.acmg: rdf-aggregate part — 5 parts
  RMLStreamer: HG02545.acmg: rdf-aggregate part — 6 parts
  RMLStreamer: HG02545.acmg: rdf-aggregate part — 7 parts
  RMLStreamer: HG02545.acmg: rdf-aggregate part — 8 parts
  RMLStreamer: HG02545.acmg: rdf-aggregate complete — 8 parts
RMLStreamer: HG02545.acmg: finished
Gzip: HG02545.acmg: started
Gzip: HG02545.acmg: finished
