Step 1/5: Validating inputs ✅
  Metrics: /home/ubuntu/vrdev-test/acmg-run/results/17_use_case_acmg__cohort/convert__HG02545/out/run_metrics/HG02545.acmg__20260928T143150
  Detailed logs: /home/ubuntu/vrdev-test/acmg-run/results/17_use_case_acmg__cohort/convert__HG02545/out/run_metrics/HG02545.acmg__20260928T143150/logs/wrapper.log
  Progress log: /home/ubuntu/vrdev-test/acmg-run/results/17_use_case_acmg__cohort/convert__HG02545/out/run_metrics/HG02545.acmg__20260928T143150/logs/progress.log
Step 2/5: Ensuring Docker image is available ✅
Step 3/5: Processing per-input pipeline (TSV -> RDF -> compression)
  Sample representation: expanded
  INFO representation: structured
  Header representation: structured
  - Input 1/1: HG02545.acmg.vcf
    * TSV conversion ✅
    * VCF version: VCFv4.2 (detected)
    * RDF conversion ✅
    * Streaming expanded multi-sample RDF (no expanded helper TSVs)
    * Sample RDF streaming: 10,000 variants, 10,000 calls
    * Sample calls streamed: 11,866; FORMAT values: 11,866
    * Streaming structured header RDF
    * Header lines typed: 133; contigs: 24
    * Streaming QUAL and structured INFO RDF
    * INFO RDF streaming: 10,000 variants, 730,098 values
    * QUAL values streamed: 11,866; INFO values: 868,604; declarations: 91
    * Triples produced: 9,543,712
    * Compression ✅
    * Output directory: /home/ubuntu/vrdev-test/acmg-run/results/17_use_case_acmg__cohort/convert__HG02545/out/HG02545.acmg
      - RDF aggregate: HG02545.acmg.nt
      - N-Triples (.nt): 1.28 GB (removed after successful compression)
      - gzip (.nt.gz): 59.47 MB
Total triples produced (full run): 9,543,712
Conversion process finished.
Run time (full mode): 35.93s
Timing log: /home/ubuntu/vrdev-test/acmg-run/results/17_use_case_acmg__cohort/convert__HG02545/out/run_metrics/HG02545.acmg__20260928T143150/wrapper_execution_times.csv
Metrics summary: /home/ubuntu/vrdev-test/acmg-run/results/17_use_case_acmg__cohort/convert__HG02545/out/run_metrics/HG02545.acmg__20260928T143150/summary.json
