TSV conversion: HGSVC2_first250000: started
TSV conversion: HGSVC2_first250000: finished
RMLStreamer: HGSVC2_first250000: started
  RMLStreamer: HGSVC2_first250000: rmlstreamer started — 0 B · 0 parts
  RMLStreamer: HGSVC2_first250000: rmlstreamer heartbeat — 0 B · 0 parts
  RMLStreamer: HGSVC2_first250000: rmlstreamer heartbeat — 3.79 MB · 8 parts
  RMLStreamer: HGSVC2_first250000: rmlstreamer heartbeat — 17.32 MB · 8 parts
  RMLStreamer: HGSVC2_first250000: rmlstreamer heartbeat — 44.22 MB · 8 parts
  RMLStreamer: HGSVC2_first250000: rmlstreamer heartbeat — 82.62 MB · 8 parts
  RMLStreamer: HGSVC2_first250000: rmlstreamer heartbeat — 121.18 MB · 8 parts
  RMLStreamer: HGSVC2_first250000: rmlstreamer heartbeat — 154.12 MB · 8 parts
  RMLStreamer: HGSVC2_first250000: rmlstreamer heartbeat — 168.53 MB · 8 parts
  RMLStreamer: HGSVC2_first250000: rmlstreamer heartbeat — 185.12 MB · 8 parts
  RMLStreamer: HGSVC2_first250000: rmlstreamer complete — 185.12 MB · 8 parts
  RMLStreamer: HGSVC2_first250000: rdf-aggregate started — 0 parts
  RMLStreamer: HGSVC2_first250000: rdf-aggregate part — 1 parts
  RMLStreamer: HGSVC2_first250000: rdf-aggregate part — 2 parts
  RMLStreamer: HGSVC2_first250000: rdf-aggregate part — 3 parts
  RMLStreamer: HGSVC2_first250000: rdf-aggregate part — 4 parts
  RMLStreamer: HGSVC2_first250000: rdf-aggregate part — 5 parts
  RMLStreamer: HGSVC2_first250000: rdf-aggregate part — 6 parts
  RMLStreamer: HGSVC2_first250000: rdf-aggregate part — 7 parts
  RMLStreamer: HGSVC2_first250000: rdf-aggregate part — 8 parts
  RMLStreamer: HGSVC2_first250000: rdf-aggregate complete — 8 parts
RMLStreamer: HGSVC2_first250000: finished
Partitioned compression: HGSVC2_first250000: started
  Partitioned compression: HGSVC2_first250000: rdf-scan started — 0 triples
  Partitioned compression: HGSVC2_first250000: rdf-scan heartbeat — 283,728 triples · 67,112,570 bytes read
  Partitioned compression: HGSVC2_first250000: rdf-scan heartbeat — 634,174 triples · 134,221,560 bytes read
  Partitioned compression: HGSVC2_first250000: rdf-scan heartbeat — 1,015,778 triples · 201,330,512 bytes read
  Partitioned compression: HGSVC2_first250000: rdf-scan heartbeat — 1,442,077 triples · 268,439,484 bytes read
  Partitioned compression: HGSVC2_first250000: rdf-scan heartbeat — 1,867,400 triples · 335,548,504 bytes read
  Partitioned compression: HGSVC2_first250000: rdf-scan heartbeat — 2,290,177 triples · 402,657,390 bytes read
  Partitioned compression: HGSVC2_first250000: rdf-scan heartbeat — 2,712,690 triples · 469,766,392 bytes read
  Partitioned compression: HGSVC2_first250000: rdf-scan chunk — 3,135,166 triples · 1 chunks · 536,871,084 bytes read
  Partitioned compression: HGSVC2_first250000: hdt-chunks started — 0 chunks · hdt-build-00000
  Partitioned compression: HGSVC2_first250000: hdt-chunks complete — 1 chunks · hdt-build-00000
  Partitioned compression: HGSVC2_first250000: cottas-chunks started — 0 chunks · cottas-build-00000
  Partitioned compression: HGSVC2_first250000: cottas-chunks complete — 1 chunks · cottas-build-00000
  Partitioned compression: HGSVC2_first250000: rdf-scan heartbeat — 3,135,193 triples · 536,875,357 bytes read
  Partitioned compression: HGSVC2_first250000: rdf-scan heartbeat — 3,557,687 triples · 603,984,248 bytes read
  Partitioned compression: HGSVC2_first250000: rdf-scan heartbeat — 3,980,236 triples · 671,093,286 bytes read
  Partitioned compression: HGSVC2_first250000: rdf-scan heartbeat — 4,403,420 triples · 738,202,267 bytes read
  Partitioned compression: HGSVC2_first250000: rdf-scan heartbeat — 4,826,482 triples · 805,311,234 bytes read
  Partitioned compression: HGSVC2_first250000: rdf-scan heartbeat — 5,248,977 triples · 872,420,183 bytes read
  Partitioned compression: HGSVC2_first250000: rdf-scan heartbeat — 5,671,494 triples · 939,529,073 bytes read
  Partitioned compression: HGSVC2_first250000: rdf-scan heartbeat — 6,094,072 triples · 1,006,638,040 bytes read
  Partitioned compression: HGSVC2_first250000: rdf-scan chunk — 6,516,596 triples · 2 chunks · 1,073,742,044 bytes read
  Partitioned compression: HGSVC2_first250000: hdt-chunks started — 1 chunks · hdt-build-00001
  Partitioned compression: HGSVC2_first250000: hdt-chunks complete — 2 chunks · hdt-build-00001
  Partitioned compression: HGSVC2_first250000: cottas-chunks started — 1 chunks · cottas-build-00001
  Partitioned compression: HGSVC2_first250000: cottas-chunks complete — 2 chunks · cottas-build-00001
  Partitioned compression: HGSVC2_first250000: rdf-scan heartbeat — 6,516,627 triples · 1,073,746,990 bytes read
  Partitioned compression: HGSVC2_first250000: rdf-scan heartbeat — 6,939,170 triples · 1,140,855,860 bytes read
  Partitioned compression: HGSVC2_first250000: rdf-scan heartbeat — 7,361,668 triples · 1,207,964,735 bytes read
  Partitioned compression: HGSVC2_first250000: rdf-scan heartbeat — 7,784,168 triples · 1,275,073,727 bytes read
  Partitioned compression: HGSVC2_first250000: rdf-scan heartbeat — 8,206,677 triples · 1,342,182,735 bytes read
  Partitioned compression: HGSVC2_first250000: rdf-scan heartbeat — 8,629,621 triples · 1,409,291,700 bytes read
  Partitioned compression: HGSVC2_first250000: rdf-scan heartbeat — 9,051,332 triples · 1,476,400,708 bytes read
  Partitioned compression: HGSVC2_first250000: rdf-scan heartbeat — 9,470,475 triples · 1,543,509,644 bytes read
  Partitioned compression: HGSVC2_first250000: rdf-scan chunk — 9,889,559 triples · 3 chunks · 1,610,612,969 bytes read
  Partitioned compression: HGSVC2_first250000: hdt-chunks started — 2 chunks · hdt-build-00002
  Partitioned compression: HGSVC2_first250000: hdt-chunks complete — 3 chunks · hdt-build-00002
  Partitioned compression: HGSVC2_first250000: cottas-chunks started — 2 chunks · cottas-build-00002
  Partitioned compression: HGSVC2_first250000: cottas-chunks complete — 3 chunks · cottas-build-00002
  Partitioned compression: HGSVC2_first250000: rdf-scan heartbeat — 9,889,594 triples · 1,610,618,611 bytes read
  Partitioned compression: HGSVC2_first250000: rdf-scan heartbeat — 10,308,719 triples · 1,677,727,552 bytes read
  Partitioned compression: HGSVC2_first250000: rdf-scan heartbeat — 10,727,839 triples · 1,744,836,418 bytes read
  Partitioned compression: HGSVC2_first250000: rdf-scan heartbeat — 11,147,081 triples · 1,811,945,401 bytes read
  Partitioned compression: HGSVC2_first250000: rdf-scan heartbeat — 11,566,286 triples · 1,879,054,440 bytes read
  Partitioned compression: HGSVC2_first250000: rdf-scan heartbeat — 11,985,404 triples · 1,946,163,361 bytes read
  Partitioned compression: HGSVC2_first250000: rdf-scan heartbeat — 12,404,726 triples · 2,013,272,364 bytes read
  Partitioned compression: HGSVC2_first250000: rdf-scan heartbeat — 12,823,982 triples · 2,080,381,303 bytes read
  Partitioned compression: HGSVC2_first250000: rdf-scan chunk — 13,243,139 triples · 4 chunks · 2,147,483,882 bytes read
  Partitioned compression: HGSVC2_first250000: hdt-chunks started — 3 chunks · hdt-build-00003
  Partitioned compression: HGSVC2_first250000: hdt-chunks complete — 4 chunks · hdt-build-00003
  Partitioned compression: HGSVC2_first250000: cottas-chunks started — 3 chunks · cottas-build-00003
  Partitioned compression: HGSVC2_first250000: cottas-chunks complete — 4 chunks · cottas-build-00003
  Partitioned compression: HGSVC2_first250000: rdf-scan heartbeat — 13,243,179 triples · 2,147,490,260 bytes read
  Partitioned compression: HGSVC2_first250000: rdf-scan heartbeat — 13,662,509 triples · 2,214,599,178 bytes read
  Partitioned compression: HGSVC2_first250000: rdf-scan heartbeat — 14,081,630 triples · 2,281,708,143 bytes read
  Partitioned compression: HGSVC2_first250000: rdf-scan heartbeat — 14,500,805 triples · 2,348,817,173 bytes read
  Partitioned compression: HGSVC2_first250000: rdf-scan heartbeat — 14,919,972 triples · 2,415,926,141 bytes read
  Partitioned compression: HGSVC2_first250000: rdf-scan heartbeat — 15,339,163 triples · 2,483,035,123 bytes read
  Partitioned compression: HGSVC2_first250000: rdf-scan heartbeat — 15,758,364 triples · 2,550,144,057 bytes read
  Partitioned compression: HGSVC2_first250000: rdf-scan heartbeat — 16,177,503 triples · 2,617,252,953 bytes read
  Partitioned compression: HGSVC2_first250000: rdf-scan chunk — 16,596,580 triples · 5 chunks · 2,684,354,853 bytes read
  Partitioned compression: HGSVC2_first250000: hdt-chunks started — 4 chunks · hdt-build-00004
  Partitioned compression: HGSVC2_first250000: hdt-chunks complete — 5 chunks · hdt-build-00004
  Partitioned compression: HGSVC2_first250000: cottas-chunks started — 4 chunks · cottas-build-00004
  Partitioned compression: HGSVC2_first250000: cottas-chunks complete — 5 chunks · cottas-build-00004
  Partitioned compression: HGSVC2_first250000: rdf-scan heartbeat — 16,596,624 triples · 2,684,361,914 bytes read
  Partitioned compression: HGSVC2_first250000: rdf-scan heartbeat — 17,015,742 triples · 2,751,470,958 bytes read
  Partitioned compression: HGSVC2_first250000: rdf-scan heartbeat — 17,434,865 triples · 2,818,579,873 bytes read
  Partitioned compression: HGSVC2_first250000: rdf-scan heartbeat — 17,853,987 triples · 2,885,688,757 bytes read
  Partitioned compression: HGSVC2_first250000: rdf-scan heartbeat — 18,273,112 triples · 2,952,797,752 bytes read
  Partitioned compression: HGSVC2_first250000: rdf-scan heartbeat — 18,692,415 triples · 3,019,906,684 bytes read
  Partitioned compression: HGSVC2_first250000: rdf-scan heartbeat — 19,111,562 triples · 3,087,015,568 bytes read
  Partitioned compression: HGSVC2_first250000: rdf-scan heartbeat — 19,530,705 triples · 3,154,124,521 bytes read
  Partitioned compression: HGSVC2_first250000: rdf-scan chunk — 19,949,790 triples · 6 chunks · 3,221,225,821 bytes read
  Partitioned compression: HGSVC2_first250000: hdt-chunks started — 5 chunks · hdt-build-00005
  Partitioned compression: HGSVC2_first250000: hdt-chunks complete — 6 chunks · hdt-build-00005
  Partitioned compression: HGSVC2_first250000: cottas-chunks started — 5 chunks · cottas-build-00005
  Partitioned compression: HGSVC2_first250000: cottas-chunks complete — 6 chunks · cottas-build-00005
  Partitioned compression: HGSVC2_first250000: rdf-scan heartbeat — 19,949,838 triples · 3,221,233,492 bytes read
  Partitioned compression: HGSVC2_first250000: rdf-scan heartbeat — 20,368,956 triples · 3,288,342,536 bytes read
  Partitioned compression: HGSVC2_first250000: rdf-scan heartbeat — 20,788,114 triples · 3,355,451,459 bytes read
  Partitioned compression: HGSVC2_first250000: rdf-scan heartbeat — 21,207,255 triples · 3,422,560,491 bytes read
  Partitioned compression: HGSVC2_first250000: rdf-scan heartbeat — 21,626,456 triples · 3,489,669,356 bytes read
  Partitioned compression: HGSVC2_first250000: rdf-scan heartbeat — 22,045,573 triples · 3,556,778,297 bytes read
  Partitioned compression: HGSVC2_first250000: rdf-scan heartbeat — 22,464,692 triples · 3,623,887,249 bytes read
  Partitioned compression: HGSVC2_first250000: rdf-scan heartbeat — 22,883,809 triples · 3,690,996,234 bytes read
  Partitioned compression: HGSVC2_first250000: rdf-scan chunk — 23,302,879 triples · 7 chunks · 3,758,096,876 bytes read
  Partitioned compression: HGSVC2_first250000: hdt-chunks started — 6 chunks · hdt-build-00006
  Partitioned compression: HGSVC2_first250000: hdt-chunks complete — 7 chunks · hdt-build-00006
  Partitioned compression: HGSVC2_first250000: cottas-chunks started — 6 chunks · cottas-build-00006
  Partitioned compression: HGSVC2_first250000: cottas-chunks complete — 7 chunks · cottas-build-00006
  Partitioned compression: HGSVC2_first250000: rdf-scan heartbeat — 23,302,931 triples · 3,758,105,210 bytes read
  Partitioned compression: HGSVC2_first250000: rdf-scan heartbeat — 23,722,713 triples · 3,825,214,079 bytes read
  Partitioned compression: HGSVC2_first250000: rdf-scan heartbeat — 24,142,301 triples · 3,892,323,001 bytes read
  Partitioned compression: HGSVC2_first250000: rdf-scan heartbeat — 24,561,524 triples · 3,959,431,958 bytes read
  Partitioned compression: HGSVC2_first250000: rdf-scan heartbeat — 24,980,645 triples · 4,026,540,825 bytes read
  Partitioned compression: HGSVC2_first250000: rdf-scan heartbeat — 25,400,010 triples · 4,093,649,712 bytes read
  Partitioned compression: HGSVC2_first250000: rdf-scan heartbeat — 25,819,132 triples · 4,160,758,596 bytes read
  Partitioned compression: HGSVC2_first250000: rdf-scan heartbeat — 26,238,460 triples · 4,227,867,625 bytes read
  Partitioned compression: HGSVC2_first250000: rdf-scan chunk — 26,657,593 triples · 8 chunks · 4,294,967,914 bytes read
  Partitioned compression: HGSVC2_first250000: hdt-chunks started — 7 chunks · hdt-build-00007
  Partitioned compression: HGSVC2_first250000: hdt-chunks complete — 8 chunks · hdt-build-00007
  Partitioned compression: HGSVC2_first250000: cottas-chunks started — 7 chunks · cottas-build-00007
  Partitioned compression: HGSVC2_first250000: cottas-chunks complete — 8 chunks · cottas-build-00007
  Partitioned compression: HGSVC2_first250000: rdf-scan heartbeat — 26,657,647 triples · 4,294,976,591 bytes read
  Partitioned compression: HGSVC2_first250000: rdf-scan heartbeat — 27,077,566 triples · 4,362,085,539 bytes read
  Partitioned compression: HGSVC2_first250000: rdf-scan heartbeat — 27,497,544 triples · 4,429,194,562 bytes read
  Partitioned compression: HGSVC2_first250000: rdf-scan heartbeat — 27,916,714 triples · 4,496,303,459 bytes read
  Partitioned compression: HGSVC2_first250000: rdf-scan heartbeat — 28,335,929 triples · 4,563,412,338 bytes read
  Partitioned compression: HGSVC2_first250000: rdf-scan heartbeat — 28,755,191 triples · 4,630,521,328 bytes read
  Partitioned compression: HGSVC2_first250000: rdf-scan heartbeat — 29,174,480 triples · 4,697,630,312 bytes read
  Partitioned compression: HGSVC2_first250000: rdf-scan heartbeat — 29,593,626 triples · 4,764,739,214 bytes read
  Partitioned compression: HGSVC2_first250000: rdf-scan chunk — 30,012,685 triples · 9 chunks · 4,831,838,988 bytes read
  Partitioned compression: HGSVC2_first250000: hdt-chunks started — 8 chunks · hdt-build-00008
  Partitioned compression: HGSVC2_first250000: hdt-chunks complete — 9 chunks · hdt-build-00008
  Partitioned compression: HGSVC2_first250000: cottas-chunks started — 8 chunks · cottas-build-00008
  Partitioned compression: HGSVC2_first250000: cottas-chunks complete — 9 chunks · cottas-build-00008
  Partitioned compression: HGSVC2_first250000: rdf-scan heartbeat — 30,012,743 triples · 4,831,848,207 bytes read
  Partitioned compression: HGSVC2_first250000: rdf-scan heartbeat — 30,432,064 triples · 4,898,957,148 bytes read
  Partitioned compression: HGSVC2_first250000: rdf-scan heartbeat — 30,851,548 triples · 4,966,066,014 bytes read
  Partitioned compression: HGSVC2_first250000: rdf-scan heartbeat — 31,270,897 triples · 5,033,174,941 bytes read
  Partitioned compression: HGSVC2_first250000: rdf-scan heartbeat — 31,690,113 triples · 5,100,283,902 bytes read
  Partitioned compression: HGSVC2_first250000: rdf-scan heartbeat — 32,109,238 triples · 5,167,392,791 bytes read
  Partitioned compression: HGSVC2_first250000: rdf-scan heartbeat — 32,528,513 triples · 5,234,501,693 bytes read
  Partitioned compression: HGSVC2_first250000: rdf-scan heartbeat — 32,947,738 triples · 5,301,610,681 bytes read
  Partitioned compression: HGSVC2_first250000: rdf-scan chunk — 33,366,998 triples · 10 chunks · 5,368,709,999 bytes read
  Partitioned compression: HGSVC2_first250000: hdt-chunks started — 9 chunks · hdt-build-00009
  Partitioned compression: HGSVC2_first250000: hdt-chunks complete — 10 chunks · hdt-build-00009
  Partitioned compression: HGSVC2_first250000: cottas-chunks started — 9 chunks · cottas-build-00009
  Partitioned compression: HGSVC2_first250000: cottas-chunks complete — 10 chunks · cottas-build-00009
  Partitioned compression: HGSVC2_first250000: rdf-scan heartbeat — 33,367,058 triples · 5,368,719,603 bytes read
  Partitioned compression: HGSVC2_first250000: rdf-scan heartbeat — 33,786,178 triples · 5,435,828,531 bytes read
  Partitioned compression: HGSVC2_first250000: rdf-scan heartbeat — 34,205,295 triples · 5,502,937,488 bytes read
  Partitioned compression: HGSVC2_first250000: rdf-scan heartbeat — 34,624,412 triples · 5,570,046,379 bytes read
  Partitioned compression: HGSVC2_first250000: rdf-scan heartbeat — 35,043,582 triples · 5,637,155,288 bytes read
  Partitioned compression: HGSVC2_first250000: rdf-scan heartbeat — 35,462,721 triples · 5,704,264,157 bytes read
  Partitioned compression: HGSVC2_first250000: rdf-scan heartbeat — 35,881,870 triples · 5,771,373,119 bytes read
  Partitioned compression: HGSVC2_first250000: rdf-scan heartbeat — 36,300,993 triples · 5,838,482,046 bytes read
  Partitioned compression: HGSVC2_first250000: rdf-scan chunk — 36,720,080 triples · 11 chunks · 5,905,580,953 bytes read
  Partitioned compression: HGSVC2_first250000: hdt-chunks started — 10 chunks · hdt-build-00010
  Partitioned compression: HGSVC2_first250000: hdt-chunks complete — 11 chunks · hdt-build-00010
  Partitioned compression: HGSVC2_first250000: cottas-chunks started — 10 chunks · cottas-build-00010
  Partitioned compression: HGSVC2_first250000: cottas-chunks complete — 11 chunks · cottas-build-00010
  Partitioned compression: HGSVC2_first250000: rdf-scan heartbeat — 36,720,143 triples · 5,905,591,013 bytes read
  Partitioned compression: HGSVC2_first250000: rdf-scan heartbeat — 37,139,346 triples · 5,972,699,899 bytes read
  Partitioned compression: HGSVC2_first250000: rdf-scan heartbeat — 37,558,493 triples · 6,039,808,905 bytes read
  Partitioned compression: HGSVC2_first250000: rdf-scan heartbeat — 37,977,833 triples · 6,106,917,792 bytes read
  Partitioned compression: HGSVC2_first250000: rdf-scan heartbeat — 38,396,950 triples · 6,174,026,777 bytes read
  Partitioned compression: HGSVC2_first250000: rdf-scan heartbeat — 38,816,068 triples · 6,241,135,696 bytes read
  Partitioned compression: HGSVC2_first250000: rdf-scan heartbeat — 39,235,205 triples · 6,308,244,618 bytes read
  Partitioned compression: HGSVC2_first250000: rdf-scan heartbeat — 39,654,323 triples · 6,375,353,638 bytes read
  Partitioned compression: HGSVC2_first250000: rdf-scan chunk — 40,073,383 triples · 12 chunks · 6,442,451,874 bytes read
  Partitioned compression: HGSVC2_first250000: hdt-chunks started — 11 chunks · hdt-build-00011
  Partitioned compression: HGSVC2_first250000: hdt-chunks complete — 12 chunks · hdt-build-00011
  Partitioned compression: HGSVC2_first250000: cottas-chunks started — 11 chunks · cottas-build-00011
  Partitioned compression: HGSVC2_first250000: cottas-chunks complete — 12 chunks · cottas-build-00011
  Partitioned compression: HGSVC2_first250000: rdf-scan heartbeat — 40,073,450 triples · 6,442,462,650 bytes read
  Partitioned compression: HGSVC2_first250000: rdf-scan heartbeat — 40,492,917 triples · 6,509,571,594 bytes read
  Partitioned compression: HGSVC2_first250000: rdf-scan heartbeat — 40,913,023 triples · 6,576,680,554 bytes read
  Partitioned compression: HGSVC2_first250000: rdf-scan heartbeat — 41,332,592 triples · 6,643,789,474 bytes read
  Partitioned compression: HGSVC2_first250000: rdf-scan heartbeat — 41,752,140 triples · 6,710,898,401 bytes read
  Partitioned compression: HGSVC2_first250000: rdf-scan heartbeat — 42,171,326 triples · 6,778,007,426 bytes read
  Partitioned compression: HGSVC2_first250000: rdf-scan heartbeat — 42,590,453 triples · 6,845,116,361 bytes read
  Partitioned compression: HGSVC2_first250000: rdf-scan heartbeat — 43,009,571 triples · 6,912,225,372 bytes read
  Partitioned compression: HGSVC2_first250000: rdf-scan chunk — 43,428,616 triples · 13 chunks · 6,979,322,829 bytes read
  Partitioned compression: HGSVC2_first250000: hdt-chunks started — 12 chunks · hdt-build-00012
  Partitioned compression: HGSVC2_first250000: hdt-chunks complete — 13 chunks · hdt-build-00012
  Partitioned compression: HGSVC2_first250000: cottas-chunks started — 12 chunks · cottas-build-00012
  Partitioned compression: HGSVC2_first250000: cottas-chunks complete — 13 chunks · cottas-build-00012
  Partitioned compression: HGSVC2_first250000: rdf-scan heartbeat — 43,428,687 triples · 6,979,334,244 bytes read
  Partitioned compression: HGSVC2_first250000: rdf-scan heartbeat — 43,847,804 triples · 7,046,443,184 bytes read
  Partitioned compression: HGSVC2_first250000: rdf-scan heartbeat — 44,266,921 triples · 7,113,552,102 bytes read
  Partitioned compression: HGSVC2_first250000: rdf-scan heartbeat — 44,686,065 triples · 7,180,661,078 bytes read
  Partitioned compression: HGSVC2_first250000: rdf-scan heartbeat — 45,105,182 triples · 7,247,770,020 bytes read
  Partitioned compression: HGSVC2_first250000: rdf-scan heartbeat — 45,524,459 triples · 7,314,879,044 bytes read
  Partitioned compression: HGSVC2_first250000: rdf-scan heartbeat — 45,943,579 triples · 7,381,987,972 bytes read
  Partitioned compression: HGSVC2_first250000: rdf-scan heartbeat — 46,362,726 triples · 7,449,096,960 bytes read
  Partitioned compression: HGSVC2_first250000: rdf-scan chunk — 46,781,887 triples · 14 chunks · 7,516,193,848 bytes read
  Partitioned compression: HGSVC2_first250000: hdt-chunks started — 13 chunks · hdt-build-00013
  Partitioned compression: HGSVC2_first250000: hdt-chunks complete — 14 chunks · hdt-build-00013
  Partitioned compression: HGSVC2_first250000: cottas-chunks started — 13 chunks · cottas-build-00013
  Partitioned compression: HGSVC2_first250000: cottas-chunks complete — 14 chunks · cottas-build-00013
  Partitioned compression: HGSVC2_first250000: rdf-scan heartbeat — 46,781,962 triples · 7,516,205,857 bytes read
  Partitioned compression: HGSVC2_first250000: rdf-scan heartbeat — 47,201,121 triples · 7,583,314,859 bytes read
  Partitioned compression: HGSVC2_first250000: rdf-scan heartbeat — 47,620,243 triples · 7,650,423,812 bytes read
  Partitioned compression: HGSVC2_first250000: rdf-scan heartbeat — 48,039,578 triples · 7,717,532,778 bytes read
  Partitioned compression: HGSVC2_first250000: rdf-scan heartbeat — 48,459,624 triples · 7,784,641,719 bytes read
  Partitioned compression: HGSVC2_first250000: rdf-scan heartbeat — 48,878,775 triples · 7,851,750,743 bytes read
  Partitioned compression: HGSVC2_first250000: rdf-scan heartbeat — 49,297,897 triples · 7,918,859,648 bytes read
  Partitioned compression: HGSVC2_first250000: rdf-scan heartbeat — 49,717,015 triples · 7,985,968,573 bytes read
  Partitioned compression: HGSVC2_first250000: rdf-scan chunk — 50,136,413 triples · 15 chunks · 8,053,064,906 bytes read
  Partitioned compression: HGSVC2_first250000: hdt-chunks started — 14 chunks · hdt-build-00014
  Partitioned compression: HGSVC2_first250000: hdt-chunks complete — 15 chunks · hdt-build-00014
  Partitioned compression: HGSVC2_first250000: cottas-chunks started — 14 chunks · cottas-build-00014
  Partitioned compression: HGSVC2_first250000: cottas-chunks complete — 15 chunks · cottas-build-00014
  Partitioned compression: HGSVC2_first250000: rdf-scan heartbeat — 50,136,492 triples · 8,053,077,576 bytes read
  Partitioned compression: HGSVC2_first250000: rdf-scan heartbeat — 50,555,612 triples · 8,120,186,589 bytes read
  Partitioned compression: HGSVC2_first250000: rdf-scan heartbeat — 50,974,735 triples · 8,187,295,489 bytes read
  Partitioned compression: HGSVC2_first250000: rdf-scan heartbeat — 51,393,872 triples · 8,254,404,437 bytes read
  Partitioned compression: HGSVC2_first250000: rdf-scan heartbeat — 51,813,163 triples · 8,321,513,468 bytes read
  Partitioned compression: HGSVC2_first250000: rdf-scan heartbeat — 52,232,280 triples · 8,388,622,349 bytes read
  Partitioned compression: HGSVC2_first250000: rdf-scan heartbeat — 52,651,577 triples · 8,455,731,343 bytes read
  Partitioned compression: HGSVC2_first250000: rdf-scan heartbeat — 53,070,696 triples · 8,522,840,207 bytes read
  Partitioned compression: HGSVC2_first250000: rdf-scan chunk — 53,489,730 triples · 16 chunks · 8,589,935,984 bytes read
  Partitioned compression: HGSVC2_first250000: hdt-chunks started — 15 chunks · hdt-build-00015
  Partitioned compression: HGSVC2_first250000: hdt-chunks complete — 16 chunks · hdt-build-00015
  Partitioned compression: HGSVC2_first250000: cottas-chunks started — 15 chunks · cottas-build-00015
  Partitioned compression: HGSVC2_first250000: cottas-chunks complete — 16 chunks · cottas-build-00015
  Partitioned compression: HGSVC2_first250000: rdf-scan heartbeat — 53,489,813 triples · 8,589,949,202 bytes read
  Partitioned compression: HGSVC2_first250000: rdf-scan heartbeat — 53,908,937 triples · 8,657,058,120 bytes read
  Partitioned compression: HGSVC2_first250000: rdf-scan heartbeat — 54,328,354 triples · 8,724,167,089 bytes read
  Partitioned compression: HGSVC2_first250000: rdf-scan heartbeat — 54,747,673 triples · 8,791,276,006 bytes read
  Partitioned compression: HGSVC2_first250000: rdf-scan heartbeat — 55,167,064 triples · 8,858,384,967 bytes read
  Partitioned compression: HGSVC2_first250000: rdf-scan heartbeat — 55,586,487 triples · 8,925,493,962 bytes read
  Partitioned compression: HGSVC2_first250000: rdf-scan heartbeat — 56,005,618 triples · 8,992,602,953 bytes read
  Partitioned compression: HGSVC2_first250000: rdf-scan heartbeat — 56,424,737 triples · 9,059,711,959 bytes read
  Partitioned compression: HGSVC2_first250000: rdf-scan chunk — 56,843,786 triples · 17 chunks · 9,126,806,914 bytes read
  Partitioned compression: HGSVC2_first250000: hdt-chunks started — 16 chunks · hdt-build-00016
  Partitioned compression: HGSVC2_first250000: hdt-chunks complete — 17 chunks · hdt-build-00016
  Partitioned compression: HGSVC2_first250000: cottas-chunks started — 16 chunks · cottas-build-00016
  Partitioned compression: HGSVC2_first250000: cottas-chunks complete — 17 chunks · cottas-build-00016
  Partitioned compression: HGSVC2_first250000: rdf-scan heartbeat — 56,843,873 triples · 9,126,820,927 bytes read
  Partitioned compression: HGSVC2_first250000: rdf-scan heartbeat — 57,262,991 triples · 9,193,929,944 bytes read
  Partitioned compression: HGSVC2_first250000: rdf-scan heartbeat — 57,682,185 triples · 9,261,038,927 bytes read
  Partitioned compression: HGSVC2_first250000: rdf-scan heartbeat — 58,101,450 triples · 9,328,147,850 bytes read
  Partitioned compression: HGSVC2_first250000: rdf-scan heartbeat — 58,520,572 triples · 9,395,256,772 bytes read
  Partitioned compression: HGSVC2_first250000: rdf-scan heartbeat — 58,939,690 triples · 9,462,365,791 bytes read
  Partitioned compression: HGSVC2_first250000: rdf-scan heartbeat — 59,358,847 triples · 9,529,474,783 bytes read
  Partitioned compression: HGSVC2_first250000: rdf-scan heartbeat — 59,778,200 triples · 9,596,583,670 bytes read
  Partitioned compression: HGSVC2_first250000: rdf-scan chunk — 60,197,355 triples · 18 chunks · 9,663,677,939 bytes read
  Partitioned compression: HGSVC2_first250000: hdt-chunks started — 17 chunks · hdt-build-00017
  Partitioned compression: HGSVC2_first250000: hdt-chunks complete — 18 chunks · hdt-build-00017
  Partitioned compression: HGSVC2_first250000: cottas-chunks started — 17 chunks · cottas-build-00017
  Partitioned compression: HGSVC2_first250000: cottas-chunks complete — 18 chunks · cottas-build-00017
  Partitioned compression: HGSVC2_first250000: rdf-scan heartbeat — 60,197,446 triples · 9,663,692,572 bytes read
  Partitioned compression: HGSVC2_first250000: rdf-scan heartbeat — 60,616,584 triples · 9,730,801,488 bytes read
  Partitioned compression: HGSVC2_first250000: rdf-scan heartbeat — 61,035,710 triples · 9,797,910,470 bytes read
  Partitioned compression: HGSVC2_first250000: rdf-scan heartbeat — 61,455,017 triples · 9,865,019,352 bytes read
  Partitioned compression: HGSVC2_first250000: rdf-scan heartbeat — 61,874,182 triples · 9,932,128,301 bytes read
  Partitioned compression: HGSVC2_first250000: rdf-scan heartbeat — 62,293,547 triples · 9,999,237,211 bytes read
  Partitioned compression: HGSVC2_first250000: rdf-scan heartbeat — 62,712,712 triples · 10,066,346,164 bytes read
  Partitioned compression: HGSVC2_first250000: rdf-scan heartbeat — 63,131,829 triples · 10,133,455,105 bytes read
  Partitioned compression: HGSVC2_first250000: rdf-scan chunk — 63,550,857 triples · 19 chunks · 10,200,548,903 bytes read
  Partitioned compression: HGSVC2_first250000: hdt-chunks started — 18 chunks · hdt-build-00018
  Partitioned compression: HGSVC2_first250000: hdt-chunks complete — 19 chunks · hdt-build-00018
  Partitioned compression: HGSVC2_first250000: cottas-chunks started — 18 chunks · cottas-build-00018
  Partitioned compression: HGSVC2_first250000: cottas-chunks complete — 19 chunks · cottas-build-00018
  Partitioned compression: HGSVC2_first250000: rdf-scan heartbeat — 63,550,952 triples · 10,200,564,098 bytes read
  Partitioned compression: HGSVC2_first250000: rdf-scan heartbeat — 63,970,146 triples · 10,267,673,048 bytes read
  Partitioned compression: HGSVC2_first250000: rdf-scan heartbeat — 64,389,595 triples · 10,334,782,030 bytes read
  Partitioned compression: HGSVC2_first250000: rdf-scan heartbeat — 64,808,714 triples · 10,401,891,026 bytes read
  Partitioned compression: HGSVC2_first250000: rdf-scan heartbeat — 65,227,954 triples · 10,468,999,947 bytes read
  Partitioned compression: HGSVC2_first250000: rdf-scan heartbeat — 65,647,132 triples · 10,536,108,886 bytes read
  Partitioned compression: HGSVC2_first250000: rdf-scan heartbeat — 66,066,508 triples · 10,603,217,841 bytes read
  Partitioned compression: HGSVC2_first250000: rdf-scan heartbeat — 66,485,802 triples · 10,670,326,811 bytes read
  Partitioned compression: HGSVC2_first250000: rdf-scan chunk — 66,904,822 triples · 20 chunks · 10,737,419,996 bytes read
  Partitioned compression: HGSVC2_first250000: hdt-chunks started — 19 chunks · hdt-build-00019
  Partitioned compression: HGSVC2_first250000: hdt-chunks complete — 20 chunks · hdt-build-00019
  Partitioned compression: HGSVC2_first250000: cottas-chunks started — 19 chunks · cottas-build-00019
  Partitioned compression: HGSVC2_first250000: cottas-chunks complete — 20 chunks · cottas-build-00019
  Partitioned compression: HGSVC2_first250000: rdf-scan heartbeat — 66,904,921 triples · 10,737,435,821 bytes read
  Partitioned compression: HGSVC2_first250000: rdf-scan heartbeat — 67,324,038 triples · 10,804,544,766 bytes read
  Partitioned compression: HGSVC2_first250000: rdf-scan heartbeat — 67,743,156 triples · 10,871,653,657 bytes read
  Partitioned compression: HGSVC2_first250000: rdf-scan heartbeat — 68,162,275 triples · 10,938,762,557 bytes read
  Partitioned compression: HGSVC2_first250000: rdf-scan heartbeat — 68,581,406 triples · 11,005,871,507 bytes read
  Partitioned compression: HGSVC2_first250000: rdf-scan heartbeat — 69,000,524 triples · 11,072,980,457 bytes read
  Partitioned compression: HGSVC2_first250000: rdf-scan heartbeat — 69,419,751 triples · 11,140,089,431 bytes read
  Partitioned compression: HGSVC2_first250000: rdf-scan heartbeat — 69,838,895 triples · 11,207,198,407 bytes read
  Partitioned compression: HGSVC2_first250000: rdf-scan chunk — 70,258,006 triples · 21 chunks · 11,274,290,916 bytes read
  Partitioned compression: HGSVC2_first250000: hdt-chunks started — 20 chunks · hdt-build-00020
  Partitioned compression: HGSVC2_first250000: hdt-chunks complete — 21 chunks · hdt-build-00020
  Partitioned compression: HGSVC2_first250000: cottas-chunks started — 20 chunks · cottas-build-00020
  Partitioned compression: HGSVC2_first250000: cottas-chunks complete — 21 chunks · cottas-build-00020
  Partitioned compression: HGSVC2_first250000: rdf-scan heartbeat — 70,258,108 triples · 11,274,307,292 bytes read
  Partitioned compression: HGSVC2_first250000: rdf-scan heartbeat — 70,677,226 triples · 11,341,416,311 bytes read
  Partitioned compression: HGSVC2_first250000: rdf-scan heartbeat — 71,096,462 triples · 11,408,525,182 bytes read
  Partitioned compression: HGSVC2_first250000: rdf-scan heartbeat — 71,516,093 triples · 11,475,634,134 bytes read
  Partitioned compression: HGSVC2_first250000: rdf-scan heartbeat — 71,935,788 triples · 11,542,743,020 bytes read
  Partitioned compression: HGSVC2_first250000: rdf-scan heartbeat — 72,355,071 triples · 11,609,851,932 bytes read
  Partitioned compression: HGSVC2_first250000: rdf-scan heartbeat — 72,774,317 triples · 11,676,960,850 bytes read
  Partitioned compression: HGSVC2_first250000: rdf-scan heartbeat — 73,193,465 triples · 11,744,069,786 bytes read
  Partitioned compression: HGSVC2_first250000: rdf-scan chunk — 73,612,776 triples · 22 chunks · 11,811,161,899 bytes read
  Partitioned compression: HGSVC2_first250000: hdt-chunks started — 21 chunks · hdt-build-00021
  Partitioned compression: HGSVC2_first250000: hdt-chunks complete — 22 chunks · hdt-build-00021
  Partitioned compression: HGSVC2_first250000: cottas-chunks started — 21 chunks · cottas-build-00021
  Partitioned compression: HGSVC2_first250000: cottas-chunks complete — 22 chunks · cottas-build-00021
  Partitioned compression: HGSVC2_first250000: rdf-scan heartbeat — 73,612,882 triples · 11,811,178,762 bytes read
  Partitioned compression: HGSVC2_first250000: rdf-scan heartbeat — 74,032,134 triples · 11,878,287,718 bytes read
  Partitioned compression: HGSVC2_first250000: rdf-scan heartbeat — 74,451,252 triples · 11,945,396,671 bytes read
  Partitioned compression: HGSVC2_first250000: rdf-scan heartbeat — 74,870,452 triples · 12,012,505,704 bytes read
  Partitioned compression: HGSVC2_first250000: rdf-scan heartbeat — 75,289,569 triples · 12,079,614,635 bytes read
  Partitioned compression: HGSVC2_first250000: rdf-scan heartbeat — 75,708,963 triples · 12,146,723,597 bytes read
  Partitioned compression: HGSVC2_first250000: rdf-scan heartbeat — 76,128,211 triples · 12,213,832,532 bytes read
  Partitioned compression: HGSVC2_first250000: rdf-scan heartbeat — 76,547,334 triples · 12,280,941,525 bytes read
  Partitioned compression: HGSVC2_first250000: rdf-scan chunk — 76,966,341 triples · 23 chunks · 12,348,032,835 bytes read
  Partitioned compression: HGSVC2_first250000: hdt-chunks started — 22 chunks · hdt-build-00022
  Partitioned compression: HGSVC2_first250000: hdt-chunks complete — 23 chunks · hdt-build-00022
  Partitioned compression: HGSVC2_first250000: cottas-chunks started — 22 chunks · cottas-build-00022
  Partitioned compression: HGSVC2_first250000: cottas-chunks complete — 23 chunks · cottas-build-00022
  Partitioned compression: HGSVC2_first250000: rdf-scan heartbeat — 76,966,451 triples · 12,348,050,486 bytes read
  Partitioned compression: HGSVC2_first250000: rdf-scan heartbeat — 77,385,613 triples · 12,415,159,457 bytes read
  Partitioned compression: HGSVC2_first250000: rdf-scan heartbeat — 77,804,730 triples · 12,482,268,475 bytes read
  Partitioned compression: HGSVC2_first250000: rdf-scan heartbeat — 78,223,849 triples · 12,549,377,456 bytes read
  Partitioned compression: HGSVC2_first250000: rdf-scan heartbeat — 78,642,967 triples · 12,616,486,382 bytes read
  Partitioned compression: HGSVC2_first250000: rdf-scan heartbeat — 79,062,189 triples · 12,683,595,291 bytes read
  Partitioned compression: HGSVC2_first250000: rdf-scan heartbeat — 79,481,332 triples · 12,750,704,222 bytes read
  Partitioned compression: HGSVC2_first250000: rdf-scan heartbeat — 79,901,899 triples · 12,817,813,126 bytes read
  Partitioned compression: HGSVC2_first250000: rdf-scan chunk — 80,320,921 triples · 24 chunks · 12,884,903,900 bytes read
  Partitioned compression: HGSVC2_first250000: hdt-chunks started — 23 chunks · hdt-build-00023
  Partitioned compression: HGSVC2_first250000: hdt-chunks complete — 24 chunks · hdt-build-00023
  Partitioned compression: HGSVC2_first250000: cottas-chunks started — 23 chunks · cottas-build-00023
  Partitioned compression: HGSVC2_first250000: cottas-chunks complete — 24 chunks · cottas-build-00023
  Partitioned compression: HGSVC2_first250000: rdf-scan heartbeat — 80,321,034 triples · 12,884,922,076 bytes read
  Partitioned compression: HGSVC2_first250000: rdf-scan heartbeat — 80,740,197 triples · 12,952,030,962 bytes read
  Partitioned compression: HGSVC2_first250000: rdf-scan heartbeat — 81,156,260 triples · 13,019,139,885 bytes read
  Partitioned compression: HGSVC2_first250000: rdf-scan heartbeat — 81,572,057 triples · 13,086,248,801 bytes read
  Partitioned compression: HGSVC2_first250000: rdf-scan heartbeat — 81,988,002 triples · 13,153,357,726 bytes read
  Partitioned compression: HGSVC2_first250000: rdf-scan heartbeat — 82,405,375 triples · 13,220,466,694 bytes read
  Partitioned compression: HGSVC2_first250000: rdf-scan heartbeat — 82,823,414 triples · 13,287,575,606 bytes read
  Partitioned compression: HGSVC2_first250000: rdf-scan heartbeat — 83,240,378 triples · 13,354,684,635 bytes read
  Partitioned compression: HGSVC2_first250000: rdf-scan chunk — 83,656,062 triples · 25 chunks · 13,421,774,898 bytes read
  Partitioned compression: HGSVC2_first250000: hdt-chunks started — 24 chunks · hdt-build-00024
  Partitioned compression: HGSVC2_first250000: hdt-chunks complete — 25 chunks · hdt-build-00024
  Partitioned compression: HGSVC2_first250000: cottas-chunks started — 24 chunks · cottas-build-00024
  Partitioned compression: HGSVC2_first250000: cottas-chunks complete — 25 chunks · cottas-build-00024
  Partitioned compression: HGSVC2_first250000: rdf-scan heartbeat — 83,656,177 triples · 13,421,793,520 bytes read
  Partitioned compression: HGSVC2_first250000: rdf-scan heartbeat — 84,072,094 triples · 13,488,902,416 bytes read
  Partitioned compression: HGSVC2_first250000: rdf-scan heartbeat — 84,487,972 triples · 13,556,011,416 bytes read
  Partitioned compression: HGSVC2_first250000: rdf-scan heartbeat — 84,903,993 triples · 13,623,120,286 bytes read
  Partitioned compression: HGSVC2_first250000: rdf-scan heartbeat — 85,319,921 triples · 13,690,229,205 bytes read
  Partitioned compression: HGSVC2_first250000: rdf-scan heartbeat — 85,736,494 triples · 13,757,338,156 bytes read
  Partitioned compression: HGSVC2_first250000: rdf-scan heartbeat — 86,154,530 triples · 13,824,447,092 bytes read
  Partitioned compression: HGSVC2_first250000: rdf-scan heartbeat — 86,572,929 triples · 13,891,556,038 bytes read
  Partitioned compression: HGSVC2_first250000: rdf-scan chunk — 86,986,470 triples · 26 chunks · 13,958,645,913 bytes read
  Partitioned compression: HGSVC2_first250000: hdt-chunks started — 25 chunks · hdt-build-00025
  Partitioned compression: HGSVC2_first250000: hdt-chunks complete — 26 chunks · hdt-build-00025
  Partitioned compression: HGSVC2_first250000: cottas-chunks started — 25 chunks · cottas-build-00025
  Partitioned compression: HGSVC2_first250000: cottas-chunks complete — 26 chunks · cottas-build-00025
  Partitioned compression: HGSVC2_first250000: rdf-scan heartbeat — 86,986,595 triples · 13,958,665,010 bytes read
  Partitioned compression: HGSVC2_first250000: rdf-scan heartbeat — 87,385,865 triples · 14,025,773,910 bytes read
  Partitioned compression: HGSVC2_first250000: rdf-scan heartbeat — 87,787,658 triples · 14,092,882,835 bytes read
  Partitioned compression: HGSVC2_first250000: rdf-scan heartbeat — 88,190,410 triples · 14,159,991,761 bytes read
  Partitioned compression: HGSVC2_first250000: rdf-scan heartbeat — 88,593,562 triples · 14,227,100,753 bytes read
  Partitioned compression: HGSVC2_first250000: rdf-scan heartbeat — 88,894,317 triples · 14,294,209,621 bytes read
  Partitioned compression: HGSVC2_first250000: rdf-scan heartbeat — 89,304,993 triples · 14,361,318,599 bytes read
  Partitioned compression: HGSVC2_first250000: rdf-scan heartbeat — 89,690,819 triples · 14,428,427,604 bytes read
  Partitioned compression: HGSVC2_first250000: rdf-scan chunk — 90,090,240 triples · 27 chunks · 14,495,516,904 bytes read
  Partitioned compression: HGSVC2_first250000: hdt-chunks started — 26 chunks · hdt-build-00026
  Partitioned compression: HGSVC2_first250000: hdt-chunks complete — 27 chunks · hdt-build-00026
  Partitioned compression: HGSVC2_first250000: cottas-chunks started — 26 chunks · cottas-build-00026
  Partitioned compression: HGSVC2_first250000: cottas-chunks complete — 27 chunks · cottas-build-00026
  Partitioned compression: HGSVC2_first250000: rdf-scan heartbeat — 90,090,366 triples · 14,495,537,163 bytes read
  Partitioned compression: HGSVC2_first250000: rdf-scan heartbeat — 90,491,579 triples · 14,562,646,056 bytes read
  Partitioned compression: HGSVC2_first250000: rdf-scan heartbeat — 90,901,240 triples · 14,629,754,920 bytes read
  Partitioned compression: HGSVC2_first250000: rdf-scan heartbeat — 91,305,595 triples · 14,696,863,823 bytes read
  Partitioned compression: HGSVC2_first250000: rdf-scan heartbeat — 91,714,161 triples · 14,763,972,734 bytes read
  Partitioned compression: HGSVC2_first250000: rdf-scan heartbeat — 92,125,611 triples · 14,831,081,700 bytes read
  Partitioned compression: HGSVC2_first250000: rdf-scan heartbeat — 92,517,710 triples · 14,898,190,619 bytes read
  Partitioned compression: HGSVC2_first250000: rdf-scan heartbeat — 92,923,644 triples · 14,965,299,593 bytes read
  Partitioned compression: HGSVC2_first250000: rdf-scan chunk — 93,329,422 triples · 28 chunks · 15,032,387,882 bytes read
  Partitioned compression: HGSVC2_first250000: hdt-chunks started — 27 chunks · hdt-build-00027
  Partitioned compression: HGSVC2_first250000: hdt-chunks complete — 28 chunks · hdt-build-00027
  Partitioned compression: HGSVC2_first250000: cottas-chunks started — 27 chunks · cottas-build-00027
  Partitioned compression: HGSVC2_first250000: cottas-chunks complete — 28 chunks · cottas-build-00027
  Partitioned compression: HGSVC2_first250000: rdf-scan heartbeat — 93,329,550 triples · 15,032,408,526 bytes read
  Partitioned compression: HGSVC2_first250000: rdf-scan heartbeat — 93,736,099 triples · 15,099,517,487 bytes read
  Partitioned compression: HGSVC2_first250000: rdf-scan heartbeat — 94,143,712 triples · 15,166,626,421 bytes read
  Partitioned compression: HGSVC2_first250000: rdf-scan heartbeat — 94,549,274 triples · 15,233,735,359 bytes read
  Partitioned compression: HGSVC2_first250000: rdf-scan heartbeat — 94,957,879 triples · 15,300,844,302 bytes read
  Partitioned compression: HGSVC2_first250000: rdf-scan heartbeat — 95,357,749 triples · 15,367,953,250 bytes read
  Partitioned compression: HGSVC2_first250000: rdf-scan heartbeat — 95,761,277 triples · 15,435,062,116 bytes read
  Partitioned compression: HGSVC2_first250000: rdf-scan heartbeat — 96,155,712 triples · 15,502,171,052 bytes read
  Partitioned compression: HGSVC2_first250000: rdf-scan chunk — 96,553,495 triples · 29 chunks · 15,569,258,851 bytes read
  Partitioned compression: HGSVC2_first250000: hdt-chunks started — 28 chunks · hdt-build-00028
  Partitioned compression: HGSVC2_first250000: hdt-chunks complete — 29 chunks · hdt-build-00028
  Partitioned compression: HGSVC2_first250000: cottas-chunks started — 28 chunks · cottas-build-00028
  Partitioned compression: HGSVC2_first250000: cottas-chunks complete — 29 chunks · cottas-build-00028
  Partitioned compression: HGSVC2_first250000: rdf-scan heartbeat — 96,553,631 triples · 15,569,280,018 bytes read
  Partitioned compression: HGSVC2_first250000: rdf-scan chunk — 96,754,372 triples · 30 chunks · 15,603,308,497 bytes read
  Partitioned compression: HGSVC2_first250000: hdt-chunks started — 29 chunks · hdt-build-00029
  Partitioned compression: HGSVC2_first250000: hdt-chunks complete — 30 chunks · hdt-build-00029
  Partitioned compression: HGSVC2_first250000: cottas-chunks started — 29 chunks · cottas-build-00029
  Partitioned compression: HGSVC2_first250000: cottas-chunks complete — 30 chunks · cottas-build-00029
  Partitioned compression: HGSVC2_first250000: rdf-scan complete — 96,754,372 triples · 30 chunks
  Partitioned compression: HGSVC2_first250000: hdt-chunks complete — 30 chunks
  Partitioned compression: HGSVC2_first250000: cottas-chunks complete — 30 chunks
  Partitioned compression: HGSVC2_first250000: hdt-merge started — hdt-merge-r01-00000
  Partitioned compression: HGSVC2_first250000: hdt-merge complete — hdt-merge-r01-00000
  Partitioned compression: HGSVC2_first250000: hdt-merge started — hdt-merge-r01-00001
  Partitioned compression: HGSVC2_first250000: hdt-merge complete — hdt-merge-r01-00001
  Partitioned compression: HGSVC2_first250000: hdt-merge started — hdt-merge-r01-00002
  Partitioned compression: HGSVC2_first250000: hdt-merge complete — hdt-merge-r01-00002
  Partitioned compression: HGSVC2_first250000: hdt-merge started — hdt-merge-r01-00003
  Partitioned compression: HGSVC2_first250000: hdt-merge complete — hdt-merge-r01-00003
  Partitioned compression: HGSVC2_first250000: hdt-merge started — hdt-merge-r01-00004
  Partitioned compression: HGSVC2_first250000: hdt-merge complete — hdt-merge-r01-00004
  Partitioned compression: HGSVC2_first250000: hdt-merge started — hdt-merge-r01-00005
  Partitioned compression: HGSVC2_first250000: hdt-merge complete — hdt-merge-r01-00005
  Partitioned compression: HGSVC2_first250000: hdt-merge started — hdt-merge-r01-00006
  Partitioned compression: HGSVC2_first250000: hdt-merge complete — hdt-merge-r01-00006
  Partitioned compression: HGSVC2_first250000: hdt-merge started — hdt-merge-r01-00007
  Partitioned compression: HGSVC2_first250000: hdt-merge complete — hdt-merge-r01-00007
  Partitioned compression: HGSVC2_first250000: hdt-merge started — hdt-merge-r01-00008
  Partitioned compression: HGSVC2_first250000: hdt-merge complete — hdt-merge-r01-00008
  Partitioned compression: HGSVC2_first250000: hdt-merge started — hdt-merge-r01-00009
  Partitioned compression: HGSVC2_first250000: hdt-merge complete — hdt-merge-r01-00009
  Partitioned compression: HGSVC2_first250000: hdt-merge started — hdt-merge-r01-00010
  Partitioned compression: HGSVC2_first250000: hdt-merge complete — hdt-merge-r01-00010
  Partitioned compression: HGSVC2_first250000: hdt-merge started — hdt-merge-r01-00011
  Partitioned compression: HGSVC2_first250000: hdt-merge complete — hdt-merge-r01-00011
  Partitioned compression: HGSVC2_first250000: hdt-merge started — hdt-merge-r01-00012
  Partitioned compression: HGSVC2_first250000: hdt-merge complete — hdt-merge-r01-00012
  Partitioned compression: HGSVC2_first250000: hdt-merge started — hdt-merge-r01-00013
  Partitioned compression: HGSVC2_first250000: hdt-merge complete — hdt-merge-r01-00013
  Partitioned compression: HGSVC2_first250000: hdt-merge started — hdt-merge-r01-00014
  Partitioned compression: HGSVC2_first250000: hdt-merge complete — hdt-merge-r01-00014
  Partitioned compression: HGSVC2_first250000: hdt-merge started — hdt-merge-r02-00000
  Partitioned compression: HGSVC2_first250000: hdt-merge complete — hdt-merge-r02-00000
  Partitioned compression: HGSVC2_first250000: hdt-merge started — hdt-merge-r02-00001
  Partitioned compression: HGSVC2_first250000: hdt-merge complete — hdt-merge-r02-00001
  Partitioned compression: HGSVC2_first250000: hdt-merge started — hdt-merge-r02-00002
  Partitioned compression: HGSVC2_first250000: hdt-merge complete — hdt-merge-r02-00002
  Partitioned compression: HGSVC2_first250000: hdt-merge started — hdt-merge-r02-00003
  Partitioned compression: HGSVC2_first250000: hdt-merge complete — hdt-merge-r02-00003
  Partitioned compression: HGSVC2_first250000: hdt-merge started — hdt-merge-r02-00004
  Partitioned compression: HGSVC2_first250000: hdt-merge complete — hdt-merge-r02-00004
  Partitioned compression: HGSVC2_first250000: hdt-merge started — hdt-merge-r02-00005
  Partitioned compression: HGSVC2_first250000: hdt-merge complete — hdt-merge-r02-00005
  Partitioned compression: HGSVC2_first250000: hdt-merge started — hdt-merge-r02-00006
  Partitioned compression: HGSVC2_first250000: hdt-merge complete — hdt-merge-r02-00006
  Partitioned compression: HGSVC2_first250000: hdt-merge started — hdt-merge-r03-00000
  Partitioned compression: HGSVC2_first250000: hdt-merge complete — hdt-merge-r03-00000
  Partitioned compression: HGSVC2_first250000: hdt-merge started — hdt-merge-r03-00001
  Partitioned compression: HGSVC2_first250000: hdt-merge complete — hdt-merge-r03-00001
  Partitioned compression: HGSVC2_first250000: hdt-merge started — hdt-merge-r03-00002
  Partitioned compression: HGSVC2_first250000: hdt-merge complete — hdt-merge-r03-00002
  Partitioned compression: HGSVC2_first250000: hdt-merge started — hdt-merge-r03-00003
  Partitioned compression: HGSVC2_first250000: hdt-merge complete — hdt-merge-r03-00003
  Partitioned compression: HGSVC2_first250000: hdt-merge started — hdt-merge-r04-00000
  Partitioned compression: HGSVC2_first250000: hdt-merge complete — hdt-merge-r04-00000
  Partitioned compression: HGSVC2_first250000: hdt-merge started — hdt-merge-r04-00001
  Partitioned compression: HGSVC2_first250000: hdt-merge complete — hdt-merge-r04-00001
  Partitioned compression: HGSVC2_first250000: hdt-merge started — hdt-merge-r05-00000
  Partitioned compression: HGSVC2_first250000: hdt-merge complete — hdt-merge-r05-00000
  Partitioned compression: HGSVC2_first250000: hdt started — hdt-index
  Partitioned compression: HGSVC2_first250000: hdt complete — hdt-index
  Partitioned compression: HGSVC2_first250000: hdt started — hdt-validate
  Partitioned compression: HGSVC2_first250000: hdt complete — hdt-validate
  Partitioned compression: HGSVC2_first250000: cottas-merge started — cottas-merge-stream
  Partitioned compression: HGSVC2_first250000: cottas-merge started — 0 triples · 30 sorted COTTAS chunks
  Partitioned compression: HGSVC2_first250000: cottas-merge merging — 250,000 triples · 250,000 distinct triples written
  Partitioned compression: HGSVC2_first250000: cottas-merge merging — 500,000 triples · 500,000 distinct triples written
  Partitioned compression: HGSVC2_first250000: cottas-merge merging — 750,000 triples · 750,000 distinct triples written
  Partitioned compression: HGSVC2_first250000: cottas-merge merging — 1,000,000 triples · 1,000,000 distinct triples written
  Partitioned compression: HGSVC2_first250000: cottas-merge merging — 1,250,000 triples · 1,250,000 distinct triples written
  Partitioned compression: HGSVC2_first250000: cottas-merge merging — 1,500,000 triples · 1,500,000 distinct triples written
  Partitioned compression: HGSVC2_first250000: cottas-merge merging — 1,750,000 triples · 1,750,000 distinct triples written
  Partitioned compression: HGSVC2_first250000: cottas-merge merging — 2,000,000 triples · 2,000,000 distinct triples written
  Partitioned compression: HGSVC2_first250000: cottas-merge merging — 2,250,000 triples · 2,250,000 distinct triples written
  Partitioned compression: HGSVC2_first250000: cottas-merge merging — 2,500,000 triples · 2,500,000 distinct triples written
  Partitioned compression: HGSVC2_first250000: cottas-merge merging — 2,750,000 triples · 2,750,000 distinct triples written
  Partitioned compression: HGSVC2_first250000: cottas-merge merging — 3,000,000 triples · 3,000,000 distinct triples written
  Partitioned compression: HGSVC2_first250000: cottas-merge merging — 3,250,000 triples · 3,250,000 distinct triples written
  Partitioned compression: HGSVC2_first250000: cottas-merge merging — 3,500,000 triples · 3,500,000 distinct triples written
  Partitioned compression: HGSVC2_first250000: cottas-merge merging — 3,750,000 triples · 3,750,000 distinct triples written
  Partitioned compression: HGSVC2_first250000: cottas-merge merging — 4,000,000 triples · 4,000,000 distinct triples written
  Partitioned compression: HGSVC2_first250000: cottas-merge merging — 4,250,000 triples · 4,250,000 distinct triples written
  Partitioned compression: HGSVC2_first250000: cottas-merge merging — 4,500,000 triples · 4,500,000 distinct triples written
  Partitioned compression: HGSVC2_first250000: cottas-merge merging — 4,750,000 triples · 4,750,000 distinct triples written
  Partitioned compression: HGSVC2_first250000: cottas-merge merging — 5,000,000 triples · 5,000,000 distinct triples written
  Partitioned compression: HGSVC2_first250000: cottas-merge merging — 5,250,000 triples · 5,250,000 distinct triples written
  Partitioned compression: HGSVC2_first250000: cottas-merge merging — 5,500,000 triples · 5,500,000 distinct triples written
  Partitioned compression: HGSVC2_first250000: cottas-merge merging — 5,750,000 triples · 5,750,000 distinct triples written
  Partitioned compression: HGSVC2_first250000: cottas-merge merging — 6,000,000 triples · 6,000,000 distinct triples written
  Partitioned compression: HGSVC2_first250000: cottas-merge merging — 6,250,000 triples · 6,250,000 distinct triples written
  Partitioned compression: HGSVC2_first250000: cottas-merge merging — 6,500,000 triples · 6,500,000 distinct triples written
  Partitioned compression: HGSVC2_first250000: cottas-merge merging — 6,750,000 triples · 6,750,000 distinct triples written
  Partitioned compression: HGSVC2_first250000: cottas-merge merging — 7,000,000 triples · 7,000,000 distinct triples written
  Partitioned compression: HGSVC2_first250000: cottas-merge merging — 7,250,000 triples · 7,250,000 distinct triples written
  Partitioned compression: HGSVC2_first250000: cottas-merge merging — 7,500,000 triples · 7,500,000 distinct triples written
  Partitioned compression: HGSVC2_first250000: cottas-merge merging — 7,750,000 triples · 7,750,000 distinct triples written
  Partitioned compression: HGSVC2_first250000: cottas-merge merging — 8,000,000 triples · 8,000,000 distinct triples written
  Partitioned compression: HGSVC2_first250000: cottas-merge merging — 8,250,000 triples · 8,250,000 distinct triples written
  Partitioned compression: HGSVC2_first250000: cottas-merge merging — 8,500,000 triples · 8,500,000 distinct triples written
  Partitioned compression: HGSVC2_first250000: cottas-merge merging — 8,750,000 triples · 8,750,000 distinct triples written
  Partitioned compression: HGSVC2_first250000: cottas-merge merging — 9,000,000 triples · 9,000,000 distinct triples written
  Partitioned compression: HGSVC2_first250000: cottas-merge merging — 9,250,000 triples · 9,250,000 distinct triples written
  Partitioned compression: HGSVC2_first250000: cottas-merge merging — 9,500,000 triples · 9,500,000 distinct triples written
  Partitioned compression: HGSVC2_first250000: cottas-merge merging — 9,750,000 triples · 9,750,000 distinct triples written
  Partitioned compression: HGSVC2_first250000: cottas-merge merging — 10,000,000 triples · 10,000,000 distinct triples written
  Partitioned compression: HGSVC2_first250000: cottas-merge merging — 10,250,000 triples · 10,250,000 distinct triples written
  Partitioned compression: HGSVC2_first250000: cottas-merge merging — 10,500,000 triples · 10,500,000 distinct triples written
  Partitioned compression: HGSVC2_first250000: cottas-merge merging — 10,750,000 triples · 10,750,000 distinct triples written
  Partitioned compression: HGSVC2_first250000: cottas-merge merging — 11,000,000 triples · 11,000,000 distinct triples written
  Partitioned compression: HGSVC2_first250000: cottas-merge merging — 11,250,000 triples · 11,250,000 distinct triples written
  Partitioned compression: HGSVC2_first250000: cottas-merge merging — 11,500,000 triples · 11,500,000 distinct triples written
  Partitioned compression: HGSVC2_first250000: cottas-merge merging — 11,750,000 triples · 11,750,000 distinct triples written
  Partitioned compression: HGSVC2_first250000: cottas-merge merging — 12,000,000 triples · 12,000,000 distinct triples written
  Partitioned compression: HGSVC2_first250000: cottas-merge merging — 12,250,000 triples · 12,250,000 distinct triples written
  Partitioned compression: HGSVC2_first250000: cottas-merge merging — 12,500,000 triples · 12,500,000 distinct triples written
  Partitioned compression: HGSVC2_first250000: cottas-merge merging — 12,750,000 triples · 12,750,000 distinct triples written
  Partitioned compression: HGSVC2_first250000: cottas-merge merging — 13,000,000 triples · 13,000,000 distinct triples written
  Partitioned compression: HGSVC2_first250000: cottas-merge merging — 13,250,000 triples · 13,250,000 distinct triples written
  Partitioned compression: HGSVC2_first250000: cottas-merge merging — 13,500,000 triples · 13,500,000 distinct triples written
  Partitioned compression: HGSVC2_first250000: cottas-merge merging — 13,750,000 triples · 13,750,000 distinct triples written
  Partitioned compression: HGSVC2_first250000: cottas-merge merging — 14,000,000 triples · 14,000,000 distinct triples written
  Partitioned compression: HGSVC2_first250000: cottas-merge merging — 14,250,000 triples · 14,250,000 distinct triples written
  Partitioned compression: HGSVC2_first250000: cottas-merge merging — 14,500,000 triples · 14,500,000 distinct triples written
  Partitioned compression: HGSVC2_first250000: cottas-merge merging — 14,750,000 triples · 14,750,000 distinct triples written
  Partitioned compression: HGSVC2_first250000: cottas-merge merging — 15,000,000 triples · 15,000,000 distinct triples written
  Partitioned compression: HGSVC2_first250000: cottas-merge merging — 15,250,000 triples · 15,250,000 distinct triples written
  Partitioned compression: HGSVC2_first250000: cottas-merge merging — 15,500,000 triples · 15,500,000 distinct triples written
  Partitioned compression: HGSVC2_first250000: cottas-merge merging — 15,750,000 triples · 15,750,000 distinct triples written
  Partitioned compression: HGSVC2_first250000: cottas-merge merging — 16,000,000 triples · 16,000,000 distinct triples written
  Partitioned compression: HGSVC2_first250000: cottas-merge merging — 16,250,000 triples · 16,250,000 distinct triples written
  Partitioned compression: HGSVC2_first250000: cottas-merge merging — 16,500,000 triples · 16,500,000 distinct triples written
  Partitioned compression: HGSVC2_first250000: cottas-merge merging — 16,750,000 triples · 16,750,000 distinct triples written
  Partitioned compression: HGSVC2_first250000: cottas-merge merging — 17,000,000 triples · 17,000,000 distinct triples written
  Partitioned compression: HGSVC2_first250000: cottas-merge merging — 17,250,000 triples · 17,250,000 distinct triples written
  Partitioned compression: HGSVC2_first250000: cottas-merge merging — 17,500,000 triples · 17,500,000 distinct triples written
  Partitioned compression: HGSVC2_first250000: cottas-merge merging — 17,750,000 triples · 17,750,000 distinct triples written
  Partitioned compression: HGSVC2_first250000: cottas-merge merging — 18,000,000 triples · 18,000,000 distinct triples written
  Partitioned compression: HGSVC2_first250000: cottas-merge merging — 18,250,000 triples · 18,250,000 distinct triples written
  Partitioned compression: HGSVC2_first250000: cottas-merge merging — 18,500,000 triples · 18,500,000 distinct triples written
  Partitioned compression: HGSVC2_first250000: cottas-merge merging — 18,750,000 triples · 18,750,000 distinct triples written
  Partitioned compression: HGSVC2_first250000: cottas-merge merging — 19,000,000 triples · 19,000,000 distinct triples written
  Partitioned compression: HGSVC2_first250000: cottas-merge merging — 19,250,000 triples · 19,250,000 distinct triples written
  Partitioned compression: HGSVC2_first250000: cottas-merge merging — 19,500,000 triples · 19,500,000 distinct triples written
  Partitioned compression: HGSVC2_first250000: cottas-merge merging — 19,750,000 triples · 19,750,000 distinct triples written
  Partitioned compression: HGSVC2_first250000: cottas-merge merging — 20,000,000 triples · 20,000,000 distinct triples written
  Partitioned compression: HGSVC2_first250000: cottas-merge merging — 20,250,000 triples · 20,250,000 distinct triples written
  Partitioned compression: HGSVC2_first250000: cottas-merge merging — 20,500,000 triples · 20,500,000 distinct triples written
  Partitioned compression: HGSVC2_first250000: cottas-merge merging — 20,750,000 triples · 20,750,000 distinct triples written
  Partitioned compression: HGSVC2_first250000: cottas-merge merging — 21,000,000 triples · 21,000,000 distinct triples written
  Partitioned compression: HGSVC2_first250000: cottas-merge merging — 21,250,000 triples · 21,250,000 distinct triples written
  Partitioned compression: HGSVC2_first250000: cottas-merge merging — 21,500,000 triples · 21,500,000 distinct triples written
  Partitioned compression: HGSVC2_first250000: cottas-merge merging — 21,750,000 triples · 21,750,000 distinct triples written
  Partitioned compression: HGSVC2_first250000: cottas-merge merging — 22,000,000 triples · 22,000,000 distinct triples written
  Partitioned compression: HGSVC2_first250000: cottas-merge merging — 22,250,000 triples · 22,250,000 distinct triples written
  Partitioned compression: HGSVC2_first250000: cottas-merge merging — 22,500,000 triples · 22,500,000 distinct triples written
  Partitioned compression: HGSVC2_first250000: cottas-merge merging — 22,750,000 triples · 22,750,000 distinct triples written
  Partitioned compression: HGSVC2_first250000: cottas-merge merging — 23,000,000 triples · 23,000,000 distinct triples written
  Partitioned compression: HGSVC2_first250000: cottas-merge merging — 23,250,000 triples · 23,250,000 distinct triples written
  Partitioned compression: HGSVC2_first250000: cottas-merge merging — 23,500,000 triples · 23,500,000 distinct triples written
  Partitioned compression: HGSVC2_first250000: cottas-merge merging — 23,750,000 triples · 23,750,000 distinct triples written
  Partitioned compression: HGSVC2_first250000: cottas-merge merging — 24,000,000 triples · 24,000,000 distinct triples written
  Partitioned compression: HGSVC2_first250000: cottas-merge merging — 24,250,000 triples · 24,250,000 distinct triples written
  Partitioned compression: HGSVC2_first250000: cottas-merge merging — 24,500,000 triples · 24,500,000 distinct triples written
  Partitioned compression: HGSVC2_first250000: cottas-merge merging — 24,750,000 triples · 24,750,000 distinct triples written
  Partitioned compression: HGSVC2_first250000: cottas-merge merging — 25,000,000 triples · 25,000,000 distinct triples written
  Partitioned compression: HGSVC2_first250000: cottas-merge merging — 25,250,000 triples · 25,250,000 distinct triples written
  Partitioned compression: HGSVC2_first250000: cottas-merge merging — 25,500,000 triples · 25,500,000 distinct triples written
  Partitioned compression: HGSVC2_first250000: cottas-merge merging — 25,750,000 triples · 25,750,000 distinct triples written
  Partitioned compression: HGSVC2_first250000: cottas-merge merging — 26,000,000 triples · 26,000,000 distinct triples written
  Partitioned compression: HGSVC2_first250000: cottas-merge merging — 26,250,000 triples · 26,250,000 distinct triples written
  Partitioned compression: HGSVC2_first250000: cottas-merge merging — 26,500,000 triples · 26,500,000 distinct triples written
  Partitioned compression: HGSVC2_first250000: cottas-merge merging — 26,750,000 triples · 26,750,000 distinct triples written
  Partitioned compression: HGSVC2_first250000: cottas-merge merging — 27,000,000 triples · 27,000,000 distinct triples written
  Partitioned compression: HGSVC2_first250000: cottas-merge merging — 27,250,000 triples · 27,250,000 distinct triples written
  Partitioned compression: HGSVC2_first250000: cottas-merge merging — 27,500,000 triples · 27,500,000 distinct triples written
  Partitioned compression: HGSVC2_first250000: cottas-merge merging — 27,750,000 triples · 27,750,000 distinct triples written
  Partitioned compression: HGSVC2_first250000: cottas-merge merging — 28,000,000 triples · 28,000,000 distinct triples written
  Partitioned compression: HGSVC2_first250000: cottas-merge merging — 28,250,000 triples · 28,250,000 distinct triples written
  Partitioned compression: HGSVC2_first250000: cottas-merge merging — 28,500,000 triples · 28,500,000 distinct triples written
  Partitioned compression: HGSVC2_first250000: cottas-merge merging — 28,750,000 triples · 28,750,000 distinct triples written
  Partitioned compression: HGSVC2_first250000: cottas-merge merging — 29,000,000 triples · 29,000,000 distinct triples written
  Partitioned compression: HGSVC2_first250000: cottas-merge merging — 29,250,000 triples · 29,250,000 distinct triples written
  Partitioned compression: HGSVC2_first250000: cottas-merge merging — 29,500,000 triples · 29,500,000 distinct triples written
  Partitioned compression: HGSVC2_first250000: cottas-merge merging — 29,750,000 triples · 29,750,000 distinct triples written
  Partitioned compression: HGSVC2_first250000: cottas-merge merging — 30,000,000 triples · 30,000,000 distinct triples written
  Partitioned compression: HGSVC2_first250000: cottas-merge merging — 30,250,000 triples · 30,250,000 distinct triples written
  Partitioned compression: HGSVC2_first250000: cottas-merge merging — 30,500,000 triples · 30,500,000 distinct triples written
  Partitioned compression: HGSVC2_first250000: cottas-merge merging — 30,750,000 triples · 30,750,000 distinct triples written
  Partitioned compression: HGSVC2_first250000: cottas-merge merging — 31,000,000 triples · 31,000,000 distinct triples written
  Partitioned compression: HGSVC2_first250000: cottas-merge merging — 31,250,000 triples · 31,250,000 distinct triples written
  Partitioned compression: HGSVC2_first250000: cottas-merge merging — 31,500,000 triples · 31,500,000 distinct triples written
  Partitioned compression: HGSVC2_first250000: cottas-merge merging — 31,750,000 triples · 31,750,000 distinct triples written
  Partitioned compression: HGSVC2_first250000: cottas-merge merging — 32,000,000 triples · 32,000,000 distinct triples written
  Partitioned compression: HGSVC2_first250000: cottas-merge merging — 32,250,000 triples · 32,250,000 distinct triples written
  Partitioned compression: HGSVC2_first250000: cottas-merge merging — 32,500,000 triples · 32,500,000 distinct triples written
  Partitioned compression: HGSVC2_first250000: cottas-merge merging — 32,750,000 triples · 32,750,000 distinct triples written
  Partitioned compression: HGSVC2_first250000: cottas-merge merging — 33,000,000 triples · 33,000,000 distinct triples written
  Partitioned compression: HGSVC2_first250000: cottas-merge merging — 33,250,000 triples · 33,250,000 distinct triples written
  Partitioned compression: HGSVC2_first250000: cottas-merge merging — 33,500,000 triples · 33,500,000 distinct triples written
  Partitioned compression: HGSVC2_first250000: cottas-merge merging — 33,750,000 triples · 33,750,000 distinct triples written
  Partitioned compression: HGSVC2_first250000: cottas-merge merging — 34,000,000 triples · 34,000,000 distinct triples written
  Partitioned compression: HGSVC2_first250000: cottas-merge merging — 34,250,000 triples · 34,250,000 distinct triples written
  Partitioned compression: HGSVC2_first250000: cottas-merge merging — 34,500,000 triples · 34,500,000 distinct triples written
  Partitioned compression: HGSVC2_first250000: cottas-merge merging — 34,750,000 triples · 34,750,000 distinct triples written
  Partitioned compression: HGSVC2_first250000: cottas-merge merging — 35,000,000 triples · 35,000,000 distinct triples written
  Partitioned compression: HGSVC2_first250000: cottas-merge merging — 35,250,000 triples · 35,250,000 distinct triples written
  Partitioned compression: HGSVC2_first250000: cottas-merge merging — 35,500,000 triples · 35,500,000 distinct triples written
  Partitioned compression: HGSVC2_first250000: cottas-merge merging — 35,750,000 triples · 35,750,000 distinct triples written
  Partitioned compression: HGSVC2_first250000: cottas-merge merging — 36,000,000 triples · 36,000,000 distinct triples written
  Partitioned compression: HGSVC2_first250000: cottas-merge merging — 36,250,000 triples · 36,250,000 distinct triples written
  Partitioned compression: HGSVC2_first250000: cottas-merge merging — 36,500,000 triples · 36,500,000 distinct triples written
  Partitioned compression: HGSVC2_first250000: cottas-merge merging — 36,750,000 triples · 36,750,000 distinct triples written
  Partitioned compression: HGSVC2_first250000: cottas-merge merging — 37,000,000 triples · 37,000,000 distinct triples written
  Partitioned compression: HGSVC2_first250000: cottas-merge merging — 37,250,000 triples · 37,250,000 distinct triples written
  Partitioned compression: HGSVC2_first250000: cottas-merge merging — 37,500,000 triples · 37,500,000 distinct triples written
  Partitioned compression: HGSVC2_first250000: cottas-merge merging — 37,750,000 triples · 37,750,000 distinct triples written
  Partitioned compression: HGSVC2_first250000: cottas-merge merging — 38,000,000 triples · 38,000,000 distinct triples written
  Partitioned compression: HGSVC2_first250000: cottas-merge merging — 38,250,000 triples · 38,250,000 distinct triples written
  Partitioned compression: HGSVC2_first250000: cottas-merge merging — 38,500,000 triples · 38,500,000 distinct triples written
  Partitioned compression: HGSVC2_first250000: cottas-merge merging — 38,750,000 triples · 38,750,000 distinct triples written
  Partitioned compression: HGSVC2_first250000: cottas-merge merging — 39,000,000 triples · 39,000,000 distinct triples written
  Partitioned compression: HGSVC2_first250000: cottas-merge merging — 39,250,000 triples · 39,250,000 distinct triples written
  Partitioned compression: HGSVC2_first250000: cottas-merge merging — 39,500,000 triples · 39,500,000 distinct triples written
  Partitioned compression: HGSVC2_first250000: cottas-merge merging — 39,750,000 triples · 39,750,000 distinct triples written
  Partitioned compression: HGSVC2_first250000: cottas-merge merging — 40,000,000 triples · 40,000,000 distinct triples written
  Partitioned compression: HGSVC2_first250000: cottas-merge merging — 40,250,000 triples · 40,250,000 distinct triples written
  Partitioned compression: HGSVC2_first250000: cottas-merge merging — 40,500,000 triples · 40,500,000 distinct triples written
  Partitioned compression: HGSVC2_first250000: cottas-merge merging — 40,750,000 triples · 40,750,000 distinct triples written
  Partitioned compression: HGSVC2_first250000: cottas-merge merging — 41,000,000 triples · 41,000,000 distinct triples written
  Partitioned compression: HGSVC2_first250000: cottas-merge merging — 41,250,000 triples · 41,250,000 distinct triples written
  Partitioned compression: HGSVC2_first250000: cottas-merge merging — 41,500,000 triples · 41,500,000 distinct triples written
  Partitioned compression: HGSVC2_first250000: cottas-merge merging — 41,750,000 triples · 41,750,000 distinct triples written
  Partitioned compression: HGSVC2_first250000: cottas-merge merging — 42,000,000 triples · 42,000,000 distinct triples written
  Partitioned compression: HGSVC2_first250000: cottas-merge merging — 42,250,000 triples · 42,250,000 distinct triples written
  Partitioned compression: HGSVC2_first250000: cottas-merge merging — 42,500,000 triples · 42,500,000 distinct triples written
  Partitioned compression: HGSVC2_first250000: cottas-merge merging — 42,750,000 triples · 42,750,000 distinct triples written
  Partitioned compression: HGSVC2_first250000: cottas-merge merging — 43,000,000 triples · 43,000,000 distinct triples written
  Partitioned compression: HGSVC2_first250000: cottas-merge merging — 43,250,000 triples · 43,250,000 distinct triples written
  Partitioned compression: HGSVC2_first250000: cottas-merge merging — 43,500,000 triples · 43,500,000 distinct triples written
  Partitioned compression: HGSVC2_first250000: cottas-merge merging — 43,750,000 triples · 43,750,000 distinct triples written
  Partitioned compression: HGSVC2_first250000: cottas-merge merging — 44,000,000 triples · 44,000,000 distinct triples written
  Partitioned compression: HGSVC2_first250000: cottas-merge merging — 44,250,000 triples · 44,250,000 distinct triples written
  Partitioned compression: HGSVC2_first250000: cottas-merge merging — 44,500,000 triples · 44,500,000 distinct triples written
  Partitioned compression: HGSVC2_first250000: cottas-merge merging — 44,750,000 triples · 44,750,000 distinct triples written
  Partitioned compression: HGSVC2_first250000: cottas-merge merging — 45,000,000 triples · 45,000,000 distinct triples written
  Partitioned compression: HGSVC2_first250000: cottas-merge merging — 45,250,000 triples · 45,250,000 distinct triples written
  Partitioned compression: HGSVC2_first250000: cottas-merge merging — 45,500,000 triples · 45,500,000 distinct triples written
  Partitioned compression: HGSVC2_first250000: cottas-merge merging — 45,750,000 triples · 45,750,000 distinct triples written
  Partitioned compression: HGSVC2_first250000: cottas-merge merging — 46,000,000 triples · 46,000,000 distinct triples written
  Partitioned compression: HGSVC2_first250000: cottas-merge merging — 46,250,000 triples · 46,250,000 distinct triples written
  Partitioned compression: HGSVC2_first250000: cottas-merge merging — 46,500,000 triples · 46,500,000 distinct triples written
  Partitioned compression: HGSVC2_first250000: cottas-merge merging — 46,750,000 triples · 46,750,000 distinct triples written
  Partitioned compression: HGSVC2_first250000: cottas-merge merging — 47,000,000 triples · 47,000,000 distinct triples written
  Partitioned compression: HGSVC2_first250000: cottas-merge merging — 47,250,000 triples · 47,250,000 distinct triples written
  Partitioned compression: HGSVC2_first250000: cottas-merge merging — 47,500,000 triples · 47,500,000 distinct triples written
  Partitioned compression: HGSVC2_first250000: cottas-merge merging — 47,750,000 triples · 47,750,000 distinct triples written
  Partitioned compression: HGSVC2_first250000: cottas-merge merging — 48,000,000 triples · 48,000,000 distinct triples written
  Partitioned compression: HGSVC2_first250000: cottas-merge merging — 48,250,000 triples · 48,250,000 distinct triples written
  Partitioned compression: HGSVC2_first250000: cottas-merge merging — 48,500,000 triples · 48,500,000 distinct triples written
  Partitioned compression: HGSVC2_first250000: cottas-merge merging — 48,750,000 triples · 48,750,000 distinct triples written
  Partitioned compression: HGSVC2_first250000: cottas-merge merging — 49,000,000 triples · 49,000,000 distinct triples written
  Partitioned compression: HGSVC2_first250000: cottas-merge merging — 49,250,000 triples · 49,250,000 distinct triples written
  Partitioned compression: HGSVC2_first250000: cottas-merge merging — 49,500,000 triples · 49,500,000 distinct triples written
  Partitioned compression: HGSVC2_first250000: cottas-merge merging — 49,750,000 triples · 49,750,000 distinct triples written
  Partitioned compression: HGSVC2_first250000: cottas-merge merging — 50,000,000 triples · 50,000,000 distinct triples written
  Partitioned compression: HGSVC2_first250000: cottas-merge merging — 50,250,000 triples · 50,250,000 distinct triples written
  Partitioned compression: HGSVC2_first250000: cottas-merge merging — 50,500,000 triples · 50,500,000 distinct triples written
  Partitioned compression: HGSVC2_first250000: cottas-merge merging — 50,750,000 triples · 50,750,000 distinct triples written
  Partitioned compression: HGSVC2_first250000: cottas-merge merging — 51,000,000 triples · 51,000,000 distinct triples written
  Partitioned compression: HGSVC2_first250000: cottas-merge merging — 51,250,000 triples · 51,250,000 distinct triples written
  Partitioned compression: HGSVC2_first250000: cottas-merge merging — 51,500,000 triples · 51,500,000 distinct triples written
  Partitioned compression: HGSVC2_first250000: cottas-merge merging — 51,750,000 triples · 51,750,000 distinct triples written
  Partitioned compression: HGSVC2_first250000: cottas-merge merging — 52,000,000 triples · 52,000,000 distinct triples written
  Partitioned compression: HGSVC2_first250000: cottas-merge merging — 52,250,000 triples · 52,250,000 distinct triples written
  Partitioned compression: HGSVC2_first250000: cottas-merge merging — 52,500,000 triples · 52,500,000 distinct triples written
  Partitioned compression: HGSVC2_first250000: cottas-merge merging — 52,750,000 triples · 52,750,000 distinct triples written
  Partitioned compression: HGSVC2_first250000: cottas-merge merging — 53,000,000 triples · 53,000,000 distinct triples written
  Partitioned compression: HGSVC2_first250000: cottas-merge merging — 53,250,000 triples · 53,250,000 distinct triples written
  Partitioned compression: HGSVC2_first250000: cottas-merge merging — 53,500,000 triples · 53,500,000 distinct triples written
  Partitioned compression: HGSVC2_first250000: cottas-merge merging — 53,750,000 triples · 53,750,000 distinct triples written
  Partitioned compression: HGSVC2_first250000: cottas-merge merging — 54,000,000 triples · 54,000,000 distinct triples written
  Partitioned compression: HGSVC2_first250000: cottas-merge merging — 54,250,000 triples · 54,250,000 distinct triples written
  Partitioned compression: HGSVC2_first250000: cottas-merge merging — 54,500,000 triples · 54,500,000 distinct triples written
  Partitioned compression: HGSVC2_first250000: cottas-merge merging — 54,750,000 triples · 54,750,000 distinct triples written
  Partitioned compression: HGSVC2_first250000: cottas-merge merging — 55,000,000 triples · 55,000,000 distinct triples written
  Partitioned compression: HGSVC2_first250000: cottas-merge merging — 55,250,000 triples · 55,250,000 distinct triples written
  Partitioned compression: HGSVC2_first250000: cottas-merge merging — 55,500,000 triples · 55,500,000 distinct triples written
  Partitioned compression: HGSVC2_first250000: cottas-merge merging — 55,750,000 triples · 55,750,000 distinct triples written
  Partitioned compression: HGSVC2_first250000: cottas-merge merging — 56,000,000 triples · 56,000,000 distinct triples written
  Partitioned compression: HGSVC2_first250000: cottas-merge merging — 56,250,000 triples · 56,250,000 distinct triples written
  Partitioned compression: HGSVC2_first250000: cottas-merge merging — 56,500,000 triples · 56,500,000 distinct triples written
  Partitioned compression: HGSVC2_first250000: cottas-merge merging — 56,750,000 triples · 56,750,000 distinct triples written
  Partitioned compression: HGSVC2_first250000: cottas-merge merging — 57,000,000 triples · 57,000,000 distinct triples written
  Partitioned compression: HGSVC2_first250000: cottas-merge merging — 57,250,000 triples · 57,250,000 distinct triples written
  Partitioned compression: HGSVC2_first250000: cottas-merge merging — 57,500,000 triples · 57,500,000 distinct triples written
  Partitioned compression: HGSVC2_first250000: cottas-merge merging — 57,750,000 triples · 57,750,000 distinct triples written
  Partitioned compression: HGSVC2_first250000: cottas-merge merging — 58,000,000 triples · 58,000,000 distinct triples written
  Partitioned compression: HGSVC2_first250000: cottas-merge merging — 58,250,000 triples · 58,250,000 distinct triples written
  Partitioned compression: HGSVC2_first250000: cottas-merge merging — 58,500,000 triples · 58,500,000 distinct triples written
  Partitioned compression: HGSVC2_first250000: cottas-merge merging — 58,750,000 triples · 58,750,000 distinct triples written
  Partitioned compression: HGSVC2_first250000: cottas-merge merging — 59,000,000 triples · 59,000,000 distinct triples written
  Partitioned compression: HGSVC2_first250000: cottas-merge merging — 59,250,000 triples · 59,250,000 distinct triples written
  Partitioned compression: HGSVC2_first250000: cottas-merge merging — 59,500,000 triples · 59,500,000 distinct triples written
  Partitioned compression: HGSVC2_first250000: cottas-merge merging — 59,750,000 triples · 59,750,000 distinct triples written
  Partitioned compression: HGSVC2_first250000: cottas-merge merging — 60,000,000 triples · 60,000,000 distinct triples written
  Partitioned compression: HGSVC2_first250000: cottas-merge merging — 60,250,000 triples · 60,250,000 distinct triples written
  Partitioned compression: HGSVC2_first250000: cottas-merge merging — 60,500,000 triples · 60,500,000 distinct triples written
  Partitioned compression: HGSVC2_first250000: cottas-merge merging — 60,750,000 triples · 60,750,000 distinct triples written
  Partitioned compression: HGSVC2_first250000: cottas-merge merging — 61,000,000 triples · 61,000,000 distinct triples written
  Partitioned compression: HGSVC2_first250000: cottas-merge merging — 61,250,000 triples · 61,250,000 distinct triples written
  Partitioned compression: HGSVC2_first250000: cottas-merge merging — 61,500,000 triples · 61,500,000 distinct triples written
  Partitioned compression: HGSVC2_first250000: cottas-merge merging — 61,750,000 triples · 61,750,000 distinct triples written
  Partitioned compression: HGSVC2_first250000: cottas-merge merging — 62,000,000 triples · 62,000,000 distinct triples written
  Partitioned compression: HGSVC2_first250000: cottas-merge merging — 62,250,000 triples · 62,250,000 distinct triples written
  Partitioned compression: HGSVC2_first250000: cottas-merge merging — 62,500,000 triples · 62,500,000 distinct triples written
  Partitioned compression: HGSVC2_first250000: cottas-merge merging — 62,750,000 triples · 62,750,000 distinct triples written
  Partitioned compression: HGSVC2_first250000: cottas-merge merging — 63,000,000 triples · 63,000,000 distinct triples written
  Partitioned compression: HGSVC2_first250000: cottas-merge merging — 63,250,000 triples · 63,250,000 distinct triples written
  Partitioned compression: HGSVC2_first250000: cottas-merge merging — 63,500,000 triples · 63,500,000 distinct triples written
  Partitioned compression: HGSVC2_first250000: cottas-merge merging — 63,750,000 triples · 63,750,000 distinct triples written
  Partitioned compression: HGSVC2_first250000: cottas-merge merging — 64,000,000 triples · 64,000,000 distinct triples written
  Partitioned compression: HGSVC2_first250000: cottas-merge merging — 64,250,000 triples · 64,250,000 distinct triples written
  Partitioned compression: HGSVC2_first250000: cottas-merge merging — 64,500,000 triples · 64,500,000 distinct triples written
  Partitioned compression: HGSVC2_first250000: cottas-merge merging — 64,750,000 triples · 64,750,000 distinct triples written
  Partitioned compression: HGSVC2_first250000: cottas-merge merging — 65,000,000 triples · 65,000,000 distinct triples written
  Partitioned compression: HGSVC2_first250000: cottas-merge merging — 65,250,000 triples · 65,250,000 distinct triples written
  Partitioned compression: HGSVC2_first250000: cottas-merge merging — 65,500,000 triples · 65,500,000 distinct triples written
  Partitioned compression: HGSVC2_first250000: cottas-merge merging — 65,750,000 triples · 65,750,000 distinct triples written
  Partitioned compression: HGSVC2_first250000: cottas-merge merging — 66,000,000 triples · 66,000,000 distinct triples written
  Partitioned compression: HGSVC2_first250000: cottas-merge merging — 66,250,000 triples · 66,250,000 distinct triples written
  Partitioned compression: HGSVC2_first250000: cottas-merge merging — 66,500,000 triples · 66,500,000 distinct triples written
  Partitioned compression: HGSVC2_first250000: cottas-merge merging — 66,750,000 triples · 66,750,000 distinct triples written
  Partitioned compression: HGSVC2_first250000: cottas-merge merging — 67,000,000 triples · 67,000,000 distinct triples written
  Partitioned compression: HGSVC2_first250000: cottas-merge merging — 67,250,000 triples · 67,250,000 distinct triples written
  Partitioned compression: HGSVC2_first250000: cottas-merge merging — 67,500,000 triples · 67,500,000 distinct triples written
  Partitioned compression: HGSVC2_first250000: cottas-merge merging — 67,750,000 triples · 67,750,000 distinct triples written
  Partitioned compression: HGSVC2_first250000: cottas-merge merging — 68,000,000 triples · 68,000,000 distinct triples written
  Partitioned compression: HGSVC2_first250000: cottas-merge merging — 68,250,000 triples · 68,250,000 distinct triples written
  Partitioned compression: HGSVC2_first250000: cottas-merge merging — 68,500,000 triples · 68,500,000 distinct triples written
  Partitioned compression: HGSVC2_first250000: cottas-merge merging — 68,750,000 triples · 68,750,000 distinct triples written
  Partitioned compression: HGSVC2_first250000: cottas-merge merging — 69,000,000 triples · 69,000,000 distinct triples written
  Partitioned compression: HGSVC2_first250000: cottas-merge merging — 69,250,000 triples · 69,250,000 distinct triples written
  Partitioned compression: HGSVC2_first250000: cottas-merge merging — 69,500,000 triples · 69,500,000 distinct triples written
  Partitioned compression: HGSVC2_first250000: cottas-merge merging — 69,750,000 triples · 69,750,000 distinct triples written
  Partitioned compression: HGSVC2_first250000: cottas-merge merging — 70,000,000 triples · 70,000,000 distinct triples written
  Partitioned compression: HGSVC2_first250000: cottas-merge merging — 70,250,000 triples · 70,250,000 distinct triples written
  Partitioned compression: HGSVC2_first250000: cottas-merge merging — 70,500,000 triples · 70,500,000 distinct triples written
  Partitioned compression: HGSVC2_first250000: cottas-merge merging — 70,750,000 triples · 70,750,000 distinct triples written
  Partitioned compression: HGSVC2_first250000: cottas-merge merging — 71,000,000 triples · 71,000,000 distinct triples written
  Partitioned compression: HGSVC2_first250000: cottas-merge merging — 71,250,000 triples · 71,250,000 distinct triples written
  Partitioned compression: HGSVC2_first250000: cottas-merge merging — 71,500,000 triples · 71,500,000 distinct triples written
  Partitioned compression: HGSVC2_first250000: cottas-merge merging — 71,750,000 triples · 71,750,000 distinct triples written
  Partitioned compression: HGSVC2_first250000: cottas-merge merging — 72,000,000 triples · 72,000,000 distinct triples written
  Partitioned compression: HGSVC2_first250000: cottas-merge merging — 72,250,000 triples · 72,250,000 distinct triples written
  Partitioned compression: HGSVC2_first250000: cottas-merge merging — 72,500,000 triples · 72,500,000 distinct triples written
  Partitioned compression: HGSVC2_first250000: cottas-merge merging — 72,750,000 triples · 72,750,000 distinct triples written
  Partitioned compression: HGSVC2_first250000: cottas-merge merging — 73,000,000 triples · 73,000,000 distinct triples written
  Partitioned compression: HGSVC2_first250000: cottas-merge merging — 73,250,000 triples · 73,250,000 distinct triples written
  Partitioned compression: HGSVC2_first250000: cottas-merge merging — 73,500,000 triples · 73,500,000 distinct triples written
  Partitioned compression: HGSVC2_first250000: cottas-merge merging — 73,750,000 triples · 73,750,000 distinct triples written
  Partitioned compression: HGSVC2_first250000: cottas-merge merging — 74,000,000 triples · 74,000,000 distinct triples written
  Partitioned compression: HGSVC2_first250000: cottas-merge merging — 74,250,000 triples · 74,250,000 distinct triples written
  Partitioned compression: HGSVC2_first250000: cottas-merge merging — 74,500,000 triples · 74,500,000 distinct triples written
  Partitioned compression: HGSVC2_first250000: cottas-merge merging — 74,750,000 triples · 74,750,000 distinct triples written
  Partitioned compression: HGSVC2_first250000: cottas-merge merging — 75,000,000 triples · 75,000,000 distinct triples written
  Partitioned compression: HGSVC2_first250000: cottas-merge merging — 75,250,000 triples · 75,250,000 distinct triples written
  Partitioned compression: HGSVC2_first250000: cottas-merge merging — 75,500,000 triples · 75,500,000 distinct triples written
  Partitioned compression: HGSVC2_first250000: cottas-merge merging — 75,750,000 triples · 75,750,000 distinct triples written
  Partitioned compression: HGSVC2_first250000: cottas-merge merging — 76,000,000 triples · 76,000,000 distinct triples written
  Partitioned compression: HGSVC2_first250000: cottas-merge merging — 76,250,000 triples · 76,250,000 distinct triples written
  Partitioned compression: HGSVC2_first250000: cottas-merge merging — 76,500,000 triples · 76,500,000 distinct triples written
  Partitioned compression: HGSVC2_first250000: cottas-merge merging — 76,750,000 triples · 76,750,000 distinct triples written
  Partitioned compression: HGSVC2_first250000: cottas-merge merging — 77,000,000 triples · 77,000,000 distinct triples written
  Partitioned compression: HGSVC2_first250000: cottas-merge merging — 77,250,000 triples · 77,250,000 distinct triples written
  Partitioned compression: HGSVC2_first250000: cottas-merge merging — 77,500,000 triples · 77,500,000 distinct triples written
  Partitioned compression: HGSVC2_first250000: cottas-merge merging — 77,750,000 triples · 77,750,000 distinct triples written
  Partitioned compression: HGSVC2_first250000: cottas-merge merging — 78,000,000 triples · 78,000,000 distinct triples written
  Partitioned compression: HGSVC2_first250000: cottas-merge merging — 78,250,000 triples · 78,250,000 distinct triples written
  Partitioned compression: HGSVC2_first250000: cottas-merge merging — 78,500,000 triples · 78,500,000 distinct triples written
  Partitioned compression: HGSVC2_first250000: cottas-merge merging — 78,750,000 triples · 78,750,000 distinct triples written
  Partitioned compression: HGSVC2_first250000: cottas-merge merging — 79,000,000 triples · 79,000,000 distinct triples written
  Partitioned compression: HGSVC2_first250000: cottas-merge merging — 79,250,000 triples · 79,250,000 distinct triples written
  Partitioned compression: HGSVC2_first250000: cottas-merge merging — 79,500,000 triples · 79,500,000 distinct triples written
  Partitioned compression: HGSVC2_first250000: cottas-merge merging — 79,750,000 triples · 79,750,000 distinct triples written
  Partitioned compression: HGSVC2_first250000: cottas-merge merging — 80,000,000 triples · 80,000,000 distinct triples written
  Partitioned compression: HGSVC2_first250000: cottas-merge merging — 80,250,000 triples · 80,250,000 distinct triples written
  Partitioned compression: HGSVC2_first250000: cottas-merge merging — 80,500,000 triples · 80,500,000 distinct triples written
  Partitioned compression: HGSVC2_first250000: cottas-merge merging — 80,750,000 triples · 80,750,000 distinct triples written
  Partitioned compression: HGSVC2_first250000: cottas-merge merging — 81,000,000 triples · 81,000,000 distinct triples written
  Partitioned compression: HGSVC2_first250000: cottas-merge merging — 81,250,000 triples · 81,250,000 distinct triples written
  Partitioned compression: HGSVC2_first250000: cottas-merge merging — 81,500,000 triples · 81,500,000 distinct triples written
  Partitioned compression: HGSVC2_first250000: cottas-merge merging — 81,750,000 triples · 81,750,000 distinct triples written
  Partitioned compression: HGSVC2_first250000: cottas-merge merging — 82,000,000 triples · 82,000,000 distinct triples written
  Partitioned compression: HGSVC2_first250000: cottas-merge merging — 82,250,000 triples · 82,250,000 distinct triples written
  Partitioned compression: HGSVC2_first250000: cottas-merge merging — 82,500,000 triples · 82,500,000 distinct triples written
  Partitioned compression: HGSVC2_first250000: cottas-merge merging — 82,750,000 triples · 82,750,000 distinct triples written
  Partitioned compression: HGSVC2_first250000: cottas-merge merging — 83,000,000 triples · 83,000,000 distinct triples written
  Partitioned compression: HGSVC2_first250000: cottas-merge merging — 83,250,000 triples · 83,250,000 distinct triples written
  Partitioned compression: HGSVC2_first250000: cottas-merge merging — 83,500,000 triples · 83,500,000 distinct triples written
  Partitioned compression: HGSVC2_first250000: cottas-merge merging — 83,750,000 triples · 83,750,000 distinct triples written
  Partitioned compression: HGSVC2_first250000: cottas-merge merging — 84,000,000 triples · 84,000,000 distinct triples written
  Partitioned compression: HGSVC2_first250000: cottas-merge merging — 84,250,000 triples · 84,250,000 distinct triples written
  Partitioned compression: HGSVC2_first250000: cottas-merge merging — 84,500,000 triples · 84,500,000 distinct triples written
  Partitioned compression: HGSVC2_first250000: cottas-merge merging — 84,750,000 triples · 84,750,000 distinct triples written
  Partitioned compression: HGSVC2_first250000: cottas-merge merging — 85,000,000 triples · 85,000,000 distinct triples written
  Partitioned compression: HGSVC2_first250000: cottas-merge merging — 85,250,000 triples · 85,250,000 distinct triples written
  Partitioned compression: HGSVC2_first250000: cottas-merge merging — 85,500,000 triples · 85,500,000 distinct triples written
  Partitioned compression: HGSVC2_first250000: cottas-merge merging — 85,750,000 triples · 85,750,000 distinct triples written
  Partitioned compression: HGSVC2_first250000: cottas-merge merging — 86,000,000 triples · 86,000,000 distinct triples written
  Partitioned compression: HGSVC2_first250000: cottas-merge merging — 86,250,000 triples · 86,250,000 distinct triples written
  Partitioned compression: HGSVC2_first250000: cottas-merge merging — 86,500,000 triples · 86,500,000 distinct triples written
  Partitioned compression: HGSVC2_first250000: cottas-merge merging — 86,750,000 triples · 86,750,000 distinct triples written
  Partitioned compression: HGSVC2_first250000: cottas-merge merging — 87,000,000 triples · 87,000,000 distinct triples written
  Partitioned compression: HGSVC2_first250000: cottas-merge merging — 87,250,000 triples · 87,250,000 distinct triples written
  Partitioned compression: HGSVC2_first250000: cottas-merge merging — 87,500,000 triples · 87,500,000 distinct triples written
  Partitioned compression: HGSVC2_first250000: cottas-merge merging — 87,750,000 triples · 87,750,000 distinct triples written
  Partitioned compression: HGSVC2_first250000: cottas-merge merging — 88,000,000 triples · 88,000,000 distinct triples written
  Partitioned compression: HGSVC2_first250000: cottas-merge merging — 88,250,000 triples · 88,250,000 distinct triples written
  Partitioned compression: HGSVC2_first250000: cottas-merge merging — 88,500,000 triples · 88,500,000 distinct triples written
  Partitioned compression: HGSVC2_first250000: cottas-merge merging — 88,750,000 triples · 88,750,000 distinct triples written
  Partitioned compression: HGSVC2_first250000: cottas-merge merging — 89,000,000 triples · 89,000,000 distinct triples written
  Partitioned compression: HGSVC2_first250000: cottas-merge merging — 89,250,000 triples · 89,250,000 distinct triples written
  Partitioned compression: HGSVC2_first250000: cottas-merge merging — 89,500,000 triples · 89,500,000 distinct triples written
  Partitioned compression: HGSVC2_first250000: cottas-merge merging — 89,750,000 triples · 89,750,000 distinct triples written
  Partitioned compression: HGSVC2_first250000: cottas-merge merging — 90,000,000 triples · 90,000,000 distinct triples written
  Partitioned compression: HGSVC2_first250000: cottas-merge merging — 90,250,000 triples · 90,250,000 distinct triples written
  Partitioned compression: HGSVC2_first250000: cottas-merge merging — 90,500,000 triples · 90,500,000 distinct triples written
  Partitioned compression: HGSVC2_first250000: cottas-merge merging — 90,750,000 triples · 90,750,000 distinct triples written
  Partitioned compression: HGSVC2_first250000: cottas-merge merging — 91,000,000 triples · 91,000,000 distinct triples written
  Partitioned compression: HGSVC2_first250000: cottas-merge merging — 91,250,000 triples · 91,250,000 distinct triples written
  Partitioned compression: HGSVC2_first250000: cottas-merge merging — 91,500,000 triples · 91,500,000 distinct triples written
  Partitioned compression: HGSVC2_first250000: cottas-merge merging — 91,750,000 triples · 91,750,000 distinct triples written
  Partitioned compression: HGSVC2_first250000: cottas-merge merging — 92,000,000 triples · 92,000,000 distinct triples written
  Partitioned compression: HGSVC2_first250000: cottas-merge merging — 92,250,000 triples · 92,250,000 distinct triples written
  Partitioned compression: HGSVC2_first250000: cottas-merge merging — 92,500,000 triples · 92,500,000 distinct triples written
  Partitioned compression: HGSVC2_first250000: cottas-merge merging — 92,750,000 triples · 92,750,000 distinct triples written
  Partitioned compression: HGSVC2_first250000: cottas-merge merging — 93,000,000 triples · 93,000,000 distinct triples written
  Partitioned compression: HGSVC2_first250000: cottas-merge merging — 93,250,000 triples · 93,250,000 distinct triples written
  Partitioned compression: HGSVC2_first250000: cottas-merge merging — 93,500,000 triples · 93,500,000 distinct triples written
  Partitioned compression: HGSVC2_first250000: cottas-merge merging — 93,750,000 triples · 93,750,000 distinct triples written
  Partitioned compression: HGSVC2_first250000: cottas-merge merging — 94,000,000 triples · 94,000,000 distinct triples written
  Partitioned compression: HGSVC2_first250000: cottas-merge merging — 94,250,000 triples · 94,250,000 distinct triples written
  Partitioned compression: HGSVC2_first250000: cottas-merge merging — 94,500,000 triples · 94,500,000 distinct triples written
  Partitioned compression: HGSVC2_first250000: cottas-merge merging — 94,750,000 triples · 94,750,000 distinct triples written
  Partitioned compression: HGSVC2_first250000: cottas-merge merging — 95,000,000 triples · 95,000,000 distinct triples written
  Partitioned compression: HGSVC2_first250000: cottas-merge merging — 95,250,000 triples · 95,250,000 distinct triples written
  Partitioned compression: HGSVC2_first250000: cottas-merge merging — 95,500,000 triples · 95,500,000 distinct triples written
  Partitioned compression: HGSVC2_first250000: cottas-merge merging — 95,750,000 triples · 95,750,000 distinct triples written
  Partitioned compression: HGSVC2_first250000: cottas-merge merging — 96,000,000 triples · 96,000,000 distinct triples written
  Partitioned compression: HGSVC2_first250000: cottas-merge merging — 96,250,000 triples · 96,250,000 distinct triples written
  Partitioned compression: HGSVC2_first250000: cottas-merge merging — 96,500,000 triples · 96,500,000 distinct triples written
  Partitioned compression: HGSVC2_first250000: cottas-merge merging — 96,750,000 triples · 96,750,000 distinct triples written
  Partitioned compression: HGSVC2_first250000: cottas-merge complete — 96,754,372 triples · 96,754,372 distinct triples written
  Partitioned compression: HGSVC2_first250000: cottas-merge complete — cottas-merge-stream
  Partitioned compression: HGSVC2_first250000: cottas started — cottas-validate
  Partitioned compression: HGSVC2_first250000: cottas complete — cottas-validate
Partitioned compression: HGSVC2_first250000: finished
