Step 1/5: Validating inputs ✅
  Metrics: /home/ubuntu/vcf-rdfizer-testing/benchmarks_outputs/05_corpus_breadth/sv_batch__HGSVC2__first250000/out/run_metrics/HGSVC2_first250000__20260914T225553
  Detailed logs: /home/ubuntu/vcf-rdfizer-testing/benchmarks_outputs/05_corpus_breadth/sv_batch__HGSVC2__first250000/out/run_metrics/HGSVC2_first250000__20260914T225553/logs/wrapper.log
  Progress log: /home/ubuntu/vcf-rdfizer-testing/benchmarks_outputs/05_corpus_breadth/sv_batch__HGSVC2__first250000/out/run_metrics/HGSVC2_first250000__20260914T225553/logs/progress.log
Step 2/5: Ensuring Docker image is available ✅
Step 3/5: Processing per-input pipeline (TSV -> RDF -> compression)
  Spark partition hint: 8
  Sample representation: expanded
  INFO representation: structured
  Header representation: structured
  - Input 1/1: HGSVC2_first250000.vcf.gz
    * TSV conversion ✅
    * VCF version: VCFv4.2 (detected)
    * RDF conversion ✅
    * Streaming expanded multi-sample RDF (no expanded helper TSVs)
    * Sample RDF streaming: 10,000 variants, 320,000 calls
    * Sample RDF streaming: 20,000 variants, 640,000 calls
    * Sample RDF streaming: 30,000 variants, 960,000 calls
    * Sample RDF streaming: 40,000 variants, 1,280,000 calls
    * Sample RDF streaming: 50,000 variants, 1,600,000 calls
    * Sample RDF streaming: 60,000 variants, 1,920,000 calls
    * Sample RDF streaming: 70,000 variants, 2,240,000 calls
    * Sample RDF streaming: 80,000 variants, 2,560,000 calls
    * Sample RDF streaming: 90,000 variants, 2,880,000 calls
    * Sample RDF streaming: 100,000 variants, 3,200,000 calls
    * Sample calls streamed: 3,442,880; FORMAT values: 3,442,880
    * Streaming structured header RDF
    * Header lines typed: 206; contigs: 194
    * Streaming QUAL and structured INFO RDF
    * INFO RDF streaming: 10,000 variants, 70,000 values
    * INFO RDF streaming: 20,000 variants, 140,000 values
    * INFO RDF streaming: 30,000 variants, 210,000 values
    * INFO RDF streaming: 40,000 variants, 280,000 values
    * INFO RDF streaming: 50,000 variants, 350,000 values
    * INFO RDF streaming: 60,000 variants, 420,000 values
    * INFO RDF streaming: 70,000 variants, 490,000 values
    * INFO RDF streaming: 80,000 variants, 560,000 values
    * INFO RDF streaming: 90,000 variants, 630,000 values
    * INFO RDF streaming: 100,000 variants, 700,000 values
    * QUAL values streamed: 107,590; INFO values: 753,130; declarations: 7
    * Triples produced: 96,754,372
    * Compression ✅
    * Output directory: /home/ubuntu/vcf-rdfizer-testing/benchmarks_outputs/05_corpus_breadth/sv_batch__HGSVC2__first250000/out/HGSVC2_first250000
      - RDF aggregate: HGSVC2_first250000.nt.gz
      - RDF (.gz): 530.25 MB (removed after successful compression)
      - HDT (.hdt): 719.62 MB (/home/ubuntu/vcf-rdfizer-testing/benchmarks_outputs/05_corpus_breadth/sv_batch__HGSVC2__first250000/out/HGSVC2_first250000/HGSVC2_first250000.hdt)
      - COTTAS (.cottas): 194.60 MB (/home/ubuntu/vcf-rdfizer-testing/benchmarks_outputs/05_corpus_breadth/sv_batch__HGSVC2__first250000/out/HGSVC2_first250000/HGSVC2_first250000.cottas)
Total triples produced (full run): 96,754,372
Conversion process finished.
Run time (full mode): 1h 54m 19.7s
Timing log: /home/ubuntu/vcf-rdfizer-testing/benchmarks_outputs/05_corpus_breadth/sv_batch__HGSVC2__first250000/out/run_metrics/HGSVC2_first250000__20260914T225553/wrapper_execution_times.csv
Metrics summary: /home/ubuntu/vcf-rdfizer-testing/benchmarks_outputs/05_corpus_breadth/sv_batch__HGSVC2__first250000/out/run_metrics/HGSVC2_first250000__20260914T225553/summary.json
