Step 1/5: Validating inputs ✅
  Metrics: /home/ubuntu/vrdev-test/v331/results/17_use_case_acmg__cohort/convert__HG00672/out/run_metrics/HG00672.acmg__20261008T144201
  Detailed logs: /home/ubuntu/vrdev-test/v331/results/17_use_case_acmg__cohort/convert__HG00672/out/run_metrics/HG00672.acmg__20261008T144201/logs/wrapper.log
  Progress log: /home/ubuntu/vrdev-test/v331/results/17_use_case_acmg__cohort/convert__HG00672/out/run_metrics/HG00672.acmg__20261008T144201/logs/progress.log
Step 2/5: Ensuring Docker image is available ✅
Step 3/5: Processing per-input pipeline (TSV -> RDF -> compression)
  Sample representation: expanded
  INFO representation: structured
  Header representation: structured
  - Input 1/1: HG00672.acmg.vcf
    * TSV conversion ✅
    * VCF version: VCFv4.2 (detected)
    * RDF conversion ✅
    * Streaming expanded multi-sample RDF (no expanded helper TSVs)
    * Sample RDF streaming: 10,000 variants, 10,000 calls
    * Sample calls streamed: 10,013; FORMAT values: 10,013
    * Streaming structured header RDF
    * Header lines typed: 43; contigs: 24
    * Streaming QUAL and structured INFO RDF
    * INFO RDF streaming: 10,000 variants, 0 values
    * QUAL values streamed: 10,013; INFO values: 0; declarations: 0
    * Triples produced: 590,611
    * Compression ✅
    * Output directory: /home/ubuntu/vrdev-test/v331/results/17_use_case_acmg__cohort/convert__HG00672/out/HG00672.acmg
      - RDF aggregate: HG00672.acmg.nt.gz
      - RDF (.gz): 2.36 MB (retained because it is also the selected gzip artifact)
      - gzip (.nt.gz): 2.36 MB
Total triples produced (full run): 590,611
Conversion process finished.
Run time (full mode): 17.47s
Timing log: /home/ubuntu/vrdev-test/v331/results/17_use_case_acmg__cohort/convert__HG00672/out/run_metrics/HG00672.acmg__20261008T144201/wrapper_execution_times.csv
Metrics summary: /home/ubuntu/vrdev-test/v331/results/17_use_case_acmg__cohort/convert__HG00672/out/run_metrics/HG00672.acmg__20261008T144201/summary.json
