Step 1/5: Validating inputs ✅
  Metrics: /home/ubuntu/vrdev-test/acmg-run/results/17_use_case_acmg__cohort/convert__NA18881/out/run_metrics/NA18881.acmg__20260928T152933
  Detailed logs: /home/ubuntu/vrdev-test/acmg-run/results/17_use_case_acmg__cohort/convert__NA18881/out/run_metrics/NA18881.acmg__20260928T152933/logs/wrapper.log
  Progress log: /home/ubuntu/vrdev-test/acmg-run/results/17_use_case_acmg__cohort/convert__NA18881/out/run_metrics/NA18881.acmg__20260928T152933/logs/progress.log
Step 2/5: Ensuring Docker image is available ✅
Step 3/5: Processing per-input pipeline (TSV -> RDF -> compression)
  Sample representation: expanded
  INFO representation: structured
  Header representation: structured
  - Input 1/1: NA18881.acmg.vcf
    * TSV conversion ✅
    * VCF version: VCFv4.2 (detected)
    * RDF conversion ✅
    * Streaming expanded multi-sample RDF (no expanded helper TSVs)
    * Sample RDF streaming: 10,000 variants, 10,000 calls
    * Sample calls streamed: 12,029; FORMAT values: 12,029
    * Streaming structured header RDF
    * Header lines typed: 133; contigs: 24
    * Streaming QUAL and structured INFO RDF
    * INFO RDF streaming: 10,000 variants, 730,061 values
    * QUAL values streamed: 12,029; INFO values: 879,835; declarations: 91
    * Triples produced: 9,668,726
    * Compression ✅
    * Output directory: /home/ubuntu/vrdev-test/acmg-run/results/17_use_case_acmg__cohort/convert__NA18881/out/NA18881.acmg
      - RDF aggregate: NA18881.acmg.nt
      - N-Triples (.nt): 1.30 GB (removed after successful compression)
      - gzip (.nt.gz): 60.13 MB
Total triples produced (full run): 9,668,726
Conversion process finished.
Run time (full mode): 36.40s
Timing log: /home/ubuntu/vrdev-test/acmg-run/results/17_use_case_acmg__cohort/convert__NA18881/out/run_metrics/NA18881.acmg__20260928T152933/wrapper_execution_times.csv
Metrics summary: /home/ubuntu/vrdev-test/acmg-run/results/17_use_case_acmg__cohort/convert__NA18881/out/run_metrics/NA18881.acmg__20260928T152933/summary.json
