TSV conversion: HGSVC2: started
TSV conversion: HGSVC2: finished
RMLStreamer: HGSVC2: started
  RMLStreamer: HGSVC2: rmlstreamer started — 0 B · 0 parts
  RMLStreamer: HGSVC2: rmlstreamer heartbeat — 0 B · 0 parts
  RMLStreamer: HGSVC2: rmlstreamer heartbeat — 67.40 KB · 8 parts
  RMLStreamer: HGSVC2: rmlstreamer heartbeat — 6.80 MB · 8 parts
  RMLStreamer: HGSVC2: rmlstreamer heartbeat — 31.31 MB · 8 parts
  RMLStreamer: HGSVC2: rmlstreamer heartbeat — 70.45 MB · 8 parts
  RMLStreamer: HGSVC2: rmlstreamer heartbeat — 108.32 MB · 8 parts
  RMLStreamer: HGSVC2: rmlstreamer heartbeat — 136.79 MB · 8 parts
  RMLStreamer: HGSVC2: rmlstreamer heartbeat — 154.98 MB · 8 parts
  RMLStreamer: HGSVC2: rmlstreamer heartbeat — 154.99 MB · 8 parts
  RMLStreamer: HGSVC2: rmlstreamer heartbeat — 171.56 MB · 8 parts
  RMLStreamer: HGSVC2: rmlstreamer complete — 171.56 MB · 8 parts
  RMLStreamer: HGSVC2: rdf-aggregate started — 0 parts
  RMLStreamer: HGSVC2: rdf-aggregate part — 1 parts
  RMLStreamer: HGSVC2: rdf-aggregate part — 2 parts
  RMLStreamer: HGSVC2: rdf-aggregate part — 3 parts
  RMLStreamer: HGSVC2: rdf-aggregate part — 4 parts
  RMLStreamer: HGSVC2: rdf-aggregate part — 5 parts
  RMLStreamer: HGSVC2: rdf-aggregate part — 6 parts
  RMLStreamer: HGSVC2: rdf-aggregate part — 7 parts
  RMLStreamer: HGSVC2: rdf-aggregate part — 8 parts
  RMLStreamer: HGSVC2: rdf-aggregate complete — 8 parts
RMLStreamer: HGSVC2: finished
Partitioned compression: HGSVC2: started
  Partitioned compression: HGSVC2: rdf-scan started — 0 triples
  Partitioned compression: HGSVC2: rdf-scan heartbeat — 396,998 triples · 67,285,479 bytes read
  Partitioned compression: HGSVC2: rdf-scan heartbeat — 702,872 triples · 134,394,361 bytes read
  Partitioned compression: HGSVC2: rdf-scan heartbeat — 1,123,237 triples · 201,503,367 bytes read
  Partitioned compression: HGSVC2: rdf-scan heartbeat — 1,598,594 triples · 268,612,368 bytes read
  Partitioned compression: HGSVC2: rdf-scan heartbeat — 2,070,961 triples · 335,721,317 bytes read
  Partitioned compression: HGSVC2: rdf-scan heartbeat — 2,542,024 triples · 402,830,228 bytes read
  Partitioned compression: HGSVC2: rdf-scan heartbeat — 3,012,903 triples · 469,939,184 bytes read
  Partitioned compression: HGSVC2: rdf-scan chunk — 3,482,534 triples · 1 chunks · 536,870,927 bytes read
  Partitioned compression: HGSVC2: hdt-chunks started — 0 chunks · hdt-build-00000
  Partitioned compression: HGSVC2: hdt-chunks complete — 1 chunks · hdt-build-00000
  Partitioned compression: HGSVC2: rdf-scan heartbeat — 3,483,778 triples · 537,048,177 bytes read
  Partitioned compression: HGSVC2: rdf-scan heartbeat — 3,954,683 triples · 604,157,120 bytes read
  Partitioned compression: HGSVC2: rdf-scan heartbeat — 4,426,092 triples · 671,266,044 bytes read
  Partitioned compression: HGSVC2: rdf-scan heartbeat — 4,897,244 triples · 738,374,999 bytes read
  Partitioned compression: HGSVC2: rdf-scan heartbeat — 5,368,122 triples · 805,484,010 bytes read
  Partitioned compression: HGSVC2: rdf-scan heartbeat — 5,839,010 triples · 872,592,955 bytes read
  Partitioned compression: HGSVC2: rdf-scan heartbeat — 6,309,935 triples · 939,701,903 bytes read
  Partitioned compression: HGSVC2: rdf-scan heartbeat — 6,780,863 triples · 1,006,810,840 bytes read
  Partitioned compression: HGSVC2: rdf-scan chunk — 7,250,508 triples · 2 chunks · 1,073,741,877 bytes read
  Partitioned compression: HGSVC2: hdt-chunks started — 1 chunks · hdt-build-00001
  Partitioned compression: HGSVC2: hdt-chunks complete — 2 chunks · hdt-build-00001
  Partitioned compression: HGSVC2: rdf-scan heartbeat — 7,251,757 triples · 1,073,919,863 bytes read
  Partitioned compression: HGSVC2: rdf-scan heartbeat — 7,722,634 triples · 1,141,028,761 bytes read
  Partitioned compression: HGSVC2: rdf-scan heartbeat — 8,193,515 triples · 1,208,137,717 bytes read
  Partitioned compression: HGSVC2: rdf-scan heartbeat — 8,664,681 triples · 1,275,246,581 bytes read
  Partitioned compression: HGSVC2: rdf-scan heartbeat — 9,133,902 triples · 1,342,355,571 bytes read
  Partitioned compression: HGSVC2: rdf-scan heartbeat — 9,600,602 triples · 1,409,464,442 bytes read
  Partitioned compression: HGSVC2: rdf-scan heartbeat — 10,067,286 triples · 1,476,573,396 bytes read
  Partitioned compression: HGSVC2: rdf-scan heartbeat — 10,533,975 triples · 1,543,682,406 bytes read
  Partitioned compression: HGSVC2: rdf-scan chunk — 10,999,501 triples · 3 chunks · 1,610,612,913 bytes read
  Partitioned compression: HGSVC2: hdt-chunks started — 2 chunks · hdt-build-00002
  Partitioned compression: HGSVC2: hdt-chunks complete — 3 chunks · hdt-build-00002
  Partitioned compression: HGSVC2: rdf-scan heartbeat — 11,000,742 triples · 1,610,791,381 bytes read
  Partitioned compression: HGSVC2: rdf-scan heartbeat — 11,467,482 triples · 1,677,900,267 bytes read
  Partitioned compression: HGSVC2: rdf-scan heartbeat — 11,934,166 triples · 1,745,009,239 bytes read
  Partitioned compression: HGSVC2: rdf-scan heartbeat — 12,400,982 triples · 1,812,118,236 bytes read
  Partitioned compression: HGSVC2: rdf-scan heartbeat — 12,867,759 triples · 1,879,227,167 bytes read
  Partitioned compression: HGSVC2: rdf-scan heartbeat — 13,334,575 triples · 1,946,336,060 bytes read
  Partitioned compression: HGSVC2: rdf-scan heartbeat — 13,801,320 triples · 2,013,444,986 bytes read
  Partitioned compression: HGSVC2: rdf-scan heartbeat — 14,268,004 triples · 2,080,553,969 bytes read
  Partitioned compression: HGSVC2: rdf-scan chunk — 14,733,479 triples · 4 chunks · 2,147,483,899 bytes read
  Partitioned compression: HGSVC2: hdt-chunks started — 3 chunks · hdt-build-00003
  Partitioned compression: HGSVC2: hdt-chunks complete — 4 chunks · hdt-build-00003
  Partitioned compression: HGSVC2: rdf-scan heartbeat — 14,734,724 triples · 2,147,662,904 bytes read
  Partitioned compression: HGSVC2: rdf-scan heartbeat — 15,201,489 triples · 2,214,771,877 bytes read
  Partitioned compression: HGSVC2: rdf-scan heartbeat — 15,668,227 triples · 2,281,880,820 bytes read
  Partitioned compression: HGSVC2: rdf-scan heartbeat — 16,134,925 triples · 2,348,989,817 bytes read
  Partitioned compression: HGSVC2: rdf-scan heartbeat — 16,601,611 triples · 2,416,098,757 bytes read
  Partitioned compression: HGSVC2: rdf-scan heartbeat — 17,068,293 triples · 2,483,207,669 bytes read
  Partitioned compression: HGSVC2: rdf-scan heartbeat — 17,534,984 triples · 2,550,316,629 bytes read
  Partitioned compression: HGSVC2: rdf-scan heartbeat — 18,001,668 triples · 2,617,425,554 bytes read
  Partitioned compression: HGSVC2: rdf-scan chunk — 18,467,223 triples · 5 chunks · 2,684,354,840 bytes read
  Partitioned compression: HGSVC2: hdt-chunks started — 4 chunks · hdt-build-00004
  Partitioned compression: HGSVC2: hdt-chunks complete — 5 chunks · hdt-build-00004
  Partitioned compression: HGSVC2: rdf-scan heartbeat — 18,468,472 triples · 2,684,534,436 bytes read
  Partitioned compression: HGSVC2: rdf-scan heartbeat — 18,935,170 triples · 2,751,643,339 bytes read
  Partitioned compression: HGSVC2: rdf-scan heartbeat — 19,401,877 triples · 2,818,752,244 bytes read
  Partitioned compression: HGSVC2: rdf-scan heartbeat — 19,868,573 triples · 2,885,861,217 bytes read
  Partitioned compression: HGSVC2: rdf-scan heartbeat — 20,335,256 triples · 2,952,970,204 bytes read
  Partitioned compression: HGSVC2: rdf-scan heartbeat — 20,801,966 triples · 3,020,079,132 bytes read
  Partitioned compression: HGSVC2: rdf-scan heartbeat — 21,268,667 triples · 3,087,188,145 bytes read
  Partitioned compression: HGSVC2: rdf-scan heartbeat — 21,735,403 triples · 3,154,297,060 bytes read
  Partitioned compression: HGSVC2: rdf-scan chunk — 22,200,832 triples · 6 chunks · 3,221,225,775 bytes read
  Partitioned compression: HGSVC2: hdt-chunks started — 5 chunks · hdt-build-00005
  Partitioned compression: HGSVC2: hdt-chunks complete — 6 chunks · hdt-build-00005
  Partitioned compression: HGSVC2: rdf-scan heartbeat — 22,202,086 triples · 3,221,406,063 bytes read
  Partitioned compression: HGSVC2: rdf-scan heartbeat — 22,668,770 triples · 3,288,514,951 bytes read
  Partitioned compression: HGSVC2: rdf-scan heartbeat — 23,135,454 triples · 3,355,623,845 bytes read
  Partitioned compression: HGSVC2: rdf-scan heartbeat — 23,602,369 triples · 3,422,732,769 bytes read
  Partitioned compression: HGSVC2: rdf-scan heartbeat — 24,069,475 triples · 3,489,841,728 bytes read
  Partitioned compression: HGSVC2: rdf-scan heartbeat — 24,536,325 triples · 3,556,950,696 bytes read
  Partitioned compression: HGSVC2: rdf-scan heartbeat — 25,003,011 triples · 3,624,059,621 bytes read
  Partitioned compression: HGSVC2: rdf-scan heartbeat — 25,469,858 triples · 3,691,168,626 bytes read
  Partitioned compression: HGSVC2: rdf-scan chunk — 25,935,366 triples · 7 chunks · 3,758,096,734 bytes read
  Partitioned compression: HGSVC2: hdt-chunks started — 6 chunks · hdt-build-00006
  Partitioned compression: HGSVC2: hdt-chunks complete — 7 chunks · hdt-build-00006
  Partitioned compression: HGSVC2: rdf-scan heartbeat — 25,936,626 triples · 3,758,277,522 bytes read
  Partitioned compression: HGSVC2: rdf-scan heartbeat — 26,403,392 triples · 3,825,386,411 bytes read
  Partitioned compression: HGSVC2: rdf-scan heartbeat — 26,870,319 triples · 3,892,495,418 bytes read
  Partitioned compression: HGSVC2: rdf-scan heartbeat — 27,337,590 triples · 3,959,604,407 bytes read
  Partitioned compression: HGSVC2: rdf-scan heartbeat — 27,804,594 triples · 4,026,713,323 bytes read
  Partitioned compression: HGSVC2: rdf-scan heartbeat — 28,271,342 triples · 4,093,822,239 bytes read
  Partitioned compression: HGSVC2: rdf-scan heartbeat — 28,738,120 triples · 4,160,931,240 bytes read
  Partitioned compression: HGSVC2: rdf-scan heartbeat — 29,204,934 triples · 4,228,040,205 bytes read
  Partitioned compression: HGSVC2: rdf-scan chunk — 29,670,357 triples · 8 chunks · 4,294,967,732 bytes read
  Partitioned compression: HGSVC2: hdt-chunks started — 7 chunks · hdt-build-00007
  Partitioned compression: HGSVC2: hdt-chunks complete — 8 chunks · hdt-build-00007
  Partitioned compression: HGSVC2: rdf-scan heartbeat — 29,671,619 triples · 4,295,149,156 bytes read
  Partitioned compression: HGSVC2: rdf-scan heartbeat — 30,138,302 triples · 4,362,258,134 bytes read
  Partitioned compression: HGSVC2: rdf-scan heartbeat — 30,605,278 triples · 4,429,367,007 bytes read
  Partitioned compression: HGSVC2: rdf-scan heartbeat — 31,072,191 triples · 4,496,475,940 bytes read
  Partitioned compression: HGSVC2: rdf-scan heartbeat — 31,538,945 triples · 4,563,584,871 bytes read
  Partitioned compression: HGSVC2: rdf-scan heartbeat — 32,005,633 triples · 4,630,693,849 bytes read
  Partitioned compression: HGSVC2: rdf-scan heartbeat — 32,472,358 triples · 4,697,802,796 bytes read
  Partitioned compression: HGSVC2: rdf-scan heartbeat — 32,939,150 triples · 4,764,911,725 bytes read
  Partitioned compression: HGSVC2: rdf-scan chunk — 33,404,729 triples · 9 chunks · 4,831,838,795 bytes read
  Partitioned compression: HGSVC2: hdt-chunks started — 8 chunks · hdt-build-00008
  Partitioned compression: HGSVC2: hdt-chunks complete — 9 chunks · hdt-build-00008
  Partitioned compression: HGSVC2: rdf-scan heartbeat — 33,405,993 triples · 4,832,020,649 bytes read
  Partitioned compression: HGSVC2: rdf-scan heartbeat — 33,872,677 triples · 4,899,129,588 bytes read
  Partitioned compression: HGSVC2: rdf-scan heartbeat — 34,339,360 triples · 4,966,238,494 bytes read
  Partitioned compression: HGSVC2: rdf-scan heartbeat — 34,806,043 triples · 5,033,347,427 bytes read
  Partitioned compression: HGSVC2: rdf-scan heartbeat — 35,272,773 triples · 5,100,456,428 bytes read
  Partitioned compression: HGSVC2: rdf-scan heartbeat — 35,739,464 triples · 5,167,565,386 bytes read
  Partitioned compression: HGSVC2: rdf-scan heartbeat — 36,206,166 triples · 5,234,674,334 bytes read
  Partitioned compression: HGSVC2: rdf-scan heartbeat — 36,672,869 triples · 5,301,783,278 bytes read
  Partitioned compression: HGSVC2: rdf-scan chunk — 37,138,342 triples · 10 chunks · 5,368,709,745 bytes read
  Partitioned compression: HGSVC2: hdt-chunks started — 9 chunks · hdt-build-00009
  Partitioned compression: HGSVC2: hdt-chunks complete — 10 chunks · hdt-build-00009
  Partitioned compression: HGSVC2: rdf-scan heartbeat — 37,139,611 triples · 5,368,892,182 bytes read
  Partitioned compression: HGSVC2: rdf-scan heartbeat — 37,606,318 triples · 5,436,001,108 bytes read
  Partitioned compression: HGSVC2: rdf-scan heartbeat — 38,073,144 triples · 5,503,110,091 bytes read
  Partitioned compression: HGSVC2: rdf-scan heartbeat — 38,539,827 triples · 5,570,219,100 bytes read
  Partitioned compression: HGSVC2: rdf-scan heartbeat — 39,006,511 triples · 5,637,328,082 bytes read
  Partitioned compression: HGSVC2: rdf-scan heartbeat — 39,473,207 triples · 5,704,437,028 bytes read
  Partitioned compression: HGSVC2: rdf-scan heartbeat — 39,939,891 triples · 5,771,546,026 bytes read
  Partitioned compression: HGSVC2: rdf-scan heartbeat — 40,406,584 triples · 5,838,655,002 bytes read
  Partitioned compression: HGSVC2: rdf-scan chunk — 40,872,870 triples · 11 chunks · 5,905,580,685 bytes read
  Partitioned compression: HGSVC2: hdt-chunks started — 10 chunks · hdt-build-00010
  Partitioned compression: HGSVC2: hdt-chunks complete — 11 chunks · hdt-build-00010
  Partitioned compression: HGSVC2: rdf-scan heartbeat — 40,874,144 triples · 5,905,763,876 bytes read
  Partitioned compression: HGSVC2: rdf-scan heartbeat — 41,341,128 triples · 5,972,872,844 bytes read
  Partitioned compression: HGSVC2: rdf-scan heartbeat — 41,808,137 triples · 6,039,981,809 bytes read
  Partitioned compression: HGSVC2: rdf-scan heartbeat — 42,274,824 triples · 6,107,090,693 bytes read
  Partitioned compression: HGSVC2: rdf-scan heartbeat — 42,741,513 triples · 6,174,199,630 bytes read
  Partitioned compression: HGSVC2: rdf-scan heartbeat — 43,208,196 triples · 6,241,308,523 bytes read
  Partitioned compression: HGSVC2: rdf-scan heartbeat — 43,674,879 triples · 6,308,417,529 bytes read
  Partitioned compression: HGSVC2: rdf-scan heartbeat — 44,141,562 triples · 6,375,526,472 bytes read
  Partitioned compression: HGSVC2: rdf-scan chunk — 44,606,985 triples · 12 chunks · 6,442,451,675 bytes read
  Partitioned compression: HGSVC2: hdt-chunks started — 11 chunks · hdt-build-00011
  Partitioned compression: HGSVC2: hdt-chunks complete — 12 chunks · hdt-build-00011
  Partitioned compression: HGSVC2: rdf-scan heartbeat — 44,608,263 triples · 6,442,635,471 bytes read
  Partitioned compression: HGSVC2: rdf-scan heartbeat — 45,074,945 triples · 6,509,744,408 bytes read
  Partitioned compression: HGSVC2: rdf-scan heartbeat — 45,541,734 triples · 6,576,853,385 bytes read
  Partitioned compression: HGSVC2: rdf-scan heartbeat — 46,008,419 triples · 6,643,962,283 bytes read
  Partitioned compression: HGSVC2: rdf-scan heartbeat — 46,475,135 triples · 6,711,071,161 bytes read
  Partitioned compression: HGSVC2: rdf-scan heartbeat — 46,941,882 triples · 6,778,180,124 bytes read
  Partitioned compression: HGSVC2: rdf-scan heartbeat — 47,408,593 triples · 6,845,289,072 bytes read
  Partitioned compression: HGSVC2: rdf-scan heartbeat — 47,875,284 triples · 6,912,398,024 bytes read
  Partitioned compression: HGSVC2: rdf-scan chunk — 48,341,292 triples · 13 chunks · 6,979,322,704 bytes read
  Partitioned compression: HGSVC2: hdt-chunks started — 12 chunks · hdt-build-00012
  Partitioned compression: HGSVC2: hdt-chunks complete — 13 chunks · hdt-build-00012
  Partitioned compression: HGSVC2: rdf-scan heartbeat — 48,342,573 triples · 6,979,506,922 bytes read
  Partitioned compression: HGSVC2: rdf-scan heartbeat — 48,809,424 triples · 7,046,615,852 bytes read
  Partitioned compression: HGSVC2: rdf-scan heartbeat — 49,276,110 triples · 7,113,724,806 bytes read
  Partitioned compression: HGSVC2: rdf-scan heartbeat — 49,742,794 triples · 7,180,833,826 bytes read
  Partitioned compression: HGSVC2: rdf-scan heartbeat — 50,209,714 triples · 7,247,942,707 bytes read
  Partitioned compression: HGSVC2: rdf-scan heartbeat — 50,676,398 triples · 7,315,051,583 bytes read
  Partitioned compression: HGSVC2: rdf-scan heartbeat — 51,143,085 triples · 7,382,160,531 bytes read
  Partitioned compression: HGSVC2: rdf-scan heartbeat — 51,609,884 triples · 7,449,269,460 bytes read
  Partitioned compression: HGSVC2: rdf-scan chunk — 52,075,294 triples · 14 chunks · 7,516,193,661 bytes read
  Partitioned compression: HGSVC2: hdt-chunks started — 13 chunks · hdt-build-00013
  Partitioned compression: HGSVC2: hdt-chunks complete — 14 chunks · hdt-build-00013
  Partitioned compression: HGSVC2: rdf-scan heartbeat — 52,076,579 triples · 7,516,378,451 bytes read
  Partitioned compression: HGSVC2: rdf-scan heartbeat — 52,543,380 triples · 7,583,487,377 bytes read
  Partitioned compression: HGSVC2: rdf-scan heartbeat — 53,010,064 triples · 7,650,596,295 bytes read
  Partitioned compression: HGSVC2: rdf-scan heartbeat — 53,476,747 triples · 7,717,705,163 bytes read
  Partitioned compression: HGSVC2: rdf-scan heartbeat — 53,943,437 triples · 7,784,814,148 bytes read
  Partitioned compression: HGSVC2: rdf-scan heartbeat — 54,410,346 triples · 7,851,923,067 bytes read
  Partitioned compression: HGSVC2: rdf-scan heartbeat — 54,877,181 triples · 7,919,031,972 bytes read
  Partitioned compression: HGSVC2: rdf-scan heartbeat — 55,343,997 triples · 7,986,140,971 bytes read
  Partitioned compression: HGSVC2: rdf-scan chunk — 55,809,594 triples · 15 chunks · 8,053,064,665 bytes read
  Partitioned compression: HGSVC2: hdt-chunks started — 14 chunks · hdt-build-00014
  Partitioned compression: HGSVC2: hdt-chunks complete — 15 chunks · hdt-build-00014
  Partitioned compression: HGSVC2: rdf-scan heartbeat — 55,810,881 triples · 8,053,249,848 bytes read
  Partitioned compression: HGSVC2: rdf-scan heartbeat — 56,277,572 triples · 8,120,358,806 bytes read
  Partitioned compression: HGSVC2: rdf-scan heartbeat — 56,744,266 triples · 8,187,467,670 bytes read
  Partitioned compression: HGSVC2: rdf-scan heartbeat — 57,210,951 triples · 8,254,576,537 bytes read
  Partitioned compression: HGSVC2: rdf-scan heartbeat — 57,677,684 triples · 8,321,685,496 bytes read
  Partitioned compression: HGSVC2: rdf-scan heartbeat — 58,144,465 triples · 8,388,794,431 bytes read
  Partitioned compression: HGSVC2: rdf-scan heartbeat — 58,611,151 triples · 8,455,903,401 bytes read
  Partitioned compression: HGSVC2: rdf-scan heartbeat — 59,077,838 triples · 8,523,012,327 bytes read
  Partitioned compression: HGSVC2: rdf-scan chunk — 59,543,252 triples · 16 chunks · 8,589,935,646 bytes read
  Partitioned compression: HGSVC2: hdt-chunks started — 15 chunks · hdt-build-00015
  Partitioned compression: HGSVC2: hdt-chunks complete — 16 chunks · hdt-build-00015
  Partitioned compression: HGSVC2: rdf-scan heartbeat — 59,544,543 triples · 8,590,121,287 bytes read
  Partitioned compression: HGSVC2: rdf-scan heartbeat — 60,011,456 triples · 8,657,230,183 bytes read
  Partitioned compression: HGSVC2: rdf-scan heartbeat — 60,478,164 triples · 8,724,339,137 bytes read
  Partitioned compression: HGSVC2: rdf-scan heartbeat — 60,944,851 triples · 8,791,448,043 bytes read
  Partitioned compression: HGSVC2: rdf-scan heartbeat — 61,411,621 triples · 8,858,556,921 bytes read
  Partitioned compression: HGSVC2: rdf-scan heartbeat — 61,878,377 triples · 8,925,665,853 bytes read
  Partitioned compression: HGSVC2: rdf-scan heartbeat — 62,345,222 triples · 8,992,774,864 bytes read
  Partitioned compression: HGSVC2: rdf-scan heartbeat — 62,811,937 triples · 9,059,883,871 bytes read
  Partitioned compression: HGSVC2: rdf-scan chunk — 63,277,326 triples · 17 chunks · 9,126,806,716 bytes read
  Partitioned compression: HGSVC2: hdt-chunks started — 16 chunks · hdt-build-00016
  Partitioned compression: HGSVC2: hdt-chunks complete — 17 chunks · hdt-build-00016
  Partitioned compression: HGSVC2: rdf-scan heartbeat — 63,278,620 triples · 9,126,992,752 bytes read
  Partitioned compression: HGSVC2: rdf-scan heartbeat — 63,745,306 triples · 9,194,101,707 bytes read
  Partitioned compression: HGSVC2: rdf-scan heartbeat — 64,212,154 triples · 9,261,210,665 bytes read
  Partitioned compression: HGSVC2: rdf-scan heartbeat — 64,678,943 triples · 9,328,319,620 bytes read
  Partitioned compression: HGSVC2: rdf-scan heartbeat — 65,145,626 triples · 9,395,428,507 bytes read
  Partitioned compression: HGSVC2: rdf-scan heartbeat — 65,612,430 triples · 9,462,537,447 bytes read
  Partitioned compression: HGSVC2: rdf-scan heartbeat — 66,079,324 triples · 9,529,646,375 bytes read
  Partitioned compression: HGSVC2: rdf-scan heartbeat — 66,546,084 triples · 9,596,755,380 bytes read
  Partitioned compression: HGSVC2: rdf-scan chunk — 67,011,470 triples · 18 chunks · 9,663,677,719 bytes read
  Partitioned compression: HGSVC2: hdt-chunks started — 17 chunks · hdt-build-00017
  Partitioned compression: HGSVC2: hdt-chunks complete — 18 chunks · hdt-build-00017
  Partitioned compression: HGSVC2: rdf-scan heartbeat — 67,012,768 triples · 9,663,864,355 bytes read
  Partitioned compression: HGSVC2: rdf-scan heartbeat — 67,479,450 triples · 9,730,973,285 bytes read
  Partitioned compression: HGSVC2: rdf-scan heartbeat — 67,946,134 triples · 9,798,082,225 bytes read
  Partitioned compression: HGSVC2: rdf-scan heartbeat — 68,412,828 triples · 9,865,191,142 bytes read
  Partitioned compression: HGSVC2: rdf-scan heartbeat — 68,879,510 triples · 9,932,300,085 bytes read
  Partitioned compression: HGSVC2: rdf-scan heartbeat — 69,346,266 triples · 9,999,408,994 bytes read
  Partitioned compression: HGSVC2: rdf-scan heartbeat — 69,812,966 triples · 10,066,517,904 bytes read
  Partitioned compression: HGSVC2: rdf-scan heartbeat — 70,279,713 triples · 10,133,626,879 bytes read
  Partitioned compression: HGSVC2: rdf-scan chunk — 70,745,101 triples · 19 chunks · 10,200,548,691 bytes read
  Partitioned compression: HGSVC2: hdt-chunks started — 18 chunks · hdt-build-00018
  Partitioned compression: HGSVC2: hdt-chunks complete — 19 chunks · hdt-build-00018
  Partitioned compression: HGSVC2: rdf-scan heartbeat — 70,746,402 triples · 10,200,735,794 bytes read
  Partitioned compression: HGSVC2: rdf-scan heartbeat — 71,213,160 triples · 10,267,844,802 bytes read
  Partitioned compression: HGSVC2: rdf-scan heartbeat — 71,680,270 triples · 10,334,953,686 bytes read
  Partitioned compression: HGSVC2: rdf-scan heartbeat — 72,147,332 triples · 10,402,062,673 bytes read
  Partitioned compression: HGSVC2: rdf-scan heartbeat — 72,614,124 triples · 10,469,171,686 bytes read
  Partitioned compression: HGSVC2: rdf-scan heartbeat — 73,080,827 triples · 10,536,280,557 bytes read
  Partitioned compression: HGSVC2: rdf-scan heartbeat — 73,547,693 triples · 10,603,389,450 bytes read
  Partitioned compression: HGSVC2: rdf-scan heartbeat — 74,014,479 triples · 10,670,498,402 bytes read
  Partitioned compression: HGSVC2: rdf-scan chunk — 74,479,857 triples · 20 chunks · 10,737,419,649 bytes read
  Partitioned compression: HGSVC2: hdt-chunks started — 19 chunks · hdt-build-00019
  Partitioned compression: HGSVC2: hdt-chunks complete — 20 chunks · hdt-build-00019
  Partitioned compression: HGSVC2: rdf-scan heartbeat — 74,481,162 triples · 10,737,607,297 bytes read
  Partitioned compression: HGSVC2: rdf-scan heartbeat — 74,947,899 triples · 10,804,716,182 bytes read
  Partitioned compression: HGSVC2: rdf-scan heartbeat — 75,414,583 triples · 10,871,825,143 bytes read
  Partitioned compression: HGSVC2: rdf-scan heartbeat — 75,881,534 triples · 10,938,934,047 bytes read
  Partitioned compression: HGSVC2: rdf-scan heartbeat — 76,348,220 triples · 11,006,042,911 bytes read
  Partitioned compression: HGSVC2: rdf-scan heartbeat — 76,814,903 triples · 11,073,151,889 bytes read
  Partitioned compression: HGSVC2: rdf-scan heartbeat — 77,281,615 triples · 11,140,260,760 bytes read
  Partitioned compression: HGSVC2: rdf-scan heartbeat — 77,748,297 triples · 11,207,369,690 bytes read
  Partitioned compression: HGSVC2: rdf-scan chunk — 78,213,674 triples · 21 chunks · 11,274,290,643 bytes read
  Partitioned compression: HGSVC2: hdt-chunks started — 20 chunks · hdt-build-00020
  Partitioned compression: HGSVC2: hdt-chunks complete — 21 chunks · hdt-build-00020
  Partitioned compression: HGSVC2: rdf-scan heartbeat — 78,214,982 triples · 11,274,478,652 bytes read
  Partitioned compression: HGSVC2: rdf-scan heartbeat — 78,681,667 triples · 11,341,587,639 bytes read
  Partitioned compression: HGSVC2: rdf-scan heartbeat — 79,148,417 triples · 11,408,696,530 bytes read
  Partitioned compression: HGSVC2: rdf-scan heartbeat — 79,615,258 triples · 11,475,805,505 bytes read
  Partitioned compression: HGSVC2: rdf-scan heartbeat — 80,082,758 triples · 11,542,914,406 bytes read
  Partitioned compression: HGSVC2: rdf-scan heartbeat — 80,549,482 triples · 11,610,023,403 bytes read
  Partitioned compression: HGSVC2: rdf-scan heartbeat — 81,014,031 triples · 11,677,132,267 bytes read
  Partitioned compression: HGSVC2: rdf-scan heartbeat — 81,476,598 triples · 11,744,241,137 bytes read
  Partitioned compression: HGSVC2: rdf-scan chunk — 81,937,876 triples · 22 chunks · 11,811,161,597 bytes read
  Partitioned compression: HGSVC2: hdt-chunks started — 21 chunks · hdt-build-00021
  Partitioned compression: HGSVC2: hdt-chunks complete — 22 chunks · hdt-build-00021
  Partitioned compression: HGSVC2: rdf-scan heartbeat — 81,939,175 triples · 11,811,350,042 bytes read
  Partitioned compression: HGSVC2: rdf-scan heartbeat — 82,402,893 triples · 11,878,458,989 bytes read
  Partitioned compression: HGSVC2: rdf-scan heartbeat — 82,867,140 triples · 11,945,567,950 bytes read
  Partitioned compression: HGSVC2: rdf-scan heartbeat — 83,330,348 triples · 12,012,676,885 bytes read
  Partitioned compression: HGSVC2: rdf-scan heartbeat — 83,792,938 triples · 12,079,785,754 bytes read
  Partitioned compression: HGSVC2: rdf-scan heartbeat — 84,255,593 triples · 12,146,894,682 bytes read
  Partitioned compression: HGSVC2: rdf-scan heartbeat — 84,718,334 triples · 12,214,003,709 bytes read
  Partitioned compression: HGSVC2: rdf-scan heartbeat — 85,180,919 triples · 12,281,112,663 bytes read
  Partitioned compression: HGSVC2: rdf-scan chunk — 85,642,388 triples · 23 chunks · 12,348,032,635 bytes read
  Partitioned compression: HGSVC2: hdt-chunks started — 22 chunks · hdt-build-00022
  Partitioned compression: HGSVC2: hdt-chunks complete — 23 chunks · hdt-build-00022
  Partitioned compression: HGSVC2: rdf-scan heartbeat — 85,643,699 triples · 12,348,221,572 bytes read
  Partitioned compression: HGSVC2: rdf-scan heartbeat — 86,107,986 triples · 12,415,330,524 bytes read
  Partitioned compression: HGSVC2: rdf-scan heartbeat — 86,572,499 triples · 12,482,439,444 bytes read
  Partitioned compression: HGSVC2: rdf-scan heartbeat — 87,031,882 triples · 12,549,548,459 bytes read
  Partitioned compression: HGSVC2: rdf-scan heartbeat — 87,475,883 triples · 12,616,657,378 bytes read
  Partitioned compression: HGSVC2: rdf-scan heartbeat — 87,922,824 triples · 12,683,766,347 bytes read
  Partitioned compression: HGSVC2: rdf-scan heartbeat — 88,364,970 triples · 12,750,875,351 bytes read
  Partitioned compression: HGSVC2: rdf-scan heartbeat — 88,816,336 triples · 12,817,984,224 bytes read
  Partitioned compression: HGSVC2: rdf-scan chunk — 89,148,721 triples · 24 chunks · 12,884,903,568 bytes read
  Partitioned compression: HGSVC2: hdt-chunks started — 23 chunks · hdt-build-00023
  Partitioned compression: HGSVC2: hdt-chunks complete — 24 chunks · hdt-build-00023
  Partitioned compression: HGSVC2: rdf-scan heartbeat — 89,149,808 triples · 12,885,093,181 bytes read
  Partitioned compression: HGSVC2: rdf-scan heartbeat — 89,577,861 triples · 12,952,207,882 bytes read
  Partitioned compression: HGSVC2: rdf-scan heartbeat — 90,023,539 triples · 13,019,316,858 bytes read
  Partitioned compression: HGSVC2: rdf-scan heartbeat — 90,467,381 triples · 13,086,425,858 bytes read
  Partitioned compression: HGSVC2: rdf-scan heartbeat — 90,920,661 triples · 13,153,534,841 bytes read
  Partitioned compression: HGSVC2: rdf-scan heartbeat — 91,368,442 triples · 13,220,643,755 bytes read
  Partitioned compression: HGSVC2: rdf-scan heartbeat — 91,826,798 triples · 13,287,752,643 bytes read
  Partitioned compression: HGSVC2: rdf-scan heartbeat — 92,278,411 triples · 13,354,861,553 bytes read
  Partitioned compression: HGSVC2: rdf-scan chunk — 92,714,561 triples · 25 chunks · 13,421,774,585 bytes read
  Partitioned compression: HGSVC2: hdt-chunks started — 24 chunks · hdt-build-00024
  Partitioned compression: HGSVC2: hdt-chunks complete — 25 chunks · hdt-build-00024
  Partitioned compression: HGSVC2: rdf-scan heartbeat — 92,715,949 triples · 13,421,970,470 bytes read
  Partitioned compression: HGSVC2: rdf-scan heartbeat — 93,165,187 triples · 13,489,079,413 bytes read
  Partitioned compression: HGSVC2: rdf-scan heartbeat — 93,613,061 triples · 13,556,188,279 bytes read
  Partitioned compression: HGSVC2: rdf-scan heartbeat — 94,067,956 triples · 13,623,297,246 bytes read
  Partitioned compression: HGSVC2: rdf-scan heartbeat — 94,517,615 triples · 13,690,406,120 bytes read
  Partitioned compression: HGSVC2: rdf-scan heartbeat — 94,966,679 triples · 13,757,515,024 bytes read
  Partitioned compression: HGSVC2: rdf-scan heartbeat — 95,417,336 triples · 13,824,623,939 bytes read
  Partitioned compression: HGSVC2: rdf-scan heartbeat — 95,863,059 triples · 13,891,732,837 bytes read
  Partitioned compression: HGSVC2: rdf-scan chunk — 96,298,103 triples · 26 chunks · 13,958,645,550 bytes read
  Partitioned compression: HGSVC2: hdt-chunks started — 25 chunks · hdt-build-00025
  Partitioned compression: HGSVC2: hdt-chunks complete — 26 chunks · hdt-build-00025
  Partitioned compression: HGSVC2: rdf-scan heartbeat — 96,299,448 triples · 13,958,841,728 bytes read
  Partitioned compression: HGSVC2: rdf-scan heartbeat — 96,735,606 triples · 14,025,953,101 bytes read
  Partitioned compression: HGSVC2: rdf-scan chunk — 96,754,372 triples · 27 chunks · 14,028,789,565 bytes read
  Partitioned compression: HGSVC2: hdt-chunks started — 26 chunks · hdt-build-00026
  Partitioned compression: HGSVC2: hdt-chunks complete — 27 chunks · hdt-build-00026
  Partitioned compression: HGSVC2: rdf-scan complete — 96,754,372 triples · 27 chunks
  Partitioned compression: HGSVC2: hdt-chunks complete — 27 chunks
  Partitioned compression: HGSVC2: hdt-merge started — hdt-merge-r01-00000
  Partitioned compression: HGSVC2: hdt-merge complete — hdt-merge-r01-00000
  Partitioned compression: HGSVC2: hdt-merge started — hdt-merge-r01-00001
  Partitioned compression: HGSVC2: hdt-merge complete — hdt-merge-r01-00001
  Partitioned compression: HGSVC2: hdt-merge started — hdt-merge-r01-00002
  Partitioned compression: HGSVC2: hdt-merge complete — hdt-merge-r01-00002
  Partitioned compression: HGSVC2: hdt-merge started — hdt-merge-r01-00003
  Partitioned compression: HGSVC2: hdt-merge complete — hdt-merge-r01-00003
  Partitioned compression: HGSVC2: hdt-merge started — hdt-merge-r01-00004
  Partitioned compression: HGSVC2: hdt-merge complete — hdt-merge-r01-00004
  Partitioned compression: HGSVC2: hdt-merge started — hdt-merge-r01-00005
  Partitioned compression: HGSVC2: hdt-merge complete — hdt-merge-r01-00005
  Partitioned compression: HGSVC2: hdt-merge started — hdt-merge-r01-00006
  Partitioned compression: HGSVC2: hdt-merge complete — hdt-merge-r01-00006
  Partitioned compression: HGSVC2: hdt-merge started — hdt-merge-r01-00007
  Partitioned compression: HGSVC2: hdt-merge complete — hdt-merge-r01-00007
  Partitioned compression: HGSVC2: hdt-merge started — hdt-merge-r01-00008
  Partitioned compression: HGSVC2: hdt-merge complete — hdt-merge-r01-00008
  Partitioned compression: HGSVC2: hdt-merge started — hdt-merge-r01-00009
  Partitioned compression: HGSVC2: hdt-merge complete — hdt-merge-r01-00009
  Partitioned compression: HGSVC2: hdt-merge started — hdt-merge-r01-00010
  Partitioned compression: HGSVC2: hdt-merge complete — hdt-merge-r01-00010
  Partitioned compression: HGSVC2: hdt-merge started — hdt-merge-r01-00011
  Partitioned compression: HGSVC2: hdt-merge complete — hdt-merge-r01-00011
  Partitioned compression: HGSVC2: hdt-merge started — hdt-merge-r01-00012
  Partitioned compression: HGSVC2: hdt-merge complete — hdt-merge-r01-00012
  Partitioned compression: HGSVC2: hdt-merge started — hdt-merge-r02-00000
  Partitioned compression: HGSVC2: hdt-merge complete — hdt-merge-r02-00000
  Partitioned compression: HGSVC2: hdt-merge started — hdt-merge-r02-00001
  Partitioned compression: HGSVC2: hdt-merge complete — hdt-merge-r02-00001
  Partitioned compression: HGSVC2: hdt-merge started — hdt-merge-r02-00002
  Partitioned compression: HGSVC2: hdt-merge complete — hdt-merge-r02-00002
  Partitioned compression: HGSVC2: hdt-merge started — hdt-merge-r02-00003
  Partitioned compression: HGSVC2: hdt-merge complete — hdt-merge-r02-00003
  Partitioned compression: HGSVC2: hdt-merge started — hdt-merge-r02-00004
  Partitioned compression: HGSVC2: hdt-merge complete — hdt-merge-r02-00004
  Partitioned compression: HGSVC2: hdt-merge started — hdt-merge-r02-00005
  Partitioned compression: HGSVC2: hdt-merge complete — hdt-merge-r02-00005
  Partitioned compression: HGSVC2: hdt-merge started — hdt-merge-r02-00006
  Partitioned compression: HGSVC2: hdt-merge complete — hdt-merge-r02-00006
  Partitioned compression: HGSVC2: hdt-merge started — hdt-merge-r03-00000
  Partitioned compression: HGSVC2: hdt-merge complete — hdt-merge-r03-00000
  Partitioned compression: HGSVC2: hdt-merge started — hdt-merge-r03-00001
  Partitioned compression: HGSVC2: hdt-merge complete — hdt-merge-r03-00001
  Partitioned compression: HGSVC2: hdt-merge started — hdt-merge-r03-00002
  Partitioned compression: HGSVC2: hdt-merge complete — hdt-merge-r03-00002
  Partitioned compression: HGSVC2: hdt-merge started — hdt-merge-r04-00000
  Partitioned compression: HGSVC2: hdt-merge complete — hdt-merge-r04-00000
  Partitioned compression: HGSVC2: hdt-merge started — hdt-merge-r04-00001
  Partitioned compression: HGSVC2: hdt-merge complete — hdt-merge-r04-00001
  Partitioned compression: HGSVC2: hdt-merge started — hdt-merge-r05-00000
  Partitioned compression: HGSVC2: hdt-merge complete — hdt-merge-r05-00000
  Partitioned compression: HGSVC2: hdt started — hdt-index
  Partitioned compression: HGSVC2: hdt complete — hdt-index
  Partitioned compression: HGSVC2: hdt started — hdt-validate
  Partitioned compression: HGSVC2: hdt complete — hdt-validate
Partitioned compression: HGSVC2: finished
