Step 1/5: Validating inputs ✅
  Metrics: /home/ubuntu/vrdev-test/v331/results/17_use_case_acmg__cohort/convert__NA19236/out/run_metrics/NA19236.acmg__20261008T150511
  Detailed logs: /home/ubuntu/vrdev-test/v331/results/17_use_case_acmg__cohort/convert__NA19236/out/run_metrics/NA19236.acmg__20261008T150511/logs/wrapper.log
  Progress log: /home/ubuntu/vrdev-test/v331/results/17_use_case_acmg__cohort/convert__NA19236/out/run_metrics/NA19236.acmg__20261008T150511/logs/progress.log
Step 2/5: Ensuring Docker image is available ✅
Step 3/5: Processing per-input pipeline (TSV -> RDF -> compression)
  Sample representation: expanded
  INFO representation: structured
  Header representation: structured
  - Input 1/1: NA19236.acmg.vcf
    * TSV conversion ✅
    * VCF version: VCFv4.2 (detected)
    * RDF conversion ✅
    * Streaming expanded multi-sample RDF (no expanded helper TSVs)
    * Sample RDF streaming: 10,000 variants, 10,000 calls
    * Sample calls streamed: 12,184; FORMAT values: 12,184
    * Streaming structured header RDF
    * Header lines typed: 43; contigs: 24
    * Streaming QUAL and structured INFO RDF
    * INFO RDF streaming: 10,000 variants, 0 values
    * QUAL values streamed: 12,184; INFO values: 0; declarations: 0
    * Triples produced: 718,123
    * Compression ✅
    * Output directory: /home/ubuntu/vrdev-test/v331/results/17_use_case_acmg__cohort/convert__NA19236/out/NA19236.acmg
      - RDF aggregate: NA19236.acmg.nt.gz
      - RDF (.gz): 2.83 MB (retained because it is also the selected gzip artifact)
      - gzip (.nt.gz): 2.83 MB
Total triples produced (full run): 718,123
Conversion process finished.
Run time (full mode): 18.04s
Timing log: /home/ubuntu/vrdev-test/v331/results/17_use_case_acmg__cohort/convert__NA19236/out/run_metrics/NA19236.acmg__20261008T150511/wrapper_execution_times.csv
Metrics summary: /home/ubuntu/vrdev-test/v331/results/17_use_case_acmg__cohort/convert__NA19236/out/run_metrics/NA19236.acmg__20261008T150511/summary.json
