[2026-09-16T20:20:11] Run started (mode=full)
[2026-09-16T20:20:11] Checking Docker availability
[2026-09-16T20:20:11] Docker availability check passed
[2026-09-16T20:20:11] Ensuring image available: vcf-rdfizer:local-20d2cbb
[2026-09-16T20:20:11] Image ready
[2026-09-16T20:20:11] Writeability checks passed
[2026-09-16T20:20:11] Full pipeline started
[2026-09-16T20:20:11] Input 1/1 started: HG005_GRCh38_r100000
[2026-09-16T20:20:13] Input 1: TSV conversion completed for HG005_GRCh38_r100000
[2026-09-16T20:20:30] Input 1: RDF conversion completed for HG005_GRCh38_r100000
[2026-09-16T20:40:27] Input 1: compression completed for HG005_GRCh38_r100000
[2026-09-16T20:40:27] Validation started: HG005_GRCh38_r100000
[2026-09-16T20:46:43] Validation completed: HG005_GRCh38_r100000 (PASS)
[2026-09-16T20:46:43] Validation started: HG005_GRCh38_r100000__hdt
[2026-09-16T20:53:21] Validation completed: HG005_GRCh38_r100000__hdt (PASS)
[2026-09-16T20:53:21] Validation started: HG005_GRCh38_r100000__cottas
[2026-09-16T20:59:52] Validation completed: HG005_GRCh38_r100000__cottas (PASS)
[2026-09-16T20:59:52] Input 1/1 completed: HG005_GRCh38_r100000
[2026-09-16T20:59:52] Full pipeline finished successfully
[2026-09-16T20:59:52] Run finished (exit_code=0)
