Step 1/5: Validating inputs ✅
  Metrics: /home/ubuntu/vcf-rdfizer-testing/benchmarks_outputs/11_covering_set/row10/out/run_metrics/test-1k__20260924T080500
  Detailed logs: /home/ubuntu/vcf-rdfizer-testing/benchmarks_outputs/11_covering_set/row10/out/run_metrics/test-1k__20260924T080500/logs/wrapper.log
  Progress log: /home/ubuntu/vcf-rdfizer-testing/benchmarks_outputs/11_covering_set/row10/out/run_metrics/test-1k__20260924T080500/logs/progress.log
Step 2/5: Ensuring Docker image is available ✅
Step 3/5: Processing per-input pipeline (TSV -> RDF -> compression -> validation)
  Spark partition hint: 8
  Sample representation: expanded
  INFO representation: raw
  Header representation: structured
  Validation: aggregate, hdt, cottas via comunica
  - Input 1/1: test-1k.vcf
    * TSV conversion ✅
    * VCF version: VCFv4.2 (detected)
    * RDF conversion ✅
    * Streaming expanded multi-sample RDF (no expanded helper TSVs)
    * Sample calls streamed: 986; FORMAT values: 1,972
    * Streaming structured header RDF
    * Header lines typed: 13; contigs: 2
    * Streaming QUAL and raw INFO RDF
    * QUAL values streamed: 986; INFO values: 0; declarations: 0
    * Triples produced: 67,308
    * Compression ✅
    * Semantic validation (aggregate, comunica): test-1k.nt
Validation results: /home/ubuntu/vcf-rdfizer-testing/benchmarks_outputs/11_covering_set/row10/out/run_metrics/test-1k__20260924T080500/reports/validation/test-1k
Validation metrics: /home/ubuntu/vcf-rdfizer-testing/benchmarks_outputs/11_covering_set/row10/out/run_metrics/test-1k__20260924T080500/stages/validation/test-1k.json
    * Semantic validation (cottas, comunica): test-1k.cottas
Validation results: /home/ubuntu/vcf-rdfizer-testing/benchmarks_outputs/11_covering_set/row10/out/run_metrics/test-1k__20260924T080500/reports/validation/test-1k__cottas
Validation metrics: /home/ubuntu/vcf-rdfizer-testing/benchmarks_outputs/11_covering_set/row10/out/run_metrics/test-1k__20260924T080500/stages/validation/test-1k__cottas.json
    * Output directory: /home/ubuntu/vcf-rdfizer-testing/benchmarks_outputs/11_covering_set/row10/out/test-1k
      - RDF aggregate: test-1k.nt
      - N-Triples (.nt): 8.03 MB (removed after successful compression)
      - brotli (.nt.br): 139.18 KB
      - COTTAS (.cottas): 107.79 KB (/home/ubuntu/vcf-rdfizer-testing/benchmarks_outputs/11_covering_set/row10/out/test-1k/test-1k.cottas)
      - gzip-on-COTTAS (.cottas.gz): 102.09 KB (/home/ubuntu/vcf-rdfizer-testing/benchmarks_outputs/11_covering_set/row10/out/test-1k/test-1k.cottas.gz)
Total triples produced (full run): 67,308
Conversion process finished.
Run time (full mode): 1m 57.7s
Timing log: /home/ubuntu/vcf-rdfizer-testing/benchmarks_outputs/11_covering_set/row10/out/run_metrics/test-1k__20260924T080500/wrapper_execution_times.csv
Metrics summary: /home/ubuntu/vcf-rdfizer-testing/benchmarks_outputs/11_covering_set/row10/out/run_metrics/test-1k__20260924T080500/summary.json
