TSV conversion: NA19701.acmg: started
TSV conversion: NA19701.acmg: finished
RMLStreamer: NA19701.acmg: started
  RMLStreamer: NA19701.acmg: rmlstreamer started — 0 B · 0 parts
  RMLStreamer: NA19701.acmg: rmlstreamer heartbeat — 0 B · 0 parts
  RMLStreamer: NA19701.acmg: rmlstreamer heartbeat — 118.79 KB · 8 parts
  RMLStreamer: NA19701.acmg: rmlstreamer heartbeat — 10.77 MB · 8 parts
  RMLStreamer: NA19701.acmg: rmlstreamer heartbeat — 11.90 MB · 8 parts
  RMLStreamer: NA19701.acmg: rmlstreamer complete — 11.90 MB · 8 parts
  RMLStreamer: NA19701.acmg: rdf-aggregate started — 0 parts
  RMLStreamer: NA19701.acmg: rdf-aggregate part — 1 parts
  RMLStreamer: NA19701.acmg: rdf-aggregate part — 2 parts
  RMLStreamer: NA19701.acmg: rdf-aggregate part — 3 parts
  RMLStreamer: NA19701.acmg: rdf-aggregate part — 4 parts
  RMLStreamer: NA19701.acmg: rdf-aggregate part — 5 parts
  RMLStreamer: NA19701.acmg: rdf-aggregate part — 6 parts
  RMLStreamer: NA19701.acmg: rdf-aggregate part — 7 parts
  RMLStreamer: NA19701.acmg: rdf-aggregate part — 8 parts
  RMLStreamer: NA19701.acmg: rdf-aggregate complete — 8 parts
RMLStreamer: NA19701.acmg: finished
Gzip: NA19701.acmg: started
Gzip: NA19701.acmg: finished
