Step 1/5: Validating inputs ✅
  Metrics: /home/ubuntu/vcf-rdfizer-testing/benchmarks_outputs/11_covering_set/row7/out/run_metrics/test-1k__20260924T075902
  Detailed logs: /home/ubuntu/vcf-rdfizer-testing/benchmarks_outputs/11_covering_set/row7/out/run_metrics/test-1k__20260924T075902/logs/wrapper.log
  Progress log: /home/ubuntu/vcf-rdfizer-testing/benchmarks_outputs/11_covering_set/row7/out/run_metrics/test-1k__20260924T075902/logs/progress.log
Step 2/5: Ensuring Docker image is available ✅
Step 3/5: Processing per-input pipeline (TSV -> RDF -> compression -> validation)
  Spark partition hint: 8
  Sample representation: expanded
  INFO representation: structured
  Header representation: structured
  Validation: aggregate, hdt, cottas via comunica
  - Input 1/1: test-1k.vcf
    * TSV conversion ✅
    * VCF version: VCFv4.2 (detected)
    * RDF conversion ✅
    * Streaming expanded multi-sample RDF (no expanded helper TSVs)
    * Sample calls streamed: 986; FORMAT values: 1,972
    * Streaming structured header RDF
    * Header lines typed: 13; contigs: 2
    * Streaming QUAL and structured INFO RDF
    * QUAL values streamed: 986; INFO values: 2,958; declarations: 3
    * Triples produced: 94,919
    * Compression ✅
    * Semantic validation (aggregate, comunica): test-1k.nt
Validation results: /home/ubuntu/vcf-rdfizer-testing/benchmarks_outputs/11_covering_set/row7/out/run_metrics/test-1k__20260924T075902/reports/validation/test-1k
Validation metrics: /home/ubuntu/vcf-rdfizer-testing/benchmarks_outputs/11_covering_set/row7/out/run_metrics/test-1k__20260924T075902/stages/validation/test-1k.json
    * Semantic validation (hdt, comunica): test-1k.hdt
Validation results: /home/ubuntu/vcf-rdfizer-testing/benchmarks_outputs/11_covering_set/row7/out/run_metrics/test-1k__20260924T075902/reports/validation/test-1k__hdt
Validation metrics: /home/ubuntu/vcf-rdfizer-testing/benchmarks_outputs/11_covering_set/row7/out/run_metrics/test-1k__20260924T075902/stages/validation/test-1k__hdt.json
    * Output directory: /home/ubuntu/vcf-rdfizer-testing/benchmarks_outputs/11_covering_set/row7/out/test-1k
      - RDF aggregate: test-1k.nt
      - N-Triples (.nt): 11.35 MB (removed after successful compression)
      - gzip (.nt.gz): 472.56 KB
      - HDT (.hdt): 554.77 KB
      - gzip-on-HDT (.hdt.gz): 94.16 KB
Total triples produced (full run): 94,919
Conversion process finished.
Run time (full mode): 2m 12.6s
Timing log: /home/ubuntu/vcf-rdfizer-testing/benchmarks_outputs/11_covering_set/row7/out/run_metrics/test-1k__20260924T075902/wrapper_execution_times.csv
Metrics summary: /home/ubuntu/vcf-rdfizer-testing/benchmarks_outputs/11_covering_set/row7/out/run_metrics/test-1k__20260924T075902/summary.json
