TSV conversion: HG04238.acmg: started
TSV conversion: HG04238.acmg: finished
RMLStreamer: HG04238.acmg: started
  RMLStreamer: HG04238.acmg: rmlstreamer started — 0 B · 0 parts
  RMLStreamer: HG04238.acmg: rmlstreamer heartbeat — 0 B · 0 parts
  RMLStreamer: HG04238.acmg: rmlstreamer heartbeat — 22.14 KB · 8 parts
  RMLStreamer: HG04238.acmg: rmlstreamer heartbeat — 9.10 MB · 8 parts
  RMLStreamer: HG04238.acmg: rmlstreamer heartbeat — 10.62 MB · 8 parts
  RMLStreamer: HG04238.acmg: rmlstreamer complete — 10.62 MB · 8 parts
  RMLStreamer: HG04238.acmg: rdf-aggregate started — 0 parts
  RMLStreamer: HG04238.acmg: rdf-aggregate part — 1 parts
  RMLStreamer: HG04238.acmg: rdf-aggregate part — 2 parts
  RMLStreamer: HG04238.acmg: rdf-aggregate part — 3 parts
  RMLStreamer: HG04238.acmg: rdf-aggregate part — 4 parts
  RMLStreamer: HG04238.acmg: rdf-aggregate part — 5 parts
  RMLStreamer: HG04238.acmg: rdf-aggregate part — 6 parts
  RMLStreamer: HG04238.acmg: rdf-aggregate part — 7 parts
  RMLStreamer: HG04238.acmg: rdf-aggregate part — 8 parts
  RMLStreamer: HG04238.acmg: rdf-aggregate complete — 8 parts
RMLStreamer: HG04238.acmg: finished
Gzip: HG04238.acmg: started
Gzip: HG04238.acmg: finished
