Step 1/5: Validating inputs ✅
  Metrics: /home/ubuntu/vrdev-test/acmg-run/results/17_use_case_acmg__cohort/convert__HG04238/out/run_metrics/HG04238.acmg__20260928T150437
  Detailed logs: /home/ubuntu/vrdev-test/acmg-run/results/17_use_case_acmg__cohort/convert__HG04238/out/run_metrics/HG04238.acmg__20260928T150437/logs/wrapper.log
  Progress log: /home/ubuntu/vrdev-test/acmg-run/results/17_use_case_acmg__cohort/convert__HG04238/out/run_metrics/HG04238.acmg__20260928T150437/logs/progress.log
Step 2/5: Ensuring Docker image is available ✅
Step 3/5: Processing per-input pipeline (TSV -> RDF -> compression)
  Sample representation: expanded
  INFO representation: structured
  Header representation: structured
  - Input 1/1: HG04238.acmg.vcf
    * TSV conversion ✅
    * VCF version: VCFv4.2 (detected)
    * RDF conversion ✅
    * Streaming expanded multi-sample RDF (no expanded helper TSVs)
    * Sample RDF streaming: 10,000 variants, 10,000 calls
    * Sample calls streamed: 10,798; FORMAT values: 10,798
    * Streaming structured header RDF
    * Header lines typed: 133; contigs: 24
    * Streaming QUAL and structured INFO RDF
    * INFO RDF streaming: 10,000 variants, 730,058 values
    * QUAL values streamed: 10,798; INFO values: 789,280; declarations: 91
    * Triples produced: 8,673,628
    * Compression ✅
    * Output directory: /home/ubuntu/vrdev-test/acmg-run/results/17_use_case_acmg__cohort/convert__HG04238/out/HG04238.acmg
      - RDF aggregate: HG04238.acmg.nt
      - N-Triples (.nt): 1.17 GB (removed after successful compression)
      - gzip (.nt.gz): 54.78 MB
Total triples produced (full run): 8,673,628
Conversion process finished.
Run time (full mode): 34.01s
Timing log: /home/ubuntu/vrdev-test/acmg-run/results/17_use_case_acmg__cohort/convert__HG04238/out/run_metrics/HG04238.acmg__20260928T150437/wrapper_execution_times.csv
Metrics summary: /home/ubuntu/vrdev-test/acmg-run/results/17_use_case_acmg__cohort/convert__HG04238/out/run_metrics/HG04238.acmg__20260928T150437/summary.json
