TSV conversion: 1000G_10000r_s16: started
TSV conversion: 1000G_10000r_s16: finished
RMLStreamer: 1000G_10000r_s16: started
  RMLStreamer: 1000G_10000r_s16: rmlstreamer started — 0 B · 0 parts
  RMLStreamer: 1000G_10000r_s16: rmlstreamer heartbeat — 0 B · 0 parts
  RMLStreamer: 1000G_10000r_s16: rmlstreamer heartbeat — 12.90 KB · 8 parts
  RMLStreamer: 1000G_10000r_s16: rmlstreamer heartbeat — 8.09 MB · 8 parts
  RMLStreamer: 1000G_10000r_s16: rmlstreamer heartbeat — 10.60 MB · 8 parts
  RMLStreamer: 1000G_10000r_s16: rmlstreamer complete — 10.60 MB · 8 parts
  RMLStreamer: 1000G_10000r_s16: rdf-aggregate started — 0 parts
  RMLStreamer: 1000G_10000r_s16: rdf-aggregate part — 1 parts
  RMLStreamer: 1000G_10000r_s16: rdf-aggregate part — 2 parts
  RMLStreamer: 1000G_10000r_s16: rdf-aggregate part — 3 parts
  RMLStreamer: 1000G_10000r_s16: rdf-aggregate part — 4 parts
  RMLStreamer: 1000G_10000r_s16: rdf-aggregate part — 5 parts
  RMLStreamer: 1000G_10000r_s16: rdf-aggregate part — 6 parts
  RMLStreamer: 1000G_10000r_s16: rdf-aggregate part — 7 parts
  RMLStreamer: 1000G_10000r_s16: rdf-aggregate part — 8 parts
  RMLStreamer: 1000G_10000r_s16: rdf-aggregate complete — 8 parts
RMLStreamer: 1000G_10000r_s16: finished
Partitioned compression: 1000G_10000r_s16: started
  Partitioned compression: 1000G_10000r_s16: rdf-scan started — 0 triples
  Partitioned compression: 1000G_10000r_s16: rdf-scan heartbeat — 471,462 triples · 67,108,988 bytes read
  Partitioned compression: 1000G_10000r_s16: rdf-scan heartbeat — 933,843 triples · 134,217,943 bytes read
  Partitioned compression: 1000G_10000r_s16: rdf-scan heartbeat — 1,396,126 triples · 201,326,867 bytes read
  Partitioned compression: 1000G_10000r_s16: rdf-scan chunk — 1,439,578 triples · 1 chunks · 207,636,054 bytes read
  Partitioned compression: 1000G_10000r_s16: hdt-chunks started — 0 chunks · hdt-build-00000
  Partitioned compression: 1000G_10000r_s16: hdt-chunks complete — 1 chunks · hdt-build-00000
  Partitioned compression: 1000G_10000r_s16: rdf-scan complete — 1,439,578 triples · 1 chunks
  Partitioned compression: 1000G_10000r_s16: hdt-chunks complete — 1 chunks
  Partitioned compression: 1000G_10000r_s16: hdt started — hdt-index
  Partitioned compression: 1000G_10000r_s16: hdt complete — hdt-index
  Partitioned compression: 1000G_10000r_s16: hdt started — hdt-validate
  Partitioned compression: 1000G_10000r_s16: hdt complete — hdt-validate
Partitioned compression: 1000G_10000r_s16: finished
