TSV conversion: NA20882.acmg: started
TSV conversion: NA20882.acmg: finished
RMLStreamer: NA20882.acmg: started
  RMLStreamer: NA20882.acmg: rmlstreamer started — 0 B · 0 parts
  RMLStreamer: NA20882.acmg: rmlstreamer heartbeat — 0 B · 0 parts
  RMLStreamer: NA20882.acmg: rmlstreamer heartbeat — 1.02 KB · 8 parts
  RMLStreamer: NA20882.acmg: rmlstreamer heartbeat — 8.36 MB · 8 parts
  RMLStreamer: NA20882.acmg: rmlstreamer heartbeat — 10.20 MB · 8 parts
  RMLStreamer: NA20882.acmg: rmlstreamer complete — 10.20 MB · 8 parts
  RMLStreamer: NA20882.acmg: rdf-aggregate started — 0 parts
  RMLStreamer: NA20882.acmg: rdf-aggregate part — 1 parts
  RMLStreamer: NA20882.acmg: rdf-aggregate part — 2 parts
  RMLStreamer: NA20882.acmg: rdf-aggregate part — 3 parts
  RMLStreamer: NA20882.acmg: rdf-aggregate part — 4 parts
  RMLStreamer: NA20882.acmg: rdf-aggregate part — 5 parts
  RMLStreamer: NA20882.acmg: rdf-aggregate part — 6 parts
  RMLStreamer: NA20882.acmg: rdf-aggregate part — 7 parts
  RMLStreamer: NA20882.acmg: rdf-aggregate part — 8 parts
  RMLStreamer: NA20882.acmg: rdf-aggregate complete — 8 parts
RMLStreamer: NA20882.acmg: finished
