TSV conversion: HG002.acmg: started
TSV conversion: HG002.acmg: finished
RMLStreamer: HG002.acmg: started
  RMLStreamer: HG002.acmg: rmlstreamer started — 0 B · 0 parts
  RMLStreamer: HG002.acmg: rmlstreamer heartbeat — 0 B · 0 parts
  RMLStreamer: HG002.acmg: rmlstreamer heartbeat — 18.20 KB · 8 parts
  RMLStreamer: HG002.acmg: rmlstreamer heartbeat — 8.90 MB · 8 parts
  RMLStreamer: HG002.acmg: rmlstreamer heartbeat — 11.38 MB · 8 parts
  RMLStreamer: HG002.acmg: rmlstreamer complete — 11.38 MB · 8 parts
  RMLStreamer: HG002.acmg: rdf-aggregate started — 0 parts
  RMLStreamer: HG002.acmg: rdf-aggregate part — 1 parts
  RMLStreamer: HG002.acmg: rdf-aggregate part — 2 parts
  RMLStreamer: HG002.acmg: rdf-aggregate part — 3 parts
  RMLStreamer: HG002.acmg: rdf-aggregate part — 4 parts
  RMLStreamer: HG002.acmg: rdf-aggregate part — 5 parts
  RMLStreamer: HG002.acmg: rdf-aggregate part — 6 parts
  RMLStreamer: HG002.acmg: rdf-aggregate part — 7 parts
  RMLStreamer: HG002.acmg: rdf-aggregate part — 8 parts
  RMLStreamer: HG002.acmg: rdf-aggregate complete — 8 parts
RMLStreamer: HG002.acmg: finished
Gzip: HG002.acmg: started
Gzip: HG002.acmg: finished
