Step 1/5: Validating inputs ✅
  Metrics: /home/ubuntu/vrdev-test/acmg-run/results/17_use_case_acmg/convert__HG002/out/run_metrics/HG002.acmg__20260928T111237
  Detailed logs: /home/ubuntu/vrdev-test/acmg-run/results/17_use_case_acmg/convert__HG002/out/run_metrics/HG002.acmg__20260928T111237/logs/wrapper.log
  Progress log: /home/ubuntu/vrdev-test/acmg-run/results/17_use_case_acmg/convert__HG002/out/run_metrics/HG002.acmg__20260928T111237/logs/progress.log
Step 2/5: Ensuring Docker image is available ✅
Step 3/5: Processing per-input pipeline (TSV -> RDF -> compression)
  Sample representation: expanded
  INFO representation: structured
  Header representation: structured
  - Input 1/1: HG002.acmg.vcf
    * TSV conversion ✅
    * VCF version: VCFv4.2 (detected)
    * RDF conversion ✅
    * Streaming expanded multi-sample RDF (no expanded helper TSVs)
    * Sample RDF streaming: 10,000 variants, 10,000 calls
    * Sample calls streamed: 11,698; FORMAT values: 35,094
    * Streaming structured header RDF
    * Header lines typed: 215; contigs: 195
    * Streaming QUAL and structured INFO RDF
    * INFO RDF streaming: 10,000 variants, 0 values
    * QUAL values streamed: 11,698; INFO values: 0; declarations: 0
    * Triples produced: 962,047
    * Compression ✅
    * Output directory: /home/ubuntu/vrdev-test/acmg-run/results/17_use_case_acmg/convert__HG002/out/HG002.acmg
      - RDF aggregate: HG002.acmg.nt
      - N-Triples (.nt): 142.99 MB (removed after successful compression)
      - gzip (.nt.gz): 4.48 MB
Total triples produced (full run): 962,047
Conversion process finished.
Run time (full mode): 17.56s
Timing log: /home/ubuntu/vrdev-test/acmg-run/results/17_use_case_acmg/convert__HG002/out/run_metrics/HG002.acmg__20260928T111237/wrapper_execution_times.csv
Metrics summary: /home/ubuntu/vrdev-test/acmg-run/results/17_use_case_acmg/convert__HG002/out/run_metrics/HG002.acmg__20260928T111237/summary.json
