[2026-09-24T11:14:21] Run started (mode=full)
[2026-09-24T11:14:21] Checking Docker availability
[2026-09-24T11:14:21] Docker availability check passed
[2026-09-24T11:14:21] Ensuring image available: ecrum19/vcf-rdfizer:3.1.0
[2026-09-24T11:14:22] Image ready
[2026-09-24T11:14:22] Writeability checks passed
[2026-09-24T11:14:22] Full pipeline started
[2026-09-24T11:14:22] Input 1/1 started: HG005_GRCh38_r100000
[2026-09-24T11:14:24] Input 1: TSV conversion completed for HG005_GRCh38_r100000
[2026-09-24T11:14:42] Input 1: RDF conversion completed for HG005_GRCh38_r100000
[2026-09-24T11:34:44] Input 1: compression completed for HG005_GRCh38_r100000
[2026-09-24T11:34:44] Validation started: HG005_GRCh38_r100000
[2026-09-24T11:39:26] Validation completed: HG005_GRCh38_r100000 (PASS)
[2026-09-24T11:39:26] Validation started: HG005_GRCh38_r100000__hdt
[2026-09-24T11:44:28] Validation completed: HG005_GRCh38_r100000__hdt (PASS)
[2026-09-24T11:44:28] Validation started: HG005_GRCh38_r100000__cottas
[2026-09-24T11:49:22] Validation completed: HG005_GRCh38_r100000__cottas (PASS)
[2026-09-24T11:49:22] Input 1/1 completed: HG005_GRCh38_r100000
[2026-09-24T11:49:22] Full pipeline finished successfully
[2026-09-24T11:49:22] Run finished (exit_code=0)
