TSV conversion: clinvar.acmg: started
TSV conversion: clinvar.acmg: finished
RMLStreamer: clinvar.acmg: started
  RMLStreamer: clinvar.acmg: rmlstreamer started — 0 B · 0 parts
  RMLStreamer: clinvar.acmg: rmlstreamer heartbeat — 0 B · 0 parts
  RMLStreamer: clinvar.acmg: rmlstreamer heartbeat — 1.02 KB · 8 parts
  RMLStreamer: clinvar.acmg: rmlstreamer heartbeat — 9.22 MB · 8 parts
  RMLStreamer: clinvar.acmg: rmlstreamer heartbeat — 25.81 MB · 8 parts
  RMLStreamer: clinvar.acmg: rmlstreamer heartbeat — 60.00 MB · 8 parts
  RMLStreamer: clinvar.acmg: rmlstreamer heartbeat — 96.75 MB · 8 parts
  RMLStreamer: clinvar.acmg: rmlstreamer heartbeat — 131.52 MB · 8 parts
  RMLStreamer: clinvar.acmg: rmlstreamer heartbeat — 169.21 MB · 8 parts
  RMLStreamer: clinvar.acmg: rmlstreamer heartbeat — 205.00 MB · 8 parts
  RMLStreamer: clinvar.acmg: rmlstreamer heartbeat — 240.87 MB · 8 parts
  RMLStreamer: clinvar.acmg: rmlstreamer heartbeat — 273.53 MB · 8 parts
  RMLStreamer: clinvar.acmg: rmlstreamer heartbeat — 298.88 MB · 8 parts
  RMLStreamer: clinvar.acmg: rmlstreamer heartbeat — 301.66 MB · 8 parts
  RMLStreamer: clinvar.acmg: rmlstreamer complete — 301.66 MB · 8 parts
  RMLStreamer: clinvar.acmg: rdf-aggregate started — 0 parts
  RMLStreamer: clinvar.acmg: rdf-aggregate part — 1 parts
  RMLStreamer: clinvar.acmg: rdf-aggregate part — 2 parts
  RMLStreamer: clinvar.acmg: rdf-aggregate part — 3 parts
  RMLStreamer: clinvar.acmg: rdf-aggregate part — 4 parts
  RMLStreamer: clinvar.acmg: rdf-aggregate part — 5 parts
  RMLStreamer: clinvar.acmg: rdf-aggregate part — 6 parts
  RMLStreamer: clinvar.acmg: rdf-aggregate part — 7 parts
  RMLStreamer: clinvar.acmg: rdf-aggregate part — 8 parts
  RMLStreamer: clinvar.acmg: rdf-aggregate complete — 8 parts
RMLStreamer: clinvar.acmg: finished
