TSV conversion: HG02156.acmg: started
TSV conversion: HG02156.acmg: finished
RMLStreamer: HG02156.acmg: started
  RMLStreamer: HG02156.acmg: rmlstreamer started — 0 B · 0 parts
  RMLStreamer: HG02156.acmg: rmlstreamer heartbeat — 0 B · 0 parts
  RMLStreamer: HG02156.acmg: rmlstreamer heartbeat — 89.51 KB · 8 parts
  RMLStreamer: HG02156.acmg: rmlstreamer heartbeat — 8.09 MB · 8 parts
  RMLStreamer: HG02156.acmg: rmlstreamer heartbeat — 10.45 MB · 8 parts
  RMLStreamer: HG02156.acmg: rmlstreamer complete — 10.45 MB · 8 parts
  RMLStreamer: HG02156.acmg: rdf-aggregate started — 0 parts
  RMLStreamer: HG02156.acmg: rdf-aggregate part — 1 parts
  RMLStreamer: HG02156.acmg: rdf-aggregate part — 2 parts
  RMLStreamer: HG02156.acmg: rdf-aggregate part — 3 parts
  RMLStreamer: HG02156.acmg: rdf-aggregate part — 4 parts
  RMLStreamer: HG02156.acmg: rdf-aggregate part — 5 parts
  RMLStreamer: HG02156.acmg: rdf-aggregate part — 6 parts
  RMLStreamer: HG02156.acmg: rdf-aggregate part — 7 parts
  RMLStreamer: HG02156.acmg: rdf-aggregate part — 8 parts
  RMLStreamer: HG02156.acmg: rdf-aggregate complete — 8 parts
RMLStreamer: HG02156.acmg: finished
Gzip: HG02156.acmg: started
Gzip: HG02156.acmg: finished
