
[2026-09-26T08:36:33] $ docker version
Client: Docker Engine - Community
 Version:           29.8.1
 API version:       1.56
 Go version:        go1.26.8
 Git commit:        4a63305
 Built:             Tue Sep 15 16:25:26 2026
 OS/Arch:           linux/amd64
 Context:           default

Server: Docker Engine - Community
 Engine:
  Version:          29.8.1
  API version:      1.56 (minimum version 1.40)
  Go version:       go1.26.8
  Git commit:       464cd50
  Built:            Tue Sep 15 16:25:26 2026
  OS/Arch:          linux/amd64
  Experimental:     false
 containerd:
  Version:          v2.3.5
  GitCommit:        1294c24a7da8e5a793ed378161673abe94118892
 runc:
  Version:          1.5.1
  GitCommit:        v1.5.1-0-g8f2685a4
 docker-init:
  Version:          0.19.0
  GitCommit:        de40ad0
[exit 0]

[2026-09-26T08:36:33] $ docker image inspect vcf-rdfizer:qsel-245fe1f
[
    {
        "Id": "sha256:4e2849b76878b9f7feeb3f01e993a9804b367a0c9bed42909d60dd630276c83c",
        "RepoTags": [
            "vcf-rdfizer:qsel-245fe1f"
        ],
        "RepoDigests": [
            "vcf-rdfizer@sha256:4e2849b76878b9f7feeb3f01e993a9804b367a0c9bed42909d60dd630276c83c"
        ],
        "Comment": "buildkit.dockerfile.v0",
        "Created": "2026-09-25T10:28:41.144918902+02:00",
        "Config": {
            "Env": [
                "PATH=/opt/java/openjdk/bin:/usr/local/sbin:/usr/local/bin:/usr/sbin:/usr/bin:/sbin:/bin",
                "JAVA_HOME=/opt/java/openjdk",
                "LANG=en_US.UTF-8",
                "LANGUAGE=en_US:en",
                "LC_ALL=en_US.UTF-8",
                "JAVA_VERSION=jdk-11.0.32+9",
                "RMLSTREAMER_JAR=/opt/rmlstreamer/RMLStreamer-v2.5.0-standalone.jar",
                "JAR=/opt/rmlstreamer/RMLStreamer-v2.5.0-standalone.jar",
                "HDTC_BIN=/usr/local/bin/hdtc",
                "HDT_INDEX_MEMORY_LIMIT=512M",
                "HDT_MERGE_MEMORY_LIMIT=512M",
                "COTTAS_MERGE_BATCH_ROWS=2048",
                "RDF2HDT_BIN=/usr/local/bin/rdf2hdt",
                "HDT2RDF_BIN=/usr/local/bin/hdt2rdf",
                "COTTAS_PYTHON_BIN=/opt/pycottas-venv/bin/python",
                "QLEVER_INDEX_BUILDER_BIN=/opt/qlever/bin/qlever-index",
                "QLEVER_SERVER_BIN=/opt/qlever/bin/qlever-server",
                "LD_LIBRARY_PATH=/usr/local/lib"
            ],
            "Entrypoint": [
                "/__cacert_entrypoint.sh"
            ],
            "WorkingDir": "/work",
            "Labels": {
                "org.opencontainers.image.created": "2026-09-12T10:25:59.825539+00:00",
                "org.opencontainers.image.description": "The Ubuntu container image maintained by Canonical\n\nUbuntu is a Debian-based Linux operating system that runs from the desktop to the cloud, to all your internet connected things.\nIt is the world's most popular operating system across public clouds and OpenStack clouds.\nIt is the number one platform for containers; from Docker to Kubernetes to LXD, Ubuntu can run your containers at scale.\nFast, secure and simple, Ubuntu powers millions of PCs worldwide.\n",
                "org.opencontainers.image.title": "ubuntu",
                "org.opencontainers.image.version": "26.04"
            }
        },
        "Architecture": "amd64",
        "Os": "linux",
        "Size": 3173041910,
        "RootFS": {
            "Type": "layers",
            "Layers": [
                "sha256:485d137fd3bfb545f1b417ea708e2281594be7a334e8a85ab75c5332db6089e9",
                "sha256:598e8330e2e633ea6b06bbf1e8b80c275553b7c1de53899af154d1f480a7eefa",
                "sha256:26e0c5f2f2ea6a0602ff01033d767d81371ca2a1ac10ed18b5501c40e247a427",
                "sha256:fba3fa5bb248907b3d98f94f7aaef38c77d0bb26f509eb1b65b13fedbdca6cf4",
                "sha256:714e1749d314bced589b41523ac008f83fe9b0e20c4688b974e7f1ea4cf11705",
                "sha256:36df17dfc7739f0a33bdeadb2c57284d052e9e824db76a771ebc9d354779bdd9",
                "sha256:297585d22fdac1f507776581ed97ce9fb86dc0bcf7806348796bc3e51211a2d4",
                "sha256:d6b9f6038a26ee14ceeda4127807432062b292b0b8b3f8720629cff3077cd3e3",
                "sha256:2284ee358843f25cd3b047eb1b0245a54443a3060c83eee591ed37d138e30ffb",
                "sha256:5f70bf18a086007016e948b04aed3b82103a36bea41755b6cddfaf10ace3c6ef",
                "sha256:3036585d12f60f673bbb1822e195e2ff48b669b4813ac0a8c60cf96a9f8b59b4",
                "sha256:d709b6248a8b1fa47ace8c05365d8572400d74f39e3d3313934830dbd6bae63d",
                "sha256:7c086b742ef23da380018c3835db73be2eb03417747bf7a0e4afef4019b3b7fc",
                "sha256:4263557eaab5b1cf8dd46b49236c0003d1349de559c76dc0029a32151bfdb0c3",
                "sha256:3d371cdefab949321c0a7d46bf4ec95e9183d2457c107ed6cda62acb88b4d801",
                "sha256:deb3dbdbbc7fcae011dd70dbade8f96a90869cd2f5456ea2b83b28e102107c29",
                "sha256:50b2f2781fb4dcb6e807f8939786a35370a591530ab8e46cfe72f6f2f71d17e0",
                "sha256:d185b8949f352a5043d14ad1ede4a64ddf9729790216b14ab0edbccac561ff71",
                "sha256:f71a3f18897b83cbe0be0198a3337affd674726dec64946d0adc882c94dd82e4",
                "sha256:d4b87ddb63c5c8f372c6bee9a72dd1c87fdd7d8c7e0b84e791bf62499f0602c0",
                "sha256:faf15e9878c4b93efc224cf946858704327fee67c532c199d765edb749c75c9a",
                "sha256:ed45f880ddd5a545edcb4ecab59b1fb9f17da3c5db19352c92d5e66889111072",
                "sha256:a0ea0d0ef3969e83731d93591c807f36fcd01a554f5e637bf9dab08387abeb38",
                "sha256:43e443c6a4dcb6aecada5c74e53cba96447e37fd319984594df87998fbc1fd97",
                "sha256:b0e3dffcfadf5b3099d7a08129f8c9e82ab38b802a05562dac25dfbd1fde57dd",
                "sha256:49c4a91675b9dd408dbd03efaee218238d7a9b3bf1d00dc4235f6ae0a79bf48a",
                "sha256:1f735e756ea731d4b3999ef8ca9a47660afb1a06294d89e157d16a1933bbcd24",
                "sha256:88c5d42bc0d78c29f61b80e5d6697a5ef023e26708d159c6b45b603271eb0328",
                "sha256:e5f949a7e070641f6ee327874462b529e57855bc5d3d9454f0266c6b5cd24d7e",
                "sha256:5f70bf18a086007016e948b04aed3b82103a36bea41755b6cddfaf10ace3c6ef"
            ]
        },
        "Metadata": {
            "LastTagTime": "2026-09-25T08:29:00.112813554Z"
        },
        "Descriptor": {
            "mediaType": "application/vnd.oci.image.index.v1+json",
            "digest": "sha256:4e2849b76878b9f7feeb3f01e993a9804b367a0c9bed42909d60dd630276c83c",
            "size": 856
        },
        "Identity": {
            "Build": [
                {
                    "Ref": "ryx3ee4394p23cwb1cjbfih7f",
                    "CreatedAt": "2026-09-25T10:29:13.271994048+02:00"
                }
            ]
        }
    }
]
[exit 0]

[2026-09-26T08:36:33] $ docker run --rm --label vcf-rdfizer.run=20260926T083633-385117 --user 1000:1000 --init -v /home/ubuntu/vcf-rdfizer-testing/vcf_data:/data/vcf:ro -v /home/ubuntu/vcf-rdfizer-testing/scale_store/whole/HG005_GRCh38:/data/rdf:ro -v /home/ubuntu/vcf-rdfizer-testing/benchmarks_outputs/16_scale_retrieval/whole__qlever__nt_gz__core__r1/out/run_metrics/batch-HG005_GRCh38-2-inputs__20260926T083633/reports/validation/whole_qlever_1:/data/validation -v /home/ubuntu/vcf-rdfizer-testing/benchmarks_outputs/16_scale_retrieval/whole__qlever__nt_gz__core__r1/out/run_metrics/batch-HG005_GRCh38-2-inputs__20260926T083633:/data/metrics vcf-rdfizer:qsel-245fe1f /usr/bin/time -v -o /data/metrics/timings/validation/whole_qlever_1.txt -- /opt/pycottas-venv/bin/python /opt/vcf-rdfizer/validation/validation_runner.py --vcf /data/vcf/HG005_GRCh38.vcf.gz --rdf /data/rdf/HG005_GRCh38.nt.gz --rdf-format nt.gz --engine qlever --queries core --representation expanded --info-representation structured --header-representation structured --results-dir /data/validation --dataset-id whole_qlever_1 --filter-oracle auto --scratch-dir /work --progress-path /data/metrics/.progress/validation-whole_qlever_1.jsonl
[whole_qlever_1] preparing qlever engine
[whole_qlever_1] running expanded/q01_record_density_1mb (qlever)
[whole_qlever_1] running expanded/q02_variant_shape_counts (qlever)
[whole_qlever_1] running expanded/q03_titv (qlever)
[whole_qlever_1] running expanded/q04_filter_distribution (qlever)
[whole_qlever_1] running expanded/q05_sample_genotype_counts (qlever)
[whole_qlever_1] running expanded/q06_ac_an_distribution (qlever)
[whole_qlever_1] running expanded/q07_file_metadata (qlever)
[whole_qlever_1] running expanded/q08_header_line_census (qlever)
[whole_qlever_1] running expanded/q09_predicate_census (qlever)
[whole_qlever_1] running expanded/q10_class_census (qlever)
[whole_qlever_1] running expanded/q11_record_digest (qlever)
[whole_qlever_1] running expanded/q12_info_value_digest (qlever)
[whole_qlever_1] running expanded/q13_format_value_digest (qlever)
{
  "datasetId": "whole_qlever_1",
  "representation": "expanded",
  "status": "TIMING_ONLY",
  "engine": "qlever",
  "engines": [
    "qlever"
  ],
  "engineStatuses": {
    "qlever": "TIMING_ONLY"
  },
  "engineAgreement": true,
  "sourceFormat": "nt.gz",
  "selectedQueries": [
    "q01_record_density_1mb",
    "q02_variant_shape_counts",
    "q03_titv",
    "q04_filter_distribution",
    "q05_sample_genotype_counts",
    "q06_ac_an_distribution",
    "q07_file_metadata",
    "q08_header_line_census",
    "q09_predicate_census",
    "q10_class_census",
    "q11_record_digest",
    "q12_info_value_digest",
    "q13_format_value_digest"
  ],
  "answersAgree": true,
  "disagreeingQueries": [],
  "recordCount": 3856856,
  "sampleCount": 1,
  "gtRecordCount": 3856856,
  "benchmark": {
    "oracleSeconds": 485.9858932629868,
    "engineQuerySeconds": {
      "qlever": 635.2355975979735
    },
    "engineSetupSeconds": {
      "qlever": 864.9729771560087
    }
  },
  "results": {
    "manifest": "/data/validation/manifest.json",
    "parser": "/data/validation/parser.json",
    "sparql": "/data/validation/sparql.json",
    "benchmark": "/data/validation/benchmark.csv"
  },
  "temporaryRdf": {
    "decompressedInsideContainer": true,
    "persisted": false,
    "cleanupConfirmed": true
  }
}
[exit 0]
