Step 1/5: Validating inputs ✅
  Metrics: /home/ubuntu/vrdev-test/acmg-run/results/17_use_case_acmg__cohort/convert__NA19006/out/run_metrics/NA19006.acmg__20260928T165919
  Detailed logs: /home/ubuntu/vrdev-test/acmg-run/results/17_use_case_acmg__cohort/convert__NA19006/out/run_metrics/NA19006.acmg__20260928T165919/logs/wrapper.log
  Progress log: /home/ubuntu/vrdev-test/acmg-run/results/17_use_case_acmg__cohort/convert__NA19006/out/run_metrics/NA19006.acmg__20260928T165919/logs/progress.log
Step 2/5: Ensuring Docker image is available ✅
Step 3/5: Processing per-input pipeline (TSV -> RDF -> compression)
  Sample representation: expanded
  INFO representation: structured
  Header representation: structured
  - Input 1/1: NA19006.acmg.vcf
    * TSV conversion ✅
    * VCF version: VCFv4.2 (detected)
    * RDF conversion ✅
    * Streaming expanded multi-sample RDF (no expanded helper TSVs)
    * Sample RDF streaming: 10,000 variants, 10,000 calls
    * Sample calls streamed: 11,207; FORMAT values: 11,207
    * Streaming structured header RDF
    * Header lines typed: 43; contigs: 24
    * Streaming QUAL and structured INFO RDF
    * INFO RDF streaming: 10,000 variants, 0 values
    * QUAL values streamed: 11,207; INFO values: 0; declarations: 0
    * Triples produced: 660,818
    * Compression ✅
    * Output directory: /home/ubuntu/vrdev-test/acmg-run/results/17_use_case_acmg__cohort/convert__NA19006/out/NA19006.acmg
      - RDF aggregate: NA19006.acmg.nt
      - N-Triples (.nt): 84.75 MB (removed after successful compression)
      - gzip (.nt.gz): 3.07 MB
Total triples produced (full run): 660,818
Conversion process finished.
Run time (full mode): 16.64s
Timing log: /home/ubuntu/vrdev-test/acmg-run/results/17_use_case_acmg__cohort/convert__NA19006/out/run_metrics/NA19006.acmg__20260928T165919/wrapper_execution_times.csv
Metrics summary: /home/ubuntu/vrdev-test/acmg-run/results/17_use_case_acmg__cohort/convert__NA19006/out/run_metrics/NA19006.acmg__20260928T165919/summary.json
