Step 1/5: Validating inputs ✅
  Metrics: /home/ubuntu/vrdev-test/acmg-run/results/17_use_case_acmg__cohort/convert__NA19669/out/run_metrics/NA19669.acmg__20260928T151446
  Detailed logs: /home/ubuntu/vrdev-test/acmg-run/results/17_use_case_acmg__cohort/convert__NA19669/out/run_metrics/NA19669.acmg__20260928T151446/logs/wrapper.log
  Progress log: /home/ubuntu/vrdev-test/acmg-run/results/17_use_case_acmg__cohort/convert__NA19669/out/run_metrics/NA19669.acmg__20260928T151446/logs/progress.log
Step 2/5: Ensuring Docker image is available ✅
Step 3/5: Processing per-input pipeline (TSV -> RDF -> compression)
  Sample representation: expanded
  INFO representation: structured
  Header representation: structured
  - Input 1/1: NA19669.acmg.vcf
    * TSV conversion ✅
    * VCF version: VCFv4.2 (detected)
    * RDF conversion ✅
    * Streaming expanded multi-sample RDF (no expanded helper TSVs)
    * Sample RDF streaming: 10,000 variants, 10,000 calls
    * Sample calls streamed: 10,541; FORMAT values: 10,541
    * Streaming structured header RDF
    * Header lines typed: 133; contigs: 24
    * Streaming QUAL and structured INFO RDF
    * INFO RDF streaming: 10,000 variants, 730,051 values
    * QUAL values streamed: 10,541; INFO values: 771,040; declarations: 91
    * Triples produced: 8,473,619
    * Compression ✅
    * Output directory: /home/ubuntu/vrdev-test/acmg-run/results/17_use_case_acmg__cohort/convert__NA19669/out/NA19669.acmg
      - RDF aggregate: NA19669.acmg.nt
      - N-Triples (.nt): 1.14 GB (removed after successful compression)
      - gzip (.nt.gz): 53.54 MB
Total triples produced (full run): 8,473,619
Conversion process finished.
Run time (full mode): 33.47s
Timing log: /home/ubuntu/vrdev-test/acmg-run/results/17_use_case_acmg__cohort/convert__NA19669/out/run_metrics/NA19669.acmg__20260928T151446/wrapper_execution_times.csv
Metrics summary: /home/ubuntu/vrdev-test/acmg-run/results/17_use_case_acmg__cohort/convert__NA19669/out/run_metrics/NA19669.acmg__20260928T151446/summary.json
