Step 1/5: Validating inputs ✅
  Metrics: /home/ubuntu/vrdev-test/acmg-run/results/17_use_case_acmg__cohort/convert__NA19323/out/run_metrics/NA19323.acmg__20260928T170133
  Detailed logs: /home/ubuntu/vrdev-test/acmg-run/results/17_use_case_acmg__cohort/convert__NA19323/out/run_metrics/NA19323.acmg__20260928T170133/logs/wrapper.log
  Progress log: /home/ubuntu/vrdev-test/acmg-run/results/17_use_case_acmg__cohort/convert__NA19323/out/run_metrics/NA19323.acmg__20260928T170133/logs/progress.log
Step 2/5: Ensuring Docker image is available ✅
Step 3/5: Processing per-input pipeline (TSV -> RDF -> compression)
  Sample representation: expanded
  INFO representation: structured
  Header representation: structured
  - Input 1/1: NA19323.acmg.vcf
    * TSV conversion ✅
    * VCF version: VCFv4.2 (detected)
    * RDF conversion ✅
    * Streaming expanded multi-sample RDF (no expanded helper TSVs)
    * Sample RDF streaming: 10,000 variants, 10,000 calls
    * Sample calls streamed: 11,700; FORMAT values: 11,700
    * Streaming structured header RDF
    * Header lines typed: 43; contigs: 24
    * Streaming QUAL and structured INFO RDF
    * INFO RDF streaming: 10,000 variants, 0 values
    * QUAL values streamed: 11,700; INFO values: 0; declarations: 0
    * Triples produced: 689,974
    * Compression ✅
    * Output directory: /home/ubuntu/vrdev-test/acmg-run/results/17_use_case_acmg__cohort/convert__NA19323/out/NA19323.acmg
      - RDF aggregate: NA19323.acmg.nt
      - N-Triples (.nt): 88.53 MB (removed after successful compression)
      - gzip (.nt.gz): 3.24 MB
Total triples produced (full run): 689,974
Conversion process finished.
Run time (full mode): 16.68s
Timing log: /home/ubuntu/vrdev-test/acmg-run/results/17_use_case_acmg__cohort/convert__NA19323/out/run_metrics/NA19323.acmg__20260928T170133/wrapper_execution_times.csv
Metrics summary: /home/ubuntu/vrdev-test/acmg-run/results/17_use_case_acmg__cohort/convert__NA19323/out/run_metrics/NA19323.acmg__20260928T170133/summary.json
