TSV conversion: NA20340.acmg: started
TSV conversion: NA20340.acmg: finished
RMLStreamer: NA20340.acmg: started
  RMLStreamer: NA20340.acmg: rmlstreamer started — 0 B · 0 parts
  RMLStreamer: NA20340.acmg: rmlstreamer heartbeat — 0 B · 0 parts
  RMLStreamer: NA20340.acmg: rmlstreamer heartbeat — 8.54 KB · 8 parts
  RMLStreamer: NA20340.acmg: rmlstreamer heartbeat — 9.45 MB · 8 parts
  RMLStreamer: NA20340.acmg: rmlstreamer heartbeat — 11.87 MB · 8 parts
  RMLStreamer: NA20340.acmg: rmlstreamer complete — 11.87 MB · 8 parts
  RMLStreamer: NA20340.acmg: rdf-aggregate started — 0 parts
  RMLStreamer: NA20340.acmg: rdf-aggregate part — 1 parts
  RMLStreamer: NA20340.acmg: rdf-aggregate part — 2 parts
  RMLStreamer: NA20340.acmg: rdf-aggregate part — 3 parts
  RMLStreamer: NA20340.acmg: rdf-aggregate part — 4 parts
  RMLStreamer: NA20340.acmg: rdf-aggregate part — 5 parts
  RMLStreamer: NA20340.acmg: rdf-aggregate part — 6 parts
  RMLStreamer: NA20340.acmg: rdf-aggregate part — 7 parts
  RMLStreamer: NA20340.acmg: rdf-aggregate part — 8 parts
  RMLStreamer: NA20340.acmg: rdf-aggregate complete — 8 parts
RMLStreamer: NA20340.acmg: finished
