2026-09-14T15:51:55+02:00 [align] armed: waiting for 04 to finish (5s poll), then aligning tool to be658a2
2026-09-14T19:41:51+02:00 [align] 04 ended (10 cells)
2026-09-14T19:41:51+02:00 [align] TERM -> run_all.sh
2026-09-14T19:41:55+02:00 [align] TERM -> wrapper 898844
2026-09-14T19:42:40+02:00 [align] killed labelled containers
2026-09-14T19:42:40+02:00 [align] moved partial 07_representation_axes/info__HGSVC2__structured__r1 -> partial
2026-09-14T19:42:40+02:00 [align] preserved calibration -> benchmarks_outputs_calibration__025fb7d_20260914T155155
2026-09-14T19:42:40+02:00 [align] preserved 00_environment manifest for 025fb7d
From github.com:ecrum19/VCF-RDFizer
   e4de9d0..d696755  main       -> origin/main
 * [new tag]         v3.0.3     -> v3.0.3
HEAD is now at be658a2 Merge pull request #12 from ecrum19/fix/vcf45-structured-accessors
2026-09-14T19:42:41+02:00 [align] tool 025fb7d8 -> be658a2 (aligned with bench-2)
From github.com:ecrum19/vcf-rdfizer-testing
 * branch            main       -> FETCH_HEAD
   d7871ae..eeedcbe  main       -> origin/main
Updating ecc8eb2..eeedcbe
Fast-forward
 benchmarks/AGGREGATION.md         | 385 ++++++++++++++++++++++++++++++++++++++
 benchmarks/RUN_PLAN.md            |  52 ++++-
 benchmarks/analysis/provenance.py |  68 +++++++
 3 files changed, 498 insertions(+), 7 deletions(-)
 create mode 100644 benchmarks/AGGREGATION.md
 create mode 100755 benchmarks/analysis/provenance.py
2026-09-14T19:42:43+02:00 [align] docs pulled: eeedcbe Warn that the bastion proxy toggle breaks every pull command
2026-09-14T19:42:43+02:00 [align] shift fix verified; resuming share: 07 08 11 12
