2026-09-14T08:44:57+02:00 waiting for 03 to finish
2026-09-14T08:50:10+02:00 watching 03 (5s poll; 04 starts within seconds of 03 ending)
2026-09-14T15:48:43+02:00 [rebal3] armed: watching 03 (5s poll). Nothing will be deleted, only moved.
2026-09-14T22:55:02+02:00 [rebal3] 03 ended (30 cells)
2026-09-14T22:55:02+02:00 [rebal3] TERM -> run_all.sh
2026-09-14T22:55:02+02:00 [rebal3] TERM -> experiment script
2026-09-14T22:55:05+02:00 [rebal3] TERM -> wrapper 1049398
2026-09-14T22:55:50+02:00 [rebal3] killed labelled containers
2026-09-14T22:55:50+02:00 [rebal3] moved 04_scaling_records (0 cells) -> offsplit (bench-1 owns it)
2026-09-14T22:55:50+02:00 [rebal3] preserved calibration -> benchmarks_outputs_calibration__pre_rebalance_20260914T154843
From github.com:ecrum19/vcf-rdfizer-testing
 * branch            main       -> FETCH_HEAD
   d7871ae..eeedcbe  main       -> origin/main
Updating 87411fc..eeedcbe
Fast-forward
 benchmarks/AGGREGATION.md         | 385 ++++++++++++++++++++++++++++++++++++++
 benchmarks/RUN_PLAN.md            |  52 ++++-
 benchmarks/analysis/provenance.py |  68 +++++++
 benchmarks/run_all.sh             |   9 +-
 4 files changed, 504 insertions(+), 10 deletions(-)
 create mode 100644 benchmarks/AGGREGATION.md
 create mode 100755 benchmarks/analysis/provenance.py
2026-09-14T22:55:52+02:00 [rebal3] pulled: eeedcbe Warn that the bastion proxy toggle breaks every pull command
2026-09-14T22:55:52+02:00 [rebal3] shift fix verified; tool be658a2
2026-09-14T22:55:52+02:00 [rebal3] starting share: 05 06 09 10 13
