TSV conversion: 60820188474283_first250000: started
TSV conversion: 60820188474283_first250000: finished
RMLStreamer: 60820188474283_first250000: started
  RMLStreamer: 60820188474283_first250000: rmlstreamer started — 0 B · 0 parts
  RMLStreamer: 60820188474283_first250000: rmlstreamer heartbeat — 0 B · 0 parts
  RMLStreamer: 60820188474283_first250000: rmlstreamer heartbeat — 8.49 MB · 8 parts
  RMLStreamer: 60820188474283_first250000: rmlstreamer heartbeat — 22.39 MB · 8 parts
  RMLStreamer: 60820188474283_first250000: rmlstreamer heartbeat — 42.39 MB · 8 parts
  RMLStreamer: 60820188474283_first250000: rmlstreamer heartbeat — 71.30 MB · 8 parts
  RMLStreamer: 60820188474283_first250000: rmlstreamer heartbeat — 103.80 MB · 8 parts
  RMLStreamer: 60820188474283_first250000: rmlstreamer heartbeat — 138.33 MB · 8 parts
  RMLStreamer: 60820188474283_first250000: rmlstreamer heartbeat — 170.74 MB · 8 parts
  RMLStreamer: 60820188474283_first250000: rmlstreamer heartbeat — 205.34 MB · 8 parts
  RMLStreamer: 60820188474283_first250000: rmlstreamer heartbeat — 237.03 MB · 8 parts
  RMLStreamer: 60820188474283_first250000: rmlstreamer heartbeat — 269.25 MB · 8 parts
  RMLStreamer: 60820188474283_first250000: rmlstreamer heartbeat — 296.23 MB · 8 parts
  RMLStreamer: 60820188474283_first250000: rmlstreamer heartbeat — 299.20 MB · 8 parts
  RMLStreamer: 60820188474283_first250000: rmlstreamer complete — 299.20 MB · 8 parts
  RMLStreamer: 60820188474283_first250000: rdf-aggregate started — 0 parts
  RMLStreamer: 60820188474283_first250000: rdf-aggregate part — 1 parts
  RMLStreamer: 60820188474283_first250000: rdf-aggregate part — 2 parts
  RMLStreamer: 60820188474283_first250000: rdf-aggregate part — 3 parts
  RMLStreamer: 60820188474283_first250000: rdf-aggregate part — 4 parts
  RMLStreamer: 60820188474283_first250000: rdf-aggregate part — 5 parts
  RMLStreamer: 60820188474283_first250000: rdf-aggregate part — 6 parts
  RMLStreamer: 60820188474283_first250000: rdf-aggregate part — 7 parts
  RMLStreamer: 60820188474283_first250000: rdf-aggregate part — 8 parts
  RMLStreamer: 60820188474283_first250000: rdf-aggregate complete — 8 parts
RMLStreamer: 60820188474283_first250000: finished
Partitioned compression: 60820188474283_first250000: started
  Partitioned compression: 60820188474283_first250000: rdf-scan started — 0 triples
  Partitioned compression: 60820188474283_first250000: rdf-scan heartbeat — 480,019 triples · 67,108,865 bytes read
  Partitioned compression: 60820188474283_first250000: rdf-scan heartbeat — 960,448 triples · 134,217,868 bytes read
  Partitioned compression: 60820188474283_first250000: rdf-scan heartbeat — 1,441,702 triples · 201,326,774 bytes read
  Partitioned compression: 60820188474283_first250000: rdf-scan heartbeat — 1,923,424 triples · 268,435,701 bytes read
  Partitioned compression: 60820188474283_first250000: rdf-scan heartbeat — 2,373,906 triples · 335,544,660 bytes read
  Partitioned compression: 60820188474283_first250000: rdf-scan heartbeat — 2,750,286 triples · 402,653,568 bytes read
  Partitioned compression: 60820188474283_first250000: rdf-scan heartbeat — 3,126,512 triples · 469,762,455 bytes read
  Partitioned compression: 60820188474283_first250000: rdf-scan chunk — 3,502,750 triples · 1 chunks · 536,871,079 bytes read
  Partitioned compression: 60820188474283_first250000: hdt-chunks started — 0 chunks · hdt-build-00000
  Partitioned compression: 60820188474283_first250000: hdt-chunks complete — 1 chunks · hdt-build-00000
  Partitioned compression: 60820188474283_first250000: cottas-chunks started — 0 chunks · cottas-build-00000
  Partitioned compression: 60820188474283_first250000: cottas-chunks complete — 1 chunks · cottas-build-00000
  Partitioned compression: 60820188474283_first250000: rdf-scan heartbeat — 3,502,752 triples · 536,871,394 bytes read
  Partitioned compression: 60820188474283_first250000: rdf-scan heartbeat — 3,877,662 triples · 603,980,305 bytes read
  Partitioned compression: 60820188474283_first250000: rdf-scan heartbeat — 4,251,301 triples · 671,089,210 bytes read
  Partitioned compression: 60820188474283_first250000: rdf-scan heartbeat — 4,624,925 triples · 738,198,111 bytes read
  Partitioned compression: 60820188474283_first250000: rdf-scan heartbeat — 4,998,592 triples · 805,307,064 bytes read
  Partitioned compression: 60820188474283_first250000: rdf-scan heartbeat — 5,372,231 triples · 872,416,055 bytes read
  Partitioned compression: 60820188474283_first250000: rdf-scan heartbeat — 5,745,806 triples · 939,524,980 bytes read
  Partitioned compression: 60820188474283_first250000: rdf-scan heartbeat — 6,119,433 triples · 1,006,633,909 bytes read
  Partitioned compression: 60820188474283_first250000: rdf-scan chunk — 6,493,047 triples · 2 chunks · 1,073,742,022 bytes read
  Partitioned compression: 60820188474283_first250000: hdt-chunks started — 1 chunks · hdt-build-00001
  Partitioned compression: 60820188474283_first250000: hdt-chunks complete — 2 chunks · hdt-build-00001
  Partitioned compression: 60820188474283_first250000: cottas-chunks started — 1 chunks · cottas-build-00001
  Partitioned compression: 60820188474283_first250000: cottas-chunks complete — 2 chunks · cottas-build-00001
  Partitioned compression: 60820188474283_first250000: rdf-scan heartbeat — 6,493,052 triples · 1,073,742,921 bytes read
  Partitioned compression: 60820188474283_first250000: rdf-scan heartbeat — 6,866,704 triples · 1,140,851,956 bytes read
  Partitioned compression: 60820188474283_first250000: rdf-scan heartbeat — 7,240,367 triples · 1,207,960,843 bytes read
  Partitioned compression: 60820188474283_first250000: rdf-scan heartbeat — 7,614,004 triples · 1,275,069,770 bytes read
  Partitioned compression: 60820188474283_first250000: rdf-scan heartbeat — 7,987,631 triples · 1,342,178,639 bytes read
  Partitioned compression: 60820188474283_first250000: rdf-scan heartbeat — 8,361,253 triples · 1,409,287,533 bytes read
  Partitioned compression: 60820188474283_first250000: rdf-scan heartbeat — 8,734,913 triples · 1,476,396,574 bytes read
  Partitioned compression: 60820188474283_first250000: rdf-scan heartbeat — 9,108,574 triples · 1,543,505,547 bytes read
  Partitioned compression: 60820188474283_first250000: rdf-scan chunk — 9,482,184 triples · 3 chunks · 1,610,612,969 bytes read
  Partitioned compression: 60820188474283_first250000: hdt-chunks started — 2 chunks · hdt-build-00002
  Partitioned compression: 60820188474283_first250000: hdt-chunks complete — 3 chunks · hdt-build-00002
  Partitioned compression: 60820188474283_first250000: cottas-chunks started — 2 chunks · cottas-build-00002
  Partitioned compression: 60820188474283_first250000: cottas-chunks complete — 3 chunks · cottas-build-00002
  Partitioned compression: 60820188474283_first250000: rdf-scan heartbeat — 9,482,192 triples · 1,610,614,432 bytes read
  Partitioned compression: 60820188474283_first250000: rdf-scan heartbeat — 9,855,829 triples · 1,677,723,420 bytes read
  Partitioned compression: 60820188474283_first250000: rdf-scan heartbeat — 10,229,443 triples · 1,744,832,463 bytes read
  Partitioned compression: 60820188474283_first250000: rdf-scan heartbeat — 10,603,079 triples · 1,811,941,452 bytes read
  Partitioned compression: 60820188474283_first250000: rdf-scan heartbeat — 10,976,737 triples · 1,879,050,414 bytes read
  Partitioned compression: 60820188474283_first250000: rdf-scan heartbeat — 11,350,379 triples · 1,946,159,362 bytes read
  Partitioned compression: 60820188474283_first250000: rdf-scan heartbeat — 11,724,014 triples · 2,013,268,394 bytes read
  Partitioned compression: 60820188474283_first250000: rdf-scan heartbeat — 12,097,638 triples · 2,080,377,331 bytes read
  Partitioned compression: 60820188474283_first250000: rdf-scan chunk — 12,471,254 triples · 4 chunks · 2,147,483,957 bytes read
  Partitioned compression: 60820188474283_first250000: hdt-chunks started — 3 chunks · hdt-build-00003
  Partitioned compression: 60820188474283_first250000: hdt-chunks complete — 4 chunks · hdt-build-00003
  Partitioned compression: 60820188474283_first250000: cottas-chunks started — 3 chunks · cottas-build-00003
  Partitioned compression: 60820188474283_first250000: cottas-chunks complete — 4 chunks · cottas-build-00003
  Partitioned compression: 60820188474283_first250000: rdf-scan heartbeat — 12,471,267 triples · 2,147,486,237 bytes read
  Partitioned compression: 60820188474283_first250000: rdf-scan heartbeat — 12,844,908 triples · 2,214,595,238 bytes read
  Partitioned compression: 60820188474283_first250000: rdf-scan heartbeat — 13,218,563 triples · 2,281,704,136 bytes read
  Partitioned compression: 60820188474283_first250000: rdf-scan heartbeat — 13,592,184 triples · 2,348,813,121 bytes read
  Partitioned compression: 60820188474283_first250000: rdf-scan heartbeat — 13,965,844 triples · 2,415,922,073 bytes read
  Partitioned compression: 60820188474283_first250000: rdf-scan heartbeat — 14,339,509 triples · 2,483,031,006 bytes read
  Partitioned compression: 60820188474283_first250000: rdf-scan heartbeat — 14,713,148 triples · 2,550,139,939 bytes read
  Partitioned compression: 60820188474283_first250000: rdf-scan heartbeat — 15,086,797 triples · 2,617,248,925 bytes read
  Partitioned compression: 60820188474283_first250000: rdf-scan chunk — 15,460,425 triples · 5 chunks · 2,684,354,944 bytes read
  Partitioned compression: 60820188474283_first250000: hdt-chunks started — 4 chunks · hdt-build-00004
  Partitioned compression: 60820188474283_first250000: hdt-chunks complete — 5 chunks · hdt-build-00004
  Partitioned compression: 60820188474283_first250000: cottas-chunks started — 4 chunks · cottas-build-00004
  Partitioned compression: 60820188474283_first250000: cottas-chunks complete — 5 chunks · cottas-build-00004
  Partitioned compression: 60820188474283_first250000: rdf-scan heartbeat — 15,460,441 triples · 2,684,357,800 bytes read
  Partitioned compression: 60820188474283_first250000: rdf-scan heartbeat — 15,834,079 triples · 2,751,466,746 bytes read
  Partitioned compression: 60820188474283_first250000: rdf-scan heartbeat — 16,207,734 triples · 2,818,575,769 bytes read
  Partitioned compression: 60820188474283_first250000: rdf-scan heartbeat — 16,581,265 triples · 2,885,684,719 bytes read
  Partitioned compression: 60820188474283_first250000: rdf-scan heartbeat — 16,952,330 triples · 2,952,793,781 bytes read
  Partitioned compression: 60820188474283_first250000: rdf-scan heartbeat — 17,323,396 triples · 3,019,902,818 bytes read
  Partitioned compression: 60820188474283_first250000: rdf-scan heartbeat — 17,694,469 triples · 3,087,011,732 bytes read
  Partitioned compression: 60820188474283_first250000: rdf-scan heartbeat — 18,065,546 triples · 3,154,120,787 bytes read
  Partitioned compression: 60820188474283_first250000: rdf-scan chunk — 18,436,615 triples · 6 chunks · 3,221,225,872 bytes read
  Partitioned compression: 60820188474283_first250000: hdt-chunks started — 5 chunks · hdt-build-00005
  Partitioned compression: 60820188474283_first250000: hdt-chunks complete — 6 chunks · hdt-build-00005
  Partitioned compression: 60820188474283_first250000: cottas-chunks started — 5 chunks · cottas-build-00005
  Partitioned compression: 60820188474283_first250000: cottas-chunks complete — 6 chunks · cottas-build-00005
  Partitioned compression: 60820188474283_first250000: rdf-scan heartbeat — 18,436,637 triples · 3,221,229,805 bytes read
  Partitioned compression: 60820188474283_first250000: rdf-scan heartbeat — 18,807,712 triples · 3,288,338,704 bytes read
  Partitioned compression: 60820188474283_first250000: rdf-scan heartbeat — 19,178,772 triples · 3,355,447,595 bytes read
  Partitioned compression: 60820188474283_first250000: rdf-scan heartbeat — 19,549,865 triples · 3,422,556,531 bytes read
  Partitioned compression: 60820188474283_first250000: rdf-scan heartbeat — 19,920,946 triples · 3,489,665,470 bytes read
  Partitioned compression: 60820188474283_first250000: rdf-scan heartbeat — 20,292,020 triples · 3,556,774,450 bytes read
  Partitioned compression: 60820188474283_first250000: rdf-scan heartbeat — 20,663,137 triples · 3,623,883,347 bytes read
  Partitioned compression: 60820188474283_first250000: rdf-scan heartbeat — 21,034,234 triples · 3,690,992,359 bytes read
  Partitioned compression: 60820188474283_first250000: rdf-scan chunk — 21,405,300 triples · 7 chunks · 3,758,096,871 bytes read
  Partitioned compression: 60820188474283_first250000: hdt-chunks started — 6 chunks · hdt-build-00006
  Partitioned compression: 60820188474283_first250000: hdt-chunks complete — 7 chunks · hdt-build-00006
  Partitioned compression: 60820188474283_first250000: cottas-chunks started — 6 chunks · cottas-build-00006
  Partitioned compression: 60820188474283_first250000: cottas-chunks complete — 7 chunks · cottas-build-00006
  Partitioned compression: 60820188474283_first250000: rdf-scan heartbeat — 21,405,325 triples · 3,758,101,263 bytes read
  Partitioned compression: 60820188474283_first250000: rdf-scan heartbeat — 21,776,410 triples · 3,825,210,241 bytes read
  Partitioned compression: 60820188474283_first250000: rdf-scan heartbeat — 22,147,476 triples · 3,892,319,318 bytes read
  Partitioned compression: 60820188474283_first250000: rdf-scan heartbeat — 22,518,541 triples · 3,959,428,245 bytes read
  Partitioned compression: 60820188474283_first250000: rdf-scan heartbeat — 22,889,606 triples · 4,026,537,122 bytes read
  Partitioned compression: 60820188474283_first250000: rdf-scan heartbeat — 23,260,673 triples · 4,093,646,093 bytes read
  Partitioned compression: 60820188474283_first250000: rdf-scan heartbeat — 23,631,759 triples · 4,160,754,977 bytes read
  Partitioned compression: 60820188474283_first250000: rdf-scan heartbeat — 24,002,821 triples · 4,227,863,951 bytes read
  Partitioned compression: 60820188474283_first250000: rdf-scan chunk — 24,373,779 triples · 8 chunks · 4,294,967,944 bytes read
  Partitioned compression: 60820188474283_first250000: hdt-chunks started — 7 chunks · hdt-build-00007
  Partitioned compression: 60820188474283_first250000: hdt-chunks complete — 8 chunks · hdt-build-00007
  Partitioned compression: 60820188474283_first250000: cottas-chunks started — 7 chunks · cottas-build-00007
  Partitioned compression: 60820188474283_first250000: cottas-chunks complete — 8 chunks · cottas-build-00007
  Partitioned compression: 60820188474283_first250000: rdf-scan heartbeat — 24,373,806 triples · 4,294,972,866 bytes read
  Partitioned compression: 60820188474283_first250000: rdf-scan heartbeat — 24,744,817 triples · 4,362,081,907 bytes read
  Partitioned compression: 60820188474283_first250000: rdf-scan heartbeat — 25,115,852 triples · 4,429,190,926 bytes read
  Partitioned compression: 60820188474283_first250000: rdf-scan heartbeat — 25,486,934 triples · 4,496,299,918 bytes read
  Partitioned compression: 60820188474283_first250000: rdf-scan heartbeat — 25,857,946 triples · 4,563,408,830 bytes read
  Partitioned compression: 60820188474283_first250000: rdf-scan heartbeat — 26,229,028 triples · 4,630,517,727 bytes read
  Partitioned compression: 60820188474283_first250000: rdf-scan heartbeat — 26,600,069 triples · 4,697,626,734 bytes read
  Partitioned compression: 60820188474283_first250000: rdf-scan heartbeat — 26,971,129 triples · 4,764,735,634 bytes read
  Partitioned compression: 60820188474283_first250000: rdf-scan chunk — 27,342,193 triples · 9 chunks · 4,831,838,868 bytes read
  Partitioned compression: 60820188474283_first250000: hdt-chunks started — 8 chunks · hdt-build-00008
  Partitioned compression: 60820188474283_first250000: hdt-chunks complete — 9 chunks · hdt-build-00008
  Partitioned compression: 60820188474283_first250000: cottas-chunks started — 8 chunks · cottas-build-00008
  Partitioned compression: 60820188474283_first250000: cottas-chunks complete — 9 chunks · cottas-build-00008
  Partitioned compression: 60820188474283_first250000: rdf-scan heartbeat — 27,342,225 triples · 4,831,844,669 bytes read
  Partitioned compression: 60820188474283_first250000: rdf-scan heartbeat — 27,713,290 triples · 4,898,953,651 bytes read
  Partitioned compression: 60820188474283_first250000: rdf-scan heartbeat — 28,084,373 triples · 4,966,062,695 bytes read
  Partitioned compression: 60820188474283_first250000: rdf-scan heartbeat — 28,455,419 triples · 5,033,171,588 bytes read
  Partitioned compression: 60820188474283_first250000: rdf-scan heartbeat — 28,826,485 triples · 5,100,280,513 bytes read
  Partitioned compression: 60820188474283_first250000: rdf-scan heartbeat — 29,197,557 triples · 5,167,389,509 bytes read
  Partitioned compression: 60820188474283_first250000: rdf-scan heartbeat — 29,568,606 triples · 5,234,498,484 bytes read
  Partitioned compression: 60820188474283_first250000: rdf-scan heartbeat — 29,939,653 triples · 5,301,607,356 bytes read
  Partitioned compression: 60820188474283_first250000: rdf-scan chunk — 30,310,677 triples · 10 chunks · 5,368,709,964 bytes read
  Partitioned compression: 60820188474283_first250000: hdt-chunks started — 9 chunks · hdt-build-00009
  Partitioned compression: 60820188474283_first250000: hdt-chunks complete — 10 chunks · hdt-build-00009
  Partitioned compression: 60820188474283_first250000: cottas-chunks started — 9 chunks · cottas-build-00009
  Partitioned compression: 60820188474283_first250000: cottas-chunks complete — 10 chunks · cottas-build-00009
  Partitioned compression: 60820188474283_first250000: rdf-scan heartbeat — 30,310,712 triples · 5,368,716,278 bytes read
  Partitioned compression: 60820188474283_first250000: rdf-scan heartbeat — 30,681,760 triples · 5,435,825,188 bytes read
  Partitioned compression: 60820188474283_first250000: rdf-scan heartbeat — 31,052,823 triples · 5,502,934,116 bytes read
  Partitioned compression: 60820188474283_first250000: rdf-scan heartbeat — 31,423,883 triples · 5,570,043,135 bytes read
  Partitioned compression: 60820188474283_first250000: rdf-scan heartbeat — 31,794,961 triples · 5,637,152,134 bytes read
  Partitioned compression: 60820188474283_first250000: rdf-scan heartbeat — 32,165,998 triples · 5,704,261,155 bytes read
  Partitioned compression: 60820188474283_first250000: rdf-scan heartbeat — 32,537,047 triples · 5,771,370,079 bytes read
  Partitioned compression: 60820188474283_first250000: rdf-scan heartbeat — 32,908,139 triples · 5,838,479,030 bytes read
  Partitioned compression: 60820188474283_first250000: rdf-scan chunk — 33,279,204 triples · 11 chunks · 5,905,581,029 bytes read
  Partitioned compression: 60820188474283_first250000: hdt-chunks started — 10 chunks · hdt-build-00010
  Partitioned compression: 60820188474283_first250000: hdt-chunks complete — 11 chunks · hdt-build-00010
  Partitioned compression: 60820188474283_first250000: cottas-chunks started — 10 chunks · cottas-build-00010
  Partitioned compression: 60820188474283_first250000: cottas-chunks complete — 11 chunks · cottas-build-00010
  Partitioned compression: 60820188474283_first250000: rdf-scan heartbeat — 33,279,242 triples · 5,905,587,924 bytes read
  Partitioned compression: 60820188474283_first250000: rdf-scan heartbeat — 33,650,353 triples · 5,972,696,931 bytes read
  Partitioned compression: 60820188474283_first250000: rdf-scan heartbeat — 34,021,437 triples · 6,039,805,853 bytes read
  Partitioned compression: 60820188474283_first250000: rdf-scan heartbeat — 34,392,536 triples · 6,106,914,829 bytes read
  Partitioned compression: 60820188474283_first250000: rdf-scan heartbeat — 34,763,628 triples · 6,174,023,772 bytes read
  Partitioned compression: 60820188474283_first250000: rdf-scan heartbeat — 35,134,676 triples · 6,241,132,684 bytes read
  Partitioned compression: 60820188474283_first250000: rdf-scan heartbeat — 35,505,768 triples · 6,308,241,606 bytes read
  Partitioned compression: 60820188474283_first250000: rdf-scan heartbeat — 35,876,857 triples · 6,375,350,532 bytes read
  Partitioned compression: 60820188474283_first250000: rdf-scan chunk — 36,247,910 triples · 12 chunks · 6,442,451,974 bytes read
  Partitioned compression: 60820188474283_first250000: hdt-chunks started — 11 chunks · hdt-build-00011
  Partitioned compression: 60820188474283_first250000: hdt-chunks complete — 12 chunks · hdt-build-00011
  Partitioned compression: 60820188474283_first250000: cottas-chunks started — 11 chunks · cottas-build-00011
  Partitioned compression: 60820188474283_first250000: cottas-chunks complete — 12 chunks · cottas-build-00011
  Partitioned compression: 60820188474283_first250000: rdf-scan heartbeat — 36,247,951 triples · 6,442,459,407 bytes read
  Partitioned compression: 60820188474283_first250000: rdf-scan heartbeat — 36,619,014 triples · 6,509,568,272 bytes read
  Partitioned compression: 60820188474283_first250000: rdf-scan heartbeat — 36,990,072 triples · 6,576,677,169 bytes read
  Partitioned compression: 60820188474283_first250000: rdf-scan heartbeat — 37,361,129 triples · 6,643,786,090 bytes read
  Partitioned compression: 60820188474283_first250000: rdf-scan heartbeat — 37,732,200 triples · 6,710,895,038 bytes read
  Partitioned compression: 60820188474283_first250000: rdf-scan heartbeat — 38,113,517 triples · 6,778,004,012 bytes read
  Partitioned compression: 60820188474283_first250000: rdf-scan heartbeat — 38,533,498 triples · 6,845,112,887 bytes read
  Partitioned compression: 60820188474283_first250000: rdf-scan heartbeat — 38,953,074 triples · 6,912,221,783 bytes read
  Partitioned compression: 60820188474283_first250000: rdf-scan chunk — 39,372,526 triples · 13 chunks · 6,979,322,932 bytes read
  Partitioned compression: 60820188474283_first250000: hdt-chunks started — 12 chunks · hdt-build-00012
  Partitioned compression: 60820188474283_first250000: hdt-chunks complete — 13 chunks · hdt-build-00012
  Partitioned compression: 60820188474283_first250000: cottas-chunks started — 12 chunks · cottas-build-00012
  Partitioned compression: 60820188474283_first250000: cottas-chunks complete — 13 chunks · cottas-build-00012
  Partitioned compression: 60820188474283_first250000: rdf-scan heartbeat — 39,372,576 triples · 6,979,330,745 bytes read
  Partitioned compression: 60820188474283_first250000: rdf-scan heartbeat — 39,789,704 triples · 7,046,439,779 bytes read
  Partitioned compression: 60820188474283_first250000: rdf-scan heartbeat — 40,206,108 triples · 7,113,548,652 bytes read
  Partitioned compression: 60820188474283_first250000: rdf-scan heartbeat — 40,622,640 triples · 7,180,657,665 bytes read
  Partitioned compression: 60820188474283_first250000: rdf-scan heartbeat — 41,039,125 triples · 7,247,766,635 bytes read
  Partitioned compression: 60820188474283_first250000: rdf-scan heartbeat — 41,455,142 triples · 7,314,875,517 bytes read
  Partitioned compression: 60820188474283_first250000: rdf-scan heartbeat — 41,871,546 triples · 7,381,984,391 bytes read
  Partitioned compression: 60820188474283_first250000: rdf-scan heartbeat — 42,287,942 triples · 7,449,093,359 bytes read
  Partitioned compression: 60820188474283_first250000: rdf-scan chunk — 42,704,570 triples · 14 chunks · 7,516,193,958 bytes read
  Partitioned compression: 60820188474283_first250000: hdt-chunks started — 13 chunks · hdt-build-00013
  Partitioned compression: 60820188474283_first250000: hdt-chunks complete — 14 chunks · hdt-build-00013
  Partitioned compression: 60820188474283_first250000: cottas-chunks started — 13 chunks · cottas-build-00013
  Partitioned compression: 60820188474283_first250000: cottas-chunks complete — 14 chunks · cottas-build-00013
  Partitioned compression: 60820188474283_first250000: rdf-scan heartbeat — 42,704,621 triples · 7,516,202,317 bytes read
  Partitioned compression: 60820188474283_first250000: rdf-scan heartbeat — 43,121,311 triples · 7,583,311,289 bytes read
  Partitioned compression: 60820188474283_first250000: rdf-scan heartbeat — 43,537,563 triples · 7,650,420,153 bytes read
  Partitioned compression: 60820188474283_first250000: rdf-scan heartbeat — 43,954,185 triples · 7,717,529,058 bytes read
  Partitioned compression: 60820188474283_first250000: rdf-scan heartbeat — 44,370,782 triples · 7,784,637,986 bytes read
  Partitioned compression: 60820188474283_first250000: rdf-scan heartbeat — 44,787,225 triples · 7,851,746,948 bytes read
  Partitioned compression: 60820188474283_first250000: rdf-scan heartbeat — 45,203,724 triples · 7,918,855,975 bytes read
  Partitioned compression: 60820188474283_first250000: rdf-scan heartbeat — 45,619,866 triples · 7,985,964,945 bytes read
  Partitioned compression: 60820188474283_first250000: rdf-scan chunk — 46,036,383 triples · 15 chunks · 8,053,064,877 bytes read
  Partitioned compression: 60820188474283_first250000: hdt-chunks started — 14 chunks · hdt-build-00014
  Partitioned compression: 60820188474283_first250000: hdt-chunks complete — 15 chunks · hdt-build-00014
  Partitioned compression: 60820188474283_first250000: cottas-chunks started — 14 chunks · cottas-build-00014
  Partitioned compression: 60820188474283_first250000: cottas-chunks complete — 15 chunks · cottas-build-00014
  Partitioned compression: 60820188474283_first250000: rdf-scan heartbeat — 46,036,438 triples · 8,053,073,874 bytes read
  Partitioned compression: 60820188474283_first250000: rdf-scan heartbeat — 46,453,218 triples · 8,120,182,891 bytes read
  Partitioned compression: 60820188474283_first250000: rdf-scan heartbeat — 46,869,757 triples · 8,187,291,763 bytes read
  Partitioned compression: 60820188474283_first250000: rdf-scan heartbeat — 47,286,006 triples · 8,254,400,680 bytes read
  Partitioned compression: 60820188474283_first250000: rdf-scan heartbeat — 47,702,435 triples · 8,321,509,614 bytes read
  Partitioned compression: 60820188474283_first250000: rdf-scan heartbeat — 48,118,838 triples · 8,388,618,622 bytes read
  Partitioned compression: 60820188474283_first250000: rdf-scan heartbeat — 48,535,562 triples · 8,455,727,510 bytes read
  Partitioned compression: 60820188474283_first250000: rdf-scan heartbeat — 48,951,806 triples · 8,522,836,456 bytes read
  Partitioned compression: 60820188474283_first250000: rdf-scan chunk — 49,368,591 triples · 16 chunks · 8,589,935,841 bytes read
  Partitioned compression: 60820188474283_first250000: hdt-chunks started — 15 chunks · hdt-build-00015
  Partitioned compression: 60820188474283_first250000: hdt-chunks complete — 16 chunks · hdt-build-00015
  Partitioned compression: 60820188474283_first250000: cottas-chunks started — 15 chunks · cottas-build-00015
  Partitioned compression: 60820188474283_first250000: cottas-chunks complete — 16 chunks · cottas-build-00015
  Partitioned compression: 60820188474283_first250000: rdf-scan heartbeat — 49,368,649 triples · 8,589,945,345 bytes read
  Partitioned compression: 60820188474283_first250000: rdf-scan heartbeat — 49,785,333 triples · 8,657,054,353 bytes read
  Partitioned compression: 60820188474283_first250000: rdf-scan heartbeat — 50,202,037 triples · 8,724,163,370 bytes read
  Partitioned compression: 60820188474283_first250000: rdf-scan heartbeat — 50,618,445 triples · 8,791,272,381 bytes read
  Partitioned compression: 60820188474283_first250000: rdf-scan heartbeat — 51,034,885 triples · 8,858,381,418 bytes read
  Partitioned compression: 60820188474283_first250000: rdf-scan heartbeat — 51,451,542 triples · 8,925,490,361 bytes read
  Partitioned compression: 60820188474283_first250000: rdf-scan heartbeat — 51,866,785 triples · 8,992,599,308 bytes read
  Partitioned compression: 60820188474283_first250000: rdf-scan heartbeat — 52,279,965 triples · 9,059,708,263 bytes read
  Partitioned compression: 60820188474283_first250000: rdf-scan chunk — 52,693,632 triples · 17 chunks · 9,126,806,918 bytes read
  Partitioned compression: 60820188474283_first250000: hdt-chunks started — 16 chunks · hdt-build-00016
  Partitioned compression: 60820188474283_first250000: hdt-chunks complete — 17 chunks · hdt-build-00016
  Partitioned compression: 60820188474283_first250000: cottas-chunks started — 16 chunks · cottas-build-00016
  Partitioned compression: 60820188474283_first250000: cottas-chunks complete — 17 chunks · cottas-build-00016
  Partitioned compression: 60820188474283_first250000: rdf-scan heartbeat — 52,693,696 triples · 9,126,817,218 bytes read
  Partitioned compression: 60820188474283_first250000: rdf-scan heartbeat — 53,107,252 triples · 9,193,926,150 bytes read
  Partitioned compression: 60820188474283_first250000: rdf-scan heartbeat — 53,521,041 triples · 9,261,035,024 bytes read
  Partitioned compression: 60820188474283_first250000: rdf-scan heartbeat — 53,934,277 triples · 9,328,143,919 bytes read
  Partitioned compression: 60820188474283_first250000: rdf-scan heartbeat — 54,347,793 triples · 9,395,252,894 bytes read
  Partitioned compression: 60820188474283_first250000: rdf-scan heartbeat — 54,761,357 triples · 9,462,361,831 bytes read
  Partitioned compression: 60820188474283_first250000: rdf-scan heartbeat — 55,174,933 triples · 9,529,470,795 bytes read
  Partitioned compression: 60820188474283_first250000: rdf-scan heartbeat — 55,589,035 triples · 9,596,579,821 bytes read
  Partitioned compression: 60820188474283_first250000: rdf-scan chunk — 56,002,586 triples · 18 chunks · 9,663,677,832 bytes read
  Partitioned compression: 60820188474283_first250000: hdt-chunks started — 17 chunks · hdt-build-00017
  Partitioned compression: 60820188474283_first250000: hdt-chunks complete — 18 chunks · hdt-build-00017
  Partitioned compression: 60820188474283_first250000: cottas-chunks started — 17 chunks · cottas-build-00017
  Partitioned compression: 60820188474283_first250000: cottas-chunks complete — 18 chunks · cottas-build-00017
  Partitioned compression: 60820188474283_first250000: rdf-scan heartbeat — 56,002,653 triples · 9,663,688,743 bytes read
  Partitioned compression: 60820188474283_first250000: rdf-scan heartbeat — 56,416,404 triples · 9,730,797,749 bytes read
  Partitioned compression: 60820188474283_first250000: rdf-scan heartbeat — 56,829,979 triples · 9,797,906,630 bytes read
  Partitioned compression: 60820188474283_first250000: rdf-scan heartbeat — 57,243,231 triples · 9,865,015,511 bytes read
  Partitioned compression: 60820188474283_first250000: rdf-scan heartbeat — 57,656,693 triples · 9,932,124,486 bytes read
  Partitioned compression: 60820188474283_first250000: rdf-scan heartbeat — 58,070,182 triples · 9,999,233,364 bytes read
  Partitioned compression: 60820188474283_first250000: rdf-scan heartbeat — 58,483,904 triples · 10,066,342,339 bytes read
  Partitioned compression: 60820188474283_first250000: rdf-scan heartbeat — 58,896,905 triples · 10,133,451,329 bytes read
  Partitioned compression: 60820188474283_first250000: rdf-scan chunk — 59,309,659 triples · 19 chunks · 10,200,548,827 bytes read
  Partitioned compression: 60820188474283_first250000: hdt-chunks started — 18 chunks · hdt-build-00018
  Partitioned compression: 60820188474283_first250000: hdt-chunks complete — 19 chunks · hdt-build-00018
  Partitioned compression: 60820188474283_first250000: cottas-chunks started — 18 chunks · cottas-build-00018
  Partitioned compression: 60820188474283_first250000: cottas-chunks complete — 19 chunks · cottas-build-00018
  Partitioned compression: 60820188474283_first250000: rdf-scan heartbeat — 59,309,730 triples · 10,200,560,288 bytes read
  Partitioned compression: 60820188474283_first250000: rdf-scan heartbeat — 59,722,618 triples · 10,267,669,311 bytes read
  Partitioned compression: 60820188474283_first250000: rdf-scan heartbeat — 60,135,885 triples · 10,334,778,303 bytes read
  Partitioned compression: 60820188474283_first250000: rdf-scan heartbeat — 60,548,769 triples · 10,401,887,317 bytes read
  Partitioned compression: 60820188474283_first250000: rdf-scan heartbeat — 60,962,246 triples · 10,468,996,345 bytes read
  Partitioned compression: 60820188474283_first250000: rdf-scan heartbeat — 61,375,414 triples · 10,536,105,221 bytes read
  Partitioned compression: 60820188474283_first250000: rdf-scan heartbeat — 61,788,893 triples · 10,603,214,174 bytes read
  Partitioned compression: 60820188474283_first250000: rdf-scan heartbeat — 62,202,717 triples · 10,670,323,197 bytes read
  Partitioned compression: 60820188474283_first250000: rdf-scan chunk — 62,616,170 triples · 20 chunks · 10,737,419,775 bytes read
  Partitioned compression: 60820188474283_first250000: hdt-chunks started — 19 chunks · hdt-build-00019
  Partitioned compression: 60820188474283_first250000: hdt-chunks complete — 20 chunks · hdt-build-00019
  Partitioned compression: 60820188474283_first250000: cottas-chunks started — 19 chunks · cottas-build-00019
  Partitioned compression: 60820188474283_first250000: cottas-chunks complete — 20 chunks · cottas-build-00019
  Partitioned compression: 60820188474283_first250000: rdf-scan heartbeat — 62,616,246 triples · 10,737,432,228 bytes read
  Partitioned compression: 60820188474283_first250000: rdf-scan heartbeat — 63,029,453 triples · 10,804,541,167 bytes read
  Partitioned compression: 60820188474283_first250000: rdf-scan heartbeat — 63,442,785 triples · 10,871,650,148 bytes read
  Partitioned compression: 60820188474283_first250000: rdf-scan heartbeat — 63,856,278 triples · 10,938,759,123 bytes read
  Partitioned compression: 60820188474283_first250000: rdf-scan heartbeat — 64,269,138 triples · 11,005,868,035 bytes read
  Partitioned compression: 60820188474283_first250000: rdf-scan heartbeat — 64,682,435 triples · 11,072,977,038 bytes read
  Partitioned compression: 60820188474283_first250000: rdf-scan heartbeat — 65,095,374 triples · 11,140,085,917 bytes read
  Partitioned compression: 60820188474283_first250000: rdf-scan heartbeat — 65,508,897 triples · 11,207,194,847 bytes read
  Partitioned compression: 60820188474283_first250000: rdf-scan chunk — 65,921,936 triples · 21 chunks · 11,274,290,723 bytes read
  Partitioned compression: 60820188474283_first250000: hdt-chunks started — 20 chunks · hdt-build-00020
  Partitioned compression: 60820188474283_first250000: hdt-chunks complete — 21 chunks · hdt-build-00020
  Partitioned compression: 60820188474283_first250000: cottas-chunks started — 20 chunks · cottas-build-00020
  Partitioned compression: 60820188474283_first250000: cottas-chunks complete — 21 chunks · cottas-build-00020
  Partitioned compression: 60820188474283_first250000: rdf-scan heartbeat — 65,922,017 triples · 11,274,303,742 bytes read
  Partitioned compression: 60820188474283_first250000: rdf-scan heartbeat — 66,335,714 triples · 11,341,412,671 bytes read
  Partitioned compression: 60820188474283_first250000: rdf-scan heartbeat — 66,748,521 triples · 11,408,521,625 bytes read
  Partitioned compression: 60820188474283_first250000: rdf-scan heartbeat — 67,161,964 triples · 11,475,630,551 bytes read
  Partitioned compression: 60820188474283_first250000: rdf-scan heartbeat — 67,575,754 triples · 11,542,739,508 bytes read
  Partitioned compression: 60820188474283_first250000: rdf-scan heartbeat — 67,989,824 triples · 11,609,848,465 bytes read
  Partitioned compression: 60820188474283_first250000: rdf-scan heartbeat — 68,403,551 triples · 11,676,957,472 bytes read
  Partitioned compression: 60820188474283_first250000: rdf-scan heartbeat — 68,817,134 triples · 11,744,066,376 bytes read
  Partitioned compression: 60820188474283_first250000: rdf-scan chunk — 69,230,489 triples · 22 chunks · 11,811,161,784 bytes read
  Partitioned compression: 60820188474283_first250000: hdt-chunks started — 21 chunks · hdt-build-00021
  Partitioned compression: 60820188474283_first250000: hdt-chunks complete — 22 chunks · hdt-build-00021
  Partitioned compression: 60820188474283_first250000: cottas-chunks started — 21 chunks · cottas-build-00021
  Partitioned compression: 60820188474283_first250000: cottas-chunks complete — 22 chunks · cottas-build-00021
  Partitioned compression: 60820188474283_first250000: rdf-scan heartbeat — 69,230,573 triples · 11,811,175,293 bytes read
  Partitioned compression: 60820188474283_first250000: rdf-scan heartbeat — 69,644,137 triples · 11,878,284,230 bytes read
  Partitioned compression: 60820188474283_first250000: rdf-scan heartbeat — 70,057,813 triples · 11,945,393,219 bytes read
  Partitioned compression: 60820188474283_first250000: rdf-scan heartbeat — 70,471,608 triples · 12,012,502,085 bytes read
  Partitioned compression: 60820188474283_first250000: rdf-scan heartbeat — 70,884,832 triples · 12,079,611,033 bytes read
  Partitioned compression: 60820188474283_first250000: rdf-scan heartbeat — 71,298,278 triples · 12,146,719,903 bytes read
  Partitioned compression: 60820188474283_first250000: rdf-scan heartbeat — 71,711,583 triples · 12,213,828,804 bytes read
  Partitioned compression: 60820188474283_first250000: rdf-scan heartbeat — 72,124,981 triples · 12,280,937,673 bytes read
  Partitioned compression: 60820188474283_first250000: rdf-scan chunk — 72,128,667 triples · 23 chunks · 12,281,537,106 bytes read
  Partitioned compression: 60820188474283_first250000: hdt-chunks started — 22 chunks · hdt-build-00022
  Partitioned compression: 60820188474283_first250000: hdt-chunks complete — 23 chunks · hdt-build-00022
  Partitioned compression: 60820188474283_first250000: cottas-chunks started — 22 chunks · cottas-build-00022
  Partitioned compression: 60820188474283_first250000: cottas-chunks complete — 23 chunks · cottas-build-00022
  Partitioned compression: 60820188474283_first250000: rdf-scan complete — 72,128,667 triples · 23 chunks
  Partitioned compression: 60820188474283_first250000: hdt-chunks complete — 23 chunks
  Partitioned compression: 60820188474283_first250000: cottas-chunks complete — 23 chunks
  Partitioned compression: 60820188474283_first250000: hdt-merge started — hdt-merge-r01-00000
  Partitioned compression: 60820188474283_first250000: hdt-merge complete — hdt-merge-r01-00000
  Partitioned compression: 60820188474283_first250000: hdt-merge started — hdt-merge-r01-00001
  Partitioned compression: 60820188474283_first250000: hdt-merge complete — hdt-merge-r01-00001
  Partitioned compression: 60820188474283_first250000: hdt-merge started — hdt-merge-r01-00002
  Partitioned compression: 60820188474283_first250000: hdt-merge complete — hdt-merge-r01-00002
  Partitioned compression: 60820188474283_first250000: hdt-merge started — hdt-merge-r01-00003
  Partitioned compression: 60820188474283_first250000: hdt-merge complete — hdt-merge-r01-00003
  Partitioned compression: 60820188474283_first250000: hdt-merge started — hdt-merge-r01-00004
  Partitioned compression: 60820188474283_first250000: hdt-merge complete — hdt-merge-r01-00004
  Partitioned compression: 60820188474283_first250000: hdt-merge started — hdt-merge-r01-00005
  Partitioned compression: 60820188474283_first250000: hdt-merge complete — hdt-merge-r01-00005
  Partitioned compression: 60820188474283_first250000: hdt-merge started — hdt-merge-r01-00006
  Partitioned compression: 60820188474283_first250000: hdt-merge complete — hdt-merge-r01-00006
  Partitioned compression: 60820188474283_first250000: hdt-merge started — hdt-merge-r01-00007
  Partitioned compression: 60820188474283_first250000: hdt-merge complete — hdt-merge-r01-00007
  Partitioned compression: 60820188474283_first250000: hdt-merge started — hdt-merge-r01-00008
  Partitioned compression: 60820188474283_first250000: hdt-merge complete — hdt-merge-r01-00008
  Partitioned compression: 60820188474283_first250000: hdt-merge started — hdt-merge-r01-00009
  Partitioned compression: 60820188474283_first250000: hdt-merge complete — hdt-merge-r01-00009
  Partitioned compression: 60820188474283_first250000: hdt-merge started — hdt-merge-r01-00010
  Partitioned compression: 60820188474283_first250000: hdt-merge complete — hdt-merge-r01-00010
  Partitioned compression: 60820188474283_first250000: hdt-merge started — hdt-merge-r02-00000
  Partitioned compression: 60820188474283_first250000: hdt-merge complete — hdt-merge-r02-00000
  Partitioned compression: 60820188474283_first250000: hdt-merge started — hdt-merge-r02-00001
  Partitioned compression: 60820188474283_first250000: hdt-merge complete — hdt-merge-r02-00001
  Partitioned compression: 60820188474283_first250000: hdt-merge started — hdt-merge-r02-00002
  Partitioned compression: 60820188474283_first250000: hdt-merge complete — hdt-merge-r02-00002
  Partitioned compression: 60820188474283_first250000: hdt-merge started — hdt-merge-r02-00003
  Partitioned compression: 60820188474283_first250000: hdt-merge complete — hdt-merge-r02-00003
  Partitioned compression: 60820188474283_first250000: hdt-merge started — hdt-merge-r02-00004
  Partitioned compression: 60820188474283_first250000: hdt-merge complete — hdt-merge-r02-00004
  Partitioned compression: 60820188474283_first250000: hdt-merge started — hdt-merge-r02-00005
  Partitioned compression: 60820188474283_first250000: hdt-merge complete — hdt-merge-r02-00005
  Partitioned compression: 60820188474283_first250000: hdt-merge started — hdt-merge-r03-00000
  Partitioned compression: 60820188474283_first250000: hdt-merge complete — hdt-merge-r03-00000
  Partitioned compression: 60820188474283_first250000: hdt-merge started — hdt-merge-r03-00001
  Partitioned compression: 60820188474283_first250000: hdt-merge complete — hdt-merge-r03-00001
  Partitioned compression: 60820188474283_first250000: hdt-merge started — hdt-merge-r03-00002
  Partitioned compression: 60820188474283_first250000: hdt-merge complete — hdt-merge-r03-00002
  Partitioned compression: 60820188474283_first250000: hdt-merge started — hdt-merge-r04-00000
  Partitioned compression: 60820188474283_first250000: hdt-merge complete — hdt-merge-r04-00000
  Partitioned compression: 60820188474283_first250000: hdt-merge started — hdt-merge-r05-00000
  Partitioned compression: 60820188474283_first250000: hdt-merge complete — hdt-merge-r05-00000
  Partitioned compression: 60820188474283_first250000: hdt started — hdt-index
  Partitioned compression: 60820188474283_first250000: hdt complete — hdt-index
  Partitioned compression: 60820188474283_first250000: hdt started — hdt-validate
  Partitioned compression: 60820188474283_first250000: hdt complete — hdt-validate
  Partitioned compression: 60820188474283_first250000: cottas-merge started — cottas-merge-stream
  Partitioned compression: 60820188474283_first250000: cottas-merge started — 0 triples · 23 sorted COTTAS chunks
  Partitioned compression: 60820188474283_first250000: cottas-merge merging — 250,000 triples · 250,000 distinct triples written
  Partitioned compression: 60820188474283_first250000: cottas-merge merging — 500,000 triples · 500,000 distinct triples written
  Partitioned compression: 60820188474283_first250000: cottas-merge merging — 750,000 triples · 750,000 distinct triples written
  Partitioned compression: 60820188474283_first250000: cottas-merge merging — 1,000,000 triples · 1,000,000 distinct triples written
  Partitioned compression: 60820188474283_first250000: cottas-merge merging — 1,250,000 triples · 1,250,000 distinct triples written
  Partitioned compression: 60820188474283_first250000: cottas-merge merging — 1,500,000 triples · 1,500,000 distinct triples written
  Partitioned compression: 60820188474283_first250000: cottas-merge merging — 1,750,000 triples · 1,750,000 distinct triples written
  Partitioned compression: 60820188474283_first250000: cottas-merge merging — 2,000,000 triples · 2,000,000 distinct triples written
  Partitioned compression: 60820188474283_first250000: cottas-merge merging — 2,250,000 triples · 2,250,000 distinct triples written
  Partitioned compression: 60820188474283_first250000: cottas-merge merging — 2,500,000 triples · 2,500,000 distinct triples written
  Partitioned compression: 60820188474283_first250000: cottas-merge merging — 2,750,000 triples · 2,750,000 distinct triples written
  Partitioned compression: 60820188474283_first250000: cottas-merge merging — 3,000,000 triples · 3,000,000 distinct triples written
  Partitioned compression: 60820188474283_first250000: cottas-merge merging — 3,250,000 triples · 3,250,000 distinct triples written
  Partitioned compression: 60820188474283_first250000: cottas-merge merging — 3,500,000 triples · 3,500,000 distinct triples written
  Partitioned compression: 60820188474283_first250000: cottas-merge merging — 3,750,000 triples · 3,750,000 distinct triples written
  Partitioned compression: 60820188474283_first250000: cottas-merge merging — 4,000,000 triples · 4,000,000 distinct triples written
  Partitioned compression: 60820188474283_first250000: cottas-merge merging — 4,250,000 triples · 4,250,000 distinct triples written
  Partitioned compression: 60820188474283_first250000: cottas-merge merging — 4,500,000 triples · 4,500,000 distinct triples written
  Partitioned compression: 60820188474283_first250000: cottas-merge merging — 4,750,000 triples · 4,750,000 distinct triples written
  Partitioned compression: 60820188474283_first250000: cottas-merge merging — 5,000,000 triples · 5,000,000 distinct triples written
  Partitioned compression: 60820188474283_first250000: cottas-merge merging — 5,250,000 triples · 5,250,000 distinct triples written
  Partitioned compression: 60820188474283_first250000: cottas-merge merging — 5,500,000 triples · 5,500,000 distinct triples written
  Partitioned compression: 60820188474283_first250000: cottas-merge merging — 5,750,000 triples · 5,750,000 distinct triples written
  Partitioned compression: 60820188474283_first250000: cottas-merge merging — 6,000,000 triples · 6,000,000 distinct triples written
  Partitioned compression: 60820188474283_first250000: cottas-merge merging — 6,250,000 triples · 6,250,000 distinct triples written
  Partitioned compression: 60820188474283_first250000: cottas-merge merging — 6,500,000 triples · 6,500,000 distinct triples written
  Partitioned compression: 60820188474283_first250000: cottas-merge merging — 6,750,000 triples · 6,750,000 distinct triples written
  Partitioned compression: 60820188474283_first250000: cottas-merge merging — 7,000,000 triples · 7,000,000 distinct triples written
  Partitioned compression: 60820188474283_first250000: cottas-merge merging — 7,250,000 triples · 7,250,000 distinct triples written
  Partitioned compression: 60820188474283_first250000: cottas-merge merging — 7,500,000 triples · 7,500,000 distinct triples written
  Partitioned compression: 60820188474283_first250000: cottas-merge merging — 7,750,000 triples · 7,750,000 distinct triples written
  Partitioned compression: 60820188474283_first250000: cottas-merge merging — 8,000,000 triples · 8,000,000 distinct triples written
  Partitioned compression: 60820188474283_first250000: cottas-merge merging — 8,250,000 triples · 8,250,000 distinct triples written
  Partitioned compression: 60820188474283_first250000: cottas-merge merging — 8,500,000 triples · 8,500,000 distinct triples written
  Partitioned compression: 60820188474283_first250000: cottas-merge merging — 8,750,000 triples · 8,750,000 distinct triples written
  Partitioned compression: 60820188474283_first250000: cottas-merge merging — 9,000,000 triples · 9,000,000 distinct triples written
  Partitioned compression: 60820188474283_first250000: cottas-merge merging — 9,250,000 triples · 9,250,000 distinct triples written
  Partitioned compression: 60820188474283_first250000: cottas-merge merging — 9,500,000 triples · 9,500,000 distinct triples written
  Partitioned compression: 60820188474283_first250000: cottas-merge merging — 9,750,000 triples · 9,750,000 distinct triples written
  Partitioned compression: 60820188474283_first250000: cottas-merge merging — 10,000,000 triples · 10,000,000 distinct triples written
  Partitioned compression: 60820188474283_first250000: cottas-merge merging — 10,250,000 triples · 10,250,000 distinct triples written
  Partitioned compression: 60820188474283_first250000: cottas-merge merging — 10,500,000 triples · 10,500,000 distinct triples written
  Partitioned compression: 60820188474283_first250000: cottas-merge merging — 10,750,000 triples · 10,750,000 distinct triples written
  Partitioned compression: 60820188474283_first250000: cottas-merge merging — 11,000,000 triples · 11,000,000 distinct triples written
  Partitioned compression: 60820188474283_first250000: cottas-merge merging — 11,250,000 triples · 11,250,000 distinct triples written
  Partitioned compression: 60820188474283_first250000: cottas-merge merging — 11,500,000 triples · 11,500,000 distinct triples written
  Partitioned compression: 60820188474283_first250000: cottas-merge merging — 11,750,000 triples · 11,750,000 distinct triples written
  Partitioned compression: 60820188474283_first250000: cottas-merge merging — 12,000,000 triples · 12,000,000 distinct triples written
  Partitioned compression: 60820188474283_first250000: cottas-merge merging — 12,250,000 triples · 12,250,000 distinct triples written
  Partitioned compression: 60820188474283_first250000: cottas-merge merging — 12,500,000 triples · 12,500,000 distinct triples written
  Partitioned compression: 60820188474283_first250000: cottas-merge merging — 12,750,000 triples · 12,750,000 distinct triples written
  Partitioned compression: 60820188474283_first250000: cottas-merge merging — 13,000,000 triples · 13,000,000 distinct triples written
  Partitioned compression: 60820188474283_first250000: cottas-merge merging — 13,250,000 triples · 13,250,000 distinct triples written
  Partitioned compression: 60820188474283_first250000: cottas-merge merging — 13,500,000 triples · 13,500,000 distinct triples written
  Partitioned compression: 60820188474283_first250000: cottas-merge merging — 13,750,000 triples · 13,750,000 distinct triples written
  Partitioned compression: 60820188474283_first250000: cottas-merge merging — 14,000,000 triples · 14,000,000 distinct triples written
  Partitioned compression: 60820188474283_first250000: cottas-merge merging — 14,250,000 triples · 14,250,000 distinct triples written
  Partitioned compression: 60820188474283_first250000: cottas-merge merging — 14,500,000 triples · 14,500,000 distinct triples written
  Partitioned compression: 60820188474283_first250000: cottas-merge merging — 14,750,000 triples · 14,750,000 distinct triples written
  Partitioned compression: 60820188474283_first250000: cottas-merge merging — 15,000,000 triples · 15,000,000 distinct triples written
  Partitioned compression: 60820188474283_first250000: cottas-merge merging — 15,250,000 triples · 15,250,000 distinct triples written
  Partitioned compression: 60820188474283_first250000: cottas-merge merging — 15,500,000 triples · 15,500,000 distinct triples written
  Partitioned compression: 60820188474283_first250000: cottas-merge merging — 15,750,000 triples · 15,750,000 distinct triples written
  Partitioned compression: 60820188474283_first250000: cottas-merge merging — 16,000,000 triples · 16,000,000 distinct triples written
  Partitioned compression: 60820188474283_first250000: cottas-merge merging — 16,250,000 triples · 16,250,000 distinct triples written
  Partitioned compression: 60820188474283_first250000: cottas-merge merging — 16,500,000 triples · 16,500,000 distinct triples written
  Partitioned compression: 60820188474283_first250000: cottas-merge merging — 16,750,000 triples · 16,750,000 distinct triples written
  Partitioned compression: 60820188474283_first250000: cottas-merge merging — 17,000,000 triples · 17,000,000 distinct triples written
  Partitioned compression: 60820188474283_first250000: cottas-merge merging — 17,250,000 triples · 17,250,000 distinct triples written
  Partitioned compression: 60820188474283_first250000: cottas-merge merging — 17,500,000 triples · 17,500,000 distinct triples written
  Partitioned compression: 60820188474283_first250000: cottas-merge merging — 17,750,000 triples · 17,750,000 distinct triples written
  Partitioned compression: 60820188474283_first250000: cottas-merge merging — 18,000,000 triples · 18,000,000 distinct triples written
  Partitioned compression: 60820188474283_first250000: cottas-merge merging — 18,250,000 triples · 18,250,000 distinct triples written
  Partitioned compression: 60820188474283_first250000: cottas-merge merging — 18,500,000 triples · 18,500,000 distinct triples written
  Partitioned compression: 60820188474283_first250000: cottas-merge merging — 18,750,000 triples · 18,750,000 distinct triples written
  Partitioned compression: 60820188474283_first250000: cottas-merge merging — 19,000,000 triples · 19,000,000 distinct triples written
  Partitioned compression: 60820188474283_first250000: cottas-merge merging — 19,250,000 triples · 19,250,000 distinct triples written
  Partitioned compression: 60820188474283_first250000: cottas-merge merging — 19,500,000 triples · 19,500,000 distinct triples written
  Partitioned compression: 60820188474283_first250000: cottas-merge merging — 19,750,000 triples · 19,750,000 distinct triples written
  Partitioned compression: 60820188474283_first250000: cottas-merge merging — 20,000,000 triples · 20,000,000 distinct triples written
  Partitioned compression: 60820188474283_first250000: cottas-merge merging — 20,250,000 triples · 20,250,000 distinct triples written
  Partitioned compression: 60820188474283_first250000: cottas-merge merging — 20,500,000 triples · 20,500,000 distinct triples written
  Partitioned compression: 60820188474283_first250000: cottas-merge merging — 20,750,000 triples · 20,750,000 distinct triples written
  Partitioned compression: 60820188474283_first250000: cottas-merge merging — 21,000,000 triples · 21,000,000 distinct triples written
  Partitioned compression: 60820188474283_first250000: cottas-merge merging — 21,250,000 triples · 21,250,000 distinct triples written
  Partitioned compression: 60820188474283_first250000: cottas-merge merging — 21,500,000 triples · 21,500,000 distinct triples written
  Partitioned compression: 60820188474283_first250000: cottas-merge merging — 21,750,000 triples · 21,750,000 distinct triples written
  Partitioned compression: 60820188474283_first250000: cottas-merge merging — 22,000,000 triples · 22,000,000 distinct triples written
  Partitioned compression: 60820188474283_first250000: cottas-merge merging — 22,250,000 triples · 22,250,000 distinct triples written
  Partitioned compression: 60820188474283_first250000: cottas-merge merging — 22,500,000 triples · 22,500,000 distinct triples written
  Partitioned compression: 60820188474283_first250000: cottas-merge merging — 22,750,000 triples · 22,750,000 distinct triples written
  Partitioned compression: 60820188474283_first250000: cottas-merge merging — 23,000,000 triples · 23,000,000 distinct triples written
  Partitioned compression: 60820188474283_first250000: cottas-merge merging — 23,250,000 triples · 23,250,000 distinct triples written
  Partitioned compression: 60820188474283_first250000: cottas-merge merging — 23,500,000 triples · 23,500,000 distinct triples written
  Partitioned compression: 60820188474283_first250000: cottas-merge merging — 23,750,000 triples · 23,750,000 distinct triples written
  Partitioned compression: 60820188474283_first250000: cottas-merge merging — 24,000,000 triples · 24,000,000 distinct triples written
  Partitioned compression: 60820188474283_first250000: cottas-merge merging — 24,250,000 triples · 24,250,000 distinct triples written
  Partitioned compression: 60820188474283_first250000: cottas-merge merging — 24,500,000 triples · 24,500,000 distinct triples written
  Partitioned compression: 60820188474283_first250000: cottas-merge merging — 24,750,000 triples · 24,750,000 distinct triples written
  Partitioned compression: 60820188474283_first250000: cottas-merge merging — 25,000,000 triples · 25,000,000 distinct triples written
  Partitioned compression: 60820188474283_first250000: cottas-merge merging — 25,250,000 triples · 25,250,000 distinct triples written
  Partitioned compression: 60820188474283_first250000: cottas-merge merging — 25,500,000 triples · 25,500,000 distinct triples written
  Partitioned compression: 60820188474283_first250000: cottas-merge merging — 25,750,000 triples · 25,750,000 distinct triples written
  Partitioned compression: 60820188474283_first250000: cottas-merge merging — 26,000,000 triples · 26,000,000 distinct triples written
  Partitioned compression: 60820188474283_first250000: cottas-merge merging — 26,250,000 triples · 26,250,000 distinct triples written
  Partitioned compression: 60820188474283_first250000: cottas-merge merging — 26,500,000 triples · 26,500,000 distinct triples written
  Partitioned compression: 60820188474283_first250000: cottas-merge merging — 26,750,000 triples · 26,750,000 distinct triples written
  Partitioned compression: 60820188474283_first250000: cottas-merge merging — 27,000,000 triples · 27,000,000 distinct triples written
  Partitioned compression: 60820188474283_first250000: cottas-merge merging — 27,250,000 triples · 27,250,000 distinct triples written
  Partitioned compression: 60820188474283_first250000: cottas-merge merging — 27,500,000 triples · 27,500,000 distinct triples written
  Partitioned compression: 60820188474283_first250000: cottas-merge merging — 27,750,000 triples · 27,750,000 distinct triples written
  Partitioned compression: 60820188474283_first250000: cottas-merge merging — 28,000,000 triples · 28,000,000 distinct triples written
  Partitioned compression: 60820188474283_first250000: cottas-merge merging — 28,250,000 triples · 28,250,000 distinct triples written
  Partitioned compression: 60820188474283_first250000: cottas-merge merging — 28,500,000 triples · 28,500,000 distinct triples written
  Partitioned compression: 60820188474283_first250000: cottas-merge merging — 28,750,000 triples · 28,750,000 distinct triples written
  Partitioned compression: 60820188474283_first250000: cottas-merge merging — 29,000,000 triples · 29,000,000 distinct triples written
  Partitioned compression: 60820188474283_first250000: cottas-merge merging — 29,250,000 triples · 29,250,000 distinct triples written
  Partitioned compression: 60820188474283_first250000: cottas-merge merging — 29,500,000 triples · 29,500,000 distinct triples written
  Partitioned compression: 60820188474283_first250000: cottas-merge merging — 29,750,000 triples · 29,750,000 distinct triples written
  Partitioned compression: 60820188474283_first250000: cottas-merge merging — 30,000,000 triples · 30,000,000 distinct triples written
  Partitioned compression: 60820188474283_first250000: cottas-merge merging — 30,250,000 triples · 30,250,000 distinct triples written
  Partitioned compression: 60820188474283_first250000: cottas-merge merging — 30,500,000 triples · 30,500,000 distinct triples written
  Partitioned compression: 60820188474283_first250000: cottas-merge merging — 30,750,000 triples · 30,750,000 distinct triples written
  Partitioned compression: 60820188474283_first250000: cottas-merge merging — 31,000,000 triples · 31,000,000 distinct triples written
  Partitioned compression: 60820188474283_first250000: cottas-merge merging — 31,250,000 triples · 31,250,000 distinct triples written
  Partitioned compression: 60820188474283_first250000: cottas-merge merging — 31,500,000 triples · 31,500,000 distinct triples written
  Partitioned compression: 60820188474283_first250000: cottas-merge merging — 31,750,000 triples · 31,750,000 distinct triples written
  Partitioned compression: 60820188474283_first250000: cottas-merge merging — 32,000,000 triples · 32,000,000 distinct triples written
  Partitioned compression: 60820188474283_first250000: cottas-merge merging — 32,250,000 triples · 32,250,000 distinct triples written
  Partitioned compression: 60820188474283_first250000: cottas-merge merging — 32,500,000 triples · 32,500,000 distinct triples written
  Partitioned compression: 60820188474283_first250000: cottas-merge merging — 32,750,000 triples · 32,750,000 distinct triples written
  Partitioned compression: 60820188474283_first250000: cottas-merge merging — 33,000,000 triples · 33,000,000 distinct triples written
  Partitioned compression: 60820188474283_first250000: cottas-merge merging — 33,250,000 triples · 33,250,000 distinct triples written
  Partitioned compression: 60820188474283_first250000: cottas-merge merging — 33,500,000 triples · 33,500,000 distinct triples written
  Partitioned compression: 60820188474283_first250000: cottas-merge merging — 33,750,000 triples · 33,750,000 distinct triples written
  Partitioned compression: 60820188474283_first250000: cottas-merge merging — 34,000,000 triples · 34,000,000 distinct triples written
  Partitioned compression: 60820188474283_first250000: cottas-merge merging — 34,250,000 triples · 34,250,000 distinct triples written
  Partitioned compression: 60820188474283_first250000: cottas-merge merging — 34,500,000 triples · 34,500,000 distinct triples written
  Partitioned compression: 60820188474283_first250000: cottas-merge merging — 34,750,000 triples · 34,750,000 distinct triples written
  Partitioned compression: 60820188474283_first250000: cottas-merge merging — 35,000,000 triples · 35,000,000 distinct triples written
  Partitioned compression: 60820188474283_first250000: cottas-merge merging — 35,250,000 triples · 35,250,000 distinct triples written
  Partitioned compression: 60820188474283_first250000: cottas-merge merging — 35,500,000 triples · 35,500,000 distinct triples written
  Partitioned compression: 60820188474283_first250000: cottas-merge merging — 35,750,000 triples · 35,750,000 distinct triples written
  Partitioned compression: 60820188474283_first250000: cottas-merge merging — 36,000,000 triples · 36,000,000 distinct triples written
  Partitioned compression: 60820188474283_first250000: cottas-merge merging — 36,250,000 triples · 36,250,000 distinct triples written
  Partitioned compression: 60820188474283_first250000: cottas-merge merging — 36,500,000 triples · 36,500,000 distinct triples written
  Partitioned compression: 60820188474283_first250000: cottas-merge merging — 36,750,000 triples · 36,750,000 distinct triples written
  Partitioned compression: 60820188474283_first250000: cottas-merge merging — 37,000,000 triples · 37,000,000 distinct triples written
  Partitioned compression: 60820188474283_first250000: cottas-merge merging — 37,250,000 triples · 37,250,000 distinct triples written
  Partitioned compression: 60820188474283_first250000: cottas-merge merging — 37,500,000 triples · 37,500,000 distinct triples written
  Partitioned compression: 60820188474283_first250000: cottas-merge merging — 37,750,000 triples · 37,750,000 distinct triples written
  Partitioned compression: 60820188474283_first250000: cottas-merge merging — 38,000,000 triples · 38,000,000 distinct triples written
  Partitioned compression: 60820188474283_first250000: cottas-merge merging — 38,250,000 triples · 38,250,000 distinct triples written
  Partitioned compression: 60820188474283_first250000: cottas-merge merging — 38,500,000 triples · 38,500,000 distinct triples written
  Partitioned compression: 60820188474283_first250000: cottas-merge merging — 38,750,000 triples · 38,750,000 distinct triples written
  Partitioned compression: 60820188474283_first250000: cottas-merge merging — 39,000,000 triples · 39,000,000 distinct triples written
  Partitioned compression: 60820188474283_first250000: cottas-merge merging — 39,250,000 triples · 39,250,000 distinct triples written
  Partitioned compression: 60820188474283_first250000: cottas-merge merging — 39,500,000 triples · 39,500,000 distinct triples written
  Partitioned compression: 60820188474283_first250000: cottas-merge merging — 39,750,000 triples · 39,750,000 distinct triples written
  Partitioned compression: 60820188474283_first250000: cottas-merge merging — 40,000,000 triples · 40,000,000 distinct triples written
  Partitioned compression: 60820188474283_first250000: cottas-merge merging — 40,250,000 triples · 40,250,000 distinct triples written
  Partitioned compression: 60820188474283_first250000: cottas-merge merging — 40,500,000 triples · 40,500,000 distinct triples written
  Partitioned compression: 60820188474283_first250000: cottas-merge merging — 40,750,000 triples · 40,750,000 distinct triples written
  Partitioned compression: 60820188474283_first250000: cottas-merge merging — 41,000,000 triples · 41,000,000 distinct triples written
  Partitioned compression: 60820188474283_first250000: cottas-merge merging — 41,250,000 triples · 41,250,000 distinct triples written
  Partitioned compression: 60820188474283_first250000: cottas-merge merging — 41,500,000 triples · 41,500,000 distinct triples written
  Partitioned compression: 60820188474283_first250000: cottas-merge merging — 41,750,000 triples · 41,750,000 distinct triples written
  Partitioned compression: 60820188474283_first250000: cottas-merge merging — 42,000,000 triples · 42,000,000 distinct triples written
  Partitioned compression: 60820188474283_first250000: cottas-merge merging — 42,250,000 triples · 42,250,000 distinct triples written
  Partitioned compression: 60820188474283_first250000: cottas-merge merging — 42,500,000 triples · 42,500,000 distinct triples written
  Partitioned compression: 60820188474283_first250000: cottas-merge merging — 42,750,000 triples · 42,750,000 distinct triples written
  Partitioned compression: 60820188474283_first250000: cottas-merge merging — 43,000,000 triples · 43,000,000 distinct triples written
  Partitioned compression: 60820188474283_first250000: cottas-merge merging — 43,250,000 triples · 43,250,000 distinct triples written
  Partitioned compression: 60820188474283_first250000: cottas-merge merging — 43,500,000 triples · 43,500,000 distinct triples written
  Partitioned compression: 60820188474283_first250000: cottas-merge merging — 43,750,000 triples · 43,750,000 distinct triples written
  Partitioned compression: 60820188474283_first250000: cottas-merge merging — 44,000,000 triples · 44,000,000 distinct triples written
  Partitioned compression: 60820188474283_first250000: cottas-merge merging — 44,250,000 triples · 44,250,000 distinct triples written
  Partitioned compression: 60820188474283_first250000: cottas-merge merging — 44,500,000 triples · 44,500,000 distinct triples written
  Partitioned compression: 60820188474283_first250000: cottas-merge merging — 44,750,000 triples · 44,750,000 distinct triples written
  Partitioned compression: 60820188474283_first250000: cottas-merge merging — 45,000,000 triples · 45,000,000 distinct triples written
  Partitioned compression: 60820188474283_first250000: cottas-merge merging — 45,250,000 triples · 45,250,000 distinct triples written
  Partitioned compression: 60820188474283_first250000: cottas-merge merging — 45,500,000 triples · 45,500,000 distinct triples written
  Partitioned compression: 60820188474283_first250000: cottas-merge merging — 45,750,000 triples · 45,750,000 distinct triples written
  Partitioned compression: 60820188474283_first250000: cottas-merge merging — 46,000,000 triples · 46,000,000 distinct triples written
  Partitioned compression: 60820188474283_first250000: cottas-merge merging — 46,250,000 triples · 46,250,000 distinct triples written
  Partitioned compression: 60820188474283_first250000: cottas-merge merging — 46,500,000 triples · 46,500,000 distinct triples written
  Partitioned compression: 60820188474283_first250000: cottas-merge merging — 46,750,000 triples · 46,750,000 distinct triples written
  Partitioned compression: 60820188474283_first250000: cottas-merge merging — 47,000,000 triples · 47,000,000 distinct triples written
  Partitioned compression: 60820188474283_first250000: cottas-merge merging — 47,250,000 triples · 47,250,000 distinct triples written
  Partitioned compression: 60820188474283_first250000: cottas-merge merging — 47,500,000 triples · 47,500,000 distinct triples written
  Partitioned compression: 60820188474283_first250000: cottas-merge merging — 47,750,000 triples · 47,750,000 distinct triples written
  Partitioned compression: 60820188474283_first250000: cottas-merge merging — 48,000,000 triples · 48,000,000 distinct triples written
  Partitioned compression: 60820188474283_first250000: cottas-merge merging — 48,250,000 triples · 48,250,000 distinct triples written
  Partitioned compression: 60820188474283_first250000: cottas-merge merging — 48,500,000 triples · 48,500,000 distinct triples written
  Partitioned compression: 60820188474283_first250000: cottas-merge merging — 48,750,000 triples · 48,750,000 distinct triples written
  Partitioned compression: 60820188474283_first250000: cottas-merge merging — 49,000,000 triples · 49,000,000 distinct triples written
  Partitioned compression: 60820188474283_first250000: cottas-merge merging — 49,250,000 triples · 49,250,000 distinct triples written
  Partitioned compression: 60820188474283_first250000: cottas-merge merging — 49,500,000 triples · 49,500,000 distinct triples written
  Partitioned compression: 60820188474283_first250000: cottas-merge merging — 49,750,000 triples · 49,750,000 distinct triples written
  Partitioned compression: 60820188474283_first250000: cottas-merge merging — 50,000,000 triples · 50,000,000 distinct triples written
  Partitioned compression: 60820188474283_first250000: cottas-merge merging — 50,250,000 triples · 50,250,000 distinct triples written
  Partitioned compression: 60820188474283_first250000: cottas-merge merging — 50,500,000 triples · 50,500,000 distinct triples written
  Partitioned compression: 60820188474283_first250000: cottas-merge merging — 50,750,000 triples · 50,750,000 distinct triples written
  Partitioned compression: 60820188474283_first250000: cottas-merge merging — 51,000,000 triples · 51,000,000 distinct triples written
  Partitioned compression: 60820188474283_first250000: cottas-merge merging — 51,250,000 triples · 51,250,000 distinct triples written
  Partitioned compression: 60820188474283_first250000: cottas-merge merging — 51,500,000 triples · 51,500,000 distinct triples written
  Partitioned compression: 60820188474283_first250000: cottas-merge merging — 51,750,000 triples · 51,750,000 distinct triples written
  Partitioned compression: 60820188474283_first250000: cottas-merge merging — 52,000,000 triples · 52,000,000 distinct triples written
  Partitioned compression: 60820188474283_first250000: cottas-merge merging — 52,250,000 triples · 52,250,000 distinct triples written
  Partitioned compression: 60820188474283_first250000: cottas-merge merging — 52,500,000 triples · 52,500,000 distinct triples written
  Partitioned compression: 60820188474283_first250000: cottas-merge merging — 52,750,000 triples · 52,750,000 distinct triples written
  Partitioned compression: 60820188474283_first250000: cottas-merge merging — 53,000,000 triples · 53,000,000 distinct triples written
  Partitioned compression: 60820188474283_first250000: cottas-merge merging — 53,250,000 triples · 53,250,000 distinct triples written
  Partitioned compression: 60820188474283_first250000: cottas-merge merging — 53,500,000 triples · 53,500,000 distinct triples written
  Partitioned compression: 60820188474283_first250000: cottas-merge merging — 53,750,000 triples · 53,750,000 distinct triples written
  Partitioned compression: 60820188474283_first250000: cottas-merge merging — 54,000,000 triples · 54,000,000 distinct triples written
  Partitioned compression: 60820188474283_first250000: cottas-merge merging — 54,250,000 triples · 54,250,000 distinct triples written
  Partitioned compression: 60820188474283_first250000: cottas-merge merging — 54,500,000 triples · 54,500,000 distinct triples written
  Partitioned compression: 60820188474283_first250000: cottas-merge merging — 54,750,000 triples · 54,750,000 distinct triples written
  Partitioned compression: 60820188474283_first250000: cottas-merge merging — 55,000,000 triples · 55,000,000 distinct triples written
  Partitioned compression: 60820188474283_first250000: cottas-merge merging — 55,250,000 triples · 55,250,000 distinct triples written
  Partitioned compression: 60820188474283_first250000: cottas-merge merging — 55,500,000 triples · 55,500,000 distinct triples written
  Partitioned compression: 60820188474283_first250000: cottas-merge merging — 55,750,000 triples · 55,750,000 distinct triples written
  Partitioned compression: 60820188474283_first250000: cottas-merge merging — 56,000,000 triples · 56,000,000 distinct triples written
  Partitioned compression: 60820188474283_first250000: cottas-merge merging — 56,250,000 triples · 56,250,000 distinct triples written
  Partitioned compression: 60820188474283_first250000: cottas-merge merging — 56,500,000 triples · 56,500,000 distinct triples written
  Partitioned compression: 60820188474283_first250000: cottas-merge merging — 56,750,000 triples · 56,750,000 distinct triples written
  Partitioned compression: 60820188474283_first250000: cottas-merge merging — 57,000,000 triples · 57,000,000 distinct triples written
  Partitioned compression: 60820188474283_first250000: cottas-merge merging — 57,250,000 triples · 57,250,000 distinct triples written
  Partitioned compression: 60820188474283_first250000: cottas-merge merging — 57,500,000 triples · 57,500,000 distinct triples written
  Partitioned compression: 60820188474283_first250000: cottas-merge merging — 57,750,000 triples · 57,750,000 distinct triples written
  Partitioned compression: 60820188474283_first250000: cottas-merge merging — 58,000,000 triples · 58,000,000 distinct triples written
  Partitioned compression: 60820188474283_first250000: cottas-merge merging — 58,250,000 triples · 58,250,000 distinct triples written
  Partitioned compression: 60820188474283_first250000: cottas-merge merging — 58,500,000 triples · 58,500,000 distinct triples written
  Partitioned compression: 60820188474283_first250000: cottas-merge merging — 58,750,000 triples · 58,750,000 distinct triples written
  Partitioned compression: 60820188474283_first250000: cottas-merge merging — 59,000,000 triples · 59,000,000 distinct triples written
  Partitioned compression: 60820188474283_first250000: cottas-merge merging — 59,250,000 triples · 59,250,000 distinct triples written
  Partitioned compression: 60820188474283_first250000: cottas-merge merging — 59,500,000 triples · 59,500,000 distinct triples written
  Partitioned compression: 60820188474283_first250000: cottas-merge merging — 59,750,000 triples · 59,750,000 distinct triples written
  Partitioned compression: 60820188474283_first250000: cottas-merge merging — 60,000,000 triples · 60,000,000 distinct triples written
  Partitioned compression: 60820188474283_first250000: cottas-merge merging — 60,250,000 triples · 60,250,000 distinct triples written
  Partitioned compression: 60820188474283_first250000: cottas-merge merging — 60,500,000 triples · 60,500,000 distinct triples written
  Partitioned compression: 60820188474283_first250000: cottas-merge merging — 60,750,000 triples · 60,750,000 distinct triples written
  Partitioned compression: 60820188474283_first250000: cottas-merge merging — 61,000,000 triples · 61,000,000 distinct triples written
  Partitioned compression: 60820188474283_first250000: cottas-merge merging — 61,250,000 triples · 61,250,000 distinct triples written
  Partitioned compression: 60820188474283_first250000: cottas-merge merging — 61,500,000 triples · 61,500,000 distinct triples written
  Partitioned compression: 60820188474283_first250000: cottas-merge merging — 61,750,000 triples · 61,750,000 distinct triples written
  Partitioned compression: 60820188474283_first250000: cottas-merge merging — 62,000,000 triples · 62,000,000 distinct triples written
  Partitioned compression: 60820188474283_first250000: cottas-merge merging — 62,250,000 triples · 62,250,000 distinct triples written
  Partitioned compression: 60820188474283_first250000: cottas-merge merging — 62,500,000 triples · 62,500,000 distinct triples written
  Partitioned compression: 60820188474283_first250000: cottas-merge merging — 62,750,000 triples · 62,750,000 distinct triples written
  Partitioned compression: 60820188474283_first250000: cottas-merge merging — 63,000,000 triples · 63,000,000 distinct triples written
  Partitioned compression: 60820188474283_first250000: cottas-merge merging — 63,250,000 triples · 63,250,000 distinct triples written
  Partitioned compression: 60820188474283_first250000: cottas-merge merging — 63,500,000 triples · 63,500,000 distinct triples written
  Partitioned compression: 60820188474283_first250000: cottas-merge merging — 63,750,000 triples · 63,750,000 distinct triples written
  Partitioned compression: 60820188474283_first250000: cottas-merge merging — 64,000,000 triples · 64,000,000 distinct triples written
  Partitioned compression: 60820188474283_first250000: cottas-merge merging — 64,250,000 triples · 64,250,000 distinct triples written
  Partitioned compression: 60820188474283_first250000: cottas-merge merging — 64,500,000 triples · 64,500,000 distinct triples written
  Partitioned compression: 60820188474283_first250000: cottas-merge merging — 64,750,000 triples · 64,750,000 distinct triples written
  Partitioned compression: 60820188474283_first250000: cottas-merge merging — 65,000,000 triples · 65,000,000 distinct triples written
  Partitioned compression: 60820188474283_first250000: cottas-merge merging — 65,250,000 triples · 65,250,000 distinct triples written
  Partitioned compression: 60820188474283_first250000: cottas-merge merging — 65,500,000 triples · 65,500,000 distinct triples written
  Partitioned compression: 60820188474283_first250000: cottas-merge merging — 65,750,000 triples · 65,750,000 distinct triples written
  Partitioned compression: 60820188474283_first250000: cottas-merge merging — 66,000,000 triples · 66,000,000 distinct triples written
  Partitioned compression: 60820188474283_first250000: cottas-merge merging — 66,250,000 triples · 66,250,000 distinct triples written
  Partitioned compression: 60820188474283_first250000: cottas-merge merging — 66,500,000 triples · 66,500,000 distinct triples written
  Partitioned compression: 60820188474283_first250000: cottas-merge merging — 66,750,000 triples · 66,750,000 distinct triples written
  Partitioned compression: 60820188474283_first250000: cottas-merge merging — 67,000,000 triples · 67,000,000 distinct triples written
  Partitioned compression: 60820188474283_first250000: cottas-merge merging — 67,250,000 triples · 67,250,000 distinct triples written
  Partitioned compression: 60820188474283_first250000: cottas-merge merging — 67,500,000 triples · 67,500,000 distinct triples written
  Partitioned compression: 60820188474283_first250000: cottas-merge merging — 67,750,000 triples · 67,750,000 distinct triples written
  Partitioned compression: 60820188474283_first250000: cottas-merge merging — 68,000,000 triples · 68,000,000 distinct triples written
  Partitioned compression: 60820188474283_first250000: cottas-merge merging — 68,250,000 triples · 68,250,000 distinct triples written
  Partitioned compression: 60820188474283_first250000: cottas-merge merging — 68,500,000 triples · 68,500,000 distinct triples written
  Partitioned compression: 60820188474283_first250000: cottas-merge merging — 68,750,000 triples · 68,750,000 distinct triples written
  Partitioned compression: 60820188474283_first250000: cottas-merge merging — 69,000,000 triples · 69,000,000 distinct triples written
  Partitioned compression: 60820188474283_first250000: cottas-merge merging — 69,250,000 triples · 69,250,000 distinct triples written
  Partitioned compression: 60820188474283_first250000: cottas-merge merging — 69,500,000 triples · 69,500,000 distinct triples written
  Partitioned compression: 60820188474283_first250000: cottas-merge merging — 69,750,000 triples · 69,750,000 distinct triples written
  Partitioned compression: 60820188474283_first250000: cottas-merge merging — 70,000,000 triples · 70,000,000 distinct triples written
  Partitioned compression: 60820188474283_first250000: cottas-merge merging — 70,250,000 triples · 70,250,000 distinct triples written
  Partitioned compression: 60820188474283_first250000: cottas-merge merging — 70,500,000 triples · 70,500,000 distinct triples written
  Partitioned compression: 60820188474283_first250000: cottas-merge merging — 70,750,000 triples · 70,750,000 distinct triples written
  Partitioned compression: 60820188474283_first250000: cottas-merge merging — 71,000,000 triples · 71,000,000 distinct triples written
  Partitioned compression: 60820188474283_first250000: cottas-merge merging — 71,250,000 triples · 71,250,000 distinct triples written
  Partitioned compression: 60820188474283_first250000: cottas-merge merging — 71,500,000 triples · 71,500,000 distinct triples written
  Partitioned compression: 60820188474283_first250000: cottas-merge merging — 71,750,000 triples · 71,750,000 distinct triples written
  Partitioned compression: 60820188474283_first250000: cottas-merge merging — 72,000,000 triples · 72,000,000 distinct triples written
  Partitioned compression: 60820188474283_first250000: cottas-merge complete — 72,128,667 triples · 72,128,667 distinct triples written
  Partitioned compression: 60820188474283_first250000: cottas-merge complete — cottas-merge-stream
  Partitioned compression: 60820188474283_first250000: cottas started — cottas-validate
  Partitioned compression: 60820188474283_first250000: cottas complete — cottas-validate
Partitioned compression: 60820188474283_first250000: finished
