Step 1/5: Validating inputs ✅
  Metrics: /home/ubuntu/vrdev-test/acmg-run/results/17_use_case_acmg__cohort/convert__NA20813/out/run_metrics/NA20813.acmg__20260928T170923
  Detailed logs: /home/ubuntu/vrdev-test/acmg-run/results/17_use_case_acmg__cohort/convert__NA20813/out/run_metrics/NA20813.acmg__20260928T170923/logs/wrapper.log
  Progress log: /home/ubuntu/vrdev-test/acmg-run/results/17_use_case_acmg__cohort/convert__NA20813/out/run_metrics/NA20813.acmg__20260928T170923/logs/progress.log
Step 2/5: Ensuring Docker image is available ✅
Step 3/5: Processing per-input pipeline (TSV -> RDF -> compression)
  Sample representation: expanded
  INFO representation: structured
  Header representation: structured
  - Input 1/1: NA20813.acmg.vcf
    * TSV conversion ✅
    * VCF version: VCFv4.2 (detected)
    * RDF conversion ✅
    * Streaming expanded multi-sample RDF (no expanded helper TSVs)
    * Sample calls streamed: 9,868; FORMAT values: 9,868
    * Streaming structured header RDF
    * Header lines typed: 43; contigs: 24
    * Streaming QUAL and structured INFO RDF
    * QUAL values streamed: 9,868; INFO values: 0; declarations: 0
    * Triples produced: 582,097
    * Compression ✅
    * Output directory: /home/ubuntu/vrdev-test/acmg-run/results/17_use_case_acmg__cohort/convert__NA20813/out/NA20813.acmg
      - RDF aggregate: NA20813.acmg.nt
      - N-Triples (.nt): 74.58 MB (removed after successful compression)
      - gzip (.nt.gz): 2.72 MB
Total triples produced (full run): 582,097
Conversion process finished.
Run time (full mode): 16.55s
Timing log: /home/ubuntu/vrdev-test/acmg-run/results/17_use_case_acmg__cohort/convert__NA20813/out/run_metrics/NA20813.acmg__20260928T170923/wrapper_execution_times.csv
Metrics summary: /home/ubuntu/vrdev-test/acmg-run/results/17_use_case_acmg__cohort/convert__NA20813/out/run_metrics/NA20813.acmg__20260928T170923/summary.json
