TSV conversion: NA12414.acmg: started
TSV conversion: NA12414.acmg: finished
RMLStreamer: NA12414.acmg: started
  RMLStreamer: NA12414.acmg: rmlstreamer started — 0 B · 0 parts
  RMLStreamer: NA12414.acmg: rmlstreamer heartbeat — 0 B · 0 parts
  RMLStreamer: NA12414.acmg: rmlstreamer heartbeat — 53.81 KB · 8 parts
  RMLStreamer: NA12414.acmg: rmlstreamer heartbeat — 7.48 MB · 8 parts
  RMLStreamer: NA12414.acmg: rmlstreamer heartbeat — 9.78 MB · 8 parts
  RMLStreamer: NA12414.acmg: rmlstreamer complete — 9.78 MB · 8 parts
  RMLStreamer: NA12414.acmg: rdf-aggregate started — 0 parts
  RMLStreamer: NA12414.acmg: rdf-aggregate part — 1 parts
  RMLStreamer: NA12414.acmg: rdf-aggregate part — 2 parts
  RMLStreamer: NA12414.acmg: rdf-aggregate part — 3 parts
  RMLStreamer: NA12414.acmg: rdf-aggregate part — 4 parts
  RMLStreamer: NA12414.acmg: rdf-aggregate part — 5 parts
  RMLStreamer: NA12414.acmg: rdf-aggregate part — 6 parts
  RMLStreamer: NA12414.acmg: rdf-aggregate part — 7 parts
  RMLStreamer: NA12414.acmg: rdf-aggregate part — 8 parts
  RMLStreamer: NA12414.acmg: rdf-aggregate complete — 8 parts
RMLStreamer: NA12414.acmg: finished
