Step 1/5: Validating inputs ✅
  Metrics: /home/ubuntu/vrdev-test/acmg-run/results/17_use_case_acmg__cohort/convert__NA20348/out/run_metrics/NA20348.acmg__20260928T143451
  Detailed logs: /home/ubuntu/vrdev-test/acmg-run/results/17_use_case_acmg__cohort/convert__NA20348/out/run_metrics/NA20348.acmg__20260928T143451/logs/wrapper.log
  Progress log: /home/ubuntu/vrdev-test/acmg-run/results/17_use_case_acmg__cohort/convert__NA20348/out/run_metrics/NA20348.acmg__20260928T143451/logs/progress.log
Step 2/5: Ensuring Docker image is available ✅
Step 3/5: Processing per-input pipeline (TSV -> RDF -> compression)
  Sample representation: expanded
  INFO representation: structured
  Header representation: structured
  - Input 1/1: NA20348.acmg.vcf
    * TSV conversion ✅
    * VCF version: VCFv4.2 (detected)
    * RDF conversion ✅
    * Streaming expanded multi-sample RDF (no expanded helper TSVs)
    * Sample RDF streaming: 10,000 variants, 10,000 calls
    * Sample calls streamed: 11,912; FORMAT values: 11,912
    * Streaming structured header RDF
    * Header lines typed: 133; contigs: 24
    * Streaming QUAL and structured INFO RDF
    * INFO RDF streaming: 10,000 variants, 730,069 values
    * QUAL values streamed: 11,912; INFO values: 869,729; declarations: 91
    * Triples produced: 9,558,167
    * Compression ✅
    * Output directory: /home/ubuntu/vrdev-test/acmg-run/results/17_use_case_acmg__cohort/convert__NA20348/out/NA20348.acmg
      - RDF aggregate: NA20348.acmg.nt
      - N-Triples (.nt): 1.29 GB (removed after successful compression)
      - gzip (.nt.gz): 59.74 MB
Total triples produced (full run): 9,558,167
Conversion process finished.
Run time (full mode): 35.43s
Timing log: /home/ubuntu/vrdev-test/acmg-run/results/17_use_case_acmg__cohort/convert__NA20348/out/run_metrics/NA20348.acmg__20260928T143451/wrapper_execution_times.csv
Metrics summary: /home/ubuntu/vrdev-test/acmg-run/results/17_use_case_acmg__cohort/convert__NA20348/out/run_metrics/NA20348.acmg__20260928T143451/summary.json
