Validation: r1000000_hdt_1: started
  Validation: r1000000_hdt_1: validation started — 0 queries · expanded validation started
  Validation: r1000000_hdt_1: validation progress — 0 queries · materializing hdt artifact inside container
  Validation: r1000000_hdt_1: validation progress — 1 queries · hdt: completed q01_record_density_1mb
  Validation: r1000000_hdt_1: validation progress — 2 queries · hdt: completed q02_variant_shape_counts
  Validation: r1000000_hdt_1: validation progress — 3 queries · hdt: completed q03_titv
  Validation: r1000000_hdt_1: validation progress — 4 queries · hdt: completed q04_filter_distribution
  Validation: r1000000_hdt_1: validation progress — 5 queries · hdt: completed q05_sample_genotype_counts
  Validation: r1000000_hdt_1: validation progress — 6 queries · hdt: completed q06_ac_an_distribution
  Validation: r1000000_hdt_1: validation progress — 7 queries · hdt: completed q07_file_metadata
  Validation: r1000000_hdt_1: validation progress — 8 queries · hdt: completed q08_header_line_census
  Validation: r1000000_hdt_1: validation progress — 9 queries · hdt: completed q09_predicate_census
  Validation: r1000000_hdt_1: validation progress — 10 queries · hdt: completed q10_class_census
  Validation: r1000000_hdt_1: validation progress — 11 queries · hdt: completed q11_record_digest
  Validation: r1000000_hdt_1: validation progress — 12 queries · hdt: completed q12_info_value_digest
  Validation: r1000000_hdt_1: validation progress — 13 queries · hdt: completed q13_format_value_digest
  Validation: r1000000_hdt_1: validation failed — validation execution failed
Validation: r1000000_hdt_1: finished
Error: validation failed. See results: /home/ubuntu/vcf-rdfizer-testing/benchmarks_outputs/16_scale_retrieval/r1000000__hdt__hdt__core__r1/out/run_metrics/batch-HG005_GRCh38_r1000000-2-inputs__20260926T114506/reports/validation/r1000000_hdt_1
See log for details: /home/ubuntu/vcf-rdfizer-testing/benchmarks_outputs/16_scale_retrieval/r1000000__hdt__hdt__core__r1/out/run_metrics/batch-HG005_GRCh38_r1000000-2-inputs__20260926T114506/logs/wrapper.log
