2026-10-08 12:11:49.473 - INFO: [1mQLever index builder bfd5741, compiled on Thu Sep  3 17:32:42 UTC 2026 using git hash bfd5741[22m
2026-10-08 12:11:49.474 - WARN: Implicitly using the parallel parser for a single input file for reasons of backward compatibility; this is deprecated, please use the command-line option --parallel-parsing or -p
2026-10-08 12:11:49.474 - INFO: Processing triples from single input stream /work/regional-rdf-lo9odlns/input.nt (parallel = true) ...
2026-10-08 12:11:49.474 - INFO: Locale was not specified in settings file, default is en_US
2026-10-08 12:11:49.474 - INFO: You specified "locale = en_US" and "ignore-punctuation = 0"
2026-10-08 12:11:49.474 - INFO: By default, integers that cannot be represented by QLever will throw an exception
2026-10-08 12:11:49.474 - INFO: Parsing input triples and creating partial vocabularies, one per batch ...
2026-10-08 12:11:54.944 - INFO: Triples parsed: 10,000,000 [average speed 2.0 M/s, last batch 2.0 M/s, fastest 2.0 M/s, slowest 2.0 M/s] 2026-10-08 12:11:59.914 - INFO: Triples parsed: 17,098,746 [average speed 1.7 M/s, last batch 2.0 M/s, fastest 2.0 M/s, slowest 2.0 M/s] 
2026-10-08 12:12:01.158 - INFO: Number of triples created (including QLever-internal ones): 17,098,746 [may contain duplicates]
2026-10-08 12:12:01.158 - INFO: Number of partial vocabularies created: 2
2026-10-08 12:12:01.566 - INFO: Merging partial vocabularies ...
2026-10-08 12:12:02.985 - INFO: Words merged: 3,529,126 [average speed 2.5 M/s] 
2026-10-08 12:12:03.264 - INFO: Finished writing compressed internal vocabulary, size = 22.4 MB [uncompressed = 220.7 MB, ratio = 10%]
2026-10-08 12:12:03.264 - INFO: Number of words in external vocabulary: 3,529,126
2026-10-08 12:12:03.303 - INFO: Converting triples from local IDs to global IDs ...
2026-10-08 12:12:03.839 - INFO: Triples converted: 10,000,000 [average speed 18.9 M/s, last batch 18.9 M/s, fastest 18.9 M/s, slowest 18.9 M/s] 2026-10-08 12:12:03.996 - INFO: Triples converted: 17,098,746 [average speed 24.9 M/s, last batch 18.9 M/s, fastest 18.9 M/s, slowest 18.9 M/s] 
2026-10-08 12:12:04.254 - INFO: Creating permutations SPO and SOP ...
2026-10-08 12:12:04.705 - INFO: Triples sorted: 10,000,000 [average speed 22.2 M/s, last batch 22.2 M/s, fastest 22.2 M/s, slowest 22.2 M/s] 2026-10-08 12:12:04.976 - INFO: Number of inputs to `uniqueView`: 17,098,746
2026-10-08 12:12:04.976 - INFO: Number of unique elements: 17,098,746
2026-10-08 12:12:04.976 - INFO: Triples sorted: 17,098,746 [average speed 23.7 M/s, last batch 22.2 M/s, fastest 22.2 M/s, slowest 22.2 M/s] 
2026-10-08 12:12:05.906 - INFO: Statistics for SPO: #relations = 3,459,556, #blocks = 367, #triples = 17,098,746
2026-10-08 12:12:05.906 - INFO: Statistics for SOP: #relations = 3,459,556, #blocks = 367, #triples = 17,098,746
2026-10-08 12:12:05.911 - INFO: Number of distinct patterns: 24
2026-10-08 12:12:05.911 - INFO: Number of subjects with pattern: 3,459,556 [all]
2026-10-08 12:12:05.911 - INFO: Total number of distinct subject-predicate pairs: 14,739,173
2026-10-08 12:12:05.911 - INFO: Average number of predicates per subject: 4.3
2026-10-08 12:12:05.911 - INFO: Average number of subjects per predicate: 204,711
2026-10-08 12:12:06.664 - INFO: Creating permutations OSP and OPS ...
2026-10-08 12:12:08.593 - INFO: Triples sorted: 10,000,000 [average speed 5.2 M/s, last batch 5.2 M/s, fastest 5.2 M/s, slowest 5.2 M/s] 2026-10-08 12:12:09.257 - INFO: Triples sorted: 17,098,746 [average speed 6.6 M/s, last batch 5.2 M/s, fastest 5.2 M/s, slowest 5.2 M/s] 
2026-10-08 12:12:09.263 - INFO: Statistics for OSP: #relations = 3,729,121, #blocks = 567, #triples = 17,098,746
2026-10-08 12:12:09.264 - INFO: Statistics for OPS: #relations = 3,729,121, #blocks = 567, #triples = 17,098,746
2026-10-08 12:12:09.268 - INFO: Adding 3,459,556 triples to the POS and PSO permutation for the internal `ql:has-pattern` ...
2026-10-08 12:12:09.439 - INFO: Creating permutations PSO and POS ...
2026-10-08 12:12:09.570 - INFO: Number of inputs to `uniqueView`: 3,459,556
2026-10-08 12:12:09.570 - INFO: Number of unique elements: 3,459,556
2026-10-08 12:12:09.570 - INFO: Triples sorted: 3,459,556 [average speed 26.4 M/s] 
2026-10-08 12:12:09.842 - INFO: Statistics for PSO: #relations = 1, #blocks = 111, #triples = 3,459,556
2026-10-08 12:12:09.842 - INFO: Statistics for POS: #relations = 1, #blocks = 111, #triples = 3,459,556
2026-10-08 12:12:10.284 - INFO: Creating permutations PSO and POS ...
2026-10-08 12:12:11.339 - INFO: Triples sorted: 10,000,000 [average speed 9.5 M/s, last batch 9.5 M/s, fastest 9.5 M/s, slowest 9.5 M/s] 2026-10-08 12:12:12.121 - INFO: Triples sorted: 17,098,746 [average speed 9.3 M/s, last batch 9.5 M/s, fastest 9.5 M/s, slowest 9.5 M/s] 
2026-10-08 12:12:12.219 - INFO: Statistics for PSO: #relations = 72, #blocks = 589, #triples = 17,098,746
2026-10-08 12:12:12.219 - INFO: Statistics for POS: #relations = 72, #blocks = 589, #triples = 17,098,746
2026-10-08 12:12:12.221 - INFO: Index build completed
