Traceback (most recent call last):
  File "/case/run_query.py", line 153, in <module>
    raise SystemExit(main())
                     ~~~~^^
  File "/case/run_query.py", line 123, in main
    rows = V.bindings(Path(engine.execute("count", count)["rawResult"]))
  File "/opt/vcf-rdfizer/validation/validation_runner.py", line 3103, in bindings
    value = read_json(path)["results"]["bindings"]
            ~~~~~~~~~^^^^^^
  File "/opt/vcf-rdfizer/validation/validation_runner.py", line 294, in read_json
    return json.loads(path.read_text(encoding="utf-8"))
           ~~~~~~~~~~^^^^^^^^^^^^^^^^^^^^^^^^^^^^^^^^^^
  File "/usr/lib/python3.14/json/__init__.py", line 352, in loads
    return _default_decoder.decode(s)
           ~~~~~~~~~~~~~~~~~~~~~~~^^^
  File "/usr/lib/python3.14/json/decoder.py", line 345, in decode
    obj, end = self.raw_decode(s, idx=_w(s, 0).end())
               ~~~~~~~~~~~~~~~^^^^^^^^^^^^^^^^^^^^^^^
  File "/usr/lib/python3.14/json/decoder.py", line 363, in raw_decode
    raise JSONDecodeError("Expecting value", s, err.value) from None
json.decoder.JSONDecodeError: Expecting value: line 1 column 1 (char 0)
