2026-10-08T16:58:51Z experiment 18 start; harness commit e3743590c3d78c5953ff995f8f79de54be3524c5
2026-10-08T16:58:51Z VCF-RDFizer 3.3.1: release source and image
2026-10-08T16:58:55Z TogoVar and the comparison image, by digest
2026-10-08T16:58:57Z SPARQLing Genomics 0.99.11: upstream release image tarball
2026-10-08T16:59:00Z Building the riot normaliser
2026-10-08T16:59:00Z Building jvarkit
2026-10-08T16:59:00Z Building biointerchange
2026-10-08T16:59:03Z input HG005_GRCh38_r100000 (GRCh38) verified and indexed
2026-10-08T16:59:04Z input 1000G_10000r_s16 (GRCh37) verified and indexed
2026-10-08T17:00:36Z convert__vcf-rdfizer__HG005_GRCh38_r100000__r1 exit 0
2026-10-08T17:00:39Z convert__jvarkit__HG005_GRCh38_r100000__r1 exit 0
2026-10-08T17:00:41Z convert__togovar__HG005_GRCh38_r100000__r1 exit 0
2026-10-08T17:00:49Z convert__sparqling-genomics__HG005_GRCh38_r100000__r1 exit 0
2026-10-08T17:00:51Z convert__biointerchange__HG005_GRCh38_r100000__r1 exit 0
2026-10-08T17:01:22Z convert__vcf-rdfizer__1000G_10000r_s16__r1 exit 0
2026-10-08T17:01:24Z convert__jvarkit__1000G_10000r_s16__r1 exit 0
2026-10-08T17:01:25Z convert__togovar__1000G_10000r_s16__r1 exit 0
2026-10-08T17:01:26Z convert__sparqling-genomics__1000G_10000r_s16__r1 exit 0
2026-10-08T17:01:26Z convert__biointerchange__1000G_10000r_s16__r1 exit 0
2026-10-08T17:02:59Z convert__vcf-rdfizer__HG005_GRCh38_r100000__r2 exit 0
2026-10-08T17:03:02Z convert__jvarkit__HG005_GRCh38_r100000__r2 exit 0
2026-10-08T17:03:03Z convert__togovar__HG005_GRCh38_r100000__r2 exit 0
2026-10-08T17:03:11Z convert__sparqling-genomics__HG005_GRCh38_r100000__r2 exit 0
2026-10-08T17:03:13Z convert__biointerchange__HG005_GRCh38_r100000__r2 exit 0
2026-10-08T17:03:45Z convert__vcf-rdfizer__1000G_10000r_s16__r2 exit 0
2026-10-08T17:03:47Z convert__jvarkit__1000G_10000r_s16__r2 exit 0
2026-10-08T17:03:47Z convert__togovar__1000G_10000r_s16__r2 exit 0
2026-10-08T17:03:48Z convert__sparqling-genomics__1000G_10000r_s16__r2 exit 0
2026-10-08T17:03:49Z convert__biointerchange__1000G_10000r_s16__r2 exit 0
2026-10-08T17:05:21Z convert__vcf-rdfizer__HG005_GRCh38_r100000__r3 exit 0
2026-10-08T17:05:23Z convert__jvarkit__HG005_GRCh38_r100000__r3 exit 0
2026-10-08T17:05:25Z convert__togovar__HG005_GRCh38_r100000__r3 exit 0
2026-10-08T17:05:33Z convert__sparqling-genomics__HG005_GRCh38_r100000__r3 exit 0
2026-10-08T17:05:35Z convert__biointerchange__HG005_GRCh38_r100000__r3 exit 0
2026-10-08T17:06:07Z convert__vcf-rdfizer__1000G_10000r_s16__r3 exit 0
2026-10-08T17:06:09Z convert__jvarkit__1000G_10000r_s16__r3 exit 0
2026-10-08T17:06:09Z convert__togovar__1000G_10000r_s16__r3 exit 0
2026-10-08T17:06:10Z convert__sparqling-genomics__1000G_10000r_s16__r3 exit 0
2026-10-08T17:06:11Z convert__biointerchange__1000G_10000r_s16__r3 exit 0
2026-10-08T17:10:39Z compare__vcf-rdfizer__HG005_GRCh38_r100000 exit 0
2026-10-08T17:11:10Z compare__jvarkit__HG005_GRCh38_r100000 exit 0
2026-10-08T17:11:57Z compare__togovar__HG005_GRCh38_r100000 exit 0
2026-10-08T17:12:55Z compare__sparqling-genomics__HG005_GRCh38_r100000 exit 0
2026-10-08T17:16:27Z compare__biointerchange__HG005_GRCh38_r100000 exit 0
2026-10-08T17:17:52Z compare__vcf-rdfizer__1000G_10000r_s16 exit 0
2026-10-08T17:18:06Z compare__jvarkit__1000G_10000r_s16 exit 0
2026-10-08T17:18:15Z compare__togovar__1000G_10000r_s16 exit 0
2026-10-08T17:18:23Z compare__sparqling-genomics__1000G_10000r_s16 exit 0
2026-10-08T17:19:22Z compare__biointerchange__1000G_10000r_s16 exit 0
2026-10-08T17:19:22Z experiment 18 done
