TSV conversion: test-10k: started
TSV conversion: test-10k: finished
RMLStreamer: test-10k: started
  RMLStreamer: test-10k: rmlstreamer started — 0 B · 0 parts
  RMLStreamer: test-10k: rmlstreamer heartbeat — 0 B · 0 parts
  RMLStreamer: test-10k: rmlstreamer heartbeat — 30.68 KB · 8 parts
  RMLStreamer: test-10k: rmlstreamer heartbeat — 8.96 MB · 8 parts
  RMLStreamer: test-10k: rmlstreamer heartbeat — 9.28 MB · 8 parts
  RMLStreamer: test-10k: rmlstreamer complete — 9.28 MB · 8 parts
  RMLStreamer: test-10k: rdf-aggregate started — 0 parts
  RMLStreamer: test-10k: rdf-aggregate part — 1 parts
  RMLStreamer: test-10k: rdf-aggregate part — 2 parts
  RMLStreamer: test-10k: rdf-aggregate part — 3 parts
  RMLStreamer: test-10k: rdf-aggregate part — 4 parts
  RMLStreamer: test-10k: rdf-aggregate part — 5 parts
  RMLStreamer: test-10k: rdf-aggregate part — 6 parts
  RMLStreamer: test-10k: rdf-aggregate part — 7 parts
  RMLStreamer: test-10k: rdf-aggregate part — 8 parts
  RMLStreamer: test-10k: rdf-aggregate complete — 8 parts
RMLStreamer: test-10k: finished
Partitioned compression: test-10k: started
  Partitioned compression: test-10k: rdf-scan started — 0 triples
  Partitioned compression: test-10k: rdf-scan heartbeat — 518,024 triples · 67,108,891 bytes read
  Partitioned compression: test-10k: rdf-scan chunk — 958,919 triples · 1 chunks · 122,644,300 bytes read
  Partitioned compression: test-10k: hdt-chunks started — 0 chunks · hdt-build-00000
  Partitioned compression: test-10k: hdt-chunks complete — 1 chunks · hdt-build-00000
  Partitioned compression: test-10k: rdf-scan complete — 958,919 triples · 1 chunks
  Partitioned compression: test-10k: hdt-chunks complete — 1 chunks
  Partitioned compression: test-10k: hdt started — hdt-index
  Partitioned compression: test-10k: hdt complete — hdt-index
  Partitioned compression: test-10k: hdt started — hdt-validate
  Partitioned compression: test-10k: hdt complete — hdt-validate
Partitioned compression: test-10k: finished
