TSV conversion: HGSVC2: started
TSV conversion: HGSVC2: finished
RMLStreamer: HGSVC2: started
  RMLStreamer: HGSVC2: rmlstreamer started — 0 B · 0 parts
  RMLStreamer: HGSVC2: rmlstreamer heartbeat — 0 B · 0 parts
  RMLStreamer: HGSVC2: rmlstreamer heartbeat — 624.55 KB · 8 parts
  RMLStreamer: HGSVC2: rmlstreamer heartbeat — 11.13 MB · 8 parts
  RMLStreamer: HGSVC2: rmlstreamer heartbeat — 35.65 MB · 8 parts
  RMLStreamer: HGSVC2: rmlstreamer heartbeat — 76.79 MB · 8 parts
  RMLStreamer: HGSVC2: rmlstreamer heartbeat — 113.41 MB · 8 parts
  RMLStreamer: HGSVC2: rmlstreamer heartbeat — 146.88 MB · 8 parts
  RMLStreamer: HGSVC2: rmlstreamer heartbeat — 154.98 MB · 8 parts
  RMLStreamer: HGSVC2: rmlstreamer heartbeat — 171.56 MB · 8 parts
  RMLStreamer: HGSVC2: rmlstreamer complete — 171.56 MB · 8 parts
  RMLStreamer: HGSVC2: rdf-aggregate started — 0 parts
  RMLStreamer: HGSVC2: rdf-aggregate part — 1 parts
  RMLStreamer: HGSVC2: rdf-aggregate part — 2 parts
  RMLStreamer: HGSVC2: rdf-aggregate part — 3 parts
  RMLStreamer: HGSVC2: rdf-aggregate part — 4 parts
  RMLStreamer: HGSVC2: rdf-aggregate part — 5 parts
  RMLStreamer: HGSVC2: rdf-aggregate part — 6 parts
  RMLStreamer: HGSVC2: rdf-aggregate part — 7 parts
  RMLStreamer: HGSVC2: rdf-aggregate part — 8 parts
  RMLStreamer: HGSVC2: rdf-aggregate complete — 8 parts
RMLStreamer: HGSVC2: finished
Partitioned compression: HGSVC2: started
  Partitioned compression: HGSVC2: rdf-scan started — 0 triples
  Partitioned compression: HGSVC2: rdf-scan heartbeat — 287,619 triples · 67,638,040 bytes read
  Partitioned compression: HGSVC2: rdf-scan heartbeat — 686,211 triples · 134,746,999 bytes read
  Partitioned compression: HGSVC2: rdf-scan heartbeat — 1,125,733 triples · 201,855,866 bytes read
  Partitioned compression: HGSVC2: rdf-scan heartbeat — 1,601,090 triples · 268,964,862 bytes read
  Partitioned compression: HGSVC2: rdf-scan heartbeat — 2,073,434 triples · 336,073,788 bytes read
  Partitioned compression: HGSVC2: rdf-scan heartbeat — 2,544,497 triples · 403,182,739 bytes read
  Partitioned compression: HGSVC2: rdf-scan heartbeat — 3,015,376 triples · 470,291,683 bytes read
  Partitioned compression: HGSVC2: rdf-scan chunk — 3,482,534 triples · 1 chunks · 536,870,927 bytes read
  Partitioned compression: HGSVC2: hdt-chunks started — 0 chunks · hdt-build-00000
  Partitioned compression: HGSVC2: hdt-chunks complete — 1 chunks · hdt-build-00000
  Partitioned compression: HGSVC2: rdf-scan heartbeat — 3,486,251 triples · 537,400,589 bytes read
  Partitioned compression: HGSVC2: rdf-scan heartbeat — 3,957,156 triples · 604,509,569 bytes read
  Partitioned compression: HGSVC2: rdf-scan heartbeat — 4,428,576 triples · 671,618,500 bytes read
  Partitioned compression: HGSVC2: rdf-scan heartbeat — 4,899,717 triples · 738,727,419 bytes read
  Partitioned compression: HGSVC2: rdf-scan heartbeat — 5,370,594 triples · 805,836,320 bytes read
  Partitioned compression: HGSVC2: rdf-scan heartbeat — 5,841,482 triples · 872,945,300 bytes read
  Partitioned compression: HGSVC2: rdf-scan heartbeat — 6,312,407 triples · 940,054,213 bytes read
  Partitioned compression: HGSVC2: rdf-scan heartbeat — 6,783,335 triples · 1,007,163,207 bytes read
  Partitioned compression: HGSVC2: rdf-scan chunk — 7,250,508 triples · 2 chunks · 1,073,741,877 bytes read
  Partitioned compression: HGSVC2: hdt-chunks started — 1 chunks · hdt-build-00001
  Partitioned compression: HGSVC2: hdt-chunks complete — 2 chunks · hdt-build-00001
  Partitioned compression: HGSVC2: rdf-scan heartbeat — 7,254,229 triples · 1,074,272,173 bytes read
  Partitioned compression: HGSVC2: rdf-scan heartbeat — 7,725,107 triples · 1,141,381,181 bytes read
  Partitioned compression: HGSVC2: rdf-scan heartbeat — 8,195,988 triples · 1,208,490,156 bytes read
  Partitioned compression: HGSVC2: rdf-scan heartbeat — 8,667,154 triples · 1,275,599,072 bytes read
  Partitioned compression: HGSVC2: rdf-scan heartbeat — 9,136,353 triples · 1,342,708,018 bytes read
  Partitioned compression: HGSVC2: rdf-scan heartbeat — 9,603,053 triples · 1,409,816,897 bytes read
  Partitioned compression: HGSVC2: rdf-scan heartbeat — 10,069,737 triples · 1,476,925,871 bytes read
  Partitioned compression: HGSVC2: rdf-scan heartbeat — 10,536,426 triples · 1,544,034,853 bytes read
  Partitioned compression: HGSVC2: rdf-scan chunk — 10,999,501 triples · 3 chunks · 1,610,612,913 bytes read
  Partitioned compression: HGSVC2: hdt-chunks started — 2 chunks · hdt-build-00002
  Partitioned compression: HGSVC2: hdt-chunks complete — 3 chunks · hdt-build-00002
  Partitioned compression: HGSVC2: rdf-scan heartbeat — 11,003,193 triples · 1,611,143,837 bytes read
  Partitioned compression: HGSVC2: rdf-scan heartbeat — 11,469,934 triples · 1,678,252,846 bytes read
  Partitioned compression: HGSVC2: rdf-scan heartbeat — 11,936,618 triples · 1,745,361,856 bytes read
  Partitioned compression: HGSVC2: rdf-scan heartbeat — 12,403,435 triples · 1,812,470,826 bytes read
  Partitioned compression: HGSVC2: rdf-scan heartbeat — 12,870,211 triples · 1,879,579,768 bytes read
  Partitioned compression: HGSVC2: rdf-scan heartbeat — 13,337,037 triples · 1,946,688,666 bytes read
  Partitioned compression: HGSVC2: rdf-scan heartbeat — 13,803,772 triples · 2,013,797,615 bytes read
  Partitioned compression: HGSVC2: rdf-scan heartbeat — 14,270,456 triples · 2,080,906,586 bytes read
  Partitioned compression: HGSVC2: rdf-scan chunk — 14,733,479 triples · 4 chunks · 2,147,483,899 bytes read
  Partitioned compression: HGSVC2: hdt-chunks started — 3 chunks · hdt-build-00003
  Partitioned compression: HGSVC2: hdt-chunks complete — 4 chunks · hdt-build-00003
  Partitioned compression: HGSVC2: rdf-scan heartbeat — 14,737,176 triples · 2,148,015,533 bytes read
  Partitioned compression: HGSVC2: rdf-scan heartbeat — 15,203,941 triples · 2,215,124,495 bytes read
  Partitioned compression: HGSVC2: rdf-scan heartbeat — 15,670,679 triples · 2,282,233,402 bytes read
  Partitioned compression: HGSVC2: rdf-scan heartbeat — 16,137,376 triples · 2,349,342,281 bytes read
  Partitioned compression: HGSVC2: rdf-scan heartbeat — 16,604,062 triples · 2,416,451,212 bytes read
  Partitioned compression: HGSVC2: rdf-scan heartbeat — 17,070,744 triples · 2,483,560,133 bytes read
  Partitioned compression: HGSVC2: rdf-scan heartbeat — 17,537,435 triples · 2,550,669,083 bytes read
  Partitioned compression: HGSVC2: rdf-scan heartbeat — 18,004,119 triples · 2,617,777,992 bytes read
  Partitioned compression: HGSVC2: rdf-scan chunk — 18,467,223 triples · 5 chunks · 2,684,354,840 bytes read
  Partitioned compression: HGSVC2: hdt-chunks started — 4 chunks · hdt-build-00004
  Partitioned compression: HGSVC2: hdt-chunks complete — 5 chunks · hdt-build-00004
  Partitioned compression: HGSVC2: rdf-scan heartbeat — 18,470,923 triples · 2,684,886,900 bytes read
  Partitioned compression: HGSVC2: rdf-scan heartbeat — 18,937,621 triples · 2,751,995,793 bytes read
  Partitioned compression: HGSVC2: rdf-scan heartbeat — 19,404,328 triples · 2,819,104,715 bytes read
  Partitioned compression: HGSVC2: rdf-scan heartbeat — 19,871,024 triples · 2,886,213,681 bytes read
  Partitioned compression: HGSVC2: rdf-scan heartbeat — 20,337,707 triples · 2,953,322,679 bytes read
  Partitioned compression: HGSVC2: rdf-scan heartbeat — 20,804,417 triples · 3,020,431,596 bytes read
  Partitioned compression: HGSVC2: rdf-scan heartbeat — 21,271,118 triples · 3,087,540,599 bytes read
  Partitioned compression: HGSVC2: rdf-scan heartbeat — 21,737,854 triples · 3,154,649,527 bytes read
  Partitioned compression: HGSVC2: rdf-scan chunk — 22,200,832 triples · 6 chunks · 3,221,225,775 bytes read
  Partitioned compression: HGSVC2: hdt-chunks started — 5 chunks · hdt-build-00005
  Partitioned compression: HGSVC2: hdt-chunks complete — 6 chunks · hdt-build-00005
  Partitioned compression: HGSVC2: rdf-scan heartbeat — 22,204,537 triples · 3,221,758,472 bytes read
  Partitioned compression: HGSVC2: rdf-scan heartbeat — 22,671,221 triples · 3,288,867,398 bytes read
  Partitioned compression: HGSVC2: rdf-scan heartbeat — 23,137,905 triples · 3,355,976,312 bytes read
  Partitioned compression: HGSVC2: rdf-scan heartbeat — 23,604,820 triples · 3,423,085,194 bytes read
  Partitioned compression: HGSVC2: rdf-scan heartbeat — 24,071,926 triples · 3,490,194,142 bytes read
  Partitioned compression: HGSVC2: rdf-scan heartbeat — 24,538,775 triples · 3,557,303,006 bytes read
  Partitioned compression: HGSVC2: rdf-scan heartbeat — 25,005,461 triples · 3,624,411,931 bytes read
  Partitioned compression: HGSVC2: rdf-scan heartbeat — 25,472,308 triples · 3,691,520,936 bytes read
  Partitioned compression: HGSVC2: rdf-scan chunk — 25,935,366 triples · 7 chunks · 3,758,096,734 bytes read
  Partitioned compression: HGSVC2: hdt-chunks started — 6 chunks · hdt-build-00006
  Partitioned compression: HGSVC2: hdt-chunks complete — 7 chunks · hdt-build-00006
  Partitioned compression: HGSVC2: rdf-scan heartbeat — 25,939,080 triples · 3,758,629,844 bytes read
  Partitioned compression: HGSVC2: rdf-scan heartbeat — 26,405,842 triples · 3,825,738,721 bytes read
  Partitioned compression: HGSVC2: rdf-scan heartbeat — 26,872,772 triples · 3,892,847,646 bytes read
  Partitioned compression: HGSVC2: rdf-scan heartbeat — 27,340,039 triples · 3,959,956,560 bytes read
  Partitioned compression: HGSVC2: rdf-scan heartbeat — 27,807,043 triples · 4,027,065,492 bytes read
  Partitioned compression: HGSVC2: rdf-scan heartbeat — 28,273,791 triples · 4,094,174,405 bytes read
  Partitioned compression: HGSVC2: rdf-scan heartbeat — 28,740,569 triples · 4,161,283,373 bytes read
  Partitioned compression: HGSVC2: rdf-scan heartbeat — 29,207,383 triples · 4,228,392,322 bytes read
  Partitioned compression: HGSVC2: rdf-scan chunk — 29,670,357 triples · 8 chunks · 4,294,967,732 bytes read
  Partitioned compression: HGSVC2: hdt-chunks started — 7 chunks · hdt-build-00007
  Partitioned compression: HGSVC2: hdt-chunks complete — 8 chunks · hdt-build-00007
  Partitioned compression: HGSVC2: rdf-scan heartbeat — 29,674,067 triples · 4,295,501,238 bytes read
  Partitioned compression: HGSVC2: rdf-scan heartbeat — 30,140,750 triples · 4,362,610,127 bytes read
  Partitioned compression: HGSVC2: rdf-scan heartbeat — 30,607,726 triples · 4,429,719,045 bytes read
  Partitioned compression: HGSVC2: rdf-scan heartbeat — 31,074,639 triples · 4,496,827,939 bytes read
  Partitioned compression: HGSVC2: rdf-scan heartbeat — 31,541,393 triples · 4,563,936,853 bytes read
  Partitioned compression: HGSVC2: rdf-scan heartbeat — 32,008,080 triples · 4,631,045,733 bytes read
  Partitioned compression: HGSVC2: rdf-scan heartbeat — 32,474,809 triples · 4,698,154,704 bytes read
  Partitioned compression: HGSVC2: rdf-scan heartbeat — 32,941,605 triples · 4,765,263,697 bytes read
  Partitioned compression: HGSVC2: rdf-scan chunk — 33,404,729 triples · 9 chunks · 4,831,838,795 bytes read
  Partitioned compression: HGSVC2: hdt-chunks started — 8 chunks · hdt-build-00008
  Partitioned compression: HGSVC2: hdt-chunks complete — 9 chunks · hdt-build-00008
  Partitioned compression: HGSVC2: rdf-scan heartbeat — 33,408,441 triples · 4,832,372,690 bytes read
  Partitioned compression: HGSVC2: rdf-scan heartbeat — 33,875,125 triples · 4,899,481,629 bytes read
  Partitioned compression: HGSVC2: rdf-scan heartbeat — 34,341,809 triples · 4,966,590,639 bytes read
  Partitioned compression: HGSVC2: rdf-scan heartbeat — 34,808,492 triples · 5,033,699,591 bytes read
  Partitioned compression: HGSVC2: rdf-scan heartbeat — 35,275,222 triples · 5,100,808,584 bytes read
  Partitioned compression: HGSVC2: rdf-scan heartbeat — 35,741,916 triples · 5,167,917,472 bytes read
  Partitioned compression: HGSVC2: rdf-scan heartbeat — 36,208,615 triples · 5,235,026,481 bytes read
  Partitioned compression: HGSVC2: rdf-scan heartbeat — 36,675,320 triples · 5,302,135,395 bytes read
  Partitioned compression: HGSVC2: rdf-scan chunk — 37,138,342 triples · 10 chunks · 5,368,709,745 bytes read
  Partitioned compression: HGSVC2: hdt-chunks started — 9 chunks · hdt-build-00009
  Partitioned compression: HGSVC2: hdt-chunks complete — 10 chunks · hdt-build-00009
  Partitioned compression: HGSVC2: rdf-scan heartbeat — 37,142,060 triples · 5,369,244,377 bytes read
  Partitioned compression: HGSVC2: rdf-scan heartbeat — 37,608,767 triples · 5,436,353,274 bytes read
  Partitioned compression: HGSVC2: rdf-scan heartbeat — 38,075,592 triples · 5,503,462,173 bytes read
  Partitioned compression: HGSVC2: rdf-scan heartbeat — 38,542,275 triples · 5,570,571,091 bytes read
  Partitioned compression: HGSVC2: rdf-scan heartbeat — 39,008,959 triples · 5,637,680,081 bytes read
  Partitioned compression: HGSVC2: rdf-scan heartbeat — 39,475,655 triples · 5,704,789,047 bytes read
  Partitioned compression: HGSVC2: rdf-scan heartbeat — 39,942,339 triples · 5,771,898,036 bytes read
  Partitioned compression: HGSVC2: rdf-scan heartbeat — 40,409,031 triples · 5,839,006,938 bytes read
  Partitioned compression: HGSVC2: rdf-scan chunk — 40,872,870 triples · 11 chunks · 5,905,580,685 bytes read
  Partitioned compression: HGSVC2: hdt-chunks started — 10 chunks · hdt-build-00010
  Partitioned compression: HGSVC2: hdt-chunks complete — 11 chunks · hdt-build-00010
  Partitioned compression: HGSVC2: rdf-scan heartbeat — 40,876,592 triples · 5,906,115,858 bytes read
  Partitioned compression: HGSVC2: rdf-scan heartbeat — 41,343,575 triples · 5,973,224,722 bytes read
  Partitioned compression: HGSVC2: rdf-scan heartbeat — 41,810,584 triples · 6,040,333,637 bytes read
  Partitioned compression: HGSVC2: rdf-scan heartbeat — 42,277,271 triples · 6,107,442,521 bytes read
  Partitioned compression: HGSVC2: rdf-scan heartbeat — 42,743,960 triples · 6,174,551,458 bytes read
  Partitioned compression: HGSVC2: rdf-scan heartbeat — 43,210,643 triples · 6,241,660,396 bytes read
  Partitioned compression: HGSVC2: rdf-scan heartbeat — 43,677,326 triples · 6,308,769,407 bytes read
  Partitioned compression: HGSVC2: rdf-scan heartbeat — 44,144,009 triples · 6,375,878,408 bytes read
  Partitioned compression: HGSVC2: rdf-scan chunk — 44,606,985 triples · 12 chunks · 6,442,451,675 bytes read
  Partitioned compression: HGSVC2: hdt-chunks started — 11 chunks · hdt-build-00011
  Partitioned compression: HGSVC2: hdt-chunks complete — 12 chunks · hdt-build-00011
  Partitioned compression: HGSVC2: rdf-scan heartbeat — 44,610,710 triples · 6,442,987,330 bytes read
  Partitioned compression: HGSVC2: rdf-scan heartbeat — 45,077,392 triples · 6,510,096,236 bytes read
  Partitioned compression: HGSVC2: rdf-scan heartbeat — 45,544,180 triples · 6,577,205,104 bytes read
  Partitioned compression: HGSVC2: rdf-scan heartbeat — 46,010,865 triples · 6,644,313,997 bytes read
  Partitioned compression: HGSVC2: rdf-scan heartbeat — 46,477,581 triples · 6,711,422,891 bytes read
  Partitioned compression: HGSVC2: rdf-scan heartbeat — 46,944,328 triples · 6,778,531,837 bytes read
  Partitioned compression: HGSVC2: rdf-scan heartbeat — 47,411,039 triples · 6,845,640,791 bytes read
  Partitioned compression: HGSVC2: rdf-scan heartbeat — 47,877,730 triples · 6,912,749,745 bytes read
  Partitioned compression: HGSVC2: rdf-scan chunk — 48,341,292 triples · 13 chunks · 6,979,322,704 bytes read
  Partitioned compression: HGSVC2: hdt-chunks started — 12 chunks · hdt-build-00012
  Partitioned compression: HGSVC2: hdt-chunks complete — 13 chunks · hdt-build-00012
  Partitioned compression: HGSVC2: rdf-scan heartbeat — 48,345,019 triples · 6,979,858,678 bytes read
  Partitioned compression: HGSVC2: rdf-scan heartbeat — 48,811,870 triples · 7,046,967,621 bytes read
  Partitioned compression: HGSVC2: rdf-scan heartbeat — 49,278,556 triples · 7,114,076,536 bytes read
  Partitioned compression: HGSVC2: rdf-scan heartbeat — 49,745,240 triples · 7,181,185,520 bytes read
  Partitioned compression: HGSVC2: rdf-scan heartbeat — 50,212,161 triples · 7,248,294,541 bytes read
  Partitioned compression: HGSVC2: rdf-scan heartbeat — 50,678,845 triples · 7,315,403,470 bytes read
  Partitioned compression: HGSVC2: rdf-scan heartbeat — 51,145,532 triples · 7,382,512,415 bytes read
  Partitioned compression: HGSVC2: rdf-scan heartbeat — 51,612,331 triples · 7,449,621,317 bytes read
  Partitioned compression: HGSVC2: rdf-scan chunk — 52,075,294 triples · 14 chunks · 7,516,193,661 bytes read
  Partitioned compression: HGSVC2: hdt-chunks started — 13 chunks · hdt-build-00013
  Partitioned compression: HGSVC2: hdt-chunks complete — 14 chunks · hdt-build-00013
  Partitioned compression: HGSVC2: rdf-scan heartbeat — 52,079,026 triples · 7,516,730,310 bytes read
  Partitioned compression: HGSVC2: rdf-scan heartbeat — 52,545,827 triples · 7,583,839,211 bytes read
  Partitioned compression: HGSVC2: rdf-scan heartbeat — 53,012,511 triples · 7,650,948,179 bytes read
  Partitioned compression: HGSVC2: rdf-scan heartbeat — 53,479,195 triples · 7,718,057,185 bytes read
  Partitioned compression: HGSVC2: rdf-scan heartbeat — 53,945,885 triples · 7,785,166,189 bytes read
  Partitioned compression: HGSVC2: rdf-scan heartbeat — 54,412,794 triples · 7,852,275,083 bytes read
  Partitioned compression: HGSVC2: rdf-scan heartbeat — 54,879,629 triples · 7,919,383,971 bytes read
  Partitioned compression: HGSVC2: rdf-scan heartbeat — 55,346,445 triples · 7,986,492,953 bytes read
  Partitioned compression: HGSVC2: rdf-scan chunk — 55,809,594 triples · 15 chunks · 8,053,064,665 bytes read
  Partitioned compression: HGSVC2: hdt-chunks started — 14 chunks · hdt-build-00014
  Partitioned compression: HGSVC2: hdt-chunks complete — 15 chunks · hdt-build-00014
  Partitioned compression: HGSVC2: rdf-scan heartbeat — 55,813,329 triples · 8,053,601,839 bytes read
  Partitioned compression: HGSVC2: rdf-scan heartbeat — 56,280,020 triples · 8,120,710,809 bytes read
  Partitioned compression: HGSVC2: rdf-scan heartbeat — 56,746,715 triples · 8,187,819,820 bytes read
  Partitioned compression: HGSVC2: rdf-scan heartbeat — 57,213,400 triples · 8,254,928,743 bytes read
  Partitioned compression: HGSVC2: rdf-scan heartbeat — 57,680,133 triples · 8,322,037,652 bytes read
  Partitioned compression: HGSVC2: rdf-scan heartbeat — 58,146,914 triples · 8,389,146,576 bytes read
  Partitioned compression: HGSVC2: rdf-scan heartbeat — 58,613,599 triples · 8,456,255,442 bytes read
  Partitioned compression: HGSVC2: rdf-scan heartbeat — 59,080,286 triples · 8,523,364,326 bytes read
  Partitioned compression: HGSVC2: rdf-scan chunk — 59,543,252 triples · 16 chunks · 8,589,935,646 bytes read
  Partitioned compression: HGSVC2: hdt-chunks started — 15 chunks · hdt-build-00015
  Partitioned compression: HGSVC2: hdt-chunks complete — 16 chunks · hdt-build-00015
  Partitioned compression: HGSVC2: rdf-scan heartbeat — 59,546,990 triples · 8,590,473,223 bytes read
  Partitioned compression: HGSVC2: rdf-scan heartbeat — 60,013,904 triples · 8,657,582,202 bytes read
  Partitioned compression: HGSVC2: rdf-scan heartbeat — 60,480,612 triples · 8,724,691,175 bytes read
  Partitioned compression: HGSVC2: rdf-scan heartbeat — 60,947,300 triples · 8,791,800,195 bytes read
  Partitioned compression: HGSVC2: rdf-scan heartbeat — 61,414,070 triples · 8,858,909,068 bytes read
  Partitioned compression: HGSVC2: rdf-scan heartbeat — 61,880,826 triples · 8,926,018,019 bytes read
  Partitioned compression: HGSVC2: rdf-scan heartbeat — 62,347,671 triples · 8,993,127,009 bytes read
  Partitioned compression: HGSVC2: rdf-scan heartbeat — 62,814,385 triples · 9,060,235,912 bytes read
  Partitioned compression: HGSVC2: rdf-scan chunk — 63,277,326 triples · 17 chunks · 9,126,806,716 bytes read
  Partitioned compression: HGSVC2: hdt-chunks started — 16 chunks · hdt-build-00016
  Partitioned compression: HGSVC2: hdt-chunks complete — 17 chunks · hdt-build-00016
  Partitioned compression: HGSVC2: rdf-scan heartbeat — 63,281,068 triples · 9,127,344,821 bytes read
  Partitioned compression: HGSVC2: rdf-scan heartbeat — 63,747,754 triples · 9,194,453,745 bytes read
  Partitioned compression: HGSVC2: rdf-scan heartbeat — 64,214,602 triples · 9,261,562,656 bytes read
  Partitioned compression: HGSVC2: rdf-scan heartbeat — 64,681,391 triples · 9,328,671,658 bytes read
  Partitioned compression: HGSVC2: rdf-scan heartbeat — 65,148,075 triples · 9,395,780,660 bytes read
  Partitioned compression: HGSVC2: rdf-scan heartbeat — 65,614,879 triples · 9,462,889,658 bytes read
  Partitioned compression: HGSVC2: rdf-scan heartbeat — 66,081,783 triples · 9,529,998,659 bytes read
  Partitioned compression: HGSVC2: rdf-scan heartbeat — 66,548,533 triples · 9,597,107,530 bytes read
  Partitioned compression: HGSVC2: rdf-scan chunk — 67,011,470 triples · 18 chunks · 9,663,677,719 bytes read
  Partitioned compression: HGSVC2: hdt-chunks started — 17 chunks · hdt-build-00017
  Partitioned compression: HGSVC2: hdt-chunks complete — 18 chunks · hdt-build-00017
  Partitioned compression: HGSVC2: rdf-scan heartbeat — 67,015,217 triples · 9,664,216,517 bytes read
  Partitioned compression: HGSVC2: rdf-scan heartbeat — 67,481,899 triples · 9,731,325,438 bytes read
  Partitioned compression: HGSVC2: rdf-scan heartbeat — 67,948,583 triples · 9,798,434,420 bytes read
  Partitioned compression: HGSVC2: rdf-scan heartbeat — 68,415,277 triples · 9,865,543,307 bytes read
  Partitioned compression: HGSVC2: rdf-scan heartbeat — 68,881,959 triples · 9,932,652,241 bytes read
  Partitioned compression: HGSVC2: rdf-scan heartbeat — 69,348,715 triples · 9,999,761,141 bytes read
  Partitioned compression: HGSVC2: rdf-scan heartbeat — 69,815,415 triples · 10,066,870,059 bytes read
  Partitioned compression: HGSVC2: rdf-scan heartbeat — 70,282,162 triples · 10,133,979,026 bytes read
  Partitioned compression: HGSVC2: rdf-scan chunk — 70,745,101 triples · 19 chunks · 10,200,548,691 bytes read
  Partitioned compression: HGSVC2: hdt-chunks started — 18 chunks · hdt-build-00018
  Partitioned compression: HGSVC2: hdt-chunks complete — 19 chunks · hdt-build-00018
  Partitioned compression: HGSVC2: rdf-scan heartbeat — 70,748,851 triples · 10,201,087,941 bytes read
  Partitioned compression: HGSVC2: rdf-scan heartbeat — 71,215,608 triples · 10,268,196,863 bytes read
  Partitioned compression: HGSVC2: rdf-scan heartbeat — 71,682,718 triples · 10,335,305,727 bytes read
  Partitioned compression: HGSVC2: rdf-scan heartbeat — 72,149,780 triples · 10,402,414,714 bytes read
  Partitioned compression: HGSVC2: rdf-scan heartbeat — 72,616,572 triples · 10,469,523,689 bytes read
  Partitioned compression: HGSVC2: rdf-scan heartbeat — 73,083,275 triples · 10,536,632,626 bytes read
  Partitioned compression: HGSVC2: rdf-scan heartbeat — 73,550,142 triples · 10,603,741,612 bytes read
  Partitioned compression: HGSVC2: rdf-scan heartbeat — 74,016,928 triples · 10,670,850,613 bytes read
  Partitioned compression: HGSVC2: rdf-scan chunk — 74,479,857 triples · 20 chunks · 10,737,419,649 bytes read
  Partitioned compression: HGSVC2: hdt-chunks started — 19 chunks · hdt-build-00019
  Partitioned compression: HGSVC2: hdt-chunks complete — 20 chunks · hdt-build-00019
  Partitioned compression: HGSVC2: rdf-scan heartbeat — 74,483,611 triples · 10,737,959,479 bytes read
  Partitioned compression: HGSVC2: rdf-scan heartbeat — 74,950,349 triples · 10,805,068,492 bytes read
  Partitioned compression: HGSVC2: rdf-scan heartbeat — 75,417,033 triples · 10,872,177,453 bytes read
  Partitioned compression: HGSVC2: rdf-scan heartbeat — 75,883,984 triples · 10,939,286,357 bytes read
  Partitioned compression: HGSVC2: rdf-scan heartbeat — 76,350,670 triples · 11,006,395,221 bytes read
  Partitioned compression: HGSVC2: rdf-scan heartbeat — 76,817,353 triples · 11,073,504,199 bytes read
  Partitioned compression: HGSVC2: rdf-scan heartbeat — 77,284,065 triples · 11,140,613,070 bytes read
  Partitioned compression: HGSVC2: rdf-scan heartbeat — 77,750,747 triples · 11,207,722,000 bytes read
  Partitioned compression: HGSVC2: rdf-scan chunk — 78,213,674 triples · 21 chunks · 11,274,290,643 bytes read
  Partitioned compression: HGSVC2: hdt-chunks started — 20 chunks · hdt-build-00020
  Partitioned compression: HGSVC2: hdt-chunks complete — 21 chunks · hdt-build-00020
  Partitioned compression: HGSVC2: rdf-scan heartbeat — 78,217,432 triples · 11,274,830,962 bytes read
  Partitioned compression: HGSVC2: rdf-scan heartbeat — 78,684,117 triples · 11,341,939,949 bytes read
  Partitioned compression: HGSVC2: rdf-scan heartbeat — 79,150,867 triples · 11,409,048,840 bytes read
  Partitioned compression: HGSVC2: rdf-scan heartbeat — 79,617,717 triples · 11,476,157,708 bytes read
  Partitioned compression: HGSVC2: rdf-scan heartbeat — 80,085,208 triples · 11,543,266,716 bytes read
  Partitioned compression: HGSVC2: rdf-scan heartbeat — 80,551,932 triples · 11,610,375,713 bytes read
  Partitioned compression: HGSVC2: rdf-scan heartbeat — 81,016,460 triples · 11,677,484,730 bytes read
  Partitioned compression: HGSVC2: rdf-scan heartbeat — 81,479,028 triples · 11,744,593,706 bytes read
  Partitioned compression: HGSVC2: rdf-scan chunk — 81,937,876 triples · 22 chunks · 11,811,161,597 bytes read
  Partitioned compression: HGSVC2: hdt-chunks started — 21 chunks · hdt-build-00021
  Partitioned compression: HGSVC2: hdt-chunks complete — 22 chunks · hdt-build-00021
  Partitioned compression: HGSVC2: rdf-scan heartbeat — 81,941,606 triples · 11,811,702,637 bytes read
  Partitioned compression: HGSVC2: rdf-scan heartbeat — 82,405,332 triples · 11,878,811,611 bytes read
  Partitioned compression: HGSVC2: rdf-scan heartbeat — 82,869,578 triples · 11,945,920,480 bytes read
  Partitioned compression: HGSVC2: rdf-scan heartbeat — 83,332,778 triples · 12,013,029,454 bytes read
  Partitioned compression: HGSVC2: rdf-scan heartbeat — 83,795,368 triples · 12,080,138,349 bytes read
  Partitioned compression: HGSVC2: rdf-scan heartbeat — 84,258,023 triples · 12,147,247,251 bytes read
  Partitioned compression: HGSVC2: rdf-scan heartbeat — 84,720,765 triples · 12,214,356,245 bytes read
  Partitioned compression: HGSVC2: rdf-scan heartbeat — 85,183,348 triples · 12,281,465,126 bytes read
  Partitioned compression: HGSVC2: rdf-scan chunk — 85,642,388 triples · 23 chunks · 12,348,032,635 bytes read
  Partitioned compression: HGSVC2: hdt-chunks started — 22 chunks · hdt-build-00022
  Partitioned compression: HGSVC2: hdt-chunks complete — 23 chunks · hdt-build-00022
  Partitioned compression: HGSVC2: rdf-scan heartbeat — 85,646,144 triples · 12,348,574,112 bytes read
  Partitioned compression: HGSVC2: rdf-scan heartbeat — 86,110,425 triples · 12,415,682,976 bytes read
  Partitioned compression: HGSVC2: rdf-scan heartbeat — 86,574,938 triples · 12,482,791,971 bytes read
  Partitioned compression: HGSVC2: rdf-scan heartbeat — 87,033,909 triples · 12,549,900,908 bytes read
  Partitioned compression: HGSVC2: rdf-scan heartbeat — 87,478,375 triples · 12,617,009,954 bytes read
  Partitioned compression: HGSVC2: rdf-scan heartbeat — 87,925,097 triples · 12,684,118,836 bytes read
  Partitioned compression: HGSVC2: rdf-scan heartbeat — 88,367,395 triples · 12,751,227,809 bytes read
  Partitioned compression: HGSVC2: rdf-scan heartbeat — 88,818,797 triples · 12,818,336,698 bytes read
  Partitioned compression: HGSVC2: rdf-scan chunk — 89,148,721 triples · 24 chunks · 12,884,903,568 bytes read
  Partitioned compression: HGSVC2: hdt-chunks started — 23 chunks · hdt-build-00023
  Partitioned compression: HGSVC2: hdt-chunks complete — 24 chunks · hdt-build-00023
  Partitioned compression: HGSVC2: rdf-scan heartbeat — 89,152,245 triples · 12,885,445,633 bytes read
  Partitioned compression: HGSVC2: rdf-scan heartbeat — 89,580,282 triples · 12,952,554,570 bytes read
  Partitioned compression: HGSVC2: rdf-scan heartbeat — 90,025,984 triples · 13,019,663,459 bytes read
  Partitioned compression: HGSVC2: rdf-scan heartbeat — 90,469,841 triples · 13,086,772,378 bytes read
  Partitioned compression: HGSVC2: rdf-scan heartbeat — 90,922,915 triples · 13,153,886,896 bytes read
  Partitioned compression: HGSVC2: rdf-scan heartbeat — 91,370,565 triples · 13,220,995,870 bytes read
  Partitioned compression: HGSVC2: rdf-scan heartbeat — 91,829,073 triples · 13,288,104,758 bytes read
  Partitioned compression: HGSVC2: rdf-scan heartbeat — 92,280,838 triples · 13,355,213,727 bytes read
  Partitioned compression: HGSVC2: rdf-scan chunk — 92,714,561 triples · 25 chunks · 13,421,774,585 bytes read
  Partitioned compression: HGSVC2: hdt-chunks started — 24 chunks · hdt-build-00024
  Partitioned compression: HGSVC2: hdt-chunks complete — 25 chunks · hdt-build-00024
  Partitioned compression: HGSVC2: rdf-scan heartbeat — 92,718,410 triples · 13,422,322,686 bytes read
  Partitioned compression: HGSVC2: rdf-scan heartbeat — 93,167,545 triples · 13,489,431,554 bytes read
  Partitioned compression: HGSVC2: rdf-scan heartbeat — 93,615,449 triples · 13,556,540,509 bytes read
  Partitioned compression: HGSVC2: rdf-scan heartbeat — 94,070,429 triples · 13,623,649,406 bytes read
  Partitioned compression: HGSVC2: rdf-scan heartbeat — 94,520,018 triples · 13,690,758,377 bytes read
  Partitioned compression: HGSVC2: rdf-scan heartbeat — 94,968,728 triples · 13,757,867,241 bytes read
  Partitioned compression: HGSVC2: rdf-scan heartbeat — 95,419,847 triples · 13,824,976,193 bytes read
  Partitioned compression: HGSVC2: rdf-scan heartbeat — 95,865,337 triples · 13,892,085,168 bytes read
  Partitioned compression: HGSVC2: rdf-scan chunk — 96,298,103 triples · 26 chunks · 13,958,645,550 bytes read
  Partitioned compression: HGSVC2: hdt-chunks started — 25 chunks · hdt-build-00025
  Partitioned compression: HGSVC2: hdt-chunks complete — 26 chunks · hdt-build-00025
  Partitioned compression: HGSVC2: rdf-scan heartbeat — 96,301,895 triples · 13,959,194,071 bytes read
  Partitioned compression: HGSVC2: rdf-scan heartbeat — 96,737,926 triples · 14,026,302,995 bytes read
  Partitioned compression: HGSVC2: rdf-scan chunk — 96,754,372 triples · 27 chunks · 14,028,789,565 bytes read
  Partitioned compression: HGSVC2: hdt-chunks started — 26 chunks · hdt-build-00026
  Partitioned compression: HGSVC2: hdt-chunks complete — 27 chunks · hdt-build-00026
  Partitioned compression: HGSVC2: rdf-scan complete — 96,754,372 triples · 27 chunks
  Partitioned compression: HGSVC2: hdt-chunks complete — 27 chunks
  Partitioned compression: HGSVC2: hdt-merge started — hdt-merge-r01-00000
  Partitioned compression: HGSVC2: hdt-merge complete — hdt-merge-r01-00000
  Partitioned compression: HGSVC2: hdt-merge started — hdt-merge-r01-00001
  Partitioned compression: HGSVC2: hdt-merge complete — hdt-merge-r01-00001
  Partitioned compression: HGSVC2: hdt-merge started — hdt-merge-r01-00002
  Partitioned compression: HGSVC2: hdt-merge complete — hdt-merge-r01-00002
  Partitioned compression: HGSVC2: hdt-merge started — hdt-merge-r01-00003
  Partitioned compression: HGSVC2: hdt-merge complete — hdt-merge-r01-00003
  Partitioned compression: HGSVC2: hdt-merge started — hdt-merge-r01-00004
  Partitioned compression: HGSVC2: hdt-merge complete — hdt-merge-r01-00004
  Partitioned compression: HGSVC2: hdt-merge started — hdt-merge-r01-00005
  Partitioned compression: HGSVC2: hdt-merge complete — hdt-merge-r01-00005
  Partitioned compression: HGSVC2: hdt-merge started — hdt-merge-r01-00006
  Partitioned compression: HGSVC2: hdt-merge complete — hdt-merge-r01-00006
  Partitioned compression: HGSVC2: hdt-merge started — hdt-merge-r01-00007
  Partitioned compression: HGSVC2: hdt-merge complete — hdt-merge-r01-00007
  Partitioned compression: HGSVC2: hdt-merge started — hdt-merge-r01-00008
  Partitioned compression: HGSVC2: hdt-merge complete — hdt-merge-r01-00008
  Partitioned compression: HGSVC2: hdt-merge started — hdt-merge-r01-00009
  Partitioned compression: HGSVC2: hdt-merge complete — hdt-merge-r01-00009
  Partitioned compression: HGSVC2: hdt-merge started — hdt-merge-r01-00010
  Partitioned compression: HGSVC2: hdt-merge complete — hdt-merge-r01-00010
  Partitioned compression: HGSVC2: hdt-merge started — hdt-merge-r01-00011
  Partitioned compression: HGSVC2: hdt-merge complete — hdt-merge-r01-00011
  Partitioned compression: HGSVC2: hdt-merge started — hdt-merge-r01-00012
  Partitioned compression: HGSVC2: hdt-merge complete — hdt-merge-r01-00012
  Partitioned compression: HGSVC2: hdt-merge started — hdt-merge-r02-00000
  Partitioned compression: HGSVC2: hdt-merge complete — hdt-merge-r02-00000
  Partitioned compression: HGSVC2: hdt-merge started — hdt-merge-r02-00001
  Partitioned compression: HGSVC2: hdt-merge complete — hdt-merge-r02-00001
  Partitioned compression: HGSVC2: hdt-merge started — hdt-merge-r02-00002
  Partitioned compression: HGSVC2: hdt-merge complete — hdt-merge-r02-00002
  Partitioned compression: HGSVC2: hdt-merge started — hdt-merge-r02-00003
  Partitioned compression: HGSVC2: hdt-merge complete — hdt-merge-r02-00003
  Partitioned compression: HGSVC2: hdt-merge started — hdt-merge-r02-00004
  Partitioned compression: HGSVC2: hdt-merge complete — hdt-merge-r02-00004
  Partitioned compression: HGSVC2: hdt-merge started — hdt-merge-r02-00005
  Partitioned compression: HGSVC2: hdt-merge complete — hdt-merge-r02-00005
  Partitioned compression: HGSVC2: hdt-merge started — hdt-merge-r02-00006
  Partitioned compression: HGSVC2: hdt-merge complete — hdt-merge-r02-00006
  Partitioned compression: HGSVC2: hdt-merge started — hdt-merge-r03-00000
  Partitioned compression: HGSVC2: hdt-merge complete — hdt-merge-r03-00000
  Partitioned compression: HGSVC2: hdt-merge started — hdt-merge-r03-00001
  Partitioned compression: HGSVC2: hdt-merge complete — hdt-merge-r03-00001
  Partitioned compression: HGSVC2: hdt-merge started — hdt-merge-r03-00002
  Partitioned compression: HGSVC2: hdt-merge complete — hdt-merge-r03-00002
  Partitioned compression: HGSVC2: hdt-merge started — hdt-merge-r04-00000
  Partitioned compression: HGSVC2: hdt-merge complete — hdt-merge-r04-00000
  Partitioned compression: HGSVC2: hdt-merge started — hdt-merge-r04-00001
  Partitioned compression: HGSVC2: hdt-merge complete — hdt-merge-r04-00001
  Partitioned compression: HGSVC2: hdt-merge started — hdt-merge-r05-00000
  Partitioned compression: HGSVC2: hdt-merge complete — hdt-merge-r05-00000
  Partitioned compression: HGSVC2: hdt started — hdt-index
  Partitioned compression: HGSVC2: hdt complete — hdt-index
  Partitioned compression: HGSVC2: hdt started — hdt-validate
  Partitioned compression: HGSVC2: hdt complete — hdt-validate
Partitioned compression: HGSVC2: finished
