TSV conversion: NB72462M.acmg: started
TSV conversion: NB72462M.acmg: finished
RMLStreamer: NB72462M.acmg: started
  RMLStreamer: NB72462M.acmg: rmlstreamer started — 0 B · 0 parts
  RMLStreamer: NB72462M.acmg: rmlstreamer heartbeat — 0 B · 0 parts
  RMLStreamer: NB72462M.acmg: rmlstreamer heartbeat — 6.13 MB · 8 parts
  RMLStreamer: NB72462M.acmg: rmlstreamer heartbeat — 24.09 MB · 8 parts
  RMLStreamer: NB72462M.acmg: rmlstreamer heartbeat — 61.87 MB · 8 parts
  RMLStreamer: NB72462M.acmg: rmlstreamer heartbeat — 102.64 MB · 8 parts
  RMLStreamer: NB72462M.acmg: rmlstreamer heartbeat — 144.16 MB · 8 parts
  RMLStreamer: NB72462M.acmg: rmlstreamer heartbeat — 184.90 MB · 8 parts
  RMLStreamer: NB72462M.acmg: rmlstreamer heartbeat — 227.55 MB · 8 parts
  RMLStreamer: NB72462M.acmg: rmlstreamer heartbeat — 269.54 MB · 8 parts
  RMLStreamer: NB72462M.acmg: rmlstreamer heartbeat — 311.46 MB · 8 parts
  RMLStreamer: NB72462M.acmg: rmlstreamer heartbeat — 353.19 MB · 8 parts
  RMLStreamer: NB72462M.acmg: rmlstreamer heartbeat — 397.03 MB · 8 parts
  RMLStreamer: NB72462M.acmg: rmlstreamer heartbeat — 437.43 MB · 8 parts
  RMLStreamer: NB72462M.acmg: rmlstreamer heartbeat — 480.92 MB · 8 parts
  RMLStreamer: NB72462M.acmg: rmlstreamer heartbeat — 525.50 MB · 8 parts
  RMLStreamer: NB72462M.acmg: rmlstreamer heartbeat — 568.15 MB · 8 parts
  RMLStreamer: NB72462M.acmg: rmlstreamer heartbeat — 610.16 MB · 8 parts
  RMLStreamer: NB72462M.acmg: rmlstreamer heartbeat — 652.27 MB · 8 parts
  RMLStreamer: NB72462M.acmg: rmlstreamer heartbeat — 694.21 MB · 8 parts
  RMLStreamer: NB72462M.acmg: rmlstreamer heartbeat — 736.48 MB · 8 parts
  RMLStreamer: NB72462M.acmg: rmlstreamer heartbeat — 781.33 MB · 8 parts
  RMLStreamer: NB72462M.acmg: rmlstreamer heartbeat — 820.63 MB · 8 parts
  RMLStreamer: NB72462M.acmg: rmlstreamer heartbeat — 860.83 MB · 8 parts
  RMLStreamer: NB72462M.acmg: rmlstreamer heartbeat — 899.97 MB · 8 parts
  RMLStreamer: NB72462M.acmg: rmlstreamer heartbeat — 944.45 MB · 8 parts
  RMLStreamer: NB72462M.acmg: rmlstreamer heartbeat — 986.31 MB · 8 parts
  RMLStreamer: NB72462M.acmg: rmlstreamer heartbeat — 1.00 GB · 8 parts
  RMLStreamer: NB72462M.acmg: rmlstreamer heartbeat — 1.04 GB · 8 parts
  RMLStreamer: NB72462M.acmg: rmlstreamer heartbeat — 1.08 GB · 8 parts
  RMLStreamer: NB72462M.acmg: rmlstreamer heartbeat — 1.13 GB · 8 parts
  RMLStreamer: NB72462M.acmg: rmlstreamer heartbeat — 1.16 GB · 8 parts
  RMLStreamer: NB72462M.acmg: rmlstreamer heartbeat — 1.21 GB · 8 parts
  RMLStreamer: NB72462M.acmg: rmlstreamer heartbeat — 1.25 GB · 8 parts
  RMLStreamer: NB72462M.acmg: rmlstreamer heartbeat — 1.29 GB · 8 parts
  RMLStreamer: NB72462M.acmg: rmlstreamer heartbeat — 1.34 GB · 8 parts
  RMLStreamer: NB72462M.acmg: rmlstreamer heartbeat — 1.38 GB · 8 parts
  RMLStreamer: NB72462M.acmg: rmlstreamer heartbeat — 1.42 GB · 8 parts
  RMLStreamer: NB72462M.acmg: rmlstreamer heartbeat — 1.46 GB · 8 parts
  RMLStreamer: NB72462M.acmg: rmlstreamer heartbeat — 1.50 GB · 8 parts
  RMLStreamer: NB72462M.acmg: rmlstreamer heartbeat — 1.54 GB · 8 parts
  RMLStreamer: NB72462M.acmg: rmlstreamer heartbeat — 1.57 GB · 8 parts
  RMLStreamer: NB72462M.acmg: rmlstreamer heartbeat — 1.61 GB · 8 parts
  RMLStreamer: NB72462M.acmg: rmlstreamer heartbeat — 1.65 GB · 8 parts
  RMLStreamer: NB72462M.acmg: rmlstreamer heartbeat — 1.69 GB · 8 parts
  RMLStreamer: NB72462M.acmg: rmlstreamer heartbeat — 1.74 GB · 8 parts
  RMLStreamer: NB72462M.acmg: rmlstreamer heartbeat — 1.78 GB · 8 parts
  RMLStreamer: NB72462M.acmg: rmlstreamer heartbeat — 1.82 GB · 8 parts
  RMLStreamer: NB72462M.acmg: rmlstreamer heartbeat — 1.86 GB · 8 parts
  RMLStreamer: NB72462M.acmg: rmlstreamer heartbeat — 1.90 GB · 8 parts
  RMLStreamer: NB72462M.acmg: rmlstreamer heartbeat — 1.94 GB · 8 parts
  RMLStreamer: NB72462M.acmg: rmlstreamer heartbeat — 1.98 GB · 8 parts
  RMLStreamer: NB72462M.acmg: rmlstreamer heartbeat — 2.02 GB · 8 parts
  RMLStreamer: NB72462M.acmg: rmlstreamer heartbeat — 2.05 GB · 8 parts
  RMLStreamer: NB72462M.acmg: rmlstreamer heartbeat — 2.09 GB · 8 parts
  RMLStreamer: NB72462M.acmg: rmlstreamer heartbeat — 2.13 GB · 8 parts
  RMLStreamer: NB72462M.acmg: rmlstreamer heartbeat — 2.18 GB · 8 parts
  RMLStreamer: NB72462M.acmg: rmlstreamer heartbeat — 2.22 GB · 8 parts
  RMLStreamer: NB72462M.acmg: rmlstreamer heartbeat — 2.26 GB · 8 parts
  RMLStreamer: NB72462M.acmg: rmlstreamer heartbeat — 2.30 GB · 8 parts
  RMLStreamer: NB72462M.acmg: rmlstreamer heartbeat — 2.33 GB · 8 parts
  RMLStreamer: NB72462M.acmg: rmlstreamer heartbeat — 2.38 GB · 8 parts
  RMLStreamer: NB72462M.acmg: rmlstreamer heartbeat — 2.42 GB · 8 parts
  RMLStreamer: NB72462M.acmg: rmlstreamer heartbeat — 2.46 GB · 8 parts
  RMLStreamer: NB72462M.acmg: rmlstreamer heartbeat — 2.50 GB · 8 parts
  RMLStreamer: NB72462M.acmg: rmlstreamer heartbeat — 2.55 GB · 8 parts
  RMLStreamer: NB72462M.acmg: rmlstreamer heartbeat — 2.59 GB · 8 parts
  RMLStreamer: NB72462M.acmg: rmlstreamer heartbeat — 2.63 GB · 8 parts
  RMLStreamer: NB72462M.acmg: rmlstreamer heartbeat — 2.68 GB · 8 parts
  RMLStreamer: NB72462M.acmg: rmlstreamer heartbeat — 2.72 GB · 8 parts
  RMLStreamer: NB72462M.acmg: rmlstreamer heartbeat — 2.76 GB · 8 parts
  RMLStreamer: NB72462M.acmg: rmlstreamer heartbeat — 2.80 GB · 8 parts
  RMLStreamer: NB72462M.acmg: rmlstreamer heartbeat — 2.84 GB · 8 parts
  RMLStreamer: NB72462M.acmg: rmlstreamer heartbeat — 2.88 GB · 8 parts
  RMLStreamer: NB72462M.acmg: rmlstreamer heartbeat — 2.92 GB · 8 parts
  RMLStreamer: NB72462M.acmg: rmlstreamer heartbeat — 2.97 GB · 8 parts
  RMLStreamer: NB72462M.acmg: rmlstreamer heartbeat — 3.01 GB · 8 parts
  RMLStreamer: NB72462M.acmg: rmlstreamer heartbeat — 3.05 GB · 8 parts
  RMLStreamer: NB72462M.acmg: rmlstreamer heartbeat — 3.09 GB · 8 parts
  RMLStreamer: NB72462M.acmg: rmlstreamer heartbeat — 3.13 GB · 8 parts
  RMLStreamer: NB72462M.acmg: rmlstreamer heartbeat — 3.17 GB · 8 parts
  RMLStreamer: NB72462M.acmg: rmlstreamer heartbeat — 3.21 GB · 8 parts
  RMLStreamer: NB72462M.acmg: rmlstreamer heartbeat — 3.26 GB · 8 parts
  RMLStreamer: NB72462M.acmg: rmlstreamer heartbeat — 3.30 GB · 8 parts
  RMLStreamer: NB72462M.acmg: rmlstreamer heartbeat — 3.34 GB · 8 parts
  RMLStreamer: NB72462M.acmg: rmlstreamer heartbeat — 3.38 GB · 8 parts
  RMLStreamer: NB72462M.acmg: rmlstreamer heartbeat — 3.43 GB · 8 parts
  RMLStreamer: NB72462M.acmg: rmlstreamer heartbeat — 3.47 GB · 8 parts
  RMLStreamer: NB72462M.acmg: rmlstreamer heartbeat — 3.51 GB · 8 parts
  RMLStreamer: NB72462M.acmg: rmlstreamer heartbeat — 3.55 GB · 8 parts
  RMLStreamer: NB72462M.acmg: rmlstreamer heartbeat — 3.59 GB · 8 parts
  RMLStreamer: NB72462M.acmg: rmlstreamer heartbeat — 3.64 GB · 8 parts
  RMLStreamer: NB72462M.acmg: rmlstreamer heartbeat — 3.68 GB · 8 parts
  RMLStreamer: NB72462M.acmg: rmlstreamer heartbeat — 3.73 GB · 8 parts
  RMLStreamer: NB72462M.acmg: rmlstreamer heartbeat — 3.77 GB · 8 parts
  RMLStreamer: NB72462M.acmg: rmlstreamer heartbeat — 3.81 GB · 8 parts
  RMLStreamer: NB72462M.acmg: rmlstreamer heartbeat — 3.86 GB · 8 parts
  RMLStreamer: NB72462M.acmg: rmlstreamer heartbeat — 3.90 GB · 8 parts
  RMLStreamer: NB72462M.acmg: rmlstreamer heartbeat — 3.94 GB · 8 parts
  RMLStreamer: NB72462M.acmg: rmlstreamer heartbeat — 3.98 GB · 8 parts
  RMLStreamer: NB72462M.acmg: rmlstreamer heartbeat — 4.03 GB · 8 parts
  RMLStreamer: NB72462M.acmg: rmlstreamer heartbeat — 4.06 GB · 8 parts
  RMLStreamer: NB72462M.acmg: rmlstreamer heartbeat — 4.11 GB · 8 parts
  RMLStreamer: NB72462M.acmg: rmlstreamer heartbeat — 4.15 GB · 8 parts
  RMLStreamer: NB72462M.acmg: rmlstreamer heartbeat — 4.19 GB · 8 parts
  RMLStreamer: NB72462M.acmg: rmlstreamer heartbeat — 4.23 GB · 8 parts
  RMLStreamer: NB72462M.acmg: rmlstreamer heartbeat — 4.27 GB · 8 parts
  RMLStreamer: NB72462M.acmg: rmlstreamer heartbeat — 4.31 GB · 8 parts
  RMLStreamer: NB72462M.acmg: rmlstreamer heartbeat — 4.36 GB · 8 parts
  RMLStreamer: NB72462M.acmg: rmlstreamer heartbeat — 4.39 GB · 8 parts
  RMLStreamer: NB72462M.acmg: rmlstreamer heartbeat — 4.43 GB · 8 parts
  RMLStreamer: NB72462M.acmg: rmlstreamer heartbeat — 4.48 GB · 8 parts
  RMLStreamer: NB72462M.acmg: rmlstreamer heartbeat — 4.52 GB · 8 parts
  RMLStreamer: NB72462M.acmg: rmlstreamer heartbeat — 4.57 GB · 8 parts
  RMLStreamer: NB72462M.acmg: rmlstreamer heartbeat — 4.61 GB · 8 parts
  RMLStreamer: NB72462M.acmg: rmlstreamer heartbeat — 4.65 GB · 8 parts
  RMLStreamer: NB72462M.acmg: rmlstreamer heartbeat — 4.69 GB · 8 parts
  RMLStreamer: NB72462M.acmg: rmlstreamer heartbeat — 4.73 GB · 8 parts
  RMLStreamer: NB72462M.acmg: rmlstreamer heartbeat — 4.77 GB · 8 parts
  RMLStreamer: NB72462M.acmg: rmlstreamer heartbeat — 4.82 GB · 8 parts
  RMLStreamer: NB72462M.acmg: rmlstreamer heartbeat — 4.85 GB · 8 parts
  RMLStreamer: NB72462M.acmg: rmlstreamer heartbeat — 4.90 GB · 8 parts
  RMLStreamer: NB72462M.acmg: rmlstreamer heartbeat — 4.94 GB · 8 parts
  RMLStreamer: NB72462M.acmg: rmlstreamer heartbeat — 4.98 GB · 8 parts
  RMLStreamer: NB72462M.acmg: rmlstreamer heartbeat — 5.02 GB · 8 parts
  RMLStreamer: NB72462M.acmg: rmlstreamer heartbeat — 5.05 GB · 8 parts
  RMLStreamer: NB72462M.acmg: rmlstreamer heartbeat — 5.06 GB · 8 parts
  RMLStreamer: NB72462M.acmg: rmlstreamer heartbeat — 5.08 GB · 8 parts
  RMLStreamer: NB72462M.acmg: rmlstreamer heartbeat — 5.08 GB · 8 parts
  RMLStreamer: NB72462M.acmg: rmlstreamer complete — 5.08 GB · 8 parts
  RMLStreamer: NB72462M.acmg: rdf-aggregate started — 0 parts
  RMLStreamer: NB72462M.acmg: rdf-aggregate part — 1 parts
  RMLStreamer: NB72462M.acmg: rdf-aggregate part — 2 parts
  RMLStreamer: NB72462M.acmg: rdf-aggregate part — 3 parts
  RMLStreamer: NB72462M.acmg: rdf-aggregate part — 4 parts
  RMLStreamer: NB72462M.acmg: rdf-aggregate part — 5 parts
  RMLStreamer: NB72462M.acmg: rdf-aggregate part — 6 parts
  RMLStreamer: NB72462M.acmg: rdf-aggregate part — 7 parts
  RMLStreamer: NB72462M.acmg: rdf-aggregate part — 8 parts
  RMLStreamer: NB72462M.acmg: rdf-aggregate complete — 8 parts
RMLStreamer: NB72462M.acmg: finished
