TSV conversion: 1000G_10000r_s4: started
TSV conversion: 1000G_10000r_s4: finished
RMLStreamer: 1000G_10000r_s4: started
  RMLStreamer: 1000G_10000r_s4: rmlstreamer started — 0 B · 0 parts
  RMLStreamer: 1000G_10000r_s4: rmlstreamer heartbeat — 0 B · 0 parts
  RMLStreamer: 1000G_10000r_s4: rmlstreamer heartbeat — 1.16 KB · 8 parts
  RMLStreamer: 1000G_10000r_s4: rmlstreamer heartbeat — 9.53 MB · 8 parts
  RMLStreamer: 1000G_10000r_s4: rmlstreamer heartbeat — 10.49 MB · 8 parts
  RMLStreamer: 1000G_10000r_s4: rmlstreamer complete — 10.49 MB · 8 parts
  RMLStreamer: 1000G_10000r_s4: rdf-aggregate started — 0 parts
  RMLStreamer: 1000G_10000r_s4: rdf-aggregate part — 1 parts
  RMLStreamer: 1000G_10000r_s4: rdf-aggregate part — 2 parts
  RMLStreamer: 1000G_10000r_s4: rdf-aggregate part — 3 parts
  RMLStreamer: 1000G_10000r_s4: rdf-aggregate part — 4 parts
  RMLStreamer: 1000G_10000r_s4: rdf-aggregate part — 5 parts
  RMLStreamer: 1000G_10000r_s4: rdf-aggregate part — 6 parts
  RMLStreamer: 1000G_10000r_s4: rdf-aggregate part — 7 parts
  RMLStreamer: 1000G_10000r_s4: rdf-aggregate part — 8 parts
  RMLStreamer: 1000G_10000r_s4: rdf-aggregate complete — 8 parts
RMLStreamer: 1000G_10000r_s4: finished
Partitioned compression: 1000G_10000r_s4: started
  Partitioned compression: 1000G_10000r_s4: rdf-scan started — 0 triples
  Partitioned compression: 1000G_10000r_s4: rdf-scan heartbeat — 480,040 triples · 67,108,933 bytes read
  Partitioned compression: 1000G_10000r_s4: rdf-scan heartbeat — 946,713 triples · 134,217,883 bytes read
  Partitioned compression: 1000G_10000r_s4: rdf-scan heartbeat — 1,413,317 triples · 201,326,833 bytes read
  Partitioned compression: 1000G_10000r_s4: rdf-scan chunk — 1,439,518 triples · 1 chunks · 205,095,717 bytes read
  Partitioned compression: 1000G_10000r_s4: hdt-chunks started — 0 chunks · hdt-build-00000
  Partitioned compression: 1000G_10000r_s4: hdt-chunks complete — 1 chunks · hdt-build-00000
  Partitioned compression: 1000G_10000r_s4: rdf-scan complete — 1,439,518 triples · 1 chunks
  Partitioned compression: 1000G_10000r_s4: hdt-chunks complete — 1 chunks
  Partitioned compression: 1000G_10000r_s4: hdt started — hdt-index
  Partitioned compression: 1000G_10000r_s4: hdt complete — hdt-index
  Partitioned compression: 1000G_10000r_s4: hdt started — hdt-validate
  Partitioned compression: 1000G_10000r_s4: hdt complete — hdt-validate
Partitioned compression: 1000G_10000r_s4: finished
