TSV conversion: NB72462M_first250000: started
TSV conversion: NB72462M_first250000: finished
RMLStreamer: NB72462M_first250000: started
  RMLStreamer: NB72462M_first250000: rmlstreamer started — 0 B · 0 parts
  RMLStreamer: NB72462M_first250000: rmlstreamer heartbeat — 0 B · 0 parts
  RMLStreamer: NB72462M_first250000: rmlstreamer heartbeat — 793.88 KB · 8 parts
  RMLStreamer: NB72462M_first250000: rmlstreamer heartbeat — 10.93 MB · 8 parts
  RMLStreamer: NB72462M_first250000: rmlstreamer heartbeat — 27.39 MB · 8 parts
  RMLStreamer: NB72462M_first250000: rmlstreamer heartbeat — 63.83 MB · 8 parts
  RMLStreamer: NB72462M_first250000: rmlstreamer heartbeat — 100.09 MB · 8 parts
  RMLStreamer: NB72462M_first250000: rmlstreamer heartbeat — 134.58 MB · 8 parts
  RMLStreamer: NB72462M_first250000: rmlstreamer heartbeat — 171.76 MB · 8 parts
  RMLStreamer: NB72462M_first250000: rmlstreamer heartbeat — 209.25 MB · 8 parts
  RMLStreamer: NB72462M_first250000: rmlstreamer heartbeat — 245.08 MB · 8 parts
  RMLStreamer: NB72462M_first250000: rmlstreamer heartbeat — 274.83 MB · 8 parts
  RMLStreamer: NB72462M_first250000: rmlstreamer heartbeat — 280.15 MB · 8 parts
  RMLStreamer: NB72462M_first250000: rmlstreamer complete — 280.15 MB · 8 parts
  RMLStreamer: NB72462M_first250000: rdf-aggregate started — 0 parts
  RMLStreamer: NB72462M_first250000: rdf-aggregate part — 1 parts
  RMLStreamer: NB72462M_first250000: rdf-aggregate part — 2 parts
  RMLStreamer: NB72462M_first250000: rdf-aggregate part — 3 parts
  RMLStreamer: NB72462M_first250000: rdf-aggregate part — 4 parts
  RMLStreamer: NB72462M_first250000: rdf-aggregate part — 5 parts
  RMLStreamer: NB72462M_first250000: rdf-aggregate part — 6 parts
  RMLStreamer: NB72462M_first250000: rdf-aggregate part — 7 parts
  RMLStreamer: NB72462M_first250000: rdf-aggregate part — 8 parts
  RMLStreamer: NB72462M_first250000: rdf-aggregate complete — 8 parts
RMLStreamer: NB72462M_first250000: finished
Partitioned compression: NB72462M_first250000: started
  Partitioned compression: NB72462M_first250000: rdf-scan started — 0 triples
  Partitioned compression: NB72462M_first250000: rdf-scan heartbeat — 515,630 triples · 67,108,870 bytes read
  Partitioned compression: NB72462M_first250000: rdf-scan heartbeat — 1,030,700 triples · 134,217,788 bytes read
  Partitioned compression: NB72462M_first250000: rdf-scan heartbeat — 1,546,473 triples · 201,326,654 bytes read
  Partitioned compression: NB72462M_first250000: rdf-scan heartbeat — 2,058,293 triples · 268,435,559 bytes read
  Partitioned compression: NB72462M_first250000: rdf-scan heartbeat — 2,509,323 triples · 335,544,509 bytes read
  Partitioned compression: NB72462M_first250000: rdf-scan heartbeat — 2,922,878 triples · 402,653,410 bytes read
  Partitioned compression: NB72462M_first250000: rdf-scan heartbeat — 3,333,451 triples · 469,762,416 bytes read
  Partitioned compression: NB72462M_first250000: rdf-scan chunk — 3,743,554 triples · 1 chunks · 536,871,029 bytes read
  Partitioned compression: NB72462M_first250000: hdt-chunks started — 0 chunks · hdt-build-00000
  Partitioned compression: NB72462M_first250000: hdt-chunks complete — 1 chunks · hdt-build-00000
  Partitioned compression: NB72462M_first250000: cottas-chunks started — 0 chunks · cottas-build-00000
  Partitioned compression: NB72462M_first250000: cottas-chunks complete — 1 chunks · cottas-build-00000
  Partitioned compression: NB72462M_first250000: rdf-scan heartbeat — 3,743,556 triples · 536,871,374 bytes read
  Partitioned compression: NB72462M_first250000: rdf-scan heartbeat — 4,153,746 triples · 603,980,334 bytes read
  Partitioned compression: NB72462M_first250000: rdf-scan heartbeat — 4,563,956 triples · 671,089,261 bytes read
  Partitioned compression: NB72462M_first250000: rdf-scan heartbeat — 4,974,014 triples · 738,198,176 bytes read
  Partitioned compression: NB72462M_first250000: rdf-scan heartbeat — 5,384,129 triples · 805,307,207 bytes read
  Partitioned compression: NB72462M_first250000: rdf-scan heartbeat — 5,794,239 triples · 872,416,211 bytes read
  Partitioned compression: NB72462M_first250000: rdf-scan heartbeat — 6,204,335 triples · 939,525,094 bytes read
  Partitioned compression: NB72462M_first250000: rdf-scan heartbeat — 6,614,404 triples · 1,006,633,984 bytes read
  Partitioned compression: NB72462M_first250000: rdf-scan chunk — 7,024,424 triples · 2 chunks · 1,073,741,946 bytes read
  Partitioned compression: NB72462M_first250000: hdt-chunks started — 1 chunks · hdt-build-00001
  Partitioned compression: NB72462M_first250000: hdt-chunks complete — 2 chunks · hdt-build-00001
  Partitioned compression: NB72462M_first250000: cottas-chunks started — 1 chunks · cottas-build-00001
  Partitioned compression: NB72462M_first250000: cottas-chunks complete — 2 chunks · cottas-build-00001
  Partitioned compression: NB72462M_first250000: rdf-scan heartbeat — 7,024,430 triples · 1,073,742,912 bytes read
  Partitioned compression: NB72462M_first250000: rdf-scan heartbeat — 7,434,472 triples · 1,140,851,946 bytes read
  Partitioned compression: NB72462M_first250000: rdf-scan heartbeat — 7,844,528 triples · 1,207,960,892 bytes read
  Partitioned compression: NB72462M_first250000: rdf-scan heartbeat — 8,254,605 triples · 1,275,069,777 bytes read
  Partitioned compression: NB72462M_first250000: rdf-scan heartbeat — 8,664,673 triples · 1,342,178,685 bytes read
  Partitioned compression: NB72462M_first250000: rdf-scan heartbeat — 9,074,693 triples · 1,409,287,689 bytes read
  Partitioned compression: NB72462M_first250000: rdf-scan heartbeat — 9,483,229 triples · 1,476,396,583 bytes read
  Partitioned compression: NB72462M_first250000: rdf-scan heartbeat — 9,890,125 triples · 1,543,505,590 bytes read
  Partitioned compression: NB72462M_first250000: rdf-scan chunk — 10,296,980 triples · 3 chunks · 1,610,612,885 bytes read
  Partitioned compression: NB72462M_first250000: hdt-chunks started — 2 chunks · hdt-build-00002
  Partitioned compression: NB72462M_first250000: hdt-chunks complete — 3 chunks · hdt-build-00002
  Partitioned compression: NB72462M_first250000: cottas-chunks started — 2 chunks · cottas-build-00002
  Partitioned compression: NB72462M_first250000: cottas-chunks complete — 3 chunks · cottas-build-00002
  Partitioned compression: NB72462M_first250000: rdf-scan heartbeat — 10,296,990 triples · 1,610,614,546 bytes read
  Partitioned compression: NB72462M_first250000: rdf-scan heartbeat — 10,703,902 triples · 1,677,723,456 bytes read
  Partitioned compression: NB72462M_first250000: rdf-scan heartbeat — 11,110,794 triples · 1,744,832,405 bytes read
  Partitioned compression: NB72462M_first250000: rdf-scan heartbeat — 11,517,729 triples · 1,811,941,344 bytes read
  Partitioned compression: NB72462M_first250000: rdf-scan heartbeat — 11,924,627 triples · 1,879,050,274 bytes read
  Partitioned compression: NB72462M_first250000: rdf-scan heartbeat — 12,331,601 triples · 1,946,159,191 bytes read
  Partitioned compression: NB72462M_first250000: rdf-scan heartbeat — 12,738,479 triples · 2,013,268,094 bytes read
  Partitioned compression: NB72462M_first250000: rdf-scan heartbeat — 13,145,375 triples · 2,080,376,999 bytes read
  Partitioned compression: NB72462M_first250000: rdf-scan chunk — 13,552,301 triples · 4 chunks · 2,147,483,808 bytes read
  Partitioned compression: NB72462M_first250000: hdt-chunks started — 3 chunks · hdt-build-00003
  Partitioned compression: NB72462M_first250000: hdt-chunks complete — 4 chunks · hdt-build-00003
  Partitioned compression: NB72462M_first250000: cottas-chunks started — 3 chunks · cottas-build-00003
  Partitioned compression: NB72462M_first250000: cottas-chunks complete — 4 chunks · cottas-build-00003
  Partitioned compression: NB72462M_first250000: rdf-scan heartbeat — 13,552,314 triples · 2,147,485,922 bytes read
  Partitioned compression: NB72462M_first250000: rdf-scan heartbeat — 13,959,214 triples · 2,214,594,953 bytes read
  Partitioned compression: NB72462M_first250000: rdf-scan heartbeat — 14,366,107 triples · 2,281,703,901 bytes read
  Partitioned compression: NB72462M_first250000: rdf-scan heartbeat — 14,772,989 triples · 2,348,812,951 bytes read
  Partitioned compression: NB72462M_first250000: rdf-scan heartbeat — 15,179,896 triples · 2,415,921,867 bytes read
  Partitioned compression: NB72462M_first250000: rdf-scan heartbeat — 15,587,233 triples · 2,483,030,874 bytes read
  Partitioned compression: NB72462M_first250000: rdf-scan heartbeat — 15,994,809 triples · 2,550,139,887 bytes read
  Partitioned compression: NB72462M_first250000: rdf-scan heartbeat — 16,402,371 triples · 2,617,248,756 bytes read
  Partitioned compression: NB72462M_first250000: rdf-scan chunk — 16,809,875 triples · 5 chunks · 2,684,354,880 bytes read
  Partitioned compression: NB72462M_first250000: hdt-chunks started — 4 chunks · hdt-build-00004
  Partitioned compression: NB72462M_first250000: hdt-chunks complete — 5 chunks · hdt-build-00004
  Partitioned compression: NB72462M_first250000: cottas-chunks started — 4 chunks · cottas-build-00004
  Partitioned compression: NB72462M_first250000: cottas-chunks complete — 5 chunks · cottas-build-00004
  Partitioned compression: NB72462M_first250000: rdf-scan heartbeat — 16,809,893 triples · 2,684,357,800 bytes read
  Partitioned compression: NB72462M_first250000: rdf-scan heartbeat — 17,217,394 triples · 2,751,466,683 bytes read
  Partitioned compression: NB72462M_first250000: rdf-scan heartbeat — 17,624,381 triples · 2,818,575,628 bytes read
  Partitioned compression: NB72462M_first250000: rdf-scan heartbeat — 18,031,317 triples · 2,885,684,544 bytes read
  Partitioned compression: NB72462M_first250000: rdf-scan heartbeat — 18,438,229 triples · 2,952,793,562 bytes read
  Partitioned compression: NB72462M_first250000: rdf-scan heartbeat — 18,845,202 triples · 3,019,902,559 bytes read
  Partitioned compression: NB72462M_first250000: rdf-scan heartbeat — 19,252,153 triples · 3,087,011,542 bytes read
  Partitioned compression: NB72462M_first250000: rdf-scan heartbeat — 19,659,050 triples · 3,154,120,508 bytes read
  Partitioned compression: NB72462M_first250000: rdf-scan chunk — 20,082,838 triples · 6 chunks · 3,221,225,931 bytes read
  Partitioned compression: NB72462M_first250000: hdt-chunks started — 5 chunks · hdt-build-00005
  Partitioned compression: NB72462M_first250000: hdt-chunks complete — 6 chunks · hdt-build-00005
  Partitioned compression: NB72462M_first250000: cottas-chunks started — 5 chunks · cottas-build-00005
  Partitioned compression: NB72462M_first250000: cottas-chunks complete — 6 chunks · cottas-build-00005
  Partitioned compression: NB72462M_first250000: rdf-scan heartbeat — 20,082,861 triples · 3,221,229,426 bytes read
  Partitioned compression: NB72462M_first250000: rdf-scan heartbeat — 20,527,015 triples · 3,288,338,310 bytes read
  Partitioned compression: NB72462M_first250000: rdf-scan heartbeat — 20,970,471 triples · 3,355,447,185 bytes read
  Partitioned compression: NB72462M_first250000: rdf-scan heartbeat — 21,414,542 triples · 3,422,556,161 bytes read
  Partitioned compression: NB72462M_first250000: rdf-scan heartbeat — 21,854,990 triples · 3,489,665,172 bytes read
  Partitioned compression: NB72462M_first250000: rdf-scan heartbeat — 22,295,734 triples · 3,556,774,108 bytes read
  Partitioned compression: NB72462M_first250000: rdf-scan heartbeat — 22,735,661 triples · 3,623,882,980 bytes read
  Partitioned compression: NB72462M_first250000: rdf-scan heartbeat — 23,176,036 triples · 3,690,991,921 bytes read
  Partitioned compression: NB72462M_first250000: rdf-scan chunk — 23,616,225 triples · 7 chunks · 3,758,096,908 bytes read
  Partitioned compression: NB72462M_first250000: hdt-chunks started — 6 chunks · hdt-build-00006
  Partitioned compression: NB72462M_first250000: hdt-chunks complete — 7 chunks · hdt-build-00006
  Partitioned compression: NB72462M_first250000: cottas-chunks started — 6 chunks · cottas-build-00006
  Partitioned compression: NB72462M_first250000: cottas-chunks complete — 7 chunks · cottas-build-00006
  Partitioned compression: NB72462M_first250000: rdf-scan heartbeat — 23,616,251 triples · 3,758,100,801 bytes read
  Partitioned compression: NB72462M_first250000: rdf-scan heartbeat — 24,056,585 triples · 3,825,209,722 bytes read
  Partitioned compression: NB72462M_first250000: rdf-scan heartbeat — 24,496,831 triples · 3,892,318,721 bytes read
  Partitioned compression: NB72462M_first250000: rdf-scan heartbeat — 24,936,280 triples · 3,959,427,634 bytes read
  Partitioned compression: NB72462M_first250000: rdf-scan heartbeat — 25,376,497 triples · 4,026,536,518 bytes read
  Partitioned compression: NB72462M_first250000: rdf-scan heartbeat — 25,816,522 triples · 4,093,645,395 bytes read
  Partitioned compression: NB72462M_first250000: rdf-scan heartbeat — 26,256,791 triples · 4,160,754,348 bytes read
  Partitioned compression: NB72462M_first250000: rdf-scan heartbeat — 26,697,188 triples · 4,227,863,219 bytes read
  Partitioned compression: NB72462M_first250000: rdf-scan chunk — 27,137,837 triples · 8 chunks · 4,294,967,828 bytes read
  Partitioned compression: NB72462M_first250000: hdt-chunks started — 7 chunks · hdt-build-00007
  Partitioned compression: NB72462M_first250000: hdt-chunks complete — 8 chunks · hdt-build-00007
  Partitioned compression: NB72462M_first250000: cottas-chunks started — 7 chunks · cottas-build-00007
  Partitioned compression: NB72462M_first250000: cottas-chunks complete — 8 chunks · cottas-build-00007
  Partitioned compression: NB72462M_first250000: rdf-scan heartbeat — 27,137,866 triples · 4,294,972,124 bytes read
  Partitioned compression: NB72462M_first250000: rdf-scan heartbeat — 27,578,129 triples · 4,362,081,101 bytes read
  Partitioned compression: NB72462M_first250000: rdf-scan heartbeat — 28,019,095 triples · 4,429,190,106 bytes read
  Partitioned compression: NB72462M_first250000: rdf-scan heartbeat — 28,459,637 triples · 4,496,298,987 bytes read
  Partitioned compression: NB72462M_first250000: rdf-scan heartbeat — 28,899,468 triples · 4,563,407,891 bytes read
  Partitioned compression: NB72462M_first250000: rdf-scan heartbeat — 29,339,919 triples · 4,630,516,793 bytes read
  Partitioned compression: NB72462M_first250000: rdf-scan heartbeat — 29,780,309 triples · 4,697,625,748 bytes read
  Partitioned compression: NB72462M_first250000: rdf-scan heartbeat — 30,220,392 triples · 4,764,734,634 bytes read
  Partitioned compression: NB72462M_first250000: rdf-scan chunk — 30,660,834 triples · 9 chunks · 4,831,838,744 bytes read
  Partitioned compression: NB72462M_first250000: hdt-chunks started — 8 chunks · hdt-build-00008
  Partitioned compression: NB72462M_first250000: hdt-chunks complete — 9 chunks · hdt-build-00008
  Partitioned compression: NB72462M_first250000: cottas-chunks started — 8 chunks · cottas-build-00008
  Partitioned compression: NB72462M_first250000: cottas-chunks complete — 9 chunks · cottas-build-00008
  Partitioned compression: NB72462M_first250000: rdf-scan heartbeat — 30,660,865 triples · 4,831,843,594 bytes read
  Partitioned compression: NB72462M_first250000: rdf-scan heartbeat — 31,101,133 triples · 4,898,952,543 bytes read
  Partitioned compression: NB72462M_first250000: rdf-scan heartbeat — 31,541,479 triples · 4,966,061,498 bytes read
  Partitioned compression: NB72462M_first250000: rdf-scan heartbeat — 31,981,381 triples · 5,033,170,513 bytes read
  Partitioned compression: NB72462M_first250000: rdf-scan heartbeat — 32,421,717 triples · 5,100,279,452 bytes read
  Partitioned compression: NB72462M_first250000: rdf-scan heartbeat — 32,862,377 triples · 5,167,388,347 bytes read
  Partitioned compression: NB72462M_first250000: rdf-scan heartbeat — 33,302,639 triples · 5,234,497,320 bytes read
  Partitioned compression: NB72462M_first250000: rdf-scan heartbeat — 33,742,547 triples · 5,301,606,308 bytes read
  Partitioned compression: NB72462M_first250000: rdf-scan chunk — 34,183,365 triples · 10 chunks · 5,368,709,702 bytes read
  Partitioned compression: NB72462M_first250000: hdt-chunks started — 9 chunks · hdt-build-00009
  Partitioned compression: NB72462M_first250000: hdt-chunks complete — 10 chunks · hdt-build-00009
  Partitioned compression: NB72462M_first250000: cottas-chunks started — 9 chunks · cottas-build-00009
  Partitioned compression: NB72462M_first250000: cottas-chunks complete — 10 chunks · cottas-build-00009
  Partitioned compression: NB72462M_first250000: rdf-scan heartbeat — 34,183,402 triples · 5,368,715,266 bytes read
  Partitioned compression: NB72462M_first250000: rdf-scan heartbeat — 34,623,425 triples · 5,435,824,195 bytes read
  Partitioned compression: NB72462M_first250000: rdf-scan heartbeat — 35,064,178 triples · 5,502,933,105 bytes read
  Partitioned compression: NB72462M_first250000: rdf-scan heartbeat — 35,504,412 triples · 5,570,042,090 bytes read
  Partitioned compression: NB72462M_first250000: rdf-scan heartbeat — 35,944,520 triples · 5,637,151,116 bytes read
  Partitioned compression: NB72462M_first250000: rdf-scan heartbeat — 36,380,883 triples · 5,704,260,015 bytes read
  Partitioned compression: NB72462M_first250000: rdf-scan heartbeat — 36,817,514 triples · 5,771,368,923 bytes read
  Partitioned compression: NB72462M_first250000: rdf-scan heartbeat — 37,254,279 triples · 5,838,477,831 bytes read
  Partitioned compression: NB72462M_first250000: rdf-scan chunk — 37,691,749 triples · 11 chunks · 5,905,580,754 bytes read
  Partitioned compression: NB72462M_first250000: hdt-chunks started — 10 chunks · hdt-build-00010
  Partitioned compression: NB72462M_first250000: hdt-chunks complete — 11 chunks · hdt-build-00010
  Partitioned compression: NB72462M_first250000: cottas-chunks started — 10 chunks · cottas-build-00010
  Partitioned compression: NB72462M_first250000: cottas-chunks complete — 11 chunks · cottas-build-00010
  Partitioned compression: NB72462M_first250000: rdf-scan heartbeat — 37,691,789 triples · 5,905,586,798 bytes read
  Partitioned compression: NB72462M_first250000: rdf-scan heartbeat — 38,129,416 triples · 5,972,695,733 bytes read
  Partitioned compression: NB72462M_first250000: rdf-scan heartbeat — 38,566,342 triples · 6,039,804,691 bytes read
  Partitioned compression: NB72462M_first250000: rdf-scan heartbeat — 39,003,957 triples · 6,106,913,686 bytes read
  Partitioned compression: NB72462M_first250000: rdf-scan heartbeat — 39,441,123 triples · 6,174,022,690 bytes read
  Partitioned compression: NB72462M_first250000: rdf-scan heartbeat — 39,877,727 triples · 6,241,131,571 bytes read
  Partitioned compression: NB72462M_first250000: rdf-scan heartbeat — 40,314,712 triples · 6,308,240,577 bytes read
  Partitioned compression: NB72462M_first250000: rdf-scan heartbeat — 40,751,955 triples · 6,375,349,492 bytes read
  Partitioned compression: NB72462M_first250000: rdf-scan chunk — 41,189,096 triples · 12 chunks · 6,442,451,820 bytes read
  Partitioned compression: NB72462M_first250000: hdt-chunks started — 11 chunks · hdt-build-00011
  Partitioned compression: NB72462M_first250000: hdt-chunks complete — 12 chunks · hdt-build-00011
  Partitioned compression: NB72462M_first250000: cottas-chunks started — 11 chunks · cottas-build-00011
  Partitioned compression: NB72462M_first250000: cottas-chunks complete — 12 chunks · cottas-build-00011
  Partitioned compression: NB72462M_first250000: rdf-scan heartbeat — 41,189,140 triples · 6,442,458,511 bytes read
  Partitioned compression: NB72462M_first250000: rdf-scan heartbeat — 41,626,295 triples · 6,509,567,468 bytes read
  Partitioned compression: NB72462M_first250000: rdf-scan heartbeat — 42,063,435 triples · 6,576,676,381 bytes read
  Partitioned compression: NB72462M_first250000: rdf-scan heartbeat — 42,500,896 triples · 6,643,785,265 bytes read
  Partitioned compression: NB72462M_first250000: rdf-scan heartbeat — 42,937,524 triples · 6,710,894,140 bytes read
  Partitioned compression: NB72462M_first250000: rdf-scan heartbeat — 43,374,851 triples · 6,778,003,038 bytes read
  Partitioned compression: NB72462M_first250000: rdf-scan heartbeat — 43,811,530 triples · 6,845,111,947 bytes read
  Partitioned compression: NB72462M_first250000: rdf-scan heartbeat — 44,248,477 triples · 6,912,220,952 bytes read
  Partitioned compression: NB72462M_first250000: rdf-scan chunk — 44,684,810 triples · 13 chunks · 6,979,322,780 bytes read
  Partitioned compression: NB72462M_first250000: hdt-chunks started — 12 chunks · hdt-build-00012
  Partitioned compression: NB72462M_first250000: hdt-chunks complete — 13 chunks · hdt-build-00012
  Partitioned compression: NB72462M_first250000: cottas-chunks started — 12 chunks · cottas-build-00012
  Partitioned compression: NB72462M_first250000: cottas-chunks complete — 13 chunks · cottas-build-00012
  Partitioned compression: NB72462M_first250000: rdf-scan heartbeat — 44,684,857 triples · 6,979,329,941 bytes read
  Partitioned compression: NB72462M_first250000: rdf-scan heartbeat — 45,122,851 triples · 7,046,438,888 bytes read
  Partitioned compression: NB72462M_first250000: rdf-scan heartbeat — 45,559,717 triples · 7,113,547,907 bytes read
  Partitioned compression: NB72462M_first250000: rdf-scan heartbeat — 45,995,965 triples · 7,180,656,940 bytes read
  Partitioned compression: NB72462M_first250000: rdf-scan heartbeat — 46,432,671 triples · 7,247,765,811 bytes read
  Partitioned compression: NB72462M_first250000: rdf-scan heartbeat — 46,869,469 triples · 7,314,874,778 bytes read
  Partitioned compression: NB72462M_first250000: rdf-scan heartbeat — 47,305,959 triples · 7,381,983,675 bytes read
  Partitioned compression: NB72462M_first250000: rdf-scan heartbeat — 47,742,346 triples · 7,449,092,615 bytes read
  Partitioned compression: NB72462M_first250000: rdf-scan chunk — 48,179,398 triples · 14 chunks · 7,516,193,799 bytes read
  Partitioned compression: NB72462M_first250000: hdt-chunks started — 13 chunks · hdt-build-00013
  Partitioned compression: NB72462M_first250000: hdt-chunks complete — 14 chunks · hdt-build-00013
  Partitioned compression: NB72462M_first250000: cottas-chunks started — 13 chunks · cottas-build-00013
  Partitioned compression: NB72462M_first250000: cottas-chunks complete — 14 chunks · cottas-build-00013
  Partitioned compression: NB72462M_first250000: rdf-scan heartbeat — 48,179,449 triples · 7,516,201,627 bytes read
  Partitioned compression: NB72462M_first250000: rdf-scan heartbeat — 48,616,113 triples · 7,583,310,621 bytes read
  Partitioned compression: NB72462M_first250000: rdf-scan heartbeat — 49,053,192 triples · 7,650,419,550 bytes read
  Partitioned compression: NB72462M_first250000: rdf-scan heartbeat — 49,489,964 triples · 7,717,528,492 bytes read
  Partitioned compression: NB72462M_first250000: rdf-scan heartbeat — 49,926,795 triples · 7,784,637,384 bytes read
  Partitioned compression: NB72462M_first250000: rdf-scan heartbeat — 50,363,433 triples · 7,851,746,275 bytes read
  Partitioned compression: NB72462M_first250000: rdf-scan heartbeat — 50,799,806 triples · 7,918,855,253 bytes read
  Partitioned compression: NB72462M_first250000: rdf-scan heartbeat — 51,236,201 triples · 7,985,964,120 bytes read
  Partitioned compression: NB72462M_first250000: rdf-scan chunk — 51,672,607 triples · 15 chunks · 8,053,064,800 bytes read
  Partitioned compression: NB72462M_first250000: hdt-chunks started — 14 chunks · hdt-build-00014
  Partitioned compression: NB72462M_first250000: hdt-chunks complete — 15 chunks · hdt-build-00014
  Partitioned compression: NB72462M_first250000: cottas-chunks started — 14 chunks · cottas-build-00014
  Partitioned compression: NB72462M_first250000: cottas-chunks complete — 15 chunks · cottas-build-00014
  Partitioned compression: NB72462M_first250000: rdf-scan heartbeat — 51,672,661 triples · 8,053,073,057 bytes read
  Partitioned compression: NB72462M_first250000: rdf-scan heartbeat — 52,109,025 triples · 8,120,181,924 bytes read
  Partitioned compression: NB72462M_first250000: rdf-scan heartbeat — 52,545,256 triples · 8,187,290,957 bytes read
  Partitioned compression: NB72462M_first250000: rdf-scan heartbeat — 52,981,512 triples · 8,254,399,889 bytes read
  Partitioned compression: NB72462M_first250000: rdf-scan heartbeat — 53,417,090 triples · 8,321,508,765 bytes read
  Partitioned compression: NB72462M_first250000: rdf-scan heartbeat — 53,853,255 triples · 8,388,617,690 bytes read
  Partitioned compression: NB72462M_first250000: rdf-scan heartbeat — 54,290,550 triples · 8,455,726,625 bytes read
  Partitioned compression: NB72462M_first250000: rdf-scan heartbeat — 54,727,692 triples · 8,522,835,523 bytes read
  Partitioned compression: NB72462M_first250000: rdf-scan chunk — 55,165,570 triples · 16 chunks · 8,589,935,743 bytes read
  Partitioned compression: NB72462M_first250000: hdt-chunks started — 15 chunks · hdt-build-00015
  Partitioned compression: NB72462M_first250000: hdt-chunks complete — 16 chunks · hdt-build-00015
  Partitioned compression: NB72462M_first250000: cottas-chunks started — 15 chunks · cottas-build-00015
  Partitioned compression: NB72462M_first250000: cottas-chunks complete — 16 chunks · cottas-build-00015
  Partitioned compression: NB72462M_first250000: rdf-scan heartbeat — 55,165,626 triples · 8,589,944,476 bytes read
  Partitioned compression: NB72462M_first250000: rdf-scan heartbeat — 55,602,312 triples · 8,657,053,342 bytes read
  Partitioned compression: NB72462M_first250000: rdf-scan heartbeat — 56,039,103 triples · 8,724,162,307 bytes read
  Partitioned compression: NB72462M_first250000: rdf-scan heartbeat — 56,476,726 triples · 8,791,271,185 bytes read
  Partitioned compression: NB72462M_first250000: rdf-scan heartbeat — 56,913,891 triples · 8,858,380,180 bytes read
  Partitioned compression: NB72462M_first250000: rdf-scan heartbeat — 57,351,357 triples · 8,925,489,161 bytes read
  Partitioned compression: NB72462M_first250000: rdf-scan heartbeat — 57,788,100 triples · 8,992,598,190 bytes read
  Partitioned compression: NB72462M_first250000: rdf-scan heartbeat — 58,224,872 triples · 9,059,707,098 bytes read
  Partitioned compression: NB72462M_first250000: rdf-scan chunk — 58,661,538 triples · 17 chunks · 9,126,806,764 bytes read
  Partitioned compression: NB72462M_first250000: hdt-chunks started — 16 chunks · hdt-build-00016
  Partitioned compression: NB72462M_first250000: hdt-chunks complete — 17 chunks · hdt-build-00016
  Partitioned compression: NB72462M_first250000: cottas-chunks started — 16 chunks · cottas-build-00016
  Partitioned compression: NB72462M_first250000: cottas-chunks complete — 17 chunks · cottas-build-00016
  Partitioned compression: NB72462M_first250000: rdf-scan heartbeat — 58,661,598 triples · 9,126,815,975 bytes read
  Partitioned compression: NB72462M_first250000: rdf-scan heartbeat — 59,098,357 triples · 9,193,924,991 bytes read
  Partitioned compression: NB72462M_first250000: rdf-scan heartbeat — 59,535,342 triples · 9,261,033,901 bytes read
  Partitioned compression: NB72462M_first250000: rdf-scan chunk — 59,959,711 triples · 18 chunks · 9,326,296,006 bytes read
  Partitioned compression: NB72462M_first250000: hdt-chunks started — 17 chunks · hdt-build-00017
  Partitioned compression: NB72462M_first250000: hdt-chunks complete — 18 chunks · hdt-build-00017
  Partitioned compression: NB72462M_first250000: cottas-chunks started — 17 chunks · cottas-build-00017
  Partitioned compression: NB72462M_first250000: cottas-chunks complete — 18 chunks · cottas-build-00017
  Partitioned compression: NB72462M_first250000: rdf-scan complete — 59,959,711 triples · 18 chunks
  Partitioned compression: NB72462M_first250000: hdt-chunks complete — 18 chunks
  Partitioned compression: NB72462M_first250000: cottas-chunks complete — 18 chunks
  Partitioned compression: NB72462M_first250000: hdt-merge started — hdt-merge-r01-00000
  Partitioned compression: NB72462M_first250000: hdt-merge complete — hdt-merge-r01-00000
  Partitioned compression: NB72462M_first250000: hdt-merge started — hdt-merge-r01-00001
  Partitioned compression: NB72462M_first250000: hdt-merge complete — hdt-merge-r01-00001
  Partitioned compression: NB72462M_first250000: hdt-merge started — hdt-merge-r01-00002
  Partitioned compression: NB72462M_first250000: hdt-merge complete — hdt-merge-r01-00002
  Partitioned compression: NB72462M_first250000: hdt-merge started — hdt-merge-r01-00003
  Partitioned compression: NB72462M_first250000: hdt-merge complete — hdt-merge-r01-00003
  Partitioned compression: NB72462M_first250000: hdt-merge started — hdt-merge-r01-00004
  Partitioned compression: NB72462M_first250000: hdt-merge complete — hdt-merge-r01-00004
  Partitioned compression: NB72462M_first250000: hdt-merge started — hdt-merge-r01-00005
  Partitioned compression: NB72462M_first250000: hdt-merge complete — hdt-merge-r01-00005
  Partitioned compression: NB72462M_first250000: hdt-merge started — hdt-merge-r01-00006
  Partitioned compression: NB72462M_first250000: hdt-merge complete — hdt-merge-r01-00006
  Partitioned compression: NB72462M_first250000: hdt-merge started — hdt-merge-r01-00007
  Partitioned compression: NB72462M_first250000: hdt-merge complete — hdt-merge-r01-00007
  Partitioned compression: NB72462M_first250000: hdt-merge started — hdt-merge-r01-00008
  Partitioned compression: NB72462M_first250000: hdt-merge complete — hdt-merge-r01-00008
  Partitioned compression: NB72462M_first250000: hdt-merge started — hdt-merge-r02-00000
  Partitioned compression: NB72462M_first250000: hdt-merge complete — hdt-merge-r02-00000
  Partitioned compression: NB72462M_first250000: hdt-merge started — hdt-merge-r02-00001
  Partitioned compression: NB72462M_first250000: hdt-merge complete — hdt-merge-r02-00001
  Partitioned compression: NB72462M_first250000: hdt-merge started — hdt-merge-r02-00002
  Partitioned compression: NB72462M_first250000: hdt-merge complete — hdt-merge-r02-00002
  Partitioned compression: NB72462M_first250000: hdt-merge started — hdt-merge-r02-00003
  Partitioned compression: NB72462M_first250000: hdt-merge complete — hdt-merge-r02-00003
  Partitioned compression: NB72462M_first250000: hdt-merge started — hdt-merge-r03-00000
  Partitioned compression: NB72462M_first250000: hdt-merge complete — hdt-merge-r03-00000
  Partitioned compression: NB72462M_first250000: hdt-merge started — hdt-merge-r03-00001
  Partitioned compression: NB72462M_first250000: hdt-merge complete — hdt-merge-r03-00001
  Partitioned compression: NB72462M_first250000: hdt-merge started — hdt-merge-r04-00000
  Partitioned compression: NB72462M_first250000: hdt-merge complete — hdt-merge-r04-00000
  Partitioned compression: NB72462M_first250000: hdt-merge started — hdt-merge-r05-00000
  Partitioned compression: NB72462M_first250000: hdt-merge complete — hdt-merge-r05-00000
  Partitioned compression: NB72462M_first250000: hdt started — hdt-index
  Partitioned compression: NB72462M_first250000: hdt complete — hdt-index
  Partitioned compression: NB72462M_first250000: hdt started — hdt-validate
  Partitioned compression: NB72462M_first250000: hdt complete — hdt-validate
  Partitioned compression: NB72462M_first250000: cottas-merge started — cottas-merge-stream
  Partitioned compression: NB72462M_first250000: cottas-merge started — 0 triples · 18 sorted COTTAS chunks
  Partitioned compression: NB72462M_first250000: cottas-merge merging — 250,000 triples · 250,000 distinct triples written
  Partitioned compression: NB72462M_first250000: cottas-merge merging — 500,000 triples · 500,000 distinct triples written
  Partitioned compression: NB72462M_first250000: cottas-merge merging — 750,000 triples · 750,000 distinct triples written
  Partitioned compression: NB72462M_first250000: cottas-merge merging — 1,000,000 triples · 1,000,000 distinct triples written
  Partitioned compression: NB72462M_first250000: cottas-merge merging — 1,250,000 triples · 1,250,000 distinct triples written
  Partitioned compression: NB72462M_first250000: cottas-merge merging — 1,500,000 triples · 1,500,000 distinct triples written
  Partitioned compression: NB72462M_first250000: cottas-merge merging — 1,750,000 triples · 1,750,000 distinct triples written
  Partitioned compression: NB72462M_first250000: cottas-merge merging — 2,000,000 triples · 2,000,000 distinct triples written
  Partitioned compression: NB72462M_first250000: cottas-merge merging — 2,250,000 triples · 2,250,000 distinct triples written
  Partitioned compression: NB72462M_first250000: cottas-merge merging — 2,500,000 triples · 2,500,000 distinct triples written
  Partitioned compression: NB72462M_first250000: cottas-merge merging — 2,750,000 triples · 2,750,000 distinct triples written
  Partitioned compression: NB72462M_first250000: cottas-merge merging — 3,000,000 triples · 3,000,000 distinct triples written
  Partitioned compression: NB72462M_first250000: cottas-merge merging — 3,250,000 triples · 3,250,000 distinct triples written
  Partitioned compression: NB72462M_first250000: cottas-merge merging — 3,500,000 triples · 3,500,000 distinct triples written
  Partitioned compression: NB72462M_first250000: cottas-merge merging — 3,750,000 triples · 3,750,000 distinct triples written
  Partitioned compression: NB72462M_first250000: cottas-merge merging — 4,000,000 triples · 4,000,000 distinct triples written
  Partitioned compression: NB72462M_first250000: cottas-merge merging — 4,250,000 triples · 4,250,000 distinct triples written
  Partitioned compression: NB72462M_first250000: cottas-merge merging — 4,500,000 triples · 4,500,000 distinct triples written
  Partitioned compression: NB72462M_first250000: cottas-merge merging — 4,750,000 triples · 4,750,000 distinct triples written
  Partitioned compression: NB72462M_first250000: cottas-merge merging — 5,000,000 triples · 5,000,000 distinct triples written
  Partitioned compression: NB72462M_first250000: cottas-merge merging — 5,250,000 triples · 5,250,000 distinct triples written
  Partitioned compression: NB72462M_first250000: cottas-merge merging — 5,500,000 triples · 5,500,000 distinct triples written
  Partitioned compression: NB72462M_first250000: cottas-merge merging — 5,750,000 triples · 5,750,000 distinct triples written
  Partitioned compression: NB72462M_first250000: cottas-merge merging — 6,000,000 triples · 6,000,000 distinct triples written
  Partitioned compression: NB72462M_first250000: cottas-merge merging — 6,250,000 triples · 6,250,000 distinct triples written
  Partitioned compression: NB72462M_first250000: cottas-merge merging — 6,500,000 triples · 6,500,000 distinct triples written
  Partitioned compression: NB72462M_first250000: cottas-merge merging — 6,750,000 triples · 6,750,000 distinct triples written
  Partitioned compression: NB72462M_first250000: cottas-merge merging — 7,000,000 triples · 7,000,000 distinct triples written
  Partitioned compression: NB72462M_first250000: cottas-merge merging — 7,250,000 triples · 7,250,000 distinct triples written
  Partitioned compression: NB72462M_first250000: cottas-merge merging — 7,500,000 triples · 7,500,000 distinct triples written
  Partitioned compression: NB72462M_first250000: cottas-merge merging — 7,750,000 triples · 7,750,000 distinct triples written
  Partitioned compression: NB72462M_first250000: cottas-merge merging — 8,000,000 triples · 8,000,000 distinct triples written
  Partitioned compression: NB72462M_first250000: cottas-merge merging — 8,250,000 triples · 8,250,000 distinct triples written
  Partitioned compression: NB72462M_first250000: cottas-merge merging — 8,500,000 triples · 8,500,000 distinct triples written
  Partitioned compression: NB72462M_first250000: cottas-merge merging — 8,750,000 triples · 8,750,000 distinct triples written
  Partitioned compression: NB72462M_first250000: cottas-merge merging — 9,000,000 triples · 9,000,000 distinct triples written
  Partitioned compression: NB72462M_first250000: cottas-merge merging — 9,250,000 triples · 9,250,000 distinct triples written
  Partitioned compression: NB72462M_first250000: cottas-merge merging — 9,500,000 triples · 9,500,000 distinct triples written
  Partitioned compression: NB72462M_first250000: cottas-merge merging — 9,750,000 triples · 9,750,000 distinct triples written
  Partitioned compression: NB72462M_first250000: cottas-merge merging — 10,000,000 triples · 10,000,000 distinct triples written
  Partitioned compression: NB72462M_first250000: cottas-merge merging — 10,250,000 triples · 10,250,000 distinct triples written
  Partitioned compression: NB72462M_first250000: cottas-merge merging — 10,500,000 triples · 10,500,000 distinct triples written
  Partitioned compression: NB72462M_first250000: cottas-merge merging — 10,750,000 triples · 10,750,000 distinct triples written
  Partitioned compression: NB72462M_first250000: cottas-merge merging — 11,000,000 triples · 11,000,000 distinct triples written
  Partitioned compression: NB72462M_first250000: cottas-merge merging — 11,250,000 triples · 11,250,000 distinct triples written
  Partitioned compression: NB72462M_first250000: cottas-merge merging — 11,500,000 triples · 11,500,000 distinct triples written
  Partitioned compression: NB72462M_first250000: cottas-merge merging — 11,750,000 triples · 11,750,000 distinct triples written
  Partitioned compression: NB72462M_first250000: cottas-merge merging — 12,000,000 triples · 12,000,000 distinct triples written
  Partitioned compression: NB72462M_first250000: cottas-merge merging — 12,250,000 triples · 12,250,000 distinct triples written
  Partitioned compression: NB72462M_first250000: cottas-merge merging — 12,500,000 triples · 12,500,000 distinct triples written
  Partitioned compression: NB72462M_first250000: cottas-merge merging — 12,750,000 triples · 12,750,000 distinct triples written
  Partitioned compression: NB72462M_first250000: cottas-merge merging — 13,000,000 triples · 13,000,000 distinct triples written
  Partitioned compression: NB72462M_first250000: cottas-merge merging — 13,250,000 triples · 13,250,000 distinct triples written
  Partitioned compression: NB72462M_first250000: cottas-merge merging — 13,500,000 triples · 13,500,000 distinct triples written
  Partitioned compression: NB72462M_first250000: cottas-merge merging — 13,750,000 triples · 13,750,000 distinct triples written
  Partitioned compression: NB72462M_first250000: cottas-merge merging — 14,000,000 triples · 14,000,000 distinct triples written
  Partitioned compression: NB72462M_first250000: cottas-merge merging — 14,250,000 triples · 14,250,000 distinct triples written
  Partitioned compression: NB72462M_first250000: cottas-merge merging — 14,500,000 triples · 14,500,000 distinct triples written
  Partitioned compression: NB72462M_first250000: cottas-merge merging — 14,750,000 triples · 14,750,000 distinct triples written
  Partitioned compression: NB72462M_first250000: cottas-merge merging — 15,000,000 triples · 15,000,000 distinct triples written
  Partitioned compression: NB72462M_first250000: cottas-merge merging — 15,250,000 triples · 15,250,000 distinct triples written
  Partitioned compression: NB72462M_first250000: cottas-merge merging — 15,500,000 triples · 15,500,000 distinct triples written
  Partitioned compression: NB72462M_first250000: cottas-merge merging — 15,750,000 triples · 15,750,000 distinct triples written
  Partitioned compression: NB72462M_first250000: cottas-merge merging — 16,000,000 triples · 16,000,000 distinct triples written
  Partitioned compression: NB72462M_first250000: cottas-merge merging — 16,250,000 triples · 16,250,000 distinct triples written
  Partitioned compression: NB72462M_first250000: cottas-merge merging — 16,500,000 triples · 16,500,000 distinct triples written
  Partitioned compression: NB72462M_first250000: cottas-merge merging — 16,750,000 triples · 16,750,000 distinct triples written
  Partitioned compression: NB72462M_first250000: cottas-merge merging — 17,000,000 triples · 17,000,000 distinct triples written
  Partitioned compression: NB72462M_first250000: cottas-merge merging — 17,250,000 triples · 17,250,000 distinct triples written
  Partitioned compression: NB72462M_first250000: cottas-merge merging — 17,500,000 triples · 17,500,000 distinct triples written
  Partitioned compression: NB72462M_first250000: cottas-merge merging — 17,750,000 triples · 17,750,000 distinct triples written
  Partitioned compression: NB72462M_first250000: cottas-merge merging — 18,000,000 triples · 18,000,000 distinct triples written
  Partitioned compression: NB72462M_first250000: cottas-merge merging — 18,250,000 triples · 18,250,000 distinct triples written
  Partitioned compression: NB72462M_first250000: cottas-merge merging — 18,500,000 triples · 18,500,000 distinct triples written
  Partitioned compression: NB72462M_first250000: cottas-merge merging — 18,750,000 triples · 18,750,000 distinct triples written
  Partitioned compression: NB72462M_first250000: cottas-merge merging — 19,000,000 triples · 19,000,000 distinct triples written
  Partitioned compression: NB72462M_first250000: cottas-merge merging — 19,250,000 triples · 19,250,000 distinct triples written
  Partitioned compression: NB72462M_first250000: cottas-merge merging — 19,500,000 triples · 19,500,000 distinct triples written
  Partitioned compression: NB72462M_first250000: cottas-merge merging — 19,750,000 triples · 19,750,000 distinct triples written
  Partitioned compression: NB72462M_first250000: cottas-merge merging — 20,000,000 triples · 20,000,000 distinct triples written
  Partitioned compression: NB72462M_first250000: cottas-merge merging — 20,250,000 triples · 20,250,000 distinct triples written
  Partitioned compression: NB72462M_first250000: cottas-merge merging — 20,500,000 triples · 20,500,000 distinct triples written
  Partitioned compression: NB72462M_first250000: cottas-merge merging — 20,750,000 triples · 20,750,000 distinct triples written
  Partitioned compression: NB72462M_first250000: cottas-merge merging — 21,000,000 triples · 21,000,000 distinct triples written
  Partitioned compression: NB72462M_first250000: cottas-merge merging — 21,250,000 triples · 21,250,000 distinct triples written
  Partitioned compression: NB72462M_first250000: cottas-merge merging — 21,500,000 triples · 21,500,000 distinct triples written
  Partitioned compression: NB72462M_first250000: cottas-merge merging — 21,750,000 triples · 21,750,000 distinct triples written
  Partitioned compression: NB72462M_first250000: cottas-merge merging — 22,000,000 triples · 22,000,000 distinct triples written
  Partitioned compression: NB72462M_first250000: cottas-merge merging — 22,250,000 triples · 22,250,000 distinct triples written
  Partitioned compression: NB72462M_first250000: cottas-merge merging — 22,500,000 triples · 22,500,000 distinct triples written
  Partitioned compression: NB72462M_first250000: cottas-merge merging — 22,750,000 triples · 22,750,000 distinct triples written
  Partitioned compression: NB72462M_first250000: cottas-merge merging — 23,000,000 triples · 23,000,000 distinct triples written
  Partitioned compression: NB72462M_first250000: cottas-merge merging — 23,250,000 triples · 23,250,000 distinct triples written
  Partitioned compression: NB72462M_first250000: cottas-merge merging — 23,500,000 triples · 23,500,000 distinct triples written
  Partitioned compression: NB72462M_first250000: cottas-merge merging — 23,750,000 triples · 23,750,000 distinct triples written
  Partitioned compression: NB72462M_first250000: cottas-merge merging — 24,000,000 triples · 24,000,000 distinct triples written
  Partitioned compression: NB72462M_first250000: cottas-merge merging — 24,250,000 triples · 24,250,000 distinct triples written
  Partitioned compression: NB72462M_first250000: cottas-merge merging — 24,500,000 triples · 24,500,000 distinct triples written
  Partitioned compression: NB72462M_first250000: cottas-merge merging — 24,750,000 triples · 24,750,000 distinct triples written
  Partitioned compression: NB72462M_first250000: cottas-merge merging — 25,000,000 triples · 25,000,000 distinct triples written
  Partitioned compression: NB72462M_first250000: cottas-merge merging — 25,250,000 triples · 25,250,000 distinct triples written
  Partitioned compression: NB72462M_first250000: cottas-merge merging — 25,500,000 triples · 25,500,000 distinct triples written
  Partitioned compression: NB72462M_first250000: cottas-merge merging — 25,750,000 triples · 25,750,000 distinct triples written
  Partitioned compression: NB72462M_first250000: cottas-merge merging — 26,000,000 triples · 26,000,000 distinct triples written
  Partitioned compression: NB72462M_first250000: cottas-merge merging — 26,250,000 triples · 26,250,000 distinct triples written
  Partitioned compression: NB72462M_first250000: cottas-merge merging — 26,500,000 triples · 26,500,000 distinct triples written
  Partitioned compression: NB72462M_first250000: cottas-merge merging — 26,750,000 triples · 26,750,000 distinct triples written
  Partitioned compression: NB72462M_first250000: cottas-merge merging — 27,000,000 triples · 27,000,000 distinct triples written
  Partitioned compression: NB72462M_first250000: cottas-merge merging — 27,250,000 triples · 27,250,000 distinct triples written
  Partitioned compression: NB72462M_first250000: cottas-merge merging — 27,500,000 triples · 27,500,000 distinct triples written
  Partitioned compression: NB72462M_first250000: cottas-merge merging — 27,750,000 triples · 27,750,000 distinct triples written
  Partitioned compression: NB72462M_first250000: cottas-merge merging — 28,000,000 triples · 28,000,000 distinct triples written
  Partitioned compression: NB72462M_first250000: cottas-merge merging — 28,250,000 triples · 28,250,000 distinct triples written
  Partitioned compression: NB72462M_first250000: cottas-merge merging — 28,500,000 triples · 28,500,000 distinct triples written
  Partitioned compression: NB72462M_first250000: cottas-merge merging — 28,750,000 triples · 28,750,000 distinct triples written
  Partitioned compression: NB72462M_first250000: cottas-merge merging — 29,000,000 triples · 29,000,000 distinct triples written
  Partitioned compression: NB72462M_first250000: cottas-merge merging — 29,250,000 triples · 29,250,000 distinct triples written
  Partitioned compression: NB72462M_first250000: cottas-merge merging — 29,500,000 triples · 29,500,000 distinct triples written
  Partitioned compression: NB72462M_first250000: cottas-merge merging — 29,750,000 triples · 29,750,000 distinct triples written
  Partitioned compression: NB72462M_first250000: cottas-merge merging — 30,000,000 triples · 30,000,000 distinct triples written
  Partitioned compression: NB72462M_first250000: cottas-merge merging — 30,250,000 triples · 30,250,000 distinct triples written
  Partitioned compression: NB72462M_first250000: cottas-merge merging — 30,500,000 triples · 30,500,000 distinct triples written
  Partitioned compression: NB72462M_first250000: cottas-merge merging — 30,750,000 triples · 30,750,000 distinct triples written
  Partitioned compression: NB72462M_first250000: cottas-merge merging — 31,000,000 triples · 31,000,000 distinct triples written
  Partitioned compression: NB72462M_first250000: cottas-merge merging — 31,250,000 triples · 31,250,000 distinct triples written
  Partitioned compression: NB72462M_first250000: cottas-merge merging — 31,500,000 triples · 31,500,000 distinct triples written
  Partitioned compression: NB72462M_first250000: cottas-merge merging — 31,750,000 triples · 31,750,000 distinct triples written
  Partitioned compression: NB72462M_first250000: cottas-merge merging — 32,000,000 triples · 32,000,000 distinct triples written
  Partitioned compression: NB72462M_first250000: cottas-merge merging — 32,250,000 triples · 32,250,000 distinct triples written
  Partitioned compression: NB72462M_first250000: cottas-merge merging — 32,500,000 triples · 32,500,000 distinct triples written
  Partitioned compression: NB72462M_first250000: cottas-merge merging — 32,750,000 triples · 32,750,000 distinct triples written
  Partitioned compression: NB72462M_first250000: cottas-merge merging — 33,000,000 triples · 33,000,000 distinct triples written
  Partitioned compression: NB72462M_first250000: cottas-merge merging — 33,250,000 triples · 33,250,000 distinct triples written
  Partitioned compression: NB72462M_first250000: cottas-merge merging — 33,500,000 triples · 33,500,000 distinct triples written
  Partitioned compression: NB72462M_first250000: cottas-merge merging — 33,750,000 triples · 33,750,000 distinct triples written
  Partitioned compression: NB72462M_first250000: cottas-merge merging — 34,000,000 triples · 34,000,000 distinct triples written
  Partitioned compression: NB72462M_first250000: cottas-merge merging — 34,250,000 triples · 34,250,000 distinct triples written
  Partitioned compression: NB72462M_first250000: cottas-merge merging — 34,500,000 triples · 34,500,000 distinct triples written
  Partitioned compression: NB72462M_first250000: cottas-merge merging — 34,750,000 triples · 34,750,000 distinct triples written
  Partitioned compression: NB72462M_first250000: cottas-merge merging — 35,000,000 triples · 35,000,000 distinct triples written
  Partitioned compression: NB72462M_first250000: cottas-merge merging — 35,250,000 triples · 35,250,000 distinct triples written
  Partitioned compression: NB72462M_first250000: cottas-merge merging — 35,500,000 triples · 35,500,000 distinct triples written
  Partitioned compression: NB72462M_first250000: cottas-merge merging — 35,750,000 triples · 35,750,000 distinct triples written
  Partitioned compression: NB72462M_first250000: cottas-merge merging — 36,000,000 triples · 36,000,000 distinct triples written
  Partitioned compression: NB72462M_first250000: cottas-merge merging — 36,250,000 triples · 36,250,000 distinct triples written
  Partitioned compression: NB72462M_first250000: cottas-merge merging — 36,500,000 triples · 36,500,000 distinct triples written
  Partitioned compression: NB72462M_first250000: cottas-merge merging — 36,750,000 triples · 36,750,000 distinct triples written
  Partitioned compression: NB72462M_first250000: cottas-merge merging — 37,000,000 triples · 37,000,000 distinct triples written
  Partitioned compression: NB72462M_first250000: cottas-merge merging — 37,250,000 triples · 37,250,000 distinct triples written
  Partitioned compression: NB72462M_first250000: cottas-merge merging — 37,500,000 triples · 37,500,000 distinct triples written
  Partitioned compression: NB72462M_first250000: cottas-merge merging — 37,750,000 triples · 37,750,000 distinct triples written
  Partitioned compression: NB72462M_first250000: cottas-merge merging — 38,000,000 triples · 38,000,000 distinct triples written
  Partitioned compression: NB72462M_first250000: cottas-merge merging — 38,250,000 triples · 38,250,000 distinct triples written
  Partitioned compression: NB72462M_first250000: cottas-merge merging — 38,500,000 triples · 38,500,000 distinct triples written
  Partitioned compression: NB72462M_first250000: cottas-merge merging — 38,750,000 triples · 38,750,000 distinct triples written
  Partitioned compression: NB72462M_first250000: cottas-merge merging — 39,000,000 triples · 39,000,000 distinct triples written
  Partitioned compression: NB72462M_first250000: cottas-merge merging — 39,250,000 triples · 39,250,000 distinct triples written
  Partitioned compression: NB72462M_first250000: cottas-merge merging — 39,500,000 triples · 39,500,000 distinct triples written
  Partitioned compression: NB72462M_first250000: cottas-merge merging — 39,750,000 triples · 39,750,000 distinct triples written
  Partitioned compression: NB72462M_first250000: cottas-merge merging — 40,000,000 triples · 40,000,000 distinct triples written
  Partitioned compression: NB72462M_first250000: cottas-merge merging — 40,250,000 triples · 40,250,000 distinct triples written
  Partitioned compression: NB72462M_first250000: cottas-merge merging — 40,500,000 triples · 40,500,000 distinct triples written
  Partitioned compression: NB72462M_first250000: cottas-merge merging — 40,750,000 triples · 40,750,000 distinct triples written
  Partitioned compression: NB72462M_first250000: cottas-merge merging — 41,000,000 triples · 41,000,000 distinct triples written
  Partitioned compression: NB72462M_first250000: cottas-merge merging — 41,250,000 triples · 41,250,000 distinct triples written
  Partitioned compression: NB72462M_first250000: cottas-merge merging — 41,500,000 triples · 41,500,000 distinct triples written
  Partitioned compression: NB72462M_first250000: cottas-merge merging — 41,750,000 triples · 41,750,000 distinct triples written
  Partitioned compression: NB72462M_first250000: cottas-merge merging — 42,000,000 triples · 42,000,000 distinct triples written
  Partitioned compression: NB72462M_first250000: cottas-merge merging — 42,250,000 triples · 42,250,000 distinct triples written
  Partitioned compression: NB72462M_first250000: cottas-merge merging — 42,500,000 triples · 42,500,000 distinct triples written
  Partitioned compression: NB72462M_first250000: cottas-merge merging — 42,750,000 triples · 42,750,000 distinct triples written
  Partitioned compression: NB72462M_first250000: cottas-merge merging — 43,000,000 triples · 43,000,000 distinct triples written
  Partitioned compression: NB72462M_first250000: cottas-merge merging — 43,250,000 triples · 43,250,000 distinct triples written
  Partitioned compression: NB72462M_first250000: cottas-merge merging — 43,500,000 triples · 43,500,000 distinct triples written
  Partitioned compression: NB72462M_first250000: cottas-merge merging — 43,750,000 triples · 43,750,000 distinct triples written
  Partitioned compression: NB72462M_first250000: cottas-merge merging — 44,000,000 triples · 44,000,000 distinct triples written
  Partitioned compression: NB72462M_first250000: cottas-merge merging — 44,250,000 triples · 44,250,000 distinct triples written
  Partitioned compression: NB72462M_first250000: cottas-merge merging — 44,500,000 triples · 44,500,000 distinct triples written
  Partitioned compression: NB72462M_first250000: cottas-merge merging — 44,750,000 triples · 44,750,000 distinct triples written
  Partitioned compression: NB72462M_first250000: cottas-merge merging — 45,000,000 triples · 45,000,000 distinct triples written
  Partitioned compression: NB72462M_first250000: cottas-merge merging — 45,250,000 triples · 45,250,000 distinct triples written
  Partitioned compression: NB72462M_first250000: cottas-merge merging — 45,500,000 triples · 45,500,000 distinct triples written
  Partitioned compression: NB72462M_first250000: cottas-merge merging — 45,750,000 triples · 45,750,000 distinct triples written
  Partitioned compression: NB72462M_first250000: cottas-merge merging — 46,000,000 triples · 46,000,000 distinct triples written
  Partitioned compression: NB72462M_first250000: cottas-merge merging — 46,250,000 triples · 46,250,000 distinct triples written
  Partitioned compression: NB72462M_first250000: cottas-merge merging — 46,500,000 triples · 46,500,000 distinct triples written
  Partitioned compression: NB72462M_first250000: cottas-merge merging — 46,750,000 triples · 46,750,000 distinct triples written
  Partitioned compression: NB72462M_first250000: cottas-merge merging — 47,000,000 triples · 47,000,000 distinct triples written
  Partitioned compression: NB72462M_first250000: cottas-merge merging — 47,250,000 triples · 47,250,000 distinct triples written
  Partitioned compression: NB72462M_first250000: cottas-merge merging — 47,500,000 triples · 47,500,000 distinct triples written
  Partitioned compression: NB72462M_first250000: cottas-merge merging — 47,750,000 triples · 47,750,000 distinct triples written
  Partitioned compression: NB72462M_first250000: cottas-merge merging — 48,000,000 triples · 48,000,000 distinct triples written
  Partitioned compression: NB72462M_first250000: cottas-merge merging — 48,250,000 triples · 48,250,000 distinct triples written
  Partitioned compression: NB72462M_first250000: cottas-merge merging — 48,500,000 triples · 48,500,000 distinct triples written
  Partitioned compression: NB72462M_first250000: cottas-merge merging — 48,750,000 triples · 48,750,000 distinct triples written
  Partitioned compression: NB72462M_first250000: cottas-merge merging — 49,000,000 triples · 49,000,000 distinct triples written
  Partitioned compression: NB72462M_first250000: cottas-merge merging — 49,250,000 triples · 49,250,000 distinct triples written
  Partitioned compression: NB72462M_first250000: cottas-merge merging — 49,500,000 triples · 49,500,000 distinct triples written
  Partitioned compression: NB72462M_first250000: cottas-merge merging — 49,750,000 triples · 49,750,000 distinct triples written
  Partitioned compression: NB72462M_first250000: cottas-merge merging — 50,000,000 triples · 50,000,000 distinct triples written
  Partitioned compression: NB72462M_first250000: cottas-merge merging — 50,250,000 triples · 50,250,000 distinct triples written
  Partitioned compression: NB72462M_first250000: cottas-merge merging — 50,500,000 triples · 50,500,000 distinct triples written
  Partitioned compression: NB72462M_first250000: cottas-merge merging — 50,750,000 triples · 50,750,000 distinct triples written
  Partitioned compression: NB72462M_first250000: cottas-merge merging — 51,000,000 triples · 51,000,000 distinct triples written
  Partitioned compression: NB72462M_first250000: cottas-merge merging — 51,250,000 triples · 51,250,000 distinct triples written
  Partitioned compression: NB72462M_first250000: cottas-merge merging — 51,500,000 triples · 51,500,000 distinct triples written
  Partitioned compression: NB72462M_first250000: cottas-merge merging — 51,750,000 triples · 51,750,000 distinct triples written
  Partitioned compression: NB72462M_first250000: cottas-merge merging — 52,000,000 triples · 52,000,000 distinct triples written
  Partitioned compression: NB72462M_first250000: cottas-merge merging — 52,250,000 triples · 52,250,000 distinct triples written
  Partitioned compression: NB72462M_first250000: cottas-merge merging — 52,500,000 triples · 52,500,000 distinct triples written
  Partitioned compression: NB72462M_first250000: cottas-merge merging — 52,750,000 triples · 52,750,000 distinct triples written
  Partitioned compression: NB72462M_first250000: cottas-merge merging — 53,000,000 triples · 53,000,000 distinct triples written
  Partitioned compression: NB72462M_first250000: cottas-merge merging — 53,250,000 triples · 53,250,000 distinct triples written
  Partitioned compression: NB72462M_first250000: cottas-merge merging — 53,500,000 triples · 53,500,000 distinct triples written
  Partitioned compression: NB72462M_first250000: cottas-merge merging — 53,750,000 triples · 53,750,000 distinct triples written
  Partitioned compression: NB72462M_first250000: cottas-merge merging — 54,000,000 triples · 54,000,000 distinct triples written
  Partitioned compression: NB72462M_first250000: cottas-merge merging — 54,250,000 triples · 54,250,000 distinct triples written
  Partitioned compression: NB72462M_first250000: cottas-merge merging — 54,500,000 triples · 54,500,000 distinct triples written
  Partitioned compression: NB72462M_first250000: cottas-merge merging — 54,750,000 triples · 54,750,000 distinct triples written
  Partitioned compression: NB72462M_first250000: cottas-merge merging — 55,000,000 triples · 55,000,000 distinct triples written
  Partitioned compression: NB72462M_first250000: cottas-merge merging — 55,250,000 triples · 55,250,000 distinct triples written
  Partitioned compression: NB72462M_first250000: cottas-merge merging — 55,500,000 triples · 55,500,000 distinct triples written
  Partitioned compression: NB72462M_first250000: cottas-merge merging — 55,750,000 triples · 55,750,000 distinct triples written
  Partitioned compression: NB72462M_first250000: cottas-merge merging — 56,000,000 triples · 56,000,000 distinct triples written
  Partitioned compression: NB72462M_first250000: cottas-merge merging — 56,250,000 triples · 56,250,000 distinct triples written
  Partitioned compression: NB72462M_first250000: cottas-merge merging — 56,500,000 triples · 56,500,000 distinct triples written
  Partitioned compression: NB72462M_first250000: cottas-merge merging — 56,750,000 triples · 56,750,000 distinct triples written
  Partitioned compression: NB72462M_first250000: cottas-merge merging — 57,000,000 triples · 57,000,000 distinct triples written
  Partitioned compression: NB72462M_first250000: cottas-merge merging — 57,250,000 triples · 57,250,000 distinct triples written
  Partitioned compression: NB72462M_first250000: cottas-merge merging — 57,500,000 triples · 57,500,000 distinct triples written
  Partitioned compression: NB72462M_first250000: cottas-merge merging — 57,750,000 triples · 57,750,000 distinct triples written
  Partitioned compression: NB72462M_first250000: cottas-merge merging — 58,000,000 triples · 58,000,000 distinct triples written
  Partitioned compression: NB72462M_first250000: cottas-merge merging — 58,250,000 triples · 58,250,000 distinct triples written
  Partitioned compression: NB72462M_first250000: cottas-merge merging — 58,500,000 triples · 58,500,000 distinct triples written
  Partitioned compression: NB72462M_first250000: cottas-merge merging — 58,750,000 triples · 58,750,000 distinct triples written
  Partitioned compression: NB72462M_first250000: cottas-merge merging — 59,000,000 triples · 59,000,000 distinct triples written
  Partitioned compression: NB72462M_first250000: cottas-merge merging — 59,250,000 triples · 59,250,000 distinct triples written
  Partitioned compression: NB72462M_first250000: cottas-merge merging — 59,500,000 triples · 59,500,000 distinct triples written
  Partitioned compression: NB72462M_first250000: cottas-merge merging — 59,750,000 triples · 59,750,000 distinct triples written
  Partitioned compression: NB72462M_first250000: cottas-merge complete — 59,959,711 triples · 59,959,711 distinct triples written
  Partitioned compression: NB72462M_first250000: cottas-merge complete — cottas-merge-stream
  Partitioned compression: NB72462M_first250000: cottas started — cottas-validate
  Partitioned compression: NB72462M_first250000: cottas complete — cottas-validate
Partitioned compression: NB72462M_first250000: finished
