Step 1/5: Validating inputs ✅
  Metrics: /home/ubuntu/vrdev-test/acmg-run/results/17_use_case_acmg__cohort/convert__HG01613/out/run_metrics/HG01613.acmg__20260928T165707
  Detailed logs: /home/ubuntu/vrdev-test/acmg-run/results/17_use_case_acmg__cohort/convert__HG01613/out/run_metrics/HG01613.acmg__20260928T165707/logs/wrapper.log
  Progress log: /home/ubuntu/vrdev-test/acmg-run/results/17_use_case_acmg__cohort/convert__HG01613/out/run_metrics/HG01613.acmg__20260928T165707/logs/progress.log
Step 2/5: Ensuring Docker image is available ✅
Step 3/5: Processing per-input pipeline (TSV -> RDF -> compression)
  Sample representation: expanded
  INFO representation: structured
  Header representation: structured
  - Input 1/1: HG01613.acmg.vcf
    * TSV conversion ✅
    * VCF version: VCFv4.2 (detected)
    * RDF conversion ✅
    * Streaming expanded multi-sample RDF (no expanded helper TSVs)
    * Sample RDF streaming: 10,000 variants, 10,000 calls
    * Sample calls streamed: 10,129; FORMAT values: 10,129
    * Streaming structured header RDF
    * Header lines typed: 43; contigs: 24
    * Streaming QUAL and structured INFO RDF
    * INFO RDF streaming: 10,000 variants, 0 values
    * QUAL values streamed: 10,129; INFO values: 0; declarations: 0
    * Triples produced: 597,420
    * Compression ✅
    * Output directory: /home/ubuntu/vrdev-test/acmg-run/results/17_use_case_acmg__cohort/convert__HG01613/out/HG01613.acmg
      - RDF aggregate: HG01613.acmg.nt
      - N-Triples (.nt): 76.55 MB (removed after successful compression)
      - gzip (.nt.gz): 2.79 MB
Total triples produced (full run): 597,420
Conversion process finished.
Run time (full mode): 15.57s
Timing log: /home/ubuntu/vrdev-test/acmg-run/results/17_use_case_acmg__cohort/convert__HG01613/out/run_metrics/HG01613.acmg__20260928T165707/wrapper_execution_times.csv
Metrics summary: /home/ubuntu/vrdev-test/acmg-run/results/17_use_case_acmg__cohort/convert__HG01613/out/run_metrics/HG01613.acmg__20260928T165707/summary.json
