TSV conversion: NA19719.acmg: started
TSV conversion: NA19719.acmg: finished
RMLStreamer: NA19719.acmg: started
  RMLStreamer: NA19719.acmg: rmlstreamer started — 0 B · 0 parts
  RMLStreamer: NA19719.acmg: rmlstreamer heartbeat — 0 B · 0 parts
  RMLStreamer: NA19719.acmg: rmlstreamer heartbeat — 48.29 KB · 8 parts
  RMLStreamer: NA19719.acmg: rmlstreamer heartbeat — 7.75 MB · 8 parts
  RMLStreamer: NA19719.acmg: rmlstreamer heartbeat — 9.66 MB · 8 parts
  RMLStreamer: NA19719.acmg: rmlstreamer complete — 9.66 MB · 8 parts
  RMLStreamer: NA19719.acmg: rdf-aggregate started — 0 parts
  RMLStreamer: NA19719.acmg: rdf-aggregate part — 1 parts
  RMLStreamer: NA19719.acmg: rdf-aggregate part — 2 parts
  RMLStreamer: NA19719.acmg: rdf-aggregate part — 3 parts
  RMLStreamer: NA19719.acmg: rdf-aggregate part — 4 parts
  RMLStreamer: NA19719.acmg: rdf-aggregate part — 5 parts
  RMLStreamer: NA19719.acmg: rdf-aggregate part — 6 parts
  RMLStreamer: NA19719.acmg: rdf-aggregate part — 7 parts
  RMLStreamer: NA19719.acmg: rdf-aggregate part — 8 parts
  RMLStreamer: NA19719.acmg: rdf-aggregate complete — 8 parts
RMLStreamer: NA19719.acmg: finished
Gzip: NA19719.acmg: started
Gzip: NA19719.acmg: finished
