2026-10-08 17:11:04.508 - INFO: [1mQLever server bfd5741, compiled on Thu Sep  3 17:32:42 UTC 2026 using git hash bfd5741[22m
2026-10-08 17:11:04.508 - INFO: Cleanup of previous index directories after each rebuild enabled (--rebuild-keep-previous-index-dirs original-and-most-recent)
2026-10-08 17:11:04.508 - INFO: The git hash used to build this index was "bfd5741"
2026-10-08 17:11:04.508 - INFO: Reading vocabulary from file /home/ubuntu/vrdev-test/conv/run-e3743590/work/scratch/jvarkit-HG005_GRCh38_r100000/qlever-index/vcf-rdfizer.vocabulary.words ...
2026-10-08 17:11:04.509 - WARN: io_uring is compiled in but unavailable at runtime (io_uring_queue_init failed in IoUringManager. In file "/qlever/src/util/IoUringManager.cpp" at line 69); falling back to synchronous pread for vocabulary lookups
2026-10-08 17:11:04.509 - INFO: Done, number of words: 202,831
2026-10-08 17:11:04.509 - INFO: Number of words in internal vocabulary (these are also part of the external vocabulary): 207
2026-10-08 17:11:04.509 - INFO: Registered PSO permutation: #relations = 1, #blocks = 7, #triples = 200,206
2026-10-08 17:11:04.509 - INFO: Registered PSO permutation: #relations = 15, #blocks = 54, #triples = 1,356,223
2026-10-08 17:11:04.509 - INFO: Registered POS permutation: #relations = 1, #blocks = 7, #triples = 200,206
2026-10-08 17:11:04.509 - INFO: Registered POS permutation: #relations = 15, #blocks = 54, #triples = 1,356,223
2026-10-08 17:11:04.509 - INFO: Registered OPS permutation: #relations = 204,897, #blocks = 53, #triples = 1,356,223
2026-10-08 17:11:04.509 - INFO: Registered OSP permutation: #relations = 204,897, #blocks = 53, #triples = 1,356,223
2026-10-08 17:11:04.509 - INFO: Registered SPO permutation: #relations = 200,206, #blocks = 29, #triples = 1,356,223
2026-10-08 17:11:04.509 - INFO: Registered SOP permutation: #relations = 200,206, #blocks = 29, #triples = 1,356,223
2026-10-08 17:11:04.509 - INFO: Reading patterns from file /home/ubuntu/vrdev-test/conv/run-e3743590/work/scratch/jvarkit-HG005_GRCh38_r100000/qlever-index/vcf-rdfizer.index.patterns ...
2026-10-08 17:11:04.509 - INFO: Sorting random result tables to estimate the sorting performance of this machine ...
2026-10-08 17:11:04.512 - INFO: Initializing server ...
2026-10-08 17:11:04.512 - INFO: Access token for restricted API calls is ""
2026-10-08 17:11:04.513 - INFO: The server is ready, listening for requests on port 7019 ...
2026-10-08 17:11:04.524 - INFO: 
2026-10-08 17:11:04.524 - INFO: Request received via POST, content type "application/x-www-form-urlencoded"
2026-10-08 17:11:04.525 - INFO: Processing the following SPARQL query:
SELECT * WHERE { ?s ?p ?o } LIMIT 1
2026-10-08 17:11:04.526 - INFO: Requested media types of the result are: "application/sparql-results+json"
2026-10-08 17:11:04.526 - INFO: Query planning done in 2 ms
2026-10-08 17:11:04.526 - INFO: Result has unknown size (not computed yet)
2026-10-08 17:11:04.528 - INFO: Done processing query and sending result, total time was 4 ms
2026-10-08 17:11:04.529 - INFO: 
2026-10-08 17:11:04.529 - INFO: Request received via POST, content type "application/x-www-form-urlencoded"
2026-10-08 17:11:04.532 - INFO: Processing the following SPARQL query:
PREFIX vcf: <http://github.com/lindenb/jvarkit/>
PREFIX xsd: <http://www.w3.org/2001/XMLSchema#>
# JVarkit vcf2rdf (commit fc2356a3), run with --hide '' so ALT, FILTER and GT are written.
# Its classes are written as IRIs with the scheme "vcf" (<vcf:Variant>), not as prefixed names,
# so they are matched literally. A record is <urn:variant/CHROM:POS:REF>.
SELECT ?chrom ?windowIndex (COUNT(DISTINCT ?record) AS ?recordCount)
WHERE {
  ?record a <vcf:Variant> ; vcf:chrom ?chromIri ; vcf:position ?pos .
  BIND(STRAFTER(STR(?chromIri), "urn:chrom/") AS ?chrom)
  BIND(xsd:integer(FLOOR((xsd:integer(?pos) - 1) / 1000000)) AS ?windowIndex)
}
GROUP BY ?chrom ?windowIndex
ORDER BY ?chrom ?windowIndex

2026-10-08 17:11:04.532 - INFO: Requested media types of the result are: "application/sparql-results+json"
2026-10-08 17:11:04.533 - INFO: Query planning done in 3 ms
2026-10-08 17:11:04.721 - INFO: Result has size 78 x 3
2026-10-08 17:11:04.722 - INFO: Done processing query and sending result, total time was 192 ms
2026-10-08 17:11:04.724 - INFO: 
2026-10-08 17:11:04.724 - INFO: Request received via POST, content type "application/x-www-form-urlencoded"
2026-10-08 17:11:04.728 - INFO: Processing the following SPARQL query:
PREFIX vcf: <http://github.com/lindenb/jvarkit/>
PREFIX xsd: <http://www.w3.org/2001/XMLSchema#>
# JVarkit vcf2rdf (commit fc2356a3), run with --hide '' so ALT, FILTER and GT are written.
# Its classes are written as IRIs with the scheme "vcf" (<vcf:Variant>), not as prefixed names,
# so they are matched literally. A record is <urn:variant/CHROM:POS:REF>.
# One vcf:alt literal per ALT allele, REF excluded; a symbolic allele or breakend is written as "".
SELECT ?variantClass (COUNT(?record) AS ?recordCount)
WHERE {
  {
    SELECT ?record (SAMPLE(?refLiteral) AS ?refValue) (SAMPLE(?altLiteral) AS ?altValue)
           (COUNT(DISTINCT ?altLiteral) AS ?nAlt)
    WHERE {
      ?record a <vcf:Variant> ; vcf:ref ?refLiteral .
      OPTIONAL { ?record vcf:alt ?altLiteral }
    }
    GROUP BY ?record
  }
  BIND(UCASE(STR(?refValue)) AS ?ref)
  BIND(UCASE(COALESCE(STR(?altValue), "")) AS ?alt)
  BIND(IF(?nAlt = 0, "NO_ALT", IF(?nAlt > 1, "MULTIALLELIC",
    IF(?alt = "" || ?alt = "*" || CONTAINS(?alt, "[") || CONTAINS(?alt, "]") ||
       (STRSTARTS(?alt, "<") && STRENDS(?alt, ">")), "SYMBOLIC_OR_BREAKEND",
    IF(!REGEX(?ref, "^[ACGTN]+$") || !REGEX(?alt, "^[ACGTN]+$"), "OTHER",
    IF(STRLEN(?ref) = 1 && STRLEN(?alt) = 1, "SNV",
    IF(STRLEN(?ref) = STRLEN(?alt), "MNV_OR_EQUAL_LENGTH_SUBSTITUTION",
    IF(STRLEN(?ref) < STRLEN(?alt), "INSERTION_SHAPE", "DELETION_SHAPE"))))))) AS ?variantClass)
}
GROUP BY ?variantClass
ORDER BY ?variantClass

2026-10-08 17:11:04.728 - INFO: Requested media types of the result are: "application/sparql-results+json"
2026-10-08 17:11:04.729 - INFO: Query planning done in 5 ms
2026-10-08 17:11:05.241 - INFO: Result has size 4 x 2
2026-10-08 17:11:05.242 - INFO: Done processing query and sending result, total time was 518 ms
2026-10-08 17:11:05.243 - INFO: 
2026-10-08 17:11:05.243 - INFO: Request received via POST, content type "application/x-www-form-urlencoded"
2026-10-08 17:11:05.245 - INFO: Processing the following SPARQL query:
PREFIX vcf: <http://github.com/lindenb/jvarkit/>
PREFIX xsd: <http://www.w3.org/2001/XMLSchema#>
# JVarkit vcf2rdf (commit fc2356a3), run with --hide '' so ALT, FILTER and GT are written.
# Its classes are written as IRIs with the scheme "vcf" (<vcf:Variant>), not as prefixed names,
# so they are matched literally. A record is <urn:variant/CHROM:POS:REF>.
SELECT (COUNT(?record) AS ?biallelicSnvCount) (SUM(?isTransition) AS ?transitionCount)
       (SUM(1 - ?isTransition) AS ?transversionCount)
WHERE {
  {
    SELECT ?record (SAMPLE(?refLiteral) AS ?refValue) (SAMPLE(?altLiteral) AS ?altValue)
    WHERE { ?record a <vcf:Variant> ; vcf:ref ?refLiteral ; vcf:alt ?altLiteral }
    GROUP BY ?record
    HAVING (COUNT(DISTINCT ?altLiteral) = 1)
  }
  BIND(UCASE(STR(?refValue)) AS ?ref)
  BIND(UCASE(STR(?altValue)) AS ?alt)
  FILTER(REGEX(?ref, "^[ACGT]$") && REGEX(?alt, "^[ACGT]$") && ?ref != ?alt)
  BIND(IF(CONCAT(?ref, ?alt) IN ("AG", "GA", "CT", "TC"), 1, 0) AS ?isTransition)
}

2026-10-08 17:11:05.245 - INFO: Requested media types of the result are: "application/sparql-results+json"
2026-10-08 17:11:05.245 - INFO: Query planning done in 2 ms
2026-10-08 17:11:05.343 - INFO: Result has unknown size (not computed yet)
2026-10-08 17:11:09.661 - INFO: Done processing query and sending result, total time was 4,418 ms
2026-10-08 17:11:09.663 - INFO: 
2026-10-08 17:11:09.663 - INFO: Request received via POST, content type "application/x-www-form-urlencoded"
2026-10-08 17:11:09.664 - INFO: Processing the following SPARQL query:
PREFIX vcf: <http://github.com/lindenb/jvarkit/>
PREFIX xsd: <http://www.w3.org/2001/XMLSchema#>
# JVarkit vcf2rdf (commit fc2356a3), run with --hide '' so ALT, FILTER and GT are written.
# Its classes are written as IRIs with the scheme "vcf" (<vcf:Variant>), not as prefixed names,
# so they are matched literally. A record is <urn:variant/CHROM:POS:REF>.
# JVarkit writes one vcf:filter per failed filter, and nothing for either PASS or "." (both are
# "not filtered" to htsjdk). The port reads a record with no vcf:filter as PASS; a file whose
# FILTER column is "." would therefore be misreported. Multiple filters lose their file order, so
# they are joined in sorted order.
SELECT ?filterStatus ?filterLexical (COUNT(?record) AS ?recordCount)
WHERE {
  {
    SELECT ?record (GROUP_CONCAT(DISTINCT ?filterId; separator=";") AS ?filters)
    WHERE {
      ?record a <vcf:Variant> .
      OPTIONAL { ?record vcf:filter ?filterIri BIND(STRAFTER(STR(?filterIri), "urn:filter/") AS ?filterId) }
    }
    GROUP BY ?record
  }
  BIND(IF(COALESCE(?filters, "") = "", "PASS", ?filters) AS ?filterLexical)
  BIND(IF(?filterLexical = "PASS", "PASS", "FAILED") AS ?filterStatus)
}
GROUP BY ?filterStatus ?filterLexical
ORDER BY ?filterStatus ?filterLexical

2026-10-08 17:11:09.664 - INFO: Requested media types of the result are: "application/sparql-results+json"
2026-10-08 17:11:09.664 - INFO: Query planning done in 1 ms
2026-10-08 17:11:09.790 - INFO: Result has size 1 x 3
2026-10-08 17:11:09.790 - INFO: Done processing query and sending result, total time was 127 ms
2026-10-08 17:11:09.791 - INFO: 
2026-10-08 17:11:09.791 - INFO: Request received via POST, content type "application/x-www-form-urlencoded"
2026-10-08 17:11:09.795 - INFO: Processing the following SPARQL query:
PREFIX vcf: <http://github.com/lindenb/jvarkit/>
PREFIX xsd: <http://www.w3.org/2001/XMLSchema#>
# JVarkit vcf2rdf (commit fc2356a3), run with --hide '' so ALT, FILTER and GT are written.
# Its classes are written as IRIs with the scheme "vcf" (<vcf:Variant>), not as prefixed names,
# so they are matched literally. A record is <urn:variant/CHROM:POS:REF>.
# One <vcf:Genotype> per record and sample, typed by htsjdk's call class. A no-call carries no
# class and is read as MISSING; JVarkit writes no ploidy, so haploid calls cannot be told from
# homozygous ones.
SELECT ?sampleId ?genotypeClass (COUNT(DISTINCT ?genotype) AS ?callCount)
WHERE {
  ?genotype a <vcf:Genotype> ; vcf:sample ?sample .
  BIND(STRAFTER(STR(?sample), "urn:sample/") AS ?sampleId)
  OPTIONAL {
    ?genotype a ?class .
    VALUES (?class ?mapped) {
      (<vcf:HomRefGenotype> "HOM_REF") (<vcf:HomVarGenotype> "HOM_ALT")
      (<vcf:HetGenotype> "HET") (<vcf:HetNonRefGenotype> "HET")
    }
  }
  BIND(COALESCE(?mapped, "MISSING") AS ?genotypeClass)
}
GROUP BY ?sampleId ?genotypeClass
ORDER BY ?sampleId ?genotypeClass

2026-10-08 17:11:09.795 - INFO: Requested media types of the result are: "application/sparql-results+json"
2026-10-08 17:11:09.795 - INFO: Query planning done in 4 ms
2026-10-08 17:11:09.940 - INFO: Number of tuples in VALUES clause: 4
2026-10-08 17:11:09.940 - INFO: Number of entries in local vocabulary per column: 1, 4
2026-10-08 17:11:10.020 - INFO: Result has size 2 x 3
2026-10-08 17:11:10.021 - INFO: Done processing query and sending result, total time was 229 ms
2026-10-08 17:11:10.022 - INFO: 
2026-10-08 17:11:10.022 - INFO: Request received via POST, content type "application/x-www-form-urlencoded"
2026-10-08 17:11:10.023 - INFO: Processing the following SPARQL query:
PREFIX vcf: <http://github.com/lindenb/jvarkit/>
PREFIX xsd: <http://www.w3.org/2001/XMLSchema#>
# JVarkit vcf2rdf (commit fc2356a3), run with --hide '' so ALT, FILTER and GT are written.
# Its classes are written as IRIs with the scheme "vcf" (<vcf:Variant>), not as prefixed names,
# so they are matched literally. A record is <urn:variant/CHROM:POS:REF>.
# AN and AC from each call's class, for records with exactly one ALT allele. JVarkit writes no
# ploidy, so every called genotype counts as diploid.
SELECT ?an ?ac (COUNT(?record) AS ?siteCount)
WHERE {
  {
    SELECT ?record (SUM(?callAn) AS ?an) (SUM(?callAc) AS ?ac)
    WHERE {
      {
        SELECT ?record WHERE { ?record a <vcf:Variant> ; vcf:alt ?altLiteral }
        GROUP BY ?record
        HAVING (COUNT(DISTINCT ?altLiteral) = 1)
      }
      ?genotype a <vcf:Genotype> ; vcf:variant ?record .
      OPTIONAL {
        ?genotype a ?class .
        VALUES (?class ?classAn ?classAc) {
          (<vcf:HomRefGenotype> 2 0) (<vcf:HetGenotype> 2 1) (<vcf:HomVarGenotype> 2 2)
        }
      }
      BIND(COALESCE(?classAn, 0) AS ?callAn)
      BIND(COALESCE(?classAc, 0) AS ?callAc)
    }
    GROUP BY ?record
  }
  FILTER(?an > 0)
}
GROUP BY ?an ?ac
ORDER BY ?an ?ac

2026-10-08 17:11:10.023 - INFO: Requested media types of the result are: "application/sparql-results+json"
2026-10-08 17:11:10.023 - INFO: Query planning done in 1 ms
2026-10-08 17:11:10.116 - INFO: Number of tuples in VALUES clause: 3
2026-10-08 17:11:10.116 - INFO: Number of entries in local vocabulary per column: 1, 0, 0
2026-10-08 17:11:10.189 - INFO: Result has size 2 x 3
2026-10-08 17:11:10.190 - INFO: Done processing query and sending result, total time was 167 ms
