Validation: r1000000_cottas_1: started
  Validation: r1000000_cottas_1: validation started — 0 queries · expanded validation started
  Validation: r1000000_cottas_1: validation progress — 0 queries · materializing cottas artifact inside container
  Validation: r1000000_cottas_1: validation progress — 1 queries · cottas: completed q01_record_density_1mb
  Validation: r1000000_cottas_1: validation progress — 2 queries · cottas: completed q02_variant_shape_counts
  Validation: r1000000_cottas_1: validation progress — 3 queries · cottas: completed q03_titv
  Validation: r1000000_cottas_1: validation progress — 4 queries · cottas: completed q04_filter_distribution
  Validation: r1000000_cottas_1: validation progress — 5 queries · cottas: completed q05_sample_genotype_counts
  Validation: r1000000_cottas_1: validation progress — 6 queries · cottas: completed q06_ac_an_distribution
  Validation: r1000000_cottas_1: validation progress — 7 queries · cottas: completed q07_file_metadata
  Validation: r1000000_cottas_1: validation progress — 8 queries · cottas: completed q08_header_line_census
  Validation: r1000000_cottas_1: validation progress — 9 queries · cottas: completed q09_predicate_census
  Validation: r1000000_cottas_1: validation progress — 10 queries · cottas: completed q10_class_census
  Validation: r1000000_cottas_1: validation progress — 11 queries · cottas: completed q11_record_digest
  Validation: r1000000_cottas_1: validation progress — 12 queries · cottas: completed q12_info_value_digest
  Validation: r1000000_cottas_1: validation progress — 13 queries · cottas: completed q13_format_value_digest
  Validation: r1000000_cottas_1: validation failed — validation execution failed
Validation: r1000000_cottas_1: finished
Error: validation failed. See results: /home/ubuntu/vrdev-test/v331/results/16_scale_retrieval/r1000000__cottas__cottas__core__r1/out/run_metrics/batch-HG005_GRCh38_r1000000-2-inputs__20261009T010517/reports/validation/r1000000_cottas_1
See log for details: /home/ubuntu/vrdev-test/v331/results/16_scale_retrieval/r1000000__cottas__cottas__core__r1/out/run_metrics/batch-HG005_GRCh38_r1000000-2-inputs__20261009T010517/logs/wrapper.log
