TSV conversion: HG005_GRCh38_r100000: started
TSV conversion: HG005_GRCh38_r100000: finished
RMLStreamer: HG005_GRCh38_r100000: started
  RMLStreamer: HG005_GRCh38_r100000: rmlstreamer started — 0 B · 0 parts
  RMLStreamer: HG005_GRCh38_r100000: rmlstreamer heartbeat — 0 B · 0 parts
  RMLStreamer: HG005_GRCh38_r100000: rmlstreamer heartbeat — 141.29 KB · 8 parts
  RMLStreamer: HG005_GRCh38_r100000: rmlstreamer heartbeat — 11.51 MB · 8 parts
  RMLStreamer: HG005_GRCh38_r100000: rmlstreamer heartbeat — 26.85 MB · 8 parts
  RMLStreamer: HG005_GRCh38_r100000: rmlstreamer heartbeat — 70.27 MB · 8 parts
  RMLStreamer: HG005_GRCh38_r100000: rmlstreamer heartbeat — 112.01 MB · 8 parts
  RMLStreamer: HG005_GRCh38_r100000: rmlstreamer heartbeat — 112.31 MB · 8 parts
  RMLStreamer: HG005_GRCh38_r100000: rmlstreamer complete — 112.31 MB · 8 parts
  RMLStreamer: HG005_GRCh38_r100000: rdf-aggregate started — 0 parts
  RMLStreamer: HG005_GRCh38_r100000: rdf-aggregate part — 1 parts
  RMLStreamer: HG005_GRCh38_r100000: rdf-aggregate part — 2 parts
  RMLStreamer: HG005_GRCh38_r100000: rdf-aggregate part — 3 parts
  RMLStreamer: HG005_GRCh38_r100000: rdf-aggregate part — 4 parts
  RMLStreamer: HG005_GRCh38_r100000: rdf-aggregate part — 5 parts
  RMLStreamer: HG005_GRCh38_r100000: rdf-aggregate part — 6 parts
  RMLStreamer: HG005_GRCh38_r100000: rdf-aggregate part — 7 parts
  RMLStreamer: HG005_GRCh38_r100000: rdf-aggregate part — 8 parts
  RMLStreamer: HG005_GRCh38_r100000: rdf-aggregate complete — 8 parts
RMLStreamer: HG005_GRCh38_r100000: finished
Partitioned compression: HG005_GRCh38_r100000: started
  Partitioned compression: HG005_GRCh38_r100000: rdf-scan started — 0 triples
  Partitioned compression: HG005_GRCh38_r100000: rdf-scan heartbeat — 512,952 triples · 67,108,950 bytes read
  Partitioned compression: HG005_GRCh38_r100000: rdf-scan heartbeat — 1,005,069 triples · 134,217,933 bytes read
  Partitioned compression: HG005_GRCh38_r100000: rdf-scan heartbeat — 1,426,082 triples · 201,326,819 bytes read
  Partitioned compression: HG005_GRCh38_r100000: rdf-scan heartbeat — 1,845,210 triples · 268,435,795 bytes read
  Partitioned compression: HG005_GRCh38_r100000: rdf-scan heartbeat — 2,262,811 triples · 335,544,690 bytes read
  Partitioned compression: HG005_GRCh38_r100000: rdf-scan heartbeat — 2,680,453 triples · 402,653,614 bytes read
  Partitioned compression: HG005_GRCh38_r100000: rdf-scan heartbeat — 3,098,052 triples · 469,762,655 bytes read
  Partitioned compression: HG005_GRCh38_r100000: rdf-scan chunk — 3,515,648 triples · 1 chunks · 536,871,063 bytes read
  Partitioned compression: HG005_GRCh38_r100000: hdt-chunks started — 0 chunks · hdt-build-00000
  Partitioned compression: HG005_GRCh38_r100000: hdt-chunks complete — 1 chunks · hdt-build-00000
  Partitioned compression: HG005_GRCh38_r100000: cottas-chunks started — 0 chunks · cottas-build-00000
  Partitioned compression: HG005_GRCh38_r100000: cottas-chunks complete — 1 chunks · cottas-build-00000
  Partitioned compression: HG005_GRCh38_r100000: rdf-scan heartbeat — 3,515,652 triples · 536,871,695 bytes read
  Partitioned compression: HG005_GRCh38_r100000: rdf-scan heartbeat — 3,933,252 triples · 603,980,574 bytes read
  Partitioned compression: HG005_GRCh38_r100000: rdf-scan heartbeat — 4,350,815 triples · 671,089,483 bytes read
  Partitioned compression: HG005_GRCh38_r100000: rdf-scan heartbeat — 4,768,369 triples · 738,198,473 bytes read
  Partitioned compression: HG005_GRCh38_r100000: rdf-scan heartbeat — 5,185,934 triples · 805,307,350 bytes read
  Partitioned compression: HG005_GRCh38_r100000: rdf-scan heartbeat — 5,603,486 triples · 872,416,353 bytes read
  Partitioned compression: HG005_GRCh38_r100000: rdf-scan heartbeat — 6,021,071 triples · 939,525,273 bytes read
  Partitioned compression: HG005_GRCh38_r100000: rdf-scan heartbeat — 6,438,638 triples · 1,006,634,226 bytes read
  Partitioned compression: HG005_GRCh38_r100000: rdf-scan chunk — 6,856,238 triples · 2 chunks · 1,073,742,048 bytes read
  Partitioned compression: HG005_GRCh38_r100000: hdt-chunks started — 1 chunks · hdt-build-00001
  Partitioned compression: HG005_GRCh38_r100000: hdt-chunks complete — 2 chunks · hdt-build-00001
  Partitioned compression: HG005_GRCh38_r100000: cottas-chunks started — 1 chunks · cottas-build-00001
  Partitioned compression: HG005_GRCh38_r100000: cottas-chunks complete — 2 chunks · cottas-build-00001
  Partitioned compression: HG005_GRCh38_r100000: rdf-scan heartbeat — 6,856,245 triples · 1,073,743,184 bytes read
  Partitioned compression: HG005_GRCh38_r100000: rdf-scan heartbeat — 7,273,824 triples · 1,140,852,204 bytes read
  Partitioned compression: HG005_GRCh38_r100000: rdf-scan heartbeat — 7,691,414 triples · 1,207,961,102 bytes read
  Partitioned compression: HG005_GRCh38_r100000: rdf-scan heartbeat — 8,109,832 triples · 1,275,070,068 bytes read
  Partitioned compression: HG005_GRCh38_r100000: rdf-scan heartbeat — 8,526,911 triples · 1,342,179,012 bytes read
  Partitioned compression: HG005_GRCh38_r100000: rdf-scan heartbeat — 8,943,057 triples · 1,409,287,987 bytes read
  Partitioned compression: HG005_GRCh38_r100000: rdf-scan heartbeat — 9,356,570 triples · 1,476,396,952 bytes read
  Partitioned compression: HG005_GRCh38_r100000: rdf-scan heartbeat — 9,770,087 triples · 1,543,505,948 bytes read
  Partitioned compression: HG005_GRCh38_r100000: rdf-scan chunk — 10,183,685 triples · 3 chunks · 1,610,613,057 bytes read
  Partitioned compression: HG005_GRCh38_r100000: hdt-chunks started — 2 chunks · hdt-build-00002
  Partitioned compression: HG005_GRCh38_r100000: hdt-chunks complete — 3 chunks · hdt-build-00002
  Partitioned compression: HG005_GRCh38_r100000: cottas-chunks started — 2 chunks · cottas-build-00002
  Partitioned compression: HG005_GRCh38_r100000: cottas-chunks complete — 3 chunks · cottas-build-00002
  Partitioned compression: HG005_GRCh38_r100000: rdf-scan heartbeat — 10,183,697 triples · 1,610,614,939 bytes read
  Partitioned compression: HG005_GRCh38_r100000: rdf-scan heartbeat — 10,596,793 triples · 1,677,723,947 bytes read
  Partitioned compression: HG005_GRCh38_r100000: rdf-scan heartbeat — 11,010,405 triples · 1,744,832,947 bytes read
  Partitioned compression: HG005_GRCh38_r100000: rdf-scan heartbeat — 11,423,922 triples · 1,811,941,873 bytes read
  Partitioned compression: HG005_GRCh38_r100000: rdf-scan heartbeat — 11,837,167 triples · 1,879,050,831 bytes read
  Partitioned compression: HG005_GRCh38_r100000: rdf-scan heartbeat — 12,250,468 triples · 1,946,159,796 bytes read
  Partitioned compression: HG005_GRCh38_r100000: rdf-scan heartbeat — 12,663,791 triples · 2,013,268,774 bytes read
  Partitioned compression: HG005_GRCh38_r100000: rdf-scan heartbeat — 13,077,120 triples · 2,080,377,794 bytes read
  Partitioned compression: HG005_GRCh38_r100000: rdf-scan chunk — 13,490,503 triples · 4 chunks · 2,147,484,447 bytes read
  Partitioned compression: HG005_GRCh38_r100000: hdt-chunks started — 3 chunks · hdt-build-00003
  Partitioned compression: HG005_GRCh38_r100000: hdt-chunks complete — 4 chunks · hdt-build-00003
  Partitioned compression: HG005_GRCh38_r100000: cottas-chunks started — 3 chunks · cottas-build-00003
  Partitioned compression: HG005_GRCh38_r100000: cottas-chunks complete — 4 chunks · cottas-build-00003
  Partitioned compression: HG005_GRCh38_r100000: rdf-scan heartbeat — 13,490,518 triples · 2,147,486,708 bytes read
  Partitioned compression: HG005_GRCh38_r100000: rdf-scan heartbeat — 13,903,944 triples · 2,214,595,605 bytes read
  Partitioned compression: HG005_GRCh38_r100000: rdf-scan heartbeat — 14,317,128 triples · 2,281,704,528 bytes read
  Partitioned compression: HG005_GRCh38_r100000: rdf-scan heartbeat — 14,730,068 triples · 2,348,813,448 bytes read
  Partitioned compression: HG005_GRCh38_r100000: rdf-scan heartbeat — 15,143,129 triples · 2,415,922,397 bytes read
  Partitioned compression: HG005_GRCh38_r100000: rdf-scan heartbeat — 15,556,310 triples · 2,483,031,357 bytes read
  Partitioned compression: HG005_GRCh38_r100000: rdf-scan heartbeat — 15,969,403 triples · 2,550,140,308 bytes read
  Partitioned compression: HG005_GRCh38_r100000: rdf-scan heartbeat — 16,382,619 triples · 2,617,249,177 bytes read
  Partitioned compression: HG005_GRCh38_r100000: rdf-scan chunk — 16,795,822 triples · 5 chunks · 2,684,355,419 bytes read
  Partitioned compression: HG005_GRCh38_r100000: hdt-chunks started — 4 chunks · hdt-build-00004
  Partitioned compression: HG005_GRCh38_r100000: hdt-chunks complete — 5 chunks · hdt-build-00004
  Partitioned compression: HG005_GRCh38_r100000: cottas-chunks started — 4 chunks · cottas-build-00004
  Partitioned compression: HG005_GRCh38_r100000: cottas-chunks complete — 5 chunks · cottas-build-00004
  Partitioned compression: HG005_GRCh38_r100000: rdf-scan heartbeat — 16,795,839 triples · 2,684,358,087 bytes read
  Partitioned compression: HG005_GRCh38_r100000: rdf-scan chunk — 17,098,746 triples · 6 chunks · 2,733,539,045 bytes read
  Partitioned compression: HG005_GRCh38_r100000: hdt-chunks started — 5 chunks · hdt-build-00005
  Partitioned compression: HG005_GRCh38_r100000: hdt-chunks complete — 6 chunks · hdt-build-00005
  Partitioned compression: HG005_GRCh38_r100000: cottas-chunks started — 5 chunks · cottas-build-00005
  Partitioned compression: HG005_GRCh38_r100000: cottas-chunks complete — 6 chunks · cottas-build-00005
  Partitioned compression: HG005_GRCh38_r100000: rdf-scan complete — 17,098,746 triples · 6 chunks
  Partitioned compression: HG005_GRCh38_r100000: hdt-chunks complete — 6 chunks
  Partitioned compression: HG005_GRCh38_r100000: cottas-chunks complete — 6 chunks
  Partitioned compression: HG005_GRCh38_r100000: hdt-merge started — hdt-merge-r01-00000
  Partitioned compression: HG005_GRCh38_r100000: hdt-merge complete — hdt-merge-r01-00000
  Partitioned compression: HG005_GRCh38_r100000: hdt-merge started — hdt-merge-r01-00001
  Partitioned compression: HG005_GRCh38_r100000: hdt-merge complete — hdt-merge-r01-00001
  Partitioned compression: HG005_GRCh38_r100000: hdt-merge started — hdt-merge-r01-00002
  Partitioned compression: HG005_GRCh38_r100000: hdt-merge complete — hdt-merge-r01-00002
  Partitioned compression: HG005_GRCh38_r100000: hdt-merge started — hdt-merge-r02-00000
  Partitioned compression: HG005_GRCh38_r100000: hdt-merge complete — hdt-merge-r02-00000
  Partitioned compression: HG005_GRCh38_r100000: hdt-merge started — hdt-merge-r03-00000
  Partitioned compression: HG005_GRCh38_r100000: hdt-merge complete — hdt-merge-r03-00000
  Partitioned compression: HG005_GRCh38_r100000: hdt started — hdt-index
  Partitioned compression: HG005_GRCh38_r100000: hdt complete — hdt-index
  Partitioned compression: HG005_GRCh38_r100000: hdt started — hdt-validate
  Partitioned compression: HG005_GRCh38_r100000: hdt complete — hdt-validate
  Partitioned compression: HG005_GRCh38_r100000: cottas-merge started — cottas-merge-stream
  Partitioned compression: HG005_GRCh38_r100000: cottas-merge started — 0 triples · 6 sorted COTTAS chunks
  Partitioned compression: HG005_GRCh38_r100000: cottas-merge merging — 250,000 triples · 250,000 distinct triples written
  Partitioned compression: HG005_GRCh38_r100000: cottas-merge merging — 500,000 triples · 500,000 distinct triples written
  Partitioned compression: HG005_GRCh38_r100000: cottas-merge merging — 750,000 triples · 750,000 distinct triples written
  Partitioned compression: HG005_GRCh38_r100000: cottas-merge merging — 1,000,000 triples · 1,000,000 distinct triples written
  Partitioned compression: HG005_GRCh38_r100000: cottas-merge merging — 1,250,000 triples · 1,250,000 distinct triples written
  Partitioned compression: HG005_GRCh38_r100000: cottas-merge merging — 1,500,000 triples · 1,500,000 distinct triples written
  Partitioned compression: HG005_GRCh38_r100000: cottas-merge merging — 1,750,000 triples · 1,750,000 distinct triples written
  Partitioned compression: HG005_GRCh38_r100000: cottas-merge merging — 2,000,000 triples · 2,000,000 distinct triples written
  Partitioned compression: HG005_GRCh38_r100000: cottas-merge merging — 2,250,000 triples · 2,250,000 distinct triples written
  Partitioned compression: HG005_GRCh38_r100000: cottas-merge merging — 2,500,000 triples · 2,500,000 distinct triples written
  Partitioned compression: HG005_GRCh38_r100000: cottas-merge merging — 2,750,000 triples · 2,750,000 distinct triples written
  Partitioned compression: HG005_GRCh38_r100000: cottas-merge merging — 3,000,000 triples · 3,000,000 distinct triples written
  Partitioned compression: HG005_GRCh38_r100000: cottas-merge merging — 3,250,000 triples · 3,250,000 distinct triples written
  Partitioned compression: HG005_GRCh38_r100000: cottas-merge merging — 3,500,000 triples · 3,500,000 distinct triples written
  Partitioned compression: HG005_GRCh38_r100000: cottas-merge merging — 3,750,000 triples · 3,750,000 distinct triples written
  Partitioned compression: HG005_GRCh38_r100000: cottas-merge merging — 4,000,000 triples · 4,000,000 distinct triples written
  Partitioned compression: HG005_GRCh38_r100000: cottas-merge merging — 4,250,000 triples · 4,250,000 distinct triples written
  Partitioned compression: HG005_GRCh38_r100000: cottas-merge merging — 4,500,000 triples · 4,500,000 distinct triples written
  Partitioned compression: HG005_GRCh38_r100000: cottas-merge merging — 4,750,000 triples · 4,750,000 distinct triples written
  Partitioned compression: HG005_GRCh38_r100000: cottas-merge merging — 5,000,000 triples · 5,000,000 distinct triples written
  Partitioned compression: HG005_GRCh38_r100000: cottas-merge merging — 5,250,000 triples · 5,250,000 distinct triples written
  Partitioned compression: HG005_GRCh38_r100000: cottas-merge merging — 5,500,000 triples · 5,500,000 distinct triples written
  Partitioned compression: HG005_GRCh38_r100000: cottas-merge merging — 5,750,000 triples · 5,750,000 distinct triples written
  Partitioned compression: HG005_GRCh38_r100000: cottas-merge merging — 6,000,000 triples · 6,000,000 distinct triples written
  Partitioned compression: HG005_GRCh38_r100000: cottas-merge merging — 6,250,000 triples · 6,250,000 distinct triples written
  Partitioned compression: HG005_GRCh38_r100000: cottas-merge merging — 6,500,000 triples · 6,500,000 distinct triples written
  Partitioned compression: HG005_GRCh38_r100000: cottas-merge merging — 6,750,000 triples · 6,750,000 distinct triples written
  Partitioned compression: HG005_GRCh38_r100000: cottas-merge merging — 7,000,000 triples · 7,000,000 distinct triples written
  Partitioned compression: HG005_GRCh38_r100000: cottas-merge merging — 7,250,000 triples · 7,250,000 distinct triples written
  Partitioned compression: HG005_GRCh38_r100000: cottas-merge merging — 7,500,000 triples · 7,500,000 distinct triples written
  Partitioned compression: HG005_GRCh38_r100000: cottas-merge merging — 7,750,000 triples · 7,750,000 distinct triples written
  Partitioned compression: HG005_GRCh38_r100000: cottas-merge merging — 8,000,000 triples · 8,000,000 distinct triples written
  Partitioned compression: HG005_GRCh38_r100000: cottas-merge merging — 8,250,000 triples · 8,250,000 distinct triples written
  Partitioned compression: HG005_GRCh38_r100000: cottas-merge merging — 8,500,000 triples · 8,500,000 distinct triples written
  Partitioned compression: HG005_GRCh38_r100000: cottas-merge merging — 8,750,000 triples · 8,750,000 distinct triples written
  Partitioned compression: HG005_GRCh38_r100000: cottas-merge merging — 9,000,000 triples · 9,000,000 distinct triples written
  Partitioned compression: HG005_GRCh38_r100000: cottas-merge merging — 9,250,000 triples · 9,250,000 distinct triples written
  Partitioned compression: HG005_GRCh38_r100000: cottas-merge merging — 9,500,000 triples · 9,500,000 distinct triples written
  Partitioned compression: HG005_GRCh38_r100000: cottas-merge merging — 9,750,000 triples · 9,750,000 distinct triples written
  Partitioned compression: HG005_GRCh38_r100000: cottas-merge merging — 10,000,000 triples · 10,000,000 distinct triples written
  Partitioned compression: HG005_GRCh38_r100000: cottas-merge merging — 10,250,000 triples · 10,250,000 distinct triples written
  Partitioned compression: HG005_GRCh38_r100000: cottas-merge merging — 10,500,000 triples · 10,500,000 distinct triples written
  Partitioned compression: HG005_GRCh38_r100000: cottas-merge merging — 10,750,000 triples · 10,750,000 distinct triples written
  Partitioned compression: HG005_GRCh38_r100000: cottas-merge merging — 11,000,000 triples · 11,000,000 distinct triples written
  Partitioned compression: HG005_GRCh38_r100000: cottas-merge merging — 11,250,000 triples · 11,250,000 distinct triples written
  Partitioned compression: HG005_GRCh38_r100000: cottas-merge merging — 11,500,000 triples · 11,500,000 distinct triples written
  Partitioned compression: HG005_GRCh38_r100000: cottas-merge merging — 11,750,000 triples · 11,750,000 distinct triples written
  Partitioned compression: HG005_GRCh38_r100000: cottas-merge merging — 12,000,000 triples · 12,000,000 distinct triples written
  Partitioned compression: HG005_GRCh38_r100000: cottas-merge merging — 12,250,000 triples · 12,250,000 distinct triples written
  Partitioned compression: HG005_GRCh38_r100000: cottas-merge merging — 12,500,000 triples · 12,500,000 distinct triples written
  Partitioned compression: HG005_GRCh38_r100000: cottas-merge merging — 12,750,000 triples · 12,750,000 distinct triples written
  Partitioned compression: HG005_GRCh38_r100000: cottas-merge merging — 13,000,000 triples · 13,000,000 distinct triples written
  Partitioned compression: HG005_GRCh38_r100000: cottas-merge merging — 13,250,000 triples · 13,250,000 distinct triples written
  Partitioned compression: HG005_GRCh38_r100000: cottas-merge merging — 13,500,000 triples · 13,500,000 distinct triples written
  Partitioned compression: HG005_GRCh38_r100000: cottas-merge merging — 13,750,000 triples · 13,750,000 distinct triples written
  Partitioned compression: HG005_GRCh38_r100000: cottas-merge merging — 14,000,000 triples · 14,000,000 distinct triples written
  Partitioned compression: HG005_GRCh38_r100000: cottas-merge merging — 14,250,000 triples · 14,250,000 distinct triples written
  Partitioned compression: HG005_GRCh38_r100000: cottas-merge merging — 14,500,000 triples · 14,500,000 distinct triples written
  Partitioned compression: HG005_GRCh38_r100000: cottas-merge merging — 14,750,000 triples · 14,750,000 distinct triples written
  Partitioned compression: HG005_GRCh38_r100000: cottas-merge merging — 15,000,000 triples · 15,000,000 distinct triples written
  Partitioned compression: HG005_GRCh38_r100000: cottas-merge merging — 15,250,000 triples · 15,250,000 distinct triples written
  Partitioned compression: HG005_GRCh38_r100000: cottas-merge merging — 15,500,000 triples · 15,500,000 distinct triples written
  Partitioned compression: HG005_GRCh38_r100000: cottas-merge merging — 15,750,000 triples · 15,750,000 distinct triples written
  Partitioned compression: HG005_GRCh38_r100000: cottas-merge merging — 16,000,000 triples · 16,000,000 distinct triples written
  Partitioned compression: HG005_GRCh38_r100000: cottas-merge merging — 16,250,000 triples · 16,250,000 distinct triples written
  Partitioned compression: HG005_GRCh38_r100000: cottas-merge merging — 16,500,000 triples · 16,500,000 distinct triples written
  Partitioned compression: HG005_GRCh38_r100000: cottas-merge merging — 16,750,000 triples · 16,750,000 distinct triples written
  Partitioned compression: HG005_GRCh38_r100000: cottas-merge merging — 17,000,000 triples · 17,000,000 distinct triples written
  Partitioned compression: HG005_GRCh38_r100000: cottas-merge complete — 17,098,746 triples · 17,098,746 distinct triples written
  Partitioned compression: HG005_GRCh38_r100000: cottas-merge complete — cottas-merge-stream
  Partitioned compression: HG005_GRCh38_r100000: cottas started — cottas-validate
  Partitioned compression: HG005_GRCh38_r100000: cottas complete — cottas-validate
Partitioned compression: HG005_GRCh38_r100000: finished
