TSV conversion: clinvar.acmg: started
TSV conversion: clinvar.acmg: finished
RMLStreamer: clinvar.acmg: started
  RMLStreamer: clinvar.acmg: rmlstreamer started — 0 B · 0 parts
  RMLStreamer: clinvar.acmg: rmlstreamer heartbeat — 0 B · 0 parts
  RMLStreamer: clinvar.acmg: rmlstreamer heartbeat — 49.58 KB · 8 parts
  RMLStreamer: clinvar.acmg: rmlstreamer heartbeat — 7.62 MB · 8 parts
  RMLStreamer: clinvar.acmg: rmlstreamer heartbeat — 35.62 MB · 8 parts
  RMLStreamer: clinvar.acmg: rmlstreamer heartbeat — 74.94 MB · 8 parts
  RMLStreamer: clinvar.acmg: rmlstreamer heartbeat — 114.09 MB · 8 parts
  RMLStreamer: clinvar.acmg: rmlstreamer heartbeat — 153.34 MB · 8 parts
  RMLStreamer: clinvar.acmg: rmlstreamer heartbeat — 190.34 MB · 8 parts
  RMLStreamer: clinvar.acmg: rmlstreamer heartbeat — 226.75 MB · 8 parts
  RMLStreamer: clinvar.acmg: rmlstreamer heartbeat — 265.20 MB · 8 parts
  RMLStreamer: clinvar.acmg: rmlstreamer heartbeat — 284.29 MB · 8 parts
  RMLStreamer: clinvar.acmg: rmlstreamer heartbeat — 298.38 MB · 8 parts
  RMLStreamer: clinvar.acmg: rmlstreamer heartbeat — 301.66 MB · 8 parts
  RMLStreamer: clinvar.acmg: rmlstreamer complete — 301.66 MB · 8 parts
  RMLStreamer: clinvar.acmg: rdf-aggregate started — 0 parts
  RMLStreamer: clinvar.acmg: rdf-aggregate part — 1 parts
  RMLStreamer: clinvar.acmg: rdf-aggregate part — 2 parts
  RMLStreamer: clinvar.acmg: rdf-aggregate part — 3 parts
  RMLStreamer: clinvar.acmg: rdf-aggregate part — 4 parts
  RMLStreamer: clinvar.acmg: rdf-aggregate part — 5 parts
  RMLStreamer: clinvar.acmg: rdf-aggregate part — 6 parts
  RMLStreamer: clinvar.acmg: rdf-aggregate part — 7 parts
  RMLStreamer: clinvar.acmg: rdf-aggregate part — 8 parts
  RMLStreamer: clinvar.acmg: rdf-aggregate complete — 8 parts
RMLStreamer: clinvar.acmg: finished
