[2026-09-16T02:50:43] Run started (mode=full)
[2026-09-16T02:50:43] Checking Docker availability
[2026-09-16T02:50:43] Docker availability check passed
[2026-09-16T02:50:43] Ensuring image available: vcf-rdfizer:local-a3679e1
[2026-09-16T02:50:43] Image ready
[2026-09-16T02:50:43] Writeability checks passed
[2026-09-16T02:50:43] Full pipeline started
[2026-09-16T02:50:43] Input 1/1 started: HG005_GRCh38_r100000
[2026-09-16T02:50:45] Input 1: TSV conversion completed for HG005_GRCh38_r100000
[2026-09-16T02:51:02] Input 1: RDF conversion completed for HG005_GRCh38_r100000
[2026-09-16T03:11:35] Input 1: compression completed for HG005_GRCh38_r100000
[2026-09-16T03:11:35] Validation started: HG005_GRCh38_r100000
[2026-09-16T03:17:59] Validation failed: HG005_GRCh38_r100000 (exit_code=1)
[2026-09-16T03:17:59] Validation started: HG005_GRCh38_r100000__hdt
[2026-09-16T03:24:42] Validation failed: HG005_GRCh38_r100000__hdt (exit_code=1)
[2026-09-16T03:24:42] Validation started: HG005_GRCh38_r100000__cottas
[2026-09-16T03:31:15] Validation failed: HG005_GRCh38_r100000__cottas (exit_code=1)
[2026-09-16T03:31:15] Input 1/1 failed at validation for HG005_GRCh38_r100000: semantic VCF/RDF validation failed for 'HG005_GRCh38_r100000' (aggregate, hdt, cottas). See results: /home/ubuntu/vcf-rdfizer-testing/benchmarks_outputs/13_query_cost/large__r2/out/run_metrics/HG005_GRCh38_r100000__20260916T025043/reports/validation
[2026-09-16T03:31:15] Input 1/1 finished with failures: HG005_GRCh38_r100000
[2026-09-16T03:31:15] Full pipeline completed with failures (1/1). Report: /home/ubuntu/vcf-rdfizer-testing/benchmarks_outputs/13_query_cost/large__r2/out/run_metrics/HG005_GRCh38_r100000__20260916T025043/reports/failed_inputs.csv
[2026-09-16T03:31:15] Run finished (exit_code=1)
