Step 1/5: Validating inputs ✅
  Metrics: /home/ubuntu/vrdev-test/v331/results/17_use_case_acmg__cohort/convert__NA20348/out/run_metrics/NA20348.acmg__20261008T143620
  Detailed logs: /home/ubuntu/vrdev-test/v331/results/17_use_case_acmg__cohort/convert__NA20348/out/run_metrics/NA20348.acmg__20261008T143620/logs/wrapper.log
  Progress log: /home/ubuntu/vrdev-test/v331/results/17_use_case_acmg__cohort/convert__NA20348/out/run_metrics/NA20348.acmg__20261008T143620/logs/progress.log
Step 2/5: Ensuring Docker image is available ✅
Step 3/5: Processing per-input pipeline (TSV -> RDF -> compression)
  Sample representation: expanded
  INFO representation: structured
  Header representation: structured
  - Input 1/1: NA20348.acmg.vcf
    * TSV conversion ✅
    * VCF version: VCFv4.2 (detected)
    * RDF conversion ✅
    * Streaming expanded multi-sample RDF (no expanded helper TSVs)
    * Sample RDF streaming: 10,000 variants, 10,000 calls
    * Sample calls streamed: 11,912; FORMAT values: 11,912
    * Streaming structured header RDF
    * Header lines typed: 43; contigs: 24
    * Streaming QUAL and structured INFO RDF
    * INFO RDF streaming: 10,000 variants, 0 values
    * QUAL values streamed: 11,912; INFO values: 0; declarations: 0
    * Triples produced: 703,354
    * Compression ✅
    * Output directory: /home/ubuntu/vrdev-test/v331/results/17_use_case_acmg__cohort/convert__NA20348/out/NA20348.acmg
      - RDF aggregate: NA20348.acmg.nt.gz
      - RDF (.gz): 2.77 MB (retained because it is also the selected gzip artifact)
      - gzip (.nt.gz): 2.77 MB
Total triples produced (full run): 703,354
Conversion process finished.
Run time (full mode): 18.21s
Timing log: /home/ubuntu/vrdev-test/v331/results/17_use_case_acmg__cohort/convert__NA20348/out/run_metrics/NA20348.acmg__20261008T143620/wrapper_execution_times.csv
Metrics summary: /home/ubuntu/vrdev-test/v331/results/17_use_case_acmg__cohort/convert__NA20348/out/run_metrics/NA20348.acmg__20261008T143620/summary.json
