TSV conversion: HG005_GRCh38_r100000: started
TSV conversion: HG005_GRCh38_r100000: finished
RMLStreamer: HG005_GRCh38_r100000: started
  RMLStreamer: HG005_GRCh38_r100000: rmlstreamer started — 0 B · 0 parts
  RMLStreamer: HG005_GRCh38_r100000: rmlstreamer heartbeat — 0 B · 0 parts
  RMLStreamer: HG005_GRCh38_r100000: rmlstreamer heartbeat — 1.32 MB · 8 parts
  RMLStreamer: HG005_GRCh38_r100000: rmlstreamer heartbeat — 19.96 MB · 8 parts
  RMLStreamer: HG005_GRCh38_r100000: rmlstreamer heartbeat — 52.46 MB · 8 parts
  RMLStreamer: HG005_GRCh38_r100000: rmlstreamer heartbeat — 94.83 MB · 8 parts
  RMLStreamer: HG005_GRCh38_r100000: rmlstreamer heartbeat — 112.31 MB · 8 parts
  RMLStreamer: HG005_GRCh38_r100000: rmlstreamer complete — 112.31 MB · 8 parts
  RMLStreamer: HG005_GRCh38_r100000: rdf-aggregate started — 0 parts
  RMLStreamer: HG005_GRCh38_r100000: rdf-aggregate part — 1 parts
  RMLStreamer: HG005_GRCh38_r100000: rdf-aggregate part — 2 parts
  RMLStreamer: HG005_GRCh38_r100000: rdf-aggregate part — 3 parts
  RMLStreamer: HG005_GRCh38_r100000: rdf-aggregate part — 4 parts
  RMLStreamer: HG005_GRCh38_r100000: rdf-aggregate part — 5 parts
  RMLStreamer: HG005_GRCh38_r100000: rdf-aggregate part — 6 parts
  RMLStreamer: HG005_GRCh38_r100000: rdf-aggregate part — 7 parts
  RMLStreamer: HG005_GRCh38_r100000: rdf-aggregate part — 8 parts
  RMLStreamer: HG005_GRCh38_r100000: rdf-aggregate complete — 8 parts
RMLStreamer: HG005_GRCh38_r100000: finished
Partitioned compression: HG005_GRCh38_r100000: started
  Partitioned compression: HG005_GRCh38_r100000: rdf-scan started — 0 triples
  Partitioned compression: HG005_GRCh38_r100000: rdf-scan heartbeat — 513,716 triples · 67,108,912 bytes read
  Partitioned compression: HG005_GRCh38_r100000: rdf-scan heartbeat — 1,005,069 triples · 134,217,933 bytes read
  Partitioned compression: HG005_GRCh38_r100000: rdf-scan heartbeat — 1,426,082 triples · 201,326,819 bytes read
  Partitioned compression: HG005_GRCh38_r100000: rdf-scan heartbeat — 1,845,210 triples · 268,435,795 bytes read
  Partitioned compression: HG005_GRCh38_r100000: rdf-scan heartbeat — 2,262,811 triples · 335,544,690 bytes read
  Partitioned compression: HG005_GRCh38_r100000: rdf-scan heartbeat — 2,680,453 triples · 402,653,614 bytes read
  Partitioned compression: HG005_GRCh38_r100000: rdf-scan heartbeat — 3,098,052 triples · 469,762,655 bytes read
  Partitioned compression: HG005_GRCh38_r100000: rdf-scan chunk — 3,515,648 triples · 1 chunks · 536,871,063 bytes read
  Partitioned compression: HG005_GRCh38_r100000: hdt-chunks started — 0 chunks · hdt-build-00000
  Partitioned compression: HG005_GRCh38_r100000: hdt-chunks complete — 1 chunks · hdt-build-00000
  Partitioned compression: HG005_GRCh38_r100000: rdf-scan heartbeat — 3,515,652 triples · 536,871,695 bytes read
  Partitioned compression: HG005_GRCh38_r100000: rdf-scan heartbeat — 3,933,252 triples · 603,980,574 bytes read
  Partitioned compression: HG005_GRCh38_r100000: rdf-scan heartbeat — 4,350,815 triples · 671,089,483 bytes read
  Partitioned compression: HG005_GRCh38_r100000: rdf-scan heartbeat — 4,768,369 triples · 738,198,473 bytes read
  Partitioned compression: HG005_GRCh38_r100000: rdf-scan heartbeat — 5,185,934 triples · 805,307,350 bytes read
  Partitioned compression: HG005_GRCh38_r100000: rdf-scan heartbeat — 5,603,486 triples · 872,416,353 bytes read
  Partitioned compression: HG005_GRCh38_r100000: rdf-scan heartbeat — 6,021,071 triples · 939,525,273 bytes read
  Partitioned compression: HG005_GRCh38_r100000: rdf-scan heartbeat — 6,438,638 triples · 1,006,634,226 bytes read
  Partitioned compression: HG005_GRCh38_r100000: rdf-scan chunk — 6,856,238 triples · 2 chunks · 1,073,742,048 bytes read
  Partitioned compression: HG005_GRCh38_r100000: hdt-chunks started — 1 chunks · hdt-build-00001
  Partitioned compression: HG005_GRCh38_r100000: hdt-chunks complete — 2 chunks · hdt-build-00001
  Partitioned compression: HG005_GRCh38_r100000: rdf-scan heartbeat — 6,856,245 triples · 1,073,743,184 bytes read
  Partitioned compression: HG005_GRCh38_r100000: rdf-scan heartbeat — 7,273,824 triples · 1,140,852,204 bytes read
  Partitioned compression: HG005_GRCh38_r100000: rdf-scan heartbeat — 7,691,414 triples · 1,207,961,102 bytes read
  Partitioned compression: HG005_GRCh38_r100000: rdf-scan heartbeat — 8,109,581 triples · 1,275,070,083 bytes read
  Partitioned compression: HG005_GRCh38_r100000: rdf-scan heartbeat — 8,526,638 triples · 1,342,179,058 bytes read
  Partitioned compression: HG005_GRCh38_r100000: rdf-scan heartbeat — 8,942,768 triples · 1,409,287,977 bytes read
  Partitioned compression: HG005_GRCh38_r100000: rdf-scan heartbeat — 9,356,275 triples · 1,476,396,960 bytes read
  Partitioned compression: HG005_GRCh38_r100000: rdf-scan heartbeat — 9,769,786 triples · 1,543,505,918 bytes read
  Partitioned compression: HG005_GRCh38_r100000: rdf-scan chunk — 10,183,381 triples · 3 chunks · 1,610,612,989 bytes read
  Partitioned compression: HG005_GRCh38_r100000: hdt-chunks started — 2 chunks · hdt-build-00002
  Partitioned compression: HG005_GRCh38_r100000: hdt-chunks complete — 3 chunks · hdt-build-00002
  Partitioned compression: HG005_GRCh38_r100000: rdf-scan heartbeat — 10,183,393 triples · 1,610,614,872 bytes read
  Partitioned compression: HG005_GRCh38_r100000: rdf-scan heartbeat — 10,596,505 triples · 1,677,723,833 bytes read
  Partitioned compression: HG005_GRCh38_r100000: rdf-scan heartbeat — 11,010,108 triples · 1,744,832,710 bytes read
  Partitioned compression: HG005_GRCh38_r100000: rdf-scan heartbeat — 11,423,645 triples · 1,811,941,698 bytes read
  Partitioned compression: HG005_GRCh38_r100000: rdf-scan heartbeat — 11,836,862 triples · 1,879,050,586 bytes read
  Partitioned compression: HG005_GRCh38_r100000: rdf-scan heartbeat — 12,250,170 triples · 1,946,159,557 bytes read
  Partitioned compression: HG005_GRCh38_r100000: rdf-scan heartbeat — 12,663,506 triples · 2,013,268,496 bytes read
  Partitioned compression: HG005_GRCh38_r100000: rdf-scan heartbeat — 13,076,819 triples · 2,080,377,491 bytes read
  Partitioned compression: HG005_GRCh38_r100000: rdf-scan chunk — 13,490,222 triples · 4 chunks · 2,147,484,038 bytes read
  Partitioned compression: HG005_GRCh38_r100000: hdt-chunks started — 3 chunks · hdt-build-00003
  Partitioned compression: HG005_GRCh38_r100000: hdt-chunks complete — 4 chunks · hdt-build-00003
  Partitioned compression: HG005_GRCh38_r100000: rdf-scan heartbeat — 13,490,236 triples · 2,147,486,371 bytes read
  Partitioned compression: HG005_GRCh38_r100000: rdf-scan heartbeat — 13,903,647 triples · 2,214,595,259 bytes read
  Partitioned compression: HG005_GRCh38_r100000: rdf-scan heartbeat — 14,316,823 triples · 2,281,704,128 bytes read
  Partitioned compression: HG005_GRCh38_r100000: rdf-scan heartbeat — 14,729,762 triples · 2,348,813,133 bytes read
  Partitioned compression: HG005_GRCh38_r100000: rdf-scan heartbeat — 15,142,832 triples · 2,415,922,079 bytes read
  Partitioned compression: HG005_GRCh38_r100000: rdf-scan heartbeat — 15,556,023 triples · 2,483,031,068 bytes read
  Partitioned compression: HG005_GRCh38_r100000: rdf-scan heartbeat — 15,969,105 triples · 2,550,140,074 bytes read
  Partitioned compression: HG005_GRCh38_r100000: rdf-scan heartbeat — 16,382,312 triples · 2,617,249,046 bytes read
  Partitioned compression: HG005_GRCh38_r100000: rdf-scan chunk — 16,795,534 triples · 5 chunks · 2,684,355,015 bytes read
  Partitioned compression: HG005_GRCh38_r100000: hdt-chunks started — 4 chunks · hdt-build-00004
  Partitioned compression: HG005_GRCh38_r100000: hdt-chunks complete — 5 chunks · hdt-build-00004
  Partitioned compression: HG005_GRCh38_r100000: rdf-scan heartbeat — 16,795,553 triples · 2,684,357,996 bytes read
  Partitioned compression: HG005_GRCh38_r100000: rdf-scan chunk — 17,094,293 triples · 6 chunks · 2,732,863,781 bytes read
  Partitioned compression: HG005_GRCh38_r100000: hdt-chunks started — 5 chunks · hdt-build-00005
  Partitioned compression: HG005_GRCh38_r100000: hdt-chunks complete — 6 chunks · hdt-build-00005
  Partitioned compression: HG005_GRCh38_r100000: rdf-scan complete — 17,094,293 triples · 6 chunks
  Partitioned compression: HG005_GRCh38_r100000: hdt-chunks complete — 6 chunks
  Partitioned compression: HG005_GRCh38_r100000: hdt-merge started — hdt-merge-r01-00000
  Partitioned compression: HG005_GRCh38_r100000: hdt-merge complete — hdt-merge-r01-00000
  Partitioned compression: HG005_GRCh38_r100000: hdt-merge started — hdt-merge-r01-00001
  Partitioned compression: HG005_GRCh38_r100000: hdt-merge complete — hdt-merge-r01-00001
  Partitioned compression: HG005_GRCh38_r100000: hdt-merge started — hdt-merge-r01-00002
  Partitioned compression: HG005_GRCh38_r100000: hdt-merge complete — hdt-merge-r01-00002
  Partitioned compression: HG005_GRCh38_r100000: hdt-merge started — hdt-merge-r02-00000
  Partitioned compression: HG005_GRCh38_r100000: hdt-merge complete — hdt-merge-r02-00000
  Partitioned compression: HG005_GRCh38_r100000: hdt-merge started — hdt-merge-r03-00000
  Partitioned compression: HG005_GRCh38_r100000: hdt-merge complete — hdt-merge-r03-00000
  Partitioned compression: HG005_GRCh38_r100000: hdt started — hdt-index
  Partitioned compression: HG005_GRCh38_r100000: hdt complete — hdt-index
  Partitioned compression: HG005_GRCh38_r100000: hdt started — hdt-validate
  Partitioned compression: HG005_GRCh38_r100000: hdt complete — hdt-validate
Partitioned compression: HG005_GRCh38_r100000: finished
