Step 1/5: Validating inputs ✅
  Metrics: /home/ubuntu/vcf-rdfizer-testing/benchmarks_outputs/03_sample_representation/s2504__expanded__r1/out/run_metrics/1000G_10000r_s2504__20260914T103317
  Detailed logs: /home/ubuntu/vcf-rdfizer-testing/benchmarks_outputs/03_sample_representation/s2504__expanded__r1/out/run_metrics/1000G_10000r_s2504__20260914T103317/logs/wrapper.log
  Progress log: /home/ubuntu/vcf-rdfizer-testing/benchmarks_outputs/03_sample_representation/s2504__expanded__r1/out/run_metrics/1000G_10000r_s2504__20260914T103317/logs/progress.log
Step 2/5: Ensuring Docker image is available ✅
Step 3/5: Processing per-input pipeline (TSV -> RDF -> compression)
  Spark partition hint: 8
  Sample representation: expanded
  INFO representation: structured
  Header representation: structured
  - Input 1/1: 1000G_10000r_s2504.vcf.gz
    * TSV conversion ✅
    * VCF version: VCFv4.1 (detected)
    * RDF conversion ✅
    * Streaming expanded multi-sample RDF (no expanded helper TSVs)
    * Sample RDF streaming: 10,000 variants, 25,040,000 calls
    * Sample calls streamed: 25,040,000; FORMAT values: 25,040,000
    * Streaming structured header RDF
    * Header lines typed: 252; contigs: 86
    * Streaming QUAL and structured INFO RDF
    * INFO RDF streaming: 10,000 variants, 120,258 values
    * QUAL values streamed: 10,000; INFO values: 120,258; declarations: 24
    * Triples produced: 627,372,018
    * Compression ✅
    * Output directory: /home/ubuntu/vcf-rdfizer-testing/benchmarks_outputs/03_sample_representation/s2504__expanded__r1/out/1000G_10000r_s2504
      - RDF aggregate: 1000G_10000r_s2504.nt.gz
      - RDF (.gz): 2.43 GB (removed after successful compression)
      - HDT (.hdt): 3.82 GB (/home/ubuntu/vcf-rdfizer-testing/benchmarks_outputs/03_sample_representation/s2504__expanded__r1/out/1000G_10000r_s2504/1000G_10000r_s2504.hdt)
Total triples produced (full run): 627,372,018
Conversion process finished.
Run time (full mode): 4h 1m 22.1s
Timing log: /home/ubuntu/vcf-rdfizer-testing/benchmarks_outputs/03_sample_representation/s2504__expanded__r1/out/run_metrics/1000G_10000r_s2504__20260914T103317/wrapper_execution_times.csv
Metrics summary: /home/ubuntu/vcf-rdfizer-testing/benchmarks_outputs/03_sample_representation/s2504__expanded__r1/out/run_metrics/1000G_10000r_s2504__20260914T103317/summary.json
