Step 1/5: Validating inputs ✅
  Metrics: /home/ubuntu/vrdev-test/v331/results/17_use_case_acmg__cohort/convert__NA20340/out/run_metrics/NA20340.acmg__20261008T143602
  Detailed logs: /home/ubuntu/vrdev-test/v331/results/17_use_case_acmg__cohort/convert__NA20340/out/run_metrics/NA20340.acmg__20261008T143602/logs/wrapper.log
  Progress log: /home/ubuntu/vrdev-test/v331/results/17_use_case_acmg__cohort/convert__NA20340/out/run_metrics/NA20340.acmg__20261008T143602/logs/progress.log
Step 2/5: Ensuring Docker image is available ✅
Step 3/5: Processing per-input pipeline (TSV -> RDF -> compression)
  Sample representation: expanded
  INFO representation: structured
  Header representation: structured
  - Input 1/1: NA20340.acmg.vcf
    * TSV conversion ✅
    * VCF version: VCFv4.2 (detected)
    * RDF conversion ✅
    * Streaming expanded multi-sample RDF (no expanded helper TSVs)
    * Sample RDF streaming: 10,000 variants, 10,000 calls
    * Sample calls streamed: 12,129; FORMAT values: 12,129
    * Streaming structured header RDF
    * Header lines typed: 43; contigs: 24
    * Streaming QUAL and structured INFO RDF
    * INFO RDF streaming: 10,000 variants, 0 values
    * QUAL values streamed: 12,129; INFO values: 0; declarations: 0
    * Triples produced: 715,536
    * Compression ✅
    * Output directory: /home/ubuntu/vrdev-test/v331/results/17_use_case_acmg__cohort/convert__NA20340/out/NA20340.acmg
      - RDF aggregate: NA20340.acmg.nt.gz
      - RDF (.gz): 2.82 MB (retained because it is also the selected gzip artifact)
      - gzip (.nt.gz): 2.82 MB
Total triples produced (full run): 715,536
Conversion process finished.
Run time (full mode): 18.25s
Timing log: /home/ubuntu/vrdev-test/v331/results/17_use_case_acmg__cohort/convert__NA20340/out/run_metrics/NA20340.acmg__20261008T143602/wrapper_execution_times.csv
Metrics summary: /home/ubuntu/vrdev-test/v331/results/17_use_case_acmg__cohort/convert__NA20340/out/run_metrics/NA20340.acmg__20261008T143602/summary.json
