Step 1/5: Validating inputs ✅
  Metrics: /home/ubuntu/vrdev-test/acmg-run/results/17_use_case_acmg__cohort/convert__HG03916/out/run_metrics/HG03916.acmg__20260928T143635
  Detailed logs: /home/ubuntu/vrdev-test/acmg-run/results/17_use_case_acmg__cohort/convert__HG03916/out/run_metrics/HG03916.acmg__20260928T143635/logs/wrapper.log
  Progress log: /home/ubuntu/vrdev-test/acmg-run/results/17_use_case_acmg__cohort/convert__HG03916/out/run_metrics/HG03916.acmg__20260928T143635/logs/progress.log
Step 2/5: Ensuring Docker image is available ✅
Step 3/5: Processing per-input pipeline (TSV -> RDF -> compression)
  Sample representation: expanded
  INFO representation: structured
  Header representation: structured
  - Input 1/1: HG03916.acmg.vcf
    * TSV conversion ✅
    * VCF version: VCFv4.2 (detected)
    * RDF conversion ✅
    * Streaming expanded multi-sample RDF (no expanded helper TSVs)
    * Sample calls streamed: 9,883; FORMAT values: 9,883
    * Streaming structured header RDF
    * Header lines typed: 133; contigs: 24
    * Streaming QUAL and structured INFO RDF
    * QUAL values streamed: 9,883; INFO values: 722,903; declarations: 91
    * Triples produced: 7,944,826
    * Compression ✅
    * Output directory: /home/ubuntu/vrdev-test/acmg-run/results/17_use_case_acmg__cohort/convert__HG03916/out/HG03916.acmg
      - RDF aggregate: HG03916.acmg.nt
      - N-Triples (.nt): 1.07 GB (removed after successful compression)
      - gzip (.nt.gz): 50.17 MB
Total triples produced (full run): 7,944,826
Conversion process finished.
Run time (full mode): 32.24s
Timing log: /home/ubuntu/vrdev-test/acmg-run/results/17_use_case_acmg__cohort/convert__HG03916/out/run_metrics/HG03916.acmg__20260928T143635/wrapper_execution_times.csv
Metrics summary: /home/ubuntu/vrdev-test/acmg-run/results/17_use_case_acmg__cohort/convert__HG03916/out/run_metrics/HG03916.acmg__20260928T143635/summary.json
