Step 1/5: Validating inputs ✅
  Metrics: /home/ubuntu/vcf-rdfizer-testing/benchmarks_outputs/09_awkward_inputs/awkward_crlf/out/run_metrics/awkward_crlf__20260924T160653
  Detailed logs: /home/ubuntu/vcf-rdfizer-testing/benchmarks_outputs/09_awkward_inputs/awkward_crlf/out/run_metrics/awkward_crlf__20260924T160653/logs/wrapper.log
  Progress log: /home/ubuntu/vcf-rdfizer-testing/benchmarks_outputs/09_awkward_inputs/awkward_crlf/out/run_metrics/awkward_crlf__20260924T160653/logs/progress.log
Step 2/5: Ensuring Docker image is available ✅
Step 3/5: Processing per-input pipeline (TSV -> RDF -> compression -> validation)
  Spark partition hint: 8
  Sample representation: expanded
  INFO representation: structured
  Header representation: structured
  Validation: aggregate, hdt, cottas via comunica
  - Input 1/1: awkward_crlf.vcf
    * TSV conversion ✅
    * VCF version: VCFv4.2 (detected)
    * RDF conversion ✅
    * Streaming expanded multi-sample RDF (no expanded helper TSVs)
    * Sample calls streamed: 1; FORMAT values: 2
    * Streaming structured header RDF
    * Header lines typed: 8; contigs: 1
    * Streaming QUAL and structured INFO RDF
    * QUAL values streamed: 1; INFO values: 1; declarations: 1
    * Triples produced: 262
    * Compression ✅
    * Semantic validation (aggregate, comunica): awkward_crlf.nt.gz
Validation results: /home/ubuntu/vcf-rdfizer-testing/benchmarks_outputs/09_awkward_inputs/awkward_crlf/out/run_metrics/awkward_crlf__20260924T160653/reports/validation/awkward_crlf
Validation metrics: /home/ubuntu/vcf-rdfizer-testing/benchmarks_outputs/09_awkward_inputs/awkward_crlf/out/run_metrics/awkward_crlf__20260924T160653/stages/validation/awkward_crlf.json
    * Semantic validation (hdt, comunica): awkward_crlf.hdt
Validation results: /home/ubuntu/vcf-rdfizer-testing/benchmarks_outputs/09_awkward_inputs/awkward_crlf/out/run_metrics/awkward_crlf__20260924T160653/reports/validation/awkward_crlf__hdt
Validation metrics: /home/ubuntu/vcf-rdfizer-testing/benchmarks_outputs/09_awkward_inputs/awkward_crlf/out/run_metrics/awkward_crlf__20260924T160653/stages/validation/awkward_crlf__hdt.json
    * Output directory: /home/ubuntu/vcf-rdfizer-testing/benchmarks_outputs/09_awkward_inputs/awkward_crlf/out/awkward_crlf
      - RDF aggregate: awkward_crlf.nt.gz
      - RDF (.gz): 3.59 KB (removed after successful compression)
      - HDT (.hdt): 5.65 KB (/home/ubuntu/vcf-rdfizer-testing/benchmarks_outputs/09_awkward_inputs/awkward_crlf/out/awkward_crlf/awkward_crlf.hdt)
Total triples produced (full run): 262
Conversion process finished.
Run time (full mode): 34.71s
Timing log: /home/ubuntu/vcf-rdfizer-testing/benchmarks_outputs/09_awkward_inputs/awkward_crlf/out/run_metrics/awkward_crlf__20260924T160653/wrapper_execution_times.csv
Metrics summary: /home/ubuntu/vcf-rdfizer-testing/benchmarks_outputs/09_awkward_inputs/awkward_crlf/out/run_metrics/awkward_crlf__20260924T160653/summary.json
