TSV conversion: NG131FQA1I_first250000: started
TSV conversion: NG131FQA1I_first250000: finished
RMLStreamer: NG131FQA1I_first250000: started
  RMLStreamer: NG131FQA1I_first250000: rmlstreamer started — 0 B · 0 parts
  RMLStreamer: NG131FQA1I_first250000: rmlstreamer heartbeat — 0 B · 0 parts
  RMLStreamer: NG131FQA1I_first250000: rmlstreamer heartbeat — 4.11 MB · 8 parts
  RMLStreamer: NG131FQA1I_first250000: rmlstreamer heartbeat — 19.35 MB · 8 parts
  RMLStreamer: NG131FQA1I_first250000: rmlstreamer heartbeat — 61.07 MB · 8 parts
  RMLStreamer: NG131FQA1I_first250000: rmlstreamer heartbeat — 100.68 MB · 8 parts
  RMLStreamer: NG131FQA1I_first250000: rmlstreamer heartbeat — 140.82 MB · 8 parts
  RMLStreamer: NG131FQA1I_first250000: rmlstreamer heartbeat — 185.36 MB · 8 parts
  RMLStreamer: NG131FQA1I_first250000: rmlstreamer heartbeat — 230.31 MB · 8 parts
  RMLStreamer: NG131FQA1I_first250000: rmlstreamer heartbeat — 274.55 MB · 8 parts
  RMLStreamer: NG131FQA1I_first250000: rmlstreamer heartbeat — 285.37 MB · 8 parts
  RMLStreamer: NG131FQA1I_first250000: rmlstreamer complete — 285.37 MB · 8 parts
  RMLStreamer: NG131FQA1I_first250000: rdf-aggregate started — 0 parts
  RMLStreamer: NG131FQA1I_first250000: rdf-aggregate part — 1 parts
  RMLStreamer: NG131FQA1I_first250000: rdf-aggregate part — 2 parts
  RMLStreamer: NG131FQA1I_first250000: rdf-aggregate part — 3 parts
  RMLStreamer: NG131FQA1I_first250000: rdf-aggregate part — 4 parts
  RMLStreamer: NG131FQA1I_first250000: rdf-aggregate part — 5 parts
  RMLStreamer: NG131FQA1I_first250000: rdf-aggregate part — 6 parts
  RMLStreamer: NG131FQA1I_first250000: rdf-aggregate part — 7 parts
  RMLStreamer: NG131FQA1I_first250000: rdf-aggregate part — 8 parts
  RMLStreamer: NG131FQA1I_first250000: rdf-aggregate complete — 8 parts
RMLStreamer: NG131FQA1I_first250000: finished
Validation: NG131FQA1I_first250000: started
  Validation: NG131FQA1I_first250000: validation started — 0 queries · expanded validation started
  Validation: NG131FQA1I_first250000: validation progress — 0 queries · materializing nt.gz artifact inside container
  Validation: NG131FQA1I_first250000: validation progress — 1 queries · qlever: completed preflight_record_cardinality
  Validation: NG131FQA1I_first250000: validation progress — 2 queries · qlever: completed preflight_position_datatype
  Validation: NG131FQA1I_first250000: validation progress — 3 queries · qlever: completed preflight_missing_token_conformance
  Validation: NG131FQA1I_first250000: validation progress — 4 queries · qlever: completed preflight_representation_profile
  Validation: NG131FQA1I_first250000: validation progress — 5 queries · qlever: completed preflight_sample_gt_inventory
  Validation: NG131FQA1I_first250000: validation progress — 6 queries · qlever: completed preflight_blank_nodes
  Validation: NG131FQA1I_first250000: validation progress — 7 queries · qlever: completed preflight_empty_values
  Validation: NG131FQA1I_first250000: validation progress — 8 queries · qlever: completed preflight_distinct_triple_count
  Validation: NG131FQA1I_first250000: validation progress — 9 queries · qlever: derived preflight_record_cardinality_count
  Validation: NG131FQA1I_first250000: validation progress — 10 queries · qlever: derived preflight_position_datatype_count
  Validation: NG131FQA1I_first250000: validation progress — 11 queries · qlever: derived preflight_missing_token_conformance_count
  Validation: NG131FQA1I_first250000: validation progress — 12 queries · qlever: derived preflight_representation_profile_count
  Validation: NG131FQA1I_first250000: validation progress — 13 queries · qlever: derived preflight_blank_nodes_count
  Validation: NG131FQA1I_first250000: validation progress — 14 queries · qlever: derived preflight_empty_values_count
  Validation: NG131FQA1I_first250000: validation progress — 15 queries · qlever: completed q01_record_density_1mb
  Validation: NG131FQA1I_first250000: validation progress — 16 queries · qlever: completed q02_variant_shape_counts
  Validation: NG131FQA1I_first250000: validation progress — 17 queries · qlever: completed q03_titv
  Validation: NG131FQA1I_first250000: validation progress — 18 queries · qlever: completed q04_filter_distribution
  Validation: NG131FQA1I_first250000: validation progress — 19 queries · qlever: completed q05_sample_genotype_counts
  Validation: NG131FQA1I_first250000: validation progress — 20 queries · qlever: completed q06_ac_an_distribution
  Validation: NG131FQA1I_first250000: validation progress — 21 queries · qlever: completed q07_file_metadata
  Validation: NG131FQA1I_first250000: validation progress — 22 queries · qlever: completed q08_header_line_census
  Validation: NG131FQA1I_first250000: validation progress — 23 queries · qlever: completed q09_predicate_census
  Validation: NG131FQA1I_first250000: validation progress — 24 queries · qlever: completed q10_class_census
  Validation: NG131FQA1I_first250000: validation progress — 25 queries · qlever: completed q11_record_digest
  Validation: NG131FQA1I_first250000: validation progress — 26 queries · qlever: completed q12_info_value_digest
  Validation: NG131FQA1I_first250000: validation progress — 27 queries · qlever: completed q13_format_value_digest
  Validation: NG131FQA1I_first250000: validation complete — 27 queries · validation pass
Validation: NG131FQA1I_first250000: finished
