
=== derive — restrict to the ACMG gene spans, normalise ===
    - derive__HG02255
    - derive__HG02476
    - derive__HG02545
    - derive__HG02546
    - derive__NA19701
    - derive__NA20334
    - derive__NA20340
    - derive__NA20348
    - derive__HG03604
    - derive__HG03815
    - derive__HG03916
    - derive__HG03940
    - derive__HG01805
    - derive__HG02156
    - derive__HG02392
    - derive__HG02408
    - derive__NA06989
    - derive__NA06994
    - derive__NA12347
    - derive__NA12414
    - derive__NA18564
    - derive__NA18599
    - derive__NA18637
    - derive__NA18640
    - derive__HG00629
    - derive__HG00662
    - derive__HG00672
    - derive__HG00717
    - derive__HG01130
    - derive__HG01137
    - derive__HG01259
    - derive__HG01441
    - derive__HG02941
    - derive__HG03118
    - derive__HG03124
    - derive__HG03294
    - derive__HG00304
    - derive__HG00337
    - derive__HG00356
    - derive__HG00362
    - derive__HG00120
    - derive__HG00125
    - derive__HG00143
    - derive__HG00259
    - derive__NA20861
    - derive__NA20874
    - derive__NA20882
    - derive__NA20885
    - derive__HG02613
    - derive__HG02722
    - derive__HG02983
    - derive__HG03046
    - derive__HG01500
    - derive__HG01613
    - derive__HG01679
    - derive__HG02230
    - derive__HG03714
    - derive__HG04096
    - derive__HG04098
    - derive__HG04238
    - derive__NA18985
    - derive__NA19006
    - derive__NA19059
    - derive__NA19074
    - derive__HG01840
    - derive__HG01865
    - derive__HG02082
    - derive__HG02521
    - derive__NA19017
    - derive__NA19323
    - derive__NA19397
    - derive__NA19443
    - derive__HG03055
    - derive__HG03452
    - derive__HG03556
    - derive__HG03575
    - derive__NA19669
    - derive__NA19719
    - derive__NA19756
    - derive__NA19764
    - derive__HG01917
    - derive__HG01921
    - derive__HG01932
    - derive__HG02301
    - derive__HG02774
    - derive__HG03234
    - derive__HG03491
    - derive__HG03660
    - derive__HG00740
    - derive__HG01097
    - derive__HG01303
    - derive__HG01305
    - derive__HG03685
    - derive__HG03736
    - derive__HG03897
    - derive__HG03943
    - derive__NA20773
    - derive__NA20813
    - derive__NA20818
    - derive__NA20827
    - derive__NA18489
    - derive__NA18522
    - derive__NA18881
    - derive__NA19236
    - derive__clinvar
    - derive__panel_sites
    - derive__panel

=== convert — VCF-RDFizer, expanded, one cell per input ===
    - convert: 34 GB free (needs ~3)
    - convert__HG02255
    - convert__HG02476
    - convert__HG02545
    - convert__HG02546
    - convert__NA19701
    - convert__NA20334
    - convert__NA20340
    - convert__NA20348
    - convert__HG03604
    - convert__HG03815
    - convert__HG03916
    - convert__HG03940
    - convert__HG01805
    - convert__HG02156
    - convert__HG02392
    - convert__HG02408
    - convert__NA06989
    - convert__NA06994
    - convert__NA12347
    - convert__NA12414
    - convert__NA18564
    - convert__NA18599
    - convert__NA18637
    - convert__NA18640
    - convert__HG00629
    - convert__HG00662
    - convert__HG00672
    - convert__HG00717
    - convert__HG01130
    - convert__HG01137
    - convert__HG01259
    - convert__HG01441
    - convert__HG02941
    - convert__HG03118
    - convert__HG03124
    - convert__HG03294
    - convert__HG00304
    - convert__HG00337
    - convert__HG00356
    - convert__HG00362
    - convert__HG00120
    - convert__HG00125
    - convert__HG00143
    - convert__HG00259
    - convert__NA20861
    - convert__NA20874
    - convert__NA20882
    - convert__NA20885
    - convert__HG02613
    - convert__HG02722
    - convert__HG02983
    - convert__HG03046
    - convert__HG01500
    - convert__HG01613
    - convert__HG01679
    - convert__HG02230
    - convert__HG03714
    - convert__HG04096
    - convert__HG04098
    - convert__HG04238
    - convert__NA18985
    - convert__NA19006
    - convert__NA19059
    - convert__NA19074
    - convert__HG01840
    - convert__HG01865
    - convert__HG02082
    - convert__HG02521
    - convert__NA19017
    - convert__NA19323
    - convert__NA19397
    - convert__NA19443
    - convert__HG03055
    - convert__HG03452
    - convert__HG03556
    - convert__HG03575
    - convert__NA19669
    - convert__NA19719
    - convert__NA19756
    - convert__NA19764
    - convert__HG01917
    - convert__HG01921
    - convert__HG01932
    - convert__HG02301
    - convert__HG02774
    - convert__HG03234
    - convert__HG03491
    - convert__HG03660
    - convert__HG00740
    - convert__HG01097
    - convert__HG01303
    - convert__HG01305
    - convert__HG03685
    - convert__HG03736
    - convert__HG03897
    - convert__HG03943
    - convert__NA20773
    - convert__NA20813
    - convert__NA20818
    - convert__NA20827
    - convert__NA18489
    - convert__NA18522
    - convert__NA18881
    - convert__NA19236
    - convert__clinvar
    - convert__panel

=== link — spdi on every graph, rsid-dbsnp on the PGP genomes ===
    - link__HG02255
    - link__HG02476
    - link__HG02545
    - link__HG02546
    - link__NA19701
    - link__NA20334
    - link__NA20340
    - link__NA20348
    - link__HG03604
    - link__HG03815
    - link__HG03916
    - link__HG03940
    - link__HG01805
    - link__HG02156
    - link__HG02392
    - link__HG02408
    - link__NA06989
    - link__NA06994
    - link__NA12347
    - link__NA12414
    - link__NA18564
    - link__NA18599
    - link__NA18637
    - link__NA18640
    - link__HG00629
    - link__HG00662
    - link__HG00672
    - link__HG00717
    - link__HG01130
    - link__HG01137
    - link__HG01259
    - link__HG01441
    - link__HG02941
    - link__HG03118
    - link__HG03124
    - link__HG03294
    - link__HG00304
    - link__HG00337
    - link__HG00356
    - link__HG00362
    - link__HG00120
    - link__HG00125
    - link__HG00143
    - link__HG00259
    - link__NA20861
    - link__NA20874
    - link__NA20882
    - link__NA20885
    - link__HG02613
    - link__HG02722
    - link__HG02983
    - link__HG03046
    - link__HG01500
    - link__HG01613
    - link__HG01679
    - link__HG02230
    - link__HG03714
    - link__HG04096
    - link__HG04098
    - link__HG04238
    - link__NA18985
    - link__NA19006
    - link__NA19059
    - link__NA19074
    - link__HG01840
    - link__HG01865
    - link__HG02082
    - link__HG02521
    - link__NA19017
    - link__NA19323
    - link__NA19397
    - link__NA19443
    - link__HG03055
    - link__HG03452
    - link__HG03556
    - link__HG03575
    - link__NA19669
    - link__NA19719
    - link__NA19756
    - link__NA19764
    - link__HG01917
    - link__HG01921
    - link__HG01932
    - link__HG02301
    - link__HG02774
    - link__HG03234
    - link__HG03491
    - link__HG03660
    - link__HG00740
    - link__HG01097
    - link__HG01303
    - link__HG01305
    - link__HG03685
    - link__HG03736
    - link__HG03897
    - link__HG03943
    - link__NA20773
    - link__NA20813
    - link__NA20818
    - link__NA20827
    - link__NA18489
    - link__NA18522
    - link__NA18881
    - link__NA19236
    - link__clinvar
    - link__panel

=== baseline — bcftools and a consent script ===
    - baseline

=== govern — one release view per requester, on QLever, checked ===
    - govern: 33 GB free (needs ~3)
wrote 9188942 triple(s) to /home/ubuntu/vrdev-test/v331/results/17_use_case_acmg__cohort/oracle/oracle.nt.gz
    - source endpoint ready on :7201 after ~90s
    - oracle endpoint ready on :7202 after ~35s
    - govern__clinical
    - view endpoint ready on :7203 after ~35s
    - govern__cardio
    - view endpoint ready on :7203 after ~55s
    - govern__biobank
    - view endpoint ready on :7203 after ~30s

=== query — carriers.rq (and rare.rq) under QLever, per requester ===
    - query: 32 GB free (needs ~3)
    - query__unrestricted
    - query__clinical
    - query__cardio
    - query__biobank

=== compare — the two routes' carrier lists ===
DISAGREE: unrestricted 173102/173102, clinical 63529/63529, cardio 92870/92870, biobank 48207/48207; rare: unrestricted 4154/4154, clinical 1621/1621, cardio 2198/2198, biobank 1144/1144; records: clinical 421991/421991, cardio 685928/685818, biobank 356835/356777
