    - reusing RDF artifact: /home/ubuntu/vcf-rdfizer-testing/benchmarks_outputs/13_query_cost/small__r1/out/test-10k/test-10k.nt.gz

=== regional access — small scale: test-10k.vcf ===
    - arms: cyvcf2-scan,cyvcf2-indexed,bcftools-indexed,comunica,hdt,cottas,qlever
    - windows: 20 per size of [1000,100000,1000000,10000000], seed 20260923
    - thin arms (3 per size): cyvcf2-scan
    - small
    - reusing RDF artifact: /home/ubuntu/vcf-rdfizer-testing/benchmarks_outputs/13_query_cost/large__r1/out/HG005_GRCh38_r100000/HG005_GRCh38_r100000.nt.gz

=== regional access — slice scale: HG005_GRCh38_r100000.vcf.gz ===
    - arms: cyvcf2-scan,cyvcf2-indexed,bcftools-indexed,qlever
    - windows: 20 per size of [1000,100000,1000000,10000000], seed 20260923
    - thin arms (3 per size): cyvcf2-scan
    - slice
[1m==>[0m Done. Build the structured dataset with:
  python3 /home/ubuntu/vrdev-test/v331/vcf-rdfizer-testing/benchmarks/analysis/collect_metrics.py 14_regional_access
  python3 /home/ubuntu/vrdev-test/v331/vcf-rdfizer-testing/benchmarks/analysis/datasets.py regional 14_regional_access

The dataset reports, per arm and window size: median seconds per question, the
ratio against the indexed VCF arms, each side's one-time setup, and the
repeated-question break-even. Check agrees_with_reference is true everywhere
before quoting any speed -- a number from arms that disagree is a bug, not a
result.
