TSV conversion: panel.acmg: started
TSV conversion: panel.acmg: finished
RMLStreamer: panel.acmg: started
  RMLStreamer: panel.acmg: rmlstreamer started — 0 B · 0 parts
  RMLStreamer: panel.acmg: rmlstreamer heartbeat — 0 B · 0 parts
  RMLStreamer: panel.acmg: rmlstreamer heartbeat — 92.72 KB · 8 parts
  RMLStreamer: panel.acmg: rmlstreamer heartbeat — 7.04 MB · 8 parts
  RMLStreamer: panel.acmg: rmlstreamer heartbeat — 18.09 MB · 8 parts
  RMLStreamer: panel.acmg: rmlstreamer heartbeat — 48.40 MB · 8 parts
  RMLStreamer: panel.acmg: rmlstreamer heartbeat — 60.55 MB · 8 parts
  RMLStreamer: panel.acmg: rmlstreamer complete — 60.55 MB · 8 parts
  RMLStreamer: panel.acmg: rdf-aggregate started — 0 parts
  RMLStreamer: panel.acmg: rdf-aggregate part — 1 parts
  RMLStreamer: panel.acmg: rdf-aggregate part — 2 parts
  RMLStreamer: panel.acmg: rdf-aggregate part — 3 parts
  RMLStreamer: panel.acmg: rdf-aggregate part — 4 parts
  RMLStreamer: panel.acmg: rdf-aggregate part — 5 parts
  RMLStreamer: panel.acmg: rdf-aggregate part — 6 parts
  RMLStreamer: panel.acmg: rdf-aggregate part — 7 parts
  RMLStreamer: panel.acmg: rdf-aggregate part — 8 parts
  RMLStreamer: panel.acmg: rdf-aggregate complete — 8 parts
RMLStreamer: panel.acmg: finished
Gzip: panel.acmg: started
Gzip: panel.acmg: finished
