TSV conversion: NA18564.acmg: started
TSV conversion: NA18564.acmg: finished
RMLStreamer: NA18564.acmg: started
  RMLStreamer: NA18564.acmg: rmlstreamer started — 0 B · 0 parts
  RMLStreamer: NA18564.acmg: rmlstreamer heartbeat — 0 B · 0 parts
  RMLStreamer: NA18564.acmg: rmlstreamer heartbeat — 89.57 KB · 8 parts
  RMLStreamer: NA18564.acmg: rmlstreamer heartbeat — 10.75 MB · 8 parts
  RMLStreamer: NA18564.acmg: rmlstreamer heartbeat — 10.87 MB · 8 parts
  RMLStreamer: NA18564.acmg: rmlstreamer complete — 10.87 MB · 8 parts
  RMLStreamer: NA18564.acmg: rdf-aggregate started — 0 parts
  RMLStreamer: NA18564.acmg: rdf-aggregate part — 1 parts
  RMLStreamer: NA18564.acmg: rdf-aggregate part — 2 parts
  RMLStreamer: NA18564.acmg: rdf-aggregate part — 3 parts
  RMLStreamer: NA18564.acmg: rdf-aggregate part — 4 parts
  RMLStreamer: NA18564.acmg: rdf-aggregate part — 5 parts
  RMLStreamer: NA18564.acmg: rdf-aggregate part — 6 parts
  RMLStreamer: NA18564.acmg: rdf-aggregate part — 7 parts
  RMLStreamer: NA18564.acmg: rdf-aggregate part — 8 parts
  RMLStreamer: NA18564.acmg: rdf-aggregate complete — 8 parts
RMLStreamer: NA18564.acmg: finished
Gzip: NA18564.acmg: started
Gzip: NA18564.acmg: finished
