Step 1/5: Validating inputs ✅
  Metrics: /home/ubuntu/vcf-rdfizer-testing/benchmarks_outputs/03_sample_representation/anchor_cohort__condensed/out/run_metrics/test-larger-multisample__20260923T131435
  Detailed logs: /home/ubuntu/vcf-rdfizer-testing/benchmarks_outputs/03_sample_representation/anchor_cohort__condensed/out/run_metrics/test-larger-multisample__20260923T131435/logs/wrapper.log
  Progress log: /home/ubuntu/vcf-rdfizer-testing/benchmarks_outputs/03_sample_representation/anchor_cohort__condensed/out/run_metrics/test-larger-multisample__20260923T131435/logs/progress.log
Step 2/5: Ensuring Docker image is available ✅
Step 3/5: Processing per-input pipeline (TSV -> RDF -> compression)
  Spark partition hint: 8
  Sample representation: condensed
  INFO representation: structured
  Header representation: structured
  - Input 1/1: test-larger-multisample.vcf.gz
    * TSV conversion ✅
    * VCF version: VCFv4.1 (detected)
    * RDF conversion ✅
    * Streaming condensed multi-sample RDF (no expanded helper TSVs)
    * Condensed sample RDF streaming: 10,000 variants, 10,000 vectors
    * Condensed matrices streamed: 10,000; FORMAT vectors: 10,000; reusable samples: 2,504
    * Streaming structured header RDF
    * Header lines typed: 255; contigs: 86
    * Streaming QUAL and structured INFO RDF
    * INFO RDF streaming: 10,000 variants, 120,212 values
    * QUAL values streamed: 10,000; INFO values: 120,212; declarations: 22
    * Triples produced: 1,451,221
    * Compression ✅
    * Output directory: /home/ubuntu/vcf-rdfizer-testing/benchmarks_outputs/03_sample_representation/anchor_cohort__condensed/out/test-larger-multisample
      - RDF aggregate: test-larger-multisample.nt.gz
      - RDF (.gz): 7.52 MB (removed after successful compression)
      - HDT (.hdt): 55.66 MB (/home/ubuntu/vcf-rdfizer-testing/benchmarks_outputs/03_sample_representation/anchor_cohort__condensed/out/test-larger-multisample/test-larger-multisample.hdt)
Total triples produced (full run): 1,451,221
Conversion process finished.
Run time (full mode): 3m 52.6s
Timing log: /home/ubuntu/vcf-rdfizer-testing/benchmarks_outputs/03_sample_representation/anchor_cohort__condensed/out/run_metrics/test-larger-multisample__20260923T131435/wrapper_execution_times.csv
Metrics summary: /home/ubuntu/vcf-rdfizer-testing/benchmarks_outputs/03_sample_representation/anchor_cohort__condensed/out/run_metrics/test-larger-multisample__20260923T131435/summary.json
