TSV conversion: NG131FQA1I_first250000: started
TSV conversion: NG131FQA1I_first250000: finished
RMLStreamer: NG131FQA1I_first250000: started
  RMLStreamer: NG131FQA1I_first250000: rmlstreamer started — 0 B · 0 parts
  RMLStreamer: NG131FQA1I_first250000: rmlstreamer heartbeat — 0 B · 0 parts
  RMLStreamer: NG131FQA1I_first250000: rmlstreamer heartbeat — 8.42 KB · 8 parts
  RMLStreamer: NG131FQA1I_first250000: rmlstreamer heartbeat — 7.98 MB · 8 parts
  RMLStreamer: NG131FQA1I_first250000: rmlstreamer heartbeat — 22.84 MB · 8 parts
  RMLStreamer: NG131FQA1I_first250000: rmlstreamer heartbeat — 54.49 MB · 8 parts
  RMLStreamer: NG131FQA1I_first250000: rmlstreamer heartbeat — 93.16 MB · 8 parts
  RMLStreamer: NG131FQA1I_first250000: rmlstreamer heartbeat — 131.28 MB · 8 parts
  RMLStreamer: NG131FQA1I_first250000: rmlstreamer heartbeat — 170.78 MB · 8 parts
  RMLStreamer: NG131FQA1I_first250000: rmlstreamer heartbeat — 210.60 MB · 8 parts
  RMLStreamer: NG131FQA1I_first250000: rmlstreamer heartbeat — 249.98 MB · 8 parts
  RMLStreamer: NG131FQA1I_first250000: rmlstreamer heartbeat — 281.13 MB · 8 parts
  RMLStreamer: NG131FQA1I_first250000: rmlstreamer heartbeat — 285.37 MB · 8 parts
  RMLStreamer: NG131FQA1I_first250000: rmlstreamer complete — 285.37 MB · 8 parts
  RMLStreamer: NG131FQA1I_first250000: rdf-aggregate started — 0 parts
  RMLStreamer: NG131FQA1I_first250000: rdf-aggregate part — 1 parts
  RMLStreamer: NG131FQA1I_first250000: rdf-aggregate part — 2 parts
  RMLStreamer: NG131FQA1I_first250000: rdf-aggregate part — 3 parts
  RMLStreamer: NG131FQA1I_first250000: rdf-aggregate part — 4 parts
  RMLStreamer: NG131FQA1I_first250000: rdf-aggregate part — 5 parts
  RMLStreamer: NG131FQA1I_first250000: rdf-aggregate part — 6 parts
  RMLStreamer: NG131FQA1I_first250000: rdf-aggregate part — 7 parts
  RMLStreamer: NG131FQA1I_first250000: rdf-aggregate part — 8 parts
  RMLStreamer: NG131FQA1I_first250000: rdf-aggregate complete — 8 parts
RMLStreamer: NG131FQA1I_first250000: finished
Partitioned compression: NG131FQA1I_first250000: started
  Partitioned compression: NG131FQA1I_first250000: rdf-scan started — 0 triples
  Partitioned compression: NG131FQA1I_first250000: rdf-scan heartbeat — 502,414 triples · 67,108,943 bytes read
  Partitioned compression: NG131FQA1I_first250000: rdf-scan heartbeat — 1,008,870 triples · 134,217,897 bytes read
  Partitioned compression: NG131FQA1I_first250000: rdf-scan heartbeat — 1,514,333 triples · 201,326,767 bytes read
  Partitioned compression: NG131FQA1I_first250000: rdf-scan heartbeat — 2,020,293 triples · 268,435,777 bytes read
  Partitioned compression: NG131FQA1I_first250000: rdf-scan heartbeat — 2,468,689 triples · 335,544,702 bytes read
  Partitioned compression: NG131FQA1I_first250000: rdf-scan heartbeat — 2,869,423 triples · 402,653,609 bytes read
  Partitioned compression: NG131FQA1I_first250000: rdf-scan heartbeat — 3,267,751 triples · 469,762,569 bytes read
  Partitioned compression: NG131FQA1I_first250000: rdf-scan chunk — 3,665,399 triples · 1 chunks · 536,871,033 bytes read
  Partitioned compression: NG131FQA1I_first250000: hdt-chunks started — 0 chunks · hdt-build-00000
  Partitioned compression: NG131FQA1I_first250000: hdt-chunks complete — 1 chunks · hdt-build-00000
  Partitioned compression: NG131FQA1I_first250000: cottas-chunks started — 0 chunks · cottas-build-00000
  Partitioned compression: NG131FQA1I_first250000: cottas-chunks complete — 1 chunks · cottas-build-00000
  Partitioned compression: NG131FQA1I_first250000: rdf-scan heartbeat — 3,665,402 triples · 536,871,524 bytes read
  Partitioned compression: NG131FQA1I_first250000: rdf-scan heartbeat — 4,063,006 triples · 603,980,500 bytes read
  Partitioned compression: NG131FQA1I_first250000: rdf-scan heartbeat — 4,460,603 triples · 671,089,525 bytes read
  Partitioned compression: NG131FQA1I_first250000: rdf-scan heartbeat — 4,858,188 triples · 738,198,541 bytes read
  Partitioned compression: NG131FQA1I_first250000: rdf-scan heartbeat — 5,255,766 triples · 805,307,443 bytes read
  Partitioned compression: NG131FQA1I_first250000: rdf-scan heartbeat — 5,653,340 triples · 872,416,444 bytes read
  Partitioned compression: NG131FQA1I_first250000: rdf-scan heartbeat — 6,050,935 triples · 939,525,441 bytes read
  Partitioned compression: NG131FQA1I_first250000: rdf-scan heartbeat — 6,448,455 triples · 1,006,634,324 bytes read
  Partitioned compression: NG131FQA1I_first250000: rdf-scan chunk — 6,845,996 triples · 2 chunks · 1,073,741,968 bytes read
  Partitioned compression: NG131FQA1I_first250000: hdt-chunks started — 1 chunks · hdt-build-00001
  Partitioned compression: NG131FQA1I_first250000: hdt-chunks complete — 2 chunks · hdt-build-00001
  Partitioned compression: NG131FQA1I_first250000: cottas-chunks started — 1 chunks · cottas-build-00001
  Partitioned compression: NG131FQA1I_first250000: cottas-chunks complete — 2 chunks · cottas-build-00001
  Partitioned compression: NG131FQA1I_first250000: rdf-scan heartbeat — 6,846,004 triples · 1,073,743,328 bytes read
  Partitioned compression: NG131FQA1I_first250000: rdf-scan heartbeat — 7,243,546 triples · 1,140,852,275 bytes read
  Partitioned compression: NG131FQA1I_first250000: rdf-scan heartbeat — 7,641,071 triples · 1,207,961,268 bytes read
  Partitioned compression: NG131FQA1I_first250000: rdf-scan heartbeat — 8,038,662 triples · 1,275,070,294 bytes read
  Partitioned compression: NG131FQA1I_first250000: rdf-scan heartbeat — 8,436,230 triples · 1,342,179,192 bytes read
  Partitioned compression: NG131FQA1I_first250000: rdf-scan heartbeat — 8,833,764 triples · 1,409,288,087 bytes read
  Partitioned compression: NG131FQA1I_first250000: rdf-scan heartbeat — 9,231,317 triples · 1,476,397,110 bytes read
  Partitioned compression: NG131FQA1I_first250000: rdf-scan heartbeat — 9,626,248 triples · 1,543,506,101 bytes read
  Partitioned compression: NG131FQA1I_first250000: rdf-scan chunk — 10,020,810 triples · 3 chunks · 1,610,612,952 bytes read
  Partitioned compression: NG131FQA1I_first250000: hdt-chunks started — 2 chunks · hdt-build-00002
  Partitioned compression: NG131FQA1I_first250000: hdt-chunks complete — 3 chunks · hdt-build-00002
  Partitioned compression: NG131FQA1I_first250000: cottas-chunks started — 2 chunks · cottas-build-00002
  Partitioned compression: NG131FQA1I_first250000: cottas-chunks complete — 3 chunks · cottas-build-00002
  Partitioned compression: NG131FQA1I_first250000: rdf-scan heartbeat — 10,020,822 triples · 1,610,614,985 bytes read
  Partitioned compression: NG131FQA1I_first250000: rdf-scan heartbeat — 10,415,430 triples · 1,677,723,859 bytes read
  Partitioned compression: NG131FQA1I_first250000: rdf-scan heartbeat — 10,810,013 triples · 1,744,832,774 bytes read
  Partitioned compression: NG131FQA1I_first250000: rdf-scan heartbeat — 11,204,616 triples · 1,811,941,782 bytes read
  Partitioned compression: NG131FQA1I_first250000: rdf-scan heartbeat — 11,599,220 triples · 1,879,050,757 bytes read
  Partitioned compression: NG131FQA1I_first250000: rdf-scan heartbeat — 11,993,820 triples · 1,946,159,663 bytes read
  Partitioned compression: NG131FQA1I_first250000: rdf-scan heartbeat — 12,388,438 triples · 2,013,268,597 bytes read
  Partitioned compression: NG131FQA1I_first250000: rdf-scan heartbeat — 12,782,989 triples · 2,080,377,552 bytes read
  Partitioned compression: NG131FQA1I_first250000: rdf-scan chunk — 13,177,590 triples · 4 chunks · 2,147,483,969 bytes read
  Partitioned compression: NG131FQA1I_first250000: hdt-chunks started — 3 chunks · hdt-build-00003
  Partitioned compression: NG131FQA1I_first250000: hdt-chunks complete — 4 chunks · hdt-build-00003
  Partitioned compression: NG131FQA1I_first250000: cottas-chunks started — 3 chunks · cottas-build-00003
  Partitioned compression: NG131FQA1I_first250000: cottas-chunks complete — 4 chunks · cottas-build-00003
  Partitioned compression: NG131FQA1I_first250000: rdf-scan heartbeat — 13,177,605 triples · 2,147,486,523 bytes read
  Partitioned compression: NG131FQA1I_first250000: rdf-scan heartbeat — 13,572,237 triples · 2,214,595,495 bytes read
  Partitioned compression: NG131FQA1I_first250000: rdf-scan heartbeat — 13,966,840 triples · 2,281,704,378 bytes read
  Partitioned compression: NG131FQA1I_first250000: rdf-scan heartbeat — 14,361,430 triples · 2,348,813,341 bytes read
  Partitioned compression: NG131FQA1I_first250000: rdf-scan heartbeat — 14,756,008 triples · 2,415,922,368 bytes read
  Partitioned compression: NG131FQA1I_first250000: rdf-scan heartbeat — 15,150,623 triples · 2,483,031,428 bytes read
  Partitioned compression: NG131FQA1I_first250000: rdf-scan heartbeat — 15,545,873 triples · 2,550,140,441 bytes read
  Partitioned compression: NG131FQA1I_first250000: rdf-scan heartbeat — 15,941,217 triples · 2,617,249,396 bytes read
  Partitioned compression: NG131FQA1I_first250000: rdf-scan chunk — 16,336,046 triples · 5 chunks · 2,684,354,885 bytes read
  Partitioned compression: NG131FQA1I_first250000: hdt-chunks started — 4 chunks · hdt-build-00004
  Partitioned compression: NG131FQA1I_first250000: hdt-chunks complete — 5 chunks · hdt-build-00004
  Partitioned compression: NG131FQA1I_first250000: cottas-chunks started — 4 chunks · cottas-build-00004
  Partitioned compression: NG131FQA1I_first250000: cottas-chunks complete — 5 chunks · cottas-build-00004
  Partitioned compression: NG131FQA1I_first250000: rdf-scan heartbeat — 16,336,066 triples · 2,684,358,338 bytes read
  Partitioned compression: NG131FQA1I_first250000: rdf-scan heartbeat — 16,730,666 triples · 2,751,467,307 bytes read
  Partitioned compression: NG131FQA1I_first250000: rdf-scan heartbeat — 17,125,267 triples · 2,818,576,184 bytes read
  Partitioned compression: NG131FQA1I_first250000: rdf-scan heartbeat — 17,519,907 triples · 2,885,685,133 bytes read
  Partitioned compression: NG131FQA1I_first250000: rdf-scan heartbeat — 17,914,517 triples · 2,952,794,003 bytes read
  Partitioned compression: NG131FQA1I_first250000: rdf-scan heartbeat — 18,309,108 triples · 3,019,902,900 bytes read
  Partitioned compression: NG131FQA1I_first250000: rdf-scan heartbeat — 18,703,712 triples · 3,087,011,864 bytes read
  Partitioned compression: NG131FQA1I_first250000: rdf-scan heartbeat — 19,098,286 triples · 3,154,120,752 bytes read
  Partitioned compression: NG131FQA1I_first250000: rdf-scan chunk — 19,492,830 triples · 6 chunks · 3,221,225,929 bytes read
  Partitioned compression: NG131FQA1I_first250000: hdt-chunks started — 5 chunks · hdt-build-00005
  Partitioned compression: NG131FQA1I_first250000: hdt-chunks complete — 6 chunks · hdt-build-00005
  Partitioned compression: NG131FQA1I_first250000: cottas-chunks started — 5 chunks · cottas-build-00005
  Partitioned compression: NG131FQA1I_first250000: cottas-chunks complete — 6 chunks · cottas-build-00005
  Partitioned compression: NG131FQA1I_first250000: rdf-scan heartbeat — 19,492,852 triples · 3,221,229,761 bytes read
  Partitioned compression: NG131FQA1I_first250000: rdf-scan heartbeat — 19,893,524 triples · 3,288,338,648 bytes read
  Partitioned compression: NG131FQA1I_first250000: rdf-scan heartbeat — 20,330,542 triples · 3,355,447,590 bytes read
  Partitioned compression: NG131FQA1I_first250000: rdf-scan heartbeat — 20,766,272 triples · 3,422,556,505 bytes read
  Partitioned compression: NG131FQA1I_first250000: rdf-scan heartbeat — 21,202,617 triples · 3,489,665,411 bytes read
  Partitioned compression: NG131FQA1I_first250000: rdf-scan heartbeat — 21,636,348 triples · 3,556,774,445 bytes read
  Partitioned compression: NG131FQA1I_first250000: rdf-scan heartbeat — 22,069,208 triples · 3,623,883,375 bytes read
  Partitioned compression: NG131FQA1I_first250000: rdf-scan heartbeat — 22,502,028 triples · 3,690,992,287 bytes read
  Partitioned compression: NG131FQA1I_first250000: rdf-scan chunk — 22,934,715 triples · 7 chunks · 3,758,096,961 bytes read
  Partitioned compression: NG131FQA1I_first250000: hdt-chunks started — 6 chunks · hdt-build-00006
  Partitioned compression: NG131FQA1I_first250000: hdt-chunks complete — 7 chunks · hdt-build-00006
  Partitioned compression: NG131FQA1I_first250000: cottas-chunks started — 6 chunks · cottas-build-00006
  Partitioned compression: NG131FQA1I_first250000: cottas-chunks complete — 7 chunks · cottas-build-00006
  Partitioned compression: NG131FQA1I_first250000: rdf-scan heartbeat — 22,934,742 triples · 3,758,101,173 bytes read
  Partitioned compression: NG131FQA1I_first250000: rdf-scan heartbeat — 23,367,320 triples · 3,825,210,091 bytes read
  Partitioned compression: NG131FQA1I_first250000: rdf-scan heartbeat — 23,799,382 triples · 3,892,318,990 bytes read
  Partitioned compression: NG131FQA1I_first250000: rdf-scan heartbeat — 24,231,771 triples · 3,959,427,999 bytes read
  Partitioned compression: NG131FQA1I_first250000: rdf-scan heartbeat — 24,663,728 triples · 4,026,536,917 bytes read
  Partitioned compression: NG131FQA1I_first250000: rdf-scan heartbeat — 25,095,994 triples · 4,093,645,912 bytes read
  Partitioned compression: NG131FQA1I_first250000: rdf-scan heartbeat — 25,528,907 triples · 4,160,754,796 bytes read
  Partitioned compression: NG131FQA1I_first250000: rdf-scan heartbeat — 25,961,506 triples · 4,227,863,797 bytes read
  Partitioned compression: NG131FQA1I_first250000: rdf-scan chunk — 26,394,051 triples · 8 chunks · 4,294,968,028 bytes read
  Partitioned compression: NG131FQA1I_first250000: hdt-chunks started — 7 chunks · hdt-build-00007
  Partitioned compression: NG131FQA1I_first250000: hdt-chunks complete — 8 chunks · hdt-build-00007
  Partitioned compression: NG131FQA1I_first250000: cottas-chunks started — 7 chunks · cottas-build-00007
  Partitioned compression: NG131FQA1I_first250000: cottas-chunks complete — 8 chunks · cottas-build-00007
  Partitioned compression: NG131FQA1I_first250000: rdf-scan heartbeat — 26,394,081 triples · 4,294,972,728 bytes read
  Partitioned compression: NG131FQA1I_first250000: rdf-scan heartbeat — 26,826,781 triples · 4,362,081,737 bytes read
  Partitioned compression: NG131FQA1I_first250000: rdf-scan heartbeat — 27,259,229 triples · 4,429,190,706 bytes read
  Partitioned compression: NG131FQA1I_first250000: rdf-scan heartbeat — 27,691,634 triples · 4,496,299,617 bytes read
  Partitioned compression: NG131FQA1I_first250000: rdf-scan heartbeat — 28,124,228 triples · 4,563,408,526 bytes read
  Partitioned compression: NG131FQA1I_first250000: rdf-scan heartbeat — 28,556,633 triples · 4,630,517,525 bytes read
  Partitioned compression: NG131FQA1I_first250000: rdf-scan heartbeat — 28,988,805 triples · 4,697,626,490 bytes read
  Partitioned compression: NG131FQA1I_first250000: rdf-scan heartbeat — 29,421,040 triples · 4,764,735,491 bytes read
  Partitioned compression: NG131FQA1I_first250000: rdf-scan chunk — 29,853,629 triples · 9 chunks · 4,831,838,978 bytes read
  Partitioned compression: NG131FQA1I_first250000: hdt-chunks started — 8 chunks · hdt-build-00008
  Partitioned compression: NG131FQA1I_first250000: hdt-chunks complete — 9 chunks · hdt-build-00008
  Partitioned compression: NG131FQA1I_first250000: cottas-chunks started — 8 chunks · cottas-build-00008
  Partitioned compression: NG131FQA1I_first250000: cottas-chunks complete — 9 chunks · cottas-build-00008
  Partitioned compression: NG131FQA1I_first250000: rdf-scan heartbeat — 29,853,664 triples · 4,831,844,440 bytes read
  Partitioned compression: NG131FQA1I_first250000: rdf-scan heartbeat — 30,286,029 triples · 4,898,953,432 bytes read
  Partitioned compression: NG131FQA1I_first250000: rdf-scan heartbeat — 30,717,993 triples · 4,966,062,337 bytes read
  Partitioned compression: NG131FQA1I_first250000: rdf-scan heartbeat — 31,150,042 triples · 5,033,171,256 bytes read
  Partitioned compression: NG131FQA1I_first250000: rdf-scan heartbeat — 31,582,282 triples · 5,100,280,205 bytes read
  Partitioned compression: NG131FQA1I_first250000: rdf-scan heartbeat — 32,014,504 triples · 5,167,389,097 bytes read
  Partitioned compression: NG131FQA1I_first250000: rdf-scan heartbeat — 32,447,164 triples · 5,234,498,096 bytes read
  Partitioned compression: NG131FQA1I_first250000: rdf-scan heartbeat — 32,879,296 triples · 5,301,607,008 bytes read
  Partitioned compression: NG131FQA1I_first250000: rdf-scan chunk — 33,311,284 triples · 10 chunks · 5,368,709,936 bytes read
  Partitioned compression: NG131FQA1I_first250000: hdt-chunks started — 9 chunks · hdt-build-00009
  Partitioned compression: NG131FQA1I_first250000: hdt-chunks complete — 10 chunks · hdt-build-00009
  Partitioned compression: NG131FQA1I_first250000: cottas-chunks started — 9 chunks · cottas-build-00009
  Partitioned compression: NG131FQA1I_first250000: cottas-chunks complete — 10 chunks · cottas-build-00009
  Partitioned compression: NG131FQA1I_first250000: rdf-scan heartbeat — 33,311,322 triples · 5,368,715,978 bytes read
  Partitioned compression: NG131FQA1I_first250000: rdf-scan heartbeat — 33,743,550 triples · 5,435,824,902 bytes read
  Partitioned compression: NG131FQA1I_first250000: rdf-scan heartbeat — 34,176,515 triples · 5,502,933,860 bytes read
  Partitioned compression: NG131FQA1I_first250000: rdf-scan heartbeat — 34,608,807 triples · 5,570,042,792 bytes read
  Partitioned compression: NG131FQA1I_first250000: rdf-scan heartbeat — 35,040,735 triples · 5,637,151,759 bytes read
  Partitioned compression: NG131FQA1I_first250000: rdf-scan heartbeat — 35,470,905 triples · 5,704,260,778 bytes read
  Partitioned compression: NG131FQA1I_first250000: rdf-scan heartbeat — 35,900,017 triples · 5,771,369,713 bytes read
  Partitioned compression: NG131FQA1I_first250000: rdf-scan heartbeat — 36,328,846 triples · 5,838,478,623 bytes read
  Partitioned compression: NG131FQA1I_first250000: rdf-scan chunk — 36,757,839 triples · 11 chunks · 5,905,580,961 bytes read
  Partitioned compression: NG131FQA1I_first250000: hdt-chunks started — 10 chunks · hdt-build-00010
  Partitioned compression: NG131FQA1I_first250000: hdt-chunks complete — 11 chunks · hdt-build-00010
  Partitioned compression: NG131FQA1I_first250000: cottas-chunks started — 10 chunks · cottas-build-00010
  Partitioned compression: NG131FQA1I_first250000: cottas-chunks complete — 11 chunks · cottas-build-00010
  Partitioned compression: NG131FQA1I_first250000: rdf-scan heartbeat — 36,757,880 triples · 5,905,587,488 bytes read
  Partitioned compression: NG131FQA1I_first250000: rdf-scan heartbeat — 37,186,915 triples · 5,972,696,397 bytes read
  Partitioned compression: NG131FQA1I_first250000: rdf-scan heartbeat — 37,616,309 triples · 6,039,805,409 bytes read
  Partitioned compression: NG131FQA1I_first250000: rdf-scan heartbeat — 38,045,571 triples · 6,106,914,273 bytes read
  Partitioned compression: NG131FQA1I_first250000: rdf-scan heartbeat — 38,474,603 triples · 6,174,023,215 bytes read
  Partitioned compression: NG131FQA1I_first250000: rdf-scan heartbeat — 38,903,478 triples · 6,241,132,277 bytes read
  Partitioned compression: NG131FQA1I_first250000: rdf-scan heartbeat — 39,332,547 triples · 6,308,241,215 bytes read
  Partitioned compression: NG131FQA1I_first250000: rdf-scan heartbeat — 39,761,883 triples · 6,375,350,137 bytes read
  Partitioned compression: NG131FQA1I_first250000: rdf-scan chunk — 40,190,946 triples · 12 chunks · 6,442,451,947 bytes read
  Partitioned compression: NG131FQA1I_first250000: hdt-chunks started — 11 chunks · hdt-build-00011
  Partitioned compression: NG131FQA1I_first250000: hdt-chunks complete — 12 chunks · hdt-build-00011
  Partitioned compression: NG131FQA1I_first250000: cottas-chunks started — 11 chunks · cottas-build-00011
  Partitioned compression: NG131FQA1I_first250000: cottas-chunks complete — 12 chunks · cottas-build-00011
  Partitioned compression: NG131FQA1I_first250000: rdf-scan heartbeat — 40,190,992 triples · 6,442,459,081 bytes read
  Partitioned compression: NG131FQA1I_first250000: rdf-scan heartbeat — 40,620,511 triples · 6,509,567,957 bytes read
  Partitioned compression: NG131FQA1I_first250000: rdf-scan heartbeat — 41,049,870 triples · 6,576,676,851 bytes read
  Partitioned compression: NG131FQA1I_first250000: rdf-scan heartbeat — 41,478,829 triples · 6,643,785,786 bytes read
  Partitioned compression: NG131FQA1I_first250000: rdf-scan heartbeat — 41,907,758 triples · 6,710,894,716 bytes read
  Partitioned compression: NG131FQA1I_first250000: rdf-scan heartbeat — 42,336,506 triples · 6,778,003,679 bytes read
  Partitioned compression: NG131FQA1I_first250000: rdf-scan heartbeat — 42,765,370 triples · 6,845,112,621 bytes read
  Partitioned compression: NG131FQA1I_first250000: rdf-scan heartbeat — 43,194,480 triples · 6,912,221,623 bytes read
  Partitioned compression: NG131FQA1I_first250000: rdf-scan chunk — 43,623,260 triples · 13 chunks · 6,979,323,003 bytes read
  Partitioned compression: NG131FQA1I_first250000: hdt-chunks started — 12 chunks · hdt-build-00012
  Partitioned compression: NG131FQA1I_first250000: hdt-chunks complete — 13 chunks · hdt-build-00012
  Partitioned compression: NG131FQA1I_first250000: cottas-chunks started — 12 chunks · cottas-build-00012
  Partitioned compression: NG131FQA1I_first250000: cottas-chunks complete — 13 chunks · cottas-build-00012
  Partitioned compression: NG131FQA1I_first250000: rdf-scan heartbeat — 43,623,309 triples · 6,979,330,609 bytes read
  Partitioned compression: NG131FQA1I_first250000: rdf-scan heartbeat — 44,053,052 triples · 7,046,439,630 bytes read
  Partitioned compression: NG131FQA1I_first250000: rdf-scan heartbeat — 44,482,292 triples · 7,113,548,613 bytes read
  Partitioned compression: NG131FQA1I_first250000: rdf-scan heartbeat — 44,911,644 triples · 7,180,657,607 bytes read
  Partitioned compression: NG131FQA1I_first250000: rdf-scan heartbeat — 45,340,845 triples · 7,247,766,530 bytes read
  Partitioned compression: NG131FQA1I_first250000: rdf-scan heartbeat — 45,770,021 triples · 7,314,875,531 bytes read
  Partitioned compression: NG131FQA1I_first250000: rdf-scan heartbeat — 46,198,812 triples · 7,381,984,414 bytes read
  Partitioned compression: NG131FQA1I_first250000: rdf-scan heartbeat — 46,627,518 triples · 7,449,093,295 bytes read
  Partitioned compression: NG131FQA1I_first250000: rdf-scan chunk — 47,056,863 triples · 14 chunks · 7,516,193,998 bytes read
  Partitioned compression: NG131FQA1I_first250000: hdt-chunks started — 13 chunks · hdt-build-00013
  Partitioned compression: NG131FQA1I_first250000: hdt-chunks complete — 14 chunks · hdt-build-00013
  Partitioned compression: NG131FQA1I_first250000: cottas-chunks started — 13 chunks · cottas-build-00013
  Partitioned compression: NG131FQA1I_first250000: cottas-chunks complete — 14 chunks · cottas-build-00013
  Partitioned compression: NG131FQA1I_first250000: rdf-scan heartbeat — 47,056,916 triples · 7,516,202,207 bytes read
  Partitioned compression: NG131FQA1I_first250000: rdf-scan heartbeat — 47,486,215 triples · 7,583,311,151 bytes read
  Partitioned compression: NG131FQA1I_first250000: rdf-scan heartbeat — 47,915,313 triples · 7,650,420,059 bytes read
  Partitioned compression: NG131FQA1I_first250000: rdf-scan heartbeat — 48,346,058 triples · 7,717,529,015 bytes read
  Partitioned compression: NG131FQA1I_first250000: rdf-scan heartbeat — 48,775,865 triples · 7,784,637,913 bytes read
  Partitioned compression: NG131FQA1I_first250000: rdf-scan heartbeat — 49,205,745 triples · 7,851,746,834 bytes read
  Partitioned compression: NG131FQA1I_first250000: rdf-scan heartbeat — 49,635,632 triples · 7,918,855,708 bytes read
  Partitioned compression: NG131FQA1I_first250000: rdf-scan heartbeat — 50,064,873 triples · 7,985,964,600 bytes read
  Partitioned compression: NG131FQA1I_first250000: rdf-scan chunk — 50,494,857 triples · 15 chunks · 8,053,065,017 bytes read
  Partitioned compression: NG131FQA1I_first250000: hdt-chunks started — 14 chunks · hdt-build-00014
  Partitioned compression: NG131FQA1I_first250000: hdt-chunks complete — 15 chunks · hdt-build-00014
  Partitioned compression: NG131FQA1I_first250000: cottas-chunks started — 14 chunks · cottas-build-00014
  Partitioned compression: NG131FQA1I_first250000: cottas-chunks complete — 15 chunks · cottas-build-00014
  Partitioned compression: NG131FQA1I_first250000: rdf-scan heartbeat — 50,494,912 triples · 8,053,073,520 bytes read
  Partitioned compression: NG131FQA1I_first250000: rdf-scan heartbeat — 50,924,297 triples · 8,120,182,461 bytes read
  Partitioned compression: NG131FQA1I_first250000: rdf-scan heartbeat — 51,353,358 triples · 8,187,291,395 bytes read
  Partitioned compression: NG131FQA1I_first250000: rdf-scan heartbeat — 51,782,202 triples · 8,254,400,378 bytes read
  Partitioned compression: NG131FQA1I_first250000: rdf-scan heartbeat — 52,212,051 triples · 8,321,509,377 bytes read
  Partitioned compression: NG131FQA1I_first250000: rdf-scan heartbeat — 52,641,191 triples · 8,388,618,381 bytes read
  Partitioned compression: NG131FQA1I_first250000: rdf-scan heartbeat — 53,070,268 triples · 8,455,727,383 bytes read
  Partitioned compression: NG131FQA1I_first250000: rdf-scan heartbeat — 53,499,121 triples · 8,522,836,335 bytes read
  Partitioned compression: NG131FQA1I_first250000: rdf-scan chunk — 53,928,085 triples · 16 chunks · 8,589,936,060 bytes read
  Partitioned compression: NG131FQA1I_first250000: hdt-chunks started — 15 chunks · hdt-build-00015
  Partitioned compression: NG131FQA1I_first250000: hdt-chunks complete — 16 chunks · hdt-build-00015
  Partitioned compression: NG131FQA1I_first250000: cottas-chunks started — 15 chunks · cottas-build-00015
  Partitioned compression: NG131FQA1I_first250000: cottas-chunks complete — 16 chunks · cottas-build-00015
  Partitioned compression: NG131FQA1I_first250000: rdf-scan heartbeat — 53,928,144 triples · 8,589,945,357 bytes read
  Partitioned compression: NG131FQA1I_first250000: rdf-scan heartbeat — 54,357,285 triples · 8,657,054,330 bytes read
  Partitioned compression: NG131FQA1I_first250000: rdf-scan heartbeat — 54,786,547 triples · 8,724,163,285 bytes read
  Partitioned compression: NG131FQA1I_first250000: rdf-scan heartbeat — 55,215,441 triples · 8,791,272,250 bytes read
  Partitioned compression: NG131FQA1I_first250000: rdf-scan heartbeat — 55,643,868 triples · 8,858,381,247 bytes read
  Partitioned compression: NG131FQA1I_first250000: rdf-scan heartbeat — 56,072,291 triples · 8,925,490,195 bytes read
  Partitioned compression: NG131FQA1I_first250000: rdf-scan heartbeat — 56,501,223 triples · 8,992,599,189 bytes read
  Partitioned compression: NG131FQA1I_first250000: rdf-scan heartbeat — 56,929,855 triples · 9,059,708,215 bytes read
  Partitioned compression: NG131FQA1I_first250000: rdf-scan chunk — 57,358,680 triples · 17 chunks · 9,126,807,060 bytes read
  Partitioned compression: NG131FQA1I_first250000: hdt-chunks started — 16 chunks · hdt-build-00016
  Partitioned compression: NG131FQA1I_first250000: hdt-chunks complete — 17 chunks · hdt-build-00016
  Partitioned compression: NG131FQA1I_first250000: cottas-chunks started — 16 chunks · cottas-build-00016
  Partitioned compression: NG131FQA1I_first250000: cottas-chunks complete — 17 chunks · cottas-build-00016
  Partitioned compression: NG131FQA1I_first250000: rdf-scan heartbeat — 57,358,745 triples · 9,126,817,201 bytes read
  Partitioned compression: NG131FQA1I_first250000: rdf-scan heartbeat — 57,787,557 triples · 9,193,926,117 bytes read
  Partitioned compression: NG131FQA1I_first250000: rdf-scan heartbeat — 58,217,049 triples · 9,261,034,988 bytes read
  Partitioned compression: NG131FQA1I_first250000: rdf-scan chunk — 58,231,176 triples · 18 chunks · 9,263,247,745 bytes read
  Partitioned compression: NG131FQA1I_first250000: hdt-chunks started — 17 chunks · hdt-build-00017
  Partitioned compression: NG131FQA1I_first250000: hdt-chunks complete — 18 chunks · hdt-build-00017
  Partitioned compression: NG131FQA1I_first250000: cottas-chunks started — 17 chunks · cottas-build-00017
  Partitioned compression: NG131FQA1I_first250000: cottas-chunks complete — 18 chunks · cottas-build-00017
  Partitioned compression: NG131FQA1I_first250000: rdf-scan complete — 58,231,176 triples · 18 chunks
  Partitioned compression: NG131FQA1I_first250000: hdt-chunks complete — 18 chunks
  Partitioned compression: NG131FQA1I_first250000: cottas-chunks complete — 18 chunks
  Partitioned compression: NG131FQA1I_first250000: hdt-merge started — hdt-merge-r01-00000
  Partitioned compression: NG131FQA1I_first250000: hdt-merge complete — hdt-merge-r01-00000
  Partitioned compression: NG131FQA1I_first250000: hdt-merge started — hdt-merge-r01-00001
  Partitioned compression: NG131FQA1I_first250000: hdt-merge complete — hdt-merge-r01-00001
  Partitioned compression: NG131FQA1I_first250000: hdt-merge started — hdt-merge-r01-00002
  Partitioned compression: NG131FQA1I_first250000: hdt-merge complete — hdt-merge-r01-00002
  Partitioned compression: NG131FQA1I_first250000: hdt-merge started — hdt-merge-r01-00003
  Partitioned compression: NG131FQA1I_first250000: hdt-merge complete — hdt-merge-r01-00003
  Partitioned compression: NG131FQA1I_first250000: hdt-merge started — hdt-merge-r01-00004
  Partitioned compression: NG131FQA1I_first250000: hdt-merge complete — hdt-merge-r01-00004
  Partitioned compression: NG131FQA1I_first250000: hdt-merge started — hdt-merge-r01-00005
  Partitioned compression: NG131FQA1I_first250000: hdt-merge complete — hdt-merge-r01-00005
  Partitioned compression: NG131FQA1I_first250000: hdt-merge started — hdt-merge-r01-00006
  Partitioned compression: NG131FQA1I_first250000: hdt-merge complete — hdt-merge-r01-00006
  Partitioned compression: NG131FQA1I_first250000: hdt-merge started — hdt-merge-r01-00007
  Partitioned compression: NG131FQA1I_first250000: hdt-merge complete — hdt-merge-r01-00007
  Partitioned compression: NG131FQA1I_first250000: hdt-merge started — hdt-merge-r01-00008
  Partitioned compression: NG131FQA1I_first250000: hdt-merge complete — hdt-merge-r01-00008
  Partitioned compression: NG131FQA1I_first250000: hdt-merge started — hdt-merge-r02-00000
  Partitioned compression: NG131FQA1I_first250000: hdt-merge complete — hdt-merge-r02-00000
  Partitioned compression: NG131FQA1I_first250000: hdt-merge started — hdt-merge-r02-00001
  Partitioned compression: NG131FQA1I_first250000: hdt-merge complete — hdt-merge-r02-00001
  Partitioned compression: NG131FQA1I_first250000: hdt-merge started — hdt-merge-r02-00002
  Partitioned compression: NG131FQA1I_first250000: hdt-merge complete — hdt-merge-r02-00002
  Partitioned compression: NG131FQA1I_first250000: hdt-merge started — hdt-merge-r02-00003
  Partitioned compression: NG131FQA1I_first250000: hdt-merge complete — hdt-merge-r02-00003
  Partitioned compression: NG131FQA1I_first250000: hdt-merge started — hdt-merge-r03-00000
  Partitioned compression: NG131FQA1I_first250000: hdt-merge complete — hdt-merge-r03-00000
  Partitioned compression: NG131FQA1I_first250000: hdt-merge started — hdt-merge-r03-00001
  Partitioned compression: NG131FQA1I_first250000: hdt-merge complete — hdt-merge-r03-00001
  Partitioned compression: NG131FQA1I_first250000: hdt-merge started — hdt-merge-r04-00000
  Partitioned compression: NG131FQA1I_first250000: hdt-merge complete — hdt-merge-r04-00000
  Partitioned compression: NG131FQA1I_first250000: hdt-merge started — hdt-merge-r05-00000
  Partitioned compression: NG131FQA1I_first250000: hdt-merge complete — hdt-merge-r05-00000
  Partitioned compression: NG131FQA1I_first250000: hdt started — hdt-index
  Partitioned compression: NG131FQA1I_first250000: hdt complete — hdt-index
  Partitioned compression: NG131FQA1I_first250000: hdt started — hdt-validate
  Partitioned compression: NG131FQA1I_first250000: hdt complete — hdt-validate
  Partitioned compression: NG131FQA1I_first250000: cottas-merge started — cottas-merge-stream
  Partitioned compression: NG131FQA1I_first250000: cottas-merge started — 0 triples · 18 sorted COTTAS chunks
  Partitioned compression: NG131FQA1I_first250000: cottas-merge merging — 250,000 triples · 250,000 distinct triples written
  Partitioned compression: NG131FQA1I_first250000: cottas-merge merging — 500,000 triples · 500,000 distinct triples written
  Partitioned compression: NG131FQA1I_first250000: cottas-merge merging — 750,000 triples · 750,000 distinct triples written
  Partitioned compression: NG131FQA1I_first250000: cottas-merge merging — 1,000,000 triples · 1,000,000 distinct triples written
  Partitioned compression: NG131FQA1I_first250000: cottas-merge merging — 1,250,000 triples · 1,250,000 distinct triples written
  Partitioned compression: NG131FQA1I_first250000: cottas-merge merging — 1,500,000 triples · 1,500,000 distinct triples written
  Partitioned compression: NG131FQA1I_first250000: cottas-merge merging — 1,750,000 triples · 1,750,000 distinct triples written
  Partitioned compression: NG131FQA1I_first250000: cottas-merge merging — 2,000,000 triples · 2,000,000 distinct triples written
  Partitioned compression: NG131FQA1I_first250000: cottas-merge merging — 2,250,000 triples · 2,250,000 distinct triples written
  Partitioned compression: NG131FQA1I_first250000: cottas-merge merging — 2,500,000 triples · 2,500,000 distinct triples written
  Partitioned compression: NG131FQA1I_first250000: cottas-merge merging — 2,750,000 triples · 2,750,000 distinct triples written
  Partitioned compression: NG131FQA1I_first250000: cottas-merge merging — 3,000,000 triples · 3,000,000 distinct triples written
  Partitioned compression: NG131FQA1I_first250000: cottas-merge merging — 3,250,000 triples · 3,250,000 distinct triples written
  Partitioned compression: NG131FQA1I_first250000: cottas-merge merging — 3,500,000 triples · 3,500,000 distinct triples written
  Partitioned compression: NG131FQA1I_first250000: cottas-merge merging — 3,750,000 triples · 3,750,000 distinct triples written
  Partitioned compression: NG131FQA1I_first250000: cottas-merge merging — 4,000,000 triples · 4,000,000 distinct triples written
  Partitioned compression: NG131FQA1I_first250000: cottas-merge merging — 4,250,000 triples · 4,250,000 distinct triples written
  Partitioned compression: NG131FQA1I_first250000: cottas-merge merging — 4,500,000 triples · 4,500,000 distinct triples written
  Partitioned compression: NG131FQA1I_first250000: cottas-merge merging — 4,750,000 triples · 4,750,000 distinct triples written
  Partitioned compression: NG131FQA1I_first250000: cottas-merge merging — 5,000,000 triples · 5,000,000 distinct triples written
  Partitioned compression: NG131FQA1I_first250000: cottas-merge merging — 5,250,000 triples · 5,250,000 distinct triples written
  Partitioned compression: NG131FQA1I_first250000: cottas-merge merging — 5,500,000 triples · 5,500,000 distinct triples written
  Partitioned compression: NG131FQA1I_first250000: cottas-merge merging — 5,750,000 triples · 5,750,000 distinct triples written
  Partitioned compression: NG131FQA1I_first250000: cottas-merge merging — 6,000,000 triples · 6,000,000 distinct triples written
  Partitioned compression: NG131FQA1I_first250000: cottas-merge merging — 6,250,000 triples · 6,250,000 distinct triples written
  Partitioned compression: NG131FQA1I_first250000: cottas-merge merging — 6,500,000 triples · 6,500,000 distinct triples written
  Partitioned compression: NG131FQA1I_first250000: cottas-merge merging — 6,750,000 triples · 6,750,000 distinct triples written
  Partitioned compression: NG131FQA1I_first250000: cottas-merge merging — 7,000,000 triples · 7,000,000 distinct triples written
  Partitioned compression: NG131FQA1I_first250000: cottas-merge merging — 7,250,000 triples · 7,250,000 distinct triples written
  Partitioned compression: NG131FQA1I_first250000: cottas-merge merging — 7,500,000 triples · 7,500,000 distinct triples written
  Partitioned compression: NG131FQA1I_first250000: cottas-merge merging — 7,750,000 triples · 7,750,000 distinct triples written
  Partitioned compression: NG131FQA1I_first250000: cottas-merge merging — 8,000,000 triples · 8,000,000 distinct triples written
  Partitioned compression: NG131FQA1I_first250000: cottas-merge merging — 8,250,000 triples · 8,250,000 distinct triples written
  Partitioned compression: NG131FQA1I_first250000: cottas-merge merging — 8,500,000 triples · 8,500,000 distinct triples written
  Partitioned compression: NG131FQA1I_first250000: cottas-merge merging — 8,750,000 triples · 8,750,000 distinct triples written
  Partitioned compression: NG131FQA1I_first250000: cottas-merge merging — 9,000,000 triples · 9,000,000 distinct triples written
  Partitioned compression: NG131FQA1I_first250000: cottas-merge merging — 9,250,000 triples · 9,250,000 distinct triples written
  Partitioned compression: NG131FQA1I_first250000: cottas-merge merging — 9,500,000 triples · 9,500,000 distinct triples written
  Partitioned compression: NG131FQA1I_first250000: cottas-merge merging — 9,750,000 triples · 9,750,000 distinct triples written
  Partitioned compression: NG131FQA1I_first250000: cottas-merge merging — 10,000,000 triples · 10,000,000 distinct triples written
  Partitioned compression: NG131FQA1I_first250000: cottas-merge merging — 10,250,000 triples · 10,250,000 distinct triples written
  Partitioned compression: NG131FQA1I_first250000: cottas-merge merging — 10,500,000 triples · 10,500,000 distinct triples written
  Partitioned compression: NG131FQA1I_first250000: cottas-merge merging — 10,750,000 triples · 10,750,000 distinct triples written
  Partitioned compression: NG131FQA1I_first250000: cottas-merge merging — 11,000,000 triples · 11,000,000 distinct triples written
  Partitioned compression: NG131FQA1I_first250000: cottas-merge merging — 11,250,000 triples · 11,250,000 distinct triples written
  Partitioned compression: NG131FQA1I_first250000: cottas-merge merging — 11,500,000 triples · 11,500,000 distinct triples written
  Partitioned compression: NG131FQA1I_first250000: cottas-merge merging — 11,750,000 triples · 11,750,000 distinct triples written
  Partitioned compression: NG131FQA1I_first250000: cottas-merge merging — 12,000,000 triples · 12,000,000 distinct triples written
  Partitioned compression: NG131FQA1I_first250000: cottas-merge merging — 12,250,000 triples · 12,250,000 distinct triples written
  Partitioned compression: NG131FQA1I_first250000: cottas-merge merging — 12,500,000 triples · 12,500,000 distinct triples written
  Partitioned compression: NG131FQA1I_first250000: cottas-merge merging — 12,750,000 triples · 12,750,000 distinct triples written
  Partitioned compression: NG131FQA1I_first250000: cottas-merge merging — 13,000,000 triples · 13,000,000 distinct triples written
  Partitioned compression: NG131FQA1I_first250000: cottas-merge merging — 13,250,000 triples · 13,250,000 distinct triples written
  Partitioned compression: NG131FQA1I_first250000: cottas-merge merging — 13,500,000 triples · 13,500,000 distinct triples written
  Partitioned compression: NG131FQA1I_first250000: cottas-merge merging — 13,750,000 triples · 13,750,000 distinct triples written
  Partitioned compression: NG131FQA1I_first250000: cottas-merge merging — 14,000,000 triples · 14,000,000 distinct triples written
  Partitioned compression: NG131FQA1I_first250000: cottas-merge merging — 14,250,000 triples · 14,250,000 distinct triples written
  Partitioned compression: NG131FQA1I_first250000: cottas-merge merging — 14,500,000 triples · 14,500,000 distinct triples written
  Partitioned compression: NG131FQA1I_first250000: cottas-merge merging — 14,750,000 triples · 14,750,000 distinct triples written
  Partitioned compression: NG131FQA1I_first250000: cottas-merge merging — 15,000,000 triples · 15,000,000 distinct triples written
  Partitioned compression: NG131FQA1I_first250000: cottas-merge merging — 15,250,000 triples · 15,250,000 distinct triples written
  Partitioned compression: NG131FQA1I_first250000: cottas-merge merging — 15,500,000 triples · 15,500,000 distinct triples written
  Partitioned compression: NG131FQA1I_first250000: cottas-merge merging — 15,750,000 triples · 15,750,000 distinct triples written
  Partitioned compression: NG131FQA1I_first250000: cottas-merge merging — 16,000,000 triples · 16,000,000 distinct triples written
  Partitioned compression: NG131FQA1I_first250000: cottas-merge merging — 16,250,000 triples · 16,250,000 distinct triples written
  Partitioned compression: NG131FQA1I_first250000: cottas-merge merging — 16,500,000 triples · 16,500,000 distinct triples written
  Partitioned compression: NG131FQA1I_first250000: cottas-merge merging — 16,750,000 triples · 16,750,000 distinct triples written
  Partitioned compression: NG131FQA1I_first250000: cottas-merge merging — 17,000,000 triples · 17,000,000 distinct triples written
  Partitioned compression: NG131FQA1I_first250000: cottas-merge merging — 17,250,000 triples · 17,250,000 distinct triples written
  Partitioned compression: NG131FQA1I_first250000: cottas-merge merging — 17,500,000 triples · 17,500,000 distinct triples written
  Partitioned compression: NG131FQA1I_first250000: cottas-merge merging — 17,750,000 triples · 17,750,000 distinct triples written
  Partitioned compression: NG131FQA1I_first250000: cottas-merge merging — 18,000,000 triples · 18,000,000 distinct triples written
  Partitioned compression: NG131FQA1I_first250000: cottas-merge merging — 18,250,000 triples · 18,250,000 distinct triples written
  Partitioned compression: NG131FQA1I_first250000: cottas-merge merging — 18,500,000 triples · 18,500,000 distinct triples written
  Partitioned compression: NG131FQA1I_first250000: cottas-merge merging — 18,750,000 triples · 18,750,000 distinct triples written
  Partitioned compression: NG131FQA1I_first250000: cottas-merge merging — 19,000,000 triples · 19,000,000 distinct triples written
  Partitioned compression: NG131FQA1I_first250000: cottas-merge merging — 19,250,000 triples · 19,250,000 distinct triples written
  Partitioned compression: NG131FQA1I_first250000: cottas-merge merging — 19,500,000 triples · 19,500,000 distinct triples written
  Partitioned compression: NG131FQA1I_first250000: cottas-merge merging — 19,750,000 triples · 19,750,000 distinct triples written
  Partitioned compression: NG131FQA1I_first250000: cottas-merge merging — 20,000,000 triples · 20,000,000 distinct triples written
  Partitioned compression: NG131FQA1I_first250000: cottas-merge merging — 20,250,000 triples · 20,250,000 distinct triples written
  Partitioned compression: NG131FQA1I_first250000: cottas-merge merging — 20,500,000 triples · 20,500,000 distinct triples written
  Partitioned compression: NG131FQA1I_first250000: cottas-merge merging — 20,750,000 triples · 20,750,000 distinct triples written
  Partitioned compression: NG131FQA1I_first250000: cottas-merge merging — 21,000,000 triples · 21,000,000 distinct triples written
  Partitioned compression: NG131FQA1I_first250000: cottas-merge merging — 21,250,000 triples · 21,250,000 distinct triples written
  Partitioned compression: NG131FQA1I_first250000: cottas-merge merging — 21,500,000 triples · 21,500,000 distinct triples written
  Partitioned compression: NG131FQA1I_first250000: cottas-merge merging — 21,750,000 triples · 21,750,000 distinct triples written
  Partitioned compression: NG131FQA1I_first250000: cottas-merge merging — 22,000,000 triples · 22,000,000 distinct triples written
  Partitioned compression: NG131FQA1I_first250000: cottas-merge merging — 22,250,000 triples · 22,250,000 distinct triples written
  Partitioned compression: NG131FQA1I_first250000: cottas-merge merging — 22,500,000 triples · 22,500,000 distinct triples written
  Partitioned compression: NG131FQA1I_first250000: cottas-merge merging — 22,750,000 triples · 22,750,000 distinct triples written
  Partitioned compression: NG131FQA1I_first250000: cottas-merge merging — 23,000,000 triples · 23,000,000 distinct triples written
  Partitioned compression: NG131FQA1I_first250000: cottas-merge merging — 23,250,000 triples · 23,250,000 distinct triples written
  Partitioned compression: NG131FQA1I_first250000: cottas-merge merging — 23,500,000 triples · 23,500,000 distinct triples written
  Partitioned compression: NG131FQA1I_first250000: cottas-merge merging — 23,750,000 triples · 23,750,000 distinct triples written
  Partitioned compression: NG131FQA1I_first250000: cottas-merge merging — 24,000,000 triples · 24,000,000 distinct triples written
  Partitioned compression: NG131FQA1I_first250000: cottas-merge merging — 24,250,000 triples · 24,250,000 distinct triples written
  Partitioned compression: NG131FQA1I_first250000: cottas-merge merging — 24,500,000 triples · 24,500,000 distinct triples written
  Partitioned compression: NG131FQA1I_first250000: cottas-merge merging — 24,750,000 triples · 24,750,000 distinct triples written
  Partitioned compression: NG131FQA1I_first250000: cottas-merge merging — 25,000,000 triples · 25,000,000 distinct triples written
  Partitioned compression: NG131FQA1I_first250000: cottas-merge merging — 25,250,000 triples · 25,250,000 distinct triples written
  Partitioned compression: NG131FQA1I_first250000: cottas-merge merging — 25,500,000 triples · 25,500,000 distinct triples written
  Partitioned compression: NG131FQA1I_first250000: cottas-merge merging — 25,750,000 triples · 25,750,000 distinct triples written
  Partitioned compression: NG131FQA1I_first250000: cottas-merge merging — 26,000,000 triples · 26,000,000 distinct triples written
  Partitioned compression: NG131FQA1I_first250000: cottas-merge merging — 26,250,000 triples · 26,250,000 distinct triples written
  Partitioned compression: NG131FQA1I_first250000: cottas-merge merging — 26,500,000 triples · 26,500,000 distinct triples written
  Partitioned compression: NG131FQA1I_first250000: cottas-merge merging — 26,750,000 triples · 26,750,000 distinct triples written
  Partitioned compression: NG131FQA1I_first250000: cottas-merge merging — 27,000,000 triples · 27,000,000 distinct triples written
  Partitioned compression: NG131FQA1I_first250000: cottas-merge merging — 27,250,000 triples · 27,250,000 distinct triples written
  Partitioned compression: NG131FQA1I_first250000: cottas-merge merging — 27,500,000 triples · 27,500,000 distinct triples written
  Partitioned compression: NG131FQA1I_first250000: cottas-merge merging — 27,750,000 triples · 27,750,000 distinct triples written
  Partitioned compression: NG131FQA1I_first250000: cottas-merge merging — 28,000,000 triples · 28,000,000 distinct triples written
  Partitioned compression: NG131FQA1I_first250000: cottas-merge merging — 28,250,000 triples · 28,250,000 distinct triples written
  Partitioned compression: NG131FQA1I_first250000: cottas-merge merging — 28,500,000 triples · 28,500,000 distinct triples written
  Partitioned compression: NG131FQA1I_first250000: cottas-merge merging — 28,750,000 triples · 28,750,000 distinct triples written
  Partitioned compression: NG131FQA1I_first250000: cottas-merge merging — 29,000,000 triples · 29,000,000 distinct triples written
  Partitioned compression: NG131FQA1I_first250000: cottas-merge merging — 29,250,000 triples · 29,250,000 distinct triples written
  Partitioned compression: NG131FQA1I_first250000: cottas-merge merging — 29,500,000 triples · 29,500,000 distinct triples written
  Partitioned compression: NG131FQA1I_first250000: cottas-merge merging — 29,750,000 triples · 29,750,000 distinct triples written
  Partitioned compression: NG131FQA1I_first250000: cottas-merge merging — 30,000,000 triples · 30,000,000 distinct triples written
  Partitioned compression: NG131FQA1I_first250000: cottas-merge merging — 30,250,000 triples · 30,250,000 distinct triples written
  Partitioned compression: NG131FQA1I_first250000: cottas-merge merging — 30,500,000 triples · 30,500,000 distinct triples written
  Partitioned compression: NG131FQA1I_first250000: cottas-merge merging — 30,750,000 triples · 30,750,000 distinct triples written
  Partitioned compression: NG131FQA1I_first250000: cottas-merge merging — 31,000,000 triples · 31,000,000 distinct triples written
  Partitioned compression: NG131FQA1I_first250000: cottas-merge merging — 31,250,000 triples · 31,250,000 distinct triples written
  Partitioned compression: NG131FQA1I_first250000: cottas-merge merging — 31,500,000 triples · 31,500,000 distinct triples written
  Partitioned compression: NG131FQA1I_first250000: cottas-merge merging — 31,750,000 triples · 31,750,000 distinct triples written
  Partitioned compression: NG131FQA1I_first250000: cottas-merge merging — 32,000,000 triples · 32,000,000 distinct triples written
  Partitioned compression: NG131FQA1I_first250000: cottas-merge merging — 32,250,000 triples · 32,250,000 distinct triples written
  Partitioned compression: NG131FQA1I_first250000: cottas-merge merging — 32,500,000 triples · 32,500,000 distinct triples written
  Partitioned compression: NG131FQA1I_first250000: cottas-merge merging — 32,750,000 triples · 32,750,000 distinct triples written
  Partitioned compression: NG131FQA1I_first250000: cottas-merge merging — 33,000,000 triples · 33,000,000 distinct triples written
  Partitioned compression: NG131FQA1I_first250000: cottas-merge merging — 33,250,000 triples · 33,250,000 distinct triples written
  Partitioned compression: NG131FQA1I_first250000: cottas-merge merging — 33,500,000 triples · 33,500,000 distinct triples written
  Partitioned compression: NG131FQA1I_first250000: cottas-merge merging — 33,750,000 triples · 33,750,000 distinct triples written
  Partitioned compression: NG131FQA1I_first250000: cottas-merge merging — 34,000,000 triples · 34,000,000 distinct triples written
  Partitioned compression: NG131FQA1I_first250000: cottas-merge merging — 34,250,000 triples · 34,250,000 distinct triples written
  Partitioned compression: NG131FQA1I_first250000: cottas-merge merging — 34,500,000 triples · 34,500,000 distinct triples written
  Partitioned compression: NG131FQA1I_first250000: cottas-merge merging — 34,750,000 triples · 34,750,000 distinct triples written
  Partitioned compression: NG131FQA1I_first250000: cottas-merge merging — 35,000,000 triples · 35,000,000 distinct triples written
  Partitioned compression: NG131FQA1I_first250000: cottas-merge merging — 35,250,000 triples · 35,250,000 distinct triples written
  Partitioned compression: NG131FQA1I_first250000: cottas-merge merging — 35,500,000 triples · 35,500,000 distinct triples written
  Partitioned compression: NG131FQA1I_first250000: cottas-merge merging — 35,750,000 triples · 35,750,000 distinct triples written
  Partitioned compression: NG131FQA1I_first250000: cottas-merge merging — 36,000,000 triples · 36,000,000 distinct triples written
  Partitioned compression: NG131FQA1I_first250000: cottas-merge merging — 36,250,000 triples · 36,250,000 distinct triples written
  Partitioned compression: NG131FQA1I_first250000: cottas-merge merging — 36,500,000 triples · 36,500,000 distinct triples written
  Partitioned compression: NG131FQA1I_first250000: cottas-merge merging — 36,750,000 triples · 36,750,000 distinct triples written
  Partitioned compression: NG131FQA1I_first250000: cottas-merge merging — 37,000,000 triples · 37,000,000 distinct triples written
  Partitioned compression: NG131FQA1I_first250000: cottas-merge merging — 37,250,000 triples · 37,250,000 distinct triples written
  Partitioned compression: NG131FQA1I_first250000: cottas-merge merging — 37,500,000 triples · 37,500,000 distinct triples written
  Partitioned compression: NG131FQA1I_first250000: cottas-merge merging — 37,750,000 triples · 37,750,000 distinct triples written
  Partitioned compression: NG131FQA1I_first250000: cottas-merge merging — 38,000,000 triples · 38,000,000 distinct triples written
  Partitioned compression: NG131FQA1I_first250000: cottas-merge merging — 38,250,000 triples · 38,250,000 distinct triples written
  Partitioned compression: NG131FQA1I_first250000: cottas-merge merging — 38,500,000 triples · 38,500,000 distinct triples written
  Partitioned compression: NG131FQA1I_first250000: cottas-merge merging — 38,750,000 triples · 38,750,000 distinct triples written
  Partitioned compression: NG131FQA1I_first250000: cottas-merge merging — 39,000,000 triples · 39,000,000 distinct triples written
  Partitioned compression: NG131FQA1I_first250000: cottas-merge merging — 39,250,000 triples · 39,250,000 distinct triples written
  Partitioned compression: NG131FQA1I_first250000: cottas-merge merging — 39,500,000 triples · 39,500,000 distinct triples written
  Partitioned compression: NG131FQA1I_first250000: cottas-merge merging — 39,750,000 triples · 39,750,000 distinct triples written
  Partitioned compression: NG131FQA1I_first250000: cottas-merge merging — 40,000,000 triples · 40,000,000 distinct triples written
  Partitioned compression: NG131FQA1I_first250000: cottas-merge merging — 40,250,000 triples · 40,250,000 distinct triples written
  Partitioned compression: NG131FQA1I_first250000: cottas-merge merging — 40,500,000 triples · 40,500,000 distinct triples written
  Partitioned compression: NG131FQA1I_first250000: cottas-merge merging — 40,750,000 triples · 40,750,000 distinct triples written
  Partitioned compression: NG131FQA1I_first250000: cottas-merge merging — 41,000,000 triples · 41,000,000 distinct triples written
  Partitioned compression: NG131FQA1I_first250000: cottas-merge merging — 41,250,000 triples · 41,250,000 distinct triples written
  Partitioned compression: NG131FQA1I_first250000: cottas-merge merging — 41,500,000 triples · 41,500,000 distinct triples written
  Partitioned compression: NG131FQA1I_first250000: cottas-merge merging — 41,750,000 triples · 41,750,000 distinct triples written
  Partitioned compression: NG131FQA1I_first250000: cottas-merge merging — 42,000,000 triples · 42,000,000 distinct triples written
  Partitioned compression: NG131FQA1I_first250000: cottas-merge merging — 42,250,000 triples · 42,250,000 distinct triples written
  Partitioned compression: NG131FQA1I_first250000: cottas-merge merging — 42,500,000 triples · 42,500,000 distinct triples written
  Partitioned compression: NG131FQA1I_first250000: cottas-merge merging — 42,750,000 triples · 42,750,000 distinct triples written
  Partitioned compression: NG131FQA1I_first250000: cottas-merge merging — 43,000,000 triples · 43,000,000 distinct triples written
  Partitioned compression: NG131FQA1I_first250000: cottas-merge merging — 43,250,000 triples · 43,250,000 distinct triples written
  Partitioned compression: NG131FQA1I_first250000: cottas-merge merging — 43,500,000 triples · 43,500,000 distinct triples written
  Partitioned compression: NG131FQA1I_first250000: cottas-merge merging — 43,750,000 triples · 43,750,000 distinct triples written
  Partitioned compression: NG131FQA1I_first250000: cottas-merge merging — 44,000,000 triples · 44,000,000 distinct triples written
  Partitioned compression: NG131FQA1I_first250000: cottas-merge merging — 44,250,000 triples · 44,250,000 distinct triples written
  Partitioned compression: NG131FQA1I_first250000: cottas-merge merging — 44,500,000 triples · 44,500,000 distinct triples written
  Partitioned compression: NG131FQA1I_first250000: cottas-merge merging — 44,750,000 triples · 44,750,000 distinct triples written
  Partitioned compression: NG131FQA1I_first250000: cottas-merge merging — 45,000,000 triples · 45,000,000 distinct triples written
  Partitioned compression: NG131FQA1I_first250000: cottas-merge merging — 45,250,000 triples · 45,250,000 distinct triples written
  Partitioned compression: NG131FQA1I_first250000: cottas-merge merging — 45,500,000 triples · 45,500,000 distinct triples written
  Partitioned compression: NG131FQA1I_first250000: cottas-merge merging — 45,750,000 triples · 45,750,000 distinct triples written
  Partitioned compression: NG131FQA1I_first250000: cottas-merge merging — 46,000,000 triples · 46,000,000 distinct triples written
  Partitioned compression: NG131FQA1I_first250000: cottas-merge merging — 46,250,000 triples · 46,250,000 distinct triples written
  Partitioned compression: NG131FQA1I_first250000: cottas-merge merging — 46,500,000 triples · 46,500,000 distinct triples written
  Partitioned compression: NG131FQA1I_first250000: cottas-merge merging — 46,750,000 triples · 46,750,000 distinct triples written
  Partitioned compression: NG131FQA1I_first250000: cottas-merge merging — 47,000,000 triples · 47,000,000 distinct triples written
  Partitioned compression: NG131FQA1I_first250000: cottas-merge merging — 47,250,000 triples · 47,250,000 distinct triples written
  Partitioned compression: NG131FQA1I_first250000: cottas-merge merging — 47,500,000 triples · 47,500,000 distinct triples written
  Partitioned compression: NG131FQA1I_first250000: cottas-merge merging — 47,750,000 triples · 47,750,000 distinct triples written
  Partitioned compression: NG131FQA1I_first250000: cottas-merge merging — 48,000,000 triples · 48,000,000 distinct triples written
  Partitioned compression: NG131FQA1I_first250000: cottas-merge merging — 48,250,000 triples · 48,250,000 distinct triples written
  Partitioned compression: NG131FQA1I_first250000: cottas-merge merging — 48,500,000 triples · 48,500,000 distinct triples written
  Partitioned compression: NG131FQA1I_first250000: cottas-merge merging — 48,750,000 triples · 48,750,000 distinct triples written
  Partitioned compression: NG131FQA1I_first250000: cottas-merge merging — 49,000,000 triples · 49,000,000 distinct triples written
  Partitioned compression: NG131FQA1I_first250000: cottas-merge merging — 49,250,000 triples · 49,250,000 distinct triples written
  Partitioned compression: NG131FQA1I_first250000: cottas-merge merging — 49,500,000 triples · 49,500,000 distinct triples written
  Partitioned compression: NG131FQA1I_first250000: cottas-merge merging — 49,750,000 triples · 49,750,000 distinct triples written
  Partitioned compression: NG131FQA1I_first250000: cottas-merge merging — 50,000,000 triples · 50,000,000 distinct triples written
  Partitioned compression: NG131FQA1I_first250000: cottas-merge merging — 50,250,000 triples · 50,250,000 distinct triples written
  Partitioned compression: NG131FQA1I_first250000: cottas-merge merging — 50,500,000 triples · 50,500,000 distinct triples written
  Partitioned compression: NG131FQA1I_first250000: cottas-merge merging — 50,750,000 triples · 50,750,000 distinct triples written
  Partitioned compression: NG131FQA1I_first250000: cottas-merge merging — 51,000,000 triples · 51,000,000 distinct triples written
  Partitioned compression: NG131FQA1I_first250000: cottas-merge merging — 51,250,000 triples · 51,250,000 distinct triples written
  Partitioned compression: NG131FQA1I_first250000: cottas-merge merging — 51,500,000 triples · 51,500,000 distinct triples written
  Partitioned compression: NG131FQA1I_first250000: cottas-merge merging — 51,750,000 triples · 51,750,000 distinct triples written
  Partitioned compression: NG131FQA1I_first250000: cottas-merge merging — 52,000,000 triples · 52,000,000 distinct triples written
  Partitioned compression: NG131FQA1I_first250000: cottas-merge merging — 52,250,000 triples · 52,250,000 distinct triples written
  Partitioned compression: NG131FQA1I_first250000: cottas-merge merging — 52,500,000 triples · 52,500,000 distinct triples written
  Partitioned compression: NG131FQA1I_first250000: cottas-merge merging — 52,750,000 triples · 52,750,000 distinct triples written
  Partitioned compression: NG131FQA1I_first250000: cottas-merge merging — 53,000,000 triples · 53,000,000 distinct triples written
  Partitioned compression: NG131FQA1I_first250000: cottas-merge merging — 53,250,000 triples · 53,250,000 distinct triples written
  Partitioned compression: NG131FQA1I_first250000: cottas-merge merging — 53,500,000 triples · 53,500,000 distinct triples written
  Partitioned compression: NG131FQA1I_first250000: cottas-merge merging — 53,750,000 triples · 53,750,000 distinct triples written
  Partitioned compression: NG131FQA1I_first250000: cottas-merge merging — 54,000,000 triples · 54,000,000 distinct triples written
  Partitioned compression: NG131FQA1I_first250000: cottas-merge merging — 54,250,000 triples · 54,250,000 distinct triples written
  Partitioned compression: NG131FQA1I_first250000: cottas-merge merging — 54,500,000 triples · 54,500,000 distinct triples written
  Partitioned compression: NG131FQA1I_first250000: cottas-merge merging — 54,750,000 triples · 54,750,000 distinct triples written
  Partitioned compression: NG131FQA1I_first250000: cottas-merge merging — 55,000,000 triples · 55,000,000 distinct triples written
  Partitioned compression: NG131FQA1I_first250000: cottas-merge merging — 55,250,000 triples · 55,250,000 distinct triples written
  Partitioned compression: NG131FQA1I_first250000: cottas-merge merging — 55,500,000 triples · 55,500,000 distinct triples written
  Partitioned compression: NG131FQA1I_first250000: cottas-merge merging — 55,750,000 triples · 55,750,000 distinct triples written
  Partitioned compression: NG131FQA1I_first250000: cottas-merge merging — 56,000,000 triples · 56,000,000 distinct triples written
  Partitioned compression: NG131FQA1I_first250000: cottas-merge merging — 56,250,000 triples · 56,250,000 distinct triples written
  Partitioned compression: NG131FQA1I_first250000: cottas-merge merging — 56,500,000 triples · 56,500,000 distinct triples written
  Partitioned compression: NG131FQA1I_first250000: cottas-merge merging — 56,750,000 triples · 56,750,000 distinct triples written
  Partitioned compression: NG131FQA1I_first250000: cottas-merge merging — 57,000,000 triples · 57,000,000 distinct triples written
  Partitioned compression: NG131FQA1I_first250000: cottas-merge merging — 57,250,000 triples · 57,250,000 distinct triples written
  Partitioned compression: NG131FQA1I_first250000: cottas-merge merging — 57,500,000 triples · 57,500,000 distinct triples written
  Partitioned compression: NG131FQA1I_first250000: cottas-merge merging — 57,750,000 triples · 57,750,000 distinct triples written
  Partitioned compression: NG131FQA1I_first250000: cottas-merge merging — 58,000,000 triples · 58,000,000 distinct triples written
  Partitioned compression: NG131FQA1I_first250000: cottas-merge complete — 58,231,176 triples · 58,231,176 distinct triples written
  Partitioned compression: NG131FQA1I_first250000: cottas-merge complete — cottas-merge-stream
  Partitioned compression: NG131FQA1I_first250000: cottas started — cottas-validate
  Partitioned compression: NG131FQA1I_first250000: cottas complete — cottas-validate
Partitioned compression: NG131FQA1I_first250000: finished
