Step 1/5: Validating inputs ✅
  Metrics: /home/ubuntu/vcf-rdfizer-testing/benchmarks_outputs/05_corpus_breadth/consumer_wgs__NG131FQA1I__first250000/out/run_metrics/NG131FQA1I_first250000__20260924T095116
  Detailed logs: /home/ubuntu/vcf-rdfizer-testing/benchmarks_outputs/05_corpus_breadth/consumer_wgs__NG131FQA1I__first250000/out/run_metrics/NG131FQA1I_first250000__20260924T095116/logs/wrapper.log
  Progress log: /home/ubuntu/vcf-rdfizer-testing/benchmarks_outputs/05_corpus_breadth/consumer_wgs__NG131FQA1I__first250000/out/run_metrics/NG131FQA1I_first250000__20260924T095116/logs/progress.log
Step 2/5: Ensuring Docker image is available ✅
Step 3/5: Processing per-input pipeline (TSV -> RDF -> compression)
  Spark partition hint: 8
  Sample representation: expanded
  INFO representation: structured
  Header representation: structured
  - Input 1/1: NG131FQA1I_first250000.vcf.gz
    * TSV conversion ✅
    * VCF version: VCFv4.2 (detected)
    * RDF conversion ✅
    * Streaming expanded multi-sample RDF (no expanded helper TSVs)
    * Sample RDF streaming: 10,000 variants, 10,000 calls
    * Sample RDF streaming: 20,000 variants, 20,000 calls
    * Sample RDF streaming: 30,000 variants, 30,000 calls
    * Sample RDF streaming: 40,000 variants, 40,000 calls
    * Sample RDF streaming: 50,000 variants, 50,000 calls
    * Sample RDF streaming: 60,000 variants, 60,000 calls
    * Sample RDF streaming: 70,000 variants, 70,000 calls
    * Sample RDF streaming: 80,000 variants, 80,000 calls
    * Sample RDF streaming: 90,000 variants, 90,000 calls
    * Sample RDF streaming: 100,000 variants, 100,000 calls
    * Sample RDF streaming: 110,000 variants, 110,000 calls
    * Sample RDF streaming: 120,000 variants, 120,000 calls
    * Sample RDF streaming: 130,000 variants, 130,000 calls
    * Sample RDF streaming: 140,000 variants, 140,000 calls
    * Sample RDF streaming: 150,000 variants, 150,000 calls
    * Sample RDF streaming: 160,000 variants, 160,000 calls
    * Sample RDF streaming: 170,000 variants, 170,000 calls
    * Sample RDF streaming: 180,000 variants, 180,000 calls
    * Sample RDF streaming: 190,000 variants, 190,000 calls
    * Sample RDF streaming: 200,000 variants, 200,000 calls
    * Sample RDF streaming: 210,000 variants, 210,000 calls
    * Sample RDF streaming: 220,000 variants, 220,000 calls
    * Sample RDF streaming: 230,000 variants, 230,000 calls
    * Sample RDF streaming: 240,000 variants, 240,000 calls
    * Sample RDF streaming: 250,000 variants, 250,000 calls
    * Sample calls streamed: 250,000; FORMAT values: 1,342,730
    * Streaming structured header RDF
    * Header lines typed: 243; contigs: 195
    * Streaming QUAL and structured INFO RDF
    * INFO RDF streaming: 10,000 variants, 153,545 values
    * INFO RDF streaming: 20,000 variants, 308,188 values
    * INFO RDF streaming: 30,000 variants, 465,673 values
    * INFO RDF streaming: 40,000 variants, 621,337 values
    * INFO RDF streaming: 50,000 variants, 776,862 values
    * INFO RDF streaming: 60,000 variants, 932,392 values
    * INFO RDF streaming: 70,000 variants, 1,090,088 values
    * INFO RDF streaming: 80,000 variants, 1,248,557 values
    * INFO RDF streaming: 90,000 variants, 1,405,780 values
    * INFO RDF streaming: 100,000 variants, 1,561,735 values
    * INFO RDF streaming: 110,000 variants, 1,718,717 values
    * INFO RDF streaming: 120,000 variants, 1,873,892 values
    * INFO RDF streaming: 130,000 variants, 2,029,190 values
    * INFO RDF streaming: 140,000 variants, 2,183,053 values
    * INFO RDF streaming: 150,000 variants, 2,341,712 values
    * INFO RDF streaming: 160,000 variants, 2,496,478 values
    * INFO RDF streaming: 170,000 variants, 2,650,272 values
    * INFO RDF streaming: 180,000 variants, 2,806,311 values
    * INFO RDF streaming: 190,000 variants, 2,957,239 values
    * INFO RDF streaming: 200,000 variants, 3,109,877 values
    * INFO RDF streaming: 210,000 variants, 3,264,435 values
    * INFO RDF streaming: 220,000 variants, 3,421,050 values
    * INFO RDF streaming: 230,000 variants, 3,576,977 values
    * INFO RDF streaming: 240,000 variants, 3,737,207 values
    * INFO RDF streaming: 250,000 variants, 3,894,101 values
    * QUAL values streamed: 250,000; INFO values: 3,894,101; declarations: 18
    * Triples produced: 58,231,176
    * Compression ✅
    * Output directory: /home/ubuntu/vcf-rdfizer-testing/benchmarks_outputs/05_corpus_breadth/consumer_wgs__NG131FQA1I__first250000/out/NG131FQA1I_first250000
      - RDF aggregate: NG131FQA1I_first250000.nt.gz
      - RDF (.gz): 263.89 MB (removed after successful compression)
      - HDT (.hdt): 384.99 MB (/home/ubuntu/vcf-rdfizer-testing/benchmarks_outputs/05_corpus_breadth/consumer_wgs__NG131FQA1I__first250000/out/NG131FQA1I_first250000/NG131FQA1I_first250000.hdt)
      - COTTAS (.cottas): 141.71 MB (/home/ubuntu/vcf-rdfizer-testing/benchmarks_outputs/05_corpus_breadth/consumer_wgs__NG131FQA1I__first250000/out/NG131FQA1I_first250000/NG131FQA1I_first250000.cottas)
Total triples produced (full run): 58,231,176
Conversion process finished.
Run time (full mode): 1h 19m 29.2s
Timing log: /home/ubuntu/vcf-rdfizer-testing/benchmarks_outputs/05_corpus_breadth/consumer_wgs__NG131FQA1I__first250000/out/run_metrics/NG131FQA1I_first250000__20260924T095116/wrapper_execution_times.csv
Metrics summary: /home/ubuntu/vcf-rdfizer-testing/benchmarks_outputs/05_corpus_breadth/consumer_wgs__NG131FQA1I__first250000/out/run_metrics/NG131FQA1I_first250000__20260924T095116/summary.json
