TSV conversion: clinvar.acmg: started
TSV conversion: clinvar.acmg: finished
RMLStreamer: clinvar.acmg: started
  RMLStreamer: clinvar.acmg: rmlstreamer started — 0 B · 0 parts
  RMLStreamer: clinvar.acmg: rmlstreamer heartbeat — 0 B · 0 parts
  RMLStreamer: clinvar.acmg: rmlstreamer heartbeat — 135.93 KB · 8 parts
  RMLStreamer: clinvar.acmg: rmlstreamer heartbeat — 10.27 MB · 8 parts
  RMLStreamer: clinvar.acmg: rmlstreamer heartbeat — 30.33 MB · 8 parts
  RMLStreamer: clinvar.acmg: rmlstreamer heartbeat — 68.77 MB · 8 parts
  RMLStreamer: clinvar.acmg: rmlstreamer heartbeat — 106.65 MB · 8 parts
  RMLStreamer: clinvar.acmg: rmlstreamer heartbeat — 143.23 MB · 8 parts
  RMLStreamer: clinvar.acmg: rmlstreamer heartbeat — 179.92 MB · 8 parts
  RMLStreamer: clinvar.acmg: rmlstreamer heartbeat — 218.53 MB · 8 parts
  RMLStreamer: clinvar.acmg: rmlstreamer heartbeat — 256.80 MB · 8 parts
  RMLStreamer: clinvar.acmg: rmlstreamer heartbeat — 290.17 MB · 8 parts
  RMLStreamer: clinvar.acmg: rmlstreamer heartbeat — 301.66 MB · 8 parts
  RMLStreamer: clinvar.acmg: rmlstreamer complete — 301.66 MB · 8 parts
  RMLStreamer: clinvar.acmg: rdf-aggregate started — 0 parts
  RMLStreamer: clinvar.acmg: rdf-aggregate part — 1 parts
  RMLStreamer: clinvar.acmg: rdf-aggregate part — 2 parts
  RMLStreamer: clinvar.acmg: rdf-aggregate part — 3 parts
  RMLStreamer: clinvar.acmg: rdf-aggregate part — 4 parts
  RMLStreamer: clinvar.acmg: rdf-aggregate part — 5 parts
  RMLStreamer: clinvar.acmg: rdf-aggregate part — 6 parts
  RMLStreamer: clinvar.acmg: rdf-aggregate part — 7 parts
  RMLStreamer: clinvar.acmg: rdf-aggregate part — 8 parts
  RMLStreamer: clinvar.acmg: rdf-aggregate complete — 8 parts
RMLStreamer: clinvar.acmg: finished
Gzip: clinvar.acmg: started
Gzip: clinvar.acmg: finished
