TSV conversion: HG01865.acmg: started
TSV conversion: HG01865.acmg: finished
RMLStreamer: HG01865.acmg: started
  RMLStreamer: HG01865.acmg: rmlstreamer started — 0 B · 0 parts
  RMLStreamer: HG01865.acmg: rmlstreamer heartbeat — 0 B · 0 parts
  RMLStreamer: HG01865.acmg: rmlstreamer heartbeat — 34.24 KB · 8 parts
  RMLStreamer: HG01865.acmg: rmlstreamer heartbeat — 8.05 MB · 8 parts
  RMLStreamer: HG01865.acmg: rmlstreamer heartbeat — 10.76 MB · 8 parts
  RMLStreamer: HG01865.acmg: rmlstreamer complete — 10.76 MB · 8 parts
  RMLStreamer: HG01865.acmg: rdf-aggregate started — 0 parts
  RMLStreamer: HG01865.acmg: rdf-aggregate part — 1 parts
  RMLStreamer: HG01865.acmg: rdf-aggregate part — 2 parts
  RMLStreamer: HG01865.acmg: rdf-aggregate part — 3 parts
  RMLStreamer: HG01865.acmg: rdf-aggregate part — 4 parts
  RMLStreamer: HG01865.acmg: rdf-aggregate part — 5 parts
  RMLStreamer: HG01865.acmg: rdf-aggregate part — 6 parts
  RMLStreamer: HG01865.acmg: rdf-aggregate part — 7 parts
  RMLStreamer: HG01865.acmg: rdf-aggregate part — 8 parts
  RMLStreamer: HG01865.acmg: rdf-aggregate complete — 8 parts
RMLStreamer: HG01865.acmg: finished
Gzip: HG01865.acmg: started
Gzip: HG01865.acmg: finished
