Step 1/5: Validating inputs ✅
  Metrics: /home/ubuntu/vrdev-test/acmg-run/results/17_use_case_acmg__cohort/convert__HG01865/out/run_metrics/HG01865.acmg__20260928T170027
  Detailed logs: /home/ubuntu/vrdev-test/acmg-run/results/17_use_case_acmg__cohort/convert__HG01865/out/run_metrics/HG01865.acmg__20260928T170027/logs/wrapper.log
  Progress log: /home/ubuntu/vrdev-test/acmg-run/results/17_use_case_acmg__cohort/convert__HG01865/out/run_metrics/HG01865.acmg__20260928T170027/logs/progress.log
Step 2/5: Ensuring Docker image is available ✅
Step 3/5: Processing per-input pipeline (TSV -> RDF -> compression)
  Sample representation: expanded
  INFO representation: structured
  Header representation: structured
  - Input 1/1: HG01865.acmg.vcf
    * TSV conversion ✅
    * VCF version: VCFv4.2 (detected)
    * RDF conversion ✅
    * Streaming expanded multi-sample RDF (no expanded helper TSVs)
    * Sample RDF streaming: 10,000 variants, 10,000 calls
    * Sample calls streamed: 11,005; FORMAT values: 11,005
    * Streaming structured header RDF
    * Header lines typed: 43; contigs: 24
    * Streaming QUAL and structured INFO RDF
    * INFO RDF streaming: 10,000 variants, 0 values
    * QUAL values streamed: 11,005; INFO values: 0; declarations: 0
    * Triples produced: 648,968
    * Compression ✅
    * Output directory: /home/ubuntu/vrdev-test/acmg-run/results/17_use_case_acmg__cohort/convert__HG01865/out/HG01865.acmg
      - RDF aggregate: HG01865.acmg.nt
      - N-Triples (.nt): 83.21 MB (removed after successful compression)
      - gzip (.nt.gz): 3.01 MB
Total triples produced (full run): 648,968
Conversion process finished.
Run time (full mode): 16.59s
Timing log: /home/ubuntu/vrdev-test/acmg-run/results/17_use_case_acmg__cohort/convert__HG01865/out/run_metrics/HG01865.acmg__20260928T170027/wrapper_execution_times.csv
Metrics summary: /home/ubuntu/vrdev-test/acmg-run/results/17_use_case_acmg__cohort/convert__HG01865/out/run_metrics/HG01865.acmg__20260928T170027/summary.json
