TSV conversion: NA20827.acmg: started
TSV conversion: NA20827.acmg: finished
RMLStreamer: NA20827.acmg: started
  RMLStreamer: NA20827.acmg: rmlstreamer started — 0 B · 0 parts
  RMLStreamer: NA20827.acmg: rmlstreamer heartbeat — 0 B · 0 parts
  RMLStreamer: NA20827.acmg: rmlstreamer heartbeat — 1.02 KB · 8 parts
  RMLStreamer: NA20827.acmg: rmlstreamer heartbeat — 7.69 MB · 8 parts
  RMLStreamer: NA20827.acmg: rmlstreamer heartbeat — 9.60 MB · 8 parts
  RMLStreamer: NA20827.acmg: rmlstreamer complete — 9.60 MB · 8 parts
  RMLStreamer: NA20827.acmg: rdf-aggregate started — 0 parts
  RMLStreamer: NA20827.acmg: rdf-aggregate part — 1 parts
  RMLStreamer: NA20827.acmg: rdf-aggregate part — 2 parts
  RMLStreamer: NA20827.acmg: rdf-aggregate part — 3 parts
  RMLStreamer: NA20827.acmg: rdf-aggregate part — 4 parts
  RMLStreamer: NA20827.acmg: rdf-aggregate part — 5 parts
  RMLStreamer: NA20827.acmg: rdf-aggregate part — 6 parts
  RMLStreamer: NA20827.acmg: rdf-aggregate part — 7 parts
  RMLStreamer: NA20827.acmg: rdf-aggregate part — 8 parts
  RMLStreamer: NA20827.acmg: rdf-aggregate complete — 8 parts
RMLStreamer: NA20827.acmg: finished
Gzip: NA20827.acmg: started
Gzip: NA20827.acmg: finished
