TSV conversion: 1000G_10000r_s1: started
TSV conversion: 1000G_10000r_s1: finished
RMLStreamer: 1000G_10000r_s1: started
  RMLStreamer: 1000G_10000r_s1: rmlstreamer started — 0 B · 0 parts
  RMLStreamer: 1000G_10000r_s1: rmlstreamer heartbeat — 0 B · 0 parts
  RMLStreamer: 1000G_10000r_s1: rmlstreamer heartbeat — 3.45 MB · 8 parts
  RMLStreamer: 1000G_10000r_s1: rmlstreamer heartbeat — 10.49 MB · 8 parts
  RMLStreamer: 1000G_10000r_s1: rmlstreamer complete — 10.49 MB · 8 parts
  RMLStreamer: 1000G_10000r_s1: rdf-aggregate started — 0 parts
  RMLStreamer: 1000G_10000r_s1: rdf-aggregate part — 1 parts
  RMLStreamer: 1000G_10000r_s1: rdf-aggregate part — 2 parts
  RMLStreamer: 1000G_10000r_s1: rdf-aggregate part — 3 parts
  RMLStreamer: 1000G_10000r_s1: rdf-aggregate part — 4 parts
  RMLStreamer: 1000G_10000r_s1: rdf-aggregate part — 5 parts
  RMLStreamer: 1000G_10000r_s1: rdf-aggregate part — 6 parts
  RMLStreamer: 1000G_10000r_s1: rdf-aggregate part — 7 parts
  RMLStreamer: 1000G_10000r_s1: rdf-aggregate part — 8 parts
  RMLStreamer: 1000G_10000r_s1: rdf-aggregate complete — 8 parts
RMLStreamer: 1000G_10000r_s1: finished
Partitioned compression: 1000G_10000r_s1: started
  Partitioned compression: 1000G_10000r_s1: rdf-scan started — 0 triples
  Partitioned compression: 1000G_10000r_s1: rdf-scan heartbeat — 463,890 triples · 67,108,905 bytes read
  Partitioned compression: 1000G_10000r_s1: rdf-scan heartbeat — 930,677 triples · 134,217,860 bytes read
  Partitioned compression: 1000G_10000r_s1: rdf-scan heartbeat — 1,397,289 triples · 201,326,855 bytes read
  Partitioned compression: 1000G_10000r_s1: rdf-scan chunk — 1,609,503 triples · 1 chunks · 231,849,353 bytes read
  Partitioned compression: 1000G_10000r_s1: hdt-chunks started — 0 chunks · hdt-build-00000
  Partitioned compression: 1000G_10000r_s1: hdt-chunks complete — 1 chunks · hdt-build-00000
  Partitioned compression: 1000G_10000r_s1: rdf-scan complete — 1,609,503 triples · 1 chunks
  Partitioned compression: 1000G_10000r_s1: hdt-chunks complete — 1 chunks
  Partitioned compression: 1000G_10000r_s1: hdt started — hdt-index
  Partitioned compression: 1000G_10000r_s1: hdt complete — hdt-index
  Partitioned compression: 1000G_10000r_s1: hdt started — hdt-validate
  Partitioned compression: 1000G_10000r_s1: hdt complete — hdt-validate
Partitioned compression: 1000G_10000r_s1: finished
