TSV conversion: NA18881.acmg: started
TSV conversion: NA18881.acmg: finished
RMLStreamer: NA18881.acmg: started
  RMLStreamer: NA18881.acmg: rmlstreamer started — 0 B · 0 parts
  RMLStreamer: NA18881.acmg: rmlstreamer heartbeat — 0 B · 0 parts
  RMLStreamer: NA18881.acmg: rmlstreamer heartbeat — 212.38 KB · 8 parts
  RMLStreamer: NA18881.acmg: rmlstreamer heartbeat — 8.49 MB · 8 parts
  RMLStreamer: NA18881.acmg: rmlstreamer heartbeat — 11.77 MB · 8 parts
  RMLStreamer: NA18881.acmg: rmlstreamer complete — 11.77 MB · 8 parts
  RMLStreamer: NA18881.acmg: rdf-aggregate started — 0 parts
  RMLStreamer: NA18881.acmg: rdf-aggregate part — 1 parts
  RMLStreamer: NA18881.acmg: rdf-aggregate part — 2 parts
  RMLStreamer: NA18881.acmg: rdf-aggregate part — 3 parts
  RMLStreamer: NA18881.acmg: rdf-aggregate part — 4 parts
  RMLStreamer: NA18881.acmg: rdf-aggregate part — 5 parts
  RMLStreamer: NA18881.acmg: rdf-aggregate part — 6 parts
  RMLStreamer: NA18881.acmg: rdf-aggregate part — 7 parts
  RMLStreamer: NA18881.acmg: rdf-aggregate part — 8 parts
  RMLStreamer: NA18881.acmg: rdf-aggregate complete — 8 parts
RMLStreamer: NA18881.acmg: finished
