Step 1/5: Validating inputs ✅
  Metrics: /home/ubuntu/vrdev-test/v331/results/17_use_case_acmg__cohort/convert__HG03714/out/run_metrics/HG03714.acmg__20261008T145101
  Detailed logs: /home/ubuntu/vrdev-test/v331/results/17_use_case_acmg__cohort/convert__HG03714/out/run_metrics/HG03714.acmg__20261008T145101/logs/wrapper.log
  Progress log: /home/ubuntu/vrdev-test/v331/results/17_use_case_acmg__cohort/convert__HG03714/out/run_metrics/HG03714.acmg__20261008T145101/logs/progress.log
Step 2/5: Ensuring Docker image is available ✅
Step 3/5: Processing per-input pipeline (TSV -> RDF -> compression)
  Sample representation: expanded
  INFO representation: structured
  Header representation: structured
  - Input 1/1: HG03714.acmg.vcf
    * TSV conversion ✅
    * VCF version: VCFv4.2 (detected)
    * RDF conversion ✅
    * Streaming expanded multi-sample RDF (no expanded helper TSVs)
    * Sample RDF streaming: 10,000 variants, 10,000 calls
    * Sample calls streamed: 10,779; FORMAT values: 10,779
    * Streaming structured header RDF
    * Header lines typed: 43; contigs: 24
    * Streaming QUAL and structured INFO RDF
    * INFO RDF streaming: 10,000 variants, 0 values
    * QUAL values streamed: 10,779; INFO values: 0; declarations: 0
    * Triples produced: 636,097
    * Compression ✅
    * Output directory: /home/ubuntu/vrdev-test/v331/results/17_use_case_acmg__cohort/convert__HG03714/out/HG03714.acmg
      - RDF aggregate: HG03714.acmg.nt.gz
      - RDF (.gz): 2.51 MB (retained because it is also the selected gzip artifact)
      - gzip (.nt.gz): 2.51 MB
Total triples produced (full run): 636,097
Conversion process finished.
Run time (full mode): 17.92s
Timing log: /home/ubuntu/vrdev-test/v331/results/17_use_case_acmg__cohort/convert__HG03714/out/run_metrics/HG03714.acmg__20261008T145101/wrapper_execution_times.csv
Metrics summary: /home/ubuntu/vrdev-test/v331/results/17_use_case_acmg__cohort/convert__HG03714/out/run_metrics/HG03714.acmg__20261008T145101/summary.json
