TSV conversion: HG00717.acmg: started
TSV conversion: HG00717.acmg: finished
RMLStreamer: HG00717.acmg: started
  RMLStreamer: HG00717.acmg: rmlstreamer started — 0 B · 0 parts
  RMLStreamer: HG00717.acmg: rmlstreamer heartbeat — 0 B · 0 parts
  RMLStreamer: HG00717.acmg: rmlstreamer heartbeat — 113.50 KB · 8 parts
  RMLStreamer: HG00717.acmg: rmlstreamer heartbeat — 11.06 MB · 8 parts
  RMLStreamer: HG00717.acmg: rmlstreamer complete — 11.06 MB · 8 parts
  RMLStreamer: HG00717.acmg: rdf-aggregate started — 0 parts
  RMLStreamer: HG00717.acmg: rdf-aggregate part — 1 parts
  RMLStreamer: HG00717.acmg: rdf-aggregate part — 2 parts
  RMLStreamer: HG00717.acmg: rdf-aggregate part — 3 parts
  RMLStreamer: HG00717.acmg: rdf-aggregate part — 4 parts
  RMLStreamer: HG00717.acmg: rdf-aggregate part — 5 parts
  RMLStreamer: HG00717.acmg: rdf-aggregate part — 6 parts
  RMLStreamer: HG00717.acmg: rdf-aggregate part — 7 parts
  RMLStreamer: HG00717.acmg: rdf-aggregate part — 8 parts
  RMLStreamer: HG00717.acmg: rdf-aggregate complete — 8 parts
RMLStreamer: HG00717.acmg: finished
Gzip: HG00717.acmg: started
Gzip: HG00717.acmg: finished
