TSV conversion: NA20885.acmg: started
TSV conversion: NA20885.acmg: finished
RMLStreamer: NA20885.acmg: started
  RMLStreamer: NA20885.acmg: rmlstreamer started — 0 B · 0 parts
  RMLStreamer: NA20885.acmg: rmlstreamer heartbeat — 0 B · 0 parts
  RMLStreamer: NA20885.acmg: rmlstreamer heartbeat — 273.00 KB · 8 parts
  RMLStreamer: NA20885.acmg: rmlstreamer heartbeat — 9.30 MB · 8 parts
  RMLStreamer: NA20885.acmg: rmlstreamer heartbeat — 10.63 MB · 8 parts
  RMLStreamer: NA20885.acmg: rmlstreamer complete — 10.63 MB · 8 parts
  RMLStreamer: NA20885.acmg: rdf-aggregate started — 0 parts
  RMLStreamer: NA20885.acmg: rdf-aggregate part — 1 parts
  RMLStreamer: NA20885.acmg: rdf-aggregate part — 2 parts
  RMLStreamer: NA20885.acmg: rdf-aggregate part — 3 parts
  RMLStreamer: NA20885.acmg: rdf-aggregate part — 4 parts
  RMLStreamer: NA20885.acmg: rdf-aggregate part — 5 parts
  RMLStreamer: NA20885.acmg: rdf-aggregate part — 6 parts
  RMLStreamer: NA20885.acmg: rdf-aggregate part — 7 parts
  RMLStreamer: NA20885.acmg: rdf-aggregate part — 8 parts
  RMLStreamer: NA20885.acmg: rdf-aggregate complete — 8 parts
RMLStreamer: NA20885.acmg: finished
Gzip: NA20885.acmg: started
Gzip: NA20885.acmg: finished
