2026-10-08 17:18:13.147 - INFO: [1mQLever index builder bfd5741, compiled on Thu Sep  3 17:32:42 UTC 2026 using git hash bfd5741[22m
2026-10-08 17:18:13.148 - WARN: Implicitly using the parallel parser for a single input file for reasons of backward compatibility; this is deprecated, please use the command-line option --parallel-parsing or -p
2026-10-08 17:18:13.148 - INFO: Processing triples from single input stream /home/ubuntu/vrdev-test/conv/run-e3743590/work/scratch/togovar-1000G_10000r_s16/graph.nt (parallel = true) ...
2026-10-08 17:18:13.148 - INFO: Locale was not specified in settings file, default is en_US
2026-10-08 17:18:13.148 - INFO: You specified "locale = en_US" and "ignore-punctuation = 0"
2026-10-08 17:18:13.148 - INFO: By default, integers that cannot be represented by QLever will throw an exception
2026-10-08 17:18:13.148 - INFO: Parsing input triples and creating partial vocabularies, one per batch ...
2026-10-08 17:18:13.571 - INFO: Triples parsed: 564,940 [average speed 4.6 M/s] 
2026-10-08 17:18:13.679 - INFO: Number of triples created (including QLever-internal ones): 564,940 [may contain duplicates]
2026-10-08 17:18:13.679 - INFO: Number of partial vocabularies created: 1
2026-10-08 17:18:13.727 - INFO: Merging partial vocabularies ...
2026-10-08 17:18:13.763 - INFO: Words merged: 340 [average speed 0.0 M/s] 
2026-10-08 17:18:13.766 - INFO: Finished writing compressed internal vocabulary, size = 1770 B [uncompressed = 5096 B, ratio = 34%]
2026-10-08 17:18:13.766 - INFO: Number of words in external vocabulary: 340
2026-10-08 17:18:13.768 - INFO: Converting triples from local IDs to global IDs ...
2026-10-08 17:18:13.806 - INFO: Triples converted: 564,940 [average speed 17.9 M/s] 
2026-10-08 17:18:13.818 - INFO: Creating permutations SPO and SOP ...
2026-10-08 17:18:13.846 - INFO: Number of inputs to `uniqueView`: 564,940
2026-10-08 17:18:13.846 - INFO: Number of unique elements: 564,940
2026-10-08 17:18:13.846 - INFO: Triples sorted: 564,940 [average speed 20.6 M/s] 
2026-10-08 17:18:13.879 - INFO: Statistics for SPO: #relations = 171,304, #blocks = 13, #triples = 564,940
2026-10-08 17:18:13.879 - INFO: Statistics for SOP: #relations = 171,304, #blocks = 13, #triples = 564,940
2026-10-08 17:18:13.879 - INFO: Number of distinct patterns: 5
2026-10-08 17:18:13.879 - INFO: Number of subjects with pattern: 171,304 [all]
2026-10-08 17:18:13.879 - INFO: Total number of distinct subject-predicate pairs: 424,325
2026-10-08 17:18:13.879 - INFO: Average number of predicates per subject: 2.5
2026-10-08 17:18:13.879 - INFO: Average number of subjects per predicate: 24,960
2026-10-08 17:18:13.896 - INFO: Creating permutations OSP and OPS ...
2026-10-08 17:18:13.945 - INFO: Triples sorted: 564,940 [average speed 11.5 M/s] 
2026-10-08 17:18:13.964 - INFO: Statistics for OSP: #relations = 183,342, #blocks = 15, #triples = 564,940
2026-10-08 17:18:13.964 - INFO: Statistics for OPS: #relations = 183,342, #blocks = 15, #triples = 564,940
2026-10-08 17:18:13.964 - INFO: Adding 171,304 triples to the POS and PSO permutation for the internal `ql:has-pattern` ...
2026-10-08 17:18:13.972 - INFO: Creating permutations PSO and POS ...
2026-10-08 17:18:13.979 - INFO: Number of inputs to `uniqueView`: 171,304
2026-10-08 17:18:13.979 - INFO: Number of unique elements: 171,304
2026-10-08 17:18:13.979 - INFO: Triples sorted: 171,304 [average speed 24.0 M/s] 
2026-10-08 17:18:13.997 - INFO: Statistics for PSO: #relations = 1, #blocks = 6, #triples = 171,304
2026-10-08 17:18:13.997 - INFO: Statistics for POS: #relations = 1, #blocks = 6, #triples = 171,304
2026-10-08 17:18:14.011 - INFO: Creating permutations PSO and POS ...
2026-10-08 17:18:14.072 - INFO: Triples sorted: 564,940 [average speed 9.3 M/s] 
2026-10-08 17:18:14.087 - INFO: Statistics for PSO: #relations = 17, #blocks = 19, #triples = 564,940
2026-10-08 17:18:14.088 - INFO: Statistics for POS: #relations = 17, #blocks = 19, #triples = 564,940
2026-10-08 17:18:14.089 - INFO: Index build completed
