2026-10-08 17:18:14.105 - INFO: [1mQLever server bfd5741, compiled on Thu Sep  3 17:32:42 UTC 2026 using git hash bfd5741[22m
2026-10-08 17:18:14.105 - INFO: Cleanup of previous index directories after each rebuild enabled (--rebuild-keep-previous-index-dirs original-and-most-recent)
2026-10-08 17:18:14.105 - INFO: The git hash used to build this index was "bfd5741"
2026-10-08 17:18:14.105 - INFO: Reading vocabulary from file /home/ubuntu/vrdev-test/conv/run-e3743590/work/scratch/togovar-1000G_10000r_s16/qlever-index/vcf-rdfizer.vocabulary.words ...
2026-10-08 17:18:14.105 - WARN: io_uring is compiled in but unavailable at runtime (io_uring_queue_init failed in IoUringManager. In file "/qlever/src/util/IoUringManager.cpp" at line 69); falling back to synchronous pread for vocabulary lookups
2026-10-08 17:18:14.105 - INFO: Done, number of words: 340
2026-10-08 17:18:14.105 - INFO: Number of words in internal vocabulary (these are also part of the external vocabulary): 5
2026-10-08 17:18:14.106 - INFO: Registered PSO permutation: #relations = 1, #blocks = 6, #triples = 171,304
2026-10-08 17:18:14.106 - INFO: Registered PSO permutation: #relations = 17, #blocks = 19, #triples = 564,940
2026-10-08 17:18:14.106 - INFO: Registered POS permutation: #relations = 1, #blocks = 6, #triples = 171,304
2026-10-08 17:18:14.106 - INFO: Registered POS permutation: #relations = 17, #blocks = 19, #triples = 564,940
2026-10-08 17:18:14.106 - INFO: Registered OPS permutation: #relations = 183,342, #blocks = 15, #triples = 564,940
2026-10-08 17:18:14.106 - INFO: Registered OSP permutation: #relations = 183,342, #blocks = 15, #triples = 564,940
2026-10-08 17:18:14.106 - INFO: Registered SPO permutation: #relations = 171,304, #blocks = 13, #triples = 564,940
2026-10-08 17:18:14.106 - INFO: Registered SOP permutation: #relations = 171,304, #blocks = 13, #triples = 564,940
2026-10-08 17:18:14.106 - INFO: Reading patterns from file /home/ubuntu/vrdev-test/conv/run-e3743590/work/scratch/togovar-1000G_10000r_s16/qlever-index/vcf-rdfizer.index.patterns ...
2026-10-08 17:18:14.106 - INFO: Sorting random result tables to estimate the sorting performance of this machine ...
2026-10-08 17:18:14.107 - INFO: Initializing server ...
2026-10-08 17:18:14.107 - INFO: Access token for restricted API calls is ""
2026-10-08 17:18:14.107 - INFO: The server is ready, listening for requests on port 7019 ...
2026-10-08 17:18:14.119 - INFO: 
2026-10-08 17:18:14.119 - INFO: Request received via POST, content type "application/x-www-form-urlencoded"
2026-10-08 17:18:14.122 - INFO: Processing the following SPARQL query:
SELECT * WHERE { ?s ?p ?o } LIMIT 1
2026-10-08 17:18:14.122 - INFO: Requested media types of the result are: "application/sparql-results+json"
2026-10-08 17:18:14.122 - INFO: Query planning done in 2 ms
2026-10-08 17:18:14.122 - INFO: Result has unknown size (not computed yet)
2026-10-08 17:18:14.124 - INFO: Done processing query and sending result, total time was 4 ms
2026-10-08 17:18:14.125 - INFO: 
2026-10-08 17:18:14.125 - INFO: Request received via POST, content type "application/x-www-form-urlencoded"
2026-10-08 17:18:14.145 - INFO: Processing the following SPARQL query:
PREFIX gvo: <http://genome-variation.org/resource#>
PREFIX faldo: <http://biohackathon.org/resource/faldo#>
PREFIX dct: <http://purl.org/dc/terms/>
PREFIX xsd: <http://www.w3.org/2001/XMLSchema#>
# TogoVar vcf2rdf v1.0.0-beta.12, run with --no-normalize so gvo:pos/ref/alt keep the VCF values.
# It writes one node per ALT allele and no node for the record, so records are regrouped on
# (reference, POS, REF, ID), all of which every allele node carries.
# CHROM is not written: TogoVar replaces it with the reference IRI its configuration assigns.
# VALUES (?seq ?chrom) { (<http://identifiers.org/hco/1/GRCh37> "1") (<http://identifiers.org/hco/10/GRCh37> "10") (<http://identifiers.org/hco/11/GRCh37> "11") (<http://identifiers.org/hco/12/GRCh37> "12") (<http://identifiers.org/hco/13/GRCh37> "13") (<http://identifiers.org/hco/14/GRCh37> "14") (<http://identifiers.org/hco/15/GRCh37> "15") (<http://identifiers.org/hco/16/GRCh37> "16") (<http://identifiers.org/hco/17/GRCh37> "17") (<http://identifiers.org/hco/18/GRCh37> "18") (<http://identifiers.org/hco/19/GRCh37> "19") (<http://identifiers.org/hco/2/GRCh37> "2") (<http://identifiers.org/hco/20/GRCh37> "20") (<http://identifiers.org/hco/21/GRCh37> "21") (<http://identifiers.org/hco/22/GRCh37> "22") (<http://identifiers.org/hco/3/GRCh37> "3") (<http://identifiers.org/hco/4/GRCh37> "4") (<http://identifiers.org/hco/5/GRCh37> "5") (<http://identifiers.org/hco/6/GRCh37> "6") (<http://identifiers.org/hco/7/GRCh37> "7") (<http://identifiers.org/hco/8/GRCh37> "8") (<http://identifiers.org/hco/9/GRCh37> "9") (<http://identifiers.org/hco/MT/GRCh37> "MT") (<http://identifiers.org/hco/X/GRCh37> "X") (<http://identifiers.org/hco/Y/GRCh37> "Y") } maps each IRI back to the CHROM it was assigned from, using the configuration
# file of this conversion (written by `vcf2rdf generate config`).
SELECT ?chrom ?windowIndex (COUNT(DISTINCT ?record) AS ?recordCount)
WHERE {
    ?allele gvo:pos ?pos ; gvo:ref ?refLiteral ; dct:identifier ?id ;
            faldo:location/(faldo:reference|faldo:begin/faldo:reference) ?seq .
    BIND(CONCAT(STR(?seq), "|", STR(?pos), "|", STR(?refLiteral), "|", STR(?id)) AS ?record)
  VALUES (?seq ?chrom) { (<http://identifiers.org/hco/1/GRCh37> "1") (<http://identifiers.org/hco/10/GRCh37> "10") (<http://identifiers.org/hco/11/GRCh37> "11") (<http://identifiers.org/hco/12/GRCh37> "12") (<http://identifiers.org/hco/13/GRCh37> "13") (<http://identifiers.org/hco/14/GRCh37> "14") (<http://identifiers.org/hco/15/GRCh37> "15") (<http://identifiers.org/hco/16/GRCh37> "16") (<http://identifiers.org/hco/17/GRCh37> "17") (<http://identifiers.org/hco/18/GRCh37> "18") (<http://identifiers.org/hco/19/GRCh37> "19") (<http://identifiers.org/hco/2/GRCh37> "2") (<http://identifiers.org/hco/20/GRCh37> "20") (<http://identifiers.org/hco/21/GRCh37> "21") (<http://identifiers.org/hco/22/GRCh37> "22") (<http://identifiers.org/hco/3/GRCh37> "3") (<http://identifiers.org/hco/4/GRCh37> "4") (<http://identifiers.org/hco/5/GRCh37> "5") (<http://identifiers.org/hco/6/GRCh37> "6") (<http://identifiers.org/hco/7/GRCh37> "7") (<http://identifiers.org/hco/8/GRCh37> "8") (<http://identifiers.org/hco/9/GRCh37> "9") (<http://identifiers.org/hco/MT/GRCh37> "MT") (<http://identifiers.org/hco/X/GRCh37> "X") (<http://identifiers.org/hco/Y/GRCh37> "Y") }
  BIND(xsd:integer(FLOOR((xsd:integer(?pos) - 1) / 1000000)) AS ?windowIndex)
}
GROUP BY ?chrom ?windowIndex
ORDER BY ?chrom ?windowIndex

2026-10-08 17:18:14.145 - INFO: Requested media types of the result are: "application/sparql-results+json"
2026-10-08 17:18:14.222 - INFO: Query planning done in 96 ms
2026-10-08 17:18:14.225 - INFO: Number of tuples in VALUES clause: 25
2026-10-08 17:18:14.225 - INFO: Number of entries in local vocabulary per column: 24, 25
2026-10-08 17:18:14.377 - INFO: Result has size 1 x 3
2026-10-08 17:18:14.377 - INFO: Done processing query and sending result, total time was 252 ms
2026-10-08 17:18:14.379 - INFO: 
2026-10-08 17:18:14.379 - INFO: Request received via POST, content type "application/x-www-form-urlencoded"
2026-10-08 17:18:14.384 - INFO: Processing the following SPARQL query:
PREFIX gvo: <http://genome-variation.org/resource#>
PREFIX faldo: <http://biohackathon.org/resource/faldo#>
PREFIX dct: <http://purl.org/dc/terms/>
PREFIX xsd: <http://www.w3.org/2001/XMLSchema#>
# TogoVar vcf2rdf v1.0.0-beta.12, run with --no-normalize so gvo:pos/ref/alt keep the VCF values.
# It writes one node per ALT allele and no node for the record, so records are regrouped on
# (reference, POS, REF, ID), all of which every allele node carries.
SELECT ?variantClass (COUNT(?record) AS ?recordCount)
WHERE {
  {
    SELECT ?record (SAMPLE(UCASE(STR(?refLiteral))) AS ?ref)
           (GROUP_CONCAT(UCASE(STR(?altLiteral)); separator=",") AS ?alt)
    WHERE {
    ?allele gvo:pos ?pos ; gvo:ref ?refLiteral ; dct:identifier ?id ;
            faldo:location/(faldo:reference|faldo:begin/faldo:reference) ?seq .
    BIND(CONCAT(STR(?seq), "|", STR(?pos), "|", STR(?refLiteral), "|", STR(?id)) AS ?record)
      ?allele gvo:alt ?altLiteral .
    }
    GROUP BY ?record
  }
  BIND(IF(?alt = ".", "NO_ALT", IF(CONTAINS(?alt, ","), "MULTIALLELIC",
    IF(?alt = "*" || CONTAINS(?alt, "[") || CONTAINS(?alt, "]") ||
       (STRSTARTS(?alt, "<") && STRENDS(?alt, ">")), "SYMBOLIC_OR_BREAKEND",
    IF(!REGEX(?ref, "^[ACGTN]+$") || !REGEX(?alt, "^[ACGTN]+$"), "OTHER",
    IF(STRLEN(?ref) = 1 && STRLEN(?alt) = 1, "SNV",
    IF(STRLEN(?ref) = STRLEN(?alt), "MNV_OR_EQUAL_LENGTH_SUBSTITUTION",
    IF(STRLEN(?ref) < STRLEN(?alt), "INSERTION_SHAPE", "DELETION_SHAPE"))))))) AS ?variantClass)
}
GROUP BY ?variantClass
ORDER BY ?variantClass

2026-10-08 17:18:14.384 - INFO: Requested media types of the result are: "application/sparql-results+json"
2026-10-08 17:18:14.472 - INFO: Query planning done in 93 ms
2026-10-08 17:18:14.552 - INFO: Result has size 4 x 2
2026-10-08 17:18:14.552 - INFO: Done processing query and sending result, total time was 173 ms
2026-10-08 17:18:14.553 - INFO: 
2026-10-08 17:18:14.553 - INFO: Request received via POST, content type "application/x-www-form-urlencoded"
2026-10-08 17:18:14.555 - INFO: Processing the following SPARQL query:
PREFIX gvo: <http://genome-variation.org/resource#>
PREFIX faldo: <http://biohackathon.org/resource/faldo#>
PREFIX dct: <http://purl.org/dc/terms/>
PREFIX xsd: <http://www.w3.org/2001/XMLSchema#>
# TogoVar vcf2rdf v1.0.0-beta.12, run with --no-normalize so gvo:pos/ref/alt keep the VCF values.
# It writes one node per ALT allele and no node for the record, so records are regrouped on
# (reference, POS, REF, ID), all of which every allele node carries.
SELECT (COUNT(?record) AS ?biallelicSnvCount) (SUM(?isTransition) AS ?transitionCount)
       (SUM(1 - ?isTransition) AS ?transversionCount)
WHERE {
  {
    SELECT ?record (SAMPLE(UCASE(STR(?refLiteral))) AS ?ref)
           (GROUP_CONCAT(UCASE(STR(?altLiteral)); separator=",") AS ?alt)
    WHERE {
    ?allele gvo:pos ?pos ; gvo:ref ?refLiteral ; dct:identifier ?id ;
            faldo:location/(faldo:reference|faldo:begin/faldo:reference) ?seq .
    BIND(CONCAT(STR(?seq), "|", STR(?pos), "|", STR(?refLiteral), "|", STR(?id)) AS ?record)
      ?allele gvo:alt ?altLiteral .
    }
    GROUP BY ?record
  }
  FILTER(REGEX(?ref, "^[ACGT]$") && REGEX(?alt, "^[ACGT]$") && ?ref != ?alt)
  BIND(IF(CONCAT(?ref, ?alt) IN ("AG", "GA", "CT", "TC"), 1, 0) AS ?isTransition)
}

2026-10-08 17:18:14.556 - INFO: Requested media types of the result are: "application/sparql-results+json"
2026-10-08 17:18:14.630 - INFO: Query planning done in 76 ms
2026-10-08 17:18:14.978 - INFO: Result has size 1 x 3
2026-10-08 17:18:14.979 - INFO: Done processing query and sending result, total time was 425 ms
2026-10-08 17:18:14.980 - INFO: 
2026-10-08 17:18:14.980 - INFO: Request received via POST, content type "application/x-www-form-urlencoded"
2026-10-08 17:18:14.981 - INFO: Processing the following SPARQL query:
PREFIX gvo: <http://genome-variation.org/resource#>
PREFIX faldo: <http://biohackathon.org/resource/faldo#>
PREFIX dct: <http://purl.org/dc/terms/>
PREFIX xsd: <http://www.w3.org/2001/XMLSchema#>
# TogoVar vcf2rdf v1.0.0-beta.12, run with --no-normalize so gvo:pos/ref/alt keep the VCF values.
# It writes one node per ALT allele and no node for the record, so records are regrouped on
# (reference, POS, REF, ID), all of which every allele node carries.
# One gvo:filter literal per FILTER value ("PASS" included); "." writes none. Multiple filters
# lose their file order, so they are joined in sorted order.
SELECT ?filterStatus ?filterLexical (COUNT(?record) AS ?recordCount)
WHERE {
  {
    SELECT ?record (GROUP_CONCAT(DISTINCT ?filterValue; separator=";") AS ?filters)
    WHERE {
    ?allele gvo:pos ?pos ; gvo:ref ?refLiteral ; dct:identifier ?id ;
            faldo:location/(faldo:reference|faldo:begin/faldo:reference) ?seq .
    BIND(CONCAT(STR(?seq), "|", STR(?pos), "|", STR(?refLiteral), "|", STR(?id)) AS ?record)
      OPTIONAL { ?allele gvo:filter ?filterLiteral BIND(STR(?filterLiteral) AS ?filterValue) }
    }
    GROUP BY ?record
  }
  BIND(IF(COALESCE(?filters, "") = "", ".", ?filters) AS ?filterLexical)
  BIND(IF(?filterLexical = "PASS", "PASS", IF(?filterLexical = ".", "NOT_APPLIED", "FAILED")) AS ?filterStatus)
}
GROUP BY ?filterStatus ?filterLexical
ORDER BY ?filterStatus ?filterLexical

2026-10-08 17:18:14.982 - INFO: Requested media types of the result are: "application/sparql-results+json"
2026-10-08 17:18:15.056 - INFO: Query planning done in 76 ms
2026-10-08 17:18:15.104 - INFO: Result has size 1 x 3
2026-10-08 17:18:15.104 - INFO: Done processing query and sending result, total time was 123 ms
