TSV conversion: awkward_declared_format_absent: started
TSV conversion: awkward_declared_format_absent: finished
RMLStreamer: awkward_declared_format_absent: started
  RMLStreamer: awkward_declared_format_absent: rmlstreamer started — 0 B · 0 parts
  RMLStreamer: awkward_declared_format_absent: rmlstreamer heartbeat — 0 B · 0 parts
  RMLStreamer: awkward_declared_format_absent: rmlstreamer heartbeat — 8.66 KB · 8 parts
  RMLStreamer: awkward_declared_format_absent: rmlstreamer complete — 8.66 KB · 8 parts
  RMLStreamer: awkward_declared_format_absent: rdf-aggregate started — 0 parts
  RMLStreamer: awkward_declared_format_absent: rdf-aggregate part — 1 parts
  RMLStreamer: awkward_declared_format_absent: rdf-aggregate part — 2 parts
  RMLStreamer: awkward_declared_format_absent: rdf-aggregate part — 3 parts
  RMLStreamer: awkward_declared_format_absent: rdf-aggregate part — 4 parts
  RMLStreamer: awkward_declared_format_absent: rdf-aggregate part — 5 parts
  RMLStreamer: awkward_declared_format_absent: rdf-aggregate part — 6 parts
  RMLStreamer: awkward_declared_format_absent: rdf-aggregate part — 7 parts
  RMLStreamer: awkward_declared_format_absent: rdf-aggregate part — 8 parts
  RMLStreamer: awkward_declared_format_absent: rdf-aggregate complete — 8 parts
RMLStreamer: awkward_declared_format_absent: finished
Partitioned compression: awkward_declared_format_absent: started
  Partitioned compression: awkward_declared_format_absent: rdf-scan started — 0 triples
  Partitioned compression: awkward_declared_format_absent: rdf-scan chunk — 293 triples · 1 chunks · 44,186 bytes read
  Partitioned compression: awkward_declared_format_absent: hdt-chunks started — 0 chunks · hdt-build-00000
  Partitioned compression: awkward_declared_format_absent: hdt-chunks complete — 1 chunks · hdt-build-00000
  Partitioned compression: awkward_declared_format_absent: rdf-scan complete — 293 triples · 1 chunks
  Partitioned compression: awkward_declared_format_absent: hdt-chunks complete — 1 chunks
  Partitioned compression: awkward_declared_format_absent: hdt started — hdt-index
  Partitioned compression: awkward_declared_format_absent: hdt complete — hdt-index
  Partitioned compression: awkward_declared_format_absent: hdt started — hdt-validate
  Partitioned compression: awkward_declared_format_absent: hdt complete — hdt-validate
Partitioned compression: awkward_declared_format_absent: finished
Validation: awkward_declared_format_absent: started
  Validation: awkward_declared_format_absent: validation started — 0 queries · expanded validation started
  Validation: awkward_declared_format_absent: validation progress — 0 queries · materializing nt.gz artifact inside container
  Validation: awkward_declared_format_absent: validation progress — 1 queries · comunica: completed preflight_record_cardinality
  Validation: awkward_declared_format_absent: validation progress — 2 queries · comunica: completed preflight_position_datatype
  Validation: awkward_declared_format_absent: validation progress — 3 queries · comunica: completed preflight_missing_token_conformance
  Validation: awkward_declared_format_absent: validation progress — 4 queries · comunica: completed preflight_representation_profile
  Validation: awkward_declared_format_absent: validation progress — 5 queries · comunica: completed preflight_sample_gt_inventory
  Validation: awkward_declared_format_absent: validation progress — 6 queries · comunica: completed preflight_blank_nodes
  Validation: awkward_declared_format_absent: validation progress — 7 queries · comunica: completed preflight_empty_values
  Validation: awkward_declared_format_absent: validation progress — 8 queries · comunica: completed preflight_distinct_triple_count
  Validation: awkward_declared_format_absent: validation progress — 9 queries · comunica: derived preflight_record_cardinality_count
  Validation: awkward_declared_format_absent: validation progress — 10 queries · comunica: derived preflight_position_datatype_count
  Validation: awkward_declared_format_absent: validation progress — 11 queries · comunica: derived preflight_missing_token_conformance_count
  Validation: awkward_declared_format_absent: validation progress — 12 queries · comunica: derived preflight_representation_profile_count
  Validation: awkward_declared_format_absent: validation progress — 13 queries · comunica: derived preflight_blank_nodes_count
  Validation: awkward_declared_format_absent: validation progress — 14 queries · comunica: derived preflight_empty_values_count
  Validation: awkward_declared_format_absent: validation progress — 15 queries · comunica: completed q01_record_density_1mb
  Validation: awkward_declared_format_absent: validation progress — 16 queries · comunica: completed q02_variant_shape_counts
  Validation: awkward_declared_format_absent: validation progress — 17 queries · comunica: completed q03_titv
  Validation: awkward_declared_format_absent: validation progress — 18 queries · comunica: completed q04_filter_distribution
  Validation: awkward_declared_format_absent: validation progress — 19 queries · comunica: completed q05_sample_genotype_counts
  Validation: awkward_declared_format_absent: validation progress — 20 queries · comunica: completed q06_ac_an_distribution
  Validation: awkward_declared_format_absent: validation progress — 21 queries · comunica: completed q07_file_metadata
  Validation: awkward_declared_format_absent: validation progress — 22 queries · comunica: completed q08_header_line_census
  Validation: awkward_declared_format_absent: validation progress — 23 queries · comunica: completed q09_predicate_census
  Validation: awkward_declared_format_absent: validation progress — 24 queries · comunica: completed q10_class_census
  Validation: awkward_declared_format_absent: validation progress — 25 queries · comunica: completed q11_record_digest
  Validation: awkward_declared_format_absent: validation progress — 26 queries · comunica: completed q12_info_value_digest
  Validation: awkward_declared_format_absent: validation progress — 27 queries · comunica: completed q13_format_value_digest
  Validation: awkward_declared_format_absent: validation complete — 27 queries · validation pass
Validation: awkward_declared_format_absent: finished
Validation: awkward_declared_format_absent__hdt: started
  Validation: awkward_declared_format_absent__hdt: validation started — 0 queries · expanded validation started
  Validation: awkward_declared_format_absent__hdt: validation progress — 0 queries · materializing hdt artifact inside container
  Validation: awkward_declared_format_absent__hdt: validation progress — 1 queries · comunica: completed preflight_record_cardinality
  Validation: awkward_declared_format_absent__hdt: validation progress — 2 queries · comunica: completed preflight_position_datatype
  Validation: awkward_declared_format_absent__hdt: validation progress — 3 queries · comunica: completed preflight_missing_token_conformance
  Validation: awkward_declared_format_absent__hdt: validation progress — 4 queries · comunica: completed preflight_representation_profile
  Validation: awkward_declared_format_absent__hdt: validation progress — 5 queries · comunica: completed preflight_sample_gt_inventory
  Validation: awkward_declared_format_absent__hdt: validation progress — 6 queries · comunica: completed preflight_blank_nodes
  Validation: awkward_declared_format_absent__hdt: validation progress — 7 queries · comunica: completed preflight_empty_values
  Validation: awkward_declared_format_absent__hdt: validation progress — 8 queries · comunica: completed preflight_distinct_triple_count
  Validation: awkward_declared_format_absent__hdt: validation progress — 9 queries · comunica: derived preflight_record_cardinality_count
  Validation: awkward_declared_format_absent__hdt: validation progress — 10 queries · comunica: derived preflight_position_datatype_count
  Validation: awkward_declared_format_absent__hdt: validation progress — 11 queries · comunica: derived preflight_missing_token_conformance_count
  Validation: awkward_declared_format_absent__hdt: validation progress — 12 queries · comunica: derived preflight_representation_profile_count
  Validation: awkward_declared_format_absent__hdt: validation progress — 13 queries · comunica: derived preflight_blank_nodes_count
  Validation: awkward_declared_format_absent__hdt: validation progress — 14 queries · comunica: derived preflight_empty_values_count
  Validation: awkward_declared_format_absent__hdt: validation progress — 15 queries · comunica: completed q01_record_density_1mb
  Validation: awkward_declared_format_absent__hdt: validation progress — 16 queries · comunica: completed q02_variant_shape_counts
  Validation: awkward_declared_format_absent__hdt: validation progress — 17 queries · comunica: completed q03_titv
  Validation: awkward_declared_format_absent__hdt: validation progress — 18 queries · comunica: completed q04_filter_distribution
  Validation: awkward_declared_format_absent__hdt: validation progress — 19 queries · comunica: completed q05_sample_genotype_counts
  Validation: awkward_declared_format_absent__hdt: validation progress — 20 queries · comunica: completed q06_ac_an_distribution
  Validation: awkward_declared_format_absent__hdt: validation progress — 21 queries · comunica: completed q07_file_metadata
  Validation: awkward_declared_format_absent__hdt: validation progress — 22 queries · comunica: completed q08_header_line_census
  Validation: awkward_declared_format_absent__hdt: validation progress — 23 queries · comunica: completed q09_predicate_census
  Validation: awkward_declared_format_absent__hdt: validation progress — 24 queries · comunica: completed q10_class_census
  Validation: awkward_declared_format_absent__hdt: validation progress — 25 queries · comunica: completed q11_record_digest
  Validation: awkward_declared_format_absent__hdt: validation progress — 26 queries · comunica: completed q12_info_value_digest
  Validation: awkward_declared_format_absent__hdt: validation progress — 27 queries · comunica: completed q13_format_value_digest
  Validation: awkward_declared_format_absent__hdt: validation complete — 27 queries · validation pass
Validation: awkward_declared_format_absent__hdt: finished
