
=== §scale retrieval: scales=whole cells=qlever:nt.gz qlever:hdt qlever:cottas queries=core reps=3 ===
    - whole: 657425805 triples, source HG005_GRCh38.vcf.gz
    - whole__qlever__nt_gz__core__r1
    - whole__qlever__nt_gz__core__r2
    - whole__qlever__nt_gz__core__r3
    - whole__qlever__hdt__core__r1
    - whole__qlever__hdt__core__r2
    - whole__qlever__hdt__core__r3
    - whole__qlever__cottas__core__r1
    - whole__qlever__cottas__core__r2
    - whole__qlever__cottas__core__r3
[1m==>[0m Done. Build the dataset with:
  python3 /home/ubuntu/vrdev-test/v331/vcf-rdfizer-testing/benchmarks/analysis/scale_retrieval.py 16_scale_retrieval

It reports, per scale/engine/artifact/query: median query seconds over the
replicates, engine setup seconds, the oracle's cost for the same work, and the
answer-agreement flag. Check answersAgree before quoting any timing -- a fast
wrong answer is not a result.

=== §scale retrieval: scales=r1000000 cells=qlever:nt.gz queries=core reps=3 ===
    - r1000000: 170935101 triples, source HG005_GRCh38_r1000000.vcf.gz
    - r1000000__qlever__nt_gz__core__r1
    - r1000000__qlever__nt_gz__core__r2
    - r1000000__qlever__nt_gz__core__r3
[1m==>[0m Done. Build the dataset with:
  python3 /home/ubuntu/vrdev-test/v331/vcf-rdfizer-testing/benchmarks/analysis/scale_retrieval.py 16_scale_retrieval

It reports, per scale/engine/artifact/query: median query seconds over the
replicates, engine setup seconds, the oracle's cost for the same work, and the
answer-agreement flag. Check answersAgree before quoting any timing -- a fast
wrong answer is not a result.

=== §scale retrieval: scales=r1000000 cells=hdt:hdt cottas:cottas queries=core reps=1 ===
    - r1000000: 170935101 triples, source HG005_GRCh38_r1000000.vcf.gz
    - r1000000__hdt__hdt__core__r1
    -   exit 1 (recorded; see /home/ubuntu/vrdev-test/v331/results/16_scale_retrieval/r1000000__hdt__hdt__core__r1/stderr.log)
    - r1000000__cottas__cottas__core__r1
    -   exit 1 (recorded; see /home/ubuntu/vrdev-test/v331/results/16_scale_retrieval/r1000000__cottas__cottas__core__r1/stderr.log)
[1m==>[0m Done. Build the dataset with:
  python3 /home/ubuntu/vrdev-test/v331/vcf-rdfizer-testing/benchmarks/analysis/scale_retrieval.py 16_scale_retrieval

It reports, per scale/engine/artifact/query: median query seconds over the
replicates, engine setup seconds, the oracle's cost for the same work, and the
answer-agreement flag. Check answersAgree before quoting any timing -- a fast
wrong answer is not a result.
