TSV conversion: NA18985.acmg: started
TSV conversion: NA18985.acmg: finished
RMLStreamer: NA18985.acmg: started
  RMLStreamer: NA18985.acmg: rmlstreamer started — 0 B · 0 parts
  RMLStreamer: NA18985.acmg: rmlstreamer heartbeat — 0 B · 0 parts
  RMLStreamer: NA18985.acmg: rmlstreamer heartbeat — 29.85 KB · 8 parts
  RMLStreamer: NA18985.acmg: rmlstreamer heartbeat — 4.51 MB · 8 parts
  RMLStreamer: NA18985.acmg: rmlstreamer heartbeat — 10.73 MB · 8 parts
  RMLStreamer: NA18985.acmg: rmlstreamer complete — 10.73 MB · 8 parts
  RMLStreamer: NA18985.acmg: rdf-aggregate started — 0 parts
  RMLStreamer: NA18985.acmg: rdf-aggregate part — 1 parts
  RMLStreamer: NA18985.acmg: rdf-aggregate part — 2 parts
  RMLStreamer: NA18985.acmg: rdf-aggregate part — 3 parts
  RMLStreamer: NA18985.acmg: rdf-aggregate part — 4 parts
  RMLStreamer: NA18985.acmg: rdf-aggregate part — 5 parts
  RMLStreamer: NA18985.acmg: rdf-aggregate part — 6 parts
  RMLStreamer: NA18985.acmg: rdf-aggregate part — 7 parts
  RMLStreamer: NA18985.acmg: rdf-aggregate part — 8 parts
  RMLStreamer: NA18985.acmg: rdf-aggregate complete — 8 parts
RMLStreamer: NA18985.acmg: finished
Gzip: NA18985.acmg: started
Gzip: NA18985.acmg: finished
