2026-10-08 17:11:49.652 - INFO: [1mQLever server bfd5741, compiled on Thu Sep  3 17:32:42 UTC 2026 using git hash bfd5741[22m
2026-10-08 17:11:49.652 - INFO: Cleanup of previous index directories after each rebuild enabled (--rebuild-keep-previous-index-dirs original-and-most-recent)
2026-10-08 17:11:49.653 - INFO: The git hash used to build this index was "bfd5741"
2026-10-08 17:11:49.653 - INFO: Reading vocabulary from file /home/ubuntu/vrdev-test/conv/run-e3743590/work/scratch/togovar-HG005_GRCh38_r100000/qlever-index/vcf-rdfizer.vocabulary.words ...
2026-10-08 17:11:49.653 - WARN: io_uring is compiled in but unavailable at runtime (io_uring_queue_init failed in IoUringManager. In file "/qlever/src/util/IoUringManager.cpp" at line 69); falling back to synchronous pread for vocabulary lookups
2026-10-08 17:11:49.653 - INFO: Done, number of words: 2,481
2026-10-08 17:11:49.653 - INFO: Number of words in internal vocabulary (these are also part of the external vocabulary): 7
2026-10-08 17:11:49.653 - INFO: Registered PSO permutation: #relations = 1, #blocks = 35, #triples = 1,079,091
2026-10-08 17:11:49.653 - INFO: Registered PSO permutation: #relations = 17, #blocks = 191, #triples = 5,728,120
2026-10-08 17:11:49.653 - INFO: Registered POS permutation: #relations = 1, #blocks = 35, #triples = 1,079,091
2026-10-08 17:11:49.653 - INFO: Registered POS permutation: #relations = 17, #blocks = 191, #triples = 5,728,120
2026-10-08 17:11:49.654 - INFO: Registered OPS permutation: #relations = 1,103,358, #blocks = 214, #triples = 5,728,120
2026-10-08 17:11:49.654 - INFO: Registered OSP permutation: #relations = 1,103,358, #blocks = 214, #triples = 5,728,120
2026-10-08 17:11:49.654 - INFO: Registered SPO permutation: #relations = 1,079,091, #blocks = 123, #triples = 5,728,120
2026-10-08 17:11:49.654 - INFO: Registered SOP permutation: #relations = 1,079,091, #blocks = 123, #triples = 5,728,120
2026-10-08 17:11:49.654 - INFO: Reading patterns from file /home/ubuntu/vrdev-test/conv/run-e3743590/work/scratch/togovar-HG005_GRCh38_r100000/qlever-index/vcf-rdfizer.index.patterns ...
2026-10-08 17:11:49.654 - INFO: Sorting random result tables to estimate the sorting performance of this machine ...
2026-10-08 17:11:49.667 - INFO: Initializing server ...
2026-10-08 17:11:49.667 - INFO: Access token for restricted API calls is ""
2026-10-08 17:11:49.667 - INFO: The server is ready, listening for requests on port 7019 ...
2026-10-08 17:11:50.166 - INFO: 
2026-10-08 17:11:50.166 - INFO: Request received via POST, content type "application/x-www-form-urlencoded"
2026-10-08 17:11:50.168 - INFO: Processing the following SPARQL query:
SELECT * WHERE { ?s ?p ?o } LIMIT 1
2026-10-08 17:11:50.169 - INFO: Requested media types of the result are: "application/sparql-results+json"
2026-10-08 17:11:50.169 - INFO: Query planning done in 2 ms
2026-10-08 17:11:50.169 - INFO: Result has unknown size (not computed yet)
2026-10-08 17:11:50.170 - INFO: Done processing query and sending result, total time was 3 ms
2026-10-08 17:11:50.171 - INFO: 
2026-10-08 17:11:50.171 - INFO: Request received via POST, content type "application/x-www-form-urlencoded"
2026-10-08 17:11:50.188 - INFO: Processing the following SPARQL query:
PREFIX gvo: <http://genome-variation.org/resource#>
PREFIX faldo: <http://biohackathon.org/resource/faldo#>
PREFIX dct: <http://purl.org/dc/terms/>
PREFIX xsd: <http://www.w3.org/2001/XMLSchema#>
# TogoVar vcf2rdf v1.0.0-beta.12, run with --no-normalize so gvo:pos/ref/alt keep the VCF values.
# It writes one node per ALT allele and no node for the record, so records are regrouped on
# (reference, POS, REF, ID), all of which every allele node carries.
# CHROM is not written: TogoVar replaces it with the reference IRI its configuration assigns.
# VALUES (?seq ?chrom) { (<http://identifiers.org/hco/1/GRCh38> "chr1") (<http://identifiers.org/hco/10/GRCh38> "chr10") (<http://identifiers.org/hco/11/GRCh38> "chr11") (<http://identifiers.org/hco/12/GRCh38> "chr12") (<http://identifiers.org/hco/13/GRCh38> "chr13") (<http://identifiers.org/hco/14/GRCh38> "chr14") (<http://identifiers.org/hco/15/GRCh38> "chr15") (<http://identifiers.org/hco/16/GRCh38> "chr16") (<http://identifiers.org/hco/17/GRCh38> "chr17") (<http://identifiers.org/hco/18/GRCh38> "chr18") (<http://identifiers.org/hco/19/GRCh38> "chr19") (<http://identifiers.org/hco/2/GRCh38> "chr2") (<http://identifiers.org/hco/20/GRCh38> "chr20") (<http://identifiers.org/hco/21/GRCh38> "chr21") (<http://identifiers.org/hco/22/GRCh38> "chr22") (<http://identifiers.org/hco/3/GRCh38> "chr3") (<http://identifiers.org/hco/4/GRCh38> "chr4") (<http://identifiers.org/hco/5/GRCh38> "chr5") (<http://identifiers.org/hco/6/GRCh38> "chr6") (<http://identifiers.org/hco/7/GRCh38> "chr7") (<http://identifiers.org/hco/8/GRCh38> "chr8") (<http://identifiers.org/hco/9/GRCh38> "chr9") (<http://identifiers.org/hco/MT/GRCh38> "chrM") (<http://identifiers.org/hco/X/GRCh38> "chrX") (<http://identifiers.org/hco/Y/GRCh38> "chrY") } maps each IRI back to the CHROM it was assigned from, using the configuration
# file of this conversion (written by `vcf2rdf generate config`).
SELECT ?chrom ?windowIndex (COUNT(DISTINCT ?record) AS ?recordCount)
WHERE {
    ?allele gvo:pos ?pos ; gvo:ref ?refLiteral ; dct:identifier ?id ;
            faldo:location/(faldo:reference|faldo:begin/faldo:reference) ?seq .
    BIND(CONCAT(STR(?seq), "|", STR(?pos), "|", STR(?refLiteral), "|", STR(?id)) AS ?record)
  VALUES (?seq ?chrom) { (<http://identifiers.org/hco/1/GRCh38> "chr1") (<http://identifiers.org/hco/10/GRCh38> "chr10") (<http://identifiers.org/hco/11/GRCh38> "chr11") (<http://identifiers.org/hco/12/GRCh38> "chr12") (<http://identifiers.org/hco/13/GRCh38> "chr13") (<http://identifiers.org/hco/14/GRCh38> "chr14") (<http://identifiers.org/hco/15/GRCh38> "chr15") (<http://identifiers.org/hco/16/GRCh38> "chr16") (<http://identifiers.org/hco/17/GRCh38> "chr17") (<http://identifiers.org/hco/18/GRCh38> "chr18") (<http://identifiers.org/hco/19/GRCh38> "chr19") (<http://identifiers.org/hco/2/GRCh38> "chr2") (<http://identifiers.org/hco/20/GRCh38> "chr20") (<http://identifiers.org/hco/21/GRCh38> "chr21") (<http://identifiers.org/hco/22/GRCh38> "chr22") (<http://identifiers.org/hco/3/GRCh38> "chr3") (<http://identifiers.org/hco/4/GRCh38> "chr4") (<http://identifiers.org/hco/5/GRCh38> "chr5") (<http://identifiers.org/hco/6/GRCh38> "chr6") (<http://identifiers.org/hco/7/GRCh38> "chr7") (<http://identifiers.org/hco/8/GRCh38> "chr8") (<http://identifiers.org/hco/9/GRCh38> "chr9") (<http://identifiers.org/hco/MT/GRCh38> "chrM") (<http://identifiers.org/hco/X/GRCh38> "chrX") (<http://identifiers.org/hco/Y/GRCh38> "chrY") }
  BIND(xsd:integer(FLOOR((xsd:integer(?pos) - 1) / 1000000)) AS ?windowIndex)
}
GROUP BY ?chrom ?windowIndex
ORDER BY ?chrom ?windowIndex

2026-10-08 17:11:50.188 - INFO: Requested media types of the result are: "application/sparql-results+json"
2026-10-08 17:11:50.196 - INFO: Query planning done in 24 ms
2026-10-08 17:11:50.198 - INFO: Number of tuples in VALUES clause: 25
2026-10-08 17:11:50.198 - INFO: Number of entries in local vocabulary per column: 24, 25
2026-10-08 17:11:51.659 - INFO: Result has size 78 x 3
2026-10-08 17:11:51.659 - INFO: Done processing query and sending result, total time was 1,487 ms
2026-10-08 17:11:51.661 - INFO: 
2026-10-08 17:11:51.661 - INFO: Request received via POST, content type "application/x-www-form-urlencoded"
2026-10-08 17:11:51.666 - INFO: Processing the following SPARQL query:
PREFIX gvo: <http://genome-variation.org/resource#>
PREFIX faldo: <http://biohackathon.org/resource/faldo#>
PREFIX dct: <http://purl.org/dc/terms/>
PREFIX xsd: <http://www.w3.org/2001/XMLSchema#>
# TogoVar vcf2rdf v1.0.0-beta.12, run with --no-normalize so gvo:pos/ref/alt keep the VCF values.
# It writes one node per ALT allele and no node for the record, so records are regrouped on
# (reference, POS, REF, ID), all of which every allele node carries.
SELECT ?variantClass (COUNT(?record) AS ?recordCount)
WHERE {
  {
    SELECT ?record (SAMPLE(UCASE(STR(?refLiteral))) AS ?ref)
           (GROUP_CONCAT(UCASE(STR(?altLiteral)); separator=",") AS ?alt)
    WHERE {
    ?allele gvo:pos ?pos ; gvo:ref ?refLiteral ; dct:identifier ?id ;
            faldo:location/(faldo:reference|faldo:begin/faldo:reference) ?seq .
    BIND(CONCAT(STR(?seq), "|", STR(?pos), "|", STR(?refLiteral), "|", STR(?id)) AS ?record)
      ?allele gvo:alt ?altLiteral .
    }
    GROUP BY ?record
  }
  BIND(IF(?alt = ".", "NO_ALT", IF(CONTAINS(?alt, ","), "MULTIALLELIC",
    IF(?alt = "*" || CONTAINS(?alt, "[") || CONTAINS(?alt, "]") ||
       (STRSTARTS(?alt, "<") && STRENDS(?alt, ">")), "SYMBOLIC_OR_BREAKEND",
    IF(!REGEX(?ref, "^[ACGTN]+$") || !REGEX(?alt, "^[ACGTN]+$"), "OTHER",
    IF(STRLEN(?ref) = 1 && STRLEN(?alt) = 1, "SNV",
    IF(STRLEN(?ref) = STRLEN(?alt), "MNV_OR_EQUAL_LENGTH_SUBSTITUTION",
    IF(STRLEN(?ref) < STRLEN(?alt), "INSERTION_SHAPE", "DELETION_SHAPE"))))))) AS ?variantClass)
}
GROUP BY ?variantClass
ORDER BY ?variantClass

2026-10-08 17:11:51.666 - INFO: Requested media types of the result are: "application/sparql-results+json"
2026-10-08 17:11:51.674 - INFO: Query planning done in 13 ms
2026-10-08 17:11:52.708 - INFO: Result has size 4 x 2
2026-10-08 17:11:52.709 - INFO: Done processing query and sending result, total time was 1,047 ms
2026-10-08 17:11:52.710 - INFO: 
2026-10-08 17:11:52.710 - INFO: Request received via POST, content type "application/x-www-form-urlencoded"
2026-10-08 17:11:52.713 - INFO: Processing the following SPARQL query:
PREFIX gvo: <http://genome-variation.org/resource#>
PREFIX faldo: <http://biohackathon.org/resource/faldo#>
PREFIX dct: <http://purl.org/dc/terms/>
PREFIX xsd: <http://www.w3.org/2001/XMLSchema#>
# TogoVar vcf2rdf v1.0.0-beta.12, run with --no-normalize so gvo:pos/ref/alt keep the VCF values.
# It writes one node per ALT allele and no node for the record, so records are regrouped on
# (reference, POS, REF, ID), all of which every allele node carries.
SELECT (COUNT(?record) AS ?biallelicSnvCount) (SUM(?isTransition) AS ?transitionCount)
       (SUM(1 - ?isTransition) AS ?transversionCount)
WHERE {
  {
    SELECT ?record (SAMPLE(UCASE(STR(?refLiteral))) AS ?ref)
           (GROUP_CONCAT(UCASE(STR(?altLiteral)); separator=",") AS ?alt)
    WHERE {
    ?allele gvo:pos ?pos ; gvo:ref ?refLiteral ; dct:identifier ?id ;
            faldo:location/(faldo:reference|faldo:begin/faldo:reference) ?seq .
    BIND(CONCAT(STR(?seq), "|", STR(?pos), "|", STR(?refLiteral), "|", STR(?id)) AS ?record)
      ?allele gvo:alt ?altLiteral .
    }
    GROUP BY ?record
  }
  FILTER(REGEX(?ref, "^[ACGT]$") && REGEX(?alt, "^[ACGT]$") && ?ref != ?alt)
  BIND(IF(CONCAT(?ref, ?alt) IN ("AG", "GA", "CT", "TC"), 1, 0) AS ?isTransition)
}

2026-10-08 17:11:52.713 - INFO: Requested media types of the result are: "application/sparql-results+json"
2026-10-08 17:11:52.720 - INFO: Query planning done in 10 ms
2026-10-08 17:11:52.751 - INFO: Result has unknown size (not computed yet)
2026-10-08 17:11:56.333 - INFO: Done processing query and sending result, total time was 3,623 ms
2026-10-08 17:11:56.335 - INFO: 
2026-10-08 17:11:56.335 - INFO: Request received via POST, content type "application/x-www-form-urlencoded"
2026-10-08 17:11:56.337 - INFO: Processing the following SPARQL query:
PREFIX gvo: <http://genome-variation.org/resource#>
PREFIX faldo: <http://biohackathon.org/resource/faldo#>
PREFIX dct: <http://purl.org/dc/terms/>
PREFIX xsd: <http://www.w3.org/2001/XMLSchema#>
# TogoVar vcf2rdf v1.0.0-beta.12, run with --no-normalize so gvo:pos/ref/alt keep the VCF values.
# It writes one node per ALT allele and no node for the record, so records are regrouped on
# (reference, POS, REF, ID), all of which every allele node carries.
# One gvo:filter literal per FILTER value ("PASS" included); "." writes none. Multiple filters
# lose their file order, so they are joined in sorted order.
SELECT ?filterStatus ?filterLexical (COUNT(?record) AS ?recordCount)
WHERE {
  {
    SELECT ?record (GROUP_CONCAT(DISTINCT ?filterValue; separator=";") AS ?filters)
    WHERE {
    ?allele gvo:pos ?pos ; gvo:ref ?refLiteral ; dct:identifier ?id ;
            faldo:location/(faldo:reference|faldo:begin/faldo:reference) ?seq .
    BIND(CONCAT(STR(?seq), "|", STR(?pos), "|", STR(?refLiteral), "|", STR(?id)) AS ?record)
      OPTIONAL { ?allele gvo:filter ?filterLiteral BIND(STR(?filterLiteral) AS ?filterValue) }
    }
    GROUP BY ?record
  }
  BIND(IF(COALESCE(?filters, "") = "", ".", ?filters) AS ?filterLexical)
  BIND(IF(?filterLexical = "PASS", "PASS", IF(?filterLexical = ".", "NOT_APPLIED", "FAILED")) AS ?filterStatus)
}
GROUP BY ?filterStatus ?filterLexical
ORDER BY ?filterStatus ?filterLexical

2026-10-08 17:11:56.337 - INFO: Requested media types of the result are: "application/sparql-results+json"
2026-10-08 17:11:56.345 - INFO: Query planning done in 9 ms
2026-10-08 17:11:57.114 - INFO: Result has size 1 x 3
2026-10-08 17:11:57.114 - INFO: Done processing query and sending result, total time was 779 ms
