2026-10-08 17:11:42.848 - INFO: [1mQLever index builder bfd5741, compiled on Thu Sep  3 17:32:42 UTC 2026 using git hash bfd5741[22m
2026-10-08 17:11:42.849 - WARN: Implicitly using the parallel parser for a single input file for reasons of backward compatibility; this is deprecated, please use the command-line option --parallel-parsing or -p
2026-10-08 17:11:42.849 - INFO: Processing triples from single input stream /home/ubuntu/vrdev-test/conv/run-e3743590/work/scratch/togovar-HG005_GRCh38_r100000/graph.nt (parallel = true) ...
2026-10-08 17:11:42.849 - INFO: Locale was not specified in settings file, default is en_US
2026-10-08 17:11:42.849 - INFO: You specified "locale = en_US" and "ignore-punctuation = 0"
2026-10-08 17:11:42.849 - INFO: By default, integers that cannot be represented by QLever will throw an exception
2026-10-08 17:11:42.849 - INFO: Parsing input triples and creating partial vocabularies, one per batch ...
2026-10-08 17:11:45.566 - INFO: Triples parsed: 5,728,120 [average speed 2.5 M/s] 
2026-10-08 17:11:46.312 - INFO: Number of triples created (including QLever-internal ones): 5,728,120 [may contain duplicates]
2026-10-08 17:11:46.312 - INFO: Number of partial vocabularies created: 1
2026-10-08 17:11:46.481 - INFO: Merging partial vocabularies ...
2026-10-08 17:11:46.713 - INFO: Words merged: 2,481 [average speed 0.0 M/s] 
2026-10-08 17:11:46.719 - INFO: Finished writing compressed internal vocabulary, size = 11461 B [uncompressed = 33499 B, ratio = 34%]
2026-10-08 17:11:46.719 - INFO: Number of words in external vocabulary: 2,481
2026-10-08 17:11:46.728 - INFO: Converting triples from local IDs to global IDs ...
2026-10-08 17:11:47.023 - INFO: Triples converted: 5,728,120 [average speed 20.0 M/s] 
2026-10-08 17:11:47.149 - INFO: Creating permutations SPO and SOP ...
2026-10-08 17:11:47.457 - INFO: Number of inputs to `uniqueView`: 5,728,120
2026-10-08 17:11:47.458 - INFO: Number of unique elements: 5,728,120
2026-10-08 17:11:47.458 - INFO: Triples sorted: 5,728,120 [average speed 18.6 M/s] 
2026-10-08 17:11:47.746 - INFO: Statistics for SPO: #relations = 1,079,091, #blocks = 123, #triples = 5,728,120
2026-10-08 17:11:47.746 - INFO: Statistics for SOP: #relations = 1,079,091, #blocks = 123, #triples = 5,728,120
2026-10-08 17:11:47.746 - INFO: Number of distinct patterns: 5
2026-10-08 17:11:47.746 - INFO: Number of subjects with pattern: 1,079,091 [all]
2026-10-08 17:11:47.746 - INFO: Total number of distinct subject-predicate pairs: 2,997,712
2026-10-08 17:11:47.746 - INFO: Average number of predicates per subject: 2.8
2026-10-08 17:11:47.746 - INFO: Average number of subjects per predicate: 176,336
2026-10-08 17:11:47.901 - INFO: Creating permutations OSP and OPS ...
2026-10-08 17:11:48.570 - INFO: Triples sorted: 5,728,120 [average speed 8.6 M/s] 
2026-10-08 17:11:48.584 - INFO: Statistics for OSP: #relations = 1,103,358, #blocks = 214, #triples = 5,728,120
2026-10-08 17:11:48.584 - INFO: Statistics for OPS: #relations = 1,103,358, #blocks = 214, #triples = 5,728,120
2026-10-08 17:11:48.585 - INFO: Adding 1,079,091 triples to the POS and PSO permutation for the internal `ql:has-pattern` ...
2026-10-08 17:11:48.631 - INFO: Creating permutations PSO and POS ...
2026-10-08 17:11:48.665 - INFO: Number of inputs to `uniqueView`: 1,079,091
2026-10-08 17:11:48.665 - INFO: Number of unique elements: 1,079,091
2026-10-08 17:11:48.665 - INFO: Triples sorted: 1,079,091 [average speed 31.6 M/s] 
2026-10-08 17:11:48.733 - INFO: Statistics for PSO: #relations = 1, #blocks = 35, #triples = 1,079,091
2026-10-08 17:11:48.733 - INFO: Statistics for POS: #relations = 1, #blocks = 35, #triples = 1,079,091
2026-10-08 17:11:48.880 - INFO: Creating permutations PSO and POS ...
2026-10-08 17:11:49.546 - INFO: Triples sorted: 5,728,120 [average speed 8.6 M/s] 
2026-10-08 17:11:49.628 - INFO: Statistics for PSO: #relations = 17, #blocks = 191, #triples = 5,728,120
2026-10-08 17:11:49.628 - INFO: Statistics for POS: #relations = 17, #blocks = 191, #triples = 5,728,120
2026-10-08 17:11:49.629 - INFO: Index build completed
