2026-09-25 08:19:04.803 - INFO: [1mQLever index builder bfd5741, compiled on Thu Sep  3 17:32:42 UTC 2026 using git hash bfd5741[22m
2026-09-25 08:19:04.804 - WARN: Implicitly using the parallel parser for a single input file for reasons of backward compatibility; this is deprecated, please use the command-line option --parallel-parsing or -p
2026-09-25 08:19:04.804 - INFO: Processing triples from single input stream /work/regional-rdf-_ogp4gv4/input.nt (parallel = true) ...
2026-09-25 08:19:04.804 - INFO: Locale was not specified in settings file, default is en_US
2026-09-25 08:19:04.804 - INFO: You specified "locale = en_US" and "ignore-punctuation = 0"
2026-09-25 08:19:04.804 - INFO: By default, integers that cannot be represented by QLever will throw an exception
2026-09-25 08:19:04.804 - INFO: Parsing input triples and creating partial vocabularies, one per batch ...
2026-09-25 08:19:10.414 - INFO: Triples parsed: 10,000,000 [average speed 2.0 M/s, last batch 1.9 M/s, fastest 1.9 M/s, slowest 1.9 M/s] 2026-09-25 08:19:15.298 - INFO: Triples parsed: 17,098,746 [average speed 1.7 M/s, last batch 1.9 M/s, fastest 1.9 M/s, slowest 1.9 M/s] 
2026-09-25 08:19:16.507 - INFO: Number of triples created (including QLever-internal ones): 17,098,746 [may contain duplicates]
2026-09-25 08:19:16.507 - INFO: Number of partial vocabularies created: 2
2026-09-25 08:19:16.830 - INFO: Merging partial vocabularies ...
2026-09-25 08:19:18.263 - INFO: Words merged: 3,529,126 [average speed 2.5 M/s] 
2026-09-25 08:19:18.502 - INFO: Finished writing compressed internal vocabulary, size = 22.4 MB [uncompressed = 220.7 MB, ratio = 10%]
2026-09-25 08:19:18.502 - INFO: Number of words in external vocabulary: 3,529,126
2026-09-25 08:19:18.553 - INFO: Converting triples from local IDs to global IDs ...
2026-09-25 08:19:19.113 - INFO: Triples converted: 10,000,000 [average speed 18.1 M/s, last batch 18.1 M/s, fastest 18.1 M/s, slowest 18.1 M/s] 2026-09-25 08:19:19.279 - INFO: Triples converted: 17,098,746 [average speed 23.8 M/s, last batch 18.1 M/s, fastest 18.1 M/s, slowest 18.1 M/s] 
2026-09-25 08:19:19.549 - INFO: Creating permutations SPO and SOP ...
2026-09-25 08:19:20.011 - INFO: Triples sorted: 10,000,000 [average speed 21.7 M/s, last batch 21.7 M/s, fastest 21.7 M/s, slowest 21.7 M/s] 2026-09-25 08:19:20.271 - INFO: Number of inputs to `uniqueView`: 17,098,746
2026-09-25 08:19:20.271 - INFO: Number of unique elements: 17,098,746
2026-09-25 08:19:20.271 - INFO: Triples sorted: 17,098,746 [average speed 23.7 M/s, last batch 21.7 M/s, fastest 21.7 M/s, slowest 21.7 M/s] 
2026-09-25 08:19:21.171 - INFO: Statistics for SPO: #relations = 3,459,556, #blocks = 367, #triples = 17,098,746
2026-09-25 08:19:21.171 - INFO: Statistics for SOP: #relations = 3,459,556, #blocks = 367, #triples = 17,098,746
2026-09-25 08:19:21.174 - INFO: Number of distinct patterns: 24
2026-09-25 08:19:21.174 - INFO: Number of subjects with pattern: 3,459,556 [all]
2026-09-25 08:19:21.174 - INFO: Total number of distinct subject-predicate pairs: 14,739,173
2026-09-25 08:19:21.174 - INFO: Average number of predicates per subject: 4.3
2026-09-25 08:19:21.174 - INFO: Average number of subjects per predicate: 204,711
2026-09-25 08:19:21.904 - INFO: Creating permutations OSP and OPS ...
2026-09-25 08:19:23.966 - INFO: Triples sorted: 10,000,000 [average speed 4.9 M/s, last batch 4.9 M/s, fastest 4.9 M/s, slowest 4.9 M/s] 2026-09-25 08:19:24.637 - INFO: Triples sorted: 17,098,746 [average speed 6.3 M/s, last batch 4.9 M/s, fastest 4.9 M/s, slowest 4.9 M/s] 
2026-09-25 08:19:24.643 - INFO: Statistics for OSP: #relations = 3,729,121, #blocks = 567, #triples = 17,098,746
2026-09-25 08:19:24.643 - INFO: Statistics for OPS: #relations = 3,729,121, #blocks = 567, #triples = 17,098,746
2026-09-25 08:19:24.648 - INFO: Adding 3,459,556 triples to the POS and PSO permutation for the internal `ql:has-pattern` ...
2026-09-25 08:19:24.814 - INFO: Creating permutations PSO and POS ...
2026-09-25 08:19:24.926 - INFO: Number of inputs to `uniqueView`: 3,459,556
2026-09-25 08:19:24.926 - INFO: Number of unique elements: 3,459,556
2026-09-25 08:19:24.927 - INFO: Triples sorted: 3,459,556 [average speed 30.9 M/s] 
2026-09-25 08:19:25.177 - INFO: Statistics for PSO: #relations = 1, #blocks = 111, #triples = 3,459,556
2026-09-25 08:19:25.177 - INFO: Statistics for POS: #relations = 1, #blocks = 111, #triples = 3,459,556
2026-09-25 08:19:25.569 - INFO: Creating permutations PSO and POS ...
2026-09-25 08:19:26.513 - INFO: Triples sorted: 10,000,000 [average speed 10.6 M/s, last batch 10.6 M/s, fastest 10.6 M/s, slowest 10.6 M/s] 2026-09-25 08:19:27.317 - INFO: Triples sorted: 17,098,746 [average speed 9.8 M/s, last batch 10.6 M/s, fastest 10.6 M/s, slowest 10.6 M/s] 
2026-09-25 08:19:27.424 - INFO: Statistics for PSO: #relations = 72, #blocks = 589, #triples = 17,098,746
2026-09-25 08:19:27.424 - INFO: Statistics for POS: #relations = 72, #blocks = 589, #triples = 17,098,746
2026-09-25 08:19:27.426 - INFO: Index build completed
