Step 1/5: Validating inputs ✅
  Metrics: /home/ubuntu/vrdev-test/acmg-run/results/17_use_case_acmg__cohort/convert__HG03815/out/run_metrics/HG03815.acmg__20260928T164449
  Detailed logs: /home/ubuntu/vrdev-test/acmg-run/results/17_use_case_acmg__cohort/convert__HG03815/out/run_metrics/HG03815.acmg__20260928T164449/logs/wrapper.log
  Progress log: /home/ubuntu/vrdev-test/acmg-run/results/17_use_case_acmg__cohort/convert__HG03815/out/run_metrics/HG03815.acmg__20260928T164449/logs/progress.log
Step 2/5: Ensuring Docker image is available ✅
Step 3/5: Processing per-input pipeline (TSV -> RDF -> compression)
  Sample representation: expanded
  INFO representation: structured
  Header representation: structured
  - Input 1/1: HG03815.acmg.vcf
    * TSV conversion ✅
    * VCF version: VCFv4.2 (detected)
    * RDF conversion ✅
    * Streaming expanded multi-sample RDF (no expanded helper TSVs)
    * Sample RDF streaming: 10,000 variants, 10,000 calls
    * Sample calls streamed: 10,910; FORMAT values: 10,910
    * Streaming structured header RDF
    * Header lines typed: 43; contigs: 24
    * Streaming QUAL and structured INFO RDF
    * INFO RDF streaming: 10,000 variants, 0 values
    * QUAL values streamed: 10,910; INFO values: 0; declarations: 0
    * Triples produced: 643,234
    * Compression ✅
    * Output directory: /home/ubuntu/vrdev-test/acmg-run/results/17_use_case_acmg__cohort/convert__HG03815/out/HG03815.acmg
      - RDF aggregate: HG03815.acmg.nt
      - N-Triples (.nt): 82.47 MB (removed after successful compression)
      - gzip (.nt.gz): 3.01 MB
Total triples produced (full run): 643,234
Conversion process finished.
Run time (full mode): 16.67s
Timing log: /home/ubuntu/vrdev-test/acmg-run/results/17_use_case_acmg__cohort/convert__HG03815/out/run_metrics/HG03815.acmg__20260928T164449/wrapper_execution_times.csv
Metrics summary: /home/ubuntu/vrdev-test/acmg-run/results/17_use_case_acmg__cohort/convert__HG03815/out/run_metrics/HG03815.acmg__20260928T164449/summary.json
