TSV conversion: 1000G_10000r_s256: started
TSV conversion: 1000G_10000r_s256: finished
RMLStreamer: 1000G_10000r_s256: started
  RMLStreamer: 1000G_10000r_s256: rmlstreamer started — 0 B · 0 parts
  RMLStreamer: 1000G_10000r_s256: rmlstreamer heartbeat — 0 B · 0 parts
  RMLStreamer: 1000G_10000r_s256: rmlstreamer heartbeat — 2.36 KB · 8 parts
  RMLStreamer: 1000G_10000r_s256: rmlstreamer heartbeat — 9.58 MB · 8 parts
  RMLStreamer: 1000G_10000r_s256: rmlstreamer heartbeat — 10.70 MB · 8 parts
  RMLStreamer: 1000G_10000r_s256: rmlstreamer complete — 10.70 MB · 8 parts
  RMLStreamer: 1000G_10000r_s256: rdf-aggregate started — 0 parts
  RMLStreamer: 1000G_10000r_s256: rdf-aggregate part — 1 parts
  RMLStreamer: 1000G_10000r_s256: rdf-aggregate part — 2 parts
  RMLStreamer: 1000G_10000r_s256: rdf-aggregate part — 3 parts
  RMLStreamer: 1000G_10000r_s256: rdf-aggregate part — 4 parts
  RMLStreamer: 1000G_10000r_s256: rdf-aggregate part — 5 parts
  RMLStreamer: 1000G_10000r_s256: rdf-aggregate part — 6 parts
  RMLStreamer: 1000G_10000r_s256: rdf-aggregate part — 7 parts
  RMLStreamer: 1000G_10000r_s256: rdf-aggregate part — 8 parts
  RMLStreamer: 1000G_10000r_s256: rdf-aggregate complete — 8 parts
RMLStreamer: 1000G_10000r_s256: finished
Partitioned compression: 1000G_10000r_s256: started
  Partitioned compression: 1000G_10000r_s256: rdf-scan started — 0 triples
  Partitioned compression: 1000G_10000r_s256: rdf-scan heartbeat — 385,281 triples · 67,108,971 bytes read
  Partitioned compression: 1000G_10000r_s256: rdf-scan heartbeat — 843,440 triples · 134,217,981 bytes read
  Partitioned compression: 1000G_10000r_s256: rdf-scan heartbeat — 1,301,517 triples · 201,326,989 bytes read
  Partitioned compression: 1000G_10000r_s256: rdf-scan chunk — 1,440,778 triples · 1 chunks · 221,734,497 bytes read
  Partitioned compression: 1000G_10000r_s256: hdt-chunks started — 0 chunks · hdt-build-00000
  Partitioned compression: 1000G_10000r_s256: hdt-chunks complete — 1 chunks · hdt-build-00000
  Partitioned compression: 1000G_10000r_s256: rdf-scan complete — 1,440,778 triples · 1 chunks
  Partitioned compression: 1000G_10000r_s256: hdt-chunks complete — 1 chunks
  Partitioned compression: 1000G_10000r_s256: hdt started — hdt-index
  Partitioned compression: 1000G_10000r_s256: hdt complete — hdt-index
  Partitioned compression: 1000G_10000r_s256: hdt started — hdt-validate
  Partitioned compression: 1000G_10000r_s256: hdt complete — hdt-validate
Partitioned compression: 1000G_10000r_s256: finished
