TSV conversion: HG005_GRCh38_r10000: started
TSV conversion: HG005_GRCh38_r10000: finished
RMLStreamer: HG005_GRCh38_r10000: started
  RMLStreamer: HG005_GRCh38_r10000: rmlstreamer started — 0 B · 0 parts
  RMLStreamer: HG005_GRCh38_r10000: rmlstreamer heartbeat — 0 B · 0 parts
  RMLStreamer: HG005_GRCh38_r10000: rmlstreamer heartbeat — 909.73 KB · 8 parts
  RMLStreamer: HG005_GRCh38_r10000: rmlstreamer heartbeat — 11.16 MB · 8 parts
  RMLStreamer: HG005_GRCh38_r10000: rmlstreamer complete — 11.16 MB · 8 parts
  RMLStreamer: HG005_GRCh38_r10000: rdf-aggregate started — 0 parts
  RMLStreamer: HG005_GRCh38_r10000: rdf-aggregate part — 1 parts
  RMLStreamer: HG005_GRCh38_r10000: rdf-aggregate part — 2 parts
  RMLStreamer: HG005_GRCh38_r10000: rdf-aggregate part — 3 parts
  RMLStreamer: HG005_GRCh38_r10000: rdf-aggregate part — 4 parts
  RMLStreamer: HG005_GRCh38_r10000: rdf-aggregate part — 5 parts
  RMLStreamer: HG005_GRCh38_r10000: rdf-aggregate part — 6 parts
  RMLStreamer: HG005_GRCh38_r10000: rdf-aggregate part — 7 parts
  RMLStreamer: HG005_GRCh38_r10000: rdf-aggregate part — 8 parts
  RMLStreamer: HG005_GRCh38_r10000: rdf-aggregate complete — 8 parts
RMLStreamer: HG005_GRCh38_r10000: finished
Partitioned compression: HG005_GRCh38_r10000: started
  Partitioned compression: HG005_GRCh38_r10000: rdf-scan started — 0 triples
  Partitioned compression: HG005_GRCh38_r10000: rdf-scan heartbeat — 442,536 triples · 67,108,898 bytes read
  Partitioned compression: HG005_GRCh38_r10000: rdf-scan heartbeat — 867,395 triples · 134,217,775 bytes read
  Partitioned compression: HG005_GRCh38_r10000: rdf-scan heartbeat — 1,288,324 triples · 201,326,647 bytes read
  Partitioned compression: HG005_GRCh38_r10000: rdf-scan heartbeat — 1,708,188 triples · 268,435,552 bytes read
  Partitioned compression: HG005_GRCh38_r10000: rdf-scan chunk — 1,718,911 triples · 1 chunks · 270,148,986 bytes read
  Partitioned compression: HG005_GRCh38_r10000: hdt-chunks started — 0 chunks · hdt-build-00000
  Partitioned compression: HG005_GRCh38_r10000: hdt-chunks complete — 1 chunks · hdt-build-00000
  Partitioned compression: HG005_GRCh38_r10000: rdf-scan complete — 1,718,911 triples · 1 chunks
  Partitioned compression: HG005_GRCh38_r10000: hdt-chunks complete — 1 chunks
  Partitioned compression: HG005_GRCh38_r10000: hdt started — hdt-index
  Partitioned compression: HG005_GRCh38_r10000: hdt complete — hdt-index
  Partitioned compression: HG005_GRCh38_r10000: hdt started — hdt-validate
  Partitioned compression: HG005_GRCh38_r10000: hdt complete — hdt-validate
Partitioned compression: HG005_GRCh38_r10000: finished
