[test-10k] preparing comunica engine
[test-10k] running condensed/preflight_record_cardinality (comunica)
[test-10k] running condensed/preflight_position_datatype (comunica)
[test-10k] running condensed/preflight_missing_token_conformance (comunica)
[test-10k] running condensed/preflight_representation_profile (comunica)
[test-10k] running condensed/preflight_sample_gt_inventory (comunica)
[test-10k] running condensed/preflight_blank_nodes (comunica)
[test-10k] running condensed/preflight_empty_values (comunica)
[test-10k] running condensed/preflight_distinct_triple_count (comunica)
[test-10k] running condensed/preflight_record_cardinality_count (comunica)
[test-10k] running condensed/preflight_position_datatype_count (comunica)
[test-10k] running condensed/preflight_missing_token_conformance_count (comunica)
[test-10k] running condensed/preflight_representation_profile_count (comunica)
[test-10k] running condensed/preflight_blank_nodes_count (comunica)
[test-10k] running condensed/preflight_empty_values_count (comunica)
[test-10k] running condensed/q01_record_density_1mb (comunica)
[test-10k] running condensed/q02_variant_shape_counts (comunica)
[test-10k] running condensed/q03_titv (comunica)
[test-10k] running condensed/q04_filter_distribution (comunica)
[test-10k] running condensed/q05_sample_genotype_counts (comunica)
[test-10k] running condensed/q06_ac_an_distribution (comunica)
[test-10k] running condensed/q07_file_metadata (comunica)
[test-10k] running condensed/q08_header_line_census (comunica)
[test-10k] running condensed/q09_predicate_census (comunica)
[test-10k] running condensed/q10_class_census (comunica)
[test-10k] running condensed/q11_record_digest (comunica)
[test-10k] running condensed/q12_info_value_digest (comunica)
[test-10k] running condensed/q13_format_value_digest (comunica)
[test-10k] preparing qlever engine
[test-10k] running condensed/preflight_record_cardinality (qlever)
[test-10k] running condensed/preflight_position_datatype (qlever)
[test-10k] running condensed/preflight_missing_token_conformance (qlever)
[test-10k] running condensed/preflight_representation_profile (qlever)
[test-10k] running condensed/preflight_sample_gt_inventory (qlever)
[test-10k] running condensed/preflight_blank_nodes (qlever)
[test-10k] running condensed/preflight_empty_values (qlever)
[test-10k] running condensed/preflight_distinct_triple_count (qlever)
[test-10k] running condensed/preflight_record_cardinality_count (qlever)
[test-10k] running condensed/preflight_position_datatype_count (qlever)
[test-10k] running condensed/preflight_missing_token_conformance_count (qlever)
[test-10k] running condensed/preflight_representation_profile_count (qlever)
[test-10k] running condensed/preflight_blank_nodes_count (qlever)
[test-10k] running condensed/preflight_empty_values_count (qlever)
[test-10k] running condensed/q01_record_density_1mb (qlever)
[test-10k] running condensed/q02_variant_shape_counts (qlever)
[test-10k] running condensed/q03_titv (qlever)
[test-10k] running condensed/q04_filter_distribution (qlever)
[test-10k] running condensed/q05_sample_genotype_counts (qlever)
[test-10k] running condensed/q06_ac_an_distribution (qlever)
[test-10k] running condensed/q07_file_metadata (qlever)
[test-10k] running condensed/q08_header_line_census (qlever)
[test-10k] running condensed/q09_predicate_census (qlever)
[test-10k] running condensed/q10_class_census (qlever)
[test-10k] running condensed/q11_record_digest (qlever)
[test-10k] running condensed/q12_info_value_digest (qlever)
[test-10k] running condensed/q13_format_value_digest (qlever)
[test-10k] preparing hdt engine
[test-10k] running condensed/preflight_record_cardinality (hdt)
[test-10k] running condensed/preflight_position_datatype (hdt)
[test-10k] running condensed/preflight_missing_token_conformance (hdt)
[test-10k] running condensed/preflight_representation_profile (hdt)
[test-10k] running condensed/preflight_sample_gt_inventory (hdt)
[test-10k] running condensed/preflight_blank_nodes (hdt)
[test-10k] running condensed/preflight_empty_values (hdt)
[test-10k] running condensed/preflight_distinct_triple_count (hdt)
[test-10k] running condensed/preflight_record_cardinality_count (hdt)
[test-10k] running condensed/preflight_position_datatype_count (hdt)
[test-10k] running condensed/preflight_missing_token_conformance_count (hdt)
[test-10k] running condensed/preflight_representation_profile_count (hdt)
[test-10k] running condensed/preflight_blank_nodes_count (hdt)
[test-10k] running condensed/preflight_empty_values_count (hdt)
[test-10k] running condensed/q01_record_density_1mb (hdt)
[test-10k] running condensed/q02_variant_shape_counts (hdt)
[test-10k] running condensed/q03_titv (hdt)
[test-10k] running condensed/q04_filter_distribution (hdt)
[test-10k] running condensed/q05_sample_genotype_counts (hdt)
[test-10k] running condensed/q06_ac_an_distribution (hdt)
[test-10k] running condensed/q07_file_metadata (hdt)
[test-10k] running condensed/q08_header_line_census (hdt)
[test-10k] running condensed/q09_predicate_census (hdt)
[test-10k] running condensed/q10_class_census (hdt)
[test-10k] running condensed/q11_record_digest (hdt)
[test-10k] running condensed/q12_info_value_digest (hdt)
[test-10k] running condensed/q13_format_value_digest (hdt)
[test-10k] preparing cottas engine
[test-10k] running condensed/preflight_record_cardinality (cottas)
[test-10k] running condensed/preflight_position_datatype (cottas)
[test-10k] running condensed/preflight_missing_token_conformance (cottas)
[test-10k] running condensed/preflight_representation_profile (cottas)
[test-10k] running condensed/preflight_sample_gt_inventory (cottas)
[test-10k] running condensed/preflight_blank_nodes (cottas)
[test-10k] running condensed/preflight_empty_values (cottas)
[test-10k] running condensed/preflight_distinct_triple_count (cottas)
[test-10k] running condensed/preflight_record_cardinality_count (cottas)
[test-10k] running condensed/preflight_position_datatype_count (cottas)
[test-10k] running condensed/preflight_missing_token_conformance_count (cottas)
[test-10k] running condensed/preflight_representation_profile_count (cottas)
[test-10k] running condensed/preflight_blank_nodes_count (cottas)
[test-10k] running condensed/preflight_empty_values_count (cottas)
[test-10k] running condensed/q01_record_density_1mb (cottas)
[test-10k] running condensed/q02_variant_shape_counts (cottas)
[test-10k] running condensed/q03_titv (cottas)
[test-10k] running condensed/q04_filter_distribution (cottas)
[test-10k] running condensed/q05_sample_genotype_counts (cottas)
