TSV conversion: HG01917.acmg: started
TSV conversion: HG01917.acmg: finished
RMLStreamer: HG01917.acmg: started
  RMLStreamer: HG01917.acmg: rmlstreamer started — 0 B · 0 parts
  RMLStreamer: HG01917.acmg: rmlstreamer heartbeat — 0 B · 0 parts
  RMLStreamer: HG01917.acmg: rmlstreamer heartbeat — 26.28 KB · 8 parts
  RMLStreamer: HG01917.acmg: rmlstreamer heartbeat — 8.91 MB · 8 parts
  RMLStreamer: HG01917.acmg: rmlstreamer heartbeat — 9.92 MB · 8 parts
  RMLStreamer: HG01917.acmg: rmlstreamer complete — 9.92 MB · 8 parts
  RMLStreamer: HG01917.acmg: rdf-aggregate started — 0 parts
  RMLStreamer: HG01917.acmg: rdf-aggregate part — 1 parts
  RMLStreamer: HG01917.acmg: rdf-aggregate part — 2 parts
  RMLStreamer: HG01917.acmg: rdf-aggregate part — 3 parts
  RMLStreamer: HG01917.acmg: rdf-aggregate part — 4 parts
  RMLStreamer: HG01917.acmg: rdf-aggregate part — 5 parts
  RMLStreamer: HG01917.acmg: rdf-aggregate part — 6 parts
  RMLStreamer: HG01917.acmg: rdf-aggregate part — 7 parts
  RMLStreamer: HG01917.acmg: rdf-aggregate part — 8 parts
  RMLStreamer: HG01917.acmg: rdf-aggregate complete — 8 parts
RMLStreamer: HG01917.acmg: finished
Gzip: HG01917.acmg: started
Gzip: HG01917.acmg: finished
