Step 1/5: Validating inputs ✅
  Metrics: /home/ubuntu/vrdev-test/acmg-run/results/17_use_case_acmg__cohort/convert__HG00120/out/run_metrics/HG00120.acmg__20260928T145340
  Detailed logs: /home/ubuntu/vrdev-test/acmg-run/results/17_use_case_acmg__cohort/convert__HG00120/out/run_metrics/HG00120.acmg__20260928T145340/logs/wrapper.log
  Progress log: /home/ubuntu/vrdev-test/acmg-run/results/17_use_case_acmg__cohort/convert__HG00120/out/run_metrics/HG00120.acmg__20260928T145340/logs/progress.log
Step 2/5: Ensuring Docker image is available ✅
Step 3/5: Processing per-input pipeline (TSV -> RDF -> compression)
  Sample representation: expanded
  INFO representation: structured
  Header representation: structured
  - Input 1/1: HG00120.acmg.vcf
    * TSV conversion ✅
    * VCF version: VCFv4.2 (detected)
    * RDF conversion ✅
    * Streaming expanded multi-sample RDF (no expanded helper TSVs)
    * Sample RDF streaming: 10,000 variants, 10,000 calls
    * Sample calls streamed: 10,157; FORMAT values: 10,157
    * Streaming structured header RDF
    * Header lines typed: 133; contigs: 24
    * Streaming QUAL and structured INFO RDF
    * INFO RDF streaming: 10,000 variants, 730,058 values
    * QUAL values streamed: 10,157; INFO values: 742,564; declarations: 91
    * Triples produced: 8,160,893
    * Compression ✅
    * Output directory: /home/ubuntu/vrdev-test/acmg-run/results/17_use_case_acmg__cohort/convert__HG00120/out/HG00120.acmg
      - RDF aggregate: HG00120.acmg.nt
      - N-Triples (.nt): 1.10 GB (removed after successful compression)
      - gzip (.nt.gz): 51.57 MB
Total triples produced (full run): 8,160,893
Conversion process finished.
Run time (full mode): 33.29s
Timing log: /home/ubuntu/vrdev-test/acmg-run/results/17_use_case_acmg__cohort/convert__HG00120/out/run_metrics/HG00120.acmg__20260928T145340/wrapper_execution_times.csv
Metrics summary: /home/ubuntu/vrdev-test/acmg-run/results/17_use_case_acmg__cohort/convert__HG00120/out/run_metrics/HG00120.acmg__20260928T145340/summary.json
