[2026-09-16T19:00:23] Run started (mode=full)
[2026-09-16T19:00:23] Checking Docker availability
[2026-09-16T19:00:23] Docker availability check passed
[2026-09-16T19:00:23] Ensuring image available: vcf-rdfizer:local-20d2cbb
[2026-09-16T19:00:23] Image ready
[2026-09-16T19:00:23] Writeability checks passed
[2026-09-16T19:00:23] Full pipeline started
[2026-09-16T19:00:23] Input 1/1 started: HG005_GRCh38_r100000
[2026-09-16T19:00:25] Input 1: TSV conversion completed for HG005_GRCh38_r100000
[2026-09-16T19:00:43] Input 1: RDF conversion completed for HG005_GRCh38_r100000
[2026-09-16T19:20:50] Input 1: compression completed for HG005_GRCh38_r100000
[2026-09-16T19:20:50] Validation started: HG005_GRCh38_r100000
[2026-09-16T19:27:08] Validation completed: HG005_GRCh38_r100000 (PASS)
[2026-09-16T19:27:08] Validation started: HG005_GRCh38_r100000__hdt
[2026-09-16T19:33:48] Validation completed: HG005_GRCh38_r100000__hdt (PASS)
[2026-09-16T19:33:48] Validation started: HG005_GRCh38_r100000__cottas
[2026-09-16T19:40:15] Validation completed: HG005_GRCh38_r100000__cottas (PASS)
[2026-09-16T19:40:15] Input 1/1 completed: HG005_GRCh38_r100000
[2026-09-16T19:40:15] Full pipeline finished successfully
[2026-09-16T19:40:15] Run finished (exit_code=0)
