Step 1/5: Validating inputs ✅
  Metrics: /home/ubuntu/vrdev-test/conv/run-e3743590/results/18_converter_comparison/convert__vcf-rdfizer__1000G_10000r_s16__r3/out/run_metrics/1000G_10000r_s16__20261008T170535
  Detailed logs: /home/ubuntu/vrdev-test/conv/run-e3743590/results/18_converter_comparison/convert__vcf-rdfizer__1000G_10000r_s16__r3/out/run_metrics/1000G_10000r_s16__20261008T170535/logs/wrapper.log
  Progress log: /home/ubuntu/vrdev-test/conv/run-e3743590/results/18_converter_comparison/convert__vcf-rdfizer__1000G_10000r_s16__r3/out/run_metrics/1000G_10000r_s16__20261008T170535/logs/progress.log
Step 2/5: Ensuring Docker image is available ✅
Step 3/5: Processing per-input pipeline (TSV -> RDF -> compression)
  Spark partition hint: 8
  Sample representation: expanded
  INFO representation: structured
  Header representation: structured
  - Input 1/1: 1000G_10000r_s16.vcf.gz
    * TSV conversion ✅
    * VCF version: VCFv4.1 (detected)
    * RDF conversion ✅
    * Streaming expanded multi-sample RDF (no expanded helper TSVs)
    * Sample RDF streaming: 10,000 variants, 160,000 calls
    * Sample calls streamed: 160,000; FORMAT values: 160,000
    * Streaming structured header RDF
    * Header lines typed: 252; contigs: 86
    * Streaming QUAL and structured INFO RDF
    * INFO RDF streaming: 10,000 variants, 120,258 values
    * QUAL values streamed: 10,000; INFO values: 120,258; declarations: 24
    * Triples produced: 5,359,578
    * Compression ✅
    * Output directory: /home/ubuntu/vrdev-test/conv/run-e3743590/results/18_converter_comparison/convert__vcf-rdfizer__1000G_10000r_s16__r3/out/1000G_10000r_s16
      - RDF aggregate: 1000G_10000r_s16.nt.gz
      - RDF (.gz): 21.15 MB (retained because it is also the selected gzip artifact)
      - gzip (.nt.gz): 21.15 MB
Total triples produced (full run): 5,359,578
Conversion process finished.
Run time (full mode): 31.49s
Timing log: /home/ubuntu/vrdev-test/conv/run-e3743590/results/18_converter_comparison/convert__vcf-rdfizer__1000G_10000r_s16__r3/out/run_metrics/1000G_10000r_s16__20261008T170535/wrapper_execution_times.csv
Metrics summary: /home/ubuntu/vrdev-test/conv/run-e3743590/results/18_converter_comparison/convert__vcf-rdfizer__1000G_10000r_s16__r3/out/run_metrics/1000G_10000r_s16__20261008T170535/summary.json
