Step 1/5: Validating inputs ✅
  Metrics: /home/ubuntu/vrdev-test/v331/results/17_use_case_acmg__cohort/convert__NA19059/out/run_metrics/NA19059.acmg__20261008T145249
  Detailed logs: /home/ubuntu/vrdev-test/v331/results/17_use_case_acmg__cohort/convert__NA19059/out/run_metrics/NA19059.acmg__20261008T145249/logs/wrapper.log
  Progress log: /home/ubuntu/vrdev-test/v331/results/17_use_case_acmg__cohort/convert__NA19059/out/run_metrics/NA19059.acmg__20261008T145249/logs/progress.log
Step 2/5: Ensuring Docker image is available ✅
Step 3/5: Processing per-input pipeline (TSV -> RDF -> compression)
  Sample representation: expanded
  INFO representation: structured
  Header representation: structured
  - Input 1/1: NA19059.acmg.vcf
    * TSV conversion ✅
    * VCF version: VCFv4.2 (detected)
    * RDF conversion ✅
    * Streaming expanded multi-sample RDF (no expanded helper TSVs)
    * Sample RDF streaming: 10,000 variants, 10,000 calls
    * Sample calls streamed: 10,545; FORMAT values: 10,545
    * Streaming structured header RDF
    * Header lines typed: 43; contigs: 24
    * Streaming QUAL and structured INFO RDF
    * INFO RDF streaming: 10,000 variants, 0 values
    * QUAL values streamed: 10,545; INFO values: 0; declarations: 0
    * Triples produced: 622,353
    * Compression ✅
    * Output directory: /home/ubuntu/vrdev-test/v331/results/17_use_case_acmg__cohort/convert__NA19059/out/NA19059.acmg
      - RDF aggregate: NA19059.acmg.nt.gz
      - RDF (.gz): 2.48 MB (retained because it is also the selected gzip artifact)
      - gzip (.nt.gz): 2.48 MB
Total triples produced (full run): 622,353
Conversion process finished.
Run time (full mode): 17.60s
Timing log: /home/ubuntu/vrdev-test/v331/results/17_use_case_acmg__cohort/convert__NA19059/out/run_metrics/NA19059.acmg__20261008T145249/wrapper_execution_times.csv
Metrics summary: /home/ubuntu/vrdev-test/v331/results/17_use_case_acmg__cohort/convert__NA19059/out/run_metrics/NA19059.acmg__20261008T145249/summary.json
