[2026-09-24T10:39:09] Run started (mode=full)
[2026-09-24T10:39:09] Checking Docker availability
[2026-09-24T10:39:09] Docker availability check passed
[2026-09-24T10:39:09] Ensuring image available: ecrum19/vcf-rdfizer:3.1.0
[2026-09-24T10:39:09] Image ready
[2026-09-24T10:39:09] Writeability checks passed
[2026-09-24T10:39:09] Full pipeline started
[2026-09-24T10:39:09] Input 1/1 started: HG005_GRCh38_r100000
[2026-09-24T10:39:11] Input 1: TSV conversion completed for HG005_GRCh38_r100000
[2026-09-24T10:39:30] Input 1: RDF conversion completed for HG005_GRCh38_r100000
[2026-09-24T10:59:41] Input 1: compression completed for HG005_GRCh38_r100000
[2026-09-24T10:59:41] Validation started: HG005_GRCh38_r100000
[2026-09-24T11:04:24] Validation completed: HG005_GRCh38_r100000 (PASS)
[2026-09-24T11:04:24] Validation started: HG005_GRCh38_r100000__hdt
[2026-09-24T11:09:27] Validation completed: HG005_GRCh38_r100000__hdt (PASS)
[2026-09-24T11:09:27] Validation started: HG005_GRCh38_r100000__cottas
[2026-09-24T11:14:21] Validation completed: HG005_GRCh38_r100000__cottas (PASS)
[2026-09-24T11:14:21] Input 1/1 completed: HG005_GRCh38_r100000
[2026-09-24T11:14:21] Full pipeline finished successfully
[2026-09-24T11:14:21] Run finished (exit_code=0)
