TSV conversion: HG005_GRCh38_r1000000: started
TSV conversion: HG005_GRCh38_r1000000: finished
RMLStreamer: HG005_GRCh38_r1000000: started
  RMLStreamer: HG005_GRCh38_r1000000: rmlstreamer started — 0 B · 0 parts
  RMLStreamer: HG005_GRCh38_r1000000: rmlstreamer heartbeat — 0 B · 0 parts
  RMLStreamer: HG005_GRCh38_r1000000: rmlstreamer heartbeat — 159.46 KB · 8 parts
  RMLStreamer: HG005_GRCh38_r1000000: rmlstreamer heartbeat — 15.08 MB · 8 parts
  RMLStreamer: HG005_GRCh38_r1000000: rmlstreamer heartbeat — 35.28 MB · 8 parts
  RMLStreamer: HG005_GRCh38_r1000000: rmlstreamer heartbeat — 81.83 MB · 8 parts
  RMLStreamer: HG005_GRCh38_r1000000: rmlstreamer heartbeat — 131.53 MB · 8 parts
  RMLStreamer: HG005_GRCh38_r1000000: rmlstreamer heartbeat — 179.48 MB · 8 parts
  RMLStreamer: HG005_GRCh38_r1000000: rmlstreamer heartbeat — 226.09 MB · 8 parts
  RMLStreamer: HG005_GRCh38_r1000000: rmlstreamer heartbeat — 273.93 MB · 8 parts
  RMLStreamer: HG005_GRCh38_r1000000: rmlstreamer heartbeat — 322.94 MB · 8 parts
  RMLStreamer: HG005_GRCh38_r1000000: rmlstreamer heartbeat — 369.94 MB · 8 parts
  RMLStreamer: HG005_GRCh38_r1000000: rmlstreamer heartbeat — 418.95 MB · 8 parts
  RMLStreamer: HG005_GRCh38_r1000000: rmlstreamer heartbeat — 466.83 MB · 8 parts
  RMLStreamer: HG005_GRCh38_r1000000: rmlstreamer heartbeat — 515.90 MB · 8 parts
  RMLStreamer: HG005_GRCh38_r1000000: rmlstreamer heartbeat — 567.50 MB · 8 parts
  RMLStreamer: HG005_GRCh38_r1000000: rmlstreamer heartbeat — 618.25 MB · 8 parts
  RMLStreamer: HG005_GRCh38_r1000000: rmlstreamer heartbeat — 669.62 MB · 8 parts
  RMLStreamer: HG005_GRCh38_r1000000: rmlstreamer heartbeat — 721.32 MB · 8 parts
  RMLStreamer: HG005_GRCh38_r1000000: rmlstreamer heartbeat — 772.47 MB · 8 parts
  RMLStreamer: HG005_GRCh38_r1000000: rmlstreamer heartbeat — 819.82 MB · 8 parts
  RMLStreamer: HG005_GRCh38_r1000000: rmlstreamer heartbeat — 869.23 MB · 8 parts
  RMLStreamer: HG005_GRCh38_r1000000: rmlstreamer heartbeat — 920.57 MB · 8 parts
  RMLStreamer: HG005_GRCh38_r1000000: rmlstreamer heartbeat — 971.95 MB · 8 parts
  RMLStreamer: HG005_GRCh38_r1000000: rmlstreamer heartbeat — 1019.94 MB · 8 parts
  RMLStreamer: HG005_GRCh38_r1000000: rmlstreamer heartbeat — 1.04 GB · 8 parts
  RMLStreamer: HG005_GRCh38_r1000000: rmlstreamer heartbeat — 1.09 GB · 8 parts
  RMLStreamer: HG005_GRCh38_r1000000: rmlstreamer heartbeat — 1.11 GB · 8 parts
  RMLStreamer: HG005_GRCh38_r1000000: rmlstreamer heartbeat — 1.12 GB · 8 parts
  RMLStreamer: HG005_GRCh38_r1000000: rmlstreamer complete — 1.12 GB · 8 parts
  RMLStreamer: HG005_GRCh38_r1000000: rdf-aggregate started — 0 parts
  RMLStreamer: HG005_GRCh38_r1000000: rdf-aggregate part — 1 parts
  RMLStreamer: HG005_GRCh38_r1000000: rdf-aggregate part — 2 parts
  RMLStreamer: HG005_GRCh38_r1000000: rdf-aggregate part — 3 parts
  RMLStreamer: HG005_GRCh38_r1000000: rdf-aggregate part — 4 parts
  RMLStreamer: HG005_GRCh38_r1000000: rdf-aggregate part — 5 parts
  RMLStreamer: HG005_GRCh38_r1000000: rdf-aggregate part — 6 parts
  RMLStreamer: HG005_GRCh38_r1000000: rdf-aggregate part — 7 parts
  RMLStreamer: HG005_GRCh38_r1000000: rdf-aggregate part — 8 parts
  RMLStreamer: HG005_GRCh38_r1000000: rdf-aggregate complete — 8 parts
RMLStreamer: HG005_GRCh38_r1000000: finished
Partitioned compression: HG005_GRCh38_r1000000: started
  Partitioned compression: HG005_GRCh38_r1000000: rdf-scan started — 0 triples
  Partitioned compression: HG005_GRCh38_r1000000: rdf-scan heartbeat — 503,714 triples · 67,108,894 bytes read
  Partitioned compression: HG005_GRCh38_r1000000: rdf-scan heartbeat — 1,007,358 triples · 134,217,804 bytes read
  Partitioned compression: HG005_GRCh38_r1000000: rdf-scan heartbeat — 1,510,657 triples · 201,326,769 bytes read
  Partitioned compression: HG005_GRCh38_r1000000: rdf-scan heartbeat — 2,013,877 triples · 268,435,673 bytes read
  Partitioned compression: HG005_GRCh38_r1000000: rdf-scan heartbeat — 2,517,075 triples · 335,544,666 bytes read
  Partitioned compression: HG005_GRCh38_r1000000: rdf-scan heartbeat — 3,020,818 triples · 402,653,622 bytes read
  Partitioned compression: HG005_GRCh38_r1000000: rdf-scan heartbeat — 3,524,443 triples · 469,762,556 bytes read
  Partitioned compression: HG005_GRCh38_r1000000: rdf-scan chunk — 4,027,729 triples · 1 chunks · 536,871,030 bytes read
  Partitioned compression: HG005_GRCh38_r1000000: hdt-chunks started — 0 chunks · hdt-build-00000
  Partitioned compression: HG005_GRCh38_r1000000: hdt-chunks complete — 1 chunks · hdt-build-00000
  Partitioned compression: HG005_GRCh38_r1000000: rdf-scan heartbeat — 4,027,733 triples · 536,871,551 bytes read
  Partitioned compression: HG005_GRCh38_r1000000: rdf-scan heartbeat — 4,530,936 triples · 603,980,431 bytes read
  Partitioned compression: HG005_GRCh38_r1000000: rdf-scan heartbeat — 5,034,161 triples · 671,089,372 bytes read
  Partitioned compression: HG005_GRCh38_r1000000: rdf-scan heartbeat — 5,537,931 triples · 738,198,289 bytes read
  Partitioned compression: HG005_GRCh38_r1000000: rdf-scan heartbeat — 6,041,562 triples · 805,307,166 bytes read
  Partitioned compression: HG005_GRCh38_r1000000: rdf-scan heartbeat — 6,544,921 triples · 872,416,096 bytes read
  Partitioned compression: HG005_GRCh38_r1000000: rdf-scan heartbeat — 7,048,174 triples · 939,524,961 bytes read
  Partitioned compression: HG005_GRCh38_r1000000: rdf-scan heartbeat — 7,551,400 triples · 1,006,633,829 bytes read
  Partitioned compression: HG005_GRCh38_r1000000: rdf-scan chunk — 8,057,488 triples · 2 chunks · 1,073,742,012 bytes read
  Partitioned compression: HG005_GRCh38_r1000000: hdt-chunks started — 1 chunks · hdt-build-00001
  Partitioned compression: HG005_GRCh38_r1000000: hdt-chunks complete — 2 chunks · hdt-build-00001
  Partitioned compression: HG005_GRCh38_r1000000: rdf-scan heartbeat — 8,057,494 triples · 1,073,742,783 bytes read
  Partitioned compression: HG005_GRCh38_r1000000: rdf-scan heartbeat — 8,565,795 triples · 1,140,851,750 bytes read
  Partitioned compression: HG005_GRCh38_r1000000: rdf-scan heartbeat — 9,059,837 triples · 1,207,960,726 bytes read
  Partitioned compression: HG005_GRCh38_r1000000: rdf-scan heartbeat — 9,477,273 triples · 1,275,069,704 bytes read
  Partitioned compression: HG005_GRCh38_r1000000: rdf-scan heartbeat — 9,893,153 triples · 1,342,178,669 bytes read
  Partitioned compression: HG005_GRCh38_r1000000: rdf-scan heartbeat — 10,307,128 triples · 1,409,287,542 bytes read
  Partitioned compression: HG005_GRCh38_r1000000: rdf-scan heartbeat — 10,721,136 triples · 1,476,396,559 bytes read
  Partitioned compression: HG005_GRCh38_r1000000: rdf-scan heartbeat — 11,135,114 triples · 1,543,505,449 bytes read
  Partitioned compression: HG005_GRCh38_r1000000: rdf-scan chunk — 11,549,072 triples · 3 chunks · 1,610,613,017 bytes read
  Partitioned compression: HG005_GRCh38_r1000000: hdt-chunks started — 2 chunks · hdt-build-00002
  Partitioned compression: HG005_GRCh38_r1000000: hdt-chunks complete — 3 chunks · hdt-build-00002
  Partitioned compression: HG005_GRCh38_r1000000: rdf-scan heartbeat — 11,549,080 triples · 1,610,614,340 bytes read
  Partitioned compression: HG005_GRCh38_r1000000: rdf-scan heartbeat — 11,963,053 triples · 1,677,723,219 bytes read
  Partitioned compression: HG005_GRCh38_r1000000: rdf-scan heartbeat — 12,376,997 triples · 1,744,832,163 bytes read
  Partitioned compression: HG005_GRCh38_r1000000: rdf-scan heartbeat — 12,790,919 triples · 1,811,941,212 bytes read
  Partitioned compression: HG005_GRCh38_r1000000: rdf-scan heartbeat — 13,204,849 triples · 1,879,050,091 bytes read
  Partitioned compression: HG005_GRCh38_r1000000: rdf-scan heartbeat — 13,618,785 triples · 1,946,159,099 bytes read
  Partitioned compression: HG005_GRCh38_r1000000: rdf-scan heartbeat — 14,032,732 triples · 2,013,268,079 bytes read
  Partitioned compression: HG005_GRCh38_r1000000: rdf-scan heartbeat — 14,446,677 triples · 2,080,377,007 bytes read
  Partitioned compression: HG005_GRCh38_r1000000: rdf-scan chunk — 14,860,635 triples · 4 chunks · 2,147,483,994 bytes read
  Partitioned compression: HG005_GRCh38_r1000000: hdt-chunks started — 3 chunks · hdt-build-00003
  Partitioned compression: HG005_GRCh38_r1000000: hdt-chunks complete — 4 chunks · hdt-build-00003
  Partitioned compression: HG005_GRCh38_r1000000: rdf-scan heartbeat — 14,860,647 triples · 2,147,485,883 bytes read
  Partitioned compression: HG005_GRCh38_r1000000: rdf-scan heartbeat — 15,274,586 triples · 2,214,594,752 bytes read
  Partitioned compression: HG005_GRCh38_r1000000: rdf-scan heartbeat — 15,688,547 triples · 2,281,703,804 bytes read
  Partitioned compression: HG005_GRCh38_r1000000: rdf-scan heartbeat — 16,102,540 triples · 2,348,812,821 bytes read
  Partitioned compression: HG005_GRCh38_r1000000: rdf-scan heartbeat — 16,513,240 triples · 2,415,921,716 bytes read
  Partitioned compression: HG005_GRCh38_r1000000: rdf-scan heartbeat — 16,923,918 triples · 2,483,030,624 bytes read
  Partitioned compression: HG005_GRCh38_r1000000: rdf-scan heartbeat — 17,334,573 triples · 2,550,139,510 bytes read
  Partitioned compression: HG005_GRCh38_r1000000: rdf-scan heartbeat — 17,745,271 triples · 2,617,248,424 bytes read
  Partitioned compression: HG005_GRCh38_r1000000: rdf-scan chunk — 18,155,930 triples · 5 chunks · 2,684,354,989 bytes read
  Partitioned compression: HG005_GRCh38_r1000000: hdt-chunks started — 4 chunks · hdt-build-00004
  Partitioned compression: HG005_GRCh38_r1000000: hdt-chunks complete — 5 chunks · hdt-build-00004
  Partitioned compression: HG005_GRCh38_r1000000: rdf-scan heartbeat — 18,155,944 triples · 2,684,357,350 bytes read
  Partitioned compression: HG005_GRCh38_r1000000: rdf-scan heartbeat — 18,566,594 triples · 2,751,466,305 bytes read
  Partitioned compression: HG005_GRCh38_r1000000: rdf-scan heartbeat — 18,977,312 triples · 2,818,575,275 bytes read
  Partitioned compression: HG005_GRCh38_r1000000: rdf-scan heartbeat — 19,388,006 triples · 2,885,684,162 bytes read
  Partitioned compression: HG005_GRCh38_r1000000: rdf-scan heartbeat — 19,798,661 triples · 2,952,793,038 bytes read
  Partitioned compression: HG005_GRCh38_r1000000: rdf-scan heartbeat — 20,209,290 triples · 3,019,901,959 bytes read
  Partitioned compression: HG005_GRCh38_r1000000: rdf-scan heartbeat — 20,620,072 triples · 3,087,010,866 bytes read
  Partitioned compression: HG005_GRCh38_r1000000: rdf-scan heartbeat — 21,030,779 triples · 3,154,119,811 bytes read
  Partitioned compression: HG005_GRCh38_r1000000: rdf-scan chunk — 21,441,450 triples · 6 chunks · 3,221,225,916 bytes read
  Partitioned compression: HG005_GRCh38_r1000000: hdt-chunks started — 5 chunks · hdt-build-00005
  Partitioned compression: HG005_GRCh38_r1000000: hdt-chunks complete — 6 chunks · hdt-build-00005
  Partitioned compression: HG005_GRCh38_r1000000: rdf-scan heartbeat — 21,441,467 triples · 3,221,228,722 bytes read
  Partitioned compression: HG005_GRCh38_r1000000: rdf-scan heartbeat — 21,852,155 triples · 3,288,337,595 bytes read
  Partitioned compression: HG005_GRCh38_r1000000: rdf-scan heartbeat — 22,262,850 triples · 3,355,446,514 bytes read
  Partitioned compression: HG005_GRCh38_r1000000: rdf-scan heartbeat — 22,673,515 triples · 3,422,555,525 bytes read
  Partitioned compression: HG005_GRCh38_r1000000: rdf-scan heartbeat — 23,084,162 triples · 3,489,664,494 bytes read
  Partitioned compression: HG005_GRCh38_r1000000: rdf-scan heartbeat — 23,494,818 triples · 3,556,773,419 bytes read
  Partitioned compression: HG005_GRCh38_r1000000: rdf-scan heartbeat — 23,905,472 triples · 3,623,882,385 bytes read
  Partitioned compression: HG005_GRCh38_r1000000: rdf-scan heartbeat — 24,316,108 triples · 3,690,991,319 bytes read
  Partitioned compression: HG005_GRCh38_r1000000: rdf-scan chunk — 24,726,827 triples · 7 chunks · 3,758,096,928 bytes read
  Partitioned compression: HG005_GRCh38_r1000000: hdt-chunks started — 6 chunks · hdt-build-00006
  Partitioned compression: HG005_GRCh38_r1000000: hdt-chunks complete — 7 chunks · hdt-build-00006
  Partitioned compression: HG005_GRCh38_r1000000: rdf-scan heartbeat — 24,726,847 triples · 3,758,100,237 bytes read
  Partitioned compression: HG005_GRCh38_r1000000: rdf-scan heartbeat — 25,137,487 triples · 3,825,209,115 bytes read
  Partitioned compression: HG005_GRCh38_r1000000: rdf-scan heartbeat — 25,548,170 triples · 3,892,317,995 bytes read
  Partitioned compression: HG005_GRCh38_r1000000: rdf-scan heartbeat — 25,958,802 triples · 3,959,426,904 bytes read
  Partitioned compression: HG005_GRCh38_r1000000: rdf-scan heartbeat — 26,369,458 triples · 4,026,535,820 bytes read
  Partitioned compression: HG005_GRCh38_r1000000: rdf-scan heartbeat — 26,780,112 triples · 4,093,644,804 bytes read
  Partitioned compression: HG005_GRCh38_r1000000: rdf-scan heartbeat — 27,190,769 triples · 4,160,753,677 bytes read
  Partitioned compression: HG005_GRCh38_r1000000: rdf-scan heartbeat — 27,601,442 triples · 4,227,862,631 bytes read
  Partitioned compression: HG005_GRCh38_r1000000: rdf-scan chunk — 28,012,078 triples · 8 chunks · 4,294,967,849 bytes read
  Partitioned compression: HG005_GRCh38_r1000000: hdt-chunks started — 7 chunks · hdt-build-00007
  Partitioned compression: HG005_GRCh38_r1000000: hdt-chunks complete — 8 chunks · hdt-build-00007
  Partitioned compression: HG005_GRCh38_r1000000: rdf-scan heartbeat — 28,012,100 triples · 4,294,971,526 bytes read
  Partitioned compression: HG005_GRCh38_r1000000: rdf-scan heartbeat — 28,422,768 triples · 4,362,080,480 bytes read
  Partitioned compression: HG005_GRCh38_r1000000: rdf-scan heartbeat — 28,833,415 triples · 4,429,189,346 bytes read
  Partitioned compression: HG005_GRCh38_r1000000: rdf-scan heartbeat — 29,244,068 triples · 4,496,298,232 bytes read
  Partitioned compression: HG005_GRCh38_r1000000: rdf-scan heartbeat — 29,654,787 triples · 4,563,407,186 bytes read
  Partitioned compression: HG005_GRCh38_r1000000: rdf-scan heartbeat — 30,065,495 triples · 4,630,516,117 bytes read
  Partitioned compression: HG005_GRCh38_r1000000: rdf-scan heartbeat — 30,476,191 triples · 4,697,625,134 bytes read
  Partitioned compression: HG005_GRCh38_r1000000: rdf-scan heartbeat — 30,886,887 triples · 4,764,734,017 bytes read
  Partitioned compression: HG005_GRCh38_r1000000: rdf-scan chunk — 31,297,704 triples · 9 chunks · 4,831,838,852 bytes read
  Partitioned compression: HG005_GRCh38_r1000000: hdt-chunks started — 8 chunks · hdt-build-00008
  Partitioned compression: HG005_GRCh38_r1000000: hdt-chunks complete — 9 chunks · hdt-build-00008
  Partitioned compression: HG005_GRCh38_r1000000: rdf-scan heartbeat — 31,297,730 triples · 4,831,842,966 bytes read
  Partitioned compression: HG005_GRCh38_r1000000: rdf-scan heartbeat — 31,708,436 triples · 4,898,951,997 bytes read
  Partitioned compression: HG005_GRCh38_r1000000: rdf-scan heartbeat — 32,119,118 triples · 4,966,060,883 bytes read
  Partitioned compression: HG005_GRCh38_r1000000: rdf-scan heartbeat — 32,529,811 triples · 5,033,169,785 bytes read
  Partitioned compression: HG005_GRCh38_r1000000: rdf-scan heartbeat — 32,940,479 triples · 5,100,278,666 bytes read
  Partitioned compression: HG005_GRCh38_r1000000: rdf-scan heartbeat — 33,351,155 triples · 5,167,387,691 bytes read
  Partitioned compression: HG005_GRCh38_r1000000: rdf-scan heartbeat — 33,761,817 triples · 5,234,496,640 bytes read
  Partitioned compression: HG005_GRCh38_r1000000: rdf-scan heartbeat — 34,172,494 triples · 5,301,605,620 bytes read
  Partitioned compression: HG005_GRCh38_r1000000: rdf-scan chunk — 34,583,134 triples · 10 chunks · 5,368,709,795 bytes read
  Partitioned compression: HG005_GRCh38_r1000000: hdt-chunks started — 9 chunks · hdt-build-00009
  Partitioned compression: HG005_GRCh38_r1000000: hdt-chunks complete — 10 chunks · hdt-build-00009
  Partitioned compression: HG005_GRCh38_r1000000: rdf-scan heartbeat — 34,583,163 triples · 5,368,714,519 bytes read
  Partitioned compression: HG005_GRCh38_r1000000: rdf-scan heartbeat — 34,993,854 triples · 5,435,823,483 bytes read
  Partitioned compression: HG005_GRCh38_r1000000: rdf-scan heartbeat — 35,404,566 triples · 5,502,932,439 bytes read
  Partitioned compression: HG005_GRCh38_r1000000: rdf-scan heartbeat — 35,815,222 triples · 5,570,041,333 bytes read
  Partitioned compression: HG005_GRCh38_r1000000: rdf-scan heartbeat — 36,225,879 triples · 5,637,150,288 bytes read
  Partitioned compression: HG005_GRCh38_r1000000: rdf-scan heartbeat — 36,636,535 triples · 5,704,259,203 bytes read
  Partitioned compression: HG005_GRCh38_r1000000: rdf-scan heartbeat — 37,047,173 triples · 5,771,368,220 bytes read
  Partitioned compression: HG005_GRCh38_r1000000: rdf-scan heartbeat — 37,457,826 triples · 5,838,477,187 bytes read
  Partitioned compression: HG005_GRCh38_r1000000: rdf-scan chunk — 37,868,418 triples · 11 chunks · 5,905,580,815 bytes read
  Partitioned compression: HG005_GRCh38_r1000000: hdt-chunks started — 10 chunks · hdt-build-00010
  Partitioned compression: HG005_GRCh38_r1000000: hdt-chunks complete — 11 chunks · hdt-build-00010
  Partitioned compression: HG005_GRCh38_r1000000: rdf-scan heartbeat — 37,868,451 triples · 5,905,586,189 bytes read
  Partitioned compression: HG005_GRCh38_r1000000: rdf-scan heartbeat — 38,279,086 triples · 5,972,695,169 bytes read
  Partitioned compression: HG005_GRCh38_r1000000: rdf-scan heartbeat — 38,689,755 triples · 6,039,804,104 bytes read
  Partitioned compression: HG005_GRCh38_r1000000: rdf-scan heartbeat — 39,100,436 triples · 6,106,913,070 bytes read
  Partitioned compression: HG005_GRCh38_r1000000: rdf-scan heartbeat — 39,511,128 triples · 6,174,022,061 bytes read
  Partitioned compression: HG005_GRCh38_r1000000: rdf-scan heartbeat — 39,921,774 triples · 6,241,131,025 bytes read
  Partitioned compression: HG005_GRCh38_r1000000: rdf-scan heartbeat — 40,332,487 triples · 6,308,240,012 bytes read
  Partitioned compression: HG005_GRCh38_r1000000: rdf-scan heartbeat — 40,743,149 triples · 6,375,348,998 bytes read
  Partitioned compression: HG005_GRCh38_r1000000: rdf-scan chunk — 41,153,811 triples · 12 chunks · 6,442,451,833 bytes read
  Partitioned compression: HG005_GRCh38_r1000000: hdt-chunks started — 11 chunks · hdt-build-00011
  Partitioned compression: HG005_GRCh38_r1000000: hdt-chunks complete — 12 chunks · hdt-build-00011
  Partitioned compression: HG005_GRCh38_r1000000: rdf-scan heartbeat — 41,153,848 triples · 6,442,457,981 bytes read
  Partitioned compression: HG005_GRCh38_r1000000: rdf-scan heartbeat — 41,564,540 triples · 6,509,566,880 bytes read
  Partitioned compression: HG005_GRCh38_r1000000: rdf-scan heartbeat — 41,975,206 triples · 6,576,675,908 bytes read
  Partitioned compression: HG005_GRCh38_r1000000: rdf-scan heartbeat — 42,385,904 triples · 6,643,784,785 bytes read
  Partitioned compression: HG005_GRCh38_r1000000: rdf-scan heartbeat — 42,796,579 triples · 6,710,893,768 bytes read
  Partitioned compression: HG005_GRCh38_r1000000: rdf-scan heartbeat — 43,207,220 triples · 6,778,002,638 bytes read
  Partitioned compression: HG005_GRCh38_r1000000: rdf-scan heartbeat — 43,618,008 triples · 6,845,111,574 bytes read
  Partitioned compression: HG005_GRCh38_r1000000: rdf-scan heartbeat — 44,028,656 triples · 6,912,220,574 bytes read
  Partitioned compression: HG005_GRCh38_r1000000: rdf-scan chunk — 44,439,261 triples · 13 chunks · 6,979,322,837 bytes read
  Partitioned compression: HG005_GRCh38_r1000000: hdt-chunks started — 12 chunks · hdt-build-00012
  Partitioned compression: HG005_GRCh38_r1000000: hdt-chunks complete — 13 chunks · hdt-build-00012
  Partitioned compression: HG005_GRCh38_r1000000: rdf-scan heartbeat — 44,439,302 triples · 6,979,329,531 bytes read
  Partitioned compression: HG005_GRCh38_r1000000: rdf-scan heartbeat — 44,849,957 triples · 7,046,438,528 bytes read
  Partitioned compression: HG005_GRCh38_r1000000: rdf-scan heartbeat — 45,260,589 triples · 7,113,547,410 bytes read
  Partitioned compression: HG005_GRCh38_r1000000: rdf-scan heartbeat — 45,671,215 triples · 7,180,656,350 bytes read
  Partitioned compression: HG005_GRCh38_r1000000: rdf-scan heartbeat — 46,081,855 triples · 7,247,765,345 bytes read
  Partitioned compression: HG005_GRCh38_r1000000: rdf-scan heartbeat — 46,492,496 triples · 7,314,874,306 bytes read
  Partitioned compression: HG005_GRCh38_r1000000: rdf-scan heartbeat — 46,903,149 triples · 7,381,983,238 bytes read
  Partitioned compression: HG005_GRCh38_r1000000: rdf-scan heartbeat — 47,313,786 triples · 7,449,092,184 bytes read
  Partitioned compression: HG005_GRCh38_r1000000: rdf-scan chunk — 47,724,400 triples · 14 chunks · 7,516,193,897 bytes read
  Partitioned compression: HG005_GRCh38_r1000000: hdt-chunks started — 13 chunks · hdt-build-00013
  Partitioned compression: HG005_GRCh38_r1000000: hdt-chunks complete — 14 chunks · hdt-build-00013
  Partitioned compression: HG005_GRCh38_r1000000: rdf-scan heartbeat — 47,724,445 triples · 7,516,201,165 bytes read
  Partitioned compression: HG005_GRCh38_r1000000: rdf-scan heartbeat — 48,135,111 triples · 7,583,310,133 bytes read
  Partitioned compression: HG005_GRCh38_r1000000: rdf-scan heartbeat — 48,545,756 triples · 7,650,419,148 bytes read
  Partitioned compression: HG005_GRCh38_r1000000: rdf-scan heartbeat — 48,956,398 triples · 7,717,528,079 bytes read
  Partitioned compression: HG005_GRCh38_r1000000: rdf-scan heartbeat — 49,367,057 triples · 7,784,636,981 bytes read
  Partitioned compression: HG005_GRCh38_r1000000: rdf-scan heartbeat — 49,777,727 triples · 7,851,746,002 bytes read
  Partitioned compression: HG005_GRCh38_r1000000: rdf-scan heartbeat — 50,188,370 triples · 7,918,855,038 bytes read
  Partitioned compression: HG005_GRCh38_r1000000: rdf-scan heartbeat — 50,598,997 triples · 7,985,963,908 bytes read
  Partitioned compression: HG005_GRCh38_r1000000: rdf-scan chunk — 51,009,603 triples · 15 chunks · 8,053,064,825 bytes read
  Partitioned compression: HG005_GRCh38_r1000000: hdt-chunks started — 14 chunks · hdt-build-00014
  Partitioned compression: HG005_GRCh38_r1000000: hdt-chunks complete — 15 chunks · hdt-build-00014
  Partitioned compression: HG005_GRCh38_r1000000: rdf-scan heartbeat — 51,009,652 triples · 8,053,072,938 bytes read
  Partitioned compression: HG005_GRCh38_r1000000: rdf-scan heartbeat — 51,420,313 triples · 8,120,181,862 bytes read
  Partitioned compression: HG005_GRCh38_r1000000: rdf-scan heartbeat — 51,830,992 triples · 8,187,290,887 bytes read
  Partitioned compression: HG005_GRCh38_r1000000: rdf-scan heartbeat — 52,241,660 triples · 8,254,399,871 bytes read
  Partitioned compression: HG005_GRCh38_r1000000: rdf-scan heartbeat — 52,652,296 triples · 8,321,508,852 bytes read
  Partitioned compression: HG005_GRCh38_r1000000: rdf-scan heartbeat — 53,062,989 triples · 8,388,617,754 bytes read
  Partitioned compression: HG005_GRCh38_r1000000: rdf-scan heartbeat — 53,473,635 triples · 8,455,726,651 bytes read
  Partitioned compression: HG005_GRCh38_r1000000: rdf-scan heartbeat — 53,884,315 triples · 8,522,835,530 bytes read
  Partitioned compression: HG005_GRCh38_r1000000: rdf-scan chunk — 54,294,935 triples · 16 chunks · 8,589,935,874 bytes read
  Partitioned compression: HG005_GRCh38_r1000000: hdt-chunks started — 15 chunks · hdt-build-00015
  Partitioned compression: HG005_GRCh38_r1000000: hdt-chunks complete — 16 chunks · hdt-build-00015
  Partitioned compression: HG005_GRCh38_r1000000: rdf-scan heartbeat — 54,294,988 triples · 8,589,944,488 bytes read
  Partitioned compression: HG005_GRCh38_r1000000: rdf-scan heartbeat — 54,705,716 triples · 8,657,053,393 bytes read
  Partitioned compression: HG005_GRCh38_r1000000: rdf-scan heartbeat — 55,116,439 triples · 8,724,162,355 bytes read
  Partitioned compression: HG005_GRCh38_r1000000: rdf-scan heartbeat — 55,527,150 triples · 8,791,271,234 bytes read
  Partitioned compression: HG005_GRCh38_r1000000: rdf-scan heartbeat — 55,937,851 triples · 8,858,380,125 bytes read
  Partitioned compression: HG005_GRCh38_r1000000: rdf-scan heartbeat — 56,348,542 triples · 8,925,489,084 bytes read
  Partitioned compression: HG005_GRCh38_r1000000: rdf-scan heartbeat — 56,759,189 triples · 8,992,598,074 bytes read
  Partitioned compression: HG005_GRCh38_r1000000: rdf-scan heartbeat — 57,169,866 triples · 9,059,707,015 bytes read
  Partitioned compression: HG005_GRCh38_r1000000: rdf-scan chunk — 57,580,506 triples · 17 chunks · 9,126,806,830 bytes read
  Partitioned compression: HG005_GRCh38_r1000000: hdt-chunks started — 16 chunks · hdt-build-00016
  Partitioned compression: HG005_GRCh38_r1000000: hdt-chunks complete — 17 chunks · hdt-build-00016
  Partitioned compression: HG005_GRCh38_r1000000: rdf-scan heartbeat — 57,580,562 triples · 9,126,815,971 bytes read
  Partitioned compression: HG005_GRCh38_r1000000: rdf-scan heartbeat — 57,991,249 triples · 9,193,925,012 bytes read
  Partitioned compression: HG005_GRCh38_r1000000: rdf-scan heartbeat — 58,401,897 triples · 9,261,033,891 bytes read
  Partitioned compression: HG005_GRCh38_r1000000: rdf-scan heartbeat — 58,812,565 triples · 9,328,142,805 bytes read
  Partitioned compression: HG005_GRCh38_r1000000: rdf-scan heartbeat — 59,223,248 triples · 9,395,251,779 bytes read
  Partitioned compression: HG005_GRCh38_r1000000: rdf-scan heartbeat — 59,633,873 triples · 9,462,360,712 bytes read
  Partitioned compression: HG005_GRCh38_r1000000: rdf-scan heartbeat — 60,044,507 triples · 9,529,469,599 bytes read
  Partitioned compression: HG005_GRCh38_r1000000: rdf-scan heartbeat — 60,455,163 triples · 9,596,578,624 bytes read
  Partitioned compression: HG005_GRCh38_r1000000: rdf-scan chunk — 60,865,805 triples · 18 chunks · 9,663,677,870 bytes read
  Partitioned compression: HG005_GRCh38_r1000000: hdt-chunks started — 17 chunks · hdt-build-00017
  Partitioned compression: HG005_GRCh38_r1000000: hdt-chunks complete — 18 chunks · hdt-build-00017
  Partitioned compression: HG005_GRCh38_r1000000: rdf-scan heartbeat — 60,865,864 triples · 9,663,687,494 bytes read
  Partitioned compression: HG005_GRCh38_r1000000: rdf-scan heartbeat — 61,276,544 triples · 9,730,796,502 bytes read
  Partitioned compression: HG005_GRCh38_r1000000: rdf-scan heartbeat — 61,687,193 triples · 9,797,905,427 bytes read
  Partitioned compression: HG005_GRCh38_r1000000: rdf-scan heartbeat — 62,097,865 triples · 9,865,014,314 bytes read
  Partitioned compression: HG005_GRCh38_r1000000: rdf-scan heartbeat — 62,508,544 triples · 9,932,123,243 bytes read
  Partitioned compression: HG005_GRCh38_r1000000: rdf-scan heartbeat — 62,919,176 triples · 9,999,232,238 bytes read
  Partitioned compression: HG005_GRCh38_r1000000: rdf-scan heartbeat — 63,329,835 triples · 10,066,341,189 bytes read
  Partitioned compression: HG005_GRCh38_r1000000: rdf-scan heartbeat — 63,740,488 triples · 10,133,450,132 bytes read
  Partitioned compression: HG005_GRCh38_r1000000: rdf-scan chunk — 64,151,164 triples · 19 chunks · 10,200,548,833 bytes read
  Partitioned compression: HG005_GRCh38_r1000000: hdt-chunks started — 18 chunks · hdt-build-00018
  Partitioned compression: HG005_GRCh38_r1000000: hdt-chunks complete — 19 chunks · hdt-build-00018
  Partitioned compression: HG005_GRCh38_r1000000: rdf-scan heartbeat — 64,151,226 triples · 10,200,559,012 bytes read
  Partitioned compression: HG005_GRCh38_r1000000: rdf-scan heartbeat — 64,561,924 triples · 10,267,667,899 bytes read
  Partitioned compression: HG005_GRCh38_r1000000: rdf-scan heartbeat — 64,972,619 triples · 10,334,776,848 bytes read
  Partitioned compression: HG005_GRCh38_r1000000: rdf-scan heartbeat — 65,383,300 triples · 10,401,885,829 bytes read
  Partitioned compression: HG005_GRCh38_r1000000: rdf-scan heartbeat — 65,793,952 triples · 10,468,994,754 bytes read
  Partitioned compression: HG005_GRCh38_r1000000: rdf-scan heartbeat — 66,204,595 triples · 10,536,103,656 bytes read
  Partitioned compression: HG005_GRCh38_r1000000: rdf-scan heartbeat — 66,615,229 triples · 10,603,212,681 bytes read
  Partitioned compression: HG005_GRCh38_r1000000: rdf-scan heartbeat — 67,025,917 triples · 10,670,321,715 bytes read
  Partitioned compression: HG005_GRCh38_r1000000: rdf-scan chunk — 67,436,517 triples · 20 chunks · 10,737,419,804 bytes read
  Partitioned compression: HG005_GRCh38_r1000000: hdt-chunks started — 19 chunks · hdt-build-00019
  Partitioned compression: HG005_GRCh38_r1000000: hdt-chunks complete — 20 chunks · hdt-build-00019
  Partitioned compression: HG005_GRCh38_r1000000: rdf-scan heartbeat — 67,436,583 triples · 10,737,430,604 bytes read
  Partitioned compression: HG005_GRCh38_r1000000: rdf-scan heartbeat — 67,847,237 triples · 10,804,539,580 bytes read
  Partitioned compression: HG005_GRCh38_r1000000: rdf-scan heartbeat — 68,257,927 triples · 10,871,648,495 bytes read
  Partitioned compression: HG005_GRCh38_r1000000: rdf-scan heartbeat — 68,668,594 triples · 10,938,757,497 bytes read
  Partitioned compression: HG005_GRCh38_r1000000: rdf-scan heartbeat — 69,079,227 triples · 11,005,866,525 bytes read
  Partitioned compression: HG005_GRCh38_r1000000: rdf-scan heartbeat — 69,489,864 triples · 11,072,975,545 bytes read
  Partitioned compression: HG005_GRCh38_r1000000: rdf-scan heartbeat — 69,900,483 triples · 11,140,084,464 bytes read
  Partitioned compression: HG005_GRCh38_r1000000: rdf-scan heartbeat — 70,311,121 triples · 11,207,193,386 bytes read
  Partitioned compression: HG005_GRCh38_r1000000: rdf-scan chunk — 70,721,755 triples · 21 chunks · 11,274,290,745 bytes read
  Partitioned compression: HG005_GRCh38_r1000000: hdt-chunks started — 20 chunks · hdt-build-00020
  Partitioned compression: HG005_GRCh38_r1000000: hdt-chunks complete — 21 chunks · hdt-build-00020
  Partitioned compression: HG005_GRCh38_r1000000: rdf-scan heartbeat — 70,721,826 triples · 11,274,302,350 bytes read
  Partitioned compression: HG005_GRCh38_r1000000: rdf-scan heartbeat — 71,132,448 triples · 11,341,411,330 bytes read
  Partitioned compression: HG005_GRCh38_r1000000: rdf-scan heartbeat — 71,543,133 triples · 11,408,520,235 bytes read
  Partitioned compression: HG005_GRCh38_r1000000: rdf-scan heartbeat — 71,953,798 triples · 11,475,629,238 bytes read
  Partitioned compression: HG005_GRCh38_r1000000: rdf-scan heartbeat — 72,364,482 triples · 11,542,738,102 bytes read
  Partitioned compression: HG005_GRCh38_r1000000: rdf-scan heartbeat — 72,775,155 triples · 11,609,847,136 bytes read
  Partitioned compression: HG005_GRCh38_r1000000: rdf-scan heartbeat — 73,185,867 triples · 11,676,956,141 bytes read
  Partitioned compression: HG005_GRCh38_r1000000: rdf-scan heartbeat — 73,596,556 triples · 11,744,065,109 bytes read
  Partitioned compression: HG005_GRCh38_r1000000: rdf-scan chunk — 74,007,182 triples · 22 chunks · 11,811,161,811 bytes read
  Partitioned compression: HG005_GRCh38_r1000000: hdt-chunks started — 21 chunks · hdt-build-00021
  Partitioned compression: HG005_GRCh38_r1000000: hdt-chunks complete — 22 chunks · hdt-build-00021
  Partitioned compression: HG005_GRCh38_r1000000: rdf-scan heartbeat — 74,007,257 triples · 11,811,174,069 bytes read
  Partitioned compression: HG005_GRCh38_r1000000: rdf-scan heartbeat — 74,418,025 triples · 11,878,283,027 bytes read
  Partitioned compression: HG005_GRCh38_r1000000: rdf-scan heartbeat — 74,828,770 triples · 11,945,391,958 bytes read
  Partitioned compression: HG005_GRCh38_r1000000: rdf-scan heartbeat — 75,239,514 triples · 12,012,500,845 bytes read
  Partitioned compression: HG005_GRCh38_r1000000: rdf-scan heartbeat — 75,650,208 triples · 12,079,609,783 bytes read
  Partitioned compression: HG005_GRCh38_r1000000: rdf-scan heartbeat — 76,060,865 triples · 12,146,718,719 bytes read
  Partitioned compression: HG005_GRCh38_r1000000: rdf-scan heartbeat — 76,471,558 triples · 12,213,827,627 bytes read
  Partitioned compression: HG005_GRCh38_r1000000: rdf-scan heartbeat — 76,882,237 triples · 12,280,936,598 bytes read
  Partitioned compression: HG005_GRCh38_r1000000: rdf-scan chunk — 77,292,845 triples · 23 chunks · 12,348,032,859 bytes read
  Partitioned compression: HG005_GRCh38_r1000000: hdt-chunks started — 22 chunks · hdt-build-00022
  Partitioned compression: HG005_GRCh38_r1000000: hdt-chunks complete — 23 chunks · hdt-build-00022
  Partitioned compression: HG005_GRCh38_r1000000: rdf-scan heartbeat — 77,292,923 triples · 12,348,045,621 bytes read
  Partitioned compression: HG005_GRCh38_r1000000: rdf-scan heartbeat — 77,703,596 triples · 12,415,154,521 bytes read
  Partitioned compression: HG005_GRCh38_r1000000: rdf-scan heartbeat — 78,114,268 triples · 12,482,263,475 bytes read
  Partitioned compression: HG005_GRCh38_r1000000: rdf-scan heartbeat — 78,524,938 triples · 12,549,372,495 bytes read
  Partitioned compression: HG005_GRCh38_r1000000: rdf-scan heartbeat — 78,935,600 triples · 12,616,481,537 bytes read
  Partitioned compression: HG005_GRCh38_r1000000: rdf-scan heartbeat — 79,346,265 triples · 12,683,590,428 bytes read
  Partitioned compression: HG005_GRCh38_r1000000: rdf-scan heartbeat — 79,756,927 triples · 12,750,699,379 bytes read
  Partitioned compression: HG005_GRCh38_r1000000: rdf-scan heartbeat — 80,169,042 triples · 12,817,808,395 bytes read
  Partitioned compression: HG005_GRCh38_r1000000: rdf-scan chunk — 80,582,620 triples · 24 chunks · 12,884,903,803 bytes read
  Partitioned compression: HG005_GRCh38_r1000000: hdt-chunks started — 23 chunks · hdt-build-00023
  Partitioned compression: HG005_GRCh38_r1000000: hdt-chunks complete — 24 chunks · hdt-build-00023
  Partitioned compression: HG005_GRCh38_r1000000: rdf-scan heartbeat — 80,582,703 triples · 12,884,917,384 bytes read
  Partitioned compression: HG005_GRCh38_r1000000: rdf-scan heartbeat — 80,995,455 triples · 12,952,026,249 bytes read
  Partitioned compression: HG005_GRCh38_r1000000: rdf-scan heartbeat — 81,405,487 triples · 13,019,135,192 bytes read
  Partitioned compression: HG005_GRCh38_r1000000: rdf-scan heartbeat — 81,815,611 triples · 13,086,244,099 bytes read
  Partitioned compression: HG005_GRCh38_r1000000: rdf-scan heartbeat — 82,225,696 triples · 13,153,353,090 bytes read
  Partitioned compression: HG005_GRCh38_r1000000: rdf-scan heartbeat — 82,635,296 triples · 13,220,462,058 bytes read
  Partitioned compression: HG005_GRCh38_r1000000: rdf-scan heartbeat — 83,045,452 triples · 13,287,571,049 bytes read
  Partitioned compression: HG005_GRCh38_r1000000: rdf-scan heartbeat — 83,455,483 triples · 13,354,680,049 bytes read
  Partitioned compression: HG005_GRCh38_r1000000: rdf-scan chunk — 83,865,216 triples · 25 chunks · 13,421,774,832 bytes read
  Partitioned compression: HG005_GRCh38_r1000000: hdt-chunks started — 24 chunks · hdt-build-00024
  Partitioned compression: HG005_GRCh38_r1000000: hdt-chunks complete — 25 chunks · hdt-build-00024
  Partitioned compression: HG005_GRCh38_r1000000: rdf-scan heartbeat — 83,865,302 triples · 13,421,788,996 bytes read
  Partitioned compression: HG005_GRCh38_r1000000: rdf-scan heartbeat — 84,275,115 triples · 13,488,897,969 bytes read
  Partitioned compression: HG005_GRCh38_r1000000: rdf-scan heartbeat — 84,684,921 triples · 13,556,006,996 bytes read
  Partitioned compression: HG005_GRCh38_r1000000: rdf-scan heartbeat — 85,094,818 triples · 13,623,116,064 bytes read
  Partitioned compression: HG005_GRCh38_r1000000: rdf-scan heartbeat — 85,504,690 triples · 13,690,224,982 bytes read
  Partitioned compression: HG005_GRCh38_r1000000: rdf-scan heartbeat — 85,914,627 triples · 13,757,333,982 bytes read
  Partitioned compression: HG005_GRCh38_r1000000: rdf-scan heartbeat — 86,324,456 triples · 13,824,442,900 bytes read
  Partitioned compression: HG005_GRCh38_r1000000: rdf-scan heartbeat — 86,733,833 triples · 13,891,551,804 bytes read
  Partitioned compression: HG005_GRCh38_r1000000: rdf-scan chunk — 87,143,403 triples · 26 chunks · 13,958,645,770 bytes read
  Partitioned compression: HG005_GRCh38_r1000000: hdt-chunks started — 25 chunks · hdt-build-00025
  Partitioned compression: HG005_GRCh38_r1000000: hdt-chunks complete — 26 chunks · hdt-build-00025
  Partitioned compression: HG005_GRCh38_r1000000: rdf-scan heartbeat — 87,143,495 triples · 13,958,660,729 bytes read
  Partitioned compression: HG005_GRCh38_r1000000: rdf-scan heartbeat — 87,553,221 triples · 14,025,769,598 bytes read
  Partitioned compression: HG005_GRCh38_r1000000: rdf-scan heartbeat — 87,962,867 triples · 14,092,878,526 bytes read
  Partitioned compression: HG005_GRCh38_r1000000: rdf-scan heartbeat — 88,372,599 triples · 14,159,987,472 bytes read
  Partitioned compression: HG005_GRCh38_r1000000: rdf-scan heartbeat — 88,782,326 triples · 14,227,096,484 bytes read
  Partitioned compression: HG005_GRCh38_r1000000: rdf-scan heartbeat — 89,191,990 triples · 14,294,205,357 bytes read
  Partitioned compression: HG005_GRCh38_r1000000: rdf-scan heartbeat — 89,598,693 triples · 14,361,314,337 bytes read
  Partitioned compression: HG005_GRCh38_r1000000: rdf-scan heartbeat — 90,005,471 triples · 14,428,423,273 bytes read
  Partitioned compression: HG005_GRCh38_r1000000: rdf-scan chunk — 90,412,081 triples · 27 chunks · 14,495,516,825 bytes read
  Partitioned compression: HG005_GRCh38_r1000000: hdt-chunks started — 26 chunks · hdt-build-00026
  Partitioned compression: HG005_GRCh38_r1000000: hdt-chunks complete — 27 chunks · hdt-build-00026
  Partitioned compression: HG005_GRCh38_r1000000: rdf-scan heartbeat — 90,412,175 triples · 14,495,532,273 bytes read
  Partitioned compression: HG005_GRCh38_r1000000: rdf-scan heartbeat — 90,818,926 triples · 14,562,641,290 bytes read
  Partitioned compression: HG005_GRCh38_r1000000: rdf-scan heartbeat — 91,225,757 triples · 14,629,750,293 bytes read
  Partitioned compression: HG005_GRCh38_r1000000: rdf-scan heartbeat — 91,632,485 triples · 14,696,859,236 bytes read
  Partitioned compression: HG005_GRCh38_r1000000: rdf-scan heartbeat — 92,039,247 triples · 14,763,968,144 bytes read
  Partitioned compression: HG005_GRCh38_r1000000: rdf-scan heartbeat — 92,445,932 triples · 14,831,077,256 bytes read
  Partitioned compression: HG005_GRCh38_r1000000: rdf-scan heartbeat — 92,852,811 triples · 14,898,186,135 bytes read
  Partitioned compression: HG005_GRCh38_r1000000: rdf-scan heartbeat — 93,259,472 triples · 14,965,295,445 bytes read
  Partitioned compression: HG005_GRCh38_r1000000: rdf-scan chunk — 93,666,020 triples · 28 chunks · 15,032,387,772 bytes read
  Partitioned compression: HG005_GRCh38_r1000000: hdt-chunks started — 27 chunks · hdt-build-00027
  Partitioned compression: HG005_GRCh38_r1000000: hdt-chunks complete — 28 chunks · hdt-build-00027
  Partitioned compression: HG005_GRCh38_r1000000: rdf-scan heartbeat — 93,666,120 triples · 15,032,404,446 bytes read
  Partitioned compression: HG005_GRCh38_r1000000: rdf-scan heartbeat — 94,072,978 triples · 15,099,513,347 bytes read
  Partitioned compression: HG005_GRCh38_r1000000: rdf-scan heartbeat — 94,479,737 triples · 15,166,622,312 bytes read
  Partitioned compression: HG005_GRCh38_r1000000: rdf-scan heartbeat — 94,887,607 triples · 15,233,731,196 bytes read
  Partitioned compression: HG005_GRCh38_r1000000: rdf-scan heartbeat — 95,295,689 triples · 15,300,840,113 bytes read
  Partitioned compression: HG005_GRCh38_r1000000: rdf-scan heartbeat — 95,702,567 triples · 15,367,949,065 bytes read
  Partitioned compression: HG005_GRCh38_r1000000: rdf-scan heartbeat — 96,109,659 triples · 15,435,058,014 bytes read
  Partitioned compression: HG005_GRCh38_r1000000: rdf-scan heartbeat — 96,516,486 triples · 15,502,166,941 bytes read
  Partitioned compression: HG005_GRCh38_r1000000: rdf-scan chunk — 96,923,162 triples · 29 chunks · 15,569,258,832 bytes read
  Partitioned compression: HG005_GRCh38_r1000000: hdt-chunks started — 28 chunks · hdt-build-00028
  Partitioned compression: HG005_GRCh38_r1000000: hdt-chunks complete — 29 chunks · hdt-build-00028
  Partitioned compression: HG005_GRCh38_r1000000: rdf-scan heartbeat — 96,923,263 triples · 15,569,275,911 bytes read
  Partitioned compression: HG005_GRCh38_r1000000: rdf-scan heartbeat — 97,329,982 triples · 15,636,384,895 bytes read
  Partitioned compression: HG005_GRCh38_r1000000: rdf-scan heartbeat — 97,736,701 triples · 15,703,493,913 bytes read
  Partitioned compression: HG005_GRCh38_r1000000: rdf-scan heartbeat — 98,143,415 triples · 15,770,602,807 bytes read
  Partitioned compression: HG005_GRCh38_r1000000: rdf-scan heartbeat — 98,550,315 triples · 15,837,711,823 bytes read
  Partitioned compression: HG005_GRCh38_r1000000: rdf-scan heartbeat — 98,957,190 triples · 15,904,820,823 bytes read
  Partitioned compression: HG005_GRCh38_r1000000: rdf-scan heartbeat — 99,363,732 triples · 15,971,929,833 bytes read
  Partitioned compression: HG005_GRCh38_r1000000: rdf-scan heartbeat — 99,770,528 triples · 16,039,038,794 bytes read
  Partitioned compression: HG005_GRCh38_r1000000: rdf-scan chunk — 100,177,197 triples · 30 chunks · 16,106,129,780 bytes read
  Partitioned compression: HG005_GRCh38_r1000000: hdt-chunks started — 29 chunks · hdt-build-00029
  Partitioned compression: HG005_GRCh38_r1000000: hdt-chunks complete — 30 chunks · hdt-build-00029
  Partitioned compression: HG005_GRCh38_r1000000: rdf-scan heartbeat — 100,177,306 triples · 16,106,147,729 bytes read
  Partitioned compression: HG005_GRCh38_r1000000: rdf-scan heartbeat — 100,583,995 triples · 16,173,256,662 bytes read
  Partitioned compression: HG005_GRCh38_r1000000: rdf-scan heartbeat — 100,990,789 triples · 16,240,365,557 bytes read
  Partitioned compression: HG005_GRCh38_r1000000: rdf-scan heartbeat — 101,397,631 triples · 16,307,474,501 bytes read
  Partitioned compression: HG005_GRCh38_r1000000: rdf-scan heartbeat — 101,804,453 triples · 16,374,583,464 bytes read
  Partitioned compression: HG005_GRCh38_r1000000: rdf-scan heartbeat — 102,211,368 triples · 16,441,692,362 bytes read
  Partitioned compression: HG005_GRCh38_r1000000: rdf-scan heartbeat — 102,618,172 triples · 16,508,801,279 bytes read
  Partitioned compression: HG005_GRCh38_r1000000: rdf-scan heartbeat — 103,024,875 triples · 16,575,910,246 bytes read
  Partitioned compression: HG005_GRCh38_r1000000: rdf-scan chunk — 103,431,447 triples · 31 chunks · 16,643,000,744 bytes read
  Partitioned compression: HG005_GRCh38_r1000000: hdt-chunks started — 30 chunks · hdt-build-00030
  Partitioned compression: HG005_GRCh38_r1000000: hdt-chunks complete — 31 chunks · hdt-build-00030
  Partitioned compression: HG005_GRCh38_r1000000: rdf-scan heartbeat — 103,431,558 triples · 16,643,019,156 bytes read
  Partitioned compression: HG005_GRCh38_r1000000: rdf-scan heartbeat — 103,838,176 triples · 16,710,128,078 bytes read
  Partitioned compression: HG005_GRCh38_r1000000: rdf-scan heartbeat — 104,244,793 triples · 16,777,236,997 bytes read
  Partitioned compression: HG005_GRCh38_r1000000: rdf-scan heartbeat — 104,651,403 triples · 16,844,346,474 bytes read
  Partitioned compression: HG005_GRCh38_r1000000: rdf-scan heartbeat — 105,058,370 triples · 16,911,455,549 bytes read
  Partitioned compression: HG005_GRCh38_r1000000: rdf-scan heartbeat — 105,465,240 triples · 16,978,564,543 bytes read
  Partitioned compression: HG005_GRCh38_r1000000: rdf-scan heartbeat — 105,871,902 triples · 17,045,673,427 bytes read
  Partitioned compression: HG005_GRCh38_r1000000: rdf-scan heartbeat — 106,278,605 triples · 17,112,782,325 bytes read
  Partitioned compression: HG005_GRCh38_r1000000: rdf-scan chunk — 106,685,157 triples · 32 chunks · 17,179,871,769 bytes read
  Partitioned compression: HG005_GRCh38_r1000000: hdt-chunks started — 31 chunks · hdt-build-00031
  Partitioned compression: HG005_GRCh38_r1000000: hdt-chunks complete — 32 chunks · hdt-build-00031
  Partitioned compression: HG005_GRCh38_r1000000: rdf-scan heartbeat — 106,685,275 triples · 17,179,891,211 bytes read
  Partitioned compression: HG005_GRCh38_r1000000: rdf-scan heartbeat — 107,091,962 triples · 17,247,000,195 bytes read
  Partitioned compression: HG005_GRCh38_r1000000: rdf-scan heartbeat — 107,499,096 triples · 17,314,109,106 bytes read
  Partitioned compression: HG005_GRCh38_r1000000: rdf-scan heartbeat — 107,905,787 triples · 17,381,218,077 bytes read
  Partitioned compression: HG005_GRCh38_r1000000: rdf-scan heartbeat — 108,312,939 triples · 17,448,327,031 bytes read
  Partitioned compression: HG005_GRCh38_r1000000: rdf-scan heartbeat — 108,720,041 triples · 17,515,435,970 bytes read
  Partitioned compression: HG005_GRCh38_r1000000: rdf-scan heartbeat — 109,126,822 triples · 17,582,544,845 bytes read
  Partitioned compression: HG005_GRCh38_r1000000: rdf-scan heartbeat — 109,533,378 triples · 17,649,653,800 bytes read
  Partitioned compression: HG005_GRCh38_r1000000: rdf-scan chunk — 109,939,889 triples · 33 chunks · 17,716,742,782 bytes read
  Partitioned compression: HG005_GRCh38_r1000000: hdt-chunks started — 32 chunks · hdt-build-00032
  Partitioned compression: HG005_GRCh38_r1000000: hdt-chunks complete — 33 chunks · hdt-build-00032
  Partitioned compression: HG005_GRCh38_r1000000: rdf-scan heartbeat — 109,940,008 triples · 17,716,762,674 bytes read
  Partitioned compression: HG005_GRCh38_r1000000: rdf-scan heartbeat — 110,346,660 triples · 17,783,871,703 bytes read
  Partitioned compression: HG005_GRCh38_r1000000: rdf-scan heartbeat — 110,753,343 triples · 17,850,980,911 bytes read
  Partitioned compression: HG005_GRCh38_r1000000: rdf-scan heartbeat — 111,159,851 triples · 17,918,089,876 bytes read
  Partitioned compression: HG005_GRCh38_r1000000: rdf-scan heartbeat — 111,566,390 triples · 17,985,198,929 bytes read
  Partitioned compression: HG005_GRCh38_r1000000: rdf-scan heartbeat — 111,973,331 triples · 18,052,307,807 bytes read
  Partitioned compression: HG005_GRCh38_r1000000: rdf-scan heartbeat — 112,379,894 triples · 18,119,416,767 bytes read
  Partitioned compression: HG005_GRCh38_r1000000: rdf-scan heartbeat — 112,786,661 triples · 18,186,525,632 bytes read
  Partitioned compression: HG005_GRCh38_r1000000: rdf-scan chunk — 113,193,212 triples · 34 chunks · 18,253,613,827 bytes read
  Partitioned compression: HG005_GRCh38_r1000000: hdt-chunks started — 33 chunks · hdt-build-00033
  Partitioned compression: HG005_GRCh38_r1000000: hdt-chunks complete — 34 chunks · hdt-build-00033
  Partitioned compression: HG005_GRCh38_r1000000: rdf-scan heartbeat — 113,193,340 triples · 18,253,634,654 bytes read
  Partitioned compression: HG005_GRCh38_r1000000: rdf-scan heartbeat — 113,599,871 triples · 18,320,743,614 bytes read
  Partitioned compression: HG005_GRCh38_r1000000: rdf-scan heartbeat — 114,006,529 triples · 18,387,852,521 bytes read
  Partitioned compression: HG005_GRCh38_r1000000: rdf-scan heartbeat — 114,413,254 triples · 18,454,961,510 bytes read
  Partitioned compression: HG005_GRCh38_r1000000: rdf-scan heartbeat — 114,819,713 triples · 18,522,070,535 bytes read
  Partitioned compression: HG005_GRCh38_r1000000: rdf-scan heartbeat — 115,226,320 triples · 18,589,179,541 bytes read
  Partitioned compression: HG005_GRCh38_r1000000: rdf-scan heartbeat — 115,632,880 triples · 18,656,288,461 bytes read
  Partitioned compression: HG005_GRCh38_r1000000: rdf-scan heartbeat — 116,039,464 triples · 18,723,397,432 bytes read
  Partitioned compression: HG005_GRCh38_r1000000: rdf-scan chunk — 116,446,069 triples · 35 chunks · 18,790,484,812 bytes read
  Partitioned compression: HG005_GRCh38_r1000000: hdt-chunks started — 34 chunks · hdt-build-00034
  Partitioned compression: HG005_GRCh38_r1000000: hdt-chunks complete — 35 chunks · hdt-build-00034
  Partitioned compression: HG005_GRCh38_r1000000: rdf-scan heartbeat — 116,446,199 triples · 18,790,506,304 bytes read
  Partitioned compression: HG005_GRCh38_r1000000: rdf-scan heartbeat — 116,852,999 triples · 18,857,615,271 bytes read
  Partitioned compression: HG005_GRCh38_r1000000: rdf-scan heartbeat — 117,259,783 triples · 18,924,724,187 bytes read
  Partitioned compression: HG005_GRCh38_r1000000: rdf-scan heartbeat — 117,666,309 triples · 18,991,833,140 bytes read
  Partitioned compression: HG005_GRCh38_r1000000: rdf-scan heartbeat — 118,073,334 triples · 19,058,942,150 bytes read
  Partitioned compression: HG005_GRCh38_r1000000: rdf-scan heartbeat — 118,480,027 triples · 19,126,051,048 bytes read
  Partitioned compression: HG005_GRCh38_r1000000: rdf-scan heartbeat — 118,886,873 triples · 19,193,160,020 bytes read
  Partitioned compression: HG005_GRCh38_r1000000: rdf-scan heartbeat — 119,293,541 triples · 19,260,269,003 bytes read
  Partitioned compression: HG005_GRCh38_r1000000: rdf-scan chunk — 119,700,312 triples · 36 chunks · 19,327,355,751 bytes read
  Partitioned compression: HG005_GRCh38_r1000000: hdt-chunks started — 35 chunks · hdt-build-00035
  Partitioned compression: HG005_GRCh38_r1000000: hdt-chunks complete — 36 chunks · hdt-build-00035
  Partitioned compression: HG005_GRCh38_r1000000: rdf-scan heartbeat — 119,700,446 triples · 19,327,377,902 bytes read
  Partitioned compression: HG005_GRCh38_r1000000: rdf-scan heartbeat — 120,107,324 triples · 19,394,486,801 bytes read
  Partitioned compression: HG005_GRCh38_r1000000: rdf-scan heartbeat — 120,513,895 triples · 19,461,595,730 bytes read
  Partitioned compression: HG005_GRCh38_r1000000: rdf-scan heartbeat — 120,920,516 triples · 19,528,704,670 bytes read
  Partitioned compression: HG005_GRCh38_r1000000: rdf-scan heartbeat — 121,327,283 triples · 19,595,813,557 bytes read
  Partitioned compression: HG005_GRCh38_r1000000: rdf-scan heartbeat — 121,734,153 triples · 19,662,922,521 bytes read
  Partitioned compression: HG005_GRCh38_r1000000: rdf-scan heartbeat — 122,140,994 triples · 19,730,031,460 bytes read
  Partitioned compression: HG005_GRCh38_r1000000: rdf-scan heartbeat — 122,547,763 triples · 19,797,140,396 bytes read
  Partitioned compression: HG005_GRCh38_r1000000: rdf-scan chunk — 122,954,362 triples · 37 chunks · 19,864,226,738 bytes read
  Partitioned compression: HG005_GRCh38_r1000000: hdt-chunks started — 36 chunks · hdt-build-00036
  Partitioned compression: HG005_GRCh38_r1000000: hdt-chunks complete — 37 chunks · hdt-build-00036
  Partitioned compression: HG005_GRCh38_r1000000: rdf-scan heartbeat — 122,954,498 triples · 19,864,249,322 bytes read
  Partitioned compression: HG005_GRCh38_r1000000: rdf-scan heartbeat — 123,361,178 triples · 19,931,358,263 bytes read
  Partitioned compression: HG005_GRCh38_r1000000: rdf-scan heartbeat — 123,767,942 triples · 19,998,467,201 bytes read
  Partitioned compression: HG005_GRCh38_r1000000: rdf-scan heartbeat — 124,174,791 triples · 20,065,576,158 bytes read
  Partitioned compression: HG005_GRCh38_r1000000: rdf-scan heartbeat — 124,582,898 triples · 20,132,685,160 bytes read
  Partitioned compression: HG005_GRCh38_r1000000: rdf-scan heartbeat — 124,989,444 triples · 20,199,794,186 bytes read
  Partitioned compression: HG005_GRCh38_r1000000: rdf-scan heartbeat — 125,396,163 triples · 20,266,903,139 bytes read
  Partitioned compression: HG005_GRCh38_r1000000: rdf-scan heartbeat — 125,802,792 triples · 20,334,012,026 bytes read
  Partitioned compression: HG005_GRCh38_r1000000: rdf-scan chunk — 126,209,465 triples · 38 chunks · 20,401,097,702 bytes read
  Partitioned compression: HG005_GRCh38_r1000000: hdt-chunks started — 37 chunks · hdt-build-00037
  Partitioned compression: HG005_GRCh38_r1000000: hdt-chunks complete — 38 chunks · hdt-build-00037
  Partitioned compression: HG005_GRCh38_r1000000: rdf-scan heartbeat — 126,209,605 triples · 20,401,120,948 bytes read
  Partitioned compression: HG005_GRCh38_r1000000: rdf-scan heartbeat — 126,616,330 triples · 20,468,229,813 bytes read
  Partitioned compression: HG005_GRCh38_r1000000: rdf-scan heartbeat — 127,022,911 triples · 20,535,338,688 bytes read
  Partitioned compression: HG005_GRCh38_r1000000: rdf-scan heartbeat — 127,429,706 triples · 20,602,447,618 bytes read
  Partitioned compression: HG005_GRCh38_r1000000: rdf-scan heartbeat — 127,836,378 triples · 20,669,556,509 bytes read
  Partitioned compression: HG005_GRCh38_r1000000: rdf-scan heartbeat — 128,243,187 triples · 20,736,665,405 bytes read
  Partitioned compression: HG005_GRCh38_r1000000: rdf-scan heartbeat — 128,650,053 triples · 20,803,774,277 bytes read
  Partitioned compression: HG005_GRCh38_r1000000: rdf-scan heartbeat — 129,056,648 triples · 20,870,883,188 bytes read
  Partitioned compression: HG005_GRCh38_r1000000: rdf-scan chunk — 129,463,168 triples · 39 chunks · 20,937,968,629 bytes read
  Partitioned compression: HG005_GRCh38_r1000000: hdt-chunks started — 38 chunks · hdt-build-00038
  Partitioned compression: HG005_GRCh38_r1000000: hdt-chunks complete — 39 chunks · hdt-build-00038
  Partitioned compression: HG005_GRCh38_r1000000: rdf-scan heartbeat — 129,463,310 triples · 20,937,992,123 bytes read
  Partitioned compression: HG005_GRCh38_r1000000: rdf-scan heartbeat — 129,869,944 triples · 21,005,101,136 bytes read
  Partitioned compression: HG005_GRCh38_r1000000: rdf-scan heartbeat — 130,276,524 triples · 21,072,210,055 bytes read
  Partitioned compression: HG005_GRCh38_r1000000: rdf-scan heartbeat — 130,683,135 triples · 21,139,318,938 bytes read
  Partitioned compression: HG005_GRCh38_r1000000: rdf-scan heartbeat — 131,089,881 triples · 21,206,427,960 bytes read
  Partitioned compression: HG005_GRCh38_r1000000: rdf-scan heartbeat — 131,496,737 triples · 21,273,536,914 bytes read
  Partitioned compression: HG005_GRCh38_r1000000: rdf-scan heartbeat — 131,903,402 triples · 21,340,645,975 bytes read
  Partitioned compression: HG005_GRCh38_r1000000: rdf-scan heartbeat — 132,310,294 triples · 21,407,754,944 bytes read
  Partitioned compression: HG005_GRCh38_r1000000: rdf-scan chunk — 132,716,928 triples · 40 chunks · 21,474,839,569 bytes read
  Partitioned compression: HG005_GRCh38_r1000000: hdt-chunks started — 39 chunks · hdt-build-00039
  Partitioned compression: HG005_GRCh38_r1000000: hdt-chunks complete — 40 chunks · hdt-build-00039
  Partitioned compression: HG005_GRCh38_r1000000: rdf-scan heartbeat — 132,717,076 triples · 21,474,863,814 bytes read
  Partitioned compression: HG005_GRCh38_r1000000: rdf-scan heartbeat — 133,123,809 triples · 21,541,972,737 bytes read
  Partitioned compression: HG005_GRCh38_r1000000: rdf-scan heartbeat — 133,530,467 triples · 21,609,081,690 bytes read
  Partitioned compression: HG005_GRCh38_r1000000: rdf-scan heartbeat — 133,937,315 triples · 21,676,190,584 bytes read
  Partitioned compression: HG005_GRCh38_r1000000: rdf-scan heartbeat — 134,343,955 triples · 21,743,299,488 bytes read
  Partitioned compression: HG005_GRCh38_r1000000: rdf-scan heartbeat — 134,750,590 triples · 21,810,408,478 bytes read
  Partitioned compression: HG005_GRCh38_r1000000: rdf-scan heartbeat — 135,157,310 triples · 21,877,517,367 bytes read
  Partitioned compression: HG005_GRCh38_r1000000: rdf-scan heartbeat — 135,563,897 triples · 21,944,626,265 bytes read
  Partitioned compression: HG005_GRCh38_r1000000: rdf-scan chunk — 135,970,428 triples · 41 chunks · 22,011,710,571 bytes read
  Partitioned compression: HG005_GRCh38_r1000000: hdt-chunks started — 40 chunks · hdt-build-00040
  Partitioned compression: HG005_GRCh38_r1000000: hdt-chunks complete — 41 chunks · hdt-build-00040
  Partitioned compression: HG005_GRCh38_r1000000: rdf-scan heartbeat — 135,970,579 triples · 22,011,735,187 bytes read
  Partitioned compression: HG005_GRCh38_r1000000: rdf-scan heartbeat — 136,377,273 triples · 22,078,844,208 bytes read
  Partitioned compression: HG005_GRCh38_r1000000: rdf-scan heartbeat — 136,784,271 triples · 22,145,953,088 bytes read
  Partitioned compression: HG005_GRCh38_r1000000: rdf-scan heartbeat — 137,190,826 triples · 22,213,062,030 bytes read
  Partitioned compression: HG005_GRCh38_r1000000: rdf-scan heartbeat — 137,597,472 triples · 22,280,170,991 bytes read
  Partitioned compression: HG005_GRCh38_r1000000: rdf-scan heartbeat — 138,004,395 triples · 22,347,279,972 bytes read
  Partitioned compression: HG005_GRCh38_r1000000: rdf-scan heartbeat — 138,411,092 triples · 22,414,388,962 bytes read
  Partitioned compression: HG005_GRCh38_r1000000: rdf-scan heartbeat — 138,817,675 triples · 22,481,497,922 bytes read
  Partitioned compression: HG005_GRCh38_r1000000: rdf-scan chunk — 139,224,242 triples · 42 chunks · 22,548,581,528 bytes read
  Partitioned compression: HG005_GRCh38_r1000000: hdt-chunks started — 41 chunks · hdt-build-00041
  Partitioned compression: HG005_GRCh38_r1000000: hdt-chunks complete — 42 chunks · hdt-build-00041
  Partitioned compression: HG005_GRCh38_r1000000: rdf-scan heartbeat — 139,224,396 triples · 22,548,606,949 bytes read
  Partitioned compression: HG005_GRCh38_r1000000: rdf-scan heartbeat — 139,631,132 triples · 22,615,715,888 bytes read
  Partitioned compression: HG005_GRCh38_r1000000: rdf-scan heartbeat — 140,037,996 triples · 22,682,824,854 bytes read
  Partitioned compression: HG005_GRCh38_r1000000: rdf-scan heartbeat — 140,444,769 triples · 22,749,933,795 bytes read
  Partitioned compression: HG005_GRCh38_r1000000: rdf-scan heartbeat — 140,851,558 triples · 22,817,042,729 bytes read
  Partitioned compression: HG005_GRCh38_r1000000: rdf-scan heartbeat — 141,258,261 triples · 22,884,151,624 bytes read
  Partitioned compression: HG005_GRCh38_r1000000: rdf-scan heartbeat — 141,664,849 triples · 22,951,260,595 bytes read
  Partitioned compression: HG005_GRCh38_r1000000: rdf-scan heartbeat — 142,071,453 triples · 23,018,369,505 bytes read
  Partitioned compression: HG005_GRCh38_r1000000: rdf-scan chunk — 142,477,846 triples · 43 chunks · 23,085,452,445 bytes read
  Partitioned compression: HG005_GRCh38_r1000000: hdt-chunks started — 42 chunks · hdt-build-00042
  Partitioned compression: HG005_GRCh38_r1000000: hdt-chunks complete — 43 chunks · hdt-build-00042
  Partitioned compression: HG005_GRCh38_r1000000: rdf-scan heartbeat — 142,478,004 triples · 23,085,478,515 bytes read
  Partitioned compression: HG005_GRCh38_r1000000: rdf-scan heartbeat — 142,884,700 triples · 23,152,587,468 bytes read
  Partitioned compression: HG005_GRCh38_r1000000: rdf-scan heartbeat — 143,291,551 triples · 23,219,696,355 bytes read
  Partitioned compression: HG005_GRCh38_r1000000: rdf-scan heartbeat — 143,698,346 triples · 23,286,805,255 bytes read
  Partitioned compression: HG005_GRCh38_r1000000: rdf-scan heartbeat — 144,105,126 triples · 23,353,914,133 bytes read
  Partitioned compression: HG005_GRCh38_r1000000: rdf-scan heartbeat — 144,511,726 triples · 23,421,023,020 bytes read
  Partitioned compression: HG005_GRCh38_r1000000: rdf-scan heartbeat — 144,918,737 triples · 23,488,132,242 bytes read
  Partitioned compression: HG005_GRCh38_r1000000: rdf-scan heartbeat — 145,325,334 triples · 23,555,241,229 bytes read
  Partitioned compression: HG005_GRCh38_r1000000: rdf-scan chunk — 145,732,020 triples · 44 chunks · 23,622,323,472 bytes read
  Partitioned compression: HG005_GRCh38_r1000000: hdt-chunks started — 43 chunks · hdt-build-00043
  Partitioned compression: HG005_GRCh38_r1000000: hdt-chunks complete — 44 chunks · hdt-build-00043
  Partitioned compression: HG005_GRCh38_r1000000: rdf-scan heartbeat — 145,732,181 triples · 23,622,350,369 bytes read
  Partitioned compression: HG005_GRCh38_r1000000: rdf-scan heartbeat — 146,138,879 triples · 23,689,459,301 bytes read
  Partitioned compression: HG005_GRCh38_r1000000: rdf-scan heartbeat — 146,545,442 triples · 23,756,568,207 bytes read
  Partitioned compression: HG005_GRCh38_r1000000: rdf-scan heartbeat — 146,952,110 triples · 23,823,677,122 bytes read
  Partitioned compression: HG005_GRCh38_r1000000: rdf-scan heartbeat — 147,358,719 triples · 23,890,786,021 bytes read
  Partitioned compression: HG005_GRCh38_r1000000: rdf-scan heartbeat — 147,765,252 triples · 23,957,895,024 bytes read
  Partitioned compression: HG005_GRCh38_r1000000: rdf-scan heartbeat — 148,172,349 triples · 24,025,003,890 bytes read
  Partitioned compression: HG005_GRCh38_r1000000: rdf-scan heartbeat — 148,578,997 triples · 24,092,112,864 bytes read
  Partitioned compression: HG005_GRCh38_r1000000: rdf-scan chunk — 148,985,508 triples · 45 chunks · 24,159,194,493 bytes read
  Partitioned compression: HG005_GRCh38_r1000000: hdt-chunks started — 44 chunks · hdt-build-00044
  Partitioned compression: HG005_GRCh38_r1000000: hdt-chunks complete — 45 chunks · hdt-build-00044
  Partitioned compression: HG005_GRCh38_r1000000: rdf-scan heartbeat — 148,985,672 triples · 24,159,221,776 bytes read
  Partitioned compression: HG005_GRCh38_r1000000: rdf-scan heartbeat — 149,392,378 triples · 24,226,330,799 bytes read
  Partitioned compression: HG005_GRCh38_r1000000: rdf-scan heartbeat — 149,799,101 triples · 24,293,439,746 bytes read
  Partitioned compression: HG005_GRCh38_r1000000: rdf-scan heartbeat — 150,206,471 triples · 24,360,548,637 bytes read
  Partitioned compression: HG005_GRCh38_r1000000: rdf-scan heartbeat — 150,613,364 triples · 24,427,657,568 bytes read
  Partitioned compression: HG005_GRCh38_r1000000: rdf-scan heartbeat — 151,020,124 triples · 24,494,766,459 bytes read
  Partitioned compression: HG005_GRCh38_r1000000: rdf-scan heartbeat — 151,426,608 triples · 24,561,875,368 bytes read
  Partitioned compression: HG005_GRCh38_r1000000: rdf-scan heartbeat — 151,833,335 triples · 24,628,984,247 bytes read
  Partitioned compression: HG005_GRCh38_r1000000: rdf-scan chunk — 152,239,878 triples · 46 chunks · 24,696,065,555 bytes read
  Partitioned compression: HG005_GRCh38_r1000000: hdt-chunks started — 45 chunks · hdt-build-00045
  Partitioned compression: HG005_GRCh38_r1000000: hdt-chunks complete — 46 chunks · hdt-build-00045
  Partitioned compression: HG005_GRCh38_r1000000: rdf-scan heartbeat — 152,240,047 triples · 24,696,093,269 bytes read
  Partitioned compression: HG005_GRCh38_r1000000: rdf-scan heartbeat — 152,646,636 triples · 24,763,202,233 bytes read
  Partitioned compression: HG005_GRCh38_r1000000: rdf-scan heartbeat — 153,053,313 triples · 24,830,311,151 bytes read
  Partitioned compression: HG005_GRCh38_r1000000: rdf-scan heartbeat — 153,460,148 triples · 24,897,420,086 bytes read
  Partitioned compression: HG005_GRCh38_r1000000: rdf-scan heartbeat — 153,866,843 triples · 24,964,529,052 bytes read
  Partitioned compression: HG005_GRCh38_r1000000: rdf-scan heartbeat — 154,273,642 triples · 25,031,638,000 bytes read
  Partitioned compression: HG005_GRCh38_r1000000: rdf-scan heartbeat — 154,680,660 triples · 25,098,746,873 bytes read
  Partitioned compression: HG005_GRCh38_r1000000: rdf-scan heartbeat — 155,087,350 triples · 25,165,855,844 bytes read
  Partitioned compression: HG005_GRCh38_r1000000: rdf-scan chunk — 155,494,072 triples · 47 chunks · 25,232,936,482 bytes read
  Partitioned compression: HG005_GRCh38_r1000000: hdt-chunks started — 46 chunks · hdt-build-00046
  Partitioned compression: HG005_GRCh38_r1000000: hdt-chunks complete — 47 chunks · hdt-build-00046
  Partitioned compression: HG005_GRCh38_r1000000: rdf-scan heartbeat — 155,494,243 triples · 25,232,964,726 bytes read
  Partitioned compression: HG005_GRCh38_r1000000: rdf-scan heartbeat — 155,900,978 triples · 25,300,073,619 bytes read
  Partitioned compression: HG005_GRCh38_r1000000: rdf-scan heartbeat — 156,307,613 triples · 25,367,182,613 bytes read
  Partitioned compression: HG005_GRCh38_r1000000: rdf-scan heartbeat — 156,714,249 triples · 25,434,291,614 bytes read
  Partitioned compression: HG005_GRCh38_r1000000: rdf-scan heartbeat — 157,120,872 triples · 25,501,400,809 bytes read
  Partitioned compression: HG005_GRCh38_r1000000: rdf-scan heartbeat — 157,527,657 triples · 25,568,509,688 bytes read
  Partitioned compression: HG005_GRCh38_r1000000: rdf-scan heartbeat — 157,934,362 triples · 25,635,618,582 bytes read
  Partitioned compression: HG005_GRCh38_r1000000: rdf-scan heartbeat — 158,341,100 triples · 25,702,727,506 bytes read
  Partitioned compression: HG005_GRCh38_r1000000: rdf-scan chunk — 158,747,721 triples · 48 chunks · 25,769,807,406 bytes read
  Partitioned compression: HG005_GRCh38_r1000000: hdt-chunks started — 47 chunks · hdt-build-00047
  Partitioned compression: HG005_GRCh38_r1000000: hdt-chunks complete — 48 chunks · hdt-build-00047
  Partitioned compression: HG005_GRCh38_r1000000: rdf-scan heartbeat — 158,747,895 triples · 25,769,836,372 bytes read
  Partitioned compression: HG005_GRCh38_r1000000: rdf-scan heartbeat — 159,154,695 triples · 25,836,945,367 bytes read
  Partitioned compression: HG005_GRCh38_r1000000: rdf-scan heartbeat — 159,561,400 triples · 25,904,054,243 bytes read
  Partitioned compression: HG005_GRCh38_r1000000: rdf-scan heartbeat — 159,968,094 triples · 25,971,163,258 bytes read
  Partitioned compression: HG005_GRCh38_r1000000: rdf-scan heartbeat — 160,374,820 triples · 26,038,272,162 bytes read
  Partitioned compression: HG005_GRCh38_r1000000: rdf-scan heartbeat — 160,781,608 triples · 26,105,381,296 bytes read
  Partitioned compression: HG005_GRCh38_r1000000: rdf-scan heartbeat — 161,188,447 triples · 26,172,490,217 bytes read
  Partitioned compression: HG005_GRCh38_r1000000: rdf-scan heartbeat — 161,595,095 triples · 26,239,599,182 bytes read
  Partitioned compression: HG005_GRCh38_r1000000: rdf-scan chunk — 162,001,579 triples · 49 chunks · 26,306,678,374 bytes read
  Partitioned compression: HG005_GRCh38_r1000000: hdt-chunks started — 48 chunks · hdt-build-00048
  Partitioned compression: HG005_GRCh38_r1000000: hdt-chunks complete — 49 chunks · hdt-build-00048
  Partitioned compression: HG005_GRCh38_r1000000: rdf-scan heartbeat — 162,001,758 triples · 26,306,708,070 bytes read
  Partitioned compression: HG005_GRCh38_r1000000: rdf-scan heartbeat — 162,408,299 triples · 26,373,817,057 bytes read
  Partitioned compression: HG005_GRCh38_r1000000: rdf-scan heartbeat — 162,815,259 triples · 26,440,925,958 bytes read
  Partitioned compression: HG005_GRCh38_r1000000: rdf-scan heartbeat — 163,222,285 triples · 26,508,034,925 bytes read
  Partitioned compression: HG005_GRCh38_r1000000: rdf-scan heartbeat — 163,629,066 triples · 26,575,143,835 bytes read
  Partitioned compression: HG005_GRCh38_r1000000: rdf-scan heartbeat — 164,035,801 triples · 26,642,252,699 bytes read
  Partitioned compression: HG005_GRCh38_r1000000: rdf-scan heartbeat — 164,443,679 triples · 26,709,361,591 bytes read
  Partitioned compression: HG005_GRCh38_r1000000: rdf-scan heartbeat — 164,850,171 triples · 26,776,470,574 bytes read
  Partitioned compression: HG005_GRCh38_r1000000: rdf-scan chunk — 165,256,720 triples · 50 chunks · 26,843,549,352 bytes read
  Partitioned compression: HG005_GRCh38_r1000000: hdt-chunks started — 49 chunks · hdt-build-00049
  Partitioned compression: HG005_GRCh38_r1000000: hdt-chunks complete — 50 chunks · hdt-build-00049
  Partitioned compression: HG005_GRCh38_r1000000: rdf-scan heartbeat — 165,256,903 triples · 26,843,579,540 bytes read
  Partitioned compression: HG005_GRCh38_r1000000: rdf-scan heartbeat — 165,663,532 triples · 26,910,688,476 bytes read
  Partitioned compression: HG005_GRCh38_r1000000: rdf-scan heartbeat — 166,070,138 triples · 26,977,797,491 bytes read
  Partitioned compression: HG005_GRCh38_r1000000: rdf-scan heartbeat — 166,476,908 triples · 27,044,906,470 bytes read
  Partitioned compression: HG005_GRCh38_r1000000: rdf-scan heartbeat — 166,883,558 triples · 27,112,015,957 bytes read
  Partitioned compression: HG005_GRCh38_r1000000: rdf-scan heartbeat — 167,290,183 triples · 27,179,124,826 bytes read
  Partitioned compression: HG005_GRCh38_r1000000: rdf-scan heartbeat — 167,696,796 triples · 27,246,233,765 bytes read
  Partitioned compression: HG005_GRCh38_r1000000: rdf-scan heartbeat — 168,103,421 triples · 27,313,342,729 bytes read
  Partitioned compression: HG005_GRCh38_r1000000: rdf-scan chunk — 168,509,724 triples · 51 chunks · 27,380,420,264 bytes read
  Partitioned compression: HG005_GRCh38_r1000000: hdt-chunks started — 50 chunks · hdt-build-00050
  Partitioned compression: HG005_GRCh38_r1000000: hdt-chunks complete — 51 chunks · hdt-build-00050
  Partitioned compression: HG005_GRCh38_r1000000: rdf-scan heartbeat — 168,509,915 triples · 27,380,451,636 bytes read
  Partitioned compression: HG005_GRCh38_r1000000: rdf-scan heartbeat — 168,916,574 triples · 27,447,560,592 bytes read
  Partitioned compression: HG005_GRCh38_r1000000: rdf-scan heartbeat — 169,323,199 triples · 27,514,670,173 bytes read
  Partitioned compression: HG005_GRCh38_r1000000: rdf-scan heartbeat — 169,729,955 triples · 27,581,779,044 bytes read
  Partitioned compression: HG005_GRCh38_r1000000: rdf-scan heartbeat — 170,136,705 triples · 27,648,887,992 bytes read
  Partitioned compression: HG005_GRCh38_r1000000: rdf-scan heartbeat — 170,543,656 triples · 27,715,996,992 bytes read
  Partitioned compression: HG005_GRCh38_r1000000: rdf-scan chunk — 170,935,101 triples · 52 chunks · 27,780,587,073 bytes read
  Partitioned compression: HG005_GRCh38_r1000000: hdt-chunks started — 51 chunks · hdt-build-00051
  Partitioned compression: HG005_GRCh38_r1000000: hdt-chunks complete — 52 chunks · hdt-build-00051
  Partitioned compression: HG005_GRCh38_r1000000: rdf-scan complete — 170,935,101 triples · 52 chunks
  Partitioned compression: HG005_GRCh38_r1000000: hdt-chunks complete — 52 chunks
  Partitioned compression: HG005_GRCh38_r1000000: hdt-merge started — hdt-merge-r01-00000
  Partitioned compression: HG005_GRCh38_r1000000: hdt-merge complete — hdt-merge-r01-00000
  Partitioned compression: HG005_GRCh38_r1000000: hdt-merge started — hdt-merge-r01-00001
  Partitioned compression: HG005_GRCh38_r1000000: hdt-merge complete — hdt-merge-r01-00001
  Partitioned compression: HG005_GRCh38_r1000000: hdt-merge started — hdt-merge-r01-00002
  Partitioned compression: HG005_GRCh38_r1000000: hdt-merge complete — hdt-merge-r01-00002
  Partitioned compression: HG005_GRCh38_r1000000: hdt-merge started — hdt-merge-r01-00003
  Partitioned compression: HG005_GRCh38_r1000000: hdt-merge complete — hdt-merge-r01-00003
  Partitioned compression: HG005_GRCh38_r1000000: hdt-merge started — hdt-merge-r01-00004
  Partitioned compression: HG005_GRCh38_r1000000: hdt-merge complete — hdt-merge-r01-00004
  Partitioned compression: HG005_GRCh38_r1000000: hdt-merge started — hdt-merge-r01-00005
  Partitioned compression: HG005_GRCh38_r1000000: hdt-merge complete — hdt-merge-r01-00005
  Partitioned compression: HG005_GRCh38_r1000000: hdt-merge started — hdt-merge-r01-00006
  Partitioned compression: HG005_GRCh38_r1000000: hdt-merge complete — hdt-merge-r01-00006
  Partitioned compression: HG005_GRCh38_r1000000: hdt-merge started — hdt-merge-r01-00007
  Partitioned compression: HG005_GRCh38_r1000000: hdt-merge complete — hdt-merge-r01-00007
  Partitioned compression: HG005_GRCh38_r1000000: hdt-merge started — hdt-merge-r01-00008
  Partitioned compression: HG005_GRCh38_r1000000: hdt-merge complete — hdt-merge-r01-00008
  Partitioned compression: HG005_GRCh38_r1000000: hdt-merge started — hdt-merge-r01-00009
  Partitioned compression: HG005_GRCh38_r1000000: hdt-merge complete — hdt-merge-r01-00009
  Partitioned compression: HG005_GRCh38_r1000000: hdt-merge started — hdt-merge-r01-00010
  Partitioned compression: HG005_GRCh38_r1000000: hdt-merge complete — hdt-merge-r01-00010
  Partitioned compression: HG005_GRCh38_r1000000: hdt-merge started — hdt-merge-r01-00011
  Partitioned compression: HG005_GRCh38_r1000000: hdt-merge complete — hdt-merge-r01-00011
  Partitioned compression: HG005_GRCh38_r1000000: hdt-merge started — hdt-merge-r01-00012
  Partitioned compression: HG005_GRCh38_r1000000: hdt-merge complete — hdt-merge-r01-00012
  Partitioned compression: HG005_GRCh38_r1000000: hdt-merge started — hdt-merge-r01-00013
  Partitioned compression: HG005_GRCh38_r1000000: hdt-merge complete — hdt-merge-r01-00013
  Partitioned compression: HG005_GRCh38_r1000000: hdt-merge started — hdt-merge-r01-00014
  Partitioned compression: HG005_GRCh38_r1000000: hdt-merge complete — hdt-merge-r01-00014
  Partitioned compression: HG005_GRCh38_r1000000: hdt-merge started — hdt-merge-r01-00015
  Partitioned compression: HG005_GRCh38_r1000000: hdt-merge complete — hdt-merge-r01-00015
  Partitioned compression: HG005_GRCh38_r1000000: hdt-merge started — hdt-merge-r01-00016
  Partitioned compression: HG005_GRCh38_r1000000: hdt-merge complete — hdt-merge-r01-00016
  Partitioned compression: HG005_GRCh38_r1000000: hdt-merge started — hdt-merge-r01-00017
  Partitioned compression: HG005_GRCh38_r1000000: hdt-merge complete — hdt-merge-r01-00017
  Partitioned compression: HG005_GRCh38_r1000000: hdt-merge started — hdt-merge-r01-00018
  Partitioned compression: HG005_GRCh38_r1000000: hdt-merge complete — hdt-merge-r01-00018
  Partitioned compression: HG005_GRCh38_r1000000: hdt-merge started — hdt-merge-r01-00019
  Partitioned compression: HG005_GRCh38_r1000000: hdt-merge complete — hdt-merge-r01-00019
  Partitioned compression: HG005_GRCh38_r1000000: hdt-merge started — hdt-merge-r01-00020
  Partitioned compression: HG005_GRCh38_r1000000: hdt-merge complete — hdt-merge-r01-00020
  Partitioned compression: HG005_GRCh38_r1000000: hdt-merge started — hdt-merge-r01-00021
  Partitioned compression: HG005_GRCh38_r1000000: hdt-merge complete — hdt-merge-r01-00021
  Partitioned compression: HG005_GRCh38_r1000000: hdt-merge started — hdt-merge-r01-00022
  Partitioned compression: HG005_GRCh38_r1000000: hdt-merge complete — hdt-merge-r01-00022
  Partitioned compression: HG005_GRCh38_r1000000: hdt-merge started — hdt-merge-r01-00023
  Partitioned compression: HG005_GRCh38_r1000000: hdt-merge complete — hdt-merge-r01-00023
  Partitioned compression: HG005_GRCh38_r1000000: hdt-merge started — hdt-merge-r01-00024
  Partitioned compression: HG005_GRCh38_r1000000: hdt-merge complete — hdt-merge-r01-00024
  Partitioned compression: HG005_GRCh38_r1000000: hdt-merge started — hdt-merge-r01-00025
  Partitioned compression: HG005_GRCh38_r1000000: hdt-merge complete — hdt-merge-r01-00025
  Partitioned compression: HG005_GRCh38_r1000000: hdt-merge started — hdt-merge-r02-00000
  Partitioned compression: HG005_GRCh38_r1000000: hdt-merge complete — hdt-merge-r02-00000
  Partitioned compression: HG005_GRCh38_r1000000: hdt-merge started — hdt-merge-r02-00001
  Partitioned compression: HG005_GRCh38_r1000000: hdt-merge complete — hdt-merge-r02-00001
  Partitioned compression: HG005_GRCh38_r1000000: hdt-merge started — hdt-merge-r02-00002
  Partitioned compression: HG005_GRCh38_r1000000: hdt-merge complete — hdt-merge-r02-00002
  Partitioned compression: HG005_GRCh38_r1000000: hdt-merge started — hdt-merge-r02-00003
  Partitioned compression: HG005_GRCh38_r1000000: hdt-merge complete — hdt-merge-r02-00003
  Partitioned compression: HG005_GRCh38_r1000000: hdt-merge started — hdt-merge-r02-00004
  Partitioned compression: HG005_GRCh38_r1000000: hdt-merge complete — hdt-merge-r02-00004
  Partitioned compression: HG005_GRCh38_r1000000: hdt-merge started — hdt-merge-r02-00005
  Partitioned compression: HG005_GRCh38_r1000000: hdt-merge complete — hdt-merge-r02-00005
  Partitioned compression: HG005_GRCh38_r1000000: hdt-merge started — hdt-merge-r02-00006
  Partitioned compression: HG005_GRCh38_r1000000: hdt-merge complete — hdt-merge-r02-00006
  Partitioned compression: HG005_GRCh38_r1000000: hdt-merge started — hdt-merge-r02-00007
  Partitioned compression: HG005_GRCh38_r1000000: hdt-merge complete — hdt-merge-r02-00007
  Partitioned compression: HG005_GRCh38_r1000000: hdt-merge started — hdt-merge-r02-00008
  Partitioned compression: HG005_GRCh38_r1000000: hdt-merge complete — hdt-merge-r02-00008
  Partitioned compression: HG005_GRCh38_r1000000: hdt-merge started — hdt-merge-r02-00009
  Partitioned compression: HG005_GRCh38_r1000000: hdt-merge complete — hdt-merge-r02-00009
  Partitioned compression: HG005_GRCh38_r1000000: hdt-merge started — hdt-merge-r02-00010
  Partitioned compression: HG005_GRCh38_r1000000: hdt-merge complete — hdt-merge-r02-00010
  Partitioned compression: HG005_GRCh38_r1000000: hdt-merge started — hdt-merge-r02-00011
  Partitioned compression: HG005_GRCh38_r1000000: hdt-merge complete — hdt-merge-r02-00011
  Partitioned compression: HG005_GRCh38_r1000000: hdt-merge started — hdt-merge-r02-00012
  Partitioned compression: HG005_GRCh38_r1000000: hdt-merge complete — hdt-merge-r02-00012
  Partitioned compression: HG005_GRCh38_r1000000: hdt-merge started — hdt-merge-r03-00000
  Partitioned compression: HG005_GRCh38_r1000000: hdt-merge complete — hdt-merge-r03-00000
  Partitioned compression: HG005_GRCh38_r1000000: hdt-merge started — hdt-merge-r03-00001
  Partitioned compression: HG005_GRCh38_r1000000: hdt-merge complete — hdt-merge-r03-00001
  Partitioned compression: HG005_GRCh38_r1000000: hdt-merge started — hdt-merge-r03-00002
  Partitioned compression: HG005_GRCh38_r1000000: hdt-merge complete — hdt-merge-r03-00002
  Partitioned compression: HG005_GRCh38_r1000000: hdt-merge started — hdt-merge-r03-00003
  Partitioned compression: HG005_GRCh38_r1000000: hdt-merge complete — hdt-merge-r03-00003
  Partitioned compression: HG005_GRCh38_r1000000: hdt-merge started — hdt-merge-r03-00004
  Partitioned compression: HG005_GRCh38_r1000000: hdt-merge complete — hdt-merge-r03-00004
  Partitioned compression: HG005_GRCh38_r1000000: hdt-merge started — hdt-merge-r03-00005
  Partitioned compression: HG005_GRCh38_r1000000: hdt-merge complete — hdt-merge-r03-00005
  Partitioned compression: HG005_GRCh38_r1000000: hdt-merge started — hdt-merge-r04-00000
  Partitioned compression: HG005_GRCh38_r1000000: hdt-merge complete — hdt-merge-r04-00000
  Partitioned compression: HG005_GRCh38_r1000000: hdt-merge started — hdt-merge-r04-00001
  Partitioned compression: HG005_GRCh38_r1000000: hdt-merge complete — hdt-merge-r04-00001
  Partitioned compression: HG005_GRCh38_r1000000: hdt-merge started — hdt-merge-r04-00002
  Partitioned compression: HG005_GRCh38_r1000000: hdt-merge complete — hdt-merge-r04-00002
  Partitioned compression: HG005_GRCh38_r1000000: hdt-merge started — hdt-merge-r05-00000
  Partitioned compression: HG005_GRCh38_r1000000: hdt-merge complete — hdt-merge-r05-00000
  Partitioned compression: HG005_GRCh38_r1000000: hdt-merge started — hdt-merge-r05-00001
  Partitioned compression: HG005_GRCh38_r1000000: hdt-merge complete — hdt-merge-r05-00001
  Partitioned compression: HG005_GRCh38_r1000000: hdt-merge started — hdt-merge-r06-00000
  Partitioned compression: HG005_GRCh38_r1000000: hdt-merge complete — hdt-merge-r06-00000
  Partitioned compression: HG005_GRCh38_r1000000: hdt started — hdt-index
  Partitioned compression: HG005_GRCh38_r1000000: hdt complete — hdt-index
  Partitioned compression: HG005_GRCh38_r1000000: hdt started — hdt-validate
  Partitioned compression: HG005_GRCh38_r1000000: hdt complete — hdt-validate
Partitioned compression: HG005_GRCh38_r1000000: finished
