
[2026-09-15T01:43:29] $ docker version
Client: Docker Engine - Community
 Version:           29.7.2
 API version:       1.55
 Go version:        go1.26.5
 Git commit:        a7dcaa6
 Built:             Wed Aug  5 18:28:53 2026
 OS/Arch:           linux/amd64
 Context:           default

Server: Docker Engine - Community
 Engine:
  Version:          29.7.2
  API version:      1.55 (minimum version 1.40)
  Go version:       go1.26.5
  Git commit:       6a43e3d
  Built:            Wed Aug  5 18:28:53 2026
  OS/Arch:          linux/amd64
  Experimental:     false
 containerd:
  Version:          v2.3.3
  GitCommit:        aad11006b869517fcd3009450b6f82da282e1a9b
 runc:
  Version:          1.4.3
  GitCommit:        v1.4.3-0-gbb14dabe
 docker-init:
  Version:          0.19.0
  GitCommit:        de40ad0
[exit 0]

[2026-09-15T01:43:29] $ docker image inspect vcf-rdfizer:local-025fb7d
[
    {
        "Id": "sha256:0082fe2cf42fd3c96542751046fd4c2335212bdd798bd14ef0adc54f8344c734",
        "RepoTags": [
            "vcf-rdfizer:local-025fb7d"
        ],
        "RepoDigests": [
            "vcf-rdfizer@sha256:0082fe2cf42fd3c96542751046fd4c2335212bdd798bd14ef0adc54f8344c734"
        ],
        "Comment": "buildkit.dockerfile.v0",
        "Created": "2026-09-13T14:21:11.988494643+02:00",
        "Config": {
            "Env": [
                "PATH=/opt/java/openjdk/bin:/usr/local/sbin:/usr/local/bin:/usr/sbin:/usr/bin:/sbin:/bin",
                "JAVA_HOME=/opt/java/openjdk",
                "LANG=en_US.UTF-8",
                "LANGUAGE=en_US:en",
                "LC_ALL=en_US.UTF-8",
                "JAVA_VERSION=jdk-11.0.32+9",
                "RMLSTREAMER_JAR=/opt/rmlstreamer/RMLStreamer-v2.5.0-standalone.jar",
                "JAR=/opt/rmlstreamer/RMLStreamer-v2.5.0-standalone.jar",
                "HDTC_BIN=/usr/local/bin/hdtc",
                "HDT_INDEX_MEMORY_LIMIT=512M",
                "HDT_MERGE_MEMORY_LIMIT=512M",
                "COTTAS_MERGE_BATCH_ROWS=2048",
                "RDF2HDT_BIN=/usr/local/bin/rdf2hdt",
                "HDT2RDF_BIN=/usr/local/bin/hdt2rdf",
                "COTTAS_PYTHON_BIN=/opt/pycottas-venv/bin/python",
                "QLEVER_INDEX_BUILDER_BIN=/opt/qlever/bin/qlever-index",
                "QLEVER_SERVER_BIN=/opt/qlever/bin/qlever-server",
                "LD_LIBRARY_PATH=/usr/local/lib"
            ],
            "Entrypoint": [
                "/__cacert_entrypoint.sh"
            ],
            "WorkingDir": "/work",
            "Labels": {
                "org.opencontainers.image.created": "2026-09-01T20:37:00.369571+00:00",
                "org.opencontainers.image.description": "The Ubuntu container image maintained by Canonical\n\nUbuntu is a Debian-based Linux operating system that runs from the desktop to the cloud, to all your internet connected things.\nIt is the world's most popular operating system across public clouds and OpenStack clouds.\nIt is the number one platform for containers; from Docker to Kubernetes to LXD, Ubuntu can run your containers at scale.\nFast, secure and simple, Ubuntu powers millions of PCs worldwide.\n",
                "org.opencontainers.image.title": "ubuntu",
                "org.opencontainers.image.version": "26.04"
            }
        },
        "Architecture": "amd64",
        "Os": "linux",
        "Size": 718239357,
        "RootFS": {
            "Type": "layers",
            "Layers": [
                "sha256:4a6e4a6c5956212bf74c556250eb0028096f13d74501e43af51a1dbed8d69749",
                "sha256:4f41b99e67b8aeaedacb31ca888054a4b877577371f0bbe01196e136d2793635",
                "sha256:0e285b78ab95a51c4387d9539983134c8f77a8f3edf2bdccfe5bd38d77c45542",
                "sha256:3209850cea34b64af802eaa30d1b486ad4e608a8ad737b1dacbb77d9c7f2f2c6",
                "sha256:33467da9efead533d62612ce3ba4ad8d61f3f99aec1147ed81096762b4e8972b",
                "sha256:a0b95b55c538a70e4298e93042b25ea183b691347ad319ada23de032c63d1265",
                "sha256:8820cc00e52c62da057adc8d62e7c5ac875f04316f7b784a350926607007704e",
                "sha256:2b84a0d77971d5bf5e5c34be7ae703a63ad277cbd2a456d9b4b3b857df0e73de",
                "sha256:b20f14d0a9a4e8642e6d7ee259c9936b8b516279a9ac1d5a288ce24b8f0f47e1",
                "sha256:16be860a6fe9fdc0507892b58b23b98370a4b82b5fdcbc145e29a4e1709e698f",
                "sha256:38c7e46d51df0548910aa877a8de64de97e80d0271441a37d1038bed07c00ad1",
                "sha256:ac4acff1fb4ae709e4bba33a8de0955b96243c4c5dfca8f0ec676764643c2416",
                "sha256:e5149cffdf56066826999954628051778b0628892c12eb4d33f3445721857de5",
                "sha256:75b6e7fc2f675a5df0916679a148f23948bd62192a649d0ebed48b689e688612",
                "sha256:90fbe4ac2c8c66d9fff96f04a4f754fe3d42297e5efab6fb7ec6f29d71ebc7eb",
                "sha256:6a6661d6b592b3c66d2aa7a19fe5c47a7322b38fa4b413b6c0dadb78cf41ad37",
                "sha256:8417aed163f79154801932562a808adbcb727f92dd485780aeca38237ad6e0fa",
                "sha256:73d7e570cba9c18a1ba823a7c75810f03fd6ee3b1ea4daf08be6491284085f6f",
                "sha256:70feac73324ff4e8141f7deba2ec589e25b0c60f1711764db446777e58f31d70",
                "sha256:baa709457b9f94a3e7d9a11b3a84971106482256d572c6f1f205ac61680d0fa4",
                "sha256:04d2f71b99c14aa569aa4a78314504bb6434cdd4b14e8b62daca83a5b0400a90",
                "sha256:a392f4a2d5e0e6d249d0bb436072f70ece488e7f609aa9c98ddd45b9512d577e",
                "sha256:0ad33cb27795d18fb22d477cab161beb080323183aef498714fea5b8469ccd70",
                "sha256:6e23713448805f33c791998727182f0459ed05f6a807f20c1fa571f7490a2685",
                "sha256:dc02afcd7b6896045301db8f1afe063a2999e28d5fd2a4ec134eb1dd12650885",
                "sha256:06956d814682dc512e00e83eb7fffc472738633f5c25e8a5f95864b3f9c50fd8",
                "sha256:8f75f4103b2d5a7b6598dd9ec7b4f776495d6e794b720ab62ad5b1b7c845c2b8",
                "sha256:24620931ea9e5763265f9dd077428fb90eaca0ff1843c4636198f87f7c9d8740",
                "sha256:5f70bf18a086007016e948b04aed3b82103a36bea41755b6cddfaf10ace3c6ef"
            ]
        },
        "Metadata": {
            "LastTagTime": "2026-09-13T12:21:12.154557339Z"
        },
        "Descriptor": {
            "mediaType": "application/vnd.oci.image.index.v1+json",
            "digest": "sha256:0082fe2cf42fd3c96542751046fd4c2335212bdd798bd14ef0adc54f8344c734",
            "size": 856
        },
        "Identity": {
            "Build": [
                {
                    "Ref": "vxm7vsemz48tso67d7gsag1at",
                    "CreatedAt": "2026-09-13T14:21:12.230130967+02:00"
                }
            ]
        }
    }
]
[exit 0]

[2026-09-15T01:43:29] $ docker run --rm --label vcf-rdfizer.run=20260915T014329-1068494 --user 1000:1000 -v /home/ubuntu/vcf-rdfizer-testing/vcf_data:/data/in:ro -v /home/ubuntu/vcf-rdfizer-testing/benchmarks_outputs/05_corpus_breadth/giab_single__HG005_GRCh38/out/.intermediate/tsv:/data/tsv -v /home/ubuntu/vcf-rdfizer-testing/benchmarks_outputs/05_corpus_breadth/giab_single__HG005_GRCh38/out/run_metrics/HG005_GRCh38__20260915T014329:/data/metrics vcf-rdfizer:local-025fb7d bash -lc 'set -euo pipefail; rm -f /data/metrics/timings/tsv/HG005_GRCh38.txt; if [[ -x /usr/bin/time ]] && /usr/bin/time --version >/dev/null 2>&1; then /usr/bin/time -v -o /data/metrics/timings/tsv/HG005_GRCh38.txt -- bash /opt/vcf-rdfizer/vcf_as_tsv.sh /data/in/HG005_GRCh38.vcf.gz /data/tsv; else { time -p bash /opt/vcf-rdfizer/vcf_as_tsv.sh /data/in/HG005_GRCh38.vcf.gz /data/tsv; } > /data/metrics/timings/tsv/HG005_GRCh38.txt 2>&1; fi'
✅ Wrote: /data/tsv/HG005_GRCh38.records.tsv
✅ Wrote: /data/tsv/HG005_GRCh38.header_lines.tsv
✅ Wrote: /data/tsv/HG005_GRCh38.file_metadata.tsv
[exit 0]

[2026-09-15T01:44:27] $ docker run --rm --label vcf-rdfizer.run=20260915T014329-1068494 --user 1000:1000 -v /home/ubuntu/vcf-rdfizer-testing/vcf_data:/data/in:ro -v /home/ubuntu/vcf-rdfizer-testing/benchmarks_outputs/05_corpus_breadth/giab_single__HG005_GRCh38/out/run_metrics/HG005_GRCh38__20260915T014329/_generated_rules:/data/rules:ro -v /home/ubuntu/vcf-rdfizer-testing/benchmarks_outputs/05_corpus_breadth/giab_single__HG005_GRCh38/out/.intermediate/tsv:/data/tsv:ro -v /home/ubuntu/vcf-rdfizer-testing/benchmarks_outputs/05_corpus_breadth/giab_single__HG005_GRCh38/out:/data/out -v /home/ubuntu/vcf-rdfizer-testing/benchmarks_outputs/05_corpus_breadth/giab_single__HG005_GRCh38/out/run_metrics/HG005_GRCh38__20260915T014329:/data/metrics -w /data/rules -e JAR=/opt/rmlstreamer/RMLStreamer-v2.5.0-standalone.jar -e IN=/data/rules/HG005_GRCh38.rules.ttl -e OUT_DIR=/data/out -e OUT_NAME=HG005_GRCh38 -e RDF_STORAGE_MODE=space-optimized -e SPARK_PARTITIONS=8 -e RUN_ID=20260915T014329 -e TIMESTAMP=2026-09-15T01:43:29 -e TSV_EXIT_CODE=0 -e TSV_WALL_SECONDS=58.034108 -e TSV_USER_SECONDS=57.330000 -e TSV_SYS_SECONDS=4.330000 -e TSV_MAX_RSS_KB=7552 -e TSV_OUTPUT_SIZE_BYTES=2466503685 -e 'TSV_OUTPUT_PATH=/data/tsv/HG005_GRCh38.records.tsv|/data/tsv/HG005_GRCh38.header_lines.tsv|/data/tsv/HG005_GRCh38.file_metadata.tsv' -e IN_VCF=/data/in/HG005_GRCh38.vcf.gz -e LOGDIR=/data/metrics -e PROGRESS_FILE=/data/metrics/.progress/rmlstreamer-HG005_GRCh38.jsonl vcf-rdfizer:local-025fb7d bash /opt/vcf-rdfizer/run_conversion.sh
23:44:28,263 INFO  io.rml.framework.Main$                                        - Mapping file: /data/rules/HG005_GRCh38.rules.ttl
Job name: RMLStreamer
Base IRI: /
Parallelise over local task slots: true
Maximum parallelism: None
Post processor: None
Checkpoint interval: /
Auto Watermark interval: 50
Output method: File
Output file: /data/out/HG005_GRCh38/.rmlstreamer-parts-HG005_GRCh38-1
Kafka broker list: /
Kafka topic: /
Kafka topic partition id: /
Output TCP socket: /
Function description locations: None
Discard output: false
23:44:28,774 WARN  io.rml.framework.core.model.csvw.CSVWDialect                  - Only csvw:delimiter is supported, other dialect options will be ignored!
23:44:28,780 WARN  io.rml.framework.core.model.csvw.CSVWDialect                  - Only csvw:delimiter is supported, other dialect options will be ignored!
23:44:28,782 WARN  io.rml.framework.core.model.csvw.CSVWDialect                  - Only csvw:delimiter is supported, other dialect options will be ignored!
23:44:28,783 WARN  io.rml.framework.core.model.csvw.CSVWDialect                  - Only csvw:delimiter is supported, other dialect options will be ignored!
23:44:28,785 WARN  io.rml.framework.core.model.csvw.CSVWDialect                  - Only csvw:delimiter is supported, other dialect options will be ignored!
23:44:28,785 WARN  io.rml.framework.core.model.csvw.CSVWDialect                  - Only csvw:delimiter is supported, other dialect options will be ignored!
23:44:28,787 WARN  io.rml.framework.core.model.csvw.CSVWDialect                  - Only csvw:delimiter is supported, other dialect options will be ignored!
23:44:28,789 WARN  io.rml.framework.core.model.csvw.CSVWDialect                  - Only csvw:delimiter is supported, other dialect options will be ignored!
23:44:28,790 WARN  io.rml.framework.core.model.csvw.CSVWDialect                  - Only csvw:delimiter is supported, other dialect options will be ignored!
23:44:28,791 WARN  io.rml.framework.core.model.csvw.CSVWDialect                  - Only csvw:delimiter is supported, other dialect options will be ignored!
23:44:28,792 WARN  io.rml.framework.core.model.csvw.CSVWDialect                  - Only csvw:delimiter is supported, other dialect options will be ignored!
23:44:28,793 WARN  io.rml.framework.core.model.csvw.CSVWDialect                  - Only csvw:delimiter is supported, other dialect options will be ignored!
Number of standard stream triple maps: 12
Total extracted std triple maps: 12
Number of standard stream triple maps: 0
Total extracted std triple maps: 0
23:44:28,861 INFO  io.rml.framework.Main$                                        - Dataset Job Found.
23:44:28,908 INFO  io.rml.framework.Main$                                        - 3 Triple Maps are found.
23:44:28,917 INFO  io.rml.framework.Main$                                        - 2 Triple Maps are found.
23:44:28,918 INFO  io.rml.framework.Main$                                        - 2 Triple Maps are found.
23:44:28,919 INFO  io.rml.framework.Main$                                        - 3 Triple Maps are found.
23:44:28,920 INFO  io.rml.framework.Main$                                        - 2 Triple Maps are found.
23:44:32,318 WARN  org.apache.flink.runtime.webmonitor.WebMonitorUtils           - Log file environment variable 'log.file' is not set.
23:44:32,318 WARN  org.apache.flink.runtime.webmonitor.WebMonitorUtils           - JobManager log files are unavailable in the web dashboard. Log file location not found in environment variable 'log.file' or configuration key 'web.log.path'.
23:44:32,956 WARN  org.apache.flink.metrics.MetricGroup                          - The operator name DataSource (at org.apache.flink.api.scala.ExecutionEnvironment.createInput(ExecutionEnvironment.scala:360) (io.rml.framework.flink.source.CSVInputFormat)) exceeded the 80 characters length limit and was truncated.
23:44:32,958 WARN  org.apache.flink.metrics.MetricGroup                          - The operator name DataSource (at org.apache.flink.api.scala.ExecutionEnvironment.createInput(ExecutionEnvironment.scala:360) (io.rml.framework.flink.source.CSVInputFormat)) exceeded the 80 characters length limit and was truncated.
23:44:32,957 WARN  org.apache.flink.metrics.MetricGroup                          - The operator name DataSource (at org.apache.flink.api.scala.ExecutionEnvironment.createInput(ExecutionEnvironment.scala:360) (io.rml.framework.flink.source.CSVInputFormat)) exceeded the 80 characters length limit and was truncated.
23:44:32,955 WARN  org.apache.flink.metrics.MetricGroup                          - The operator name DataSource (at org.apache.flink.api.scala.ExecutionEnvironment.createInput(ExecutionEnvironment.scala:360) (io.rml.framework.flink.source.CSVInputFormat)) exceeded the 80 characters length limit and was truncated.
23:44:32,956 WARN  org.apache.flink.metrics.MetricGroup                          - The operator name DataSource (at org.apache.flink.api.scala.ExecutionEnvironment.createInput(ExecutionEnvironment.scala:360) (io.rml.framework.flink.source.CSVInputFormat)) exceeded the 80 characters length limit and was truncated.
23:44:32,964 WARN  org.apache.flink.metrics.MetricGroup                          - The operator name DataSource (at org.apache.flink.api.scala.ExecutionEnvironment.createInput(ExecutionEnvironment.scala:360) (io.rml.framework.flink.source.CSVInputFormat)) exceeded the 80 characters length limit and was truncated.
23:44:32,967 WARN  org.apache.flink.metrics.MetricGroup                          - The operator name DataSource (at org.apache.flink.api.scala.ExecutionEnvironment.createInput(ExecutionEnvironment.scala:360) (io.rml.framework.flink.source.CSVInputFormat)) exceeded the 80 characters length limit and was truncated.
23:44:32,986 WARN  org.apache.flink.metrics.MetricGroup                          - The operator name DataSource (at org.apache.flink.api.scala.ExecutionEnvironment.createInput(ExecutionEnvironment.scala:360) (io.rml.framework.flink.source.CSVInputFormat)) exceeded the 80 characters length limit and was truncated.
23:44:32,992 WARN  org.apache.flink.metrics.MetricGroup                          - The operator name DataSource (at org.apache.flink.api.scala.ExecutionEnvironment.createInput(ExecutionEnvironment.scala:360) (io.rml.framework.flink.source.CSVInputFormat)) exceeded the 80 characters length limit and was truncated.
23:44:32,995 WARN  org.apache.flink.metrics.MetricGroup                          - The operator name DataSource (at org.apache.flink.api.scala.ExecutionEnvironment.createInput(ExecutionEnvironment.scala:360) (io.rml.framework.flink.source.CSVInputFormat)) exceeded the 80 characters length limit and was truncated.
23:44:33,005 WARN  org.apache.flink.metrics.MetricGroup                          - The operator name DataSource (at org.apache.flink.api.scala.ExecutionEnvironment.createInput(ExecutionEnvironment.scala:360) (io.rml.framework.flink.source.CSVInputFormat)) exceeded the 80 characters length limit and was truncated.
23:44:33,008 WARN  org.apache.flink.metrics.MetricGroup                          - The operator name DataSource (at org.apache.flink.api.scala.ExecutionEnvironment.createInput(ExecutionEnvironment.scala:360) (io.rml.framework.flink.source.CSVInputFormat)) exceeded the 80 characters length limit and was truncated.
23:44:33,028 WARN  org.apache.flink.metrics.MetricGroup                          - The operator name DataSource (at org.apache.flink.api.scala.ExecutionEnvironment.createInput(ExecutionEnvironment.scala:360) (io.rml.framework.flink.source.CSVInputFormat)) exceeded the 80 characters length limit and was truncated.
23:44:33,034 WARN  org.apache.flink.metrics.MetricGroup                          - The operator name DataSource (at org.apache.flink.api.scala.ExecutionEnvironment.createInput(ExecutionEnvironment.scala:360) (io.rml.framework.flink.source.CSVInputFormat)) exceeded the 80 characters length limit and was truncated.
23:44:33,042 WARN  org.apache.flink.metrics.MetricGroup                          - The operator name DataSource (at org.apache.flink.api.scala.ExecutionEnvironment.createInput(ExecutionEnvironment.scala:360) (io.rml.framework.flink.source.CSVInputFormat)) exceeded the 80 characters length limit and was truncated.
23:44:33,049 WARN  org.apache.flink.metrics.MetricGroup                          - The operator name DataSource (at org.apache.flink.api.scala.ExecutionEnvironment.createInput(ExecutionEnvironment.scala:360) (io.rml.framework.flink.source.CSVInputFormat)) exceeded the 80 characters length limit and was truncated.
23:44:33,064 WARN  org.apache.flink.metrics.MetricGroup                          - The operator name DataSource (at org.apache.flink.api.scala.ExecutionEnvironment.createInput(ExecutionEnvironment.scala:360) (io.rml.framework.flink.source.CSVInputFormat)) exceeded the 80 characters length limit and was truncated.
23:44:33,076 WARN  org.apache.flink.metrics.MetricGroup                          - The operator name DataSource (at org.apache.flink.api.scala.ExecutionEnvironment.createInput(ExecutionEnvironment.scala:360) (io.rml.framework.flink.source.CSVInputFormat)) exceeded the 80 characters length limit and was truncated.
23:44:33,085 WARN  org.apache.flink.metrics.MetricGroup                          - The operator name DataSource (at org.apache.flink.api.scala.ExecutionEnvironment.createInput(ExecutionEnvironment.scala:360) (io.rml.framework.flink.source.CSVInputFormat)) exceeded the 80 characters length limit and was truncated.
23:44:33,087 WARN  org.apache.flink.metrics.MetricGroup                          - The operator name DataSource (at org.apache.flink.api.scala.ExecutionEnvironment.createInput(ExecutionEnvironment.scala:360) (io.rml.framework.flink.source.CSVInputFormat)) exceeded the 80 characters length limit and was truncated.
23:44:33,110 WARN  org.apache.flink.metrics.MetricGroup                          - The operator name DataSource (at org.apache.flink.api.scala.ExecutionEnvironment.createInput(ExecutionEnvironment.scala:360) (io.rml.framework.flink.source.CSVInputFormat)) exceeded the 80 characters length limit and was truncated.
23:44:33,116 WARN  org.apache.flink.metrics.MetricGroup                          - The operator name DataSource (at org.apache.flink.api.scala.ExecutionEnvironment.createInput(ExecutionEnvironment.scala:360) (io.rml.framework.flink.source.CSVInputFormat)) exceeded the 80 characters length limit and was truncated.
23:44:33,128 WARN  org.apache.flink.metrics.MetricGroup                          - The operator name DataSource (at org.apache.flink.api.scala.ExecutionEnvironment.createInput(ExecutionEnvironment.scala:360) (io.rml.framework.flink.source.CSVInputFormat)) exceeded the 80 characters length limit and was truncated.
23:44:33,149 WARN  org.apache.flink.metrics.MetricGroup                          - The operator name DataSource (at org.apache.flink.api.scala.ExecutionEnvironment.createInput(ExecutionEnvironment.scala:360) (io.rml.framework.flink.source.CSVInputFormat)) exceeded the 80 characters length limit and was truncated.
23:44:33,165 WARN  org.apache.flink.metrics.MetricGroup                          - The operator name DataSource (at org.apache.flink.api.scala.ExecutionEnvironment.createInput(ExecutionEnvironment.scala:360) (io.rml.framework.flink.source.CSVInputFormat)) exceeded the 80 characters length limit and was truncated.
23:44:33,179 WARN  org.apache.flink.metrics.MetricGroup                          - The operator name DataSource (at org.apache.flink.api.scala.ExecutionEnvironment.createInput(ExecutionEnvironment.scala:360) (io.rml.framework.flink.source.CSVInputFormat)) exceeded the 80 characters length limit and was truncated.
23:44:33,217 WARN  org.apache.flink.metrics.MetricGroup                          - The operator name DataSource (at org.apache.flink.api.scala.ExecutionEnvironment.createInput(ExecutionEnvironment.scala:360) (io.rml.framework.flink.source.CSVInputFormat)) exceeded the 80 characters length limit and was truncated.
23:44:33,217 WARN  org.apache.flink.metrics.MetricGroup                          - The operator name DataSource (at org.apache.flink.api.scala.ExecutionEnvironment.createInput(ExecutionEnvironment.scala:360) (io.rml.framework.flink.source.CSVInputFormat)) exceeded the 80 characters length limit and was truncated.
23:44:33,236 WARN  org.apache.flink.metrics.MetricGroup                          - The operator name DataSource (at org.apache.flink.api.scala.ExecutionEnvironment.createInput(ExecutionEnvironment.scala:360) (io.rml.framework.flink.source.CSVInputFormat)) exceeded the 80 characters length limit and was truncated.
23:44:33,230 WARN  org.apache.flink.metrics.MetricGroup                          - The operator name DataSource (at org.apache.flink.api.scala.ExecutionEnvironment.createInput(ExecutionEnvironment.scala:360) (io.rml.framework.flink.source.CSVInputFormat)) exceeded the 80 characters length limit and was truncated.
23:44:33,266 WARN  org.apache.flink.metrics.MetricGroup                          - The operator name DataSource (at org.apache.flink.api.scala.ExecutionEnvironment.createInput(ExecutionEnvironment.scala:360) (io.rml.framework.flink.source.CSVInputFormat)) exceeded the 80 characters length limit and was truncated.
23:44:33,281 WARN  org.apache.flink.metrics.MetricGroup                          - The operator name DataSource (at org.apache.flink.api.scala.ExecutionEnvironment.createInput(ExecutionEnvironment.scala:360) (io.rml.framework.flink.source.CSVInputFormat)) exceeded the 80 characters length limit and was truncated.
23:44:33,265 WARN  org.apache.flink.metrics.MetricGroup                          - The operator name DataSource (at org.apache.flink.api.scala.ExecutionEnvironment.createInput(ExecutionEnvironment.scala:360) (io.rml.framework.flink.source.CSVInputFormat)) exceeded the 80 characters length limit and was truncated.
23:44:33,263 WARN  org.apache.flink.metrics.MetricGroup                          - The operator name DataSource (at org.apache.flink.api.scala.ExecutionEnvironment.createInput(ExecutionEnvironment.scala:360) (io.rml.framework.flink.source.CSVInputFormat)) exceeded the 80 characters length limit and was truncated.
23:44:33,262 WARN  org.apache.flink.metrics.MetricGroup                          - The operator name DataSource (at org.apache.flink.api.scala.ExecutionEnvironment.createInput(ExecutionEnvironment.scala:360) (io.rml.framework.flink.source.CSVInputFormat)) exceeded the 80 characters length limit and was truncated.
23:44:33,254 WARN  org.apache.flink.metrics.MetricGroup                          - The operator name DataSource (at org.apache.flink.api.scala.ExecutionEnvironment.createInput(ExecutionEnvironment.scala:360) (io.rml.framework.flink.source.CSVInputFormat)) exceeded the 80 characters length limit and was truncated.
23:44:33,248 WARN  org.apache.flink.metrics.MetricGroup                          - The operator name DataSource (at org.apache.flink.api.scala.ExecutionEnvironment.createInput(ExecutionEnvironment.scala:360) (io.rml.framework.flink.source.CSVInputFormat)) exceeded the 80 characters length limit and was truncated.
23:44:33,244 WARN  org.apache.flink.metrics.MetricGroup                          - The operator name DataSource (at org.apache.flink.api.scala.ExecutionEnvironment.createInput(ExecutionEnvironment.scala:360) (io.rml.framework.flink.source.CSVInputFormat)) exceeded the 80 characters length limit and was truncated.
23:44:33,294 WARN  org.apache.flink.metrics.MetricGroup                          - The operator name DataSource (at org.apache.flink.api.scala.ExecutionEnvironment.createInput(ExecutionEnvironment.scala:360) (io.rml.framework.flink.source.CSVInputFormat)) exceeded the 80 characters length limit and was truncated.
23:44:33,291 WARN  org.apache.flink.metrics.MetricGroup                          - The operator name DataSource (at org.apache.flink.api.scala.ExecutionEnvironment.createInput(ExecutionEnvironment.scala:360) (io.rml.framework.flink.source.CSVInputFormat)) exceeded the 80 characters length limit and was truncated.
WARNING: metrics header mismatch; backed up to /data/metrics/metrics_csv_bak_20260915T014329.csv and creating new metrics file.
Done.
JSON: /data/metrics/stages/conversion/HG005_GRCh38.json
CSV:  /data/metrics/metrics.csv
[exit 0]

[2026-09-15T02:35:12] $ docker volume create vcf-rdfizer-HG005_GRCh38-1068494-1789432512131185079
vcf-rdfizer-HG005_GRCh38-1068494-1789432512131185079
[exit 0]

[2026-09-15T02:35:12] $ docker run --rm --label vcf-rdfizer.run=20260915T014329-1068494 --mount type=volume,source=vcf-rdfizer-HG005_GRCh38-1068494-1789432512131185079,target=/work vcf-rdfizer:local-025fb7d bash -lc 'chmod 1777 /work'
[exit 0]

[2026-09-15T02:35:12] $ docker run --rm --label vcf-rdfizer.run=20260915T014329-1068494 --user 1000:1000 --mount type=volume,source=vcf-rdfizer-HG005_GRCh38-1068494-1789432512131185079,target=/work -v /home/ubuntu/vcf-rdfizer-testing/benchmarks_outputs/05_corpus_breadth/giab_single__HG005_GRCh38/out/HG005_GRCh38:/data/in:ro -v /home/ubuntu/vcf-rdfizer-testing/benchmarks_outputs/05_corpus_breadth/giab_single__HG005_GRCh38/out/HG005_GRCh38:/data/out -v /home/ubuntu/vcf-rdfizer-testing/benchmarks_outputs/05_corpus_breadth/giab_single__HG005_GRCh38/out/run_metrics/HG005_GRCh38__20260915T014329:/data/metrics vcf-rdfizer:local-025fb7d python3 /opt/vcf-rdfizer/partitioned_compression.py --source /data/in/HG005_GRCh38.nt.gz --output-dir /data/out --output-name HG005_GRCh38 --methods hdt,cottas --target-chunk-bytes 536870912 --min-chunk-bytes 134217728 --max-chunk-bytes 1073741824 --expected-triples 657425805 --result-path /data/out/.HG005_GRCh38.partitioned-results.json --progress-path /data/metrics/.progress/partitioned-HG005_GRCh38.jsonl --allow-index-failures
HDT index ready: /data/out/HG005_GRCh38.hdt.index.v1-1
[exit 0]

[2026-09-15T16:33:13] $ docker volume rm -f vcf-rdfizer-HG005_GRCh38-1068494-1789432512131185079
vcf-rdfizer-HG005_GRCh38-1068494-1789432512131185079
[exit 0]
