TSV conversion: test-1k: started
TSV conversion: test-1k: finished
RMLStreamer: test-1k: started
  RMLStreamer: test-1k: rmlstreamer started — 0 B · 0 parts
  RMLStreamer: test-1k: rmlstreamer heartbeat — 0 B · 0 parts
  RMLStreamer: test-1k: rmlstreamer heartbeat — 8.62 KB · 8 parts
  RMLStreamer: test-1k: rmlstreamer heartbeat — 924.42 KB · 8 parts
  RMLStreamer: test-1k: rmlstreamer complete — 924.42 KB · 8 parts
  RMLStreamer: test-1k: rdf-aggregate started — 0 parts
  RMLStreamer: test-1k: rdf-aggregate part — 1 parts
  RMLStreamer: test-1k: rdf-aggregate part — 2 parts
  RMLStreamer: test-1k: rdf-aggregate part — 3 parts
  RMLStreamer: test-1k: rdf-aggregate part — 4 parts
  RMLStreamer: test-1k: rdf-aggregate part — 5 parts
  RMLStreamer: test-1k: rdf-aggregate part — 6 parts
  RMLStreamer: test-1k: rdf-aggregate part — 7 parts
  RMLStreamer: test-1k: rdf-aggregate part — 8 parts
  RMLStreamer: test-1k: rdf-aggregate complete — 8 parts
RMLStreamer: test-1k: finished
Partitioned compression: test-1k: started
  Partitioned compression: test-1k: rdf-scan started — 0 triples
  Partitioned compression: test-1k: rdf-scan chunk — 94,919 triples · 1 chunks · 11,896,684 bytes read
  Partitioned compression: test-1k: hdt-chunks started — 0 chunks · hdt-build-00000
  Partitioned compression: test-1k: hdt-chunks complete — 1 chunks · hdt-build-00000
  Partitioned compression: test-1k: cottas-chunks started — 0 chunks · cottas-build-00000
  Partitioned compression: test-1k: cottas-chunks complete — 1 chunks · cottas-build-00000
  Partitioned compression: test-1k: rdf-scan complete — 94,919 triples · 1 chunks
  Partitioned compression: test-1k: hdt-chunks complete — 1 chunks
  Partitioned compression: test-1k: cottas-chunks complete — 1 chunks
  Partitioned compression: test-1k: hdt started — hdt-index
  Partitioned compression: test-1k: hdt complete — hdt-index
  Partitioned compression: test-1k: hdt started — hdt-validate
  Partitioned compression: test-1k: hdt complete — hdt-validate
  Partitioned compression: test-1k: cottas started — cottas-validate
  Partitioned compression: test-1k: cottas complete — cottas-validate
Partitioned compression: test-1k: finished
