
[2026-10-08T17:03:49] $ docker version
Client:
 Version:           26.1.5+dfsg1
 API version:       1.45
 Go version:        go1.24.4
 Git commit:        a72d7cd
 Built:             Thu Aug 13 05:35:47 2026
 OS/Arch:           linux/amd64
 Context:           default

Server: Docker Engine - Community
 Engine:
  Version:          29.7.2
  API version:      1.55 (minimum version 1.40)
  Go version:       go1.26.5
  Git commit:       6a43e3d
  Built:            Wed Aug  5 18:28:53 2026
  OS/Arch:          linux/amd64
  Experimental:     false
 containerd:
  Version:          v2.3.3
  GitCommit:        aad11006b869517fcd3009450b6f82da282e1a9b
 runc:
  Version:          1.4.3
  GitCommit:        v1.4.3-0-gbb14dabe
 docker-init:
  Version:          0.19.0
  GitCommit:        de40ad0
[exit 0]

[2026-10-08T17:03:49] $ docker image inspect ecrum19/vcf-rdfizer:3.3.1
[
    {
        "Architecture": "amd64",
        "Author": "",
        "Comment": "buildkit.dockerfile.v0",
        "Config": {
            "AttachStderr": false,
            "AttachStdin": false,
            "AttachStdout": false,
            "Cmd": null,
            "Domainname": "",
            "Entrypoint": [
                "/__cacert_entrypoint.sh"
            ],
            "Env": [
                "PATH=/opt/java/openjdk/bin:/usr/local/sbin:/usr/local/bin:/usr/sbin:/usr/bin:/sbin:/bin",
                "JAVA_HOME=/opt/java/openjdk",
                "LANG=en_US.UTF-8",
                "LANGUAGE=en_US:en",
                "LC_ALL=en_US.UTF-8",
                "JAVA_VERSION=jdk-11.0.32.1+1",
                "RMLSTREAMER_JAR=/opt/rmlstreamer/RMLStreamer-v2.5.0-standalone.jar",
                "JAR=/opt/rmlstreamer/RMLStreamer-v2.5.0-standalone.jar",
                "HDTC_BIN=/usr/local/bin/hdtc",
                "HDT_INDEX_MEMORY_LIMIT=512M",
                "HDT_MERGE_MEMORY_LIMIT=512M",
                "COTTAS_MERGE_BATCH_ROWS=2048",
                "RDF2HDT_BIN=/usr/local/bin/rdf2hdt",
                "HDT2RDF_BIN=/usr/local/bin/hdt2rdf",
                "COTTAS_PYTHON_BIN=/opt/pycottas-venv/bin/python",
                "QLEVER_INDEX_BUILDER_BIN=/opt/qlever/bin/qlever-index",
                "QLEVER_SERVER_BIN=/opt/qlever/bin/qlever-server",
                "LD_LIBRARY_PATH=/usr/local/lib"
            ],
            "Hostname": "",
            "Image": "",
            "Labels": {
                "org.opencontainers.image.created": "2026-10-08T09:08:16.394Z",
                "org.opencontainers.image.description": "A Python tool for the semantic conversion of VCF to serialized RDF and various compressed formats (HDT, COTTAS, GZ, BR).",
                "org.opencontainers.image.licenses": "MIT",
                "org.opencontainers.image.revision": "b25fb7b80337ab2396b742ed33f1318b22522f83",
                "org.opencontainers.image.source": "https://github.com/ecrum19/VCF-RDFizer",
                "org.opencontainers.image.title": "VCF-RDFizer",
                "org.opencontainers.image.url": "https://github.com/ecrum19/VCF-RDFizer",
                "org.opencontainers.image.version": "3.3.1"
            },
            "OnBuild": null,
            "OpenStdin": false,
            "StdinOnce": false,
            "Tty": false,
            "User": "",
            "Volumes": null,
            "WorkingDir": "/work"
        },
        "Created": "2026-10-08T09:13:58.510150807Z",
        "DockerVersion": "",
        "GraphDriver": {
            "Data": null,
            "Name": "overlayfs"
        },
        "Id": "sha256:3ad71b1a54612142e3be43b24e7e4a38551949cb641f4421bcae9bf051102993",
        "Metadata": {
            "LastTagTime": "2026-10-08T16:58:57.267604079Z"
        },
        "Os": "linux",
        "Parent": "",
        "RepoDigests": [
            "ecrum19/vcf-rdfizer@sha256:3ad71b1a54612142e3be43b24e7e4a38551949cb641f4421bcae9bf051102993"
        ],
        "RepoTags": [
            "ecrum19/vcf-rdfizer:3.3.1",
            "ecrum19/vcf-rdfizer@sha256:3ad71b1a54612142e3be43b24e7e4a38551949cb641f4421bcae9bf051102993"
        ],
        "RootFS": {
            "Layers": [
                "sha256:f6e0e88dd8e11c81dba77d657b271e1ed7c33882e8f4dfaa7768cbaee94d94fc",
                "sha256:f98d83061adc18abc1ffea46400be62b16d3da85c4e28563a97b3ff4cf7cca14",
                "sha256:c059060ac13305713dd22e8b55f1d45f385385bc3c265329bfb010c8069b82b7",
                "sha256:18ae9f4ac5947c897ab9dace68e2b5517075be5d7426f5d3fe2a3c7a9dee18b5",
                "sha256:b97ee02504b36aa25f192062a8168699ca8cd469c654b202298c8dc13654c490",
                "sha256:9d8a92da1dbee472e98e434fa2df72fd699cb8d98793e53fd30cc1b67ea46999",
                "sha256:f2e3f1235d2d139d830831315fc5486059787a00174020cd64abf72b0eeb7d7c",
                "sha256:898895fe1efb726dbd1657fe17c1ddf624b6126c0fbd7b9a0f8540e699a7576b",
                "sha256:da9631b24172c743d6ac4cb62f8374f37c033f7423dedd064a5f10936a6e939b",
                "sha256:5f70bf18a086007016e948b04aed3b82103a36bea41755b6cddfaf10ace3c6ef",
                "sha256:bebdfffbcb137dbaf20d07f7dfa0dc3054e0b89c53bfc3babad1abf61376f2fe",
                "sha256:d18f46709d1c2c74583d65fa00c31f7fbd635f7028c9ee9e123bb503d401bd50",
                "sha256:f4dc1477e8111a08d7f121e8b367be681275641e7853a17e944d7240365df11c",
                "sha256:2d80ca5cbb9a3d45f8a41eea91ea74716261aa8f6dd4a4e9f4a92bbc6fa206b2",
                "sha256:88a75b558289802fc2093c4fc59efe5539cc7a9ce9cbbb04d57d5f1cd0bd6084",
                "sha256:0d2fa1f7b41f1431306753cf97df1919fc07cd11add6e25c057dc48638f24279",
                "sha256:8d37b0a60fc215a67f6c8b1bad351a21713d4d9dbfbe04bd3c920fdf24afe31e",
                "sha256:a62541c10cea388f151acaf5a78c88fcdc4d9ee0051cf5a43deeec0b7676d5b6",
                "sha256:fe550253a3fd8e6cadeabb39b3d3fb9944d95af4851a553973e5f31ce7b2fbdb",
                "sha256:96a46a17578836e3aef432246de55f9901fb52481389a40d2cca2a0a7643868f",
                "sha256:5efb5d97c6fcd90a6bb02016b7238a56a37398e0f459cfbbe9585cc7edb2a1bd",
                "sha256:a42a466b1b68120c8c260472720ca1e343ac4994ccf7c095355c8622d1e2ced0",
                "sha256:e2a268f0f65b38d87b0d28349e8d78129bb99d9538a9d6b5665b84cc5a196813",
                "sha256:d19d539714529bb95fc32402d55d0a8f5ac5e7bfd917d461359a32bb932d6c2f",
                "sha256:a21451142f7fe0f78fd29e33b8022ab73a25a9d62399ed0a23e32c42d94d4e06",
                "sha256:315d4eec3992c12f9f257d1b5c8acf5b67fc149d819e58e86037a44513e9fce7",
                "sha256:b7aec1f1ed19f917d4c83e2a32f526e99e8efc14e5c4507f69555d74bc180d34",
                "sha256:5339c6a851c6c5466d9a9bcc6fad5dff3e91024a409fc93ca9347b9165590f22",
                "sha256:a799014246d13bd30ee39f166c917c4666ec28a1521ec82398b799b754d9ba7e",
                "sha256:85c49b7e849aa144433edc0b3c89e7ac01b1314c2f62b16fb92e0c1d17fb2611",
                "sha256:5f70bf18a086007016e948b04aed3b82103a36bea41755b6cddfaf10ace3c6ef"
            ],
            "Type": "layers"
        },
        "Size": 832431699
    }
]
[exit 0]

[2026-10-08T17:03:49] $ docker run --rm --label vcf-rdfizer.run=20261008T170349-2518 --user 1000:1000 -v /home/ubuntu/vrdev-test/conv/run-e3743590/work/inputs:/data/in:ro -v /home/ubuntu/vrdev-test/conv/run-e3743590/results/18_converter_comparison/convert__vcf-rdfizer__HG005_GRCh38_r100000__r3/out/.intermediate/tsv:/data/tsv -v /home/ubuntu/vrdev-test/conv/run-e3743590/results/18_converter_comparison/convert__vcf-rdfizer__HG005_GRCh38_r100000__r3/out/run_metrics/HG005_GRCh38_r100000__20261008T170349:/data/metrics ecrum19/vcf-rdfizer:3.3.1 bash -lc 'set -euo pipefail; rm -f /data/metrics/timings/tsv/HG005_GRCh38_r100000.txt; if [[ -x /usr/bin/time ]] && /usr/bin/time --version >/dev/null 2>&1; then /usr/bin/time -v -o /data/metrics/timings/tsv/HG005_GRCh38_r100000.txt -- bash /opt/vcf-rdfizer/vcf_as_tsv.sh /data/in/HG005_GRCh38_r100000.vcf.gz /data/tsv; else { time -p bash /opt/vcf-rdfizer/vcf_as_tsv.sh /data/in/HG005_GRCh38_r100000.vcf.gz /data/tsv; } > /data/metrics/timings/tsv/HG005_GRCh38_r100000.txt 2>&1; fi'
✅ Wrote: /data/tsv/HG005_GRCh38_r100000.records.tsv
✅ Wrote: /data/tsv/HG005_GRCh38_r100000.header_lines.tsv
✅ Wrote: /data/tsv/HG005_GRCh38_r100000.file_metadata.tsv
[exit 0]

[2026-10-08T17:03:51] $ docker run --rm --label vcf-rdfizer.run=20261008T170349-2518 --user 1000:1000 -v /home/ubuntu/vrdev-test/conv/run-e3743590/work/inputs:/data/in:ro -v /home/ubuntu/vrdev-test/conv/run-e3743590/results/18_converter_comparison/convert__vcf-rdfizer__HG005_GRCh38_r100000__r3/out/run_metrics/HG005_GRCh38_r100000__20261008T170349/_generated_rules:/data/rules:ro -v /home/ubuntu/vrdev-test/conv/run-e3743590/results/18_converter_comparison/convert__vcf-rdfizer__HG005_GRCh38_r100000__r3/out/.intermediate/tsv:/data/tsv:ro -v /home/ubuntu/vrdev-test/conv/run-e3743590/results/18_converter_comparison/convert__vcf-rdfizer__HG005_GRCh38_r100000__r3/out:/data/out -v /home/ubuntu/vrdev-test/conv/run-e3743590/results/18_converter_comparison/convert__vcf-rdfizer__HG005_GRCh38_r100000__r3/out/run_metrics/HG005_GRCh38_r100000__20261008T170349:/data/metrics -w /data/rules -e JAR=/opt/rmlstreamer/RMLStreamer-v2.5.0-standalone.jar -e IN=/data/rules/HG005_GRCh38_r100000.rules.ttl -e OUT_DIR=/data/out -e OUT_NAME=HG005_GRCh38_r100000 -e RDF_STORAGE_MODE=space-optimized -e SPARK_PARTITIONS=8 -e RUN_ID=20261008T170349 -e TIMESTAMP=2026-10-08T17:03:49 -e TSV_EXIT_CODE=0 -e TSV_WALL_SECONDS=2.001377 -e TSV_USER_SECONDS=1.480000 -e TSV_SYS_SECONDS=0.120000 -e TSV_MAX_RSS_KB=7680 -e TSV_OUTPUT_SIZE_BYTES=64709208 -e 'TSV_OUTPUT_PATH=/data/tsv/HG005_GRCh38_r100000.records.tsv|/data/tsv/HG005_GRCh38_r100000.header_lines.tsv|/data/tsv/HG005_GRCh38_r100000.file_metadata.tsv' -e IN_VCF=/data/in/HG005_GRCh38_r100000.vcf.gz -e LOGDIR=/data/metrics -e PROGRESS_FILE=/data/metrics/.progress/rmlstreamer-HG005_GRCh38_r100000.jsonl ecrum19/vcf-rdfizer:3.3.1 bash /opt/vcf-rdfizer/run_conversion.sh
17:03:52,370 INFO  io.rml.framework.Main$                                        - Mapping file: /data/rules/HG005_GRCh38_r100000.rules.ttl
Job name: RMLStreamer
Base IRI: /
Parallelise over local task slots: true
Maximum parallelism: None
Post processor: None
Checkpoint interval: /
Auto Watermark interval: 50
Output method: File
Output file: /data/out/HG005_GRCh38_r100000/.rmlstreamer-parts-HG005_GRCh38_r100000-1
Kafka broker list: /
Kafka topic: /
Kafka topic partition id: /
Output TCP socket: /
Function description locations: None
Discard output: false
17:03:52,884 WARN  io.rml.framework.core.model.csvw.CSVWDialect                  - Only csvw:delimiter is supported, other dialect options will be ignored!
17:03:52,890 WARN  io.rml.framework.core.model.csvw.CSVWDialect                  - Only csvw:delimiter is supported, other dialect options will be ignored!
17:03:52,891 WARN  io.rml.framework.core.model.csvw.CSVWDialect                  - Only csvw:delimiter is supported, other dialect options will be ignored!
17:03:52,893 WARN  io.rml.framework.core.model.csvw.CSVWDialect                  - Only csvw:delimiter is supported, other dialect options will be ignored!
17:03:52,895 WARN  io.rml.framework.core.model.csvw.CSVWDialect                  - Only csvw:delimiter is supported, other dialect options will be ignored!
17:03:52,896 WARN  io.rml.framework.core.model.csvw.CSVWDialect                  - Only csvw:delimiter is supported, other dialect options will be ignored!
17:03:52,897 WARN  io.rml.framework.core.model.csvw.CSVWDialect                  - Only csvw:delimiter is supported, other dialect options will be ignored!
17:03:52,898 WARN  io.rml.framework.core.model.csvw.CSVWDialect                  - Only csvw:delimiter is supported, other dialect options will be ignored!
17:03:52,899 WARN  io.rml.framework.core.model.csvw.CSVWDialect                  - Only csvw:delimiter is supported, other dialect options will be ignored!
17:03:52,901 WARN  io.rml.framework.core.model.csvw.CSVWDialect                  - Only csvw:delimiter is supported, other dialect options will be ignored!
17:03:52,902 WARN  io.rml.framework.core.model.csvw.CSVWDialect                  - Only csvw:delimiter is supported, other dialect options will be ignored!
17:03:52,904 WARN  io.rml.framework.core.model.csvw.CSVWDialect                  - Only csvw:delimiter is supported, other dialect options will be ignored!
Number of standard stream triple maps: 12
Total extracted std triple maps: 12
Number of standard stream triple maps: 0
Total extracted std triple maps: 0
17:03:52,981 INFO  io.rml.framework.Main$                                        - Dataset Job Found.
17:03:53,026 INFO  io.rml.framework.Main$                                        - 3 Triple Maps are found.
17:03:53,036 INFO  io.rml.framework.Main$                                        - 2 Triple Maps are found.
17:03:53,037 INFO  io.rml.framework.Main$                                        - 2 Triple Maps are found.
17:03:53,038 INFO  io.rml.framework.Main$                                        - 3 Triple Maps are found.
17:03:53,039 INFO  io.rml.framework.Main$                                        - 2 Triple Maps are found.
17:03:56,427 WARN  org.apache.flink.runtime.webmonitor.WebMonitorUtils           - Log file environment variable 'log.file' is not set.
17:03:56,428 WARN  org.apache.flink.runtime.webmonitor.WebMonitorUtils           - JobManager log files are unavailable in the web dashboard. Log file location not found in environment variable 'log.file' or configuration key 'web.log.path'.
17:03:57,116 WARN  org.apache.flink.metrics.MetricGroup                          - The operator name DataSource (at org.apache.flink.api.scala.ExecutionEnvironment.createInput(ExecutionEnvironment.scala:360) (io.rml.framework.flink.source.CSVInputFormat)) exceeded the 80 characters length limit and was truncated.
17:03:57,112 WARN  org.apache.flink.metrics.MetricGroup                          - The operator name DataSource (at org.apache.flink.api.scala.ExecutionEnvironment.createInput(ExecutionEnvironment.scala:360) (io.rml.framework.flink.source.CSVInputFormat)) exceeded the 80 characters length limit and was truncated.
17:03:57,115 WARN  org.apache.flink.metrics.MetricGroup                          - The operator name DataSource (at org.apache.flink.api.scala.ExecutionEnvironment.createInput(ExecutionEnvironment.scala:360) (io.rml.framework.flink.source.CSVInputFormat)) exceeded the 80 characters length limit and was truncated.
17:03:57,113 WARN  org.apache.flink.metrics.MetricGroup                          - The operator name DataSource (at org.apache.flink.api.scala.ExecutionEnvironment.createInput(ExecutionEnvironment.scala:360) (io.rml.framework.flink.source.CSVInputFormat)) exceeded the 80 characters length limit and was truncated.
17:03:57,113 WARN  org.apache.flink.metrics.MetricGroup                          - The operator name DataSource (at org.apache.flink.api.scala.ExecutionEnvironment.createInput(ExecutionEnvironment.scala:360) (io.rml.framework.flink.source.CSVInputFormat)) exceeded the 80 characters length limit and was truncated.
17:03:57,113 WARN  org.apache.flink.metrics.MetricGroup                          - The operator name DataSource (at org.apache.flink.api.scala.ExecutionEnvironment.createInput(ExecutionEnvironment.scala:360) (io.rml.framework.flink.source.CSVInputFormat)) exceeded the 80 characters length limit and was truncated.
17:03:57,113 WARN  org.apache.flink.metrics.MetricGroup                          - The operator name DataSource (at org.apache.flink.api.scala.ExecutionEnvironment.createInput(ExecutionEnvironment.scala:360) (io.rml.framework.flink.source.CSVInputFormat)) exceeded the 80 characters length limit and was truncated.
17:03:57,117 WARN  org.apache.flink.metrics.MetricGroup                          - The operator name DataSource (at org.apache.flink.api.scala.ExecutionEnvironment.createInput(ExecutionEnvironment.scala:360) (io.rml.framework.flink.source.CSVInputFormat)) exceeded the 80 characters length limit and was truncated.
17:03:57,130 WARN  org.apache.flink.metrics.MetricGroup                          - The operator name DataSource (at org.apache.flink.api.scala.ExecutionEnvironment.createInput(ExecutionEnvironment.scala:360) (io.rml.framework.flink.source.CSVInputFormat)) exceeded the 80 characters length limit and was truncated.
17:03:57,144 WARN  org.apache.flink.metrics.MetricGroup                          - The operator name DataSource (at org.apache.flink.api.scala.ExecutionEnvironment.createInput(ExecutionEnvironment.scala:360) (io.rml.framework.flink.source.CSVInputFormat)) exceeded the 80 characters length limit and was truncated.
17:03:57,161 WARN  org.apache.flink.metrics.MetricGroup                          - The operator name DataSource (at org.apache.flink.api.scala.ExecutionEnvironment.createInput(ExecutionEnvironment.scala:360) (io.rml.framework.flink.source.CSVInputFormat)) exceeded the 80 characters length limit and was truncated.
17:03:57,162 WARN  org.apache.flink.metrics.MetricGroup                          - The operator name DataSource (at org.apache.flink.api.scala.ExecutionEnvironment.createInput(ExecutionEnvironment.scala:360) (io.rml.framework.flink.source.CSVInputFormat)) exceeded the 80 characters length limit and was truncated.
17:03:57,193 WARN  org.apache.flink.metrics.MetricGroup                          - The operator name DataSource (at org.apache.flink.api.scala.ExecutionEnvironment.createInput(ExecutionEnvironment.scala:360) (io.rml.framework.flink.source.CSVInputFormat)) exceeded the 80 characters length limit and was truncated.
17:03:57,196 WARN  org.apache.flink.metrics.MetricGroup                          - The operator name DataSource (at org.apache.flink.api.scala.ExecutionEnvironment.createInput(ExecutionEnvironment.scala:360) (io.rml.framework.flink.source.CSVInputFormat)) exceeded the 80 characters length limit and was truncated.
17:03:57,196 WARN  org.apache.flink.metrics.MetricGroup                          - The operator name DataSource (at org.apache.flink.api.scala.ExecutionEnvironment.createInput(ExecutionEnvironment.scala:360) (io.rml.framework.flink.source.CSVInputFormat)) exceeded the 80 characters length limit and was truncated.
17:03:57,229 WARN  org.apache.flink.metrics.MetricGroup                          - The operator name DataSource (at org.apache.flink.api.scala.ExecutionEnvironment.createInput(ExecutionEnvironment.scala:360) (io.rml.framework.flink.source.CSVInputFormat)) exceeded the 80 characters length limit and was truncated.
17:03:57,231 WARN  org.apache.flink.metrics.MetricGroup                          - The operator name DataSource (at org.apache.flink.api.scala.ExecutionEnvironment.createInput(ExecutionEnvironment.scala:360) (io.rml.framework.flink.source.CSVInputFormat)) exceeded the 80 characters length limit and was truncated.
17:03:57,231 WARN  org.apache.flink.metrics.MetricGroup                          - The operator name DataSource (at org.apache.flink.api.scala.ExecutionEnvironment.createInput(ExecutionEnvironment.scala:360) (io.rml.framework.flink.source.CSVInputFormat)) exceeded the 80 characters length limit and was truncated.
17:03:57,231 WARN  org.apache.flink.metrics.MetricGroup                          - The operator name DataSource (at org.apache.flink.api.scala.ExecutionEnvironment.createInput(ExecutionEnvironment.scala:360) (io.rml.framework.flink.source.CSVInputFormat)) exceeded the 80 characters length limit and was truncated.
17:03:57,230 WARN  org.apache.flink.metrics.MetricGroup                          - The operator name DataSource (at org.apache.flink.api.scala.ExecutionEnvironment.createInput(ExecutionEnvironment.scala:360) (io.rml.framework.flink.source.CSVInputFormat)) exceeded the 80 characters length limit and was truncated.
17:03:57,285 WARN  org.apache.flink.metrics.MetricGroup                          - The operator name DataSource (at org.apache.flink.api.scala.ExecutionEnvironment.createInput(ExecutionEnvironment.scala:360) (io.rml.framework.flink.source.CSVInputFormat)) exceeded the 80 characters length limit and was truncated.
17:03:57,286 WARN  org.apache.flink.metrics.MetricGroup                          - The operator name DataSource (at org.apache.flink.api.scala.ExecutionEnvironment.createInput(ExecutionEnvironment.scala:360) (io.rml.framework.flink.source.CSVInputFormat)) exceeded the 80 characters length limit and was truncated.
17:03:57,230 WARN  org.apache.flink.metrics.MetricGroup                          - The operator name DataSource (at org.apache.flink.api.scala.ExecutionEnvironment.createInput(ExecutionEnvironment.scala:360) (io.rml.framework.flink.source.CSVInputFormat)) exceeded the 80 characters length limit and was truncated.
17:03:57,288 WARN  org.apache.flink.metrics.MetricGroup                          - The operator name DataSource (at org.apache.flink.api.scala.ExecutionEnvironment.createInput(ExecutionEnvironment.scala:360) (io.rml.framework.flink.source.CSVInputFormat)) exceeded the 80 characters length limit and was truncated.
17:03:57,247 WARN  org.apache.flink.metrics.MetricGroup                          - The operator name DataSource (at org.apache.flink.api.scala.ExecutionEnvironment.createInput(ExecutionEnvironment.scala:360) (io.rml.framework.flink.source.CSVInputFormat)) exceeded the 80 characters length limit and was truncated.
17:03:57,247 WARN  org.apache.flink.metrics.MetricGroup                          - The operator name DataSource (at org.apache.flink.api.scala.ExecutionEnvironment.createInput(ExecutionEnvironment.scala:360) (io.rml.framework.flink.source.CSVInputFormat)) exceeded the 80 characters length limit and was truncated.
17:03:57,246 WARN  org.apache.flink.metrics.MetricGroup                          - The operator name DataSource (at org.apache.flink.api.scala.ExecutionEnvironment.createInput(ExecutionEnvironment.scala:360) (io.rml.framework.flink.source.CSVInputFormat)) exceeded the 80 characters length limit and was truncated.
17:03:57,246 WARN  org.apache.flink.metrics.MetricGroup                          - The operator name DataSource (at org.apache.flink.api.scala.ExecutionEnvironment.createInput(ExecutionEnvironment.scala:360) (io.rml.framework.flink.source.CSVInputFormat)) exceeded the 80 characters length limit and was truncated.
17:03:57,245 WARN  org.apache.flink.metrics.MetricGroup                          - The operator name DataSource (at org.apache.flink.api.scala.ExecutionEnvironment.createInput(ExecutionEnvironment.scala:360) (io.rml.framework.flink.source.CSVInputFormat)) exceeded the 80 characters length limit and was truncated.
17:03:57,244 WARN  org.apache.flink.metrics.MetricGroup                          - The operator name DataSource (at org.apache.flink.api.scala.ExecutionEnvironment.createInput(ExecutionEnvironment.scala:360) (io.rml.framework.flink.source.CSVInputFormat)) exceeded the 80 characters length limit and was truncated.
17:03:57,241 WARN  org.apache.flink.metrics.MetricGroup                          - The operator name DataSource (at org.apache.flink.api.scala.ExecutionEnvironment.createInput(ExecutionEnvironment.scala:360) (io.rml.framework.flink.source.CSVInputFormat)) exceeded the 80 characters length limit and was truncated.
17:03:57,241 WARN  org.apache.flink.metrics.MetricGroup                          - The operator name DataSource (at org.apache.flink.api.scala.ExecutionEnvironment.createInput(ExecutionEnvironment.scala:360) (io.rml.framework.flink.source.CSVInputFormat)) exceeded the 80 characters length limit and was truncated.
17:03:57,313 WARN  org.apache.flink.metrics.MetricGroup                          - The operator name DataSource (at org.apache.flink.api.scala.ExecutionEnvironment.createInput(ExecutionEnvironment.scala:360) (io.rml.framework.flink.source.CSVInputFormat)) exceeded the 80 characters length limit and was truncated.
17:03:57,308 WARN  org.apache.flink.metrics.MetricGroup                          - The operator name DataSource (at org.apache.flink.api.scala.ExecutionEnvironment.createInput(ExecutionEnvironment.scala:360) (io.rml.framework.flink.source.CSVInputFormat)) exceeded the 80 characters length limit and was truncated.
17:03:57,308 WARN  org.apache.flink.metrics.MetricGroup                          - The operator name DataSource (at org.apache.flink.api.scala.ExecutionEnvironment.createInput(ExecutionEnvironment.scala:360) (io.rml.framework.flink.source.CSVInputFormat)) exceeded the 80 characters length limit and was truncated.
17:03:57,308 WARN  org.apache.flink.metrics.MetricGroup                          - The operator name DataSource (at org.apache.flink.api.scala.ExecutionEnvironment.createInput(ExecutionEnvironment.scala:360) (io.rml.framework.flink.source.CSVInputFormat)) exceeded the 80 characters length limit and was truncated.
17:03:57,290 WARN  org.apache.flink.metrics.MetricGroup                          - The operator name DataSource (at org.apache.flink.api.scala.ExecutionEnvironment.createInput(ExecutionEnvironment.scala:360) (io.rml.framework.flink.source.CSVInputFormat)) exceeded the 80 characters length limit and was truncated.
17:03:57,289 WARN  org.apache.flink.metrics.MetricGroup                          - The operator name DataSource (at org.apache.flink.api.scala.ExecutionEnvironment.createInput(ExecutionEnvironment.scala:360) (io.rml.framework.flink.source.CSVInputFormat)) exceeded the 80 characters length limit and was truncated.
17:03:57,315 WARN  org.apache.flink.metrics.MetricGroup                          - The operator name DataSource (at org.apache.flink.api.scala.ExecutionEnvironment.createInput(ExecutionEnvironment.scala:360) (io.rml.framework.flink.source.CSVInputFormat)) exceeded the 80 characters length limit and was truncated.
17:03:57,335 WARN  org.apache.flink.metrics.MetricGroup                          - The operator name DataSource (at org.apache.flink.api.scala.ExecutionEnvironment.createInput(ExecutionEnvironment.scala:360) (io.rml.framework.flink.source.CSVInputFormat)) exceeded the 80 characters length limit and was truncated.
WARNING: metrics header mismatch; backed up to /data/metrics/metrics_csv_bak_20261008T170349.csv and creating new metrics file.
Done.
JSON: /data/metrics/stages/conversion/HG005_GRCh38_r100000.json
CSV:  /data/metrics/metrics.csv
[exit 0]
