Step 1/5: Validating inputs ✅
  Metrics: /home/ubuntu/vrdev-test/acmg-run/results/17_use_case_acmg__cohort/convert__NA19719/out/run_metrics/NA19719.acmg__20260928T170350
  Detailed logs: /home/ubuntu/vrdev-test/acmg-run/results/17_use_case_acmg__cohort/convert__NA19719/out/run_metrics/NA19719.acmg__20260928T170350/logs/wrapper.log
  Progress log: /home/ubuntu/vrdev-test/acmg-run/results/17_use_case_acmg__cohort/convert__NA19719/out/run_metrics/NA19719.acmg__20260928T170350/logs/progress.log
Step 2/5: Ensuring Docker image is available ✅
Step 3/5: Processing per-input pipeline (TSV -> RDF -> compression)
  Sample representation: expanded
  INFO representation: structured
  Header representation: structured
  - Input 1/1: NA19719.acmg.vcf
    * TSV conversion ✅
    * VCF version: VCFv4.2 (detected)
    * RDF conversion ✅
    * Streaming expanded multi-sample RDF (no expanded helper TSVs)
    * Sample calls streamed: 9,825; FORMAT values: 9,825
    * Streaming structured header RDF
    * Header lines typed: 43; contigs: 24
    * Streaming QUAL and structured INFO RDF
    * QUAL values streamed: 9,825; INFO values: 0; declarations: 0
    * Triples produced: 579,828
    * Compression ✅
    * Output directory: /home/ubuntu/vrdev-test/acmg-run/results/17_use_case_acmg__cohort/convert__NA19719/out/NA19719.acmg
      - RDF aggregate: NA19719.acmg.nt
      - N-Triples (.nt): 74.29 MB (removed after successful compression)
      - gzip (.nt.gz): 2.71 MB
Total triples produced (full run): 579,828
Conversion process finished.
Run time (full mode): 16.55s
Timing log: /home/ubuntu/vrdev-test/acmg-run/results/17_use_case_acmg__cohort/convert__NA19719/out/run_metrics/NA19719.acmg__20260928T170350/wrapper_execution_times.csv
Metrics summary: /home/ubuntu/vrdev-test/acmg-run/results/17_use_case_acmg__cohort/convert__NA19719/out/run_metrics/NA19719.acmg__20260928T170350/summary.json
