TSV conversion: NA20818.acmg: started
TSV conversion: NA20818.acmg: finished
RMLStreamer: NA20818.acmg: started
  RMLStreamer: NA20818.acmg: rmlstreamer started — 0 B · 0 parts
  RMLStreamer: NA20818.acmg: rmlstreamer heartbeat — 0 B · 0 parts
  RMLStreamer: NA20818.acmg: rmlstreamer heartbeat — 6.22 MB · 8 parts
  RMLStreamer: NA20818.acmg: rmlstreamer heartbeat — 9.71 MB · 8 parts
  RMLStreamer: NA20818.acmg: rmlstreamer complete — 9.71 MB · 8 parts
  RMLStreamer: NA20818.acmg: rdf-aggregate started — 0 parts
  RMLStreamer: NA20818.acmg: rdf-aggregate part — 1 parts
  RMLStreamer: NA20818.acmg: rdf-aggregate part — 2 parts
  RMLStreamer: NA20818.acmg: rdf-aggregate part — 3 parts
  RMLStreamer: NA20818.acmg: rdf-aggregate part — 4 parts
  RMLStreamer: NA20818.acmg: rdf-aggregate part — 5 parts
  RMLStreamer: NA20818.acmg: rdf-aggregate part — 6 parts
  RMLStreamer: NA20818.acmg: rdf-aggregate part — 7 parts
  RMLStreamer: NA20818.acmg: rdf-aggregate part — 8 parts
  RMLStreamer: NA20818.acmg: rdf-aggregate complete — 8 parts
RMLStreamer: NA20818.acmg: finished
Gzip: NA20818.acmg: started
Gzip: NA20818.acmg: finished
