TSV conversion: version_missing_declaration: started
TSV conversion: version_missing_declaration: finished
RMLStreamer: version_missing_declaration: started
  RMLStreamer: version_missing_declaration: rmlstreamer started — 0 B · 0 parts
  RMLStreamer: version_missing_declaration: rmlstreamer heartbeat — 0 B · 0 parts
  RMLStreamer: version_missing_declaration: rmlstreamer heartbeat — 1.38 KB · 8 parts
  RMLStreamer: version_missing_declaration: rmlstreamer heartbeat — 6.83 KB · 8 parts
  RMLStreamer: version_missing_declaration: rmlstreamer complete — 6.83 KB · 8 parts
  RMLStreamer: version_missing_declaration: rdf-aggregate started — 0 parts
  RMLStreamer: version_missing_declaration: rdf-aggregate part — 1 parts
  RMLStreamer: version_missing_declaration: rdf-aggregate part — 2 parts
  RMLStreamer: version_missing_declaration: rdf-aggregate part — 3 parts
  RMLStreamer: version_missing_declaration: rdf-aggregate part — 4 parts
  RMLStreamer: version_missing_declaration: rdf-aggregate part — 5 parts
  RMLStreamer: version_missing_declaration: rdf-aggregate part — 6 parts
  RMLStreamer: version_missing_declaration: rdf-aggregate part — 7 parts
  RMLStreamer: version_missing_declaration: rdf-aggregate part — 8 parts
  RMLStreamer: version_missing_declaration: rdf-aggregate complete — 8 parts
RMLStreamer: version_missing_declaration: finished
Partitioned compression: version_missing_declaration: started
  Partitioned compression: version_missing_declaration: rdf-scan started — 0 triples
  Partitioned compression: version_missing_declaration: rdf-scan chunk — 254 triples · 1 chunks · 37,499 bytes read
  Partitioned compression: version_missing_declaration: hdt-chunks started — 0 chunks · hdt-build-00000
  Partitioned compression: version_missing_declaration: hdt-chunks complete — 1 chunks · hdt-build-00000
  Partitioned compression: version_missing_declaration: rdf-scan complete — 254 triples · 1 chunks
  Partitioned compression: version_missing_declaration: hdt-chunks complete — 1 chunks
  Partitioned compression: version_missing_declaration: hdt started — hdt-index
  Partitioned compression: version_missing_declaration: hdt complete — hdt-index
  Partitioned compression: version_missing_declaration: hdt started — hdt-validate
  Partitioned compression: version_missing_declaration: hdt complete — hdt-validate
Partitioned compression: version_missing_declaration: finished
