Step 1/5: Validating inputs ✅
  Metrics: /home/ubuntu/vcf-rdfizer-testing/benchmarks_outputs/07_representation_axes/version__fallback_undeclared/out/run_metrics/version_missing_declaration__20260915T003611
  Detailed logs: /home/ubuntu/vcf-rdfizer-testing/benchmarks_outputs/07_representation_axes/version__fallback_undeclared/out/run_metrics/version_missing_declaration__20260915T003611/logs/wrapper.log
  Progress log: /home/ubuntu/vcf-rdfizer-testing/benchmarks_outputs/07_representation_axes/version__fallback_undeclared/out/run_metrics/version_missing_declaration__20260915T003611/logs/progress.log
Step 2/5: Ensuring Docker image is available ✅
Step 3/5: Processing per-input pipeline (TSV -> RDF -> compression)
  Spark partition hint: 8
  Sample representation: expanded
  INFO representation: structured
  Header representation: structured
  - Input 1/1: version_missing_declaration.vcf
    * TSV conversion ✅
    ! VCF version not recognized (no ##fileformat line); converting with VCFv4.5 rules and no version class
    * RDF conversion ✅
    * Streaming expanded multi-sample RDF (no expanded helper TSVs)
    * Sample calls streamed: 1; FORMAT values: 2
    * Streaming structured header RDF
    * Header lines typed: 7; contigs: 1
    * Streaming QUAL and structured INFO RDF
    * QUAL values streamed: 1; INFO values: 1; declarations: 1
    * Triples produced: 254
    * Compression ✅
    * Output directory: /home/ubuntu/vcf-rdfizer-testing/benchmarks_outputs/07_representation_axes/version__fallback_undeclared/out/version_missing_declaration
      - RDF aggregate: version_missing_declaration.nt.gz
      - RDF (.gz): 4.20 KB (removed after successful compression)
      - HDT (.hdt): 5.56 KB (/home/ubuntu/vcf-rdfizer-testing/benchmarks_outputs/07_representation_axes/version__fallback_undeclared/out/version_missing_declaration/version_missing_declaration.hdt)
Total triples produced (full run): 254
Conversion process finished.
Run time (full mode): 14.42s
Timing log: /home/ubuntu/vcf-rdfizer-testing/benchmarks_outputs/07_representation_axes/version__fallback_undeclared/out/run_metrics/version_missing_declaration__20260915T003611/wrapper_execution_times.csv
Metrics summary: /home/ubuntu/vcf-rdfizer-testing/benchmarks_outputs/07_representation_axes/version__fallback_undeclared/out/run_metrics/version_missing_declaration__20260915T003611/summary.json
