
[TEST] [condensed] Point a record at a blank node instead of its call resource.
[PASS] [condensed] Point a record at a blank node instead of its call resource.

[TEST] [condensed] Misclassify an SNV allele as a symbolic one.
[PASS] [condensed] Misclassify an SNV allele as a symbolic one.

[TEST] [condensed] Change one parsed ALT allele's lexical value.
[PASS] [condensed] Change one parsed ALT allele's lexical value.

[TEST] [condensed] Change one record's ALT so its shape class changes.
[PASS] [condensed] Change one record's ALT so its shape class changes.

[TEST] [condensed] Change one header attribute's value.
[PASS] [condensed] Change one header attribute's value.

[TEST] [condensed] Change one record's CHROM.
[PASS] [condensed] Change one record's CHROM.

[TEST] [condensed] Declare the wrong number of contigs.
[PASS] [condensed] Declare the wrong number of contigs.

[TEST] [condensed] Change the declared fileformat.
[PASS] [condensed] Change the declared fileformat.

[TEST] [condensed] Change a FILTER value while keeping its broad status class.
[PASS] [condensed] Change a FILTER value while keeping its broad status class.

[TEST] [condensed] Change one sample's value inside a condensed FORMAT vector.
[PASS] [condensed] Change one sample's value inside a condensed FORMAT vector.

[TEST] [condensed] Change a record's raw INFO string.
[PASS] [condensed] Change a record's raw INFO string.

[TEST] [condensed] Change a structured INFO value.
[PASS] [condensed] Change a structured INFO value.

[TEST] [condensed] Move a record into a different 1 Mb window.
[PASS] [condensed] Move a record into a different 1 Mb window.

[TEST] [condensed] Change a QUAL value.
[PASS] [condensed] Change a QUAL value.

[TEST] [condensed] Renumber one record, breaking the file's record order.
[PASS] [condensed] Renumber one record, breaking the file's record order.

[TEST] [condensed] Give two samples the same ordinal in the sample set.
[PASS] [condensed] Give two samples the same ordinal in the sample set.

[TEST] [condensed] Point a Number=A value item at the wrong ALT allele.
[PASS] [condensed] Point a Number=A value item at the wrong ALT allele.

[TEST] [condensed] Emit no QUAL at all, as the mapping did before it was fixed.
[PASS] [condensed] Emit no QUAL at all, as the mapping did before it was fixed.

[TEST] [condensed] Remove one ALT allele resource from a multi-allelic record.
[PASS] [condensed] Remove one ALT allele resource from a multi-allelic record.

[TEST] [condensed] Remove a symbolic ALT declaration's id.
[PASS] [condensed] Remove a symbolic ALT declaration's id.

[TEST] [condensed] Remove a contig's declared length.
[PASS] [condensed] Remove a contig's declared length.

[TEST] [condensed] Unlink one record from the contig its CHROM names.
[PASS] [condensed] Unlink one record from the contig its CHROM names.

[TEST] [condensed] Remove the declared file date.
[PASS] [condensed] Remove the declared file date.

[TEST] [condensed] Remove one FILTER triple.
[PASS] [condensed] Remove one FILTER triple.

[TEST] [condensed] Remove a FILTER declaration's id.
[PASS] [condensed] Remove a FILTER declaration's id.

[TEST] [condensed] Remove one vcfc:HeaderAttribute from a structured header line.
[PASS] [condensed] Remove one vcfc:HeaderAttribute from a structured header line.

[TEST] [condensed] Remove one HeaderLine resource.
[PASS] [condensed] Remove one HeaderLine resource.

[TEST] [condensed] Remove an INFO field declaration resource.
[PASS] [condensed] Remove an INFO field declaration resource.

[TEST] [condensed] Remove a structured INFO value node.
[PASS] [condensed] Remove a structured INFO value node.

[TEST] [condensed] Remove one header line's ordering index.
[PASS] [condensed] Remove one header line's ordering index.

[TEST] [condensed] Remove one record's POS triple.
[PASS] [condensed] Remove one record's POS triple.

[TEST] [condensed] Remove a QUAL triple.
[PASS] [condensed] Remove a QUAL triple.

[TEST] [condensed] Remove every triple of one VCFRecord.
[PASS] [condensed] Remove every triple of one VCFRecord.

[TEST] [condensed] Remove the declared reference genome.
[PASS] [condensed] Remove the declared reference genome.

[TEST] [condensed] Remove the file's reusable sample set.
[PASS] [condensed] Remove the file's reusable sample set.

[TEST] [condensed] Remove one parsed item of a Number=A INFO value.
[PASS] [condensed] Remove one parsed item of a Number=A INFO value.

[TEST] [condensed] Remove the vcfc:VCF4xFile class the version sentinel resolves to.
[PASS] [condensed] Remove the vcfc:VCF4xFile class the version sentinel resolves to.

[TEST] [condensed] Emit a declared field definition's ID twice.
[PASS] [condensed] Emit a declared field definition's ID twice.

[TEST] [condensed] Emit a second copy of a record under a new IRI.
[PASS] [condensed] Emit a second copy of a record under a new IRI.

[TEST] [condensed] Emit the same statement twice, as a duplicated RDF part would.
[PASS] [condensed] Emit the same statement twice, as a duplicated RDF part would.

[TEST] [condensed] Concatenate the graph with itself, as a duplicated part file would.
[PASS] [condensed] Concatenate the graph with itself, as a duplicated part file would.

[TEST] [condensed] Emit an empty literal where a value was expected.
[PASS] [condensed] Emit an empty literal where a value was expected.

[TEST] [condensed] Emit a record as a blank node instead of an IRI.
[PASS] [condensed] Emit a record as a blank node instead of an IRI.

[TEST] [condensed] Swap POS between two records in the same contig and 1 Mb window.
[PASS] [condensed] Swap POS between two records in the same contig and 1 Mb window.

[TEST] [condensed] Swap REF and ALT between two transition SNVs in the same window.
[PASS] [condensed] Swap REF and ALT between two transition SNVs in the same window.

[TEST] [condensed] Emit a missing token as a plain '.' instead of '.'^^vcfc:Null.
[PASS] [condensed] Emit a missing token as a plain '.' instead of '.'^^vcfc:Null.

[TEST] [condensed] Drop the typed integer form of an INFO value.
[PASS] [condensed] Drop the typed integer form of an INFO value.

[TEST] [condensed] Emit POS as a plain string instead of an integer.
[PASS] [condensed] Emit POS as a plain string instead of an integer.

[TEST] [condensed] Add a triple using a predicate the vocabulary does not define.
[PASS] [condensed] Add a triple using a predicate the vocabulary does not define.

[TEST] [condensed] Strip a header line's vocabulary subclass.
[PASS] [condensed] Strip a header line's vocabulary subclass.

[TEST] [condensed] Emit a literal containing only whitespace.
[PASS] [condensed] Emit a literal containing only whitespace.

[TEST] [condensed] Move a declared definition's ID onto the wrong header line.
[PASS] [condensed] Move a declared definition's ID onto the wrong header line.

[TEST] [condensed] Declare the wrong sample representation profile.
[PASS] [condensed] Declare the wrong sample representation profile.

[TEST] [condensed] Type the file with a VCF version it does not declare.
[PASS] [condensed] Type the file with a VCF version it does not declare.

[TEST] [expanded] Point a record at a blank node instead of its call resource.
[PASS] [expanded] Point a record at a blank node instead of its call resource.

[TEST] [expanded] Misclassify an SNV allele as a symbolic one.
[PASS] [expanded] Misclassify an SNV allele as a symbolic one.

[TEST] [expanded] Change one parsed ALT allele's lexical value.
[PASS] [expanded] Change one parsed ALT allele's lexical value.

[TEST] [expanded] Change one record's ALT so its shape class changes.
[PASS] [expanded] Change one record's ALT so its shape class changes.

[TEST] [expanded] Change one header attribute's value.
[PASS] [expanded] Change one header attribute's value.

[TEST] [expanded] Point a genotype allele call at the wrong allele.
[PASS] [expanded] Point a genotype allele call at the wrong allele.

[TEST] [expanded] Change one record's CHROM.
[PASS] [expanded] Change one record's CHROM.

[TEST] [expanded] Declare the wrong number of contigs.
[PASS] [expanded] Declare the wrong number of contigs.

[TEST] [expanded] Change the declared fileformat.
[PASS] [expanded] Change the declared fileformat.

[TEST] [expanded] Change a FILTER value while keeping its broad status class.
[PASS] [expanded] Change a FILTER value while keeping its broad status class.

[TEST] [expanded] Change a DP value.
[PASS] [expanded] Change a DP value.

[TEST] [expanded] Change a record's raw INFO string.
[PASS] [expanded] Change a record's raw INFO string.

[TEST] [expanded] Change a structured INFO value.
[PASS] [expanded] Change a structured INFO value.

[TEST] [expanded] Move a record into a different 1 Mb window.
[PASS] [expanded] Move a record into a different 1 Mb window.

[TEST] [expanded] Change a QUAL value.
[PASS] [expanded] Change a QUAL value.

[TEST] [expanded] Renumber one record, breaking the file's record order.
[PASS] [expanded] Renumber one record, breaking the file's record order.

[TEST] [expanded] The same ordinal corruption, where nothing decodes by position.
[PASS] [expanded] The same ordinal corruption, where nothing decodes by position.

[TEST] [expanded] Point a Number=A value item at the wrong ALT allele.
[PASS] [expanded] Point a Number=A value item at the wrong ALT allele.

[TEST] [expanded] Emit no QUAL at all, as the mapping did before it was fixed.
[PASS] [expanded] Emit no QUAL at all, as the mapping did before it was fixed.

[TEST] [expanded] Remove one ALT allele resource from a multi-allelic record.
[PASS] [expanded] Remove one ALT allele resource from a multi-allelic record.

[TEST] [expanded] Remove a symbolic ALT declaration's id.
[PASS] [expanded] Remove a symbolic ALT declaration's id.

[TEST] [expanded] Remove a contig's declared length.
[PASS] [expanded] Remove a contig's declared length.

[TEST] [expanded] Unlink one record from the contig its CHROM names.
[PASS] [expanded] Unlink one record from the contig its CHROM names.

[TEST] [expanded] Remove the declared file date.
[PASS] [expanded] Remove the declared file date.

[TEST] [expanded] Remove one FILTER triple.
[PASS] [expanded] Remove one FILTER triple.

[TEST] [expanded] Remove a FILTER declaration's id.
[PASS] [expanded] Remove a FILTER declaration's id.

[TEST] [expanded] Remove a non-GT FORMAT value node (DP).
[PASS] [expanded] Remove a non-GT FORMAT value node (DP).

[TEST] [expanded] Remove one parsed genotype resource.
[PASS] [expanded] Remove one parsed genotype resource.

[TEST] [expanded] Remove one vcfc:HeaderAttribute from a structured header line.
[PASS] [expanded] Remove one vcfc:HeaderAttribute from a structured header line.

[TEST] [expanded] Remove one HeaderLine resource.
[PASS] [expanded] Remove one HeaderLine resource.

[TEST] [expanded] Remove an INFO field declaration resource.
[PASS] [expanded] Remove an INFO field declaration resource.

[TEST] [expanded] Remove a structured INFO value node.
[PASS] [expanded] Remove a structured INFO value node.

[TEST] [expanded] Remove one header line's ordering index.
[PASS] [expanded] Remove one header line's ordering index.

[TEST] [expanded] Remove one record's POS triple.
[PASS] [expanded] Remove one record's POS triple.

[TEST] [expanded] Remove a QUAL triple.
[PASS] [expanded] Remove a QUAL triple.

[TEST] [expanded] Remove every triple of one VCFRecord.
[PASS] [expanded] Remove every triple of one VCFRecord.

[TEST] [expanded] Remove the declared reference genome.
[PASS] [expanded] Remove the declared reference genome.

[TEST] [expanded] Remove one SampleCall entirely.
[PASS] [expanded] Remove one SampleCall entirely.

[TEST] [expanded] Remove the file's reusable sample set.
[PASS] [expanded] Remove the file's reusable sample set.

[TEST] [expanded] Remove one parsed item of a Number=A INFO value.
[PASS] [expanded] Remove one parsed item of a Number=A INFO value.

[TEST] [expanded] Remove the vcfc:VCF4xFile class the version sentinel resolves to.
[PASS] [expanded] Remove the vcfc:VCF4xFile class the version sentinel resolves to.

[TEST] [expanded] Emit a declared field definition's ID twice.
[PASS] [expanded] Emit a declared field definition's ID twice.

[TEST] [expanded] Emit a second copy of a record under a new IRI.
[PASS] [expanded] Emit a second copy of a record under a new IRI.

[TEST] [expanded] Emit the same statement twice, as a duplicated RDF part would.
[PASS] [expanded] Emit the same statement twice, as a duplicated RDF part would.

[TEST] [expanded] Concatenate the graph with itself, as a duplicated part file would.
[PASS] [expanded] Concatenate the graph with itself, as a duplicated part file would.

[TEST] [expanded] Emit an empty literal where a value was expected.
[PASS] [expanded] Emit an empty literal where a value was expected.

[TEST] [expanded] Change one sample's GT value.
[PASS] [expanded] Change one sample's GT value.

[TEST] [expanded] Report a phased genotype as unphased.
[PASS] [expanded] Report a phased genotype as unphased.

[TEST] [expanded] Emit a record as a blank node instead of an IRI.
[PASS] [expanded] Emit a record as a blank node instead of an IRI.

[TEST] [expanded] Swap POS between two records in the same contig and 1 Mb window.
[PASS] [expanded] Swap POS between two records in the same contig and 1 Mb window.

[TEST] [expanded] Swap REF and ALT between two transition SNVs in the same window.
[PASS] [expanded] Swap REF and ALT between two transition SNVs in the same window.

[TEST] [expanded] Emit a missing token as a plain '.' instead of '.'^^vcfc:Null.
[PASS] [expanded] Emit a missing token as a plain '.' instead of '.'^^vcfc:Null.

[TEST] [expanded] Drop the typed integer form of an INFO value.
[PASS] [expanded] Drop the typed integer form of an INFO value.

[TEST] [expanded] Emit POS as a plain string instead of an integer.
[PASS] [expanded] Emit POS as a plain string instead of an integer.

[TEST] [expanded] Add a triple using a predicate the vocabulary does not define.
[PASS] [expanded] Add a triple using a predicate the vocabulary does not define.

[TEST] [expanded] Strip a header line's vocabulary subclass.
[PASS] [expanded] Strip a header line's vocabulary subclass.

[TEST] [expanded] Emit a literal containing only whitespace.
[PASS] [expanded] Emit a literal containing only whitespace.

[TEST] [expanded] Move a declared definition's ID onto the wrong header line.
[PASS] [expanded] Move a declared definition's ID onto the wrong header line.

[TEST] [expanded] Type the file with a VCF version it does not declare.
[PASS] [expanded] Type the file with a VCF version it does not declare.

  mutation score: 113/113 (100% detected)

[TEST] A guard that the fixture's two halves cannot drift apart silently.
[PASS] A guard that the fixture's two halves cannot drift apart silently.

[TEST] The same holds for the condensed representation.
[PASS] The same holds for the condensed representation.

[TEST] A correct expanded graph validates cleanly against the fixture oracle.
[PASS] A correct expanded graph validates cleanly against the fixture oracle.
