TSV conversion: HG03294.acmg: started
TSV conversion: HG03294.acmg: finished
RMLStreamer: HG03294.acmg: started
  RMLStreamer: HG03294.acmg: rmlstreamer started — 0 B · 0 parts
  RMLStreamer: HG03294.acmg: rmlstreamer heartbeat — 0 B · 0 parts
  RMLStreamer: HG03294.acmg: rmlstreamer heartbeat — 5.29 MB · 8 parts
  RMLStreamer: HG03294.acmg: rmlstreamer heartbeat — 12.10 MB · 8 parts
  RMLStreamer: HG03294.acmg: rmlstreamer complete — 12.10 MB · 8 parts
  RMLStreamer: HG03294.acmg: rdf-aggregate started — 0 parts
  RMLStreamer: HG03294.acmg: rdf-aggregate part — 1 parts
  RMLStreamer: HG03294.acmg: rdf-aggregate part — 2 parts
  RMLStreamer: HG03294.acmg: rdf-aggregate part — 3 parts
  RMLStreamer: HG03294.acmg: rdf-aggregate part — 4 parts
  RMLStreamer: HG03294.acmg: rdf-aggregate part — 5 parts
  RMLStreamer: HG03294.acmg: rdf-aggregate part — 6 parts
  RMLStreamer: HG03294.acmg: rdf-aggregate part — 7 parts
  RMLStreamer: HG03294.acmg: rdf-aggregate part — 8 parts
  RMLStreamer: HG03294.acmg: rdf-aggregate complete — 8 parts
RMLStreamer: HG03294.acmg: finished
Gzip: HG03294.acmg: started
Gzip: HG03294.acmg: finished
