TSV conversion: test-1k: started
TSV conversion: test-1k: finished
RMLStreamer: test-1k: started
  RMLStreamer: test-1k: rmlstreamer started — 0 B · 0 parts
  RMLStreamer: test-1k: rmlstreamer heartbeat — 0 B · 0 parts
  RMLStreamer: test-1k: rmlstreamer heartbeat — 4.50 KB · 8 parts
  RMLStreamer: test-1k: rmlstreamer heartbeat — 924.42 KB · 8 parts
  RMLStreamer: test-1k: rmlstreamer complete — 924.42 KB · 8 parts
  RMLStreamer: test-1k: rdf-aggregate started — 0 parts
  RMLStreamer: test-1k: rdf-aggregate part — 1 parts
  RMLStreamer: test-1k: rdf-aggregate part — 2 parts
  RMLStreamer: test-1k: rdf-aggregate part — 3 parts
  RMLStreamer: test-1k: rdf-aggregate part — 4 parts
  RMLStreamer: test-1k: rdf-aggregate part — 5 parts
  RMLStreamer: test-1k: rdf-aggregate part — 6 parts
  RMLStreamer: test-1k: rdf-aggregate part — 7 parts
  RMLStreamer: test-1k: rdf-aggregate part — 8 parts
  RMLStreamer: test-1k: rdf-aggregate complete — 8 parts
RMLStreamer: test-1k: finished
Partitioned compression: test-1k: started
  Partitioned compression: test-1k: rdf-scan started — 0 triples
  Partitioned compression: test-1k: rdf-scan chunk — 94,919 triples · 1 chunks · 11,896,684 bytes read
  Partitioned compression: test-1k: hdt-chunks started — 0 chunks · hdt-build-00000
  Partitioned compression: test-1k: hdt-chunks complete — 1 chunks · hdt-build-00000
  Partitioned compression: test-1k: cottas-chunks started — 0 chunks · cottas-build-00000
  Partitioned compression: test-1k: cottas-chunks complete — 1 chunks · cottas-build-00000
  Partitioned compression: test-1k: rdf-scan complete — 94,919 triples · 1 chunks
  Partitioned compression: test-1k: hdt-chunks complete — 1 chunks
  Partitioned compression: test-1k: cottas-chunks complete — 1 chunks
  Partitioned compression: test-1k: hdt started — hdt-index
  Partitioned compression: test-1k: hdt complete — hdt-index
  Partitioned compression: test-1k: hdt started — hdt-validate
  Partitioned compression: test-1k: hdt complete — hdt-validate
  Partitioned compression: test-1k: cottas started — cottas-validate
  Partitioned compression: test-1k: cottas complete — cottas-validate
  Partitioned compression: test-1k: hdt started — hdt-gzip
  Partitioned compression: test-1k: hdt complete — hdt-gzip
  Partitioned compression: test-1k: cottas started — cottas-gzip
  Partitioned compression: test-1k: cottas complete — cottas-gzip
Partitioned compression: test-1k: finished
Validation: test-1k: started
  Validation: test-1k: validation started — 0 queries · expanded validation started
  Validation: test-1k: validation progress — 0 queries · materializing nt.gz artifact inside container
  Validation: test-1k: validation progress — 1 queries · comunica: completed preflight_record_cardinality
  Validation: test-1k: validation progress — 2 queries · comunica: completed preflight_position_datatype
  Validation: test-1k: validation progress — 3 queries · comunica: completed preflight_missing_token_conformance
  Validation: test-1k: validation progress — 4 queries · comunica: completed preflight_representation_profile
  Validation: test-1k: validation progress — 5 queries · comunica: completed preflight_sample_gt_inventory
  Validation: test-1k: validation progress — 6 queries · comunica: completed preflight_blank_nodes
  Validation: test-1k: validation progress — 7 queries · comunica: completed preflight_empty_values
  Validation: test-1k: validation progress — 8 queries · comunica: completed preflight_distinct_triple_count
  Validation: test-1k: validation progress — 9 queries · comunica: completed preflight_record_cardinality_count
  Validation: test-1k: validation progress — 10 queries · comunica: completed preflight_position_datatype_count
  Validation: test-1k: validation progress — 11 queries · comunica: completed preflight_missing_token_conformance_count
  Validation: test-1k: validation progress — 12 queries · comunica: completed preflight_representation_profile_count
  Validation: test-1k: validation progress — 13 queries · comunica: completed preflight_blank_nodes_count
  Validation: test-1k: validation progress — 14 queries · comunica: completed preflight_empty_values_count
  Validation: test-1k: validation progress — 15 queries · comunica: completed q01_record_density_1mb
  Validation: test-1k: validation progress — 16 queries · comunica: completed q02_variant_shape_counts
  Validation: test-1k: validation progress — 17 queries · comunica: completed q03_titv
  Validation: test-1k: validation progress — 18 queries · comunica: completed q04_filter_distribution
  Validation: test-1k: validation progress — 19 queries · comunica: completed q05_sample_genotype_counts
  Validation: test-1k: validation progress — 20 queries · comunica: completed q06_ac_an_distribution
  Validation: test-1k: validation progress — 21 queries · comunica: completed q07_file_metadata
  Validation: test-1k: validation progress — 22 queries · comunica: completed q08_header_line_census
  Validation: test-1k: validation progress — 23 queries · comunica: completed q09_predicate_census
  Validation: test-1k: validation progress — 24 queries · comunica: completed q10_class_census
  Validation: test-1k: validation progress — 25 queries · comunica: completed q11_record_digest
  Validation: test-1k: validation progress — 26 queries · comunica: completed q12_info_value_digest
  Validation: test-1k: validation progress — 27 queries · comunica: completed q13_format_value_digest
  Validation: test-1k: validation complete — 27 queries · validation pass
Validation: test-1k: finished
Validation: test-1k__hdt: started
  Validation: test-1k__hdt: validation started — 0 queries · expanded validation started
  Validation: test-1k__hdt: validation progress — 0 queries · materializing hdt artifact inside container
  Validation: test-1k__hdt: validation progress — 1 queries · comunica: completed preflight_record_cardinality
  Validation: test-1k__hdt: validation progress — 2 queries · comunica: completed preflight_position_datatype
  Validation: test-1k__hdt: validation progress — 3 queries · comunica: completed preflight_missing_token_conformance
  Validation: test-1k__hdt: validation progress — 4 queries · comunica: completed preflight_representation_profile
  Validation: test-1k__hdt: validation progress — 5 queries · comunica: completed preflight_sample_gt_inventory
  Validation: test-1k__hdt: validation progress — 6 queries · comunica: completed preflight_blank_nodes
  Validation: test-1k__hdt: validation progress — 7 queries · comunica: completed preflight_empty_values
  Validation: test-1k__hdt: validation progress — 8 queries · comunica: completed preflight_distinct_triple_count
  Validation: test-1k__hdt: validation progress — 9 queries · comunica: completed preflight_record_cardinality_count
  Validation: test-1k__hdt: validation progress — 10 queries · comunica: completed preflight_position_datatype_count
  Validation: test-1k__hdt: validation progress — 11 queries · comunica: completed preflight_missing_token_conformance_count
  Validation: test-1k__hdt: validation progress — 12 queries · comunica: completed preflight_representation_profile_count
  Validation: test-1k__hdt: validation progress — 13 queries · comunica: completed preflight_blank_nodes_count
  Validation: test-1k__hdt: validation progress — 14 queries · comunica: completed preflight_empty_values_count
  Validation: test-1k__hdt: validation progress — 15 queries · comunica: completed q01_record_density_1mb
  Validation: test-1k__hdt: validation progress — 16 queries · comunica: completed q02_variant_shape_counts
  Validation: test-1k__hdt: validation progress — 17 queries · comunica: completed q03_titv
  Validation: test-1k__hdt: validation progress — 18 queries · comunica: completed q04_filter_distribution
  Validation: test-1k__hdt: validation progress — 19 queries · comunica: completed q05_sample_genotype_counts
  Validation: test-1k__hdt: validation progress — 20 queries · comunica: completed q06_ac_an_distribution
  Validation: test-1k__hdt: validation progress — 21 queries · comunica: completed q07_file_metadata
  Validation: test-1k__hdt: validation progress — 22 queries · comunica: completed q08_header_line_census
  Validation: test-1k__hdt: validation progress — 23 queries · comunica: completed q09_predicate_census
  Validation: test-1k__hdt: validation progress — 24 queries · comunica: completed q10_class_census
  Validation: test-1k__hdt: validation progress — 25 queries · comunica: completed q11_record_digest
  Validation: test-1k__hdt: validation progress — 26 queries · comunica: completed q12_info_value_digest
  Validation: test-1k__hdt: validation progress — 27 queries · comunica: completed q13_format_value_digest
  Validation: test-1k__hdt: validation complete — 27 queries · validation pass
Validation: test-1k__hdt: finished
Validation: test-1k__cottas: started
  Validation: test-1k__cottas: validation started — 0 queries · expanded validation started
  Validation: test-1k__cottas: validation progress — 0 queries · materializing cottas artifact inside container
  Validation: test-1k__cottas: validation progress — 1 queries · comunica: completed preflight_record_cardinality
  Validation: test-1k__cottas: validation progress — 2 queries · comunica: completed preflight_position_datatype
  Validation: test-1k__cottas: validation progress — 3 queries · comunica: completed preflight_missing_token_conformance
  Validation: test-1k__cottas: validation progress — 4 queries · comunica: completed preflight_representation_profile
  Validation: test-1k__cottas: validation progress — 5 queries · comunica: completed preflight_sample_gt_inventory
  Validation: test-1k__cottas: validation progress — 6 queries · comunica: completed preflight_blank_nodes
  Validation: test-1k__cottas: validation progress — 7 queries · comunica: completed preflight_empty_values
  Validation: test-1k__cottas: validation progress — 8 queries · comunica: completed preflight_distinct_triple_count
  Validation: test-1k__cottas: validation progress — 9 queries · comunica: completed preflight_record_cardinality_count
  Validation: test-1k__cottas: validation progress — 10 queries · comunica: completed preflight_position_datatype_count
  Validation: test-1k__cottas: validation progress — 11 queries · comunica: completed preflight_missing_token_conformance_count
  Validation: test-1k__cottas: validation progress — 12 queries · comunica: completed preflight_representation_profile_count
  Validation: test-1k__cottas: validation progress — 13 queries · comunica: completed preflight_blank_nodes_count
  Validation: test-1k__cottas: validation progress — 14 queries · comunica: completed preflight_empty_values_count
  Validation: test-1k__cottas: validation progress — 15 queries · comunica: completed q01_record_density_1mb
  Validation: test-1k__cottas: validation progress — 16 queries · comunica: completed q02_variant_shape_counts
  Validation: test-1k__cottas: validation progress — 17 queries · comunica: completed q03_titv
  Validation: test-1k__cottas: validation progress — 18 queries · comunica: completed q04_filter_distribution
  Validation: test-1k__cottas: validation progress — 19 queries · comunica: completed q05_sample_genotype_counts
  Validation: test-1k__cottas: validation progress — 20 queries · comunica: completed q06_ac_an_distribution
  Validation: test-1k__cottas: validation progress — 21 queries · comunica: completed q07_file_metadata
  Validation: test-1k__cottas: validation progress — 22 queries · comunica: completed q08_header_line_census
  Validation: test-1k__cottas: validation progress — 23 queries · comunica: completed q09_predicate_census
  Validation: test-1k__cottas: validation progress — 24 queries · comunica: completed q10_class_census
  Validation: test-1k__cottas: validation progress — 25 queries · comunica: completed q11_record_digest
  Validation: test-1k__cottas: validation progress — 26 queries · comunica: completed q12_info_value_digest
  Validation: test-1k__cottas: validation progress — 27 queries · comunica: completed q13_format_value_digest
  Validation: test-1k__cottas: validation complete — 27 queries · validation pass
Validation: test-1k__cottas: finished
