TSV conversion: awkward_no_records: started
TSV conversion: awkward_no_records: finished
RMLStreamer: awkward_no_records: started
  RMLStreamer: awkward_no_records: rmlstreamer started — 0 B · 0 parts
  RMLStreamer: awkward_no_records: rmlstreamer heartbeat — 0 B · 0 parts
  RMLStreamer: awkward_no_records: rmlstreamer heartbeat — 6.09 KB · 8 parts
  RMLStreamer: awkward_no_records: rmlstreamer complete — 6.09 KB · 8 parts
  RMLStreamer: awkward_no_records: rdf-aggregate started — 0 parts
  RMLStreamer: awkward_no_records: rdf-aggregate part — 1 parts
  RMLStreamer: awkward_no_records: rdf-aggregate part — 2 parts
  RMLStreamer: awkward_no_records: rdf-aggregate part — 3 parts
  RMLStreamer: awkward_no_records: rdf-aggregate part — 4 parts
  RMLStreamer: awkward_no_records: rdf-aggregate part — 5 parts
  RMLStreamer: awkward_no_records: rdf-aggregate part — 6 parts
  RMLStreamer: awkward_no_records: rdf-aggregate part — 7 parts
  RMLStreamer: awkward_no_records: rdf-aggregate part — 8 parts
  RMLStreamer: awkward_no_records: rdf-aggregate complete — 8 parts
RMLStreamer: awkward_no_records: finished
Partitioned compression: awkward_no_records: started
  Partitioned compression: awkward_no_records: rdf-scan started — 0 triples
  Partitioned compression: awkward_no_records: rdf-scan chunk — 181 triples · 1 chunks · 24,445 bytes read
  Partitioned compression: awkward_no_records: hdt-chunks started — 0 chunks · hdt-build-00000
  Partitioned compression: awkward_no_records: hdt-chunks complete — 1 chunks · hdt-build-00000
  Partitioned compression: awkward_no_records: rdf-scan complete — 181 triples · 1 chunks
  Partitioned compression: awkward_no_records: hdt-chunks complete — 1 chunks
  Partitioned compression: awkward_no_records: hdt started — hdt-index
  Partitioned compression: awkward_no_records: hdt complete — hdt-index
  Partitioned compression: awkward_no_records: hdt started — hdt-validate
  Partitioned compression: awkward_no_records: hdt complete — hdt-validate
Partitioned compression: awkward_no_records: finished
Validation: awkward_no_records: started
  Validation: awkward_no_records: validation started — 0 queries · expanded validation started
  Validation: awkward_no_records: validation progress — 0 queries · materializing nt.gz artifact inside container
  Validation: awkward_no_records: validation progress — 1 queries · comunica: completed preflight_record_cardinality
  Validation: awkward_no_records: validation progress — 2 queries · comunica: completed preflight_position_datatype
  Validation: awkward_no_records: validation progress — 3 queries · comunica: completed preflight_missing_token_conformance
  Validation: awkward_no_records: validation progress — 4 queries · comunica: completed preflight_representation_profile
  Validation: awkward_no_records: validation progress — 5 queries · comunica: completed preflight_sample_gt_inventory
  Validation: awkward_no_records: validation progress — 6 queries · comunica: completed preflight_blank_nodes
  Validation: awkward_no_records: validation progress — 7 queries · comunica: completed preflight_empty_values
  Validation: awkward_no_records: validation progress — 8 queries · comunica: completed preflight_distinct_triple_count
  Validation: awkward_no_records: validation progress — 9 queries · comunica: completed preflight_record_cardinality_count
  Validation: awkward_no_records: validation progress — 10 queries · comunica: completed preflight_position_datatype_count
  Validation: awkward_no_records: validation progress — 11 queries · comunica: completed preflight_missing_token_conformance_count
  Validation: awkward_no_records: validation progress — 12 queries · comunica: completed preflight_representation_profile_count
  Validation: awkward_no_records: validation progress — 13 queries · comunica: completed preflight_blank_nodes_count
  Validation: awkward_no_records: validation progress — 14 queries · comunica: completed preflight_empty_values_count
  Validation: awkward_no_records: validation progress — 15 queries · comunica: completed q01_record_density_1mb
  Validation: awkward_no_records: validation progress — 16 queries · comunica: completed q02_variant_shape_counts
  Validation: awkward_no_records: validation progress — 17 queries · comunica: completed q03_titv
  Validation: awkward_no_records: validation progress — 18 queries · comunica: completed q04_filter_distribution
  Validation: awkward_no_records: validation progress — 19 queries · comunica: completed q05_sample_genotype_counts
  Validation: awkward_no_records: validation progress — 20 queries · comunica: completed q06_ac_an_distribution
  Validation: awkward_no_records: validation progress — 21 queries · comunica: completed q07_file_metadata
  Validation: awkward_no_records: validation progress — 22 queries · comunica: completed q08_header_line_census
  Validation: awkward_no_records: validation progress — 23 queries · comunica: completed q09_predicate_census
  Validation: awkward_no_records: validation progress — 24 queries · comunica: completed q10_class_census
  Validation: awkward_no_records: validation progress — 25 queries · comunica: completed q11_record_digest
  Validation: awkward_no_records: validation progress — 26 queries · comunica: completed q12_info_value_digest
  Validation: awkward_no_records: validation progress — 27 queries · comunica: completed q13_format_value_digest
  Validation: awkward_no_records: validation complete — 0 queries · validation blocked_by_preflight
Validation: awkward_no_records: finished
Error: validation failed. See results: /home/ubuntu/vcf-rdfizer-testing/benchmarks_outputs/09_awkward_inputs/awkward_no_records/out/run_metrics/awkward_no_records__20260915T171234/reports/validation/awkward_no_records
See log for details: /home/ubuntu/vcf-rdfizer-testing/benchmarks_outputs/09_awkward_inputs/awkward_no_records/out/run_metrics/awkward_no_records__20260915T171234/logs/wrapper.log
Validation: awkward_no_records__hdt: started
  Validation: awkward_no_records__hdt: validation started — 0 queries · expanded validation started
  Validation: awkward_no_records__hdt: validation progress — 0 queries · materializing hdt artifact inside container
  Validation: awkward_no_records__hdt: validation progress — 1 queries · comunica: completed preflight_record_cardinality
  Validation: awkward_no_records__hdt: validation progress — 2 queries · comunica: completed preflight_position_datatype
  Validation: awkward_no_records__hdt: validation progress — 3 queries · comunica: completed preflight_missing_token_conformance
  Validation: awkward_no_records__hdt: validation progress — 4 queries · comunica: completed preflight_representation_profile
  Validation: awkward_no_records__hdt: validation progress — 5 queries · comunica: completed preflight_sample_gt_inventory
  Validation: awkward_no_records__hdt: validation progress — 6 queries · comunica: completed preflight_blank_nodes
  Validation: awkward_no_records__hdt: validation progress — 7 queries · comunica: completed preflight_empty_values
  Validation: awkward_no_records__hdt: validation progress — 8 queries · comunica: completed preflight_distinct_triple_count
  Validation: awkward_no_records__hdt: validation progress — 9 queries · comunica: completed preflight_record_cardinality_count
  Validation: awkward_no_records__hdt: validation progress — 10 queries · comunica: completed preflight_position_datatype_count
  Validation: awkward_no_records__hdt: validation progress — 11 queries · comunica: completed preflight_missing_token_conformance_count
  Validation: awkward_no_records__hdt: validation progress — 12 queries · comunica: completed preflight_representation_profile_count
  Validation: awkward_no_records__hdt: validation progress — 13 queries · comunica: completed preflight_blank_nodes_count
  Validation: awkward_no_records__hdt: validation progress — 14 queries · comunica: completed preflight_empty_values_count
  Validation: awkward_no_records__hdt: validation progress — 15 queries · comunica: completed q01_record_density_1mb
  Validation: awkward_no_records__hdt: validation progress — 16 queries · comunica: completed q02_variant_shape_counts
  Validation: awkward_no_records__hdt: validation progress — 17 queries · comunica: completed q03_titv
  Validation: awkward_no_records__hdt: validation progress — 18 queries · comunica: completed q04_filter_distribution
  Validation: awkward_no_records__hdt: validation progress — 19 queries · comunica: completed q05_sample_genotype_counts
  Validation: awkward_no_records__hdt: validation progress — 20 queries · comunica: completed q06_ac_an_distribution
  Validation: awkward_no_records__hdt: validation progress — 21 queries · comunica: completed q07_file_metadata
  Validation: awkward_no_records__hdt: validation progress — 22 queries · comunica: completed q08_header_line_census
  Validation: awkward_no_records__hdt: validation progress — 23 queries · comunica: completed q09_predicate_census
  Validation: awkward_no_records__hdt: validation progress — 24 queries · comunica: completed q10_class_census
  Validation: awkward_no_records__hdt: validation progress — 25 queries · comunica: completed q11_record_digest
  Validation: awkward_no_records__hdt: validation progress — 26 queries · comunica: completed q12_info_value_digest
  Validation: awkward_no_records__hdt: validation progress — 27 queries · comunica: completed q13_format_value_digest
  Validation: awkward_no_records__hdt: validation complete — 0 queries · validation blocked_by_preflight
Validation: awkward_no_records__hdt: finished
Error: validation failed. See results: /home/ubuntu/vcf-rdfizer-testing/benchmarks_outputs/09_awkward_inputs/awkward_no_records/out/run_metrics/awkward_no_records__20260915T171234/reports/validation/awkward_no_records__hdt
See log for details: /home/ubuntu/vcf-rdfizer-testing/benchmarks_outputs/09_awkward_inputs/awkward_no_records/out/run_metrics/awkward_no_records__20260915T171234/logs/wrapper.log
    ! Input 1/1 (awkward_no_records.vcf) failed at validation: semantic VCF/RDF validation failed for 'awkward_no_records' (aggregate, hdt). See results: /home/ubuntu/vcf-rdfizer-testing/benchmarks_outputs/09_awkward_inputs/awkward_no_records/out/run_metrics/awkward_no_records__20260915T171234/reports/validation
Completed with failures for 1/1 input(s). Failure report: /home/ubuntu/vcf-rdfizer-testing/benchmarks_outputs/09_awkward_inputs/awkward_no_records/out/run_metrics/awkward_no_records__20260915T171234/reports/failed_inputs.csv
