Step 1/5: Validating inputs ✅
  Metrics: /home/ubuntu/vrdev-test/acmg-run/results/17_use_case_acmg__cohort/convert__HG04098/out/run_metrics/HG04098.acmg__20260928T150403
  Detailed logs: /home/ubuntu/vrdev-test/acmg-run/results/17_use_case_acmg__cohort/convert__HG04098/out/run_metrics/HG04098.acmg__20260928T150403/logs/wrapper.log
  Progress log: /home/ubuntu/vrdev-test/acmg-run/results/17_use_case_acmg__cohort/convert__HG04098/out/run_metrics/HG04098.acmg__20260928T150403/logs/progress.log
Step 2/5: Ensuring Docker image is available ✅
Step 3/5: Processing per-input pipeline (TSV -> RDF -> compression)
  Sample representation: expanded
  INFO representation: structured
  Header representation: structured
  - Input 1/1: HG04098.acmg.vcf
    * TSV conversion ✅
    * VCF version: VCFv4.2 (detected)
    * RDF conversion ✅
    * Streaming expanded multi-sample RDF (no expanded helper TSVs)
    * Sample RDF streaming: 10,000 variants, 10,000 calls
    * Sample calls streamed: 10,676; FORMAT values: 10,676
    * Streaming structured header RDF
    * Header lines typed: 133; contigs: 24
    * Streaming QUAL and structured INFO RDF
    * INFO RDF streaming: 10,000 variants, 730,051 values
    * QUAL values streamed: 10,676; INFO values: 780,671; declarations: 91
    * Triples produced: 8,578,781
    * Compression ✅
    * Output directory: /home/ubuntu/vrdev-test/acmg-run/results/17_use_case_acmg__cohort/convert__HG04098/out/HG04098.acmg
      - RDF aggregate: HG04098.acmg.nt
      - N-Triples (.nt): 1.15 GB (removed after successful compression)
      - gzip (.nt.gz): 54.19 MB
Total triples produced (full run): 8,578,781
Conversion process finished.
Run time (full mode): 33.69s
Timing log: /home/ubuntu/vrdev-test/acmg-run/results/17_use_case_acmg__cohort/convert__HG04098/out/run_metrics/HG04098.acmg__20260928T150403/wrapper_execution_times.csv
Metrics summary: /home/ubuntu/vrdev-test/acmg-run/results/17_use_case_acmg__cohort/convert__HG04098/out/run_metrics/HG04098.acmg__20260928T150403/summary.json
