Step 1/5: Validating inputs ✅
  Metrics: /home/ubuntu/vrdev-test/acmg-run/results/17_use_case_acmg__cohort/convert__HG02722/out/run_metrics/HG02722.acmg__20260928T145853
  Detailed logs: /home/ubuntu/vrdev-test/acmg-run/results/17_use_case_acmg__cohort/convert__HG02722/out/run_metrics/HG02722.acmg__20260928T145853/logs/wrapper.log
  Progress log: /home/ubuntu/vrdev-test/acmg-run/results/17_use_case_acmg__cohort/convert__HG02722/out/run_metrics/HG02722.acmg__20260928T145853/logs/progress.log
Step 2/5: Ensuring Docker image is available ✅
Step 3/5: Processing per-input pipeline (TSV -> RDF -> compression)
  Sample representation: expanded
  INFO representation: structured
  Header representation: structured
  - Input 1/1: HG02722.acmg.vcf
    * TSV conversion ✅
    * VCF version: VCFv4.2 (detected)
    * RDF conversion ✅
    * Streaming expanded multi-sample RDF (no expanded helper TSVs)
    * Sample RDF streaming: 10,000 variants, 10,000 calls
    * Sample calls streamed: 12,459; FORMAT values: 12,459
    * Streaming structured header RDF
    * Header lines typed: 133; contigs: 24
    * Streaming QUAL and structured INFO RDF
    * INFO RDF streaming: 10,000 variants, 730,040 values
    * QUAL values streamed: 12,459; INFO values: 911,754; declarations: 91
    * Triples produced: 10,019,319
    * Compression ✅
    * Output directory: /home/ubuntu/vrdev-test/acmg-run/results/17_use_case_acmg__cohort/convert__HG02722/out/HG02722.acmg
      - RDF aggregate: HG02722.acmg.nt
      - N-Triples (.nt): 1.35 GB (removed after successful compression)
      - gzip (.nt.gz): 62.35 MB
Total triples produced (full run): 10,019,319
Conversion process finished.
Run time (full mode): 36.52s
Timing log: /home/ubuntu/vrdev-test/acmg-run/results/17_use_case_acmg__cohort/convert__HG02722/out/run_metrics/HG02722.acmg__20260928T145853/wrapper_execution_times.csv
Metrics summary: /home/ubuntu/vrdev-test/acmg-run/results/17_use_case_acmg__cohort/convert__HG02722/out/run_metrics/HG02722.acmg__20260928T145853/summary.json
