[2026-09-16T19:40:16] Run started (mode=full)
[2026-09-16T19:40:16] Checking Docker availability
[2026-09-16T19:40:16] Docker availability check passed
[2026-09-16T19:40:16] Ensuring image available: vcf-rdfizer:local-20d2cbb
[2026-09-16T19:40:16] Image ready
[2026-09-16T19:40:16] Writeability checks passed
[2026-09-16T19:40:16] Full pipeline started
[2026-09-16T19:40:16] Input 1/1 started: HG005_GRCh38_r100000
[2026-09-16T19:40:18] Input 1: TSV conversion completed for HG005_GRCh38_r100000
[2026-09-16T19:40:37] Input 1: RDF conversion completed for HG005_GRCh38_r100000
[2026-09-16T20:00:39] Input 1: compression completed for HG005_GRCh38_r100000
[2026-09-16T20:00:39] Validation started: HG005_GRCh38_r100000
[2026-09-16T20:07:01] Validation completed: HG005_GRCh38_r100000 (PASS)
[2026-09-16T20:07:01] Validation started: HG005_GRCh38_r100000__hdt
[2026-09-16T20:13:43] Validation completed: HG005_GRCh38_r100000__hdt (PASS)
[2026-09-16T20:13:43] Validation started: HG005_GRCh38_r100000__cottas
[2026-09-16T20:20:10] Validation completed: HG005_GRCh38_r100000__cottas (PASS)
[2026-09-16T20:20:10] Input 1/1 completed: HG005_GRCh38_r100000
[2026-09-16T20:20:10] Full pipeline finished successfully
[2026-09-16T20:20:10] Run finished (exit_code=0)
