
[2026-09-16T19:40:16] $ docker version
Client: Docker Engine - Community
 Version:           29.7.2
 API version:       1.55
 Go version:        go1.26.5
 Git commit:        a7dcaa6
 Built:             Wed Aug  5 18:28:53 2026
 OS/Arch:           linux/amd64
 Context:           default

Server: Docker Engine - Community
 Engine:
  Version:          29.7.2
  API version:      1.55 (minimum version 1.40)
  Go version:       go1.26.5
  Git commit:       6a43e3d
  Built:            Wed Aug  5 18:28:53 2026
  OS/Arch:          linux/amd64
  Experimental:     false
 containerd:
  Version:          v2.3.3
  GitCommit:        aad11006b869517fcd3009450b6f82da282e1a9b
 runc:
  Version:          1.4.3
  GitCommit:        v1.4.3-0-gbb14dabe
 docker-init:
  Version:          0.19.0
  GitCommit:        de40ad0
[exit 0]

[2026-09-16T19:40:16] $ docker image inspect vcf-rdfizer:local-20d2cbb
[
    {
        "Id": "sha256:f06e0c2f8ef7846d5ef7ff538607cc70d3c35aa24d636febbdd54f0e30325b0c",
        "RepoTags": [
            "vcf-rdfizer:local-20d2cbb"
        ],
        "RepoDigests": [
            "vcf-rdfizer@sha256:f06e0c2f8ef7846d5ef7ff538607cc70d3c35aa24d636febbdd54f0e30325b0c"
        ],
        "Comment": "buildkit.dockerfile.v0",
        "Created": "2026-09-16T10:46:42.437209568+02:00",
        "Config": {
            "Env": [
                "PATH=/opt/java/openjdk/bin:/usr/local/sbin:/usr/local/bin:/usr/sbin:/usr/bin:/sbin:/bin",
                "JAVA_HOME=/opt/java/openjdk",
                "LANG=en_US.UTF-8",
                "LANGUAGE=en_US:en",
                "LC_ALL=en_US.UTF-8",
                "JAVA_VERSION=jdk-11.0.32+9",
                "RMLSTREAMER_JAR=/opt/rmlstreamer/RMLStreamer-v2.5.0-standalone.jar",
                "JAR=/opt/rmlstreamer/RMLStreamer-v2.5.0-standalone.jar",
                "HDTC_BIN=/usr/local/bin/hdtc",
                "HDT_INDEX_MEMORY_LIMIT=512M",
                "HDT_MERGE_MEMORY_LIMIT=512M",
                "COTTAS_MERGE_BATCH_ROWS=2048",
                "RDF2HDT_BIN=/usr/local/bin/rdf2hdt",
                "HDT2RDF_BIN=/usr/local/bin/hdt2rdf",
                "COTTAS_PYTHON_BIN=/opt/pycottas-venv/bin/python",
                "QLEVER_INDEX_BUILDER_BIN=/opt/qlever/bin/qlever-index",
                "QLEVER_SERVER_BIN=/opt/qlever/bin/qlever-server",
                "LD_LIBRARY_PATH=/usr/local/lib"
            ],
            "Entrypoint": [
                "/__cacert_entrypoint.sh"
            ],
            "WorkingDir": "/work",
            "Labels": {
                "org.opencontainers.image.created": "2026-09-12T10:25:59.825539+00:00",
                "org.opencontainers.image.description": "The Ubuntu container image maintained by Canonical\n\nUbuntu is a Debian-based Linux operating system that runs from the desktop to the cloud, to all your internet connected things.\nIt is the world's most popular operating system across public clouds and OpenStack clouds.\nIt is the number one platform for containers; from Docker to Kubernetes to LXD, Ubuntu can run your containers at scale.\nFast, secure and simple, Ubuntu powers millions of PCs worldwide.\n",
                "org.opencontainers.image.title": "ubuntu",
                "org.opencontainers.image.version": "26.04"
            }
        },
        "Architecture": "amd64",
        "Os": "linux",
        "Size": 709575656,
        "RootFS": {
            "Type": "layers",
            "Layers": [
                "sha256:485d137fd3bfb545f1b417ea708e2281594be7a334e8a85ab75c5332db6089e9",
                "sha256:598e8330e2e633ea6b06bbf1e8b80c275553b7c1de53899af154d1f480a7eefa",
                "sha256:26e0c5f2f2ea6a0602ff01033d767d81371ca2a1ac10ed18b5501c40e247a427",
                "sha256:fba3fa5bb248907b3d98f94f7aaef38c77d0bb26f509eb1b65b13fedbdca6cf4",
                "sha256:714e1749d314bced589b41523ac008f83fe9b0e20c4688b974e7f1ea4cf11705",
                "sha256:36df17dfc7739f0a33bdeadb2c57284d052e9e824db76a771ebc9d354779bdd9",
                "sha256:85ae30f9c55e0e9c8c302cf8c4f5938ca20222c5a4563ebd161f9d842dde02a7",
                "sha256:f5ac12257675e3995195bfb1e2819ca4ccfff7fb4833c323995647be91637c2d",
                "sha256:40fbce56fb1b072650353e84f50e5a9a534dbe971823057b2d0346edec6402fb",
                "sha256:989d374eb9d68cc935d301e90637f466aa5729bde6f4f0924d6e37d7b1dffd0f",
                "sha256:3f7180f34215bb2e08a5bdd5b90311689a36d1bbb18ca5290abfea38d0a8013d",
                "sha256:3b3d6c276af33fd9fb1597b0e2f01c3ad85c27d9824f6060df19508ee5318f88",
                "sha256:5434bb97338bfb7eb7084bbe7cfb7dee655e61789751edd8ba26978a11f6c3d8",
                "sha256:b985a085ff881b1d05e530929ddcacb234cc43eec3f6e934941e5aa403e552d8",
                "sha256:aab17de45772a6a6ca7733ca30d30e0a22dc1eb75cab752d318414c87619ab5c",
                "sha256:95c2e16a65d40c98a72ed832753ede316f216d15a71c19580142386687111fd0",
                "sha256:8fdbc8473aeeeecb1785d2ab49acbe9041324a0401adc06a4996824b6cf01643",
                "sha256:bf17533e7425b74c281b7bb8188c182be6418a5d2b460004c382545f95227cd4",
                "sha256:5a37949b531325f7cc6b591624d2522debc56a5e3ffa7ef5f363ceef7d01e3f8",
                "sha256:5c65c203b571bf6d9a7db7158337a52ac843bb626321261d7c0b9417a3f2dff2",
                "sha256:a4022558505945011cbef800a33e57ff2b0a22ee72ecf3c81c9bea1e89f34134",
                "sha256:1842636fdb776192831975500a70f7e27d72f1d112f5d7edde606f48a515f04c",
                "sha256:40abe9aa77872d541c370e3993051784ff5be8f218053dc0501b7980b88a5a03",
                "sha256:a6a29799a524ab9b60e004b091ab5bdd4efe621f16209c407267e8fbeb2ad237",
                "sha256:e090f032df76a22d06f2f01dc667edc9f4287089507ef3a131a2a11cf9a4a89e",
                "sha256:7b3c6864ad60d21a9a21de87ea20089a5f6f0d5dfc9ca600e1fa7ceaee616328",
                "sha256:4b5abb1cabc9c2ee9ed224d1822e864d367a28623cbbf65b6ed805614dd3df6f",
                "sha256:dc04415ae5fc93674adc6ca5f8ad0a467152cbe5eed9941396398d38e5bc3483",
                "sha256:5f70bf18a086007016e948b04aed3b82103a36bea41755b6cddfaf10ace3c6ef"
            ]
        },
        "Metadata": {
            "LastTagTime": "2026-09-16T08:46:59.012344292Z"
        },
        "Descriptor": {
            "mediaType": "application/vnd.oci.image.index.v1+json",
            "digest": "sha256:f06e0c2f8ef7846d5ef7ff538607cc70d3c35aa24d636febbdd54f0e30325b0c",
            "size": 856
        },
        "Identity": {
            "Build": [
                {
                    "Ref": "c6ne15zr15jhi24kxf4f4rbkb",
                    "CreatedAt": "2026-09-16T10:47:09.558084178+02:00"
                }
            ]
        }
    }
]
[exit 0]

[2026-09-16T19:40:16] $ docker run --rm --label vcf-rdfizer.run=20260916T194016-1190923 --user 1000:1000 -v /home/ubuntu/vcf-rdfizer-testing/vcf_data/derived:/data/in:ro -v /home/ubuntu/vcf-rdfizer-testing/benchmarks_outputs/13_query_cost/large__r2/out/.intermediate/tsv:/data/tsv -v /home/ubuntu/vcf-rdfizer-testing/benchmarks_outputs/13_query_cost/large__r2/out/run_metrics/HG005_GRCh38_r100000__20260916T194016:/data/metrics vcf-rdfizer:local-20d2cbb bash -lc 'set -euo pipefail; rm -f /data/metrics/timings/tsv/HG005_GRCh38_r100000.txt; if [[ -x /usr/bin/time ]] && /usr/bin/time --version >/dev/null 2>&1; then /usr/bin/time -v -o /data/metrics/timings/tsv/HG005_GRCh38_r100000.txt -- bash /opt/vcf-rdfizer/vcf_as_tsv.sh /data/in/HG005_GRCh38_r100000.vcf.gz /data/tsv; else { time -p bash /opt/vcf-rdfizer/vcf_as_tsv.sh /data/in/HG005_GRCh38_r100000.vcf.gz /data/tsv; } > /data/metrics/timings/tsv/HG005_GRCh38_r100000.txt 2>&1; fi'
✅ Wrote: /data/tsv/HG005_GRCh38_r100000.records.tsv
✅ Wrote: /data/tsv/HG005_GRCh38_r100000.header_lines.tsv
✅ Wrote: /data/tsv/HG005_GRCh38_r100000.file_metadata.tsv
[exit 0]

[2026-09-16T19:40:18] $ docker run --rm --label vcf-rdfizer.run=20260916T194016-1190923 --user 1000:1000 -v /home/ubuntu/vcf-rdfizer-testing/vcf_data/derived:/data/in:ro -v /home/ubuntu/vcf-rdfizer-testing/benchmarks_outputs/13_query_cost/large__r2/out/run_metrics/HG005_GRCh38_r100000__20260916T194016/_generated_rules:/data/rules:ro -v /home/ubuntu/vcf-rdfizer-testing/benchmarks_outputs/13_query_cost/large__r2/out/.intermediate/tsv:/data/tsv:ro -v /home/ubuntu/vcf-rdfizer-testing/benchmarks_outputs/13_query_cost/large__r2/out:/data/out -v /home/ubuntu/vcf-rdfizer-testing/benchmarks_outputs/13_query_cost/large__r2/out/run_metrics/HG005_GRCh38_r100000__20260916T194016:/data/metrics -w /data/rules -e JAR=/opt/rmlstreamer/RMLStreamer-v2.5.0-standalone.jar -e IN=/data/rules/HG005_GRCh38_r100000.rules.ttl -e OUT_DIR=/data/out -e OUT_NAME=HG005_GRCh38_r100000 -e RDF_STORAGE_MODE=space-optimized -e SPARK_PARTITIONS=8 -e RUN_ID=20260916T194016 -e TIMESTAMP=2026-09-16T19:40:16 -e TSV_EXIT_CODE=0 -e TSV_WALL_SECONDS=2.001613 -e TSV_USER_SECONDS=1.440000 -e TSV_SYS_SECONDS=0.120000 -e TSV_MAX_RSS_KB=7680 -e TSV_OUTPUT_SIZE_BYTES=64709208 -e 'TSV_OUTPUT_PATH=/data/tsv/HG005_GRCh38_r100000.records.tsv|/data/tsv/HG005_GRCh38_r100000.header_lines.tsv|/data/tsv/HG005_GRCh38_r100000.file_metadata.tsv' -e IN_VCF=/data/in/HG005_GRCh38_r100000.vcf.gz -e LOGDIR=/data/metrics -e PROGRESS_FILE=/data/metrics/.progress/rmlstreamer-HG005_GRCh38_r100000.jsonl vcf-rdfizer:local-20d2cbb bash /opt/vcf-rdfizer/run_conversion.sh
17:40:18,933 INFO  io.rml.framework.Main$                                        - Mapping file: /data/rules/HG005_GRCh38_r100000.rules.ttl
Job name: RMLStreamer
Base IRI: /
Parallelise over local task slots: true
Maximum parallelism: None
Post processor: None
Checkpoint interval: /
Auto Watermark interval: 50
Output method: File
Output file: /data/out/HG005_GRCh38_r100000/.rmlstreamer-parts-HG005_GRCh38_r100000-1
Kafka broker list: /
Kafka topic: /
Kafka topic partition id: /
Output TCP socket: /
Function description locations: None
Discard output: false
17:40:19,415 WARN  io.rml.framework.core.model.csvw.CSVWDialect                  - Only csvw:delimiter is supported, other dialect options will be ignored!
17:40:19,421 WARN  io.rml.framework.core.model.csvw.CSVWDialect                  - Only csvw:delimiter is supported, other dialect options will be ignored!
17:40:19,422 WARN  io.rml.framework.core.model.csvw.CSVWDialect                  - Only csvw:delimiter is supported, other dialect options will be ignored!
17:40:19,424 WARN  io.rml.framework.core.model.csvw.CSVWDialect                  - Only csvw:delimiter is supported, other dialect options will be ignored!
17:40:19,425 WARN  io.rml.framework.core.model.csvw.CSVWDialect                  - Only csvw:delimiter is supported, other dialect options will be ignored!
17:40:19,426 WARN  io.rml.framework.core.model.csvw.CSVWDialect                  - Only csvw:delimiter is supported, other dialect options will be ignored!
17:40:19,427 WARN  io.rml.framework.core.model.csvw.CSVWDialect                  - Only csvw:delimiter is supported, other dialect options will be ignored!
17:40:19,428 WARN  io.rml.framework.core.model.csvw.CSVWDialect                  - Only csvw:delimiter is supported, other dialect options will be ignored!
17:40:19,429 WARN  io.rml.framework.core.model.csvw.CSVWDialect                  - Only csvw:delimiter is supported, other dialect options will be ignored!
17:40:19,431 WARN  io.rml.framework.core.model.csvw.CSVWDialect                  - Only csvw:delimiter is supported, other dialect options will be ignored!
17:40:19,432 WARN  io.rml.framework.core.model.csvw.CSVWDialect                  - Only csvw:delimiter is supported, other dialect options will be ignored!
17:40:19,433 WARN  io.rml.framework.core.model.csvw.CSVWDialect                  - Only csvw:delimiter is supported, other dialect options will be ignored!
Number of standard stream triple maps: 12
Total extracted std triple maps: 12
Number of standard stream triple maps: 0
Total extracted std triple maps: 0
17:40:19,496 INFO  io.rml.framework.Main$                                        - Dataset Job Found.
17:40:19,539 INFO  io.rml.framework.Main$                                        - 3 Triple Maps are found.
17:40:19,549 INFO  io.rml.framework.Main$                                        - 2 Triple Maps are found.
17:40:19,550 INFO  io.rml.framework.Main$                                        - 2 Triple Maps are found.
17:40:19,550 INFO  io.rml.framework.Main$                                        - 3 Triple Maps are found.
17:40:19,552 INFO  io.rml.framework.Main$                                        - 2 Triple Maps are found.
17:40:22,923 WARN  org.apache.flink.runtime.webmonitor.WebMonitorUtils           - Log file environment variable 'log.file' is not set.
17:40:22,923 WARN  org.apache.flink.runtime.webmonitor.WebMonitorUtils           - JobManager log files are unavailable in the web dashboard. Log file location not found in environment variable 'log.file' or configuration key 'web.log.path'.
17:40:23,580 WARN  org.apache.flink.metrics.MetricGroup                          - The operator name DataSource (at org.apache.flink.api.scala.ExecutionEnvironment.createInput(ExecutionEnvironment.scala:360) (io.rml.framework.flink.source.CSVInputFormat)) exceeded the 80 characters length limit and was truncated.
17:40:23,602 WARN  org.apache.flink.metrics.MetricGroup                          - The operator name DataSource (at org.apache.flink.api.scala.ExecutionEnvironment.createInput(ExecutionEnvironment.scala:360) (io.rml.framework.flink.source.CSVInputFormat)) exceeded the 80 characters length limit and was truncated.
17:40:23,596 WARN  org.apache.flink.metrics.MetricGroup                          - The operator name DataSource (at org.apache.flink.api.scala.ExecutionEnvironment.createInput(ExecutionEnvironment.scala:360) (io.rml.framework.flink.source.CSVInputFormat)) exceeded the 80 characters length limit and was truncated.
17:40:23,593 WARN  org.apache.flink.metrics.MetricGroup                          - The operator name DataSource (at org.apache.flink.api.scala.ExecutionEnvironment.createInput(ExecutionEnvironment.scala:360) (io.rml.framework.flink.source.CSVInputFormat)) exceeded the 80 characters length limit and was truncated.
17:40:23,591 WARN  org.apache.flink.metrics.MetricGroup                          - The operator name DataSource (at org.apache.flink.api.scala.ExecutionEnvironment.createInput(ExecutionEnvironment.scala:360) (io.rml.framework.flink.source.CSVInputFormat)) exceeded the 80 characters length limit and was truncated.
17:40:23,587 WARN  org.apache.flink.metrics.MetricGroup                          - The operator name DataSource (at org.apache.flink.api.scala.ExecutionEnvironment.createInput(ExecutionEnvironment.scala:360) (io.rml.framework.flink.source.CSVInputFormat)) exceeded the 80 characters length limit and was truncated.
17:40:23,580 WARN  org.apache.flink.metrics.MetricGroup                          - The operator name DataSource (at org.apache.flink.api.scala.ExecutionEnvironment.createInput(ExecutionEnvironment.scala:360) (io.rml.framework.flink.source.CSVInputFormat)) exceeded the 80 characters length limit and was truncated.
17:40:23,580 WARN  org.apache.flink.metrics.MetricGroup                          - The operator name DataSource (at org.apache.flink.api.scala.ExecutionEnvironment.createInput(ExecutionEnvironment.scala:360) (io.rml.framework.flink.source.CSVInputFormat)) exceeded the 80 characters length limit and was truncated.
17:40:23,582 WARN  org.apache.flink.metrics.MetricGroup                          - The operator name DataSource (at org.apache.flink.api.scala.ExecutionEnvironment.createInput(ExecutionEnvironment.scala:360) (io.rml.framework.flink.source.CSVInputFormat)) exceeded the 80 characters length limit and was truncated.
17:40:23,580 WARN  org.apache.flink.metrics.MetricGroup                          - The operator name DataSource (at org.apache.flink.api.scala.ExecutionEnvironment.createInput(ExecutionEnvironment.scala:360) (io.rml.framework.flink.source.CSVInputFormat)) exceeded the 80 characters length limit and was truncated.
17:40:23,639 WARN  org.apache.flink.metrics.MetricGroup                          - The operator name DataSource (at org.apache.flink.api.scala.ExecutionEnvironment.createInput(ExecutionEnvironment.scala:360) (io.rml.framework.flink.source.CSVInputFormat)) exceeded the 80 characters length limit and was truncated.
17:40:23,643 WARN  org.apache.flink.metrics.MetricGroup                          - The operator name DataSource (at org.apache.flink.api.scala.ExecutionEnvironment.createInput(ExecutionEnvironment.scala:360) (io.rml.framework.flink.source.CSVInputFormat)) exceeded the 80 characters length limit and was truncated.
17:40:23,626 WARN  org.apache.flink.metrics.MetricGroup                          - The operator name DataSource (at org.apache.flink.api.scala.ExecutionEnvironment.createInput(ExecutionEnvironment.scala:360) (io.rml.framework.flink.source.CSVInputFormat)) exceeded the 80 characters length limit and was truncated.
17:40:23,625 WARN  org.apache.flink.metrics.MetricGroup                          - The operator name DataSource (at org.apache.flink.api.scala.ExecutionEnvironment.createInput(ExecutionEnvironment.scala:360) (io.rml.framework.flink.source.CSVInputFormat)) exceeded the 80 characters length limit and was truncated.
17:40:23,622 WARN  org.apache.flink.metrics.MetricGroup                          - The operator name DataSource (at org.apache.flink.api.scala.ExecutionEnvironment.createInput(ExecutionEnvironment.scala:360) (io.rml.framework.flink.source.CSVInputFormat)) exceeded the 80 characters length limit and was truncated.
17:40:23,620 WARN  org.apache.flink.metrics.MetricGroup                          - The operator name DataSource (at org.apache.flink.api.scala.ExecutionEnvironment.createInput(ExecutionEnvironment.scala:360) (io.rml.framework.flink.source.CSVInputFormat)) exceeded the 80 characters length limit and was truncated.
17:40:23,618 WARN  org.apache.flink.metrics.MetricGroup                          - The operator name DataSource (at org.apache.flink.api.scala.ExecutionEnvironment.createInput(ExecutionEnvironment.scala:360) (io.rml.framework.flink.source.CSVInputFormat)) exceeded the 80 characters length limit and was truncated.
17:40:23,646 WARN  org.apache.flink.metrics.MetricGroup                          - The operator name DataSource (at org.apache.flink.api.scala.ExecutionEnvironment.createInput(ExecutionEnvironment.scala:360) (io.rml.framework.flink.source.CSVInputFormat)) exceeded the 80 characters length limit and was truncated.
17:40:23,640 WARN  org.apache.flink.metrics.MetricGroup                          - The operator name DataSource (at org.apache.flink.api.scala.ExecutionEnvironment.createInput(ExecutionEnvironment.scala:360) (io.rml.framework.flink.source.CSVInputFormat)) exceeded the 80 characters length limit and was truncated.
17:40:23,703 WARN  org.apache.flink.metrics.MetricGroup                          - The operator name DataSource (at org.apache.flink.api.scala.ExecutionEnvironment.createInput(ExecutionEnvironment.scala:360) (io.rml.framework.flink.source.CSVInputFormat)) exceeded the 80 characters length limit and was truncated.
17:40:23,719 WARN  org.apache.flink.metrics.MetricGroup                          - The operator name DataSource (at org.apache.flink.api.scala.ExecutionEnvironment.createInput(ExecutionEnvironment.scala:360) (io.rml.framework.flink.source.CSVInputFormat)) exceeded the 80 characters length limit and was truncated.
17:40:23,710 WARN  org.apache.flink.metrics.MetricGroup                          - The operator name DataSource (at org.apache.flink.api.scala.ExecutionEnvironment.createInput(ExecutionEnvironment.scala:360) (io.rml.framework.flink.source.CSVInputFormat)) exceeded the 80 characters length limit and was truncated.
17:40:23,709 WARN  org.apache.flink.metrics.MetricGroup                          - The operator name DataSource (at org.apache.flink.api.scala.ExecutionEnvironment.createInput(ExecutionEnvironment.scala:360) (io.rml.framework.flink.source.CSVInputFormat)) exceeded the 80 characters length limit and was truncated.
17:40:23,708 WARN  org.apache.flink.metrics.MetricGroup                          - The operator name DataSource (at org.apache.flink.api.scala.ExecutionEnvironment.createInput(ExecutionEnvironment.scala:360) (io.rml.framework.flink.source.CSVInputFormat)) exceeded the 80 characters length limit and was truncated.
17:40:23,749 WARN  org.apache.flink.metrics.MetricGroup                          - The operator name DataSource (at org.apache.flink.api.scala.ExecutionEnvironment.createInput(ExecutionEnvironment.scala:360) (io.rml.framework.flink.source.CSVInputFormat)) exceeded the 80 characters length limit and was truncated.
17:40:23,754 WARN  org.apache.flink.metrics.MetricGroup                          - The operator name DataSource (at org.apache.flink.api.scala.ExecutionEnvironment.createInput(ExecutionEnvironment.scala:360) (io.rml.framework.flink.source.CSVInputFormat)) exceeded the 80 characters length limit and was truncated.
17:40:23,796 WARN  org.apache.flink.metrics.MetricGroup                          - The operator name DataSource (at org.apache.flink.api.scala.ExecutionEnvironment.createInput(ExecutionEnvironment.scala:360) (io.rml.framework.flink.source.CSVInputFormat)) exceeded the 80 characters length limit and was truncated.
17:40:23,802 WARN  org.apache.flink.metrics.MetricGroup                          - The operator name DataSource (at org.apache.flink.api.scala.ExecutionEnvironment.createInput(ExecutionEnvironment.scala:360) (io.rml.framework.flink.source.CSVInputFormat)) exceeded the 80 characters length limit and was truncated.
17:40:23,817 WARN  org.apache.flink.metrics.MetricGroup                          - The operator name DataSource (at org.apache.flink.api.scala.ExecutionEnvironment.createInput(ExecutionEnvironment.scala:360) (io.rml.framework.flink.source.CSVInputFormat)) exceeded the 80 characters length limit and was truncated.
17:40:23,829 WARN  org.apache.flink.metrics.MetricGroup                          - The operator name DataSource (at org.apache.flink.api.scala.ExecutionEnvironment.createInput(ExecutionEnvironment.scala:360) (io.rml.framework.flink.source.CSVInputFormat)) exceeded the 80 characters length limit and was truncated.
17:40:23,854 WARN  org.apache.flink.metrics.MetricGroup                          - The operator name DataSource (at org.apache.flink.api.scala.ExecutionEnvironment.createInput(ExecutionEnvironment.scala:360) (io.rml.framework.flink.source.CSVInputFormat)) exceeded the 80 characters length limit and was truncated.
17:40:23,854 WARN  org.apache.flink.metrics.MetricGroup                          - The operator name DataSource (at org.apache.flink.api.scala.ExecutionEnvironment.createInput(ExecutionEnvironment.scala:360) (io.rml.framework.flink.source.CSVInputFormat)) exceeded the 80 characters length limit and was truncated.
17:40:23,861 WARN  org.apache.flink.metrics.MetricGroup                          - The operator name DataSource (at org.apache.flink.api.scala.ExecutionEnvironment.createInput(ExecutionEnvironment.scala:360) (io.rml.framework.flink.source.CSVInputFormat)) exceeded the 80 characters length limit and was truncated.
17:40:23,870 WARN  org.apache.flink.metrics.MetricGroup                          - The operator name DataSource (at org.apache.flink.api.scala.ExecutionEnvironment.createInput(ExecutionEnvironment.scala:360) (io.rml.framework.flink.source.CSVInputFormat)) exceeded the 80 characters length limit and was truncated.
17:40:23,876 WARN  org.apache.flink.metrics.MetricGroup                          - The operator name DataSource (at org.apache.flink.api.scala.ExecutionEnvironment.createInput(ExecutionEnvironment.scala:360) (io.rml.framework.flink.source.CSVInputFormat)) exceeded the 80 characters length limit and was truncated.
17:40:23,893 WARN  org.apache.flink.metrics.MetricGroup                          - The operator name DataSource (at org.apache.flink.api.scala.ExecutionEnvironment.createInput(ExecutionEnvironment.scala:360) (io.rml.framework.flink.source.CSVInputFormat)) exceeded the 80 characters length limit and was truncated.
17:40:23,894 WARN  org.apache.flink.metrics.MetricGroup                          - The operator name DataSource (at org.apache.flink.api.scala.ExecutionEnvironment.createInput(ExecutionEnvironment.scala:360) (io.rml.framework.flink.source.CSVInputFormat)) exceeded the 80 characters length limit and was truncated.
17:40:23,906 WARN  org.apache.flink.metrics.MetricGroup                          - The operator name DataSource (at org.apache.flink.api.scala.ExecutionEnvironment.createInput(ExecutionEnvironment.scala:360) (io.rml.framework.flink.source.CSVInputFormat)) exceeded the 80 characters length limit and was truncated.
17:40:23,907 WARN  org.apache.flink.metrics.MetricGroup                          - The operator name DataSource (at org.apache.flink.api.scala.ExecutionEnvironment.createInput(ExecutionEnvironment.scala:360) (io.rml.framework.flink.source.CSVInputFormat)) exceeded the 80 characters length limit and was truncated.
17:40:23,907 WARN  org.apache.flink.metrics.MetricGroup                          - The operator name DataSource (at org.apache.flink.api.scala.ExecutionEnvironment.createInput(ExecutionEnvironment.scala:360) (io.rml.framework.flink.source.CSVInputFormat)) exceeded the 80 characters length limit and was truncated.
WARNING: metrics header mismatch; backed up to /data/metrics/metrics_csv_bak_20260916T194016.csv and creating new metrics file.
Done.
JSON: /data/metrics/stages/conversion/HG005_GRCh38_r100000.json
CSV:  /data/metrics/metrics.csv
[exit 0]

[2026-09-16T19:41:49] $ docker volume create vcf-rdfizer-HG005_GRCh38_r100000-1190923-1789580509176595281
vcf-rdfizer-HG005_GRCh38_r100000-1190923-1789580509176595281
[exit 0]

[2026-09-16T19:41:49] $ docker run --rm --label vcf-rdfizer.run=20260916T194016-1190923 --mount type=volume,source=vcf-rdfizer-HG005_GRCh38_r100000-1190923-1789580509176595281,target=/work vcf-rdfizer:local-20d2cbb bash -lc 'chmod 1777 /work'
[exit 0]

[2026-09-16T19:41:49] $ docker run --rm --label vcf-rdfizer.run=20260916T194016-1190923 --user 1000:1000 --mount type=volume,source=vcf-rdfizer-HG005_GRCh38_r100000-1190923-1789580509176595281,target=/work -v /home/ubuntu/vcf-rdfizer-testing/benchmarks_outputs/13_query_cost/large__r2/out/HG005_GRCh38_r100000:/data/in:ro -v /home/ubuntu/vcf-rdfizer-testing/benchmarks_outputs/13_query_cost/large__r2/out/HG005_GRCh38_r100000:/data/out -v /home/ubuntu/vcf-rdfizer-testing/benchmarks_outputs/13_query_cost/large__r2/out/run_metrics/HG005_GRCh38_r100000__20260916T194016:/data/metrics vcf-rdfizer:local-20d2cbb python3 /opt/vcf-rdfizer/partitioned_compression.py --source /data/in/HG005_GRCh38_r100000.nt.gz --output-dir /data/out --output-name HG005_GRCh38_r100000 --methods hdt,cottas --target-chunk-bytes 536870912 --min-chunk-bytes 134217728 --max-chunk-bytes 1073741824 --expected-triples 17098746 --result-path /data/out/.HG005_GRCh38_r100000.partitioned-results.json --progress-path /data/metrics/.progress/partitioned-HG005_GRCh38_r100000.jsonl --allow-index-failures
HDT index ready: /data/out/HG005_GRCh38_r100000.hdt.index.v1-1
[exit 0]

[2026-09-16T20:00:39] $ docker volume rm -f vcf-rdfizer-HG005_GRCh38_r100000-1190923-1789580509176595281
vcf-rdfizer-HG005_GRCh38_r100000-1190923-1789580509176595281
[exit 0]

[2026-09-16T20:00:39] $ docker run --rm --label vcf-rdfizer.run=20260916T194016-1190923 --user 1000:1000 --init -v /home/ubuntu/vcf-rdfizer-testing/vcf_data/derived:/data/vcf:ro -v /home/ubuntu/vcf-rdfizer-testing/benchmarks_outputs/13_query_cost/large__r2/out/HG005_GRCh38_r100000:/data/rdf:ro -v /home/ubuntu/vcf-rdfizer-testing/benchmarks_outputs/13_query_cost/large__r2/out/run_metrics/HG005_GRCh38_r100000__20260916T194016/reports/validation/HG005_GRCh38_r100000:/data/validation -v /home/ubuntu/vcf-rdfizer-testing/benchmarks_outputs/13_query_cost/large__r2/out/run_metrics/HG005_GRCh38_r100000__20260916T194016:/data/metrics vcf-rdfizer:local-20d2cbb /usr/bin/time -v -o /data/metrics/timings/validation/HG005_GRCh38_r100000.txt -- /opt/pycottas-venv/bin/python /opt/vcf-rdfizer/validation/validation_runner.py --vcf /data/vcf/HG005_GRCh38_r100000.vcf.gz --rdf /data/rdf/HG005_GRCh38_r100000.nt.gz --rdf-format nt.gz --engine qlever --representation expanded --info-representation structured --header-representation structured --results-dir /data/validation --dataset-id HG005_GRCh38_r100000 --filter-oracle auto --scratch-dir /work --progress-path /data/metrics/.progress/validation-HG005_GRCh38_r100000.jsonl
[HG005_GRCh38_r100000] preparing qlever engine
[HG005_GRCh38_r100000] running expanded/preflight_record_cardinality (qlever)
[HG005_GRCh38_r100000] running expanded/preflight_position_datatype (qlever)
[HG005_GRCh38_r100000] running expanded/preflight_missing_token_conformance (qlever)
[HG005_GRCh38_r100000] running expanded/preflight_representation_profile (qlever)
[HG005_GRCh38_r100000] running expanded/preflight_sample_gt_inventory (qlever)
[HG005_GRCh38_r100000] running expanded/preflight_blank_nodes (qlever)
[HG005_GRCh38_r100000] running expanded/preflight_empty_values (qlever)
[HG005_GRCh38_r100000] running expanded/preflight_distinct_triple_count (qlever)
[HG005_GRCh38_r100000] running expanded/preflight_record_cardinality_count (qlever)
[HG005_GRCh38_r100000] running expanded/preflight_position_datatype_count (qlever)
[HG005_GRCh38_r100000] running expanded/preflight_missing_token_conformance_count (qlever)
[HG005_GRCh38_r100000] running expanded/preflight_representation_profile_count (qlever)
[HG005_GRCh38_r100000] running expanded/preflight_blank_nodes_count (qlever)
[HG005_GRCh38_r100000] running expanded/preflight_empty_values_count (qlever)
[HG005_GRCh38_r100000] running expanded/q01_record_density_1mb (qlever)
[HG005_GRCh38_r100000] running expanded/q02_variant_shape_counts (qlever)
[HG005_GRCh38_r100000] running expanded/q03_titv (qlever)
[HG005_GRCh38_r100000] running expanded/q04_filter_distribution (qlever)
[HG005_GRCh38_r100000] running expanded/q05_sample_genotype_counts (qlever)
[HG005_GRCh38_r100000] running expanded/q06_ac_an_distribution (qlever)
[HG005_GRCh38_r100000] running expanded/q07_file_metadata (qlever)
[HG005_GRCh38_r100000] running expanded/q08_header_line_census (qlever)
[HG005_GRCh38_r100000] running expanded/q09_predicate_census (qlever)
[HG005_GRCh38_r100000] running expanded/q10_class_census (qlever)
[HG005_GRCh38_r100000] running expanded/q11_record_digest (qlever)
[HG005_GRCh38_r100000] running expanded/q12_info_value_digest (qlever)
[HG005_GRCh38_r100000] running expanded/q13_format_value_digest (qlever)
{
  "datasetId": "HG005_GRCh38_r100000",
  "representation": "expanded",
  "status": "PASS",
  "engine": "qlever",
  "engines": [
    "qlever"
  ],
  "engineStatuses": {
    "qlever": "PASS"
  },
  "engineAgreement": true,
  "sourceFormat": "nt.gz",
  "strictConformance": false,
  "shacl": null,
  "mappingPolicy": "strict",
  "recordCount": 100000,
  "sampleCount": 1,
  "gtRecordCount": 100000,
  "preflight": {
    "preflight_duplicate_triples": {
      "status": "PASS",
      "parsedTripleCount": 17098746,
      "distinctTripleCount": 17098746,
      "duplicateTripleCount": 0
    },
    "preflight_record_cardinality": {
      "status": "PASS",
      "anomalyCount": 0,
      "anomalyCountReturned": 0,
      "limitedTo": 100,
      "sampleTruncated": false
    },
    "preflight_position_datatype": {
      "status": "PASS",
      "anomalyCount": 0,
      "anomalyCountReturned": 0,
      "limitedTo": 100,
      "sampleTruncated": false
    },
    "preflight_missing_token_conformance": {
      "status": "EXPECTED_CONFORMANCE_FAILURE",
      "anomalyCount": 20,
      "plainDotCountReturned": 20,
      "limitedTo": 100,
      "sampleTruncated": false
    },
    "preflight_representation_profile": {
      "status": "PASS",
      "anomalyCount": 0,
      "anomalyCountReturned": 0,
      "limitedTo": 100,
      "sampleTruncated": false,
      "note": null
    },
    "preflight_sample_gt_inventory": {
      "status": "PASS",
      "expected": {
        "sampleCallCount": 100000,
        "sampleIdCount": 1,
        "gtValueNodeCount": 100000
      },
      "actual": {
        "sampleCallCount": 100000,
        "sampleIdCount": 1,
        "gtValueNodeCount": 100000
      }
    },
    "preflight_blank_nodes": {
      "status": "PASS",
      "anomalyCount": 0,
      "anomalyCountReturned": 0,
      "limitedTo": 100,
      "sampleTruncated": false
    },
    "preflight_empty_values": {
      "status": "PASS",
      "anomalyCount": 0,
      "anomalyCountReturned": 0,
      "limitedTo": 100,
      "sampleTruncated": false
    },
    "preflight_distinct_triple_count": {
      "status": "PASS",
      "rows": 1
    }
  },
  "comparisonStatus": "PASS",
  "benchmark": {
    "oracleSeconds": 12.392258092062548,
    "engineQuerySeconds": {
      "qlever": 319.42937111575156
    },
    "engineSetupSeconds": {
      "qlever": 22.38869571685791
    }
  },
  "results": {
    "manifest": "/data/validation/manifest.json",
    "parser": "/data/validation/parser.json",
    "sparql": "/data/validation/sparql.json",
    "comparison": "/data/validation/comparison.json",
    "benchmark": "/data/validation/benchmark.csv"
  },
  "temporaryRdf": {
    "decompressedInsideContainer": true,
    "persisted": false,
    "cleanupConfirmed": true
  }
}
[exit 0]

[2026-09-16T20:07:01] $ docker run --rm --label vcf-rdfizer.run=20260916T194016-1190923 --user 1000:1000 --init -v /home/ubuntu/vcf-rdfizer-testing/vcf_data/derived:/data/vcf:ro -v /home/ubuntu/vcf-rdfizer-testing/benchmarks_outputs/13_query_cost/large__r2/out/HG005_GRCh38_r100000:/data/rdf:ro -v /home/ubuntu/vcf-rdfizer-testing/benchmarks_outputs/13_query_cost/large__r2/out/run_metrics/HG005_GRCh38_r100000__20260916T194016/reports/validation/HG005_GRCh38_r100000__hdt:/data/validation -v /home/ubuntu/vcf-rdfizer-testing/benchmarks_outputs/13_query_cost/large__r2/out/run_metrics/HG005_GRCh38_r100000__20260916T194016:/data/metrics vcf-rdfizer:local-20d2cbb /usr/bin/time -v -o /data/metrics/timings/validation/HG005_GRCh38_r100000__hdt.txt -- /opt/pycottas-venv/bin/python /opt/vcf-rdfizer/validation/validation_runner.py --vcf /data/vcf/HG005_GRCh38_r100000.vcf.gz --rdf /data/rdf/HG005_GRCh38_r100000.hdt --rdf-format hdt --engine qlever --representation expanded --info-representation structured --header-representation structured --results-dir /data/validation --dataset-id HG005_GRCh38_r100000__hdt --filter-oracle auto --scratch-dir /work --progress-path /data/metrics/.progress/validation-HG005_GRCh38_r100000__hdt.jsonl
[HG005_GRCh38_r100000__hdt] preparing qlever engine
[HG005_GRCh38_r100000__hdt] running expanded/preflight_record_cardinality (qlever)
[HG005_GRCh38_r100000__hdt] running expanded/preflight_position_datatype (qlever)
[HG005_GRCh38_r100000__hdt] running expanded/preflight_missing_token_conformance (qlever)
[HG005_GRCh38_r100000__hdt] running expanded/preflight_representation_profile (qlever)
[HG005_GRCh38_r100000__hdt] running expanded/preflight_sample_gt_inventory (qlever)
[HG005_GRCh38_r100000__hdt] running expanded/preflight_blank_nodes (qlever)
[HG005_GRCh38_r100000__hdt] running expanded/preflight_empty_values (qlever)
[HG005_GRCh38_r100000__hdt] running expanded/preflight_distinct_triple_count (qlever)
[HG005_GRCh38_r100000__hdt] running expanded/preflight_record_cardinality_count (qlever)
[HG005_GRCh38_r100000__hdt] running expanded/preflight_position_datatype_count (qlever)
[HG005_GRCh38_r100000__hdt] running expanded/preflight_missing_token_conformance_count (qlever)
[HG005_GRCh38_r100000__hdt] running expanded/preflight_representation_profile_count (qlever)
[HG005_GRCh38_r100000__hdt] running expanded/preflight_blank_nodes_count (qlever)
[HG005_GRCh38_r100000__hdt] running expanded/preflight_empty_values_count (qlever)
[HG005_GRCh38_r100000__hdt] running expanded/q01_record_density_1mb (qlever)
[HG005_GRCh38_r100000__hdt] running expanded/q02_variant_shape_counts (qlever)
[HG005_GRCh38_r100000__hdt] running expanded/q03_titv (qlever)
[HG005_GRCh38_r100000__hdt] running expanded/q04_filter_distribution (qlever)
[HG005_GRCh38_r100000__hdt] running expanded/q05_sample_genotype_counts (qlever)
[HG005_GRCh38_r100000__hdt] running expanded/q06_ac_an_distribution (qlever)
[HG005_GRCh38_r100000__hdt] running expanded/q07_file_metadata (qlever)
[HG005_GRCh38_r100000__hdt] running expanded/q08_header_line_census (qlever)
[HG005_GRCh38_r100000__hdt] running expanded/q09_predicate_census (qlever)
[HG005_GRCh38_r100000__hdt] running expanded/q10_class_census (qlever)
[HG005_GRCh38_r100000__hdt] running expanded/q11_record_digest (qlever)
[HG005_GRCh38_r100000__hdt] running expanded/q12_info_value_digest (qlever)
[HG005_GRCh38_r100000__hdt] running expanded/q13_format_value_digest (qlever)
{
  "datasetId": "HG005_GRCh38_r100000__hdt",
  "representation": "expanded",
  "status": "PASS",
  "engine": "qlever",
  "engines": [
    "qlever"
  ],
  "engineStatuses": {
    "qlever": "PASS"
  },
  "engineAgreement": true,
  "sourceFormat": "hdt",
  "strictConformance": false,
  "shacl": null,
  "mappingPolicy": "strict",
  "recordCount": 100000,
  "sampleCount": 1,
  "gtRecordCount": 100000,
  "preflight": {
    "preflight_duplicate_triples": {
      "status": "PASS",
      "parsedTripleCount": 17098746,
      "distinctTripleCount": 17098746,
      "duplicateTripleCount": 0
    },
    "preflight_record_cardinality": {
      "status": "PASS",
      "anomalyCount": 0,
      "anomalyCountReturned": 0,
      "limitedTo": 100,
      "sampleTruncated": false
    },
    "preflight_position_datatype": {
      "status": "PASS",
      "anomalyCount": 0,
      "anomalyCountReturned": 0,
      "limitedTo": 100,
      "sampleTruncated": false
    },
    "preflight_missing_token_conformance": {
      "status": "EXPECTED_CONFORMANCE_FAILURE",
      "anomalyCount": 20,
      "plainDotCountReturned": 20,
      "limitedTo": 100,
      "sampleTruncated": false
    },
    "preflight_representation_profile": {
      "status": "PASS",
      "anomalyCount": 0,
      "anomalyCountReturned": 0,
      "limitedTo": 100,
      "sampleTruncated": false,
      "note": null
    },
    "preflight_sample_gt_inventory": {
      "status": "PASS",
      "expected": {
        "sampleCallCount": 100000,
        "sampleIdCount": 1,
        "gtValueNodeCount": 100000
      },
      "actual": {
        "sampleCallCount": 100000,
        "sampleIdCount": 1,
        "gtValueNodeCount": 100000
      }
    },
    "preflight_blank_nodes": {
      "status": "PASS",
      "anomalyCount": 0,
      "anomalyCountReturned": 0,
      "limitedTo": 100,
      "sampleTruncated": false
    },
    "preflight_empty_values": {
      "status": "PASS",
      "anomalyCount": 0,
      "anomalyCountReturned": 0,
      "limitedTo": 100,
      "sampleTruncated": false
    },
    "preflight_distinct_triple_count": {
      "status": "PASS",
      "rows": 1
    }
  },
  "comparisonStatus": "PASS",
  "benchmark": {
    "oracleSeconds": 12.351045825984329,
    "engineQuerySeconds": {
      "qlever": 317.6788450893946
    },
    "engineSetupSeconds": {
      "qlever": 22.85556469205767
    }
  },
  "results": {
    "manifest": "/data/validation/manifest.json",
    "parser": "/data/validation/parser.json",
    "sparql": "/data/validation/sparql.json",
    "comparison": "/data/validation/comparison.json",
    "benchmark": "/data/validation/benchmark.csv"
  },
  "temporaryRdf": {
    "decompressedInsideContainer": true,
    "persisted": false,
    "cleanupConfirmed": true
  }
}
[exit 0]

[2026-09-16T20:13:43] $ docker run --rm --label vcf-rdfizer.run=20260916T194016-1190923 --user 1000:1000 --init -v /home/ubuntu/vcf-rdfizer-testing/vcf_data/derived:/data/vcf:ro -v /home/ubuntu/vcf-rdfizer-testing/benchmarks_outputs/13_query_cost/large__r2/out/HG005_GRCh38_r100000:/data/rdf:ro -v /home/ubuntu/vcf-rdfizer-testing/benchmarks_outputs/13_query_cost/large__r2/out/run_metrics/HG005_GRCh38_r100000__20260916T194016/reports/validation/HG005_GRCh38_r100000__cottas:/data/validation -v /home/ubuntu/vcf-rdfizer-testing/benchmarks_outputs/13_query_cost/large__r2/out/run_metrics/HG005_GRCh38_r100000__20260916T194016:/data/metrics vcf-rdfizer:local-20d2cbb /usr/bin/time -v -o /data/metrics/timings/validation/HG005_GRCh38_r100000__cottas.txt -- /opt/pycottas-venv/bin/python /opt/vcf-rdfizer/validation/validation_runner.py --vcf /data/vcf/HG005_GRCh38_r100000.vcf.gz --rdf /data/rdf/HG005_GRCh38_r100000.cottas --rdf-format cottas --engine qlever --representation expanded --info-representation structured --header-representation structured --results-dir /data/validation --dataset-id HG005_GRCh38_r100000__cottas --filter-oracle auto --scratch-dir /work --progress-path /data/metrics/.progress/validation-HG005_GRCh38_r100000__cottas.jsonl
[HG005_GRCh38_r100000__cottas] preparing qlever engine
[HG005_GRCh38_r100000__cottas] running expanded/preflight_record_cardinality (qlever)
[HG005_GRCh38_r100000__cottas] running expanded/preflight_position_datatype (qlever)
[HG005_GRCh38_r100000__cottas] running expanded/preflight_missing_token_conformance (qlever)
[HG005_GRCh38_r100000__cottas] running expanded/preflight_representation_profile (qlever)
[HG005_GRCh38_r100000__cottas] running expanded/preflight_sample_gt_inventory (qlever)
[HG005_GRCh38_r100000__cottas] running expanded/preflight_blank_nodes (qlever)
[HG005_GRCh38_r100000__cottas] running expanded/preflight_empty_values (qlever)
[HG005_GRCh38_r100000__cottas] running expanded/preflight_distinct_triple_count (qlever)
[HG005_GRCh38_r100000__cottas] running expanded/preflight_record_cardinality_count (qlever)
[HG005_GRCh38_r100000__cottas] running expanded/preflight_position_datatype_count (qlever)
[HG005_GRCh38_r100000__cottas] running expanded/preflight_missing_token_conformance_count (qlever)
[HG005_GRCh38_r100000__cottas] running expanded/preflight_representation_profile_count (qlever)
[HG005_GRCh38_r100000__cottas] running expanded/preflight_blank_nodes_count (qlever)
[HG005_GRCh38_r100000__cottas] running expanded/preflight_empty_values_count (qlever)
[HG005_GRCh38_r100000__cottas] running expanded/q01_record_density_1mb (qlever)
[HG005_GRCh38_r100000__cottas] running expanded/q02_variant_shape_counts (qlever)
[HG005_GRCh38_r100000__cottas] running expanded/q03_titv (qlever)
[HG005_GRCh38_r100000__cottas] running expanded/q04_filter_distribution (qlever)
[HG005_GRCh38_r100000__cottas] running expanded/q05_sample_genotype_counts (qlever)
[HG005_GRCh38_r100000__cottas] running expanded/q06_ac_an_distribution (qlever)
[HG005_GRCh38_r100000__cottas] running expanded/q07_file_metadata (qlever)
[HG005_GRCh38_r100000__cottas] running expanded/q08_header_line_census (qlever)
[HG005_GRCh38_r100000__cottas] running expanded/q09_predicate_census (qlever)
[HG005_GRCh38_r100000__cottas] running expanded/q10_class_census (qlever)
[HG005_GRCh38_r100000__cottas] running expanded/q11_record_digest (qlever)
[HG005_GRCh38_r100000__cottas] running expanded/q12_info_value_digest (qlever)
[HG005_GRCh38_r100000__cottas] running expanded/q13_format_value_digest (qlever)
{
  "datasetId": "HG005_GRCh38_r100000__cottas",
  "representation": "expanded",
  "status": "PASS",
  "engine": "qlever",
  "engines": [
    "qlever"
  ],
  "engineStatuses": {
    "qlever": "PASS"
  },
  "engineAgreement": true,
  "sourceFormat": "cottas",
  "strictConformance": false,
  "shacl": null,
  "mappingPolicy": "strict",
  "recordCount": 100000,
  "sampleCount": 1,
  "gtRecordCount": 100000,
  "preflight": {
    "preflight_duplicate_triples": {
      "status": "PASS",
      "parsedTripleCount": 17098746,
      "distinctTripleCount": 17098746,
      "duplicateTripleCount": 0
    },
    "preflight_record_cardinality": {
      "status": "PASS",
      "anomalyCount": 0,
      "anomalyCountReturned": 0,
      "limitedTo": 100,
      "sampleTruncated": false
    },
    "preflight_position_datatype": {
      "status": "PASS",
      "anomalyCount": 0,
      "anomalyCountReturned": 0,
      "limitedTo": 100,
      "sampleTruncated": false
    },
    "preflight_missing_token_conformance": {
      "status": "EXPECTED_CONFORMANCE_FAILURE",
      "anomalyCount": 20,
      "plainDotCountReturned": 20,
      "limitedTo": 100,
      "sampleTruncated": false
    },
    "preflight_representation_profile": {
      "status": "PASS",
      "anomalyCount": 0,
      "anomalyCountReturned": 0,
      "limitedTo": 100,
      "sampleTruncated": false,
      "note": null
    },
    "preflight_sample_gt_inventory": {
      "status": "PASS",
      "expected": {
        "sampleCallCount": 100000,
        "sampleIdCount": 1,
        "gtValueNodeCount": 100000
      },
      "actual": {
        "sampleCallCount": 100000,
        "sampleIdCount": 1,
        "gtValueNodeCount": 100000
      }
    },
    "preflight_blank_nodes": {
      "status": "PASS",
      "anomalyCount": 0,
      "anomalyCountReturned": 0,
      "limitedTo": 100,
      "sampleTruncated": false
    },
    "preflight_empty_values": {
      "status": "PASS",
      "anomalyCount": 0,
      "anomalyCountReturned": 0,
      "limitedTo": 100,
      "sampleTruncated": false
    },
    "preflight_distinct_triple_count": {
      "status": "PASS",
      "rows": 1
    }
  },
  "comparisonStatus": "PASS",
  "benchmark": {
    "oracleSeconds": 12.358340963022783,
    "engineQuerySeconds": {
      "qlever": 312.90842061070725
    },
    "engineSetupSeconds": {
      "qlever": 22.718854297185317
    }
  },
  "results": {
    "manifest": "/data/validation/manifest.json",
    "parser": "/data/validation/parser.json",
    "sparql": "/data/validation/sparql.json",
    "comparison": "/data/validation/comparison.json",
    "benchmark": "/data/validation/benchmark.csv"
  },
  "temporaryRdf": {
    "decompressedInsideContainer": true,
    "persisted": false,
    "cleanupConfirmed": true
  }
}
[exit 0]
