Step 1/5: Validating inputs ✅
  Metrics: /home/ubuntu/vrdev-test/acmg-run/results/17_use_case_acmg__cohort/convert__HG03685/out/run_metrics/HG03685.acmg__20260928T152346
  Detailed logs: /home/ubuntu/vrdev-test/acmg-run/results/17_use_case_acmg__cohort/convert__HG03685/out/run_metrics/HG03685.acmg__20260928T152346/logs/wrapper.log
  Progress log: /home/ubuntu/vrdev-test/acmg-run/results/17_use_case_acmg__cohort/convert__HG03685/out/run_metrics/HG03685.acmg__20260928T152346/logs/progress.log
Step 2/5: Ensuring Docker image is available ✅
Step 3/5: Processing per-input pipeline (TSV -> RDF -> compression)
  Sample representation: expanded
  INFO representation: structured
  Header representation: structured
  - Input 1/1: HG03685.acmg.vcf
    * TSV conversion ✅
    * VCF version: VCFv4.2 (detected)
    * RDF conversion ✅
    * Streaming expanded multi-sample RDF (no expanded helper TSVs)
    * Sample RDF streaming: 10,000 variants, 10,000 calls
    * Sample calls streamed: 11,057; FORMAT values: 11,057
    * Streaming structured header RDF
    * Header lines typed: 133; contigs: 24
    * Streaming QUAL and structured INFO RDF
    * INFO RDF streaming: 10,000 variants, 730,068 values
    * QUAL values streamed: 11,057; INFO values: 809,110; declarations: 91
    * Triples produced: 8,890,613
    * Compression ✅
    * Output directory: /home/ubuntu/vrdev-test/acmg-run/results/17_use_case_acmg__cohort/convert__HG03685/out/HG03685.acmg
      - RDF aggregate: HG03685.acmg.nt
      - N-Triples (.nt): 1.20 GB (removed after successful compression)
      - gzip (.nt.gz): 56.14 MB
Total triples produced (full run): 8,890,613
Conversion process finished.
Run time (full mode): 34.59s
Timing log: /home/ubuntu/vrdev-test/acmg-run/results/17_use_case_acmg__cohort/convert__HG03685/out/run_metrics/HG03685.acmg__20260928T152346/wrapper_execution_times.csv
Metrics summary: /home/ubuntu/vrdev-test/acmg-run/results/17_use_case_acmg__cohort/convert__HG03685/out/run_metrics/HG03685.acmg__20260928T152346/summary.json
