2026-10-08 17:16:11.324 - INFO: [1mQLever index builder bfd5741, compiled on Thu Sep  3 17:32:42 UTC 2026 using git hash bfd5741[22m
2026-10-08 17:16:11.324 - WARN: Implicitly using the parallel parser for a single input file for reasons of backward compatibility; this is deprecated, please use the command-line option --parallel-parsing or -p
2026-10-08 17:16:11.324 - INFO: Processing triples from single input stream /home/ubuntu/vrdev-test/conv/run-e3743590/work/scratch/biointerchange-HG005_GRCh38_r100000/graph.nt (parallel = true) ...
2026-10-08 17:16:11.324 - INFO: Locale was not specified in settings file, default is en_US
2026-10-08 17:16:11.324 - INFO: You specified "locale = en_US" and "ignore-punctuation = 0"
2026-10-08 17:16:11.324 - INFO: By default, integers that cannot be represented by QLever will throw an exception
2026-10-08 17:16:11.325 - INFO: Parsing input triples and creating partial vocabularies, one per batch ...
2026-10-08 17:16:13.853 - INFO: Triples parsed: 4,559,438 [average speed 2.2 M/s] 
2026-10-08 17:16:14.851 - INFO: Number of triples created (including QLever-internal ones): 4,559,438 [may contain duplicates]
2026-10-08 17:16:14.851 - INFO: Number of partial vocabularies created: 1
2026-10-08 17:16:14.994 - INFO: Merging partial vocabularies ...
2026-10-08 17:16:15.312 - INFO: Words merged: 30,840 [average speed 0.1 M/s] 
2026-10-08 17:16:15.323 - INFO: Finished writing compressed internal vocabulary, size = 172.7 kB [uncompressed = 402.8 kB, ratio = 42%]
2026-10-08 17:16:15.323 - INFO: Number of words in external vocabulary: 30,840
2026-10-08 17:16:15.335 - INFO: Converting triples from local IDs to global IDs ...
2026-10-08 17:16:15.656 - INFO: Triples converted: 4,559,438 [average speed 14.5 M/s] 
2026-10-08 17:16:15.764 - INFO: Creating permutations SPO and SOP ...
2026-10-08 17:16:16.005 - INFO: Number of inputs to `uniqueView`: 4,559,438
2026-10-08 17:16:16.005 - INFO: Number of unique elements: 4,559,438
2026-10-08 17:16:16.005 - INFO: Triples sorted: 4,559,438 [average speed 18.9 M/s] 
2026-10-08 17:16:16.317 - INFO: Statistics for SPO: #relations = 1,501,610, #blocks = 98, #triples = 4,559,438
2026-10-08 17:16:16.317 - INFO: Statistics for SOP: #relations = 1,501,610, #blocks = 98, #triples = 4,559,438
2026-10-08 17:16:16.317 - INFO: Number of distinct patterns: 25
2026-10-08 17:16:16.317 - INFO: Number of subjects with pattern: 1,501,610 [all]
2026-10-08 17:16:16.317 - INFO: Total number of distinct subject-predicate pairs: 4,559,438
2026-10-08 17:16:16.317 - INFO: Average number of predicates per subject: 3.0
2026-10-08 17:16:16.317 - INFO: Average number of subjects per predicate: 86,027
2026-10-08 17:16:16.428 - INFO: Creating permutations OSP and OPS ...
2026-10-08 17:16:16.938 - INFO: Triples sorted: 4,559,438 [average speed 8.9 M/s] 
2026-10-08 17:16:16.957 - INFO: Statistics for OSP: #relations = 1,534,531, #blocks = 148, #triples = 4,559,438
2026-10-08 17:16:16.957 - INFO: Statistics for OPS: #relations = 1,534,531, #blocks = 148, #triples = 4,559,438
2026-10-08 17:16:16.957 - INFO: Adding 1,501,610 triples to the POS and PSO permutation for the internal `ql:has-pattern` ...
2026-10-08 17:16:17.032 - INFO: Creating permutations PSO and POS ...
2026-10-08 17:16:17.086 - INFO: Number of inputs to `uniqueView`: 1,501,610
2026-10-08 17:16:17.086 - INFO: Number of unique elements: 1,501,610
2026-10-08 17:16:17.086 - INFO: Triples sorted: 1,501,610 [average speed 27.9 M/s] 
2026-10-08 17:16:17.207 - INFO: Statistics for PSO: #relations = 1, #blocks = 49, #triples = 1,501,610
2026-10-08 17:16:17.207 - INFO: Statistics for POS: #relations = 1, #blocks = 49, #triples = 1,501,610
2026-10-08 17:16:17.314 - INFO: Creating permutations PSO and POS ...
2026-10-08 17:16:17.845 - INFO: Triples sorted: 4,559,438 [average speed 8.6 M/s] 
2026-10-08 17:16:17.882 - INFO: Statistics for PSO: #relations = 53, #blocks = 182, #triples = 4,559,438
2026-10-08 17:16:17.882 - INFO: Statistics for POS: #relations = 53, #blocks = 182, #triples = 4,559,438
2026-10-08 17:16:17.883 - INFO: Index build completed
