TSV conversion: NA18522.acmg: started
TSV conversion: NA18522.acmg: finished
RMLStreamer: NA18522.acmg: started
  RMLStreamer: NA18522.acmg: rmlstreamer started — 0 B · 0 parts
  RMLStreamer: NA18522.acmg: rmlstreamer heartbeat — 0 B · 0 parts
  RMLStreamer: NA18522.acmg: rmlstreamer heartbeat — 58.75 KB · 8 parts
  RMLStreamer: NA18522.acmg: rmlstreamer heartbeat — 10.97 MB · 8 parts
  RMLStreamer: NA18522.acmg: rmlstreamer heartbeat — 12.52 MB · 8 parts
  RMLStreamer: NA18522.acmg: rmlstreamer complete — 12.52 MB · 8 parts
  RMLStreamer: NA18522.acmg: rdf-aggregate started — 0 parts
  RMLStreamer: NA18522.acmg: rdf-aggregate part — 1 parts
  RMLStreamer: NA18522.acmg: rdf-aggregate part — 2 parts
  RMLStreamer: NA18522.acmg: rdf-aggregate part — 3 parts
  RMLStreamer: NA18522.acmg: rdf-aggregate part — 4 parts
  RMLStreamer: NA18522.acmg: rdf-aggregate part — 5 parts
  RMLStreamer: NA18522.acmg: rdf-aggregate part — 6 parts
  RMLStreamer: NA18522.acmg: rdf-aggregate part — 7 parts
  RMLStreamer: NA18522.acmg: rdf-aggregate part — 8 parts
  RMLStreamer: NA18522.acmg: rdf-aggregate complete — 8 parts
RMLStreamer: NA18522.acmg: finished
