Step 1/5: Validating inputs ✅
  Metrics: /home/ubuntu/vrdev-test/v331/results/17_use_case_acmg__cohort/convert__NA20818/out/run_metrics/NA20818.acmg__20261008T150340
  Detailed logs: /home/ubuntu/vrdev-test/v331/results/17_use_case_acmg__cohort/convert__NA20818/out/run_metrics/NA20818.acmg__20261008T150340/logs/wrapper.log
  Progress log: /home/ubuntu/vrdev-test/v331/results/17_use_case_acmg__cohort/convert__NA20818/out/run_metrics/NA20818.acmg__20261008T150340/logs/progress.log
Step 2/5: Ensuring Docker image is available ✅
Step 3/5: Processing per-input pipeline (TSV -> RDF -> compression)
  Sample representation: expanded
  INFO representation: structured
  Header representation: structured
  - Input 1/1: NA20818.acmg.vcf
    * TSV conversion ✅
    * VCF version: VCFv4.2 (detected)
    * RDF conversion ✅
    * Streaming expanded multi-sample RDF (no expanded helper TSVs)
    * Sample calls streamed: 9,878; FORMAT values: 9,878
    * Streaming structured header RDF
    * Header lines typed: 43; contigs: 24
    * Streaming QUAL and structured INFO RDF
    * QUAL values streamed: 9,878; INFO values: 0; declarations: 0
    * Triples produced: 582,777
    * Compression ✅
    * Output directory: /home/ubuntu/vrdev-test/v331/results/17_use_case_acmg__cohort/convert__NA20818/out/NA20818.acmg
      - RDF aggregate: NA20818.acmg.nt.gz
      - RDF (.gz): 2.30 MB (retained because it is also the selected gzip artifact)
      - gzip (.nt.gz): 2.30 MB
Total triples produced (full run): 582,777
Conversion process finished.
Run time (full mode): 17.41s
Timing log: /home/ubuntu/vrdev-test/v331/results/17_use_case_acmg__cohort/convert__NA20818/out/run_metrics/NA20818.acmg__20261008T150340/wrapper_execution_times.csv
Metrics summary: /home/ubuntu/vrdev-test/v331/results/17_use_case_acmg__cohort/convert__NA20818/out/run_metrics/NA20818.acmg__20261008T150340/summary.json
