TSV conversion: HG005.acmg: started
TSV conversion: HG005.acmg: finished
RMLStreamer: HG005.acmg: started
  RMLStreamer: HG005.acmg: rmlstreamer started — 0 B · 0 parts
  RMLStreamer: HG005.acmg: rmlstreamer heartbeat — 0 B · 0 parts
  RMLStreamer: HG005.acmg: rmlstreamer heartbeat — 6.07 MB · 8 parts
  RMLStreamer: HG005.acmg: rmlstreamer heartbeat — 19.84 MB · 8 parts
  RMLStreamer: HG005.acmg: rmlstreamer heartbeat — 48.89 MB · 8 parts
  RMLStreamer: HG005.acmg: rmlstreamer heartbeat — 91.22 MB · 8 parts
  RMLStreamer: HG005.acmg: rmlstreamer heartbeat — 132.46 MB · 8 parts
  RMLStreamer: HG005.acmg: rmlstreamer heartbeat — 172.62 MB · 8 parts
  RMLStreamer: HG005.acmg: rmlstreamer heartbeat — 215.81 MB · 8 parts
  RMLStreamer: HG005.acmg: rmlstreamer heartbeat — 259.44 MB · 8 parts
  RMLStreamer: HG005.acmg: rmlstreamer heartbeat — 301.94 MB · 8 parts
  RMLStreamer: HG005.acmg: rmlstreamer heartbeat — 343.88 MB · 8 parts
  RMLStreamer: HG005.acmg: rmlstreamer heartbeat — 386.58 MB · 8 parts
  RMLStreamer: HG005.acmg: rmlstreamer heartbeat — 428.96 MB · 8 parts
  RMLStreamer: HG005.acmg: rmlstreamer heartbeat — 474.42 MB · 8 parts
  RMLStreamer: HG005.acmg: rmlstreamer heartbeat — 517.53 MB · 8 parts
  RMLStreamer: HG005.acmg: rmlstreamer heartbeat — 562.78 MB · 8 parts
  RMLStreamer: HG005.acmg: rmlstreamer heartbeat — 605.93 MB · 8 parts
  RMLStreamer: HG005.acmg: rmlstreamer heartbeat — 647.34 MB · 8 parts
  RMLStreamer: HG005.acmg: rmlstreamer heartbeat — 687.51 MB · 8 parts
  RMLStreamer: HG005.acmg: rmlstreamer heartbeat — 731.76 MB · 8 parts
  RMLStreamer: HG005.acmg: rmlstreamer heartbeat — 774.87 MB · 8 parts
  RMLStreamer: HG005.acmg: rmlstreamer heartbeat — 818.30 MB · 8 parts
  RMLStreamer: HG005.acmg: rmlstreamer heartbeat — 859.99 MB · 8 parts
  RMLStreamer: HG005.acmg: rmlstreamer heartbeat — 900.09 MB · 8 parts
  RMLStreamer: HG005.acmg: rmlstreamer heartbeat — 943.15 MB · 8 parts
  RMLStreamer: HG005.acmg: rmlstreamer heartbeat — 988.00 MB · 8 parts
  RMLStreamer: HG005.acmg: rmlstreamer heartbeat — 1.01 GB · 8 parts
  RMLStreamer: HG005.acmg: rmlstreamer heartbeat — 1.05 GB · 8 parts
  RMLStreamer: HG005.acmg: rmlstreamer heartbeat — 1.09 GB · 8 parts
  RMLStreamer: HG005.acmg: rmlstreamer heartbeat — 1.14 GB · 8 parts
  RMLStreamer: HG005.acmg: rmlstreamer heartbeat — 1.18 GB · 8 parts
  RMLStreamer: HG005.acmg: rmlstreamer heartbeat — 1.22 GB · 8 parts
  RMLStreamer: HG005.acmg: rmlstreamer heartbeat — 1.26 GB · 8 parts
  RMLStreamer: HG005.acmg: rmlstreamer heartbeat — 1.30 GB · 8 parts
  RMLStreamer: HG005.acmg: rmlstreamer heartbeat — 1.34 GB · 8 parts
  RMLStreamer: HG005.acmg: rmlstreamer heartbeat — 1.39 GB · 8 parts
  RMLStreamer: HG005.acmg: rmlstreamer heartbeat — 1.43 GB · 8 parts
  RMLStreamer: HG005.acmg: rmlstreamer heartbeat — 1.47 GB · 8 parts
  RMLStreamer: HG005.acmg: rmlstreamer heartbeat — 1.51 GB · 8 parts
  RMLStreamer: HG005.acmg: rmlstreamer heartbeat — 1.56 GB · 8 parts
  RMLStreamer: HG005.acmg: rmlstreamer heartbeat — 1.60 GB · 8 parts
  RMLStreamer: HG005.acmg: rmlstreamer heartbeat — 1.64 GB · 8 parts
  RMLStreamer: HG005.acmg: rmlstreamer heartbeat — 1.68 GB · 8 parts
  RMLStreamer: HG005.acmg: rmlstreamer heartbeat — 1.72 GB · 8 parts
  RMLStreamer: HG005.acmg: rmlstreamer heartbeat — 1.76 GB · 8 parts
  RMLStreamer: HG005.acmg: rmlstreamer heartbeat — 1.80 GB · 8 parts
  RMLStreamer: HG005.acmg: rmlstreamer heartbeat — 1.84 GB · 8 parts
  RMLStreamer: HG005.acmg: rmlstreamer heartbeat — 1.89 GB · 8 parts
  RMLStreamer: HG005.acmg: rmlstreamer heartbeat — 1.93 GB · 8 parts
  RMLStreamer: HG005.acmg: rmlstreamer heartbeat — 1.97 GB · 8 parts
  RMLStreamer: HG005.acmg: rmlstreamer heartbeat — 2.02 GB · 8 parts
  RMLStreamer: HG005.acmg: rmlstreamer heartbeat — 2.06 GB · 8 parts
  RMLStreamer: HG005.acmg: rmlstreamer heartbeat — 2.10 GB · 8 parts
  RMLStreamer: HG005.acmg: rmlstreamer heartbeat — 2.14 GB · 8 parts
  RMLStreamer: HG005.acmg: rmlstreamer heartbeat — 2.18 GB · 8 parts
  RMLStreamer: HG005.acmg: rmlstreamer heartbeat — 2.22 GB · 8 parts
  RMLStreamer: HG005.acmg: rmlstreamer heartbeat — 2.27 GB · 8 parts
  RMLStreamer: HG005.acmg: rmlstreamer heartbeat — 2.31 GB · 8 parts
  RMLStreamer: HG005.acmg: rmlstreamer heartbeat — 2.35 GB · 8 parts
  RMLStreamer: HG005.acmg: rmlstreamer heartbeat — 2.39 GB · 8 parts
  RMLStreamer: HG005.acmg: rmlstreamer heartbeat — 2.43 GB · 8 parts
  RMLStreamer: HG005.acmg: rmlstreamer heartbeat — 2.47 GB · 8 parts
  RMLStreamer: HG005.acmg: rmlstreamer heartbeat — 2.52 GB · 8 parts
  RMLStreamer: HG005.acmg: rmlstreamer heartbeat — 2.56 GB · 8 parts
  RMLStreamer: HG005.acmg: rmlstreamer heartbeat — 2.60 GB · 8 parts
  RMLStreamer: HG005.acmg: rmlstreamer heartbeat — 2.64 GB · 8 parts
  RMLStreamer: HG005.acmg: rmlstreamer heartbeat — 2.68 GB · 8 parts
  RMLStreamer: HG005.acmg: rmlstreamer heartbeat — 2.72 GB · 8 parts
  RMLStreamer: HG005.acmg: rmlstreamer heartbeat — 2.76 GB · 8 parts
  RMLStreamer: HG005.acmg: rmlstreamer heartbeat — 2.80 GB · 8 parts
  RMLStreamer: HG005.acmg: rmlstreamer heartbeat — 2.84 GB · 8 parts
  RMLStreamer: HG005.acmg: rmlstreamer heartbeat — 2.89 GB · 8 parts
  RMLStreamer: HG005.acmg: rmlstreamer heartbeat — 2.93 GB · 8 parts
  RMLStreamer: HG005.acmg: rmlstreamer heartbeat — 2.97 GB · 8 parts
  RMLStreamer: HG005.acmg: rmlstreamer heartbeat — 3.01 GB · 8 parts
  RMLStreamer: HG005.acmg: rmlstreamer heartbeat — 3.05 GB · 8 parts
  RMLStreamer: HG005.acmg: rmlstreamer heartbeat — 3.09 GB · 8 parts
  RMLStreamer: HG005.acmg: rmlstreamer heartbeat — 3.13 GB · 8 parts
  RMLStreamer: HG005.acmg: rmlstreamer heartbeat — 3.18 GB · 8 parts
  RMLStreamer: HG005.acmg: rmlstreamer heartbeat — 3.22 GB · 8 parts
  RMLStreamer: HG005.acmg: rmlstreamer heartbeat — 3.26 GB · 8 parts
  RMLStreamer: HG005.acmg: rmlstreamer heartbeat — 3.30 GB · 8 parts
  RMLStreamer: HG005.acmg: rmlstreamer heartbeat — 3.35 GB · 8 parts
  RMLStreamer: HG005.acmg: rmlstreamer heartbeat — 3.39 GB · 8 parts
  RMLStreamer: HG005.acmg: rmlstreamer heartbeat — 3.43 GB · 8 parts
  RMLStreamer: HG005.acmg: rmlstreamer heartbeat — 3.47 GB · 8 parts
  RMLStreamer: HG005.acmg: rmlstreamer heartbeat — 3.52 GB · 8 parts
  RMLStreamer: HG005.acmg: rmlstreamer heartbeat — 3.56 GB · 8 parts
  RMLStreamer: HG005.acmg: rmlstreamer heartbeat — 3.60 GB · 8 parts
  RMLStreamer: HG005.acmg: rmlstreamer heartbeat — 3.64 GB · 8 parts
  RMLStreamer: HG005.acmg: rmlstreamer heartbeat — 3.68 GB · 8 parts
  RMLStreamer: HG005.acmg: rmlstreamer heartbeat — 3.73 GB · 8 parts
  RMLStreamer: HG005.acmg: rmlstreamer heartbeat — 3.77 GB · 8 parts
  RMLStreamer: HG005.acmg: rmlstreamer heartbeat — 3.78 GB · 8 parts
  RMLStreamer: HG005.acmg: rmlstreamer heartbeat — 3.80 GB · 8 parts
  RMLStreamer: HG005.acmg: rmlstreamer heartbeat — 3.80 GB · 8 parts
  RMLStreamer: HG005.acmg: rmlstreamer heartbeat — 3.81 GB · 8 parts
  RMLStreamer: HG005.acmg: rmlstreamer heartbeat — 3.82 GB · 8 parts
  RMLStreamer: HG005.acmg: rmlstreamer complete — 3.82 GB · 8 parts
  RMLStreamer: HG005.acmg: rdf-aggregate started — 0 parts
  RMLStreamer: HG005.acmg: rdf-aggregate part — 1 parts
  RMLStreamer: HG005.acmg: rdf-aggregate part — 2 parts
  RMLStreamer: HG005.acmg: rdf-aggregate part — 3 parts
  RMLStreamer: HG005.acmg: rdf-aggregate part — 4 parts
  RMLStreamer: HG005.acmg: rdf-aggregate part — 5 parts
  RMLStreamer: HG005.acmg: rdf-aggregate part — 6 parts
  RMLStreamer: HG005.acmg: rdf-aggregate part — 7 parts
  RMLStreamer: HG005.acmg: rdf-aggregate part — 8 parts
  RMLStreamer: HG005.acmg: rdf-aggregate complete — 8 parts
RMLStreamer: HG005.acmg: finished
    ! Input 1/1 (HG005.acmg.vcf) failed at record-detail-rdf-streaming: failed streaming QUAL/structured INFO RDF for 'HG005.acmg': [Errno 28] No space left on device. See log: /home/ubuntu/vrdev-test/acmg-run/results/17_use_case_acmg__wgs/convert__HG005/out/run_metrics/HG005.acmg__20260929T112634/logs/wrapper.log
Completed with failures for 1/1 input(s). Failure report: /home/ubuntu/vrdev-test/acmg-run/results/17_use_case_acmg__wgs/convert__HG005/out/run_metrics/HG005.acmg__20260929T112634/reports/failed_inputs.csv
