Step 1/5: Validating inputs ✅
  Metrics: /home/ubuntu/vrdev-test/acmg-run/results/17_use_case_acmg__wgs/convert__HG005/out/run_metrics/HG005.acmg__20260929T112634
  Detailed logs: /home/ubuntu/vrdev-test/acmg-run/results/17_use_case_acmg__wgs/convert__HG005/out/run_metrics/HG005.acmg__20260929T112634/logs/wrapper.log
  Progress log: /home/ubuntu/vrdev-test/acmg-run/results/17_use_case_acmg__wgs/convert__HG005/out/run_metrics/HG005.acmg__20260929T112634/logs/progress.log
Step 2/5: Ensuring Docker image is available ✅
Step 3/5: Processing per-input pipeline (TSV -> RDF -> compression)
  Sample representation: expanded
  INFO representation: structured
  Header representation: structured
  - Input 1/1: HG005.acmg.vcf
    * TSV conversion ✅
    * VCF version: VCFv4.2 (detected)
    * RDF conversion ✅
    * Streaming expanded multi-sample RDF (no expanded helper TSVs)
    * Sample RDF streaming: 10,000 variants, 10,000 calls
    * Sample RDF streaming: 20,000 variants, 20,000 calls
    * Sample RDF streaming: 30,000 variants, 30,000 calls
    * Sample RDF streaming: 40,000 variants, 40,000 calls
    * Sample RDF streaming: 50,000 variants, 50,000 calls
    * Sample RDF streaming: 60,000 variants, 60,000 calls
    * Sample RDF streaming: 70,000 variants, 70,000 calls
    * Sample RDF streaming: 80,000 variants, 80,000 calls
    * Sample RDF streaming: 90,000 variants, 90,000 calls
    * Sample RDF streaming: 100,000 variants, 100,000 calls
    * Sample RDF streaming: 110,000 variants, 110,000 calls
    * Sample RDF streaming: 120,000 variants, 120,000 calls
    * Sample RDF streaming: 130,000 variants, 130,000 calls
    * Sample RDF streaming: 140,000 variants, 140,000 calls
    * Sample RDF streaming: 150,000 variants, 150,000 calls
    * Sample RDF streaming: 160,000 variants, 160,000 calls
    * Sample RDF streaming: 170,000 variants, 170,000 calls
    * Sample RDF streaming: 180,000 variants, 180,000 calls
    * Sample RDF streaming: 190,000 variants, 190,000 calls
    * Sample RDF streaming: 200,000 variants, 200,000 calls
    * Sample RDF streaming: 210,000 variants, 210,000 calls
    * Sample RDF streaming: 220,000 variants, 220,000 calls
    * Sample RDF streaming: 230,000 variants, 230,000 calls
    * Sample RDF streaming: 240,000 variants, 240,000 calls
    * Sample RDF streaming: 250,000 variants, 250,000 calls
    * Sample RDF streaming: 260,000 variants, 260,000 calls
    * Sample RDF streaming: 270,000 variants, 270,000 calls
    * Sample RDF streaming: 280,000 variants, 280,000 calls
    * Sample RDF streaming: 290,000 variants, 290,000 calls
    * Sample RDF streaming: 300,000 variants, 300,000 calls
    * Sample RDF streaming: 310,000 variants, 310,000 calls
    * Sample RDF streaming: 320,000 variants, 320,000 calls
    * Sample RDF streaming: 330,000 variants, 330,000 calls
    * Sample RDF streaming: 340,000 variants, 340,000 calls
    * Sample RDF streaming: 350,000 variants, 350,000 calls
    * Sample RDF streaming: 360,000 variants, 360,000 calls
    * Sample RDF streaming: 370,000 variants, 370,000 calls
    * Sample RDF streaming: 380,000 variants, 380,000 calls
    * Sample RDF streaming: 390,000 variants, 390,000 calls
    * Sample RDF streaming: 400,000 variants, 400,000 calls
    * Sample RDF streaming: 410,000 variants, 410,000 calls
    * Sample RDF streaming: 420,000 variants, 420,000 calls
    * Sample RDF streaming: 430,000 variants, 430,000 calls
    * Sample RDF streaming: 440,000 variants, 440,000 calls
    * Sample RDF streaming: 450,000 variants, 450,000 calls
    * Sample RDF streaming: 460,000 variants, 460,000 calls
    * Sample RDF streaming: 470,000 variants, 470,000 calls
    * Sample RDF streaming: 480,000 variants, 480,000 calls
    * Sample RDF streaming: 490,000 variants, 490,000 calls
    * Sample RDF streaming: 500,000 variants, 500,000 calls
    * Sample RDF streaming: 510,000 variants, 510,000 calls
    * Sample RDF streaming: 520,000 variants, 520,000 calls
    * Sample RDF streaming: 530,000 variants, 530,000 calls
    * Sample RDF streaming: 540,000 variants, 540,000 calls
    * Sample RDF streaming: 550,000 variants, 550,000 calls
    * Sample RDF streaming: 560,000 variants, 560,000 calls
    * Sample RDF streaming: 570,000 variants, 570,000 calls
    * Sample RDF streaming: 580,000 variants, 580,000 calls
    * Sample RDF streaming: 590,000 variants, 590,000 calls
    * Sample RDF streaming: 600,000 variants, 600,000 calls
    * Sample RDF streaming: 610,000 variants, 610,000 calls
    * Sample RDF streaming: 620,000 variants, 620,000 calls
    * Sample RDF streaming: 630,000 variants, 630,000 calls
    * Sample RDF streaming: 640,000 variants, 640,000 calls
    * Sample RDF streaming: 650,000 variants, 650,000 calls
    * Sample RDF streaming: 660,000 variants, 660,000 calls
    * Sample RDF streaming: 670,000 variants, 670,000 calls
    * Sample RDF streaming: 680,000 variants, 680,000 calls
    * Sample RDF streaming: 690,000 variants, 690,000 calls
    * Sample RDF streaming: 700,000 variants, 700,000 calls
    * Sample RDF streaming: 710,000 variants, 710,000 calls
    * Sample RDF streaming: 720,000 variants, 720,000 calls
    * Sample RDF streaming: 730,000 variants, 730,000 calls
    * Sample RDF streaming: 740,000 variants, 740,000 calls
    * Sample RDF streaming: 750,000 variants, 750,000 calls
    * Sample RDF streaming: 760,000 variants, 760,000 calls
    * Sample RDF streaming: 770,000 variants, 770,000 calls
    * Sample RDF streaming: 780,000 variants, 780,000 calls
    * Sample RDF streaming: 790,000 variants, 790,000 calls
    * Sample RDF streaming: 800,000 variants, 800,000 calls
    * Sample RDF streaming: 810,000 variants, 810,000 calls
    * Sample RDF streaming: 820,000 variants, 820,000 calls
    * Sample RDF streaming: 830,000 variants, 830,000 calls
    * Sample RDF streaming: 840,000 variants, 840,000 calls
    * Sample RDF streaming: 850,000 variants, 850,000 calls
    * Sample RDF streaming: 860,000 variants, 860,000 calls
    * Sample RDF streaming: 870,000 variants, 870,000 calls
    * Sample RDF streaming: 880,000 variants, 880,000 calls
    * Sample RDF streaming: 890,000 variants, 890,000 calls
    * Sample RDF streaming: 900,000 variants, 900,000 calls
    * Sample RDF streaming: 910,000 variants, 910,000 calls
    * Sample RDF streaming: 920,000 variants, 920,000 calls
    * Sample RDF streaming: 930,000 variants, 930,000 calls
    * Sample RDF streaming: 940,000 variants, 940,000 calls
    * Sample RDF streaming: 950,000 variants, 950,000 calls
    * Sample RDF streaming: 960,000 variants, 960,000 calls
    * Sample RDF streaming: 970,000 variants, 970,000 calls
    * Sample RDF streaming: 980,000 variants, 980,000 calls
    * Sample RDF streaming: 990,000 variants, 990,000 calls
    * Sample RDF streaming: 1,000,000 variants, 1,000,000 calls
    * Sample RDF streaming: 1,010,000 variants, 1,010,000 calls
    * Sample RDF streaming: 1,020,000 variants, 1,020,000 calls
    * Sample RDF streaming: 1,030,000 variants, 1,030,000 calls
    * Sample RDF streaming: 1,040,000 variants, 1,040,000 calls
    * Sample RDF streaming: 1,050,000 variants, 1,050,000 calls
    * Sample RDF streaming: 1,060,000 variants, 1,060,000 calls
    * Sample RDF streaming: 1,070,000 variants, 1,070,000 calls
    * Sample RDF streaming: 1,080,000 variants, 1,080,000 calls
    * Sample RDF streaming: 1,090,000 variants, 1,090,000 calls
    * Sample RDF streaming: 1,100,000 variants, 1,100,000 calls
    * Sample RDF streaming: 1,110,000 variants, 1,110,000 calls
    * Sample RDF streaming: 1,120,000 variants, 1,120,000 calls
    * Sample RDF streaming: 1,130,000 variants, 1,130,000 calls
    * Sample RDF streaming: 1,140,000 variants, 1,140,000 calls
    * Sample RDF streaming: 1,150,000 variants, 1,150,000 calls
    * Sample RDF streaming: 1,160,000 variants, 1,160,000 calls
    * Sample RDF streaming: 1,170,000 variants, 1,170,000 calls
    * Sample RDF streaming: 1,180,000 variants, 1,180,000 calls
    * Sample RDF streaming: 1,190,000 variants, 1,190,000 calls
    * Sample RDF streaming: 1,200,000 variants, 1,200,000 calls
    * Sample RDF streaming: 1,210,000 variants, 1,210,000 calls
    * Sample RDF streaming: 1,220,000 variants, 1,220,000 calls
    * Sample RDF streaming: 1,230,000 variants, 1,230,000 calls
    * Sample RDF streaming: 1,240,000 variants, 1,240,000 calls
    * Sample RDF streaming: 1,250,000 variants, 1,250,000 calls
    * Sample RDF streaming: 1,260,000 variants, 1,260,000 calls
    * Sample RDF streaming: 1,270,000 variants, 1,270,000 calls
    * Sample RDF streaming: 1,280,000 variants, 1,280,000 calls
    * Sample RDF streaming: 1,290,000 variants, 1,290,000 calls
    * Sample RDF streaming: 1,300,000 variants, 1,300,000 calls
    * Sample RDF streaming: 1,310,000 variants, 1,310,000 calls
    * Sample RDF streaming: 1,320,000 variants, 1,320,000 calls
    * Sample RDF streaming: 1,330,000 variants, 1,330,000 calls
    * Sample RDF streaming: 1,340,000 variants, 1,340,000 calls
    * Sample RDF streaming: 1,350,000 variants, 1,350,000 calls
    * Sample RDF streaming: 1,360,000 variants, 1,360,000 calls
    * Sample RDF streaming: 1,370,000 variants, 1,370,000 calls
    * Sample RDF streaming: 1,380,000 variants, 1,380,000 calls
    * Sample RDF streaming: 1,390,000 variants, 1,390,000 calls
    * Sample RDF streaming: 1,400,000 variants, 1,400,000 calls
    * Sample RDF streaming: 1,410,000 variants, 1,410,000 calls
    * Sample RDF streaming: 1,420,000 variants, 1,420,000 calls
    * Sample RDF streaming: 1,430,000 variants, 1,430,000 calls
    * Sample RDF streaming: 1,440,000 variants, 1,440,000 calls
    * Sample RDF streaming: 1,450,000 variants, 1,450,000 calls
    * Sample RDF streaming: 1,460,000 variants, 1,460,000 calls
    * Sample RDF streaming: 1,470,000 variants, 1,470,000 calls
    * Sample RDF streaming: 1,480,000 variants, 1,480,000 calls
    * Sample RDF streaming: 1,490,000 variants, 1,490,000 calls
    * Sample RDF streaming: 1,500,000 variants, 1,500,000 calls
    * Sample RDF streaming: 1,510,000 variants, 1,510,000 calls
    * Sample RDF streaming: 1,520,000 variants, 1,520,000 calls
    * Sample RDF streaming: 1,530,000 variants, 1,530,000 calls
    * Sample RDF streaming: 1,540,000 variants, 1,540,000 calls
    * Sample RDF streaming: 1,550,000 variants, 1,550,000 calls
    * Sample RDF streaming: 1,560,000 variants, 1,560,000 calls
    * Sample RDF streaming: 1,570,000 variants, 1,570,000 calls
    * Sample RDF streaming: 1,580,000 variants, 1,580,000 calls
    * Sample RDF streaming: 1,590,000 variants, 1,590,000 calls
    * Sample RDF streaming: 1,600,000 variants, 1,600,000 calls
    * Sample RDF streaming: 1,610,000 variants, 1,610,000 calls
    * Sample RDF streaming: 1,620,000 variants, 1,620,000 calls
    * Sample RDF streaming: 1,630,000 variants, 1,630,000 calls
    * Sample RDF streaming: 1,640,000 variants, 1,640,000 calls
    * Sample RDF streaming: 1,650,000 variants, 1,650,000 calls
    * Sample RDF streaming: 1,660,000 variants, 1,660,000 calls
    * Sample RDF streaming: 1,670,000 variants, 1,670,000 calls
    * Sample RDF streaming: 1,680,000 variants, 1,680,000 calls
    * Sample RDF streaming: 1,690,000 variants, 1,690,000 calls
    * Sample RDF streaming: 1,700,000 variants, 1,700,000 calls
    * Sample RDF streaming: 1,710,000 variants, 1,710,000 calls
    * Sample RDF streaming: 1,720,000 variants, 1,720,000 calls
    * Sample RDF streaming: 1,730,000 variants, 1,730,000 calls
    * Sample RDF streaming: 1,740,000 variants, 1,740,000 calls
    * Sample RDF streaming: 1,750,000 variants, 1,750,000 calls
    * Sample RDF streaming: 1,760,000 variants, 1,760,000 calls
    * Sample RDF streaming: 1,770,000 variants, 1,770,000 calls
    * Sample RDF streaming: 1,780,000 variants, 1,780,000 calls
    * Sample RDF streaming: 1,790,000 variants, 1,790,000 calls
    * Sample RDF streaming: 1,800,000 variants, 1,800,000 calls
    * Sample RDF streaming: 1,810,000 variants, 1,810,000 calls
    * Sample RDF streaming: 1,820,000 variants, 1,820,000 calls
    * Sample RDF streaming: 1,830,000 variants, 1,830,000 calls
    * Sample RDF streaming: 1,840,000 variants, 1,840,000 calls
    * Sample RDF streaming: 1,850,000 variants, 1,850,000 calls
    * Sample RDF streaming: 1,860,000 variants, 1,860,000 calls
    * Sample RDF streaming: 1,870,000 variants, 1,870,000 calls
    * Sample RDF streaming: 1,880,000 variants, 1,880,000 calls
    * Sample RDF streaming: 1,890,000 variants, 1,890,000 calls
    * Sample RDF streaming: 1,900,000 variants, 1,900,000 calls
    * Sample RDF streaming: 1,910,000 variants, 1,910,000 calls
    * Sample RDF streaming: 1,920,000 variants, 1,920,000 calls
    * Sample RDF streaming: 1,930,000 variants, 1,930,000 calls
    * Sample RDF streaming: 1,940,000 variants, 1,940,000 calls
    * Sample RDF streaming: 1,950,000 variants, 1,950,000 calls
    * Sample RDF streaming: 1,960,000 variants, 1,960,000 calls
    * Sample RDF streaming: 1,970,000 variants, 1,970,000 calls
    * Sample RDF streaming: 1,980,000 variants, 1,980,000 calls
    * Sample RDF streaming: 1,990,000 variants, 1,990,000 calls
    * Sample RDF streaming: 2,000,000 variants, 2,000,000 calls
    * Sample RDF streaming: 2,010,000 variants, 2,010,000 calls
    * Sample RDF streaming: 2,020,000 variants, 2,020,000 calls
    * Sample RDF streaming: 2,030,000 variants, 2,030,000 calls
    * Sample RDF streaming: 2,040,000 variants, 2,040,000 calls
    * Sample RDF streaming: 2,050,000 variants, 2,050,000 calls
    * Sample RDF streaming: 2,060,000 variants, 2,060,000 calls
    * Sample RDF streaming: 2,070,000 variants, 2,070,000 calls
    * Sample RDF streaming: 2,080,000 variants, 2,080,000 calls
    * Sample RDF streaming: 2,090,000 variants, 2,090,000 calls
    * Sample RDF streaming: 2,100,000 variants, 2,100,000 calls
    * Sample RDF streaming: 2,110,000 variants, 2,110,000 calls
    * Sample RDF streaming: 2,120,000 variants, 2,120,000 calls
    * Sample RDF streaming: 2,130,000 variants, 2,130,000 calls
    * Sample RDF streaming: 2,140,000 variants, 2,140,000 calls
    * Sample RDF streaming: 2,150,000 variants, 2,150,000 calls
    * Sample RDF streaming: 2,160,000 variants, 2,160,000 calls
    * Sample RDF streaming: 2,170,000 variants, 2,170,000 calls
    * Sample RDF streaming: 2,180,000 variants, 2,180,000 calls
    * Sample RDF streaming: 2,190,000 variants, 2,190,000 calls
    * Sample RDF streaming: 2,200,000 variants, 2,200,000 calls
    * Sample RDF streaming: 2,210,000 variants, 2,210,000 calls
    * Sample RDF streaming: 2,220,000 variants, 2,220,000 calls
    * Sample RDF streaming: 2,230,000 variants, 2,230,000 calls
    * Sample RDF streaming: 2,240,000 variants, 2,240,000 calls
    * Sample RDF streaming: 2,250,000 variants, 2,250,000 calls
    * Sample RDF streaming: 2,260,000 variants, 2,260,000 calls
    * Sample RDF streaming: 2,270,000 variants, 2,270,000 calls
    * Sample RDF streaming: 2,280,000 variants, 2,280,000 calls
    * Sample RDF streaming: 2,290,000 variants, 2,290,000 calls
    * Sample RDF streaming: 2,300,000 variants, 2,300,000 calls
    * Sample RDF streaming: 2,310,000 variants, 2,310,000 calls
    * Sample RDF streaming: 2,320,000 variants, 2,320,000 calls
    * Sample RDF streaming: 2,330,000 variants, 2,330,000 calls
    * Sample RDF streaming: 2,340,000 variants, 2,340,000 calls
    * Sample RDF streaming: 2,350,000 variants, 2,350,000 calls
    * Sample RDF streaming: 2,360,000 variants, 2,360,000 calls
    * Sample RDF streaming: 2,370,000 variants, 2,370,000 calls
    * Sample RDF streaming: 2,380,000 variants, 2,380,000 calls
    * Sample RDF streaming: 2,390,000 variants, 2,390,000 calls
    * Sample RDF streaming: 2,400,000 variants, 2,400,000 calls
    * Sample RDF streaming: 2,410,000 variants, 2,410,000 calls
    * Sample RDF streaming: 2,420,000 variants, 2,420,000 calls
    * Sample RDF streaming: 2,430,000 variants, 2,430,000 calls
    * Sample RDF streaming: 2,440,000 variants, 2,440,000 calls
    * Sample RDF streaming: 2,450,000 variants, 2,450,000 calls
    * Sample RDF streaming: 2,460,000 variants, 2,460,000 calls
    * Sample RDF streaming: 2,470,000 variants, 2,470,000 calls
    * Sample RDF streaming: 2,480,000 variants, 2,480,000 calls
    * Sample RDF streaming: 2,490,000 variants, 2,490,000 calls
    * Sample RDF streaming: 2,500,000 variants, 2,500,000 calls
    * Sample RDF streaming: 2,510,000 variants, 2,510,000 calls
    * Sample RDF streaming: 2,520,000 variants, 2,520,000 calls
    * Sample RDF streaming: 2,530,000 variants, 2,530,000 calls
    * Sample RDF streaming: 2,540,000 variants, 2,540,000 calls
    * Sample RDF streaming: 2,550,000 variants, 2,550,000 calls
    * Sample RDF streaming: 2,560,000 variants, 2,560,000 calls
    * Sample RDF streaming: 2,570,000 variants, 2,570,000 calls
    * Sample RDF streaming: 2,580,000 variants, 2,580,000 calls
    * Sample RDF streaming: 2,590,000 variants, 2,590,000 calls
    * Sample RDF streaming: 2,600,000 variants, 2,600,000 calls
    * Sample RDF streaming: 2,610,000 variants, 2,610,000 calls
    * Sample RDF streaming: 2,620,000 variants, 2,620,000 calls
    * Sample RDF streaming: 2,630,000 variants, 2,630,000 calls
    * Sample RDF streaming: 2,640,000 variants, 2,640,000 calls
    * Sample RDF streaming: 2,650,000 variants, 2,650,000 calls
    * Sample RDF streaming: 2,660,000 variants, 2,660,000 calls
    * Sample RDF streaming: 2,670,000 variants, 2,670,000 calls
    * Sample RDF streaming: 2,680,000 variants, 2,680,000 calls
    * Sample RDF streaming: 2,690,000 variants, 2,690,000 calls
    * Sample RDF streaming: 2,700,000 variants, 2,700,000 calls
    * Sample RDF streaming: 2,710,000 variants, 2,710,000 calls
    * Sample RDF streaming: 2,720,000 variants, 2,720,000 calls
    * Sample RDF streaming: 2,730,000 variants, 2,730,000 calls
    * Sample RDF streaming: 2,740,000 variants, 2,740,000 calls
    * Sample RDF streaming: 2,750,000 variants, 2,750,000 calls
    * Sample RDF streaming: 2,760,000 variants, 2,760,000 calls
    * Sample RDF streaming: 2,770,000 variants, 2,770,000 calls
    * Sample RDF streaming: 2,780,000 variants, 2,780,000 calls
    * Sample RDF streaming: 2,790,000 variants, 2,790,000 calls
    * Sample RDF streaming: 2,800,000 variants, 2,800,000 calls
    * Sample RDF streaming: 2,810,000 variants, 2,810,000 calls
    * Sample RDF streaming: 2,820,000 variants, 2,820,000 calls
    * Sample RDF streaming: 2,830,000 variants, 2,830,000 calls
    * Sample RDF streaming: 2,840,000 variants, 2,840,000 calls
    * Sample RDF streaming: 2,850,000 variants, 2,850,000 calls
    * Sample RDF streaming: 2,860,000 variants, 2,860,000 calls
    * Sample RDF streaming: 2,870,000 variants, 2,870,000 calls
    * Sample RDF streaming: 2,880,000 variants, 2,880,000 calls
    * Sample RDF streaming: 2,890,000 variants, 2,890,000 calls
    * Sample RDF streaming: 2,900,000 variants, 2,900,000 calls
    * Sample RDF streaming: 2,910,000 variants, 2,910,000 calls
    * Sample RDF streaming: 2,920,000 variants, 2,920,000 calls
    * Sample RDF streaming: 2,930,000 variants, 2,930,000 calls
    * Sample RDF streaming: 2,940,000 variants, 2,940,000 calls
    * Sample RDF streaming: 2,950,000 variants, 2,950,000 calls
    * Sample RDF streaming: 2,960,000 variants, 2,960,000 calls
    * Sample RDF streaming: 2,970,000 variants, 2,970,000 calls
    * Sample RDF streaming: 2,980,000 variants, 2,980,000 calls
    * Sample RDF streaming: 2,990,000 variants, 2,990,000 calls
    * Sample RDF streaming: 3,000,000 variants, 3,000,000 calls
    * Sample RDF streaming: 3,010,000 variants, 3,010,000 calls
    * Sample RDF streaming: 3,020,000 variants, 3,020,000 calls
    * Sample RDF streaming: 3,030,000 variants, 3,030,000 calls
    * Sample RDF streaming: 3,040,000 variants, 3,040,000 calls
    * Sample RDF streaming: 3,050,000 variants, 3,050,000 calls
    * Sample RDF streaming: 3,060,000 variants, 3,060,000 calls
    * Sample RDF streaming: 3,070,000 variants, 3,070,000 calls
    * Sample RDF streaming: 3,080,000 variants, 3,080,000 calls
    * Sample RDF streaming: 3,090,000 variants, 3,090,000 calls
    * Sample RDF streaming: 3,100,000 variants, 3,100,000 calls
    * Sample RDF streaming: 3,110,000 variants, 3,110,000 calls
    * Sample RDF streaming: 3,120,000 variants, 3,120,000 calls
    * Sample RDF streaming: 3,130,000 variants, 3,130,000 calls
    * Sample RDF streaming: 3,140,000 variants, 3,140,000 calls
    * Sample RDF streaming: 3,150,000 variants, 3,150,000 calls
    * Sample RDF streaming: 3,160,000 variants, 3,160,000 calls
    * Sample RDF streaming: 3,170,000 variants, 3,170,000 calls
    * Sample RDF streaming: 3,180,000 variants, 3,180,000 calls
    * Sample RDF streaming: 3,190,000 variants, 3,190,000 calls
    * Sample RDF streaming: 3,200,000 variants, 3,200,000 calls
    * Sample RDF streaming: 3,210,000 variants, 3,210,000 calls
    * Sample RDF streaming: 3,220,000 variants, 3,220,000 calls
    * Sample RDF streaming: 3,230,000 variants, 3,230,000 calls
    * Sample RDF streaming: 3,240,000 variants, 3,240,000 calls
    * Sample RDF streaming: 3,250,000 variants, 3,250,000 calls
    * Sample RDF streaming: 3,260,000 variants, 3,260,000 calls
    * Sample RDF streaming: 3,270,000 variants, 3,270,000 calls
    * Sample RDF streaming: 3,280,000 variants, 3,280,000 calls
    * Sample RDF streaming: 3,290,000 variants, 3,290,000 calls
    * Sample RDF streaming: 3,300,000 variants, 3,300,000 calls
    * Sample RDF streaming: 3,310,000 variants, 3,310,000 calls
    * Sample RDF streaming: 3,320,000 variants, 3,320,000 calls
    * Sample RDF streaming: 3,330,000 variants, 3,330,000 calls
    * Sample RDF streaming: 3,340,000 variants, 3,340,000 calls
    * Sample RDF streaming: 3,350,000 variants, 3,350,000 calls
    * Sample RDF streaming: 3,360,000 variants, 3,360,000 calls
    * Sample RDF streaming: 3,370,000 variants, 3,370,000 calls
    * Sample RDF streaming: 3,380,000 variants, 3,380,000 calls
    * Sample RDF streaming: 3,390,000 variants, 3,390,000 calls
    * Sample RDF streaming: 3,400,000 variants, 3,400,000 calls
    * Sample RDF streaming: 3,410,000 variants, 3,410,000 calls
    * Sample RDF streaming: 3,420,000 variants, 3,420,000 calls
    * Sample RDF streaming: 3,430,000 variants, 3,430,000 calls
    * Sample RDF streaming: 3,440,000 variants, 3,440,000 calls
    * Sample RDF streaming: 3,450,000 variants, 3,450,000 calls
    * Sample RDF streaming: 3,460,000 variants, 3,460,000 calls
    * Sample RDF streaming: 3,470,000 variants, 3,470,000 calls
    * Sample RDF streaming: 3,480,000 variants, 3,480,000 calls
    * Sample RDF streaming: 3,490,000 variants, 3,490,000 calls
    * Sample RDF streaming: 3,500,000 variants, 3,500,000 calls
    * Sample RDF streaming: 3,510,000 variants, 3,510,000 calls
    * Sample RDF streaming: 3,520,000 variants, 3,520,000 calls
    * Sample RDF streaming: 3,530,000 variants, 3,530,000 calls
    * Sample RDF streaming: 3,540,000 variants, 3,540,000 calls
    * Sample RDF streaming: 3,550,000 variants, 3,550,000 calls
    * Sample RDF streaming: 3,560,000 variants, 3,560,000 calls
    * Sample RDF streaming: 3,570,000 variants, 3,570,000 calls
    * Sample RDF streaming: 3,580,000 variants, 3,580,000 calls
    * Sample RDF streaming: 3,590,000 variants, 3,590,000 calls
    * Sample RDF streaming: 3,600,000 variants, 3,600,000 calls
    * Sample RDF streaming: 3,610,000 variants, 3,610,000 calls
    * Sample RDF streaming: 3,620,000 variants, 3,620,000 calls
    * Sample RDF streaming: 3,630,000 variants, 3,630,000 calls
    * Sample RDF streaming: 3,640,000 variants, 3,640,000 calls
    * Sample RDF streaming: 3,650,000 variants, 3,650,000 calls
    * Sample RDF streaming: 3,660,000 variants, 3,660,000 calls
    * Sample RDF streaming: 3,670,000 variants, 3,670,000 calls
    * Sample RDF streaming: 3,680,000 variants, 3,680,000 calls
    * Sample RDF streaming: 3,690,000 variants, 3,690,000 calls
    * Sample RDF streaming: 3,700,000 variants, 3,700,000 calls
    * Sample RDF streaming: 3,710,000 variants, 3,710,000 calls
    * Sample RDF streaming: 3,720,000 variants, 3,720,000 calls
    * Sample RDF streaming: 3,730,000 variants, 3,730,000 calls
    * Sample RDF streaming: 3,740,000 variants, 3,740,000 calls
    * Sample RDF streaming: 3,750,000 variants, 3,750,000 calls
    * Sample RDF streaming: 3,760,000 variants, 3,760,000 calls
    * Sample RDF streaming: 3,770,000 variants, 3,770,000 calls
    * Sample RDF streaming: 3,780,000 variants, 3,780,000 calls
    * Sample RDF streaming: 3,790,000 variants, 3,790,000 calls
    * Sample RDF streaming: 3,800,000 variants, 3,800,000 calls
    * Sample RDF streaming: 3,810,000 variants, 3,810,000 calls
    * Sample RDF streaming: 3,820,000 variants, 3,820,000 calls
    * Sample RDF streaming: 3,830,000 variants, 3,830,000 calls
    * Sample RDF streaming: 3,840,000 variants, 3,840,000 calls
    * Sample RDF streaming: 3,850,000 variants, 3,850,000 calls
    * Sample RDF streaming: 3,860,000 variants, 3,860,000 calls
    * Sample RDF streaming: 3,870,000 variants, 3,870,000 calls
    * Sample RDF streaming: 3,880,000 variants, 3,880,000 calls
    * Sample calls streamed: 3,887,810; FORMAT values: 27,139,502
    * Streaming structured header RDF
    * Header lines typed: 242; contigs: 195
    * Streaming QUAL and structured INFO RDF
    * INFO RDF streaming: 10,000 variants, 86,581 values
    * INFO RDF streaming: 20,000 variants, 172,795 values
    * INFO RDF streaming: 30,000 variants, 259,114 values
    * INFO RDF streaming: 40,000 variants, 344,925 values
    * INFO RDF streaming: 50,000 variants, 430,664 values
    * INFO RDF streaming: 60,000 variants, 516,344 values
    * INFO RDF streaming: 70,000 variants, 602,122 values
    * INFO RDF streaming: 80,000 variants, 687,182 values
    * INFO RDF streaming: 90,000 variants, 772,423 values
    * INFO RDF streaming: 100,000 variants, 857,223 values
    * INFO RDF streaming: 110,000 variants, 942,763 values
    * INFO RDF streaming: 120,000 variants, 1,028,470 values
    * INFO RDF streaming: 130,000 variants, 1,113,832 values
    * INFO RDF streaming: 140,000 variants, 1,198,982 values
    * INFO RDF streaming: 150,000 variants, 1,284,166 values
    * INFO RDF streaming: 160,000 variants, 1,369,547 values
    * INFO RDF streaming: 170,000 variants, 1,461,677 values
    * INFO RDF streaming: 180,000 variants, 1,547,387 values
    * INFO RDF streaming: 190,000 variants, 1,633,156 values
    * INFO RDF streaming: 200,000 variants, 1,718,323 values
    * INFO RDF streaming: 210,000 variants, 1,803,838 values
    * INFO RDF streaming: 220,000 variants, 1,888,853 values
    * INFO RDF streaming: 230,000 variants, 1,974,241 values
    * INFO RDF streaming: 240,000 variants, 2,060,598 values
    * INFO RDF streaming: 250,000 variants, 2,146,285 values
    * INFO RDF streaming: 260,000 variants, 2,231,545 values
    * INFO RDF streaming: 270,000 variants, 2,316,716 values
    * INFO RDF streaming: 280,000 variants, 2,403,040 values
    * INFO RDF streaming: 290,000 variants, 2,488,427 values
    * INFO RDF streaming: 300,000 variants, 2,573,908 values
    * INFO RDF streaming: 310,000 variants, 2,660,493 values
    * INFO RDF streaming: 320,000 variants, 2,747,453 values
    * INFO RDF streaming: 330,000 variants, 2,832,804 values
    * INFO RDF streaming: 340,000 variants, 2,918,336 values
    * INFO RDF streaming: 350,000 variants, 3,003,248 values
    * INFO RDF streaming: 360,000 variants, 3,088,551 values
    * INFO RDF streaming: 370,000 variants, 3,173,702 values
    * INFO RDF streaming: 380,000 variants, 3,258,762 values
    * INFO RDF streaming: 390,000 variants, 3,343,739 values
    * INFO RDF streaming: 400,000 variants, 3,428,810 values
    * INFO RDF streaming: 410,000 variants, 3,514,411 values
    * INFO RDF streaming: 420,000 variants, 3,600,336 values
    * INFO RDF streaming: 430,000 variants, 3,685,957 values
    * INFO RDF streaming: 440,000 variants, 3,772,354 values
    * INFO RDF streaming: 450,000 variants, 3,859,377 values
    * INFO RDF streaming: 460,000 variants, 3,946,267 values
    * INFO RDF streaming: 470,000 variants, 4,032,503 values
    * INFO RDF streaming: 480,000 variants, 4,117,545 values
    * INFO RDF streaming: 490,000 variants, 4,205,488 values
    * INFO RDF streaming: 500,000 variants, 4,291,824 values
    * INFO RDF streaming: 510,000 variants, 4,377,322 values
    * INFO RDF streaming: 520,000 variants, 4,462,766 values
    * INFO RDF streaming: 530,000 variants, 4,548,194 values
    * INFO RDF streaming: 540,000 variants, 4,633,738 values
    * INFO RDF streaming: 550,000 variants, 4,719,134 values
    * INFO RDF streaming: 560,000 variants, 4,804,382 values
    * INFO RDF streaming: 570,000 variants, 4,889,577 values
    * INFO RDF streaming: 580,000 variants, 4,975,064 values
    * INFO RDF streaming: 590,000 variants, 5,060,523 values
    * INFO RDF streaming: 600,000 variants, 5,146,048 values
    * INFO RDF streaming: 610,000 variants, 5,231,374 values
    * INFO RDF streaming: 620,000 variants, 5,316,531 values
    * INFO RDF streaming: 630,000 variants, 5,402,467 values
    * INFO RDF streaming: 640,000 variants, 5,487,471 values
    * INFO RDF streaming: 650,000 variants, 5,573,333 values
    * INFO RDF streaming: 660,000 variants, 5,658,749 values
    * INFO RDF streaming: 670,000 variants, 5,744,533 values
    * INFO RDF streaming: 680,000 variants, 5,830,323 values
    * INFO RDF streaming: 690,000 variants, 5,915,398 values
    * INFO RDF streaming: 700,000 variants, 6,000,747 values
    * INFO RDF streaming: 710,000 variants, 6,086,547 values
    * INFO RDF streaming: 720,000 variants, 6,172,234 values
    * INFO RDF streaming: 730,000 variants, 6,257,411 values
    * INFO RDF streaming: 740,000 variants, 6,342,522 values
    * INFO RDF streaming: 750,000 variants, 6,427,562 values
    * INFO RDF streaming: 760,000 variants, 6,514,067 values
    * INFO RDF streaming: 770,000 variants, 6,599,501 values
    * INFO RDF streaming: 780,000 variants, 6,686,001 values
    * INFO RDF streaming: 790,000 variants, 6,771,457 values
    * INFO RDF streaming: 800,000 variants, 6,856,730 values
    * INFO RDF streaming: 810,000 variants, 6,942,187 values
    * INFO RDF streaming: 820,000 variants, 7,028,339 values
    * INFO RDF streaming: 830,000 variants, 7,114,477 values
    * INFO RDF streaming: 840,000 variants, 7,199,970 values
    * INFO RDF streaming: 850,000 variants, 7,285,405 values
    * INFO RDF streaming: 860,000 variants, 7,370,933 values
    * INFO RDF streaming: 870,000 variants, 7,456,426 values
    * INFO RDF streaming: 880,000 variants, 7,541,916 values
    * INFO RDF streaming: 890,000 variants, 7,627,395 values
    * INFO RDF streaming: 900,000 variants, 7,713,004 values
    * INFO RDF streaming: 910,000 variants, 7,798,406 values
    * INFO RDF streaming: 920,000 variants, 7,884,776 values
    * INFO RDF streaming: 930,000 variants, 7,971,930 values
    * INFO RDF streaming: 940,000 variants, 8,058,674 values
    * INFO RDF streaming: 950,000 variants, 8,144,375 values
    * INFO RDF streaming: 960,000 variants, 8,229,489 values
    * INFO RDF streaming: 970,000 variants, 8,314,686 values
    * INFO RDF streaming: 980,000 variants, 8,399,797 values
    * INFO RDF streaming: 990,000 variants, 8,485,421 values
    * INFO RDF streaming: 1,000,000 variants, 8,570,953 values
    * INFO RDF streaming: 1,010,000 variants, 8,656,615 values
    * INFO RDF streaming: 1,020,000 variants, 8,742,287 values
    * INFO RDF streaming: 1,030,000 variants, 8,828,179 values
    * INFO RDF streaming: 1,040,000 variants, 8,914,706 values
    * INFO RDF streaming: 1,050,000 variants, 9,000,124 values
    * INFO RDF streaming: 1,060,000 variants, 9,085,608 values
    * INFO RDF streaming: 1,070,000 variants, 9,170,908 values
    * INFO RDF streaming: 1,080,000 variants, 9,256,423 values
    * INFO RDF streaming: 1,090,000 variants, 9,342,121 values
    * INFO RDF streaming: 1,100,000 variants, 9,427,856 values
    * INFO RDF streaming: 1,110,000 variants, 9,513,673 values
    * INFO RDF streaming: 1,120,000 variants, 9,599,634 values
    * INFO RDF streaming: 1,130,000 variants, 9,684,974 values
    * INFO RDF streaming: 1,140,000 variants, 9,770,421 values
    * INFO RDF streaming: 1,150,000 variants, 9,856,194 values
    * INFO RDF streaming: 1,160,000 variants, 9,941,546 values
    * INFO RDF streaming: 1,170,000 variants, 10,027,242 values
    * INFO RDF streaming: 1,180,000 variants, 10,112,910 values
    * INFO RDF streaming: 1,190,000 variants, 10,198,093 values
    * INFO RDF streaming: 1,200,000 variants, 10,283,227 values
    * INFO RDF streaming: 1,210,000 variants, 10,368,958 values
    * INFO RDF streaming: 1,220,000 variants, 10,455,999 values
    * INFO RDF streaming: 1,230,000 variants, 10,541,441 values
    * INFO RDF streaming: 1,240,000 variants, 10,626,520 values
    * INFO RDF streaming: 1,250,000 variants, 10,712,217 values
    * INFO RDF streaming: 1,260,000 variants, 10,798,638 values
    * INFO RDF streaming: 1,270,000 variants, 10,884,218 values
    * INFO RDF streaming: 1,280,000 variants, 10,970,066 values
    * INFO RDF streaming: 1,290,000 variants, 11,055,920 values
    * INFO RDF streaming: 1,300,000 variants, 11,141,199 values
    * INFO RDF streaming: 1,310,000 variants, 11,226,652 values
    * INFO RDF streaming: 1,320,000 variants, 11,312,314 values
    * INFO RDF streaming: 1,330,000 variants, 11,398,040 values
    * INFO RDF streaming: 1,340,000 variants, 11,483,708 values
    * INFO RDF streaming: 1,350,000 variants, 11,570,338 values
    * INFO RDF streaming: 1,360,000 variants, 11,655,695 values
    * INFO RDF streaming: 1,370,000 variants, 11,740,573 values
    * INFO RDF streaming: 1,380,000 variants, 11,826,069 values
    * INFO RDF streaming: 1,390,000 variants, 11,911,299 values
    * INFO RDF streaming: 1,400,000 variants, 11,997,032 values
    * INFO RDF streaming: 1,410,000 variants, 12,082,487 values
    * INFO RDF streaming: 1,420,000 variants, 12,167,986 values
    * INFO RDF streaming: 1,430,000 variants, 12,253,449 values
    * INFO RDF streaming: 1,440,000 variants, 12,338,358 values
    * INFO RDF streaming: 1,450,000 variants, 12,425,048 values
    * INFO RDF streaming: 1,460,000 variants, 12,510,970 values
    * INFO RDF streaming: 1,470,000 variants, 12,596,107 values
    * INFO RDF streaming: 1,480,000 variants, 12,681,551 values
    * INFO RDF streaming: 1,490,000 variants, 12,766,870 values
    * INFO RDF streaming: 1,500,000 variants, 12,853,028 values
    * INFO RDF streaming: 1,510,000 variants, 12,862,090 values
    * INFO RDF streaming: 1,520,000 variants, 12,862,090 values
    * INFO RDF streaming: 1,530,000 variants, 12,895,383 values
    * INFO RDF streaming: 1,540,000 variants, 12,980,728 values
    * INFO RDF streaming: 1,550,000 variants, 13,066,104 values
    * INFO RDF streaming: 1,560,000 variants, 13,151,533 values
    * INFO RDF streaming: 1,570,000 variants, 13,239,585 values
    * INFO RDF streaming: 1,580,000 variants, 13,325,127 values
    * INFO RDF streaming: 1,590,000 variants, 13,410,959 values
    * INFO RDF streaming: 1,600,000 variants, 13,496,666 values
    * INFO RDF streaming: 1,610,000 variants, 13,582,297 values
    * INFO RDF streaming: 1,620,000 variants, 13,667,427 values
    * INFO RDF streaming: 1,630,000 variants, 13,753,005 values
    * INFO RDF streaming: 1,640,000 variants, 13,838,670 values
    * INFO RDF streaming: 1,650,000 variants, 13,924,167 values
    * INFO RDF streaming: 1,660,000 variants, 14,009,247 values
    * INFO RDF streaming: 1,670,000 variants, 14,094,541 values
    * INFO RDF streaming: 1,680,000 variants, 14,179,853 values
    * INFO RDF streaming: 1,690,000 variants, 14,265,404 values
    * INFO RDF streaming: 1,700,000 variants, 14,350,695 values
    * INFO RDF streaming: 1,710,000 variants, 14,436,027 values
    * INFO RDF streaming: 1,720,000 variants, 14,521,944 values
    * INFO RDF streaming: 1,730,000 variants, 14,607,847 values
    * INFO RDF streaming: 1,740,000 variants, 14,694,779 values
    * INFO RDF streaming: 1,750,000 variants, 14,779,687 values
    * INFO RDF streaming: 1,760,000 variants, 14,864,450 values
    * INFO RDF streaming: 1,770,000 variants, 14,949,969 values
    * INFO RDF streaming: 1,780,000 variants, 15,035,823 values
    * INFO RDF streaming: 1,790,000 variants, 15,121,512 values
    * INFO RDF streaming: 1,800,000 variants, 15,206,573 values
    * INFO RDF streaming: 1,810,000 variants, 15,291,566 values
    * INFO RDF streaming: 1,820,000 variants, 15,383,033 values
    * INFO RDF streaming: 1,830,000 variants, 15,469,889 values
    * INFO RDF streaming: 1,840,000 variants, 15,557,894 values
    * INFO RDF streaming: 1,850,000 variants, 15,643,368 values
    * INFO RDF streaming: 1,860,000 variants, 15,728,802 values
    * INFO RDF streaming: 1,870,000 variants, 15,815,514 values
    * INFO RDF streaming: 1,880,000 variants, 15,900,831 values
    * INFO RDF streaming: 1,890,000 variants, 15,986,020 values
    * INFO RDF streaming: 1,900,000 variants, 16,071,251 values
    * INFO RDF streaming: 1,910,000 variants, 16,156,943 values
    * INFO RDF streaming: 1,920,000 variants, 16,242,481 values
    * INFO RDF streaming: 1,930,000 variants, 16,328,305 values
    * INFO RDF streaming: 1,940,000 variants, 16,415,013 values
    * INFO RDF streaming: 1,950,000 variants, 16,501,077 values
    * INFO RDF streaming: 1,960,000 variants, 16,586,181 values
    * INFO RDF streaming: 1,970,000 variants, 16,672,791 values
    * INFO RDF streaming: 1,980,000 variants, 16,758,860 values
    * INFO RDF streaming: 1,990,000 variants, 16,844,092 values
    * INFO RDF streaming: 2,000,000 variants, 16,928,904 values
    * INFO RDF streaming: 2,010,000 variants, 17,014,310 values
    * INFO RDF streaming: 2,020,000 variants, 17,099,593 values
    * INFO RDF streaming: 2,030,000 variants, 17,185,616 values
    * INFO RDF streaming: 2,040,000 variants, 17,270,917 values
    * INFO RDF streaming: 2,050,000 variants, 17,356,334 values
    * INFO RDF streaming: 2,060,000 variants, 17,442,051 values
    * INFO RDF streaming: 2,070,000 variants, 17,527,627 values
    * INFO RDF streaming: 2,080,000 variants, 17,613,242 values
    * INFO RDF streaming: 2,090,000 variants, 17,698,631 values
    * INFO RDF streaming: 2,100,000 variants, 17,784,451 values
    * INFO RDF streaming: 2,110,000 variants, 17,869,763 values
    * INFO RDF streaming: 2,120,000 variants, 17,955,008 values
    * INFO RDF streaming: 2,130,000 variants, 18,040,390 values
    * INFO RDF streaming: 2,140,000 variants, 18,125,469 values
    * INFO RDF streaming: 2,150,000 variants, 18,210,624 values
    * INFO RDF streaming: 2,160,000 variants, 18,296,518 values
    * INFO RDF streaming: 2,170,000 variants, 18,381,763 values
    * INFO RDF streaming: 2,180,000 variants, 18,466,615 values
    * INFO RDF streaming: 2,190,000 variants, 18,551,722 values
    * INFO RDF streaming: 2,200,000 variants, 18,637,072 values
    * INFO RDF streaming: 2,210,000 variants, 18,722,139 values
    * INFO RDF streaming: 2,220,000 variants, 18,808,329 values
    * INFO RDF streaming: 2,230,000 variants, 18,899,077 values
    * INFO RDF streaming: 2,240,000 variants, 18,984,163 values
    * INFO RDF streaming: 2,250,000 variants, 19,069,804 values
    * INFO RDF streaming: 2,260,000 variants, 19,155,622 values
    * INFO RDF streaming: 2,270,000 variants, 19,241,820 values
    * INFO RDF streaming: 2,280,000 variants, 19,327,358 values
    * INFO RDF streaming: 2,290,000 variants, 19,412,590 values
    * INFO RDF streaming: 2,300,000 variants, 19,497,643 values
    * INFO RDF streaming: 2,310,000 variants, 19,583,461 values
    * INFO RDF streaming: 2,320,000 variants, 19,669,649 values
    * INFO RDF streaming: 2,330,000 variants, 19,755,659 values
    * INFO RDF streaming: 2,340,000 variants, 19,841,310 values
    * INFO RDF streaming: 2,350,000 variants, 19,927,096 values
    * INFO RDF streaming: 2,360,000 variants, 20,012,458 values
    * INFO RDF streaming: 2,370,000 variants, 20,098,591 values
    * INFO RDF streaming: 2,380,000 variants, 20,184,687 values
    * INFO RDF streaming: 2,390,000 variants, 20,274,352 values
    * INFO RDF streaming: 2,400,000 variants, 20,361,446 values
    * INFO RDF streaming: 2,410,000 variants, 20,447,169 values
    * INFO RDF streaming: 2,420,000 variants, 20,532,294 values
    * INFO RDF streaming: 2,430,000 variants, 20,617,713 values
    * INFO RDF streaming: 2,440,000 variants, 20,704,064 values
    * INFO RDF streaming: 2,450,000 variants, 20,789,793 values
    * INFO RDF streaming: 2,460,000 variants, 20,875,054 values
    * INFO RDF streaming: 2,470,000 variants, 20,960,649 values
    * INFO RDF streaming: 2,480,000 variants, 21,045,925 values
    * INFO RDF streaming: 2,490,000 variants, 21,131,121 values
    * INFO RDF streaming: 2,500,000 variants, 21,216,054 values
    * INFO RDF streaming: 2,510,000 variants, 21,301,081 values
    * INFO RDF streaming: 2,520,000 variants, 21,387,436 values
    * INFO RDF streaming: 2,530,000 variants, 21,474,399 values
    * INFO RDF streaming: 2,540,000 variants, 21,559,697 values
    * INFO RDF streaming: 2,550,000 variants, 21,645,150 values
    * INFO RDF streaming: 2,560,000 variants, 21,730,501 values
    * INFO RDF streaming: 2,570,000 variants, 21,816,296 values
    * INFO RDF streaming: 2,580,000 variants, 21,901,625 values
    * INFO RDF streaming: 2,590,000 variants, 21,987,050 values
    * INFO RDF streaming: 2,600,000 variants, 22,075,562 values
    * INFO RDF streaming: 2,610,000 variants, 22,161,631 values
    * INFO RDF streaming: 2,620,000 variants, 22,249,010 values
    * INFO RDF streaming: 2,630,000 variants, 22,334,559 values
    * INFO RDF streaming: 2,640,000 variants, 22,420,040 values
    * INFO RDF streaming: 2,650,000 variants, 22,505,976 values
    * INFO RDF streaming: 2,660,000 variants, 22,591,381 values
    * INFO RDF streaming: 2,670,000 variants, 22,676,557 values
    * INFO RDF streaming: 2,680,000 variants, 22,762,166 values
    * INFO RDF streaming: 2,690,000 variants, 22,847,590 values
    * INFO RDF streaming: 2,700,000 variants, 22,933,284 values
    * INFO RDF streaming: 2,710,000 variants, 23,018,610 values
    * INFO RDF streaming: 2,720,000 variants, 23,104,316 values
    * INFO RDF streaming: 2,730,000 variants, 23,192,582 values
    * INFO RDF streaming: 2,740,000 variants, 23,277,780 values
    * INFO RDF streaming: 2,750,000 variants, 23,363,007 values
    * INFO RDF streaming: 2,760,000 variants, 23,448,351 values
    * INFO RDF streaming: 2,770,000 variants, 23,535,093 values
    * INFO RDF streaming: 2,780,000 variants, 23,620,883 values
    * INFO RDF streaming: 2,790,000 variants, 23,707,210 values
    * INFO RDF streaming: 2,800,000 variants, 23,792,975 values
    * INFO RDF streaming: 2,810,000 variants, 23,879,028 values
    * INFO RDF streaming: 2,820,000 variants, 23,964,182 values
    * INFO RDF streaming: 2,830,000 variants, 24,049,575 values
    * INFO RDF streaming: 2,840,000 variants, 24,135,009 values
    * INFO RDF streaming: 2,850,000 variants, 24,220,398 values
    * INFO RDF streaming: 2,860,000 variants, 24,305,996 values
    * INFO RDF streaming: 2,870,000 variants, 24,391,705 values
    * INFO RDF streaming: 2,880,000 variants, 24,477,657 values
    * INFO RDF streaming: 2,890,000 variants, 24,563,033 values
    * INFO RDF streaming: 2,900,000 variants, 24,651,763 values
    * INFO RDF streaming: 2,910,000 variants, 24,738,946 values
    * INFO RDF streaming: 2,920,000 variants, 24,825,453 values
    * INFO RDF streaming: 2,930,000 variants, 24,910,667 values
    * INFO RDF streaming: 2,940,000 variants, 24,996,326 values
    * INFO RDF streaming: 2,950,000 variants, 25,082,096 values
    * INFO RDF streaming: 2,960,000 variants, 25,168,016 values
    * INFO RDF streaming: 2,970,000 variants, 25,253,222 values
Conversion process completed with failures.
Run time (full mode): 15m 59.2s
Timing log: /home/ubuntu/vrdev-test/acmg-run/results/17_use_case_acmg__wgs/convert__HG005/out/run_metrics/HG005.acmg__20260929T112634/wrapper_execution_times.csv
Metrics summary: /home/ubuntu/vrdev-test/acmg-run/results/17_use_case_acmg__wgs/convert__HG005/out/run_metrics/HG005.acmg__20260929T112634/summary.json
