Step 1/5: Validating inputs ✅
  Metrics: /home/ubuntu/vrdev-test/acmg-run/results/17_use_case_acmg__cohort/convert__HG01130/out/run_metrics/HG01130.acmg__20260928T144642
  Detailed logs: /home/ubuntu/vrdev-test/acmg-run/results/17_use_case_acmg__cohort/convert__HG01130/out/run_metrics/HG01130.acmg__20260928T144642/logs/wrapper.log
  Progress log: /home/ubuntu/vrdev-test/acmg-run/results/17_use_case_acmg__cohort/convert__HG01130/out/run_metrics/HG01130.acmg__20260928T144642/logs/progress.log
Step 2/5: Ensuring Docker image is available ✅
Step 3/5: Processing per-input pipeline (TSV -> RDF -> compression)
  Sample representation: expanded
  INFO representation: structured
  Header representation: structured
  - Input 1/1: HG01130.acmg.vcf
    * TSV conversion ✅
    * VCF version: VCFv4.2 (detected)
    * RDF conversion ✅
    * Streaming expanded multi-sample RDF (no expanded helper TSVs)
    * Sample RDF streaming: 10,000 variants, 10,000 calls
    * Sample calls streamed: 10,390; FORMAT values: 10,390
    * Streaming structured header RDF
    * Header lines typed: 133; contigs: 24
    * Streaming QUAL and structured INFO RDF
    * INFO RDF streaming: 10,000 variants, 730,050 values
    * QUAL values streamed: 10,390; INFO values: 759,620; declarations: 91
    * Triples produced: 8,347,696
    * Compression ✅
    * Output directory: /home/ubuntu/vrdev-test/acmg-run/results/17_use_case_acmg__cohort/convert__HG01130/out/HG01130.acmg
      - RDF aggregate: HG01130.acmg.nt
      - N-Triples (.nt): 1.12 GB (removed after successful compression)
      - gzip (.nt.gz): 52.72 MB
Total triples produced (full run): 8,347,696
Conversion process finished.
Run time (full mode): 33.78s
Timing log: /home/ubuntu/vrdev-test/acmg-run/results/17_use_case_acmg__cohort/convert__HG01130/out/run_metrics/HG01130.acmg__20260928T144642/wrapper_execution_times.csv
Metrics summary: /home/ubuntu/vrdev-test/acmg-run/results/17_use_case_acmg__cohort/convert__HG01130/out/run_metrics/HG01130.acmg__20260928T144642/summary.json
