Step 1/5: Validating inputs ✅
  Metrics: /home/ubuntu/vrdev-test/v331/results/17_use_case_acmg__layered/convert__NB72462M/out/run_metrics/NB72462M.acmg__20261008T202507
  Detailed logs: /home/ubuntu/vrdev-test/v331/results/17_use_case_acmg__layered/convert__NB72462M/out/run_metrics/NB72462M.acmg__20261008T202507/logs/wrapper.log
  Progress log: /home/ubuntu/vrdev-test/v331/results/17_use_case_acmg__layered/convert__NB72462M/out/run_metrics/NB72462M.acmg__20261008T202507/logs/progress.log
Step 2/5: Ensuring Docker image is available ✅
Step 3/5: Processing per-input pipeline (TSV -> RDF -> compression)
  Sample representation: expanded
  INFO representation: structured
  Header representation: structured
  - Input 1/1: NB72462M.acmg.vcf
    * TSV conversion ✅
    * VCF version: VCFv4.2 (detected)
    * RDF conversion ✅
    * Streaming expanded multi-sample RDF (no expanded helper TSVs)
    * Sample RDF streaming: 10,000 variants, 10,000 calls
    * Sample RDF streaming: 20,000 variants, 20,000 calls
    * Sample RDF streaming: 30,000 variants, 30,000 calls
    * Sample RDF streaming: 40,000 variants, 40,000 calls
    * Sample RDF streaming: 50,000 variants, 50,000 calls
    * Sample RDF streaming: 60,000 variants, 60,000 calls
    * Sample RDF streaming: 70,000 variants, 70,000 calls
    * Sample RDF streaming: 80,000 variants, 80,000 calls
    * Sample RDF streaming: 90,000 variants, 90,000 calls
    * Sample RDF streaming: 100,000 variants, 100,000 calls
    * Sample RDF streaming: 110,000 variants, 110,000 calls
    * Sample RDF streaming: 120,000 variants, 120,000 calls
    * Sample RDF streaming: 130,000 variants, 130,000 calls
    * Sample RDF streaming: 140,000 variants, 140,000 calls
    * Sample RDF streaming: 150,000 variants, 150,000 calls
    * Sample RDF streaming: 160,000 variants, 160,000 calls
    * Sample RDF streaming: 170,000 variants, 170,000 calls
    * Sample RDF streaming: 180,000 variants, 180,000 calls
    * Sample RDF streaming: 190,000 variants, 190,000 calls
    * Sample RDF streaming: 200,000 variants, 200,000 calls
    * Sample RDF streaming: 210,000 variants, 210,000 calls
    * Sample RDF streaming: 220,000 variants, 220,000 calls
    * Sample RDF streaming: 230,000 variants, 230,000 calls
    * Sample RDF streaming: 240,000 variants, 240,000 calls
    * Sample RDF streaming: 250,000 variants, 250,000 calls
    * Sample RDF streaming: 260,000 variants, 260,000 calls
    * Sample RDF streaming: 270,000 variants, 270,000 calls
    * Sample RDF streaming: 280,000 variants, 280,000 calls
    * Sample RDF streaming: 290,000 variants, 290,000 calls
    * Sample RDF streaming: 300,000 variants, 300,000 calls
    * Sample RDF streaming: 310,000 variants, 310,000 calls
    * Sample RDF streaming: 320,000 variants, 320,000 calls
    * Sample RDF streaming: 330,000 variants, 330,000 calls
    * Sample RDF streaming: 340,000 variants, 340,000 calls
    * Sample RDF streaming: 350,000 variants, 350,000 calls
    * Sample RDF streaming: 360,000 variants, 360,000 calls
    * Sample RDF streaming: 370,000 variants, 370,000 calls
    * Sample RDF streaming: 380,000 variants, 380,000 calls
    * Sample RDF streaming: 390,000 variants, 390,000 calls
    * Sample RDF streaming: 400,000 variants, 400,000 calls
    * Sample RDF streaming: 410,000 variants, 410,000 calls
    * Sample RDF streaming: 420,000 variants, 420,000 calls
    * Sample RDF streaming: 430,000 variants, 430,000 calls
    * Sample RDF streaming: 440,000 variants, 440,000 calls
    * Sample RDF streaming: 450,000 variants, 450,000 calls
    * Sample RDF streaming: 460,000 variants, 460,000 calls
    * Sample RDF streaming: 470,000 variants, 470,000 calls
    * Sample RDF streaming: 480,000 variants, 480,000 calls
    * Sample RDF streaming: 490,000 variants, 490,000 calls
    * Sample RDF streaming: 500,000 variants, 500,000 calls
    * Sample RDF streaming: 510,000 variants, 510,000 calls
    * Sample RDF streaming: 520,000 variants, 520,000 calls
    * Sample RDF streaming: 530,000 variants, 530,000 calls
    * Sample RDF streaming: 540,000 variants, 540,000 calls
    * Sample RDF streaming: 550,000 variants, 550,000 calls
    * Sample RDF streaming: 560,000 variants, 560,000 calls
    * Sample RDF streaming: 570,000 variants, 570,000 calls
    * Sample RDF streaming: 580,000 variants, 580,000 calls
    * Sample RDF streaming: 590,000 variants, 590,000 calls
    * Sample RDF streaming: 600,000 variants, 600,000 calls
    * Sample RDF streaming: 610,000 variants, 610,000 calls
    * Sample RDF streaming: 620,000 variants, 620,000 calls
    * Sample RDF streaming: 630,000 variants, 630,000 calls
    * Sample RDF streaming: 640,000 variants, 640,000 calls
    * Sample RDF streaming: 650,000 variants, 650,000 calls
    * Sample RDF streaming: 660,000 variants, 660,000 calls
    * Sample RDF streaming: 670,000 variants, 670,000 calls
    * Sample RDF streaming: 680,000 variants, 680,000 calls
    * Sample RDF streaming: 690,000 variants, 690,000 calls
    * Sample RDF streaming: 700,000 variants, 700,000 calls
    * Sample RDF streaming: 710,000 variants, 710,000 calls
    * Sample RDF streaming: 720,000 variants, 720,000 calls
    * Sample RDF streaming: 730,000 variants, 730,000 calls
    * Sample RDF streaming: 740,000 variants, 740,000 calls
    * Sample RDF streaming: 750,000 variants, 750,000 calls
    * Sample RDF streaming: 760,000 variants, 760,000 calls
    * Sample RDF streaming: 770,000 variants, 770,000 calls
    * Sample RDF streaming: 780,000 variants, 780,000 calls
    * Sample RDF streaming: 790,000 variants, 790,000 calls
    * Sample RDF streaming: 800,000 variants, 800,000 calls
    * Sample RDF streaming: 810,000 variants, 810,000 calls
    * Sample RDF streaming: 820,000 variants, 820,000 calls
    * Sample RDF streaming: 830,000 variants, 830,000 calls
    * Sample RDF streaming: 840,000 variants, 840,000 calls
    * Sample RDF streaming: 850,000 variants, 850,000 calls
    * Sample RDF streaming: 860,000 variants, 860,000 calls
    * Sample RDF streaming: 870,000 variants, 870,000 calls
    * Sample RDF streaming: 880,000 variants, 880,000 calls
    * Sample RDF streaming: 890,000 variants, 890,000 calls
    * Sample RDF streaming: 900,000 variants, 900,000 calls
    * Sample RDF streaming: 910,000 variants, 910,000 calls
    * Sample RDF streaming: 920,000 variants, 920,000 calls
    * Sample RDF streaming: 930,000 variants, 930,000 calls
    * Sample RDF streaming: 940,000 variants, 940,000 calls
    * Sample RDF streaming: 950,000 variants, 950,000 calls
    * Sample RDF streaming: 960,000 variants, 960,000 calls
    * Sample RDF streaming: 970,000 variants, 970,000 calls
    * Sample RDF streaming: 980,000 variants, 980,000 calls
    * Sample RDF streaming: 990,000 variants, 990,000 calls
    * Sample RDF streaming: 1,000,000 variants, 1,000,000 calls
    * Sample RDF streaming: 1,010,000 variants, 1,010,000 calls
    * Sample RDF streaming: 1,020,000 variants, 1,020,000 calls
    * Sample RDF streaming: 1,030,000 variants, 1,030,000 calls
    * Sample RDF streaming: 1,040,000 variants, 1,040,000 calls
    * Sample RDF streaming: 1,050,000 variants, 1,050,000 calls
    * Sample RDF streaming: 1,060,000 variants, 1,060,000 calls
    * Sample RDF streaming: 1,070,000 variants, 1,070,000 calls
    * Sample RDF streaming: 1,080,000 variants, 1,080,000 calls
    * Sample RDF streaming: 1,090,000 variants, 1,090,000 calls
    * Sample RDF streaming: 1,100,000 variants, 1,100,000 calls
    * Sample RDF streaming: 1,110,000 variants, 1,110,000 calls
    * Sample RDF streaming: 1,120,000 variants, 1,120,000 calls
    * Sample RDF streaming: 1,130,000 variants, 1,130,000 calls
    * Sample RDF streaming: 1,140,000 variants, 1,140,000 calls
    * Sample RDF streaming: 1,150,000 variants, 1,150,000 calls
    * Sample RDF streaming: 1,160,000 variants, 1,160,000 calls
    * Sample RDF streaming: 1,170,000 variants, 1,170,000 calls
    * Sample RDF streaming: 1,180,000 variants, 1,180,000 calls
    * Sample RDF streaming: 1,190,000 variants, 1,190,000 calls
    * Sample RDF streaming: 1,200,000 variants, 1,200,000 calls
    * Sample RDF streaming: 1,210,000 variants, 1,210,000 calls
    * Sample RDF streaming: 1,220,000 variants, 1,220,000 calls
    * Sample RDF streaming: 1,230,000 variants, 1,230,000 calls
    * Sample RDF streaming: 1,240,000 variants, 1,240,000 calls
    * Sample RDF streaming: 1,250,000 variants, 1,250,000 calls
    * Sample RDF streaming: 1,260,000 variants, 1,260,000 calls
    * Sample RDF streaming: 1,270,000 variants, 1,270,000 calls
    * Sample RDF streaming: 1,280,000 variants, 1,280,000 calls
    * Sample RDF streaming: 1,290,000 variants, 1,290,000 calls
    * Sample RDF streaming: 1,300,000 variants, 1,300,000 calls
    * Sample RDF streaming: 1,310,000 variants, 1,310,000 calls
    * Sample RDF streaming: 1,320,000 variants, 1,320,000 calls
    * Sample RDF streaming: 1,330,000 variants, 1,330,000 calls
    * Sample RDF streaming: 1,340,000 variants, 1,340,000 calls
    * Sample RDF streaming: 1,350,000 variants, 1,350,000 calls
    * Sample RDF streaming: 1,360,000 variants, 1,360,000 calls
    * Sample RDF streaming: 1,370,000 variants, 1,370,000 calls
    * Sample RDF streaming: 1,380,000 variants, 1,380,000 calls
    * Sample RDF streaming: 1,390,000 variants, 1,390,000 calls
    * Sample RDF streaming: 1,400,000 variants, 1,400,000 calls
    * Sample RDF streaming: 1,410,000 variants, 1,410,000 calls
    * Sample RDF streaming: 1,420,000 variants, 1,420,000 calls
    * Sample RDF streaming: 1,430,000 variants, 1,430,000 calls
    * Sample RDF streaming: 1,440,000 variants, 1,440,000 calls
    * Sample RDF streaming: 1,450,000 variants, 1,450,000 calls
    * Sample RDF streaming: 1,460,000 variants, 1,460,000 calls
    * Sample RDF streaming: 1,470,000 variants, 1,470,000 calls
    * Sample RDF streaming: 1,480,000 variants, 1,480,000 calls
    * Sample RDF streaming: 1,490,000 variants, 1,490,000 calls
    * Sample RDF streaming: 1,500,000 variants, 1,500,000 calls
    * Sample RDF streaming: 1,510,000 variants, 1,510,000 calls
    * Sample RDF streaming: 1,520,000 variants, 1,520,000 calls
    * Sample RDF streaming: 1,530,000 variants, 1,530,000 calls
    * Sample RDF streaming: 1,540,000 variants, 1,540,000 calls
    * Sample RDF streaming: 1,550,000 variants, 1,550,000 calls
    * Sample RDF streaming: 1,560,000 variants, 1,560,000 calls
    * Sample RDF streaming: 1,570,000 variants, 1,570,000 calls
    * Sample RDF streaming: 1,580,000 variants, 1,580,000 calls
    * Sample RDF streaming: 1,590,000 variants, 1,590,000 calls
    * Sample RDF streaming: 1,600,000 variants, 1,600,000 calls
    * Sample RDF streaming: 1,610,000 variants, 1,610,000 calls
    * Sample RDF streaming: 1,620,000 variants, 1,620,000 calls
    * Sample RDF streaming: 1,630,000 variants, 1,630,000 calls
    * Sample RDF streaming: 1,640,000 variants, 1,640,000 calls
    * Sample RDF streaming: 1,650,000 variants, 1,650,000 calls
    * Sample RDF streaming: 1,660,000 variants, 1,660,000 calls
    * Sample RDF streaming: 1,670,000 variants, 1,670,000 calls
    * Sample RDF streaming: 1,680,000 variants, 1,680,000 calls
    * Sample RDF streaming: 1,690,000 variants, 1,690,000 calls
    * Sample RDF streaming: 1,700,000 variants, 1,700,000 calls
    * Sample RDF streaming: 1,710,000 variants, 1,710,000 calls
    * Sample RDF streaming: 1,720,000 variants, 1,720,000 calls
    * Sample RDF streaming: 1,730,000 variants, 1,730,000 calls
    * Sample RDF streaming: 1,740,000 variants, 1,740,000 calls
    * Sample RDF streaming: 1,750,000 variants, 1,750,000 calls
    * Sample RDF streaming: 1,760,000 variants, 1,760,000 calls
    * Sample RDF streaming: 1,770,000 variants, 1,770,000 calls
    * Sample RDF streaming: 1,780,000 variants, 1,780,000 calls
    * Sample RDF streaming: 1,790,000 variants, 1,790,000 calls
    * Sample RDF streaming: 1,800,000 variants, 1,800,000 calls
    * Sample RDF streaming: 1,810,000 variants, 1,810,000 calls
    * Sample RDF streaming: 1,820,000 variants, 1,820,000 calls
    * Sample RDF streaming: 1,830,000 variants, 1,830,000 calls
    * Sample RDF streaming: 1,840,000 variants, 1,840,000 calls
    * Sample RDF streaming: 1,850,000 variants, 1,850,000 calls
    * Sample RDF streaming: 1,860,000 variants, 1,860,000 calls
    * Sample RDF streaming: 1,870,000 variants, 1,870,000 calls
    * Sample RDF streaming: 1,880,000 variants, 1,880,000 calls
    * Sample RDF streaming: 1,890,000 variants, 1,890,000 calls
    * Sample RDF streaming: 1,900,000 variants, 1,900,000 calls
    * Sample RDF streaming: 1,910,000 variants, 1,910,000 calls
    * Sample RDF streaming: 1,920,000 variants, 1,920,000 calls
    * Sample RDF streaming: 1,930,000 variants, 1,930,000 calls
    * Sample RDF streaming: 1,940,000 variants, 1,940,000 calls
    * Sample RDF streaming: 1,950,000 variants, 1,950,000 calls
    * Sample RDF streaming: 1,960,000 variants, 1,960,000 calls
    * Sample RDF streaming: 1,970,000 variants, 1,970,000 calls
    * Sample RDF streaming: 1,980,000 variants, 1,980,000 calls
    * Sample RDF streaming: 1,990,000 variants, 1,990,000 calls
    * Sample RDF streaming: 2,000,000 variants, 2,000,000 calls
    * Sample RDF streaming: 2,010,000 variants, 2,010,000 calls
    * Sample RDF streaming: 2,020,000 variants, 2,020,000 calls
    * Sample RDF streaming: 2,030,000 variants, 2,030,000 calls
    * Sample RDF streaming: 2,040,000 variants, 2,040,000 calls
    * Sample RDF streaming: 2,050,000 variants, 2,050,000 calls
    * Sample RDF streaming: 2,060,000 variants, 2,060,000 calls
    * Sample RDF streaming: 2,070,000 variants, 2,070,000 calls
    * Sample RDF streaming: 2,080,000 variants, 2,080,000 calls
    * Sample RDF streaming: 2,090,000 variants, 2,090,000 calls
    * Sample RDF streaming: 2,100,000 variants, 2,100,000 calls
    * Sample RDF streaming: 2,110,000 variants, 2,110,000 calls
    * Sample RDF streaming: 2,120,000 variants, 2,120,000 calls
    * Sample RDF streaming: 2,130,000 variants, 2,130,000 calls
    * Sample RDF streaming: 2,140,000 variants, 2,140,000 calls
    * Sample RDF streaming: 2,150,000 variants, 2,150,000 calls
    * Sample RDF streaming: 2,160,000 variants, 2,160,000 calls
    * Sample RDF streaming: 2,170,000 variants, 2,170,000 calls
    * Sample RDF streaming: 2,180,000 variants, 2,180,000 calls
    * Sample RDF streaming: 2,190,000 variants, 2,190,000 calls
    * Sample RDF streaming: 2,200,000 variants, 2,200,000 calls
    * Sample RDF streaming: 2,210,000 variants, 2,210,000 calls
    * Sample RDF streaming: 2,220,000 variants, 2,220,000 calls
    * Sample RDF streaming: 2,230,000 variants, 2,230,000 calls
    * Sample RDF streaming: 2,240,000 variants, 2,240,000 calls
    * Sample RDF streaming: 2,250,000 variants, 2,250,000 calls
    * Sample RDF streaming: 2,260,000 variants, 2,260,000 calls
    * Sample RDF streaming: 2,270,000 variants, 2,270,000 calls
    * Sample RDF streaming: 2,280,000 variants, 2,280,000 calls
    * Sample RDF streaming: 2,290,000 variants, 2,290,000 calls
    * Sample RDF streaming: 2,300,000 variants, 2,300,000 calls
    * Sample RDF streaming: 2,310,000 variants, 2,310,000 calls
    * Sample RDF streaming: 2,320,000 variants, 2,320,000 calls
    * Sample RDF streaming: 2,330,000 variants, 2,330,000 calls
    * Sample RDF streaming: 2,340,000 variants, 2,340,000 calls
    * Sample RDF streaming: 2,350,000 variants, 2,350,000 calls
    * Sample RDF streaming: 2,360,000 variants, 2,360,000 calls
    * Sample RDF streaming: 2,370,000 variants, 2,370,000 calls
    * Sample RDF streaming: 2,380,000 variants, 2,380,000 calls
    * Sample RDF streaming: 2,390,000 variants, 2,390,000 calls
    * Sample RDF streaming: 2,400,000 variants, 2,400,000 calls
    * Sample RDF streaming: 2,410,000 variants, 2,410,000 calls
    * Sample RDF streaming: 2,420,000 variants, 2,420,000 calls
    * Sample RDF streaming: 2,430,000 variants, 2,430,000 calls
    * Sample RDF streaming: 2,440,000 variants, 2,440,000 calls
    * Sample RDF streaming: 2,450,000 variants, 2,450,000 calls
    * Sample RDF streaming: 2,460,000 variants, 2,460,000 calls
    * Sample RDF streaming: 2,470,000 variants, 2,470,000 calls
    * Sample RDF streaming: 2,480,000 variants, 2,480,000 calls
    * Sample RDF streaming: 2,490,000 variants, 2,490,000 calls
    * Sample RDF streaming: 2,500,000 variants, 2,500,000 calls
    * Sample RDF streaming: 2,510,000 variants, 2,510,000 calls
    * Sample RDF streaming: 2,520,000 variants, 2,520,000 calls
    * Sample RDF streaming: 2,530,000 variants, 2,530,000 calls
    * Sample RDF streaming: 2,540,000 variants, 2,540,000 calls
    * Sample RDF streaming: 2,550,000 variants, 2,550,000 calls
    * Sample RDF streaming: 2,560,000 variants, 2,560,000 calls
    * Sample RDF streaming: 2,570,000 variants, 2,570,000 calls
    * Sample RDF streaming: 2,580,000 variants, 2,580,000 calls
    * Sample RDF streaming: 2,590,000 variants, 2,590,000 calls
    * Sample RDF streaming: 2,600,000 variants, 2,600,000 calls
    * Sample RDF streaming: 2,610,000 variants, 2,610,000 calls
    * Sample RDF streaming: 2,620,000 variants, 2,620,000 calls
    * Sample RDF streaming: 2,630,000 variants, 2,630,000 calls
    * Sample RDF streaming: 2,640,000 variants, 2,640,000 calls
    * Sample RDF streaming: 2,650,000 variants, 2,650,000 calls
    * Sample RDF streaming: 2,660,000 variants, 2,660,000 calls
    * Sample RDF streaming: 2,670,000 variants, 2,670,000 calls
    * Sample RDF streaming: 2,680,000 variants, 2,680,000 calls
    * Sample RDF streaming: 2,690,000 variants, 2,690,000 calls
    * Sample RDF streaming: 2,700,000 variants, 2,700,000 calls
    * Sample RDF streaming: 2,710,000 variants, 2,710,000 calls
    * Sample RDF streaming: 2,720,000 variants, 2,720,000 calls
    * Sample RDF streaming: 2,730,000 variants, 2,730,000 calls
    * Sample RDF streaming: 2,740,000 variants, 2,740,000 calls
    * Sample RDF streaming: 2,750,000 variants, 2,750,000 calls
    * Sample RDF streaming: 2,760,000 variants, 2,760,000 calls
    * Sample RDF streaming: 2,770,000 variants, 2,770,000 calls
    * Sample RDF streaming: 2,780,000 variants, 2,780,000 calls
    * Sample RDF streaming: 2,790,000 variants, 2,790,000 calls
    * Sample RDF streaming: 2,800,000 variants, 2,800,000 calls
    * Sample RDF streaming: 2,810,000 variants, 2,810,000 calls
    * Sample RDF streaming: 2,820,000 variants, 2,820,000 calls
    * Sample RDF streaming: 2,830,000 variants, 2,830,000 calls
    * Sample RDF streaming: 2,840,000 variants, 2,840,000 calls
    * Sample RDF streaming: 2,850,000 variants, 2,850,000 calls
    * Sample RDF streaming: 2,860,000 variants, 2,860,000 calls
    * Sample RDF streaming: 2,870,000 variants, 2,870,000 calls
    * Sample RDF streaming: 2,880,000 variants, 2,880,000 calls
    * Sample RDF streaming: 2,890,000 variants, 2,890,000 calls
    * Sample RDF streaming: 2,900,000 variants, 2,900,000 calls
    * Sample RDF streaming: 2,910,000 variants, 2,910,000 calls
    * Sample RDF streaming: 2,920,000 variants, 2,920,000 calls
    * Sample RDF streaming: 2,930,000 variants, 2,930,000 calls
    * Sample RDF streaming: 2,940,000 variants, 2,940,000 calls
    * Sample RDF streaming: 2,950,000 variants, 2,950,000 calls
    * Sample RDF streaming: 2,960,000 variants, 2,960,000 calls
    * Sample RDF streaming: 2,970,000 variants, 2,970,000 calls
    * Sample RDF streaming: 2,980,000 variants, 2,980,000 calls
    * Sample RDF streaming: 2,990,000 variants, 2,990,000 calls
    * Sample RDF streaming: 3,000,000 variants, 3,000,000 calls
    * Sample RDF streaming: 3,010,000 variants, 3,010,000 calls
    * Sample RDF streaming: 3,020,000 variants, 3,020,000 calls
    * Sample RDF streaming: 3,030,000 variants, 3,030,000 calls
    * Sample RDF streaming: 3,040,000 variants, 3,040,000 calls
    * Sample RDF streaming: 3,050,000 variants, 3,050,000 calls
    * Sample RDF streaming: 3,060,000 variants, 3,060,000 calls
    * Sample RDF streaming: 3,070,000 variants, 3,070,000 calls
    * Sample RDF streaming: 3,080,000 variants, 3,080,000 calls
    * Sample RDF streaming: 3,090,000 variants, 3,090,000 calls
    * Sample RDF streaming: 3,100,000 variants, 3,100,000 calls
    * Sample RDF streaming: 3,110,000 variants, 3,110,000 calls
    * Sample RDF streaming: 3,120,000 variants, 3,120,000 calls
    * Sample RDF streaming: 3,130,000 variants, 3,130,000 calls
    * Sample RDF streaming: 3,140,000 variants, 3,140,000 calls
    * Sample RDF streaming: 3,150,000 variants, 3,150,000 calls
    * Sample RDF streaming: 3,160,000 variants, 3,160,000 calls
    * Sample RDF streaming: 3,170,000 variants, 3,170,000 calls
    * Sample RDF streaming: 3,180,000 variants, 3,180,000 calls
    * Sample RDF streaming: 3,190,000 variants, 3,190,000 calls
    * Sample RDF streaming: 3,200,000 variants, 3,200,000 calls
    * Sample RDF streaming: 3,210,000 variants, 3,210,000 calls
    * Sample RDF streaming: 3,220,000 variants, 3,220,000 calls
    * Sample RDF streaming: 3,230,000 variants, 3,230,000 calls
    * Sample RDF streaming: 3,240,000 variants, 3,240,000 calls
    * Sample RDF streaming: 3,250,000 variants, 3,250,000 calls
    * Sample RDF streaming: 3,260,000 variants, 3,260,000 calls
    * Sample RDF streaming: 3,270,000 variants, 3,270,000 calls
    * Sample RDF streaming: 3,280,000 variants, 3,280,000 calls
    * Sample RDF streaming: 3,290,000 variants, 3,290,000 calls
    * Sample RDF streaming: 3,300,000 variants, 3,300,000 calls
    * Sample RDF streaming: 3,310,000 variants, 3,310,000 calls
    * Sample RDF streaming: 3,320,000 variants, 3,320,000 calls
    * Sample RDF streaming: 3,330,000 variants, 3,330,000 calls
    * Sample RDF streaming: 3,340,000 variants, 3,340,000 calls
    * Sample RDF streaming: 3,350,000 variants, 3,350,000 calls
    * Sample RDF streaming: 3,360,000 variants, 3,360,000 calls
    * Sample RDF streaming: 3,370,000 variants, 3,370,000 calls
    * Sample RDF streaming: 3,380,000 variants, 3,380,000 calls
    * Sample RDF streaming: 3,390,000 variants, 3,390,000 calls
    * Sample RDF streaming: 3,400,000 variants, 3,400,000 calls
    * Sample RDF streaming: 3,410,000 variants, 3,410,000 calls
    * Sample RDF streaming: 3,420,000 variants, 3,420,000 calls
    * Sample RDF streaming: 3,430,000 variants, 3,430,000 calls
    * Sample RDF streaming: 3,440,000 variants, 3,440,000 calls
    * Sample RDF streaming: 3,450,000 variants, 3,450,000 calls
    * Sample RDF streaming: 3,460,000 variants, 3,460,000 calls
    * Sample RDF streaming: 3,470,000 variants, 3,470,000 calls
    * Sample RDF streaming: 3,480,000 variants, 3,480,000 calls
    * Sample RDF streaming: 3,490,000 variants, 3,490,000 calls
    * Sample RDF streaming: 3,500,000 variants, 3,500,000 calls
    * Sample RDF streaming: 3,510,000 variants, 3,510,000 calls
    * Sample RDF streaming: 3,520,000 variants, 3,520,000 calls
    * Sample RDF streaming: 3,530,000 variants, 3,530,000 calls
    * Sample RDF streaming: 3,540,000 variants, 3,540,000 calls
    * Sample RDF streaming: 3,550,000 variants, 3,550,000 calls
    * Sample RDF streaming: 3,560,000 variants, 3,560,000 calls
    * Sample RDF streaming: 3,570,000 variants, 3,570,000 calls
    * Sample RDF streaming: 3,580,000 variants, 3,580,000 calls
    * Sample RDF streaming: 3,590,000 variants, 3,590,000 calls
    * Sample RDF streaming: 3,600,000 variants, 3,600,000 calls
    * Sample RDF streaming: 3,610,000 variants, 3,610,000 calls
    * Sample RDF streaming: 3,620,000 variants, 3,620,000 calls
    * Sample RDF streaming: 3,630,000 variants, 3,630,000 calls
    * Sample RDF streaming: 3,640,000 variants, 3,640,000 calls
    * Sample RDF streaming: 3,650,000 variants, 3,650,000 calls
    * Sample RDF streaming: 3,660,000 variants, 3,660,000 calls
    * Sample RDF streaming: 3,670,000 variants, 3,670,000 calls
    * Sample RDF streaming: 3,680,000 variants, 3,680,000 calls
    * Sample RDF streaming: 3,690,000 variants, 3,690,000 calls
    * Sample RDF streaming: 3,700,000 variants, 3,700,000 calls
    * Sample RDF streaming: 3,710,000 variants, 3,710,000 calls
    * Sample RDF streaming: 3,720,000 variants, 3,720,000 calls
    * Sample RDF streaming: 3,730,000 variants, 3,730,000 calls
    * Sample RDF streaming: 3,740,000 variants, 3,740,000 calls
    * Sample RDF streaming: 3,750,000 variants, 3,750,000 calls
    * Sample RDF streaming: 3,760,000 variants, 3,760,000 calls
    * Sample RDF streaming: 3,770,000 variants, 3,770,000 calls
    * Sample RDF streaming: 3,780,000 variants, 3,780,000 calls
    * Sample RDF streaming: 3,790,000 variants, 3,790,000 calls
    * Sample RDF streaming: 3,800,000 variants, 3,800,000 calls
    * Sample RDF streaming: 3,810,000 variants, 3,810,000 calls
    * Sample RDF streaming: 3,820,000 variants, 3,820,000 calls
    * Sample RDF streaming: 3,830,000 variants, 3,830,000 calls
    * Sample RDF streaming: 3,840,000 variants, 3,840,000 calls
    * Sample RDF streaming: 3,850,000 variants, 3,850,000 calls
    * Sample RDF streaming: 3,860,000 variants, 3,860,000 calls
    * Sample RDF streaming: 3,870,000 variants, 3,870,000 calls
    * Sample RDF streaming: 3,880,000 variants, 3,880,000 calls
    * Sample RDF streaming: 3,890,000 variants, 3,890,000 calls
    * Sample RDF streaming: 3,900,000 variants, 3,900,000 calls
    * Sample RDF streaming: 3,910,000 variants, 3,910,000 calls
    * Sample RDF streaming: 3,920,000 variants, 3,920,000 calls
    * Sample RDF streaming: 3,930,000 variants, 3,930,000 calls
    * Sample RDF streaming: 3,940,000 variants, 3,940,000 calls
    * Sample RDF streaming: 3,950,000 variants, 3,950,000 calls
    * Sample RDF streaming: 3,960,000 variants, 3,960,000 calls
    * Sample RDF streaming: 3,970,000 variants, 3,970,000 calls
    * Sample RDF streaming: 3,980,000 variants, 3,980,000 calls
    * Sample RDF streaming: 3,990,000 variants, 3,990,000 calls
    * Sample RDF streaming: 4,000,000 variants, 4,000,000 calls
    * Sample RDF streaming: 4,010,000 variants, 4,010,000 calls
    * Sample RDF streaming: 4,020,000 variants, 4,020,000 calls
    * Sample RDF streaming: 4,030,000 variants, 4,030,000 calls
    * Sample RDF streaming: 4,040,000 variants, 4,040,000 calls
    * Sample RDF streaming: 4,050,000 variants, 4,050,000 calls
    * Sample RDF streaming: 4,060,000 variants, 4,060,000 calls
    * Sample RDF streaming: 4,070,000 variants, 4,070,000 calls
    * Sample RDF streaming: 4,080,000 variants, 4,080,000 calls
    * Sample RDF streaming: 4,090,000 variants, 4,090,000 calls
    * Sample RDF streaming: 4,100,000 variants, 4,100,000 calls
    * Sample RDF streaming: 4,110,000 variants, 4,110,000 calls
    * Sample RDF streaming: 4,120,000 variants, 4,120,000 calls
    * Sample RDF streaming: 4,130,000 variants, 4,130,000 calls
    * Sample RDF streaming: 4,140,000 variants, 4,140,000 calls
    * Sample RDF streaming: 4,150,000 variants, 4,150,000 calls
    * Sample RDF streaming: 4,160,000 variants, 4,160,000 calls
    * Sample RDF streaming: 4,170,000 variants, 4,170,000 calls
    * Sample RDF streaming: 4,180,000 variants, 4,180,000 calls
    * Sample RDF streaming: 4,190,000 variants, 4,190,000 calls
    * Sample RDF streaming: 4,200,000 variants, 4,200,000 calls
    * Sample RDF streaming: 4,210,000 variants, 4,210,000 calls
    * Sample RDF streaming: 4,220,000 variants, 4,220,000 calls
    * Sample RDF streaming: 4,230,000 variants, 4,230,000 calls
    * Sample RDF streaming: 4,240,000 variants, 4,240,000 calls
    * Sample RDF streaming: 4,250,000 variants, 4,250,000 calls
    * Sample RDF streaming: 4,260,000 variants, 4,260,000 calls
    * Sample RDF streaming: 4,270,000 variants, 4,270,000 calls
    * Sample RDF streaming: 4,280,000 variants, 4,280,000 calls
    * Sample RDF streaming: 4,290,000 variants, 4,290,000 calls
    * Sample RDF streaming: 4,300,000 variants, 4,300,000 calls
    * Sample RDF streaming: 4,310,000 variants, 4,310,000 calls
    * Sample RDF streaming: 4,320,000 variants, 4,320,000 calls
    * Sample RDF streaming: 4,330,000 variants, 4,330,000 calls
    * Sample RDF streaming: 4,340,000 variants, 4,340,000 calls
    * Sample RDF streaming: 4,350,000 variants, 4,350,000 calls
    * Sample RDF streaming: 4,360,000 variants, 4,360,000 calls
    * Sample RDF streaming: 4,370,000 variants, 4,370,000 calls
    * Sample RDF streaming: 4,380,000 variants, 4,380,000 calls
    * Sample RDF streaming: 4,390,000 variants, 4,390,000 calls
    * Sample RDF streaming: 4,400,000 variants, 4,400,000 calls
    * Sample RDF streaming: 4,410,000 variants, 4,410,000 calls
    * Sample RDF streaming: 4,420,000 variants, 4,420,000 calls
    * Sample RDF streaming: 4,430,000 variants, 4,430,000 calls
    * Sample RDF streaming: 4,440,000 variants, 4,440,000 calls
    * Sample RDF streaming: 4,450,000 variants, 4,450,000 calls
    * Sample RDF streaming: 4,460,000 variants, 4,460,000 calls
    * Sample RDF streaming: 4,470,000 variants, 4,470,000 calls
    * Sample RDF streaming: 4,480,000 variants, 4,480,000 calls
    * Sample RDF streaming: 4,490,000 variants, 4,490,000 calls
    * Sample RDF streaming: 4,500,000 variants, 4,500,000 calls
    * Sample RDF streaming: 4,510,000 variants, 4,510,000 calls
    * Sample RDF streaming: 4,520,000 variants, 4,520,000 calls
    * Sample RDF streaming: 4,530,000 variants, 4,530,000 calls
    * Sample RDF streaming: 4,540,000 variants, 4,540,000 calls
    * Sample RDF streaming: 4,550,000 variants, 4,550,000 calls
    * Sample RDF streaming: 4,560,000 variants, 4,560,000 calls
    * Sample RDF streaming: 4,570,000 variants, 4,570,000 calls
    * Sample RDF streaming: 4,580,000 variants, 4,580,000 calls
    * Sample RDF streaming: 4,590,000 variants, 4,590,000 calls
    * Sample RDF streaming: 4,600,000 variants, 4,600,000 calls
    * Sample RDF streaming: 4,610,000 variants, 4,610,000 calls
    * Sample RDF streaming: 4,620,000 variants, 4,620,000 calls
    * Sample RDF streaming: 4,630,000 variants, 4,630,000 calls
    * Sample RDF streaming: 4,640,000 variants, 4,640,000 calls
    * Sample RDF streaming: 4,650,000 variants, 4,650,000 calls
    * Sample RDF streaming: 4,660,000 variants, 4,660,000 calls
    * Sample RDF streaming: 4,670,000 variants, 4,670,000 calls
    * Sample RDF streaming: 4,680,000 variants, 4,680,000 calls
    * Sample RDF streaming: 4,690,000 variants, 4,690,000 calls
    * Sample RDF streaming: 4,700,000 variants, 4,700,000 calls
    * Sample RDF streaming: 4,710,000 variants, 4,710,000 calls
    * Sample RDF streaming: 4,720,000 variants, 4,720,000 calls
    * Sample RDF streaming: 4,730,000 variants, 4,730,000 calls
    * Sample RDF streaming: 4,740,000 variants, 4,740,000 calls
    * Sample RDF streaming: 4,750,000 variants, 4,750,000 calls
    * Sample RDF streaming: 4,760,000 variants, 4,760,000 calls
    * Sample RDF streaming: 4,770,000 variants, 4,770,000 calls
    * Sample RDF streaming: 4,780,000 variants, 4,780,000 calls
    * Sample RDF streaming: 4,790,000 variants, 4,790,000 calls
    * Sample RDF streaming: 4,800,000 variants, 4,800,000 calls
    * Sample RDF streaming: 4,810,000 variants, 4,810,000 calls
    * Sample RDF streaming: 4,820,000 variants, 4,820,000 calls
    * Sample RDF streaming: 4,830,000 variants, 4,830,000 calls
    * Sample RDF streaming: 4,840,000 variants, 4,840,000 calls
    * Sample RDF streaming: 4,850,000 variants, 4,850,000 calls
    * Sample RDF streaming: 4,860,000 variants, 4,860,000 calls
    * Sample RDF streaming: 4,870,000 variants, 4,870,000 calls
    * Sample RDF streaming: 4,880,000 variants, 4,880,000 calls
    * Sample RDF streaming: 4,890,000 variants, 4,890,000 calls
    * Sample RDF streaming: 4,900,000 variants, 4,900,000 calls
    * Sample RDF streaming: 4,910,000 variants, 4,910,000 calls
    * Sample RDF streaming: 4,920,000 variants, 4,920,000 calls
    * Sample RDF streaming: 4,930,000 variants, 4,930,000 calls
    * Sample RDF streaming: 4,940,000 variants, 4,940,000 calls
    * Sample RDF streaming: 4,950,000 variants, 4,950,000 calls
    * Sample RDF streaming: 4,960,000 variants, 4,960,000 calls
    * Sample RDF streaming: 4,970,000 variants, 4,970,000 calls
    * Sample RDF streaming: 4,980,000 variants, 4,980,000 calls
    * Sample RDF streaming: 4,990,000 variants, 4,990,000 calls
    * Sample RDF streaming: 5,000,000 variants, 5,000,000 calls
    * Sample RDF streaming: 5,010,000 variants, 5,010,000 calls
    * Sample RDF streaming: 5,020,000 variants, 5,020,000 calls
    * Sample RDF streaming: 5,030,000 variants, 5,030,000 calls
    * Sample RDF streaming: 5,040,000 variants, 5,040,000 calls
    * Sample RDF streaming: 5,050,000 variants, 5,050,000 calls
    * Sample RDF streaming: 5,060,000 variants, 5,060,000 calls
    * Sample calls streamed: 5,063,417; FORMAT values: 27,402,016
    * Streaming structured header RDF
    * Header lines typed: 251; contigs: 195
    * Streaming QUAL and structured INFO RDF
    * INFO RDF streaming: 10,000 variants, 165,122 values
    * INFO RDF streaming: 20,000 variants, 332,428 values
    * INFO RDF streaming: 30,000 variants, 499,262 values
    * INFO RDF streaming: 40,000 variants, 667,526 values
    * INFO RDF streaming: 50,000 variants, 831,925 values
    * INFO RDF streaming: 60,000 variants, 997,323 values
    * INFO RDF streaming: 70,000 variants, 1,163,392 values
    * INFO RDF streaming: 80,000 variants, 1,330,605 values
    * INFO RDF streaming: 90,000 variants, 1,495,534 values
    * INFO RDF streaming: 100,000 variants, 1,661,074 values
    * INFO RDF streaming: 110,000 variants, 1,828,866 values
    * INFO RDF streaming: 120,000 variants, 1,990,266 values
    * INFO RDF streaming: 130,000 variants, 2,154,503 values
    * INFO RDF streaming: 140,000 variants, 2,318,236 values
    * INFO RDF streaming: 150,000 variants, 2,480,650 values
    * INFO RDF streaming: 160,000 variants, 2,645,744 values
    * INFO RDF streaming: 170,000 variants, 2,812,107 values
    * INFO RDF streaming: 180,000 variants, 2,979,723 values
    * INFO RDF streaming: 190,000 variants, 3,146,543 values
    * INFO RDF streaming: 200,000 variants, 3,311,948 values
    * INFO RDF streaming: 210,000 variants, 3,478,607 values
    * INFO RDF streaming: 220,000 variants, 3,646,752 values
    * INFO RDF streaming: 230,000 variants, 3,810,535 values
    * INFO RDF streaming: 240,000 variants, 3,972,601 values
    * INFO RDF streaming: 250,000 variants, 4,139,172 values
    * INFO RDF streaming: 260,000 variants, 4,307,502 values
    * INFO RDF streaming: 270,000 variants, 4,473,960 values
    * INFO RDF streaming: 280,000 variants, 4,640,823 values
    * INFO RDF streaming: 290,000 variants, 4,803,474 values
    * INFO RDF streaming: 300,000 variants, 4,969,536 values
    * INFO RDF streaming: 310,000 variants, 5,134,466 values
    * INFO RDF streaming: 320,000 variants, 5,298,974 values
    * INFO RDF streaming: 330,000 variants, 5,464,217 values
    * INFO RDF streaming: 340,000 variants, 5,630,733 values
    * INFO RDF streaming: 350,000 variants, 5,797,527 values
    * INFO RDF streaming: 360,000 variants, 5,966,650 values
    * INFO RDF streaming: 370,000 variants, 6,134,690 values
    * INFO RDF streaming: 380,000 variants, 6,298,304 values
    * INFO RDF streaming: 390,000 variants, 6,461,740 values
    * INFO RDF streaming: 400,000 variants, 6,627,520 values
    * INFO RDF streaming: 410,000 variants, 6,794,609 values
    * INFO RDF streaming: 420,000 variants, 6,961,070 values
    * INFO RDF streaming: 430,000 variants, 7,126,176 values
    * INFO RDF streaming: 440,000 variants, 7,291,619 values
    * INFO RDF streaming: 450,000 variants, 7,458,303 values
    * INFO RDF streaming: 460,000 variants, 7,623,216 values
    * INFO RDF streaming: 470,000 variants, 7,791,354 values
    * INFO RDF streaming: 480,000 variants, 7,961,229 values
    * INFO RDF streaming: 490,000 variants, 8,127,945 values
    * INFO RDF streaming: 500,000 variants, 8,293,923 values
    * INFO RDF streaming: 510,000 variants, 8,463,211 values
    * INFO RDF streaming: 520,000 variants, 8,631,912 values
    * INFO RDF streaming: 530,000 variants, 8,799,858 values
    * INFO RDF streaming: 540,000 variants, 8,970,234 values
    * INFO RDF streaming: 550,000 variants, 9,137,958 values
    * INFO RDF streaming: 560,000 variants, 9,308,644 values
    * INFO RDF streaming: 570,000 variants, 9,475,506 values
    * INFO RDF streaming: 580,000 variants, 9,641,510 values
    * INFO RDF streaming: 590,000 variants, 9,805,809 values
    * INFO RDF streaming: 600,000 variants, 9,973,200 values
    * INFO RDF streaming: 610,000 variants, 10,140,208 values
    * INFO RDF streaming: 620,000 variants, 10,305,702 values
    * INFO RDF streaming: 630,000 variants, 10,470,245 values
    * INFO RDF streaming: 640,000 variants, 10,633,724 values
    * INFO RDF streaming: 650,000 variants, 10,797,186 values
    * INFO RDF streaming: 660,000 variants, 10,962,366 values
    * INFO RDF streaming: 670,000 variants, 11,125,982 values
    * INFO RDF streaming: 680,000 variants, 11,291,083 values
    * INFO RDF streaming: 690,000 variants, 11,459,713 values
    * INFO RDF streaming: 700,000 variants, 11,622,814 values
    * INFO RDF streaming: 710,000 variants, 11,784,801 values
    * INFO RDF streaming: 720,000 variants, 11,949,554 values
    * INFO RDF streaming: 730,000 variants, 12,116,402 values
    * INFO RDF streaming: 740,000 variants, 12,278,244 values
    * INFO RDF streaming: 750,000 variants, 12,442,057 values
    * INFO RDF streaming: 760,000 variants, 12,608,659 values
    * INFO RDF streaming: 770,000 variants, 12,774,949 values
    * INFO RDF streaming: 780,000 variants, 12,941,160 values
    * INFO RDF streaming: 790,000 variants, 13,106,627 values
    * INFO RDF streaming: 800,000 variants, 13,274,820 values
    * INFO RDF streaming: 810,000 variants, 13,442,491 values
    * INFO RDF streaming: 820,000 variants, 13,609,257 values
    * INFO RDF streaming: 830,000 variants, 13,776,822 values
    * INFO RDF streaming: 840,000 variants, 13,943,482 values
    * INFO RDF streaming: 850,000 variants, 14,106,912 values
    * INFO RDF streaming: 860,000 variants, 14,272,396 values
    * INFO RDF streaming: 870,000 variants, 14,436,009 values
    * INFO RDF streaming: 880,000 variants, 14,604,011 values
    * INFO RDF streaming: 890,000 variants, 14,771,581 values
    * INFO RDF streaming: 900,000 variants, 14,937,769 values
    * INFO RDF streaming: 910,000 variants, 15,106,967 values
    * INFO RDF streaming: 920,000 variants, 15,274,394 values
    * INFO RDF streaming: 930,000 variants, 15,442,794 values
    * INFO RDF streaming: 940,000 variants, 15,608,944 values
    * INFO RDF streaming: 950,000 variants, 15,771,583 values
    * INFO RDF streaming: 960,000 variants, 15,935,653 values
    * INFO RDF streaming: 970,000 variants, 16,101,703 values
    * INFO RDF streaming: 980,000 variants, 16,266,378 values
    * INFO RDF streaming: 990,000 variants, 16,432,634 values
    * INFO RDF streaming: 1,000,000 variants, 16,598,555 values
    * INFO RDF streaming: 1,010,000 variants, 16,765,214 values
    * INFO RDF streaming: 1,020,000 variants, 16,928,760 values
    * INFO RDF streaming: 1,030,000 variants, 17,097,832 values
    * INFO RDF streaming: 1,040,000 variants, 17,264,711 values
    * INFO RDF streaming: 1,050,000 variants, 17,427,160 values
    * INFO RDF streaming: 1,060,000 variants, 17,595,860 values
    * INFO RDF streaming: 1,070,000 variants, 17,762,666 values
    * INFO RDF streaming: 1,080,000 variants, 17,929,816 values
    * INFO RDF streaming: 1,090,000 variants, 18,097,781 values
    * INFO RDF streaming: 1,100,000 variants, 18,264,688 values
    * INFO RDF streaming: 1,110,000 variants, 18,432,776 values
    * INFO RDF streaming: 1,120,000 variants, 18,600,473 values
    * INFO RDF streaming: 1,130,000 variants, 18,763,688 values
    * INFO RDF streaming: 1,140,000 variants, 18,931,247 values
    * INFO RDF streaming: 1,150,000 variants, 19,097,894 values
    * INFO RDF streaming: 1,160,000 variants, 19,263,491 values
    * INFO RDF streaming: 1,170,000 variants, 19,434,733 values
    * INFO RDF streaming: 1,180,000 variants, 19,601,793 values
    * INFO RDF streaming: 1,190,000 variants, 19,767,676 values
    * INFO RDF streaming: 1,200,000 variants, 19,935,591 values
    * INFO RDF streaming: 1,210,000 variants, 20,100,847 values
    * INFO RDF streaming: 1,220,000 variants, 20,267,341 values
    * INFO RDF streaming: 1,230,000 variants, 20,432,042 values
    * INFO RDF streaming: 1,240,000 variants, 20,597,036 values
    * INFO RDF streaming: 1,250,000 variants, 20,758,252 values
    * INFO RDF streaming: 1,260,000 variants, 20,923,840 values
    * INFO RDF streaming: 1,270,000 variants, 21,090,531 values
    * INFO RDF streaming: 1,280,000 variants, 21,259,477 values
    * INFO RDF streaming: 1,290,000 variants, 21,429,964 values
    * INFO RDF streaming: 1,300,000 variants, 21,595,983 values
    * INFO RDF streaming: 1,310,000 variants, 21,758,218 values
    * INFO RDF streaming: 1,320,000 variants, 21,920,843 values
    * INFO RDF streaming: 1,330,000 variants, 22,086,521 values
    * INFO RDF streaming: 1,340,000 variants, 22,253,443 values
    * INFO RDF streaming: 1,350,000 variants, 22,420,166 values
    * INFO RDF streaming: 1,360,000 variants, 22,584,485 values
    * INFO RDF streaming: 1,370,000 variants, 22,748,623 values
    * INFO RDF streaming: 1,380,000 variants, 22,914,779 values
    * INFO RDF streaming: 1,390,000 variants, 23,079,641 values
    * INFO RDF streaming: 1,400,000 variants, 23,245,650 values
    * INFO RDF streaming: 1,410,000 variants, 23,411,574 values
    * INFO RDF streaming: 1,420,000 variants, 23,576,404 values
    * INFO RDF streaming: 1,430,000 variants, 23,741,348 values
    * INFO RDF streaming: 1,440,000 variants, 23,906,112 values
    * INFO RDF streaming: 1,450,000 variants, 24,069,515 values
    * INFO RDF streaming: 1,460,000 variants, 24,234,112 values
    * INFO RDF streaming: 1,470,000 variants, 24,401,538 values
    * INFO RDF streaming: 1,480,000 variants, 24,568,022 values
    * INFO RDF streaming: 1,490,000 variants, 24,732,433 values
    * INFO RDF streaming: 1,500,000 variants, 24,894,621 values
    * INFO RDF streaming: 1,510,000 variants, 25,060,466 values
    * INFO RDF streaming: 1,520,000 variants, 25,225,354 values
    * INFO RDF streaming: 1,530,000 variants, 25,391,381 values
    * INFO RDF streaming: 1,540,000 variants, 25,553,315 values
    * INFO RDF streaming: 1,550,000 variants, 25,716,849 values
    * INFO RDF streaming: 1,560,000 variants, 25,883,382 values
    * INFO RDF streaming: 1,570,000 variants, 26,049,760 values
    * INFO RDF streaming: 1,580,000 variants, 26,218,189 values
    * INFO RDF streaming: 1,590,000 variants, 26,380,001 values
    * INFO RDF streaming: 1,600,000 variants, 26,545,050 values
    * INFO RDF streaming: 1,610,000 variants, 26,712,699 values
    * INFO RDF streaming: 1,620,000 variants, 26,878,697 values
    * INFO RDF streaming: 1,630,000 variants, 27,047,399 values
    * INFO RDF streaming: 1,640,000 variants, 27,214,309 values
    * INFO RDF streaming: 1,650,000 variants, 27,381,632 values
    * INFO RDF streaming: 1,660,000 variants, 27,550,844 values
    * INFO RDF streaming: 1,670,000 variants, 27,717,518 values
    * INFO RDF streaming: 1,680,000 variants, 27,884,130 values
    * INFO RDF streaming: 1,690,000 variants, 28,051,356 values
    * INFO RDF streaming: 1,700,000 variants, 28,219,970 values
    * INFO RDF streaming: 1,710,000 variants, 28,383,641 values
    * INFO RDF streaming: 1,720,000 variants, 28,551,225 values
    * INFO RDF streaming: 1,730,000 variants, 28,715,332 values
    * INFO RDF streaming: 1,740,000 variants, 28,880,576 values
    * INFO RDF streaming: 1,750,000 variants, 29,047,681 values
    * INFO RDF streaming: 1,760,000 variants, 29,211,937 values
    * INFO RDF streaming: 1,770,000 variants, 29,377,382 values
    * INFO RDF streaming: 1,780,000 variants, 29,546,162 values
    * INFO RDF streaming: 1,790,000 variants, 29,709,604 values
    * INFO RDF streaming: 1,800,000 variants, 29,874,559 values
    * INFO RDF streaming: 1,810,000 variants, 30,038,031 values
    * INFO RDF streaming: 1,820,000 variants, 30,205,995 values
    * INFO RDF streaming: 1,830,000 variants, 30,373,190 values
    * INFO RDF streaming: 1,840,000 variants, 30,538,937 values
    * INFO RDF streaming: 1,850,000 variants, 30,706,205 values
    * INFO RDF streaming: 1,860,000 variants, 30,872,498 values
    * INFO RDF streaming: 1,870,000 variants, 31,042,432 values
    * INFO RDF streaming: 1,880,000 variants, 31,208,010 values
    * INFO RDF streaming: 1,890,000 variants, 31,374,174 values
    * INFO RDF streaming: 1,900,000 variants, 31,538,930 values
    * INFO RDF streaming: 1,910,000 variants, 31,707,456 values
    * INFO RDF streaming: 1,920,000 variants, 31,874,190 values
    * INFO RDF streaming: 1,930,000 variants, 32,038,742 values
    * INFO RDF streaming: 1,940,000 variants, 32,203,803 values
    * INFO RDF streaming: 1,950,000 variants, 32,371,748 values
    * INFO RDF streaming: 1,960,000 variants, 32,537,436 values
    * INFO RDF streaming: 1,970,000 variants, 32,704,071 values
    * INFO RDF streaming: 1,980,000 variants, 32,872,519 values
    * INFO RDF streaming: 1,990,000 variants, 33,039,879 values
    * INFO RDF streaming: 2,000,000 variants, 33,209,150 values
    * INFO RDF streaming: 2,010,000 variants, 33,377,638 values
    * INFO RDF streaming: 2,020,000 variants, 33,545,193 values
    * INFO RDF streaming: 2,030,000 variants, 33,712,508 values
    * INFO RDF streaming: 2,040,000 variants, 33,877,190 values
    * INFO RDF streaming: 2,050,000 variants, 34,043,433 values
    * INFO RDF streaming: 2,060,000 variants, 34,209,771 values
    * INFO RDF streaming: 2,070,000 variants, 34,376,708 values
    * INFO RDF streaming: 2,080,000 variants, 34,542,894 values
    * INFO RDF streaming: 2,090,000 variants, 34,711,329 values
    * INFO RDF streaming: 2,100,000 variants, 34,876,553 values
    * INFO RDF streaming: 2,110,000 variants, 35,043,421 values
    * INFO RDF streaming: 2,120,000 variants, 35,210,265 values
    * INFO RDF streaming: 2,130,000 variants, 35,378,387 values
    * INFO RDF streaming: 2,140,000 variants, 35,545,216 values
    * INFO RDF streaming: 2,150,000 variants, 35,711,096 values
    * INFO RDF streaming: 2,160,000 variants, 35,879,301 values
    * INFO RDF streaming: 2,170,000 variants, 36,046,122 values
    * INFO RDF streaming: 2,180,000 variants, 36,212,229 values
    * INFO RDF streaming: 2,190,000 variants, 36,377,534 values
    * INFO RDF streaming: 2,200,000 variants, 36,542,952 values
    * INFO RDF streaming: 2,210,000 variants, 36,712,276 values
    * INFO RDF streaming: 2,220,000 variants, 36,876,787 values
    * INFO RDF streaming: 2,230,000 variants, 37,043,943 values
    * INFO RDF streaming: 2,240,000 variants, 37,210,661 values
    * INFO RDF streaming: 2,250,000 variants, 37,377,717 values
    * INFO RDF streaming: 2,260,000 variants, 37,545,103 values
    * INFO RDF streaming: 2,270,000 variants, 37,710,362 values
    * INFO RDF streaming: 2,280,000 variants, 37,877,328 values
    * INFO RDF streaming: 2,290,000 variants, 38,045,414 values
    * INFO RDF streaming: 2,300,000 variants, 38,210,960 values
    * INFO RDF streaming: 2,310,000 variants, 38,376,693 values
    * INFO RDF streaming: 2,320,000 variants, 38,542,055 values
    * INFO RDF streaming: 2,330,000 variants, 38,708,602 values
    * INFO RDF streaming: 2,340,000 variants, 38,874,094 values
    * INFO RDF streaming: 2,350,000 variants, 39,041,032 values
    * INFO RDF streaming: 2,360,000 variants, 39,208,078 values
    * INFO RDF streaming: 2,370,000 variants, 39,373,942 values
    * INFO RDF streaming: 2,380,000 variants, 39,537,595 values
    * INFO RDF streaming: 2,390,000 variants, 39,706,367 values
    * INFO RDF streaming: 2,400,000 variants, 39,869,307 values
    * INFO RDF streaming: 2,410,000 variants, 40,032,901 values
    * INFO RDF streaming: 2,420,000 variants, 40,195,226 values
    * INFO RDF streaming: 2,430,000 variants, 40,358,795 values
    * INFO RDF streaming: 2,440,000 variants, 40,526,184 values
    * INFO RDF streaming: 2,450,000 variants, 40,693,583 values
    * INFO RDF streaming: 2,460,000 variants, 40,858,799 values
    * INFO RDF streaming: 2,470,000 variants, 41,026,354 values
    * INFO RDF streaming: 2,480,000 variants, 41,195,231 values
    * INFO RDF streaming: 2,490,000 variants, 41,361,259 values
    * INFO RDF streaming: 2,500,000 variants, 41,527,658 values
    * INFO RDF streaming: 2,510,000 variants, 41,693,861 values
    * INFO RDF streaming: 2,520,000 variants, 41,859,491 values
    * INFO RDF streaming: 2,530,000 variants, 42,029,098 values
    * INFO RDF streaming: 2,540,000 variants, 42,198,650 values
    * INFO RDF streaming: 2,550,000 variants, 42,365,344 values
    * INFO RDF streaming: 2,560,000 variants, 42,529,862 values
    * INFO RDF streaming: 2,570,000 variants, 42,695,771 values
    * INFO RDF streaming: 2,580,000 variants, 42,862,548 values
    * INFO RDF streaming: 2,590,000 variants, 43,027,819 values
    * INFO RDF streaming: 2,600,000 variants, 43,189,247 values
    * INFO RDF streaming: 2,610,000 variants, 43,353,069 values
    * INFO RDF streaming: 2,620,000 variants, 43,519,642 values
    * INFO RDF streaming: 2,630,000 variants, 43,683,668 values
    * INFO RDF streaming: 2,640,000 variants, 43,850,894 values
    * INFO RDF streaming: 2,650,000 variants, 44,021,874 values
    * INFO RDF streaming: 2,660,000 variants, 44,186,330 values
    * INFO RDF streaming: 2,670,000 variants, 44,355,885 values
    * INFO RDF streaming: 2,680,000 variants, 44,521,487 values
    * INFO RDF streaming: 2,690,000 variants, 44,690,783 values
    * INFO RDF streaming: 2,700,000 variants, 44,860,494 values
    * INFO RDF streaming: 2,710,000 variants, 45,026,434 values
    * INFO RDF streaming: 2,720,000 variants, 45,193,529 values
    * INFO RDF streaming: 2,730,000 variants, 45,362,036 values
    * INFO RDF streaming: 2,740,000 variants, 45,530,410 values
    * INFO RDF streaming: 2,750,000 variants, 45,696,713 values
    * INFO RDF streaming: 2,760,000 variants, 45,861,952 values
    * INFO RDF streaming: 2,770,000 variants, 46,028,089 values
    * INFO RDF streaming: 2,780,000 variants, 46,192,324 values
    * INFO RDF streaming: 2,790,000 variants, 46,358,849 values
    * INFO RDF streaming: 2,800,000 variants, 46,525,607 values
    * INFO RDF streaming: 2,810,000 variants, 46,690,465 values
    * INFO RDF streaming: 2,820,000 variants, 46,854,539 values
    * INFO RDF streaming: 2,830,000 variants, 47,021,278 values
    * INFO RDF streaming: 2,840,000 variants, 47,188,662 values
    * INFO RDF streaming: 2,850,000 variants, 47,355,607 values
    * INFO RDF streaming: 2,860,000 variants, 47,518,969 values
    * INFO RDF streaming: 2,870,000 variants, 47,680,148 values
    * INFO RDF streaming: 2,880,000 variants, 47,846,816 values
    * INFO RDF streaming: 2,890,000 variants, 48,011,244 values
    * INFO RDF streaming: 2,900,000 variants, 48,175,938 values
    * INFO RDF streaming: 2,910,000 variants, 48,340,508 values
    * INFO RDF streaming: 2,920,000 variants, 48,508,543 values
    * INFO RDF streaming: 2,930,000 variants, 48,673,811 values
    * INFO RDF streaming: 2,940,000 variants, 48,841,461 values
    * INFO RDF streaming: 2,950,000 variants, 49,007,751 values
    * INFO RDF streaming: 2,960,000 variants, 49,174,734 values
    * INFO RDF streaming: 2,970,000 variants, 49,339,991 values
    * INFO RDF streaming: 2,980,000 variants, 49,506,164 values
    * INFO RDF streaming: 2,990,000 variants, 49,672,521 values
    * INFO RDF streaming: 3,000,000 variants, 49,837,665 values
    * INFO RDF streaming: 3,010,000 variants, 50,001,656 values
    * INFO RDF streaming: 3,020,000 variants, 50,168,001 values
    * INFO RDF streaming: 3,030,000 variants, 50,335,855 values
    * INFO RDF streaming: 3,040,000 variants, 50,500,640 values
    * INFO RDF streaming: 3,050,000 variants, 50,666,711 values
    * INFO RDF streaming: 3,060,000 variants, 50,831,518 values
    * INFO RDF streaming: 3,070,000 variants, 50,998,348 values
    * INFO RDF streaming: 3,080,000 variants, 51,163,516 values
    * INFO RDF streaming: 3,090,000 variants, 51,328,409 values
    * INFO RDF streaming: 3,100,000 variants, 51,491,552 values
    * INFO RDF streaming: 3,110,000 variants, 51,659,001 values
    * INFO RDF streaming: 3,120,000 variants, 51,824,157 values
    * INFO RDF streaming: 3,130,000 variants, 51,987,059 values
    * INFO RDF streaming: 3,140,000 variants, 52,152,164 values
    * INFO RDF streaming: 3,150,000 variants, 52,325,004 values
    * INFO RDF streaming: 3,160,000 variants, 52,487,751 values
    * INFO RDF streaming: 3,170,000 variants, 52,652,085 values
    * INFO RDF streaming: 3,180,000 variants, 52,816,853 values
    * INFO RDF streaming: 3,190,000 variants, 52,982,851 values
    * INFO RDF streaming: 3,200,000 variants, 53,148,002 values
    * INFO RDF streaming: 3,210,000 variants, 53,313,801 values
    * INFO RDF streaming: 3,220,000 variants, 53,479,750 values
    * INFO RDF streaming: 3,230,000 variants, 53,645,318 values
    * INFO RDF streaming: 3,240,000 variants, 53,809,487 values
    * INFO RDF streaming: 3,250,000 variants, 53,975,240 values
    * INFO RDF streaming: 3,260,000 variants, 54,140,149 values
    * INFO RDF streaming: 3,270,000 variants, 54,307,542 values
    * INFO RDF streaming: 3,280,000 variants, 54,475,189 values
    * INFO RDF streaming: 3,290,000 variants, 54,640,650 values
    * INFO RDF streaming: 3,300,000 variants, 54,804,348 values
    * INFO RDF streaming: 3,310,000 variants, 54,971,630 values
    * INFO RDF streaming: 3,320,000 variants, 55,137,002 values
    * INFO RDF streaming: 3,330,000 variants, 55,298,579 values
    * INFO RDF streaming: 3,340,000 variants, 55,463,586 values
    * INFO RDF streaming: 3,350,000 variants, 55,632,961 values
    * INFO RDF streaming: 3,360,000 variants, 55,797,512 values
    * INFO RDF streaming: 3,370,000 variants, 55,963,036 values
    * INFO RDF streaming: 3,380,000 variants, 56,127,790 values
    * INFO RDF streaming: 3,390,000 variants, 56,292,642 values
    * INFO RDF streaming: 3,400,000 variants, 56,460,613 values
    * INFO RDF streaming: 3,410,000 variants, 56,625,951 values
    * INFO RDF streaming: 3,420,000 variants, 56,792,158 values
    * INFO RDF streaming: 3,430,000 variants, 56,959,838 values
    * INFO RDF streaming: 3,440,000 variants, 57,125,261 values
    * INFO RDF streaming: 3,450,000 variants, 57,289,964 values
    * INFO RDF streaming: 3,460,000 variants, 57,455,325 values
    * INFO RDF streaming: 3,470,000 variants, 57,622,350 values
    * INFO RDF streaming: 3,480,000 variants, 57,788,685 values
    * INFO RDF streaming: 3,490,000 variants, 57,953,814 values
    * INFO RDF streaming: 3,500,000 variants, 58,119,337 values
    * INFO RDF streaming: 3,510,000 variants, 58,285,366 values
    * INFO RDF streaming: 3,520,000 variants, 58,452,735 values
    * INFO RDF streaming: 3,530,000 variants, 58,616,892 values
    * INFO RDF streaming: 3,540,000 variants, 58,780,595 values
    * INFO RDF streaming: 3,550,000 variants, 58,945,014 values
    * INFO RDF streaming: 3,560,000 variants, 59,109,693 values
    * INFO RDF streaming: 3,570,000 variants, 59,272,642 values
    * INFO RDF streaming: 3,580,000 variants, 59,436,755 values
    * INFO RDF streaming: 3,590,000 variants, 59,603,375 values
    * INFO RDF streaming: 3,600,000 variants, 59,769,745 values
    * INFO RDF streaming: 3,610,000 variants, 59,936,374 values
    * INFO RDF streaming: 3,620,000 variants, 60,102,108 values
    * INFO RDF streaming: 3,630,000 variants, 60,265,475 values
    * INFO RDF streaming: 3,640,000 variants, 60,431,690 values
    * INFO RDF streaming: 3,650,000 variants, 60,599,070 values
    * INFO RDF streaming: 3,660,000 variants, 60,765,273 values
    * INFO RDF streaming: 3,670,000 variants, 60,930,383 values
    * INFO RDF streaming: 3,680,000 variants, 61,095,619 values
    * INFO RDF streaming: 3,690,000 variants, 61,262,427 values
    * INFO RDF streaming: 3,700,000 variants, 61,429,193 values
    * INFO RDF streaming: 3,710,000 variants, 61,595,268 values
    * INFO RDF streaming: 3,720,000 variants, 61,758,563 values
    * INFO RDF streaming: 3,730,000 variants, 61,924,336 values
    * INFO RDF streaming: 3,740,000 variants, 62,090,299 values
    * INFO RDF streaming: 3,750,000 variants, 62,259,346 values
    * INFO RDF streaming: 3,760,000 variants, 62,423,547 values
    * INFO RDF streaming: 3,770,000 variants, 62,587,489 values
    * INFO RDF streaming: 3,780,000 variants, 62,753,173 values
    * INFO RDF streaming: 3,790,000 variants, 62,919,891 values
    * INFO RDF streaming: 3,800,000 variants, 63,088,366 values
    * INFO RDF streaming: 3,810,000 variants, 63,256,663 values
    * INFO RDF streaming: 3,820,000 variants, 63,421,314 values
    * INFO RDF streaming: 3,830,000 variants, 63,588,171 values
    * INFO RDF streaming: 3,840,000 variants, 63,756,498 values
    * INFO RDF streaming: 3,850,000 variants, 63,917,992 values
    * INFO RDF streaming: 3,860,000 variants, 64,086,441 values
    * INFO RDF streaming: 3,870,000 variants, 64,255,312 values
    * INFO RDF streaming: 3,880,000 variants, 64,420,268 values
    * INFO RDF streaming: 3,890,000 variants, 64,585,336 values
    * INFO RDF streaming: 3,900,000 variants, 64,749,203 values
    * INFO RDF streaming: 3,910,000 variants, 64,911,432 values
    * INFO RDF streaming: 3,920,000 variants, 65,077,830 values
    * INFO RDF streaming: 3,930,000 variants, 65,242,680 values
    * INFO RDF streaming: 3,940,000 variants, 65,407,679 values
    * INFO RDF streaming: 3,950,000 variants, 65,572,013 values
    * INFO RDF streaming: 3,960,000 variants, 65,735,678 values
    * INFO RDF streaming: 3,970,000 variants, 65,904,751 values
    * INFO RDF streaming: 3,980,000 variants, 66,072,229 values
    * INFO RDF streaming: 3,990,000 variants, 66,237,956 values
    * INFO RDF streaming: 4,000,000 variants, 66,405,133 values
    * INFO RDF streaming: 4,010,000 variants, 66,570,487 values
    * INFO RDF streaming: 4,020,000 variants, 66,736,845 values
    * INFO RDF streaming: 4,030,000 variants, 66,900,240 values
    * INFO RDF streaming: 4,040,000 variants, 67,064,885 values
    * INFO RDF streaming: 4,050,000 variants, 67,231,618 values
    * INFO RDF streaming: 4,060,000 variants, 67,397,327 values
    * INFO RDF streaming: 4,070,000 variants, 67,566,756 values
    * INFO RDF streaming: 4,080,000 variants, 67,733,088 values
    * INFO RDF streaming: 4,090,000 variants, 67,900,071 values
    * INFO RDF streaming: 4,100,000 variants, 68,066,663 values
    * INFO RDF streaming: 4,110,000 variants, 68,230,945 values
    * INFO RDF streaming: 4,120,000 variants, 68,396,362 values
    * INFO RDF streaming: 4,130,000 variants, 68,561,922 values
    * INFO RDF streaming: 4,140,000 variants, 68,728,365 values
    * INFO RDF streaming: 4,150,000 variants, 68,895,535 values
    * INFO RDF streaming: 4,160,000 variants, 69,059,044 values
    * INFO RDF streaming: 4,170,000 variants, 69,226,505 values
    * INFO RDF streaming: 4,180,000 variants, 69,393,710 values
    * INFO RDF streaming: 4,190,000 variants, 69,560,482 values
    * INFO RDF streaming: 4,200,000 variants, 69,730,476 values
    * INFO RDF streaming: 4,210,000 variants, 69,901,590 values
    * INFO RDF streaming: 4,220,000 variants, 70,066,025 values
    * INFO RDF streaming: 4,230,000 variants, 70,231,690 values
    * INFO RDF streaming: 4,240,000 variants, 70,397,168 values
    * INFO RDF streaming: 4,250,000 variants, 70,560,214 values
    * INFO RDF streaming: 4,260,000 variants, 70,725,698 values
    * INFO RDF streaming: 4,270,000 variants, 70,891,378 values
    * INFO RDF streaming: 4,280,000 variants, 71,056,257 values
    * INFO RDF streaming: 4,290,000 variants, 71,221,799 values
    * INFO RDF streaming: 4,300,000 variants, 71,387,564 values
    * INFO RDF streaming: 4,310,000 variants, 71,554,681 values
    * INFO RDF streaming: 4,320,000 variants, 71,719,035 values
    * INFO RDF streaming: 4,330,000 variants, 71,880,278 values
    * INFO RDF streaming: 4,340,000 variants, 72,047,032 values
    * INFO RDF streaming: 4,350,000 variants, 72,213,432 values
    * INFO RDF streaming: 4,360,000 variants, 72,379,358 values
    * INFO RDF streaming: 4,370,000 variants, 72,545,558 values
    * INFO RDF streaming: 4,380,000 variants, 72,711,908 values
    * INFO RDF streaming: 4,390,000 variants, 72,877,650 values
    * INFO RDF streaming: 4,400,000 variants, 73,045,019 values
    * INFO RDF streaming: 4,410,000 variants, 73,210,700 values
    * INFO RDF streaming: 4,420,000 variants, 73,373,200 values
    * INFO RDF streaming: 4,430,000 variants, 73,539,458 values
    * INFO RDF streaming: 4,440,000 variants, 73,706,448 values
    * INFO RDF streaming: 4,450,000 variants, 73,872,786 values
    * INFO RDF streaming: 4,460,000 variants, 74,041,787 values
    * INFO RDF streaming: 4,470,000 variants, 74,208,038 values
    * INFO RDF streaming: 4,480,000 variants, 74,373,580 values
    * INFO RDF streaming: 4,490,000 variants, 74,537,675 values
    * INFO RDF streaming: 4,500,000 variants, 74,703,656 values
    * INFO RDF streaming: 4,510,000 variants, 74,868,768 values
    * INFO RDF streaming: 4,520,000 variants, 75,034,272 values
    * INFO RDF streaming: 4,530,000 variants, 75,200,094 values
    * INFO RDF streaming: 4,540,000 variants, 75,365,501 values
    * INFO RDF streaming: 4,550,000 variants, 75,530,478 values
    * INFO RDF streaming: 4,560,000 variants, 75,699,025 values
    * INFO RDF streaming: 4,570,000 variants, 75,864,094 values
    * INFO RDF streaming: 4,580,000 variants, 76,030,749 values
    * INFO RDF streaming: 4,590,000 variants, 76,198,605 values
    * INFO RDF streaming: 4,600,000 variants, 76,372,041 values
    * INFO RDF streaming: 4,610,000 variants, 76,545,447 values
    * INFO RDF streaming: 4,620,000 variants, 76,718,299 values
    * INFO RDF streaming: 4,630,000 variants, 76,881,670 values
    * INFO RDF streaming: 4,640,000 variants, 77,047,759 values
    * INFO RDF streaming: 4,650,000 variants, 77,216,607 values
    * INFO RDF streaming: 4,660,000 variants, 77,383,601 values
    * INFO RDF streaming: 4,670,000 variants, 77,550,058 values
    * INFO RDF streaming: 4,680,000 variants, 77,722,957 values
    * INFO RDF streaming: 4,690,000 variants, 77,896,083 values
    * INFO RDF streaming: 4,700,000 variants, 78,060,817 values
    * INFO RDF streaming: 4,710,000 variants, 78,226,276 values
    * INFO RDF streaming: 4,720,000 variants, 78,389,782 values
    * INFO RDF streaming: 4,730,000 variants, 78,555,195 values
    * INFO RDF streaming: 4,740,000 variants, 78,723,090 values
    * INFO RDF streaming: 4,750,000 variants, 78,890,063 values
    * INFO RDF streaming: 4,760,000 variants, 79,058,267 values
    * INFO RDF streaming: 4,770,000 variants, 79,230,760 values
    * INFO RDF streaming: 4,780,000 variants, 79,403,554 values
    * INFO RDF streaming: 4,790,000 variants, 79,571,074 values
    * INFO RDF streaming: 4,800,000 variants, 79,737,430 values
    * INFO RDF streaming: 4,810,000 variants, 79,905,847 values
    * INFO RDF streaming: 4,820,000 variants, 80,073,823 values
    * INFO RDF streaming: 4,830,000 variants, 80,241,680 values
    * INFO RDF streaming: 4,840,000 variants, 80,408,398 values
    * INFO RDF streaming: 4,850,000 variants, 80,572,014 values
    * INFO RDF streaming: 4,860,000 variants, 80,739,231 values
    * INFO RDF streaming: 4,870,000 variants, 80,908,815 values
    * INFO RDF streaming: 4,880,000 variants, 81,074,551 values
    * INFO RDF streaming: 4,890,000 variants, 81,244,358 values
    * INFO RDF streaming: 4,900,000 variants, 81,407,636 values
    * INFO RDF streaming: 4,910,000 variants, 81,574,245 values
    * INFO RDF streaming: 4,920,000 variants, 81,737,525 values
    * INFO RDF streaming: 4,930,000 variants, 81,899,201 values
    * INFO RDF streaming: 4,940,000 variants, 82,062,653 values
    * INFO RDF streaming: 4,950,000 variants, 82,227,395 values
    * INFO RDF streaming: 4,960,000 variants, 82,391,466 values
    * INFO RDF streaming: 4,970,000 variants, 82,555,528 values
    * INFO RDF streaming: 4,980,000 variants, 82,720,778 values
    * INFO RDF streaming: 4,990,000 variants, 82,882,568 values
    * INFO RDF streaming: 5,000,000 variants, 83,046,850 values
    * INFO RDF streaming: 5,010,000 variants, 83,208,839 values
    * INFO RDF streaming: 5,020,000 variants, 83,370,395 values
    * INFO RDF streaming: 5,030,000 variants, 83,528,069 values
    * INFO RDF streaming: 5,040,000 variants, 83,689,037 values
    * INFO RDF streaming: 5,050,000 variants, 83,851,404 values
    * INFO RDF streaming: 5,060,000 variants, 84,011,775 values
    * QUAL values streamed: 5,063,417; INFO values: 84,067,271; declarations: 19
    * Triples produced: 1,209,739,110
    * Compression ✅
    * Output directory: /home/ubuntu/vrdev-test/v331/results/17_use_case_acmg__layered/convert__NB72462M/out/NB72462M.acmg
      - RDF aggregate: NB72462M.acmg.nt.gz
      - RDF (.gz): 5.22 GB (retained because it is also the selected gzip artifact)
      - gzip (.nt.gz): 5.22 GB
Total triples produced (full run): 1,209,739,110
Conversion process finished.
Run time (full mode): 1h 26m 18.4s
Timing log: /home/ubuntu/vrdev-test/v331/results/17_use_case_acmg__layered/convert__NB72462M/out/run_metrics/NB72462M.acmg__20261008T202507/wrapper_execution_times.csv
Metrics summary: /home/ubuntu/vrdev-test/v331/results/17_use_case_acmg__layered/convert__NB72462M/out/run_metrics/NB72462M.acmg__20261008T202507/summary.json
