Step 1/5: Validating inputs ✅
  Metrics: /home/ubuntu/vrdev-test/acmg-run/results/17_use_case_acmg__cohort/convert__HG03452/out/run_metrics/HG03452.acmg__20260928T151255
  Detailed logs: /home/ubuntu/vrdev-test/acmg-run/results/17_use_case_acmg__cohort/convert__HG03452/out/run_metrics/HG03452.acmg__20260928T151255/logs/wrapper.log
  Progress log: /home/ubuntu/vrdev-test/acmg-run/results/17_use_case_acmg__cohort/convert__HG03452/out/run_metrics/HG03452.acmg__20260928T151255/logs/progress.log
Step 2/5: Ensuring Docker image is available ✅
Step 3/5: Processing per-input pipeline (TSV -> RDF -> compression)
  Sample representation: expanded
  INFO representation: structured
  Header representation: structured
  - Input 1/1: HG03452.acmg.vcf
    * TSV conversion ✅
    * VCF version: VCFv4.2 (detected)
    * RDF conversion ✅
    * Streaming expanded multi-sample RDF (no expanded helper TSVs)
    * Sample RDF streaming: 10,000 variants, 10,000 calls
    * Sample calls streamed: 12,663; FORMAT values: 12,663
    * Streaming structured header RDF
    * Header lines typed: 133; contigs: 24
    * Streaming QUAL and structured INFO RDF
    * INFO RDF streaming: 10,000 variants, 730,068 values
    * QUAL values streamed: 12,663; INFO values: 926,729; declarations: 91
    * Triples produced: 10,183,614
    * Compression ✅
    * Output directory: /home/ubuntu/vrdev-test/acmg-run/results/17_use_case_acmg__cohort/convert__HG03452/out/HG03452.acmg
      - RDF aggregate: HG03452.acmg.nt
      - N-Triples (.nt): 1.37 GB (removed after successful compression)
      - gzip (.nt.gz): 63.33 MB
Total triples produced (full run): 10,183,614
Conversion process finished.
Run time (full mode): 37.40s
Timing log: /home/ubuntu/vrdev-test/acmg-run/results/17_use_case_acmg__cohort/convert__HG03452/out/run_metrics/HG03452.acmg__20260928T151255/wrapper_execution_times.csv
Metrics summary: /home/ubuntu/vrdev-test/acmg-run/results/17_use_case_acmg__cohort/convert__HG03452/out/run_metrics/HG03452.acmg__20260928T151255/summary.json
