TSV conversion: NG1N86S6FC_first250000: started
TSV conversion: NG1N86S6FC_first250000: finished
RMLStreamer: NG1N86S6FC_first250000: started
  RMLStreamer: NG1N86S6FC_first250000: rmlstreamer started — 0 B · 0 parts
  RMLStreamer: NG1N86S6FC_first250000: rmlstreamer heartbeat — 0 B · 0 parts
  RMLStreamer: NG1N86S6FC_first250000: rmlstreamer heartbeat — 6.54 MB · 8 parts
  RMLStreamer: NG1N86S6FC_first250000: rmlstreamer heartbeat — 20.40 MB · 8 parts
  RMLStreamer: NG1N86S6FC_first250000: rmlstreamer heartbeat — 53.54 MB · 8 parts
  RMLStreamer: NG1N86S6FC_first250000: rmlstreamer heartbeat — 90.39 MB · 8 parts
  RMLStreamer: NG1N86S6FC_first250000: rmlstreamer heartbeat — 127.18 MB · 8 parts
  RMLStreamer: NG1N86S6FC_first250000: rmlstreamer heartbeat — 164.06 MB · 8 parts
  RMLStreamer: NG1N86S6FC_first250000: rmlstreamer heartbeat — 205.56 MB · 8 parts
  RMLStreamer: NG1N86S6FC_first250000: rmlstreamer heartbeat — 242.87 MB · 8 parts
  RMLStreamer: NG1N86S6FC_first250000: rmlstreamer heartbeat — 274.96 MB · 8 parts
  RMLStreamer: NG1N86S6FC_first250000: rmlstreamer heartbeat — 284.64 MB · 8 parts
  RMLStreamer: NG1N86S6FC_first250000: rmlstreamer complete — 284.64 MB · 8 parts
  RMLStreamer: NG1N86S6FC_first250000: rdf-aggregate started — 0 parts
  RMLStreamer: NG1N86S6FC_first250000: rdf-aggregate part — 1 parts
  RMLStreamer: NG1N86S6FC_first250000: rdf-aggregate part — 2 parts
  RMLStreamer: NG1N86S6FC_first250000: rdf-aggregate part — 3 parts
  RMLStreamer: NG1N86S6FC_first250000: rdf-aggregate part — 4 parts
  RMLStreamer: NG1N86S6FC_first250000: rdf-aggregate part — 5 parts
  RMLStreamer: NG1N86S6FC_first250000: rdf-aggregate part — 6 parts
  RMLStreamer: NG1N86S6FC_first250000: rdf-aggregate part — 7 parts
  RMLStreamer: NG1N86S6FC_first250000: rdf-aggregate part — 8 parts
  RMLStreamer: NG1N86S6FC_first250000: rdf-aggregate complete — 8 parts
RMLStreamer: NG1N86S6FC_first250000: finished
Partitioned compression: NG1N86S6FC_first250000: started
  Partitioned compression: NG1N86S6FC_first250000: rdf-scan started — 0 triples
  Partitioned compression: NG1N86S6FC_first250000: rdf-scan heartbeat — 510,960 triples · 67,108,962 bytes read
  Partitioned compression: NG1N86S6FC_first250000: rdf-scan heartbeat — 1,018,672 triples · 134,217,855 bytes read
  Partitioned compression: NG1N86S6FC_first250000: rdf-scan heartbeat — 1,527,868 triples · 201,326,805 bytes read
  Partitioned compression: NG1N86S6FC_first250000: rdf-scan heartbeat — 2,036,291 triples · 268,435,749 bytes read
  Partitioned compression: NG1N86S6FC_first250000: rdf-scan heartbeat — 2,485,215 triples · 335,544,624 bytes read
  Partitioned compression: NG1N86S6FC_first250000: rdf-scan heartbeat — 2,884,216 triples · 402,653,513 bytes read
  Partitioned compression: NG1N86S6FC_first250000: rdf-scan heartbeat — 3,282,039 triples · 469,762,443 bytes read
  Partitioned compression: NG1N86S6FC_first250000: rdf-scan chunk — 3,679,677 triples · 1 chunks · 536,871,057 bytes read
  Partitioned compression: NG1N86S6FC_first250000: hdt-chunks started — 0 chunks · hdt-build-00000
  Partitioned compression: NG1N86S6FC_first250000: hdt-chunks complete — 1 chunks · hdt-build-00000
  Partitioned compression: NG1N86S6FC_first250000: cottas-chunks started — 0 chunks · cottas-build-00000
  Partitioned compression: NG1N86S6FC_first250000: cottas-chunks complete — 1 chunks · cottas-build-00000
  Partitioned compression: NG1N86S6FC_first250000: rdf-scan heartbeat — 3,679,679 triples · 536,871,380 bytes read
  Partitioned compression: NG1N86S6FC_first250000: rdf-scan heartbeat — 4,077,248 triples · 603,980,332 bytes read
  Partitioned compression: NG1N86S6FC_first250000: rdf-scan heartbeat — 4,474,992 triples · 671,089,230 bytes read
  Partitioned compression: NG1N86S6FC_first250000: rdf-scan heartbeat — 4,872,541 triples · 738,198,207 bytes read
  Partitioned compression: NG1N86S6FC_first250000: rdf-scan heartbeat — 5,270,162 triples · 805,307,140 bytes read
  Partitioned compression: NG1N86S6FC_first250000: rdf-scan heartbeat — 5,667,816 triples · 872,416,039 bytes read
  Partitioned compression: NG1N86S6FC_first250000: rdf-scan heartbeat — 6,065,238 triples · 939,525,005 bytes read
  Partitioned compression: NG1N86S6FC_first250000: rdf-scan heartbeat — 6,462,761 triples · 1,006,634,031 bytes read
  Partitioned compression: NG1N86S6FC_first250000: rdf-scan chunk — 6,857,242 triples · 2 chunks · 1,073,741,976 bytes read
  Partitioned compression: NG1N86S6FC_first250000: hdt-chunks started — 1 chunks · hdt-build-00001
  Partitioned compression: NG1N86S6FC_first250000: hdt-chunks complete — 2 chunks · hdt-build-00001
  Partitioned compression: NG1N86S6FC_first250000: cottas-chunks started — 1 chunks · cottas-build-00001
  Partitioned compression: NG1N86S6FC_first250000: cottas-chunks complete — 2 chunks · cottas-build-00001
  Partitioned compression: NG1N86S6FC_first250000: rdf-scan heartbeat — 6,857,248 triples · 1,073,743,033 bytes read
  Partitioned compression: NG1N86S6FC_first250000: rdf-scan heartbeat — 7,251,879 triples · 1,140,852,051 bytes read
  Partitioned compression: NG1N86S6FC_first250000: rdf-scan heartbeat — 7,646,419 triples · 1,207,961,088 bytes read
  Partitioned compression: NG1N86S6FC_first250000: rdf-scan heartbeat — 8,041,061 triples · 1,275,070,094 bytes read
  Partitioned compression: NG1N86S6FC_first250000: rdf-scan heartbeat — 8,435,683 triples · 1,342,179,069 bytes read
  Partitioned compression: NG1N86S6FC_first250000: rdf-scan heartbeat — 8,830,320 triples · 1,409,288,106 bytes read
  Partitioned compression: NG1N86S6FC_first250000: rdf-scan heartbeat — 9,225,003 triples · 1,476,397,061 bytes read
  Partitioned compression: NG1N86S6FC_first250000: rdf-scan heartbeat — 9,619,575 triples · 1,543,506,019 bytes read
  Partitioned compression: NG1N86S6FC_first250000: rdf-scan chunk — 10,014,260 triples · 3 chunks · 1,610,612,932 bytes read
  Partitioned compression: NG1N86S6FC_first250000: hdt-chunks started — 2 chunks · hdt-build-00002
  Partitioned compression: NG1N86S6FC_first250000: hdt-chunks complete — 3 chunks · hdt-build-00002
  Partitioned compression: NG1N86S6FC_first250000: cottas-chunks started — 2 chunks · cottas-build-00002
  Partitioned compression: NG1N86S6FC_first250000: cottas-chunks complete — 3 chunks · cottas-build-00002
  Partitioned compression: NG1N86S6FC_first250000: rdf-scan heartbeat — 10,014,272 triples · 1,610,614,913 bytes read
  Partitioned compression: NG1N86S6FC_first250000: rdf-scan heartbeat — 10,408,848 triples · 1,677,723,900 bytes read
  Partitioned compression: NG1N86S6FC_first250000: rdf-scan heartbeat — 10,803,513 triples · 1,744,832,841 bytes read
  Partitioned compression: NG1N86S6FC_first250000: rdf-scan heartbeat — 11,198,032 triples · 1,811,941,732 bytes read
  Partitioned compression: NG1N86S6FC_first250000: rdf-scan heartbeat — 11,592,604 triples · 1,879,050,756 bytes read
  Partitioned compression: NG1N86S6FC_first250000: rdf-scan heartbeat — 11,987,194 triples · 1,946,159,640 bytes read
  Partitioned compression: NG1N86S6FC_first250000: rdf-scan heartbeat — 12,381,790 triples · 2,013,268,613 bytes read
  Partitioned compression: NG1N86S6FC_first250000: rdf-scan heartbeat — 12,776,290 triples · 2,080,377,632 bytes read
  Partitioned compression: NG1N86S6FC_first250000: rdf-scan chunk — 13,195,163 triples · 4 chunks · 2,147,483,950 bytes read
  Partitioned compression: NG1N86S6FC_first250000: hdt-chunks started — 3 chunks · hdt-build-00003
  Partitioned compression: NG1N86S6FC_first250000: hdt-chunks complete — 4 chunks · hdt-build-00003
  Partitioned compression: NG1N86S6FC_first250000: cottas-chunks started — 3 chunks · cottas-build-00003
  Partitioned compression: NG1N86S6FC_first250000: cottas-chunks complete — 4 chunks · cottas-build-00003
  Partitioned compression: NG1N86S6FC_first250000: rdf-scan heartbeat — 13,195,181 triples · 2,147,486,641 bytes read
  Partitioned compression: NG1N86S6FC_first250000: rdf-scan heartbeat — 13,641,263 triples · 2,214,595,526 bytes read
  Partitioned compression: NG1N86S6FC_first250000: rdf-scan heartbeat — 14,084,039 triples · 2,281,704,525 bytes read
  Partitioned compression: NG1N86S6FC_first250000: rdf-scan heartbeat — 14,526,365 triples · 2,348,813,400 bytes read
  Partitioned compression: NG1N86S6FC_first250000: rdf-scan heartbeat — 14,968,393 triples · 2,415,922,420 bytes read
  Partitioned compression: NG1N86S6FC_first250000: rdf-scan heartbeat — 15,410,596 triples · 2,483,031,428 bytes read
  Partitioned compression: NG1N86S6FC_first250000: rdf-scan heartbeat — 15,852,841 triples · 2,550,140,423 bytes read
  Partitioned compression: NG1N86S6FC_first250000: rdf-scan heartbeat — 16,295,076 triples · 2,617,249,288 bytes read
  Partitioned compression: NG1N86S6FC_first250000: rdf-scan chunk — 16,737,307 triples · 5 chunks · 2,684,354,963 bytes read
  Partitioned compression: NG1N86S6FC_first250000: hdt-chunks started — 4 chunks · hdt-build-00004
  Partitioned compression: NG1N86S6FC_first250000: hdt-chunks complete — 5 chunks · hdt-build-00004
  Partitioned compression: NG1N86S6FC_first250000: cottas-chunks started — 4 chunks · cottas-build-00004
  Partitioned compression: NG1N86S6FC_first250000: cottas-chunks complete — 5 chunks · cottas-build-00004
  Partitioned compression: NG1N86S6FC_first250000: rdf-scan heartbeat — 16,737,328 triples · 2,684,358,213 bytes read
  Partitioned compression: NG1N86S6FC_first250000: rdf-scan heartbeat — 17,179,444 triples · 2,751,467,181 bytes read
  Partitioned compression: NG1N86S6FC_first250000: rdf-scan heartbeat — 17,621,416 triples · 2,818,576,174 bytes read
  Partitioned compression: NG1N86S6FC_first250000: rdf-scan heartbeat — 18,063,470 triples · 2,885,685,109 bytes read
  Partitioned compression: NG1N86S6FC_first250000: rdf-scan heartbeat — 18,505,467 triples · 2,952,793,979 bytes read
  Partitioned compression: NG1N86S6FC_first250000: rdf-scan heartbeat — 18,947,373 triples · 3,019,902,897 bytes read
  Partitioned compression: NG1N86S6FC_first250000: rdf-scan heartbeat — 19,389,176 triples · 3,087,011,849 bytes read
  Partitioned compression: NG1N86S6FC_first250000: rdf-scan heartbeat — 19,831,110 triples · 3,154,120,741 bytes read
  Partitioned compression: NG1N86S6FC_first250000: rdf-scan chunk — 20,270,765 triples · 6 chunks · 3,221,225,935 bytes read
  Partitioned compression: NG1N86S6FC_first250000: hdt-chunks started — 5 chunks · hdt-build-00005
  Partitioned compression: NG1N86S6FC_first250000: hdt-chunks complete — 6 chunks · hdt-build-00005
  Partitioned compression: NG1N86S6FC_first250000: cottas-chunks started — 5 chunks · cottas-build-00005
  Partitioned compression: NG1N86S6FC_first250000: cottas-chunks complete — 6 chunks · cottas-build-00005
  Partitioned compression: NG1N86S6FC_first250000: rdf-scan heartbeat — 20,270,789 triples · 3,221,229,761 bytes read
  Partitioned compression: NG1N86S6FC_first250000: rdf-scan heartbeat — 20,709,164 triples · 3,288,338,673 bytes read
  Partitioned compression: NG1N86S6FC_first250000: rdf-scan heartbeat — 21,147,965 triples · 3,355,447,643 bytes read
  Partitioned compression: NG1N86S6FC_first250000: rdf-scan heartbeat — 21,586,576 triples · 3,422,556,656 bytes read
  Partitioned compression: NG1N86S6FC_first250000: rdf-scan heartbeat — 22,025,109 triples · 3,489,665,607 bytes read
  Partitioned compression: NG1N86S6FC_first250000: rdf-scan heartbeat — 22,463,799 triples · 3,556,774,624 bytes read
  Partitioned compression: NG1N86S6FC_first250000: rdf-scan heartbeat — 22,902,426 triples · 3,623,883,521 bytes read
  Partitioned compression: NG1N86S6FC_first250000: rdf-scan heartbeat — 23,341,126 triples · 3,690,992,503 bytes read
  Partitioned compression: NG1N86S6FC_first250000: rdf-scan chunk — 23,779,888 triples · 7 chunks · 3,758,097,008 bytes read
  Partitioned compression: NG1N86S6FC_first250000: hdt-chunks started — 6 chunks · hdt-build-00006
  Partitioned compression: NG1N86S6FC_first250000: hdt-chunks complete — 7 chunks · hdt-build-00006
  Partitioned compression: NG1N86S6FC_first250000: cottas-chunks started — 6 chunks · cottas-build-00006
  Partitioned compression: NG1N86S6FC_first250000: cottas-chunks complete — 7 chunks · cottas-build-00006
  Partitioned compression: NG1N86S6FC_first250000: rdf-scan heartbeat — 23,779,917 triples · 3,758,101,508 bytes read
  Partitioned compression: NG1N86S6FC_first250000: rdf-scan heartbeat — 24,218,709 triples · 3,825,210,413 bytes read
  Partitioned compression: NG1N86S6FC_first250000: rdf-scan heartbeat — 24,657,255 triples · 3,892,319,378 bytes read
  Partitioned compression: NG1N86S6FC_first250000: rdf-scan heartbeat — 25,095,995 triples · 3,959,428,321 bytes read
  Partitioned compression: NG1N86S6FC_first250000: rdf-scan heartbeat — 25,534,825 triples · 4,026,537,256 bytes read
  Partitioned compression: NG1N86S6FC_first250000: rdf-scan heartbeat — 25,973,541 triples · 4,093,646,250 bytes read
  Partitioned compression: NG1N86S6FC_first250000: rdf-scan heartbeat — 26,412,162 triples · 4,160,755,164 bytes read
  Partitioned compression: NG1N86S6FC_first250000: rdf-scan heartbeat — 26,850,936 triples · 4,227,864,180 bytes read
  Partitioned compression: NG1N86S6FC_first250000: rdf-scan chunk — 27,289,527 triples · 8 chunks · 4,294,967,963 bytes read
  Partitioned compression: NG1N86S6FC_first250000: hdt-chunks started — 7 chunks · hdt-build-00007
  Partitioned compression: NG1N86S6FC_first250000: hdt-chunks complete — 8 chunks · hdt-build-00007
  Partitioned compression: NG1N86S6FC_first250000: cottas-chunks started — 7 chunks · cottas-build-00007
  Partitioned compression: NG1N86S6FC_first250000: cottas-chunks complete — 8 chunks · cottas-build-00007
  Partitioned compression: NG1N86S6FC_first250000: rdf-scan heartbeat — 27,289,561 triples · 4,294,973,160 bytes read
  Partitioned compression: NG1N86S6FC_first250000: rdf-scan heartbeat — 27,728,010 triples · 4,362,082,055 bytes read
  Partitioned compression: NG1N86S6FC_first250000: rdf-scan heartbeat — 28,166,692 triples · 4,429,191,005 bytes read
  Partitioned compression: NG1N86S6FC_first250000: rdf-scan heartbeat — 28,605,229 triples · 4,496,299,920 bytes read
  Partitioned compression: NG1N86S6FC_first250000: rdf-scan heartbeat — 29,043,800 triples · 4,563,408,888 bytes read
  Partitioned compression: NG1N86S6FC_first250000: rdf-scan heartbeat — 29,482,415 triples · 4,630,517,768 bytes read
  Partitioned compression: NG1N86S6FC_first250000: rdf-scan heartbeat — 29,921,070 triples · 4,697,626,679 bytes read
  Partitioned compression: NG1N86S6FC_first250000: rdf-scan heartbeat — 30,359,647 triples · 4,764,735,668 bytes read
  Partitioned compression: NG1N86S6FC_first250000: rdf-scan chunk — 30,523,340 triples · 9 chunks · 4,789,764,032 bytes read
  Partitioned compression: NG1N86S6FC_first250000: hdt-chunks started — 8 chunks · hdt-build-00008
  Partitioned compression: NG1N86S6FC_first250000: hdt-chunks complete — 9 chunks · hdt-build-00008
  Partitioned compression: NG1N86S6FC_first250000: cottas-chunks started — 8 chunks · cottas-build-00008
  Partitioned compression: NG1N86S6FC_first250000: cottas-chunks complete — 9 chunks · cottas-build-00008
  Partitioned compression: NG1N86S6FC_first250000: rdf-scan complete — 30,523,340 triples · 9 chunks
  Partitioned compression: NG1N86S6FC_first250000: hdt-chunks complete — 9 chunks
  Partitioned compression: NG1N86S6FC_first250000: cottas-chunks complete — 9 chunks
  Partitioned compression: NG1N86S6FC_first250000: hdt-merge started — hdt-merge-r01-00000
  Partitioned compression: NG1N86S6FC_first250000: hdt-merge complete — hdt-merge-r01-00000
  Partitioned compression: NG1N86S6FC_first250000: hdt-merge started — hdt-merge-r01-00001
  Partitioned compression: NG1N86S6FC_first250000: hdt-merge complete — hdt-merge-r01-00001
  Partitioned compression: NG1N86S6FC_first250000: hdt-merge started — hdt-merge-r01-00002
  Partitioned compression: NG1N86S6FC_first250000: hdt-merge complete — hdt-merge-r01-00002
  Partitioned compression: NG1N86S6FC_first250000: hdt-merge started — hdt-merge-r01-00003
  Partitioned compression: NG1N86S6FC_first250000: hdt-merge complete — hdt-merge-r01-00003
  Partitioned compression: NG1N86S6FC_first250000: hdt-merge started — hdt-merge-r02-00000
  Partitioned compression: NG1N86S6FC_first250000: hdt-merge complete — hdt-merge-r02-00000
  Partitioned compression: NG1N86S6FC_first250000: hdt-merge started — hdt-merge-r02-00001
  Partitioned compression: NG1N86S6FC_first250000: hdt-merge complete — hdt-merge-r02-00001
  Partitioned compression: NG1N86S6FC_first250000: hdt-merge started — hdt-merge-r03-00000
  Partitioned compression: NG1N86S6FC_first250000: hdt-merge complete — hdt-merge-r03-00000
  Partitioned compression: NG1N86S6FC_first250000: hdt-merge started — hdt-merge-r04-00000
  Partitioned compression: NG1N86S6FC_first250000: hdt-merge complete — hdt-merge-r04-00000
  Partitioned compression: NG1N86S6FC_first250000: hdt started — hdt-index
  Partitioned compression: NG1N86S6FC_first250000: hdt complete — hdt-index
  Partitioned compression: NG1N86S6FC_first250000: hdt started — hdt-validate
  Partitioned compression: NG1N86S6FC_first250000: hdt complete — hdt-validate
  Partitioned compression: NG1N86S6FC_first250000: cottas-merge started — cottas-merge-stream
  Partitioned compression: NG1N86S6FC_first250000: cottas-merge started — 0 triples · 9 sorted COTTAS chunks
  Partitioned compression: NG1N86S6FC_first250000: cottas-merge merging — 250,000 triples · 250,000 distinct triples written
  Partitioned compression: NG1N86S6FC_first250000: cottas-merge merging — 500,000 triples · 500,000 distinct triples written
  Partitioned compression: NG1N86S6FC_first250000: cottas-merge merging — 750,000 triples · 750,000 distinct triples written
  Partitioned compression: NG1N86S6FC_first250000: cottas-merge merging — 1,000,000 triples · 1,000,000 distinct triples written
  Partitioned compression: NG1N86S6FC_first250000: cottas-merge merging — 1,250,000 triples · 1,250,000 distinct triples written
  Partitioned compression: NG1N86S6FC_first250000: cottas-merge merging — 1,500,000 triples · 1,500,000 distinct triples written
  Partitioned compression: NG1N86S6FC_first250000: cottas-merge merging — 1,750,000 triples · 1,750,000 distinct triples written
  Partitioned compression: NG1N86S6FC_first250000: cottas-merge merging — 2,000,000 triples · 2,000,000 distinct triples written
  Partitioned compression: NG1N86S6FC_first250000: cottas-merge merging — 2,250,000 triples · 2,250,000 distinct triples written
  Partitioned compression: NG1N86S6FC_first250000: cottas-merge merging — 2,500,000 triples · 2,500,000 distinct triples written
  Partitioned compression: NG1N86S6FC_first250000: cottas-merge merging — 2,750,000 triples · 2,750,000 distinct triples written
  Partitioned compression: NG1N86S6FC_first250000: cottas-merge merging — 3,000,000 triples · 3,000,000 distinct triples written
  Partitioned compression: NG1N86S6FC_first250000: cottas-merge merging — 3,250,000 triples · 3,250,000 distinct triples written
  Partitioned compression: NG1N86S6FC_first250000: cottas-merge merging — 3,500,000 triples · 3,500,000 distinct triples written
  Partitioned compression: NG1N86S6FC_first250000: cottas-merge merging — 3,750,000 triples · 3,750,000 distinct triples written
  Partitioned compression: NG1N86S6FC_first250000: cottas-merge merging — 4,000,000 triples · 4,000,000 distinct triples written
  Partitioned compression: NG1N86S6FC_first250000: cottas-merge merging — 4,250,000 triples · 4,250,000 distinct triples written
  Partitioned compression: NG1N86S6FC_first250000: cottas-merge merging — 4,500,000 triples · 4,500,000 distinct triples written
  Partitioned compression: NG1N86S6FC_first250000: cottas-merge merging — 4,750,000 triples · 4,750,000 distinct triples written
  Partitioned compression: NG1N86S6FC_first250000: cottas-merge merging — 5,000,000 triples · 5,000,000 distinct triples written
  Partitioned compression: NG1N86S6FC_first250000: cottas-merge merging — 5,250,000 triples · 5,250,000 distinct triples written
  Partitioned compression: NG1N86S6FC_first250000: cottas-merge merging — 5,500,000 triples · 5,500,000 distinct triples written
  Partitioned compression: NG1N86S6FC_first250000: cottas-merge merging — 5,750,000 triples · 5,750,000 distinct triples written
  Partitioned compression: NG1N86S6FC_first250000: cottas-merge merging — 6,000,000 triples · 6,000,000 distinct triples written
  Partitioned compression: NG1N86S6FC_first250000: cottas-merge merging — 6,250,000 triples · 6,250,000 distinct triples written
  Partitioned compression: NG1N86S6FC_first250000: cottas-merge merging — 6,500,000 triples · 6,500,000 distinct triples written
  Partitioned compression: NG1N86S6FC_first250000: cottas-merge merging — 6,750,000 triples · 6,750,000 distinct triples written
  Partitioned compression: NG1N86S6FC_first250000: cottas-merge merging — 7,000,000 triples · 7,000,000 distinct triples written
  Partitioned compression: NG1N86S6FC_first250000: cottas-merge merging — 7,250,000 triples · 7,250,000 distinct triples written
  Partitioned compression: NG1N86S6FC_first250000: cottas-merge merging — 7,500,000 triples · 7,500,000 distinct triples written
  Partitioned compression: NG1N86S6FC_first250000: cottas-merge merging — 7,750,000 triples · 7,750,000 distinct triples written
  Partitioned compression: NG1N86S6FC_first250000: cottas-merge merging — 8,000,000 triples · 8,000,000 distinct triples written
  Partitioned compression: NG1N86S6FC_first250000: cottas-merge merging — 8,250,000 triples · 8,250,000 distinct triples written
  Partitioned compression: NG1N86S6FC_first250000: cottas-merge merging — 8,500,000 triples · 8,500,000 distinct triples written
  Partitioned compression: NG1N86S6FC_first250000: cottas-merge merging — 8,750,000 triples · 8,750,000 distinct triples written
  Partitioned compression: NG1N86S6FC_first250000: cottas-merge merging — 9,000,000 triples · 9,000,000 distinct triples written
  Partitioned compression: NG1N86S6FC_first250000: cottas-merge merging — 9,250,000 triples · 9,250,000 distinct triples written
  Partitioned compression: NG1N86S6FC_first250000: cottas-merge merging — 9,500,000 triples · 9,500,000 distinct triples written
  Partitioned compression: NG1N86S6FC_first250000: cottas-merge merging — 9,750,000 triples · 9,750,000 distinct triples written
  Partitioned compression: NG1N86S6FC_first250000: cottas-merge merging — 10,000,000 triples · 10,000,000 distinct triples written
  Partitioned compression: NG1N86S6FC_first250000: cottas-merge merging — 10,250,000 triples · 10,250,000 distinct triples written
  Partitioned compression: NG1N86S6FC_first250000: cottas-merge merging — 10,500,000 triples · 10,500,000 distinct triples written
  Partitioned compression: NG1N86S6FC_first250000: cottas-merge merging — 10,750,000 triples · 10,750,000 distinct triples written
  Partitioned compression: NG1N86S6FC_first250000: cottas-merge merging — 11,000,000 triples · 11,000,000 distinct triples written
  Partitioned compression: NG1N86S6FC_first250000: cottas-merge merging — 11,250,000 triples · 11,250,000 distinct triples written
  Partitioned compression: NG1N86S6FC_first250000: cottas-merge merging — 11,500,000 triples · 11,500,000 distinct triples written
  Partitioned compression: NG1N86S6FC_first250000: cottas-merge merging — 11,750,000 triples · 11,750,000 distinct triples written
  Partitioned compression: NG1N86S6FC_first250000: cottas-merge merging — 12,000,000 triples · 12,000,000 distinct triples written
  Partitioned compression: NG1N86S6FC_first250000: cottas-merge merging — 12,250,000 triples · 12,250,000 distinct triples written
  Partitioned compression: NG1N86S6FC_first250000: cottas-merge merging — 12,500,000 triples · 12,500,000 distinct triples written
  Partitioned compression: NG1N86S6FC_first250000: cottas-merge merging — 12,750,000 triples · 12,750,000 distinct triples written
  Partitioned compression: NG1N86S6FC_first250000: cottas-merge merging — 13,000,000 triples · 13,000,000 distinct triples written
  Partitioned compression: NG1N86S6FC_first250000: cottas-merge merging — 13,250,000 triples · 13,250,000 distinct triples written
  Partitioned compression: NG1N86S6FC_first250000: cottas-merge merging — 13,500,000 triples · 13,500,000 distinct triples written
  Partitioned compression: NG1N86S6FC_first250000: cottas-merge merging — 13,750,000 triples · 13,750,000 distinct triples written
  Partitioned compression: NG1N86S6FC_first250000: cottas-merge merging — 14,000,000 triples · 14,000,000 distinct triples written
  Partitioned compression: NG1N86S6FC_first250000: cottas-merge merging — 14,250,000 triples · 14,250,000 distinct triples written
  Partitioned compression: NG1N86S6FC_first250000: cottas-merge merging — 14,500,000 triples · 14,500,000 distinct triples written
  Partitioned compression: NG1N86S6FC_first250000: cottas-merge merging — 14,750,000 triples · 14,750,000 distinct triples written
  Partitioned compression: NG1N86S6FC_first250000: cottas-merge merging — 15,000,000 triples · 15,000,000 distinct triples written
  Partitioned compression: NG1N86S6FC_first250000: cottas-merge merging — 15,250,000 triples · 15,250,000 distinct triples written
  Partitioned compression: NG1N86S6FC_first250000: cottas-merge merging — 15,500,000 triples · 15,500,000 distinct triples written
  Partitioned compression: NG1N86S6FC_first250000: cottas-merge merging — 15,750,000 triples · 15,750,000 distinct triples written
  Partitioned compression: NG1N86S6FC_first250000: cottas-merge merging — 16,000,000 triples · 16,000,000 distinct triples written
  Partitioned compression: NG1N86S6FC_first250000: cottas-merge merging — 16,250,000 triples · 16,250,000 distinct triples written
  Partitioned compression: NG1N86S6FC_first250000: cottas-merge merging — 16,500,000 triples · 16,500,000 distinct triples written
  Partitioned compression: NG1N86S6FC_first250000: cottas-merge merging — 16,750,000 triples · 16,750,000 distinct triples written
  Partitioned compression: NG1N86S6FC_first250000: cottas-merge merging — 17,000,000 triples · 17,000,000 distinct triples written
  Partitioned compression: NG1N86S6FC_first250000: cottas-merge merging — 17,250,000 triples · 17,250,000 distinct triples written
  Partitioned compression: NG1N86S6FC_first250000: cottas-merge merging — 17,500,000 triples · 17,500,000 distinct triples written
  Partitioned compression: NG1N86S6FC_first250000: cottas-merge merging — 17,750,000 triples · 17,750,000 distinct triples written
  Partitioned compression: NG1N86S6FC_first250000: cottas-merge merging — 18,000,000 triples · 18,000,000 distinct triples written
  Partitioned compression: NG1N86S6FC_first250000: cottas-merge merging — 18,250,000 triples · 18,250,000 distinct triples written
  Partitioned compression: NG1N86S6FC_first250000: cottas-merge merging — 18,500,000 triples · 18,500,000 distinct triples written
  Partitioned compression: NG1N86S6FC_first250000: cottas-merge merging — 18,750,000 triples · 18,750,000 distinct triples written
  Partitioned compression: NG1N86S6FC_first250000: cottas-merge merging — 19,000,000 triples · 19,000,000 distinct triples written
  Partitioned compression: NG1N86S6FC_first250000: cottas-merge merging — 19,250,000 triples · 19,250,000 distinct triples written
  Partitioned compression: NG1N86S6FC_first250000: cottas-merge merging — 19,500,000 triples · 19,500,000 distinct triples written
  Partitioned compression: NG1N86S6FC_first250000: cottas-merge merging — 19,750,000 triples · 19,750,000 distinct triples written
  Partitioned compression: NG1N86S6FC_first250000: cottas-merge merging — 20,000,000 triples · 20,000,000 distinct triples written
  Partitioned compression: NG1N86S6FC_first250000: cottas-merge merging — 20,250,000 triples · 20,250,000 distinct triples written
  Partitioned compression: NG1N86S6FC_first250000: cottas-merge merging — 20,500,000 triples · 20,500,000 distinct triples written
  Partitioned compression: NG1N86S6FC_first250000: cottas-merge merging — 20,750,000 triples · 20,750,000 distinct triples written
  Partitioned compression: NG1N86S6FC_first250000: cottas-merge merging — 21,000,000 triples · 21,000,000 distinct triples written
  Partitioned compression: NG1N86S6FC_first250000: cottas-merge merging — 21,250,000 triples · 21,250,000 distinct triples written
  Partitioned compression: NG1N86S6FC_first250000: cottas-merge merging — 21,500,000 triples · 21,500,000 distinct triples written
  Partitioned compression: NG1N86S6FC_first250000: cottas-merge merging — 21,750,000 triples · 21,750,000 distinct triples written
  Partitioned compression: NG1N86S6FC_first250000: cottas-merge merging — 22,000,000 triples · 22,000,000 distinct triples written
  Partitioned compression: NG1N86S6FC_first250000: cottas-merge merging — 22,250,000 triples · 22,250,000 distinct triples written
  Partitioned compression: NG1N86S6FC_first250000: cottas-merge merging — 22,500,000 triples · 22,500,000 distinct triples written
  Partitioned compression: NG1N86S6FC_first250000: cottas-merge merging — 22,750,000 triples · 22,750,000 distinct triples written
  Partitioned compression: NG1N86S6FC_first250000: cottas-merge merging — 23,000,000 triples · 23,000,000 distinct triples written
  Partitioned compression: NG1N86S6FC_first250000: cottas-merge merging — 23,250,000 triples · 23,250,000 distinct triples written
  Partitioned compression: NG1N86S6FC_first250000: cottas-merge merging — 23,500,000 triples · 23,500,000 distinct triples written
  Partitioned compression: NG1N86S6FC_first250000: cottas-merge merging — 23,750,000 triples · 23,750,000 distinct triples written
  Partitioned compression: NG1N86S6FC_first250000: cottas-merge merging — 24,000,000 triples · 24,000,000 distinct triples written
  Partitioned compression: NG1N86S6FC_first250000: cottas-merge merging — 24,250,000 triples · 24,250,000 distinct triples written
  Partitioned compression: NG1N86S6FC_first250000: cottas-merge merging — 24,500,000 triples · 24,500,000 distinct triples written
  Partitioned compression: NG1N86S6FC_first250000: cottas-merge merging — 24,750,000 triples · 24,750,000 distinct triples written
  Partitioned compression: NG1N86S6FC_first250000: cottas-merge merging — 25,000,000 triples · 25,000,000 distinct triples written
  Partitioned compression: NG1N86S6FC_first250000: cottas-merge merging — 25,250,000 triples · 25,250,000 distinct triples written
  Partitioned compression: NG1N86S6FC_first250000: cottas-merge merging — 25,500,000 triples · 25,500,000 distinct triples written
  Partitioned compression: NG1N86S6FC_first250000: cottas-merge merging — 25,750,000 triples · 25,750,000 distinct triples written
  Partitioned compression: NG1N86S6FC_first250000: cottas-merge merging — 26,000,000 triples · 26,000,000 distinct triples written
  Partitioned compression: NG1N86S6FC_first250000: cottas-merge merging — 26,250,000 triples · 26,250,000 distinct triples written
  Partitioned compression: NG1N86S6FC_first250000: cottas-merge merging — 26,500,000 triples · 26,500,000 distinct triples written
  Partitioned compression: NG1N86S6FC_first250000: cottas-merge merging — 26,750,000 triples · 26,750,000 distinct triples written
  Partitioned compression: NG1N86S6FC_first250000: cottas-merge merging — 27,000,000 triples · 27,000,000 distinct triples written
  Partitioned compression: NG1N86S6FC_first250000: cottas-merge merging — 27,250,000 triples · 27,250,000 distinct triples written
  Partitioned compression: NG1N86S6FC_first250000: cottas-merge merging — 27,500,000 triples · 27,500,000 distinct triples written
  Partitioned compression: NG1N86S6FC_first250000: cottas-merge merging — 27,750,000 triples · 27,750,000 distinct triples written
  Partitioned compression: NG1N86S6FC_first250000: cottas-merge merging — 28,000,000 triples · 28,000,000 distinct triples written
  Partitioned compression: NG1N86S6FC_first250000: cottas-merge merging — 28,250,000 triples · 28,250,000 distinct triples written
  Partitioned compression: NG1N86S6FC_first250000: cottas-merge merging — 28,500,000 triples · 28,500,000 distinct triples written
  Partitioned compression: NG1N86S6FC_first250000: cottas-merge merging — 28,750,000 triples · 28,750,000 distinct triples written
  Partitioned compression: NG1N86S6FC_first250000: cottas-merge merging — 29,000,000 triples · 29,000,000 distinct triples written
  Partitioned compression: NG1N86S6FC_first250000: cottas-merge merging — 29,250,000 triples · 29,250,000 distinct triples written
  Partitioned compression: NG1N86S6FC_first250000: cottas-merge merging — 29,500,000 triples · 29,500,000 distinct triples written
  Partitioned compression: NG1N86S6FC_first250000: cottas-merge merging — 29,750,000 triples · 29,750,000 distinct triples written
  Partitioned compression: NG1N86S6FC_first250000: cottas-merge merging — 30,000,000 triples · 30,000,000 distinct triples written
  Partitioned compression: NG1N86S6FC_first250000: cottas-merge merging — 30,250,000 triples · 30,250,000 distinct triples written
  Partitioned compression: NG1N86S6FC_first250000: cottas-merge merging — 30,500,000 triples · 30,500,000 distinct triples written
  Partitioned compression: NG1N86S6FC_first250000: cottas-merge complete — 30,523,340 triples · 30,523,340 distinct triples written
  Partitioned compression: NG1N86S6FC_first250000: cottas-merge complete — cottas-merge-stream
  Partitioned compression: NG1N86S6FC_first250000: cottas started — cottas-validate
  Partitioned compression: NG1N86S6FC_first250000: cottas complete — cottas-validate
Partitioned compression: NG1N86S6FC_first250000: finished
