TSV conversion: HG005_GRCh38_r100000: started
TSV conversion: HG005_GRCh38_r100000: finished
RMLStreamer: HG005_GRCh38_r100000: started
  RMLStreamer: HG005_GRCh38_r100000: rmlstreamer started — 0 B · 0 parts
  RMLStreamer: HG005_GRCh38_r100000: rmlstreamer heartbeat — 0 B · 0 parts
  RMLStreamer: HG005_GRCh38_r100000: rmlstreamer heartbeat — 8.05 KB · 8 parts
  RMLStreamer: HG005_GRCh38_r100000: rmlstreamer heartbeat — 10.49 MB · 8 parts
  RMLStreamer: HG005_GRCh38_r100000: rmlstreamer heartbeat — 26.47 MB · 8 parts
  RMLStreamer: HG005_GRCh38_r100000: rmlstreamer heartbeat — 67.50 MB · 8 parts
  RMLStreamer: HG005_GRCh38_r100000: rmlstreamer heartbeat — 110.83 MB · 8 parts
  RMLStreamer: HG005_GRCh38_r100000: rmlstreamer heartbeat — 112.31 MB · 8 parts
  RMLStreamer: HG005_GRCh38_r100000: rmlstreamer complete — 112.31 MB · 8 parts
  RMLStreamer: HG005_GRCh38_r100000: rdf-aggregate started — 0 parts
  RMLStreamer: HG005_GRCh38_r100000: rdf-aggregate part — 1 parts
  RMLStreamer: HG005_GRCh38_r100000: rdf-aggregate part — 2 parts
  RMLStreamer: HG005_GRCh38_r100000: rdf-aggregate part — 3 parts
  RMLStreamer: HG005_GRCh38_r100000: rdf-aggregate part — 4 parts
  RMLStreamer: HG005_GRCh38_r100000: rdf-aggregate part — 5 parts
  RMLStreamer: HG005_GRCh38_r100000: rdf-aggregate part — 6 parts
  RMLStreamer: HG005_GRCh38_r100000: rdf-aggregate part — 7 parts
  RMLStreamer: HG005_GRCh38_r100000: rdf-aggregate part — 8 parts
  RMLStreamer: HG005_GRCh38_r100000: rdf-aggregate complete — 8 parts
RMLStreamer: HG005_GRCh38_r100000: finished
Partitioned compression: HG005_GRCh38_r100000: started
  Partitioned compression: HG005_GRCh38_r100000: rdf-scan started — 0 triples
  Partitioned compression: HG005_GRCh38_r100000: rdf-scan heartbeat — 512,956 triples · 67,108,907 bytes read
  Partitioned compression: HG005_GRCh38_r100000: rdf-scan heartbeat — 1,005,069 triples · 134,217,933 bytes read
  Partitioned compression: HG005_GRCh38_r100000: rdf-scan heartbeat — 1,426,082 triples · 201,326,819 bytes read
  Partitioned compression: HG005_GRCh38_r100000: rdf-scan heartbeat — 1,845,210 triples · 268,435,795 bytes read
  Partitioned compression: HG005_GRCh38_r100000: rdf-scan heartbeat — 2,262,811 triples · 335,544,690 bytes read
  Partitioned compression: HG005_GRCh38_r100000: rdf-scan heartbeat — 2,680,453 triples · 402,653,614 bytes read
  Partitioned compression: HG005_GRCh38_r100000: rdf-scan heartbeat — 3,098,052 triples · 469,762,655 bytes read
  Partitioned compression: HG005_GRCh38_r100000: rdf-scan chunk — 3,515,648 triples · 1 chunks · 536,871,063 bytes read
  Partitioned compression: HG005_GRCh38_r100000: hdt-chunks started — 0 chunks · hdt-build-00000
  Partitioned compression: HG005_GRCh38_r100000: hdt-chunks complete — 1 chunks · hdt-build-00000
  Partitioned compression: HG005_GRCh38_r100000: rdf-scan heartbeat — 3,515,652 triples · 536,871,695 bytes read
  Partitioned compression: HG005_GRCh38_r100000: rdf-scan heartbeat — 3,933,252 triples · 603,980,574 bytes read
  Partitioned compression: HG005_GRCh38_r100000: rdf-scan heartbeat — 4,350,815 triples · 671,089,483 bytes read
  Partitioned compression: HG005_GRCh38_r100000: rdf-scan heartbeat — 4,768,369 triples · 738,198,473 bytes read
  Partitioned compression: HG005_GRCh38_r100000: rdf-scan heartbeat — 5,185,934 triples · 805,307,350 bytes read
  Partitioned compression: HG005_GRCh38_r100000: rdf-scan heartbeat — 5,603,486 triples · 872,416,353 bytes read
  Partitioned compression: HG005_GRCh38_r100000: rdf-scan heartbeat — 6,021,071 triples · 939,525,273 bytes read
  Partitioned compression: HG005_GRCh38_r100000: rdf-scan heartbeat — 6,438,638 triples · 1,006,634,226 bytes read
  Partitioned compression: HG005_GRCh38_r100000: rdf-scan chunk — 6,856,238 triples · 2 chunks · 1,073,742,048 bytes read
  Partitioned compression: HG005_GRCh38_r100000: hdt-chunks started — 1 chunks · hdt-build-00001
  Partitioned compression: HG005_GRCh38_r100000: hdt-chunks complete — 2 chunks · hdt-build-00001
  Partitioned compression: HG005_GRCh38_r100000: rdf-scan heartbeat — 6,856,245 triples · 1,073,743,184 bytes read
  Partitioned compression: HG005_GRCh38_r100000: rdf-scan heartbeat — 7,273,824 triples · 1,140,852,204 bytes read
  Partitioned compression: HG005_GRCh38_r100000: rdf-scan heartbeat — 7,691,414 triples · 1,207,961,102 bytes read
  Partitioned compression: HG005_GRCh38_r100000: rdf-scan heartbeat — 8,107,488 triples · 1,275,070,064 bytes read
  Partitioned compression: HG005_GRCh38_r100000: rdf-scan heartbeat — 8,514,692 triples · 1,342,179,049 bytes read
  Partitioned compression: HG005_GRCh38_r100000: rdf-scan heartbeat — 8,920,071 triples · 1,409,288,010 bytes read
  Partitioned compression: HG005_GRCh38_r100000: rdf-scan heartbeat — 9,325,450 triples · 1,476,396,957 bytes read
  Partitioned compression: HG005_GRCh38_r100000: rdf-scan heartbeat — 9,730,711 triples · 1,543,505,907 bytes read
  Partitioned compression: HG005_GRCh38_r100000: rdf-scan chunk — 10,136,021 triples · 3 chunks · 1,610,612,986 bytes read
  Partitioned compression: HG005_GRCh38_r100000: hdt-chunks started — 2 chunks · hdt-build-00002
  Partitioned compression: HG005_GRCh38_r100000: hdt-chunks complete — 3 chunks · hdt-build-00002
  Partitioned compression: HG005_GRCh38_r100000: rdf-scan heartbeat — 10,136,033 triples · 1,610,614,870 bytes read
  Partitioned compression: HG005_GRCh38_r100000: rdf-scan heartbeat — 10,541,215 triples · 1,677,723,815 bytes read
  Partitioned compression: HG005_GRCh38_r100000: rdf-scan heartbeat — 10,946,413 triples · 1,744,832,797 bytes read
  Partitioned compression: HG005_GRCh38_r100000: rdf-scan heartbeat — 11,351,865 triples · 1,811,941,738 bytes read
  Partitioned compression: HG005_GRCh38_r100000: rdf-scan chunk — 11,413,670 triples · 4 chunks · 1,822,177,117 bytes read
  Partitioned compression: HG005_GRCh38_r100000: hdt-chunks started — 3 chunks · hdt-build-00003
  Partitioned compression: HG005_GRCh38_r100000: hdt-chunks complete — 4 chunks · hdt-build-00003
  Partitioned compression: HG005_GRCh38_r100000: rdf-scan complete — 11,413,670 triples · 4 chunks
  Partitioned compression: HG005_GRCh38_r100000: hdt-chunks complete — 4 chunks
  Partitioned compression: HG005_GRCh38_r100000: hdt-merge started — hdt-merge-r01-00000
  Partitioned compression: HG005_GRCh38_r100000: hdt-merge complete — hdt-merge-r01-00000
  Partitioned compression: HG005_GRCh38_r100000: hdt-merge started — hdt-merge-r01-00001
  Partitioned compression: HG005_GRCh38_r100000: hdt-merge complete — hdt-merge-r01-00001
  Partitioned compression: HG005_GRCh38_r100000: hdt-merge started — hdt-merge-r02-00000
  Partitioned compression: HG005_GRCh38_r100000: hdt-merge complete — hdt-merge-r02-00000
  Partitioned compression: HG005_GRCh38_r100000: hdt started — hdt-index
  Partitioned compression: HG005_GRCh38_r100000: hdt complete — hdt-index
  Partitioned compression: HG005_GRCh38_r100000: hdt started — hdt-validate
  Partitioned compression: HG005_GRCh38_r100000: hdt complete — hdt-validate
Partitioned compression: HG005_GRCh38_r100000: finished
