2026-10-08 17:19:14.610 - INFO: [1mQLever index builder bfd5741, compiled on Thu Sep  3 17:32:42 UTC 2026 using git hash bfd5741[22m
2026-10-08 17:19:14.611 - WARN: Implicitly using the parallel parser for a single input file for reasons of backward compatibility; this is deprecated, please use the command-line option --parallel-parsing or -p
2026-10-08 17:19:14.611 - INFO: Processing triples from single input stream /home/ubuntu/vrdev-test/conv/run-e3743590/work/scratch/biointerchange-1000G_10000r_s16/graph.nt (parallel = true) ...
2026-10-08 17:19:14.611 - INFO: Locale was not specified in settings file, default is en_US
2026-10-08 17:19:14.611 - INFO: You specified "locale = en_US" and "ignore-punctuation = 0"
2026-10-08 17:19:14.611 - INFO: By default, integers that cannot be represented by QLever will throw an exception
2026-10-08 17:19:14.611 - INFO: Parsing input triples and creating partial vocabularies, one per batch ...
2026-10-08 17:19:15.815 - INFO: Triples parsed: 2,031,215 [average speed 2.6 M/s] 
2026-10-08 17:19:16.317 - INFO: Number of triples created (including QLever-internal ones): 2,031,215 [may contain duplicates]
2026-10-08 17:19:16.317 - INFO: Number of partial vocabularies created: 1
2026-10-08 17:19:16.479 - INFO: Merging partial vocabularies ...
2026-10-08 17:19:16.659 - INFO: Words merged: 1,086 [average speed 0.0 M/s] 
2026-10-08 17:19:16.663 - INFO: Finished writing compressed internal vocabulary, size = 7955 B [uncompressed = 31793 B, ratio = 25%]
2026-10-08 17:19:16.663 - INFO: Number of words in external vocabulary: 1,086
2026-10-08 17:19:16.671 - INFO: Converting triples from local IDs to global IDs ...
2026-10-08 17:19:16.821 - INFO: Triples converted: 2,031,215 [average speed 13.9 M/s] 
2026-10-08 17:19:16.858 - INFO: Creating permutations SPO and SOP ...
2026-10-08 17:19:16.947 - INFO: Number of inputs to `uniqueView`: 2,031,215
2026-10-08 17:19:16.947 - INFO: Number of unique elements: 2,031,215
2026-10-08 17:19:16.947 - INFO: Triples sorted: 2,031,215 [average speed 23.1 M/s] 
2026-10-08 17:19:17.081 - INFO: Statistics for SPO: #relations = 860,332, #blocks = 44, #triples = 2,031,215
2026-10-08 17:19:17.081 - INFO: Statistics for SOP: #relations = 860,332, #blocks = 44, #triples = 2,031,215
2026-10-08 17:19:17.081 - INFO: Number of distinct patterns: 37
2026-10-08 17:19:17.081 - INFO: Number of subjects with pattern: 860,332 [all]
2026-10-08 17:19:17.081 - INFO: Total number of distinct subject-predicate pairs: 2,031,214
2026-10-08 17:19:17.081 - INFO: Average number of predicates per subject: 2.4
2026-10-08 17:19:17.081 - INFO: Average number of subjects per predicate: 6,816
2026-10-08 17:19:17.135 - INFO: Creating permutations OSP and OPS ...
2026-10-08 17:19:17.359 - INFO: Triples sorted: 2,031,215 [average speed 9.1 M/s] 
2026-10-08 17:19:17.380 - INFO: Statistics for OSP: #relations = 872,187, #blocks = 64, #triples = 2,031,215
2026-10-08 17:19:17.380 - INFO: Statistics for OPS: #relations = 872,187, #blocks = 64, #triples = 2,031,215
2026-10-08 17:19:17.380 - INFO: Adding 860,332 triples to the POS and PSO permutation for the internal `ql:has-pattern` ...
2026-10-08 17:19:17.416 - INFO: Creating permutations PSO and POS ...
2026-10-08 17:19:17.443 - INFO: Number of inputs to `uniqueView`: 860,332
2026-10-08 17:19:17.443 - INFO: Number of unique elements: 860,332
2026-10-08 17:19:17.443 - INFO: Triples sorted: 860,332 [average speed 31.6 M/s] 
2026-10-08 17:19:17.496 - INFO: Statistics for PSO: #relations = 1, #blocks = 28, #triples = 860,332
2026-10-08 17:19:17.496 - INFO: Statistics for POS: #relations = 1, #blocks = 28, #triples = 860,332
2026-10-08 17:19:17.544 - INFO: Creating permutations PSO and POS ...
2026-10-08 17:19:17.776 - INFO: Triples sorted: 2,031,215 [average speed 8.8 M/s] 
2026-10-08 17:19:17.796 - INFO: Statistics for PSO: #relations = 298, #blocks = 72, #triples = 2,031,215
2026-10-08 17:19:17.796 - INFO: Statistics for POS: #relations = 298, #blocks = 72, #triples = 2,031,215
2026-10-08 17:19:17.797 - INFO: Index build completed
