TSV conversion: NG131FQA1I.acmg: started
TSV conversion: NG131FQA1I.acmg: finished
RMLStreamer: NG131FQA1I.acmg: started
  RMLStreamer: NG131FQA1I.acmg: rmlstreamer started — 0 B · 0 parts
  RMLStreamer: NG131FQA1I.acmg: rmlstreamer heartbeat — 0 B · 0 parts
  RMLStreamer: NG131FQA1I.acmg: rmlstreamer heartbeat — 1.06 KB · 8 parts
  RMLStreamer: NG131FQA1I.acmg: rmlstreamer heartbeat — 7.94 MB · 8 parts
  RMLStreamer: NG131FQA1I.acmg: rmlstreamer heartbeat — 10.71 MB · 8 parts
  RMLStreamer: NG131FQA1I.acmg: rmlstreamer complete — 10.71 MB · 8 parts
  RMLStreamer: NG131FQA1I.acmg: rdf-aggregate started — 0 parts
  RMLStreamer: NG131FQA1I.acmg: rdf-aggregate part — 1 parts
  RMLStreamer: NG131FQA1I.acmg: rdf-aggregate part — 2 parts
  RMLStreamer: NG131FQA1I.acmg: rdf-aggregate part — 3 parts
  RMLStreamer: NG131FQA1I.acmg: rdf-aggregate part — 4 parts
  RMLStreamer: NG131FQA1I.acmg: rdf-aggregate part — 5 parts
  RMLStreamer: NG131FQA1I.acmg: rdf-aggregate part — 6 parts
  RMLStreamer: NG131FQA1I.acmg: rdf-aggregate part — 7 parts
  RMLStreamer: NG131FQA1I.acmg: rdf-aggregate part — 8 parts
  RMLStreamer: NG131FQA1I.acmg: rdf-aggregate complete — 8 parts
RMLStreamer: NG131FQA1I.acmg: finished
