Step 1/5: Validating inputs ✅
  Metrics: /home/ubuntu/vrdev-test/v331/results/17_use_case_acmg/convert__NG131FQA1I/out/run_metrics/NG131FQA1I.acmg__20261008T115612
  Detailed logs: /home/ubuntu/vrdev-test/v331/results/17_use_case_acmg/convert__NG131FQA1I/out/run_metrics/NG131FQA1I.acmg__20261008T115612/logs/wrapper.log
  Progress log: /home/ubuntu/vrdev-test/v331/results/17_use_case_acmg/convert__NG131FQA1I/out/run_metrics/NG131FQA1I.acmg__20261008T115612/logs/progress.log
Step 2/5: Ensuring Docker image is available ✅
Step 3/5: Processing per-input pipeline (TSV -> RDF -> compression)
  Sample representation: expanded
  INFO representation: structured
  Header representation: structured
  - Input 1/1: NG131FQA1I.acmg.vcf
    * TSV conversion ✅
    * VCF version: VCFv4.2 (detected)
    * RDF conversion ✅
    * Streaming expanded multi-sample RDF (no expanded helper TSVs)
    * Sample RDF streaming: 10,000 variants, 10,000 calls
    * Sample calls streamed: 10,343; FORMAT values: 54,826
    * Streaming structured header RDF
    * Header lines typed: 251; contigs: 195
    * Streaming QUAL and structured INFO RDF
    * INFO RDF streaming: 10,000 variants, 156,335 values
    * QUAL values streamed: 10,343; INFO values: 161,594; declarations: 18
    * Triples produced: 2,401,847
    * Compression ✅
    * Output directory: /home/ubuntu/vrdev-test/v331/results/17_use_case_acmg/convert__NG131FQA1I/out/NG131FQA1I.acmg
      - RDF aggregate: NG131FQA1I.acmg.nt.gz
      - RDF (.gz): 10.62 MB (retained because it is also the selected gzip artifact)
      - gzip (.nt.gz): 10.62 MB
Total triples produced (full run): 2,401,847
Conversion process finished.
Run time (full mode): 24.40s
Timing log: /home/ubuntu/vrdev-test/v331/results/17_use_case_acmg/convert__NG131FQA1I/out/run_metrics/NG131FQA1I.acmg__20261008T115612/wrapper_execution_times.csv
Metrics summary: /home/ubuntu/vrdev-test/v331/results/17_use_case_acmg/convert__NG131FQA1I/out/run_metrics/NG131FQA1I.acmg__20261008T115612/summary.json
