Step 1/5: Validating inputs ✅
  Metrics: /home/ubuntu/vrdev-test/v331/results/17_use_case_acmg__cohort/convert__HG02774/out/run_metrics/HG02774.acmg__20261008T145928
  Detailed logs: /home/ubuntu/vrdev-test/v331/results/17_use_case_acmg__cohort/convert__HG02774/out/run_metrics/HG02774.acmg__20261008T145928/logs/wrapper.log
  Progress log: /home/ubuntu/vrdev-test/v331/results/17_use_case_acmg__cohort/convert__HG02774/out/run_metrics/HG02774.acmg__20261008T145928/logs/progress.log
Step 2/5: Ensuring Docker image is available ✅
Step 3/5: Processing per-input pipeline (TSV -> RDF -> compression)
  Sample representation: expanded
  INFO representation: structured
  Header representation: structured
  - Input 1/1: HG02774.acmg.vcf
    * TSV conversion ✅
    * VCF version: VCFv4.2 (detected)
    * RDF conversion ✅
    * Streaming expanded multi-sample RDF (no expanded helper TSVs)
    * Sample RDF streaming: 10,000 variants, 10,000 calls
    * Sample calls streamed: 11,032; FORMAT values: 11,032
    * Streaming structured header RDF
    * Header lines typed: 43; contigs: 24
    * Streaming QUAL and structured INFO RDF
    * INFO RDF streaming: 10,000 variants, 0 values
    * QUAL values streamed: 11,032; INFO values: 0; declarations: 0
    * Triples produced: 651,112
    * Compression ✅
    * Output directory: /home/ubuntu/vrdev-test/v331/results/17_use_case_acmg__cohort/convert__HG02774/out/HG02774.acmg
      - RDF aggregate: HG02774.acmg.nt.gz
      - RDF (.gz): 2.57 MB (retained because it is also the selected gzip artifact)
      - gzip (.nt.gz): 2.57 MB
Total triples produced (full run): 651,112
Conversion process finished.
Run time (full mode): 17.72s
Timing log: /home/ubuntu/vrdev-test/v331/results/17_use_case_acmg__cohort/convert__HG02774/out/run_metrics/HG02774.acmg__20261008T145928/wrapper_execution_times.csv
Metrics summary: /home/ubuntu/vrdev-test/v331/results/17_use_case_acmg__cohort/convert__HG02774/out/run_metrics/HG02774.acmg__20261008T145928/summary.json
