TSV conversion: HG02613.acmg: started
TSV conversion: HG02613.acmg: finished
RMLStreamer: HG02613.acmg: started
  RMLStreamer: HG02613.acmg: rmlstreamer started — 0 B · 0 parts
  RMLStreamer: HG02613.acmg: rmlstreamer heartbeat — 0 B · 0 parts
  RMLStreamer: HG02613.acmg: rmlstreamer heartbeat — 1.02 KB · 8 parts
  RMLStreamer: HG02613.acmg: rmlstreamer heartbeat — 8.93 MB · 8 parts
  RMLStreamer: HG02613.acmg: rmlstreamer heartbeat — 12.61 MB · 8 parts
  RMLStreamer: HG02613.acmg: rmlstreamer complete — 12.61 MB · 8 parts
  RMLStreamer: HG02613.acmg: rdf-aggregate started — 0 parts
  RMLStreamer: HG02613.acmg: rdf-aggregate part — 1 parts
  RMLStreamer: HG02613.acmg: rdf-aggregate part — 2 parts
  RMLStreamer: HG02613.acmg: rdf-aggregate part — 3 parts
  RMLStreamer: HG02613.acmg: rdf-aggregate part — 4 parts
  RMLStreamer: HG02613.acmg: rdf-aggregate part — 5 parts
  RMLStreamer: HG02613.acmg: rdf-aggregate part — 6 parts
  RMLStreamer: HG02613.acmg: rdf-aggregate part — 7 parts
  RMLStreamer: HG02613.acmg: rdf-aggregate part — 8 parts
  RMLStreamer: HG02613.acmg: rdf-aggregate complete — 8 parts
RMLStreamer: HG02613.acmg: finished
Gzip: HG02613.acmg: started
Gzip: HG02613.acmg: finished
