TSV conversion: clinvar.acmg: started
TSV conversion: clinvar.acmg: finished
RMLStreamer: clinvar.acmg: started
  RMLStreamer: clinvar.acmg: rmlstreamer started — 0 B · 0 parts
  RMLStreamer: clinvar.acmg: rmlstreamer heartbeat — 0 B · 0 parts
  RMLStreamer: clinvar.acmg: rmlstreamer heartbeat — 9.78 MB · 8 parts
  RMLStreamer: clinvar.acmg: rmlstreamer heartbeat — 27.46 MB · 8 parts
  RMLStreamer: clinvar.acmg: rmlstreamer heartbeat — 62.94 MB · 8 parts
  RMLStreamer: clinvar.acmg: rmlstreamer heartbeat — 100.78 MB · 8 parts
  RMLStreamer: clinvar.acmg: rmlstreamer heartbeat — 143.63 MB · 8 parts
  RMLStreamer: clinvar.acmg: rmlstreamer heartbeat — 183.73 MB · 8 parts
  RMLStreamer: clinvar.acmg: rmlstreamer heartbeat — 220.33 MB · 8 parts
  RMLStreamer: clinvar.acmg: rmlstreamer heartbeat — 258.22 MB · 8 parts
  RMLStreamer: clinvar.acmg: rmlstreamer heartbeat — 293.06 MB · 8 parts
  RMLStreamer: clinvar.acmg: rmlstreamer heartbeat — 301.66 MB · 8 parts
  RMLStreamer: clinvar.acmg: rmlstreamer complete — 301.66 MB · 8 parts
  RMLStreamer: clinvar.acmg: rdf-aggregate started — 0 parts
  RMLStreamer: clinvar.acmg: rdf-aggregate part — 1 parts
  RMLStreamer: clinvar.acmg: rdf-aggregate part — 2 parts
  RMLStreamer: clinvar.acmg: rdf-aggregate part — 3 parts
  RMLStreamer: clinvar.acmg: rdf-aggregate part — 4 parts
  RMLStreamer: clinvar.acmg: rdf-aggregate part — 5 parts
  RMLStreamer: clinvar.acmg: rdf-aggregate part — 6 parts
  RMLStreamer: clinvar.acmg: rdf-aggregate part — 7 parts
  RMLStreamer: clinvar.acmg: rdf-aggregate part — 8 parts
  RMLStreamer: clinvar.acmg: rdf-aggregate complete — 8 parts
RMLStreamer: clinvar.acmg: finished
