Step 1/5: Validating inputs ✅
  Metrics: /home/ubuntu/vcf-rdfizer-testing/benchmarks_outputs/10_feasibility/defaults__31g/out/run_metrics/HG005_GRCh38_r1000000__20260924T044606
  Detailed logs: /home/ubuntu/vcf-rdfizer-testing/benchmarks_outputs/10_feasibility/defaults__31g/out/run_metrics/HG005_GRCh38_r1000000__20260924T044606/logs/wrapper.log
  Progress log: /home/ubuntu/vcf-rdfizer-testing/benchmarks_outputs/10_feasibility/defaults__31g/out/run_metrics/HG005_GRCh38_r1000000__20260924T044606/logs/progress.log
Step 2/5: Ensuring Docker image is available ✅
Step 3/5: Processing per-input pipeline (TSV -> RDF -> compression)
  Spark partition hint: 8
  Sample representation: expanded
  INFO representation: structured
  Header representation: structured
  - Input 1/1: HG005_GRCh38_r1000000.vcf.gz
    * TSV conversion ✅
    * VCF version: VCFv4.2 (detected)
    * RDF conversion ✅
    * Streaming expanded multi-sample RDF (no expanded helper TSVs)
    * Sample RDF streaming: 10,000 variants, 10,000 calls
    * Sample RDF streaming: 20,000 variants, 20,000 calls
    * Sample RDF streaming: 30,000 variants, 30,000 calls
    * Sample RDF streaming: 40,000 variants, 40,000 calls
    * Sample RDF streaming: 50,000 variants, 50,000 calls
    * Sample RDF streaming: 60,000 variants, 60,000 calls
    * Sample RDF streaming: 70,000 variants, 70,000 calls
    * Sample RDF streaming: 80,000 variants, 80,000 calls
    * Sample RDF streaming: 90,000 variants, 90,000 calls
    * Sample RDF streaming: 100,000 variants, 100,000 calls
    * Sample RDF streaming: 110,000 variants, 110,000 calls
    * Sample RDF streaming: 120,000 variants, 120,000 calls
    * Sample RDF streaming: 130,000 variants, 130,000 calls
    * Sample RDF streaming: 140,000 variants, 140,000 calls
    * Sample RDF streaming: 150,000 variants, 150,000 calls
    * Sample RDF streaming: 160,000 variants, 160,000 calls
    * Sample RDF streaming: 170,000 variants, 170,000 calls
    * Sample RDF streaming: 180,000 variants, 180,000 calls
    * Sample RDF streaming: 190,000 variants, 190,000 calls
    * Sample RDF streaming: 200,000 variants, 200,000 calls
    * Sample RDF streaming: 210,000 variants, 210,000 calls
    * Sample RDF streaming: 220,000 variants, 220,000 calls
    * Sample RDF streaming: 230,000 variants, 230,000 calls
    * Sample RDF streaming: 240,000 variants, 240,000 calls
    * Sample RDF streaming: 250,000 variants, 250,000 calls
    * Sample RDF streaming: 260,000 variants, 260,000 calls
    * Sample RDF streaming: 270,000 variants, 270,000 calls
    * Sample RDF streaming: 280,000 variants, 280,000 calls
    * Sample RDF streaming: 290,000 variants, 290,000 calls
    * Sample RDF streaming: 300,000 variants, 300,000 calls
    * Sample RDF streaming: 310,000 variants, 310,000 calls
    * Sample RDF streaming: 320,000 variants, 320,000 calls
    * Sample RDF streaming: 330,000 variants, 330,000 calls
    * Sample RDF streaming: 340,000 variants, 340,000 calls
    * Sample RDF streaming: 350,000 variants, 350,000 calls
    * Sample RDF streaming: 360,000 variants, 360,000 calls
    * Sample RDF streaming: 370,000 variants, 370,000 calls
    * Sample RDF streaming: 380,000 variants, 380,000 calls
    * Sample RDF streaming: 390,000 variants, 390,000 calls
    * Sample RDF streaming: 400,000 variants, 400,000 calls
    * Sample RDF streaming: 410,000 variants, 410,000 calls
    * Sample RDF streaming: 420,000 variants, 420,000 calls
    * Sample RDF streaming: 430,000 variants, 430,000 calls
    * Sample RDF streaming: 440,000 variants, 440,000 calls
    * Sample RDF streaming: 450,000 variants, 450,000 calls
    * Sample RDF streaming: 460,000 variants, 460,000 calls
    * Sample RDF streaming: 470,000 variants, 470,000 calls
    * Sample RDF streaming: 480,000 variants, 480,000 calls
    * Sample RDF streaming: 490,000 variants, 490,000 calls
    * Sample RDF streaming: 500,000 variants, 500,000 calls
    * Sample RDF streaming: 510,000 variants, 510,000 calls
    * Sample RDF streaming: 520,000 variants, 520,000 calls
    * Sample RDF streaming: 530,000 variants, 530,000 calls
    * Sample RDF streaming: 540,000 variants, 540,000 calls
    * Sample RDF streaming: 550,000 variants, 550,000 calls
    * Sample RDF streaming: 560,000 variants, 560,000 calls
    * Sample RDF streaming: 570,000 variants, 570,000 calls
    * Sample RDF streaming: 580,000 variants, 580,000 calls
    * Sample RDF streaming: 590,000 variants, 590,000 calls
    * Sample RDF streaming: 600,000 variants, 600,000 calls
    * Sample RDF streaming: 610,000 variants, 610,000 calls
    * Sample RDF streaming: 620,000 variants, 620,000 calls
    * Sample RDF streaming: 630,000 variants, 630,000 calls
    * Sample RDF streaming: 640,000 variants, 640,000 calls
    * Sample RDF streaming: 650,000 variants, 650,000 calls
    * Sample RDF streaming: 660,000 variants, 660,000 calls
    * Sample RDF streaming: 670,000 variants, 670,000 calls
    * Sample RDF streaming: 680,000 variants, 680,000 calls
    * Sample RDF streaming: 690,000 variants, 690,000 calls
    * Sample RDF streaming: 700,000 variants, 700,000 calls
    * Sample RDF streaming: 710,000 variants, 710,000 calls
    * Sample RDF streaming: 720,000 variants, 720,000 calls
    * Sample RDF streaming: 730,000 variants, 730,000 calls
    * Sample RDF streaming: 740,000 variants, 740,000 calls
    * Sample RDF streaming: 750,000 variants, 750,000 calls
    * Sample RDF streaming: 760,000 variants, 760,000 calls
    * Sample RDF streaming: 770,000 variants, 770,000 calls
    * Sample RDF streaming: 780,000 variants, 780,000 calls
    * Sample RDF streaming: 790,000 variants, 790,000 calls
    * Sample RDF streaming: 800,000 variants, 800,000 calls
    * Sample RDF streaming: 810,000 variants, 810,000 calls
    * Sample RDF streaming: 820,000 variants, 820,000 calls
    * Sample RDF streaming: 830,000 variants, 830,000 calls
    * Sample RDF streaming: 840,000 variants, 840,000 calls
    * Sample RDF streaming: 850,000 variants, 850,000 calls
    * Sample RDF streaming: 860,000 variants, 860,000 calls
    * Sample RDF streaming: 870,000 variants, 870,000 calls
    * Sample RDF streaming: 880,000 variants, 880,000 calls
    * Sample RDF streaming: 890,000 variants, 890,000 calls
    * Sample RDF streaming: 900,000 variants, 900,000 calls
    * Sample RDF streaming: 910,000 variants, 910,000 calls
    * Sample RDF streaming: 920,000 variants, 920,000 calls
    * Sample RDF streaming: 930,000 variants, 930,000 calls
    * Sample RDF streaming: 940,000 variants, 940,000 calls
    * Sample RDF streaming: 950,000 variants, 950,000 calls
    * Sample RDF streaming: 960,000 variants, 960,000 calls
    * Sample RDF streaming: 970,000 variants, 970,000 calls
    * Sample RDF streaming: 980,000 variants, 980,000 calls
    * Sample RDF streaming: 990,000 variants, 990,000 calls
    * Sample RDF streaming: 1,000,000 variants, 1,000,000 calls
    * Sample calls streamed: 1,000,000; FORMAT values: 7,000,000
    * Streaming structured header RDF
    * Header lines typed: 233; contigs: 195
    * Streaming QUAL and structured INFO RDF
    * INFO RDF streaming: 10,000 variants, 86,517 values
    * INFO RDF streaming: 20,000 variants, 172,611 values
    * INFO RDF streaming: 30,000 variants, 258,856 values
    * INFO RDF streaming: 40,000 variants, 344,574 values
    * INFO RDF streaming: 50,000 variants, 430,130 values
    * INFO RDF streaming: 60,000 variants, 516,011 values
    * INFO RDF streaming: 70,000 variants, 601,383 values
    * INFO RDF streaming: 80,000 variants, 686,378 values
    * INFO RDF streaming: 90,000 variants, 771,477 values
    * INFO RDF streaming: 100,000 variants, 856,210 values
    * INFO RDF streaming: 110,000 variants, 942,080 values
    * INFO RDF streaming: 120,000 variants, 1,027,310 values
    * INFO RDF streaming: 130,000 variants, 1,112,387 values
    * INFO RDF streaming: 140,000 variants, 1,197,627 values
    * INFO RDF streaming: 150,000 variants, 1,282,598 values
    * INFO RDF streaming: 160,000 variants, 1,368,396 values
    * INFO RDF streaming: 170,000 variants, 1,460,001 values
    * INFO RDF streaming: 180,000 variants, 1,545,622 values
    * INFO RDF streaming: 190,000 variants, 1,631,293 values
    * INFO RDF streaming: 200,000 variants, 1,716,392 values
    * INFO RDF streaming: 210,000 variants, 1,801,587 values
    * INFO RDF streaming: 220,000 variants, 1,886,650 values
    * INFO RDF streaming: 230,000 variants, 1,971,965 values
    * INFO RDF streaming: 240,000 variants, 2,058,340 values
    * INFO RDF streaming: 250,000 variants, 2,143,650 values
    * INFO RDF streaming: 260,000 variants, 2,228,870 values
    * INFO RDF streaming: 270,000 variants, 2,314,043 values
    * INFO RDF streaming: 280,000 variants, 2,400,162 values
    * INFO RDF streaming: 290,000 variants, 2,485,385 values
    * INFO RDF streaming: 300,000 variants, 2,571,179 values
    * INFO RDF streaming: 310,000 variants, 2,657,664 values
    * INFO RDF streaming: 320,000 variants, 2,744,228 values
    * INFO RDF streaming: 330,000 variants, 2,829,551 values
    * INFO RDF streaming: 340,000 variants, 2,914,772 values
    * INFO RDF streaming: 350,000 variants, 2,999,925 values
    * INFO RDF streaming: 360,000 variants, 3,084,968 values
    * INFO RDF streaming: 370,000 variants, 3,169,724 values
    * INFO RDF streaming: 380,000 variants, 3,254,817 values
    * INFO RDF streaming: 390,000 variants, 3,339,804 values
    * INFO RDF streaming: 400,000 variants, 3,424,872 values
    * INFO RDF streaming: 410,000 variants, 3,510,432 values
    * INFO RDF streaming: 420,000 variants, 3,596,256 values
    * INFO RDF streaming: 430,000 variants, 3,681,480 values
    * INFO RDF streaming: 440,000 variants, 3,769,592 values
    * INFO RDF streaming: 450,000 variants, 3,855,130 values
    * INFO RDF streaming: 460,000 variants, 3,942,392 values
    * INFO RDF streaming: 470,000 variants, 4,027,584 values
    * INFO RDF streaming: 480,000 variants, 4,112,831 values
    * INFO RDF streaming: 490,000 variants, 4,201,651 values
    * INFO RDF streaming: 500,000 variants, 4,286,898 values
    * INFO RDF streaming: 510,000 variants, 4,372,185 values
    * INFO RDF streaming: 520,000 variants, 4,457,475 values
    * INFO RDF streaming: 530,000 variants, 4,542,979 values
    * INFO RDF streaming: 540,000 variants, 4,628,275 values
    * INFO RDF streaming: 550,000 variants, 4,713,636 values
    * INFO RDF streaming: 560,000 variants, 4,798,501 values
    * INFO RDF streaming: 570,000 variants, 4,883,756 values
    * INFO RDF streaming: 580,000 variants, 4,969,172 values
    * INFO RDF streaming: 590,000 variants, 5,054,696 values
    * INFO RDF streaming: 600,000 variants, 5,139,876 values
    * INFO RDF streaming: 610,000 variants, 5,224,891 values
    * INFO RDF streaming: 620,000 variants, 5,310,167 values
    * INFO RDF streaming: 630,000 variants, 5,395,806 values
    * INFO RDF streaming: 640,000 variants, 5,481,399 values
    * INFO RDF streaming: 650,000 variants, 5,566,801 values
    * INFO RDF streaming: 660,000 variants, 5,652,370 values
    * INFO RDF streaming: 670,000 variants, 5,738,163 values
    * INFO RDF streaming: 680,000 variants, 5,823,160 values
    * INFO RDF streaming: 690,000 variants, 5,908,175 values
    * INFO RDF streaming: 700,000 variants, 5,993,842 values
    * INFO RDF streaming: 710,000 variants, 6,079,429 values
    * INFO RDF streaming: 720,000 variants, 6,164,760 values
    * INFO RDF streaming: 730,000 variants, 6,249,742 values
    * INFO RDF streaming: 740,000 variants, 6,334,686 values
    * INFO RDF streaming: 750,000 variants, 6,421,127 values
    * INFO RDF streaming: 760,000 variants, 6,506,276 values
    * INFO RDF streaming: 770,000 variants, 6,592,322 values
    * INFO RDF streaming: 780,000 variants, 6,678,176 values
    * INFO RDF streaming: 790,000 variants, 6,763,419 values
    * INFO RDF streaming: 800,000 variants, 6,848,757 values
    * INFO RDF streaming: 810,000 variants, 6,934,148 values
    * INFO RDF streaming: 820,000 variants, 7,020,551 values
    * INFO RDF streaming: 830,000 variants, 7,106,255 values
    * INFO RDF streaming: 840,000 variants, 7,191,525 values
    * INFO RDF streaming: 850,000 variants, 7,276,786 values
    * INFO RDF streaming: 860,000 variants, 7,362,291 values
    * INFO RDF streaming: 870,000 variants, 7,447,589 values
    * INFO RDF streaming: 880,000 variants, 7,532,988 values
    * INFO RDF streaming: 890,000 variants, 7,618,465 values
    * INFO RDF streaming: 900,000 variants, 7,703,823 values
    * INFO RDF streaming: 910,000 variants, 7,789,545 values
    * INFO RDF streaming: 920,000 variants, 7,877,035 values
    * INFO RDF streaming: 930,000 variants, 7,963,897 values
    * INFO RDF streaming: 940,000 variants, 8,049,451 values
    * INFO RDF streaming: 950,000 variants, 8,134,519 values
    * INFO RDF streaming: 960,000 variants, 8,219,681 values
    * INFO RDF streaming: 970,000 variants, 8,304,858 values
    * INFO RDF streaming: 980,000 variants, 8,390,359 values
    * INFO RDF streaming: 990,000 variants, 8,475,399 values
    * INFO RDF streaming: 1,000,000 variants, 8,561,212 values
    * QUAL values streamed: 1,000,000; INFO values: 8,561,212; declarations: 11
    * Triples produced: 170,935,101
    * Compression ✅
    * Output directory: /home/ubuntu/vcf-rdfizer-testing/benchmarks_outputs/10_feasibility/defaults__31g/out/HG005_GRCh38_r1000000
      - RDF aggregate: HG005_GRCh38_r1000000.nt.gz
      - RDF (.gz): 721.54 MB (removed after successful compression)
      - HDT (.hdt): 1.10 GB (/home/ubuntu/vcf-rdfizer-testing/benchmarks_outputs/10_feasibility/defaults__31g/out/HG005_GRCh38_r1000000/HG005_GRCh38_r1000000.hdt)
Total triples produced (full run): 170,935,101
Conversion process finished.
Run time (full mode): 1h 30m 25.4s
Timing log: /home/ubuntu/vcf-rdfizer-testing/benchmarks_outputs/10_feasibility/defaults__31g/out/run_metrics/HG005_GRCh38_r1000000__20260924T044606/wrapper_execution_times.csv
Metrics summary: /home/ubuntu/vcf-rdfizer-testing/benchmarks_outputs/10_feasibility/defaults__31g/out/run_metrics/HG005_GRCh38_r1000000__20260924T044606/summary.json
