TSV conversion: test-larger-multisample: started
TSV conversion: test-larger-multisample: finished
RMLStreamer: test-larger-multisample: started
  RMLStreamer: test-larger-multisample: rmlstreamer started — 0 B · 0 parts
  RMLStreamer: test-larger-multisample: rmlstreamer heartbeat — 0 B · 0 parts
  RMLStreamer: test-larger-multisample: rmlstreamer heartbeat — 24.73 KB · 8 parts
  RMLStreamer: test-larger-multisample: rmlstreamer heartbeat — 8.37 MB · 8 parts
  RMLStreamer: test-larger-multisample: rmlstreamer heartbeat — 11.36 MB · 8 parts
  RMLStreamer: test-larger-multisample: rmlstreamer complete — 11.36 MB · 8 parts
  RMLStreamer: test-larger-multisample: rdf-aggregate started — 0 parts
  RMLStreamer: test-larger-multisample: rdf-aggregate part — 1 parts
  RMLStreamer: test-larger-multisample: rdf-aggregate part — 2 parts
  RMLStreamer: test-larger-multisample: rdf-aggregate part — 3 parts
  RMLStreamer: test-larger-multisample: rdf-aggregate part — 4 parts
  RMLStreamer: test-larger-multisample: rdf-aggregate part — 5 parts
  RMLStreamer: test-larger-multisample: rdf-aggregate part — 6 parts
  RMLStreamer: test-larger-multisample: rdf-aggregate part — 7 parts
  RMLStreamer: test-larger-multisample: rdf-aggregate part — 8 parts
  RMLStreamer: test-larger-multisample: rdf-aggregate complete — 8 parts
RMLStreamer: test-larger-multisample: finished
Partitioned compression: test-larger-multisample: started
  Partitioned compression: test-larger-multisample: rdf-scan started — 0 triples
  Partitioned compression: test-larger-multisample: rdf-scan heartbeat — 134,776 triples · 67,113,519 bytes read
  Partitioned compression: test-larger-multisample: rdf-scan heartbeat — 173,720 triples · 134,228,635 bytes read
  Partitioned compression: test-larger-multisample: rdf-scan heartbeat — 506,874 triples · 201,337,579 bytes read
  Partitioned compression: test-larger-multisample: rdf-scan heartbeat — 941,251 triples · 268,446,539 bytes read
  Partitioned compression: test-larger-multisample: rdf-scan heartbeat — 1,375,613 triples · 335,555,479 bytes read
  Partitioned compression: test-larger-multisample: rdf-scan chunk — 1,451,221 triples · 1 chunks · 347,236,811 bytes read
  Partitioned compression: test-larger-multisample: hdt-chunks started — 0 chunks · hdt-build-00000
  Partitioned compression: test-larger-multisample: hdt-chunks complete — 1 chunks · hdt-build-00000
  Partitioned compression: test-larger-multisample: rdf-scan complete — 1,451,221 triples · 1 chunks
  Partitioned compression: test-larger-multisample: hdt-chunks complete — 1 chunks
  Partitioned compression: test-larger-multisample: hdt started — hdt-index
  Partitioned compression: test-larger-multisample: hdt complete — hdt-index
  Partitioned compression: test-larger-multisample: hdt started — hdt-validate
  Partitioned compression: test-larger-multisample: hdt complete — hdt-validate
Partitioned compression: test-larger-multisample: finished
