
[2026-09-15T17:13:08] $ docker version
Client: Docker Engine - Community
 Version:           29.7.2
 API version:       1.55
 Go version:        go1.26.5
 Git commit:        a7dcaa6
 Built:             Wed Aug  5 18:28:53 2026
 OS/Arch:           linux/amd64
 Context:           default

Server: Docker Engine - Community
 Engine:
  Version:          29.7.2
  API version:      1.55 (minimum version 1.40)
  Go version:       go1.26.5
  Git commit:       6a43e3d
  Built:            Wed Aug  5 18:28:53 2026
  OS/Arch:          linux/amd64
  Experimental:     false
 containerd:
  Version:          v2.3.3
  GitCommit:        aad11006b869517fcd3009450b6f82da282e1a9b
 runc:
  Version:          1.4.3
  GitCommit:        v1.4.3-0-gbb14dabe
 docker-init:
  Version:          0.19.0
  GitCommit:        de40ad0
[exit 0]

[2026-09-15T17:13:08] $ docker image inspect vcf-rdfizer:local-a3679e1
[
    {
        "Id": "sha256:f0fb17f6a04f896400add92f5a3cc545674d0eeef59401a49f9da2548ca13eef",
        "RepoTags": [
            "vcf-rdfizer:local-a3679e1"
        ],
        "RepoDigests": [
            "vcf-rdfizer@sha256:f0fb17f6a04f896400add92f5a3cc545674d0eeef59401a49f9da2548ca13eef"
        ],
        "Comment": "buildkit.dockerfile.v0",
        "Created": "2026-09-15T11:13:46.041210924+02:00",
        "Config": {
            "Env": [
                "PATH=/opt/java/openjdk/bin:/usr/local/sbin:/usr/local/bin:/usr/sbin:/usr/bin:/sbin:/bin",
                "JAVA_HOME=/opt/java/openjdk",
                "LANG=en_US.UTF-8",
                "LANGUAGE=en_US:en",
                "LC_ALL=en_US.UTF-8",
                "JAVA_VERSION=jdk-11.0.32+9",
                "RMLSTREAMER_JAR=/opt/rmlstreamer/RMLStreamer-v2.5.0-standalone.jar",
                "JAR=/opt/rmlstreamer/RMLStreamer-v2.5.0-standalone.jar",
                "HDTC_BIN=/usr/local/bin/hdtc",
                "HDT_INDEX_MEMORY_LIMIT=512M",
                "HDT_MERGE_MEMORY_LIMIT=512M",
                "COTTAS_MERGE_BATCH_ROWS=2048",
                "RDF2HDT_BIN=/usr/local/bin/rdf2hdt",
                "HDT2RDF_BIN=/usr/local/bin/hdt2rdf",
                "COTTAS_PYTHON_BIN=/opt/pycottas-venv/bin/python",
                "QLEVER_INDEX_BUILDER_BIN=/opt/qlever/bin/qlever-index",
                "QLEVER_SERVER_BIN=/opt/qlever/bin/qlever-server",
                "LD_LIBRARY_PATH=/usr/local/lib"
            ],
            "Entrypoint": [
                "/__cacert_entrypoint.sh"
            ],
            "WorkingDir": "/work",
            "Labels": {
                "org.opencontainers.image.created": "2026-09-01T20:37:00.369571+00:00",
                "org.opencontainers.image.description": "The Ubuntu container image maintained by Canonical\n\nUbuntu is a Debian-based Linux operating system that runs from the desktop to the cloud, to all your internet connected things.\nIt is the world's most popular operating system across public clouds and OpenStack clouds.\nIt is the number one platform for containers; from Docker to Kubernetes to LXD, Ubuntu can run your containers at scale.\nFast, secure and simple, Ubuntu powers millions of PCs worldwide.\n",
                "org.opencontainers.image.title": "ubuntu",
                "org.opencontainers.image.version": "26.04"
            }
        },
        "Architecture": "amd64",
        "Os": "linux",
        "Size": 718239819,
        "RootFS": {
            "Type": "layers",
            "Layers": [
                "sha256:4a6e4a6c5956212bf74c556250eb0028096f13d74501e43af51a1dbed8d69749",
                "sha256:4f41b99e67b8aeaedacb31ca888054a4b877577371f0bbe01196e136d2793635",
                "sha256:0e285b78ab95a51c4387d9539983134c8f77a8f3edf2bdccfe5bd38d77c45542",
                "sha256:3209850cea34b64af802eaa30d1b486ad4e608a8ad737b1dacbb77d9c7f2f2c6",
                "sha256:33467da9efead533d62612ce3ba4ad8d61f3f99aec1147ed81096762b4e8972b",
                "sha256:a0b95b55c538a70e4298e93042b25ea183b691347ad319ada23de032c63d1265",
                "sha256:e1dddc1d8ea8d9e7049c887c3d37805c9fbe45aba65ad103b33ce1b5bde9cb9b",
                "sha256:b69aca5d602a94b76f5af09f62f28123737eadbd2be48550a67401983be9dc0d",
                "sha256:331506bda88fca174453ca9f5c723a61a8cb19eb360cc1a46b4cca2c392d6867",
                "sha256:efab45a3d7d46a0bd40dca8583074c36334a2b55a0d54cea59982b7c8974f78b",
                "sha256:8feae9218f08e5eb5a8198ef71e5e5557d1d8903c6b6bfabbb58afc99f6b2e7c",
                "sha256:9ab39df5d8ed93dcadc9399d97388b7fecc9937326022817ac6505fa7d2f9f69",
                "sha256:c1ffc953a085c4a3d2ebc4d2df603876427e1d3affc13d54c849b7d190b68512",
                "sha256:6f5c1899458681c81b4c084555815227b8946aa03e07d2d7b43ae03c79475005",
                "sha256:c5dacad15f6f4cba4d0322437513efaa56be0ba6d9f09441583409c84aea54c9",
                "sha256:9083830ba63a31d8ded8083cedd913503499b0474fb4d8bc98c3cb559013d77f",
                "sha256:f754ef2f345070a297965a52faa44c28770d22feca4795a1b04fd6e38f476a07",
                "sha256:8724ab9c5b45cac4648232d1a320536dc8683c0b7aea7796f9415c308e026654",
                "sha256:bfd6476242284413a6126ab296cad34b1dfa27e5bda1002f307d593ae2ef3104",
                "sha256:1d0bad36bb6524d147da38f51df27701d23bdd27f4764c7ed59ccab8b7d1828a",
                "sha256:f28a74ae0c899eb78d4c2758d8be7e8fa3f8e720a7a762daa68e45cb3f3f72ca",
                "sha256:53449b166ba92f561eb9d98e40697e8d00a65cd42cc185370756db79e66ab6e8",
                "sha256:341850065e3fc88cd58c2db90f00fc1a129b04717e47f9e1d2e24da99598b169",
                "sha256:cf279736c497fd93612c55689dd8f93efda8ada726424e9ea41ddfedb1a368d4",
                "sha256:7b7d51f9a5bb58cbc687f299a2a3928bae15f251741ca7cdfabca15fbd632147",
                "sha256:28632defe03f374d039251a258af6f7b6e11bcefb15be890d44f8cced5c593a7",
                "sha256:42cb9437b83af7ba5f6782c8d3ecb26da9fcbdad646c179bb6528d1afc3fbb80",
                "sha256:60faff3857b0b4dc77baedb3d9223ea3e477d892bbb82dd18505f2a2c8e541c9",
                "sha256:5f70bf18a086007016e948b04aed3b82103a36bea41755b6cddfaf10ace3c6ef"
            ]
        },
        "Metadata": {
            "LastTagTime": "2026-09-15T11:52:36.65799554Z"
        },
        "Descriptor": {
            "mediaType": "application/vnd.oci.image.index.v1+json",
            "digest": "sha256:f0fb17f6a04f896400add92f5a3cc545674d0eeef59401a49f9da2548ca13eef",
            "size": 856
        },
        "Identity": {
            "Build": [
                {
                    "Ref": "b78vqupkuz8xawb7e0wvi85aj",
                    "CreatedAt": "2026-09-15T13:52:36.678326812+02:00"
                }
            ]
        }
    }
]
[exit 0]

[2026-09-15T17:13:09] $ docker run --rm --label vcf-rdfizer.run=20260915T171308-1018559 --user 1000:1000 -v /home/ubuntu/vcf-rdfizer-testing/benchmarks/fixtures:/data/in:ro -v /home/ubuntu/vcf-rdfizer-testing/benchmarks_outputs/09_awkward_inputs/awkward_sites_only/out/.intermediate/tsv:/data/tsv -v /home/ubuntu/vcf-rdfizer-testing/benchmarks_outputs/09_awkward_inputs/awkward_sites_only/out/run_metrics/awkward_sites_only__20260915T171308:/data/metrics vcf-rdfizer:local-a3679e1 bash -lc 'set -euo pipefail; rm -f /data/metrics/timings/tsv/awkward_sites_only.txt; if [[ -x /usr/bin/time ]] && /usr/bin/time --version >/dev/null 2>&1; then /usr/bin/time -v -o /data/metrics/timings/tsv/awkward_sites_only.txt -- bash /opt/vcf-rdfizer/vcf_as_tsv.sh /data/in/awkward_sites_only.vcf /data/tsv; else { time -p bash /opt/vcf-rdfizer/vcf_as_tsv.sh /data/in/awkward_sites_only.vcf /data/tsv; } > /data/metrics/timings/tsv/awkward_sites_only.txt 2>&1; fi'
✅ Wrote: /data/tsv/awkward_sites_only.records.tsv
✅ Wrote: /data/tsv/awkward_sites_only.header_lines.tsv
✅ Wrote: /data/tsv/awkward_sites_only.file_metadata.tsv
[exit 0]

[2026-09-15T17:13:09] $ docker run --rm --label vcf-rdfizer.run=20260915T171308-1018559 --user 1000:1000 -v /home/ubuntu/vcf-rdfizer-testing/benchmarks/fixtures:/data/in:ro -v /home/ubuntu/vcf-rdfizer-testing/benchmarks_outputs/09_awkward_inputs/awkward_sites_only/out/run_metrics/awkward_sites_only__20260915T171308/_generated_rules:/data/rules:ro -v /home/ubuntu/vcf-rdfizer-testing/benchmarks_outputs/09_awkward_inputs/awkward_sites_only/out/.intermediate/tsv:/data/tsv:ro -v /home/ubuntu/vcf-rdfizer-testing/benchmarks_outputs/09_awkward_inputs/awkward_sites_only/out:/data/out -v /home/ubuntu/vcf-rdfizer-testing/benchmarks_outputs/09_awkward_inputs/awkward_sites_only/out/run_metrics/awkward_sites_only__20260915T171308:/data/metrics -w /data/rules -e JAR=/opt/rmlstreamer/RMLStreamer-v2.5.0-standalone.jar -e IN=/data/rules/awkward_sites_only.rules.ttl -e OUT_DIR=/data/out -e OUT_NAME=awkward_sites_only -e RDF_STORAGE_MODE=space-optimized -e SPARK_PARTITIONS=8 -e RUN_ID=20260915T171308 -e TIMESTAMP=2026-09-15T17:13:08 -e TSV_EXIT_CODE=0 -e TSV_WALL_SECONDS=0.500795 -e TSV_USER_SECONDS=0.000000 -e TSV_SYS_SECONDS=0.010000 -e TSV_MAX_RSS_KB=7680 -e TSV_OUTPUT_SIZE_BYTES=1338 -e 'TSV_OUTPUT_PATH=/data/tsv/awkward_sites_only.records.tsv|/data/tsv/awkward_sites_only.header_lines.tsv|/data/tsv/awkward_sites_only.file_metadata.tsv' -e IN_VCF=/data/in/awkward_sites_only.vcf -e LOGDIR=/data/metrics -e PROGRESS_FILE=/data/metrics/.progress/rmlstreamer-awkward_sites_only.jsonl vcf-rdfizer:local-a3679e1 bash /opt/vcf-rdfizer/run_conversion.sh
15:13:10,150 INFO  io.rml.framework.Main$                                        - Mapping file: /data/rules/awkward_sites_only.rules.ttl
Job name: RMLStreamer
Base IRI: /
Parallelise over local task slots: true
Maximum parallelism: None
Post processor: None
Checkpoint interval: /
Auto Watermark interval: 50
Output method: File
Output file: /data/out/awkward_sites_only/.rmlstreamer-parts-awkward_sites_only-1
Kafka broker list: /
Kafka topic: /
Kafka topic partition id: /
Output TCP socket: /
Function description locations: None
Discard output: false
15:13:10,644 WARN  io.rml.framework.core.model.csvw.CSVWDialect                  - Only csvw:delimiter is supported, other dialect options will be ignored!
15:13:10,650 WARN  io.rml.framework.core.model.csvw.CSVWDialect                  - Only csvw:delimiter is supported, other dialect options will be ignored!
15:13:10,652 WARN  io.rml.framework.core.model.csvw.CSVWDialect                  - Only csvw:delimiter is supported, other dialect options will be ignored!
15:13:10,653 WARN  io.rml.framework.core.model.csvw.CSVWDialect                  - Only csvw:delimiter is supported, other dialect options will be ignored!
15:13:10,654 WARN  io.rml.framework.core.model.csvw.CSVWDialect                  - Only csvw:delimiter is supported, other dialect options will be ignored!
15:13:10,655 WARN  io.rml.framework.core.model.csvw.CSVWDialect                  - Only csvw:delimiter is supported, other dialect options will be ignored!
15:13:10,656 WARN  io.rml.framework.core.model.csvw.CSVWDialect                  - Only csvw:delimiter is supported, other dialect options will be ignored!
15:13:10,658 WARN  io.rml.framework.core.model.csvw.CSVWDialect                  - Only csvw:delimiter is supported, other dialect options will be ignored!
15:13:10,659 WARN  io.rml.framework.core.model.csvw.CSVWDialect                  - Only csvw:delimiter is supported, other dialect options will be ignored!
15:13:10,660 WARN  io.rml.framework.core.model.csvw.CSVWDialect                  - Only csvw:delimiter is supported, other dialect options will be ignored!
15:13:10,660 WARN  io.rml.framework.core.model.csvw.CSVWDialect                  - Only csvw:delimiter is supported, other dialect options will be ignored!
15:13:10,661 WARN  io.rml.framework.core.model.csvw.CSVWDialect                  - Only csvw:delimiter is supported, other dialect options will be ignored!
Number of standard stream triple maps: 12
Total extracted std triple maps: 12
Number of standard stream triple maps: 0
Total extracted std triple maps: 0
15:13:10,728 INFO  io.rml.framework.Main$                                        - Dataset Job Found.
15:13:10,772 INFO  io.rml.framework.Main$                                        - 2 Triple Maps are found.
15:13:10,781 INFO  io.rml.framework.Main$                                        - 3 Triple Maps are found.
15:13:10,782 INFO  io.rml.framework.Main$                                        - 3 Triple Maps are found.
15:13:10,783 INFO  io.rml.framework.Main$                                        - 2 Triple Maps are found.
15:13:10,784 INFO  io.rml.framework.Main$                                        - 2 Triple Maps are found.
15:13:14,222 WARN  org.apache.flink.runtime.webmonitor.WebMonitorUtils           - Log file environment variable 'log.file' is not set.
15:13:14,222 WARN  org.apache.flink.runtime.webmonitor.WebMonitorUtils           - JobManager log files are unavailable in the web dashboard. Log file location not found in environment variable 'log.file' or configuration key 'web.log.path'.
15:13:14,888 WARN  org.apache.flink.metrics.MetricGroup                          - The operator name DataSource (at org.apache.flink.api.scala.ExecutionEnvironment.createInput(ExecutionEnvironment.scala:360) (io.rml.framework.flink.source.CSVInputFormat)) exceeded the 80 characters length limit and was truncated.
15:13:14,898 WARN  org.apache.flink.metrics.MetricGroup                          - The operator name DataSource (at org.apache.flink.api.scala.ExecutionEnvironment.createInput(ExecutionEnvironment.scala:360) (io.rml.framework.flink.source.CSVInputFormat)) exceeded the 80 characters length limit and was truncated.
15:13:14,894 WARN  org.apache.flink.metrics.MetricGroup                          - The operator name DataSource (at org.apache.flink.api.scala.ExecutionEnvironment.createInput(ExecutionEnvironment.scala:360) (io.rml.framework.flink.source.CSVInputFormat)) exceeded the 80 characters length limit and was truncated.
15:13:14,884 WARN  org.apache.flink.metrics.MetricGroup                          - The operator name DataSource (at org.apache.flink.api.scala.ExecutionEnvironment.createInput(ExecutionEnvironment.scala:360) (io.rml.framework.flink.source.CSVInputFormat)) exceeded the 80 characters length limit and was truncated.
15:13:14,890 WARN  org.apache.flink.metrics.MetricGroup                          - The operator name DataSource (at org.apache.flink.api.scala.ExecutionEnvironment.createInput(ExecutionEnvironment.scala:360) (io.rml.framework.flink.source.CSVInputFormat)) exceeded the 80 characters length limit and was truncated.
15:13:14,889 WARN  org.apache.flink.metrics.MetricGroup                          - The operator name DataSource (at org.apache.flink.api.scala.ExecutionEnvironment.createInput(ExecutionEnvironment.scala:360) (io.rml.framework.flink.source.CSVInputFormat)) exceeded the 80 characters length limit and was truncated.
15:13:14,885 WARN  org.apache.flink.metrics.MetricGroup                          - The operator name DataSource (at org.apache.flink.api.scala.ExecutionEnvironment.createInput(ExecutionEnvironment.scala:360) (io.rml.framework.flink.source.CSVInputFormat)) exceeded the 80 characters length limit and was truncated.
15:13:14,884 WARN  org.apache.flink.metrics.MetricGroup                          - The operator name DataSource (at org.apache.flink.api.scala.ExecutionEnvironment.createInput(ExecutionEnvironment.scala:360) (io.rml.framework.flink.source.CSVInputFormat)) exceeded the 80 characters length limit and was truncated.
15:13:14,884 WARN  org.apache.flink.metrics.MetricGroup                          - The operator name DataSource (at org.apache.flink.api.scala.ExecutionEnvironment.createInput(ExecutionEnvironment.scala:360) (io.rml.framework.flink.source.CSVInputFormat)) exceeded the 80 characters length limit and was truncated.
15:13:14,899 WARN  org.apache.flink.metrics.MetricGroup                          - The operator name DataSource (at org.apache.flink.api.scala.ExecutionEnvironment.createInput(ExecutionEnvironment.scala:360) (io.rml.framework.flink.source.CSVInputFormat)) exceeded the 80 characters length limit and was truncated.
15:13:14,933 WARN  org.apache.flink.metrics.MetricGroup                          - The operator name DataSource (at org.apache.flink.api.scala.ExecutionEnvironment.createInput(ExecutionEnvironment.scala:360) (io.rml.framework.flink.source.CSVInputFormat)) exceeded the 80 characters length limit and was truncated.
15:13:14,933 WARN  org.apache.flink.metrics.MetricGroup                          - The operator name DataSource (at org.apache.flink.api.scala.ExecutionEnvironment.createInput(ExecutionEnvironment.scala:360) (io.rml.framework.flink.source.CSVInputFormat)) exceeded the 80 characters length limit and was truncated.
15:13:14,971 WARN  org.apache.flink.metrics.MetricGroup                          - The operator name DataSource (at org.apache.flink.api.scala.ExecutionEnvironment.createInput(ExecutionEnvironment.scala:360) (io.rml.framework.flink.source.CSVInputFormat)) exceeded the 80 characters length limit and was truncated.
15:13:14,977 WARN  org.apache.flink.metrics.MetricGroup                          - The operator name DataSource (at org.apache.flink.api.scala.ExecutionEnvironment.createInput(ExecutionEnvironment.scala:360) (io.rml.framework.flink.source.CSVInputFormat)) exceeded the 80 characters length limit and was truncated.
15:13:14,974 WARN  org.apache.flink.metrics.MetricGroup                          - The operator name DataSource (at org.apache.flink.api.scala.ExecutionEnvironment.createInput(ExecutionEnvironment.scala:360) (io.rml.framework.flink.source.CSVInputFormat)) exceeded the 80 characters length limit and was truncated.
15:13:15,031 WARN  org.apache.flink.metrics.MetricGroup                          - The operator name DataSource (at org.apache.flink.api.scala.ExecutionEnvironment.createInput(ExecutionEnvironment.scala:360) (io.rml.framework.flink.source.CSVInputFormat)) exceeded the 80 characters length limit and was truncated.
15:13:15,035 WARN  org.apache.flink.metrics.MetricGroup                          - The operator name DataSource (at org.apache.flink.api.scala.ExecutionEnvironment.createInput(ExecutionEnvironment.scala:360) (io.rml.framework.flink.source.CSVInputFormat)) exceeded the 80 characters length limit and was truncated.
15:13:15,037 WARN  org.apache.flink.metrics.MetricGroup                          - The operator name DataSource (at org.apache.flink.api.scala.ExecutionEnvironment.createInput(ExecutionEnvironment.scala:360) (io.rml.framework.flink.source.CSVInputFormat)) exceeded the 80 characters length limit and was truncated.
15:13:15,039 WARN  org.apache.flink.metrics.MetricGroup                          - The operator name DataSource (at org.apache.flink.api.scala.ExecutionEnvironment.createInput(ExecutionEnvironment.scala:360) (io.rml.framework.flink.source.CSVInputFormat)) exceeded the 80 characters length limit and was truncated.
15:13:15,040 WARN  org.apache.flink.metrics.MetricGroup                          - The operator name DataSource (at org.apache.flink.api.scala.ExecutionEnvironment.createInput(ExecutionEnvironment.scala:360) (io.rml.framework.flink.source.CSVInputFormat)) exceeded the 80 characters length limit and was truncated.
15:13:15,051 WARN  org.apache.flink.metrics.MetricGroup                          - The operator name DataSource (at org.apache.flink.api.scala.ExecutionEnvironment.createInput(ExecutionEnvironment.scala:360) (io.rml.framework.flink.source.CSVInputFormat)) exceeded the 80 characters length limit and was truncated.
15:13:15,051 WARN  org.apache.flink.metrics.MetricGroup                          - The operator name DataSource (at org.apache.flink.api.scala.ExecutionEnvironment.createInput(ExecutionEnvironment.scala:360) (io.rml.framework.flink.source.CSVInputFormat)) exceeded the 80 characters length limit and was truncated.
15:13:15,133 WARN  org.apache.flink.metrics.MetricGroup                          - The operator name DataSource (at org.apache.flink.api.scala.ExecutionEnvironment.createInput(ExecutionEnvironment.scala:360) (io.rml.framework.flink.source.CSVInputFormat)) exceeded the 80 characters length limit and was truncated.
15:13:15,129 WARN  org.apache.flink.metrics.MetricGroup                          - The operator name DataSource (at org.apache.flink.api.scala.ExecutionEnvironment.createInput(ExecutionEnvironment.scala:360) (io.rml.framework.flink.source.CSVInputFormat)) exceeded the 80 characters length limit and was truncated.
15:13:15,128 WARN  org.apache.flink.metrics.MetricGroup                          - The operator name DataSource (at org.apache.flink.api.scala.ExecutionEnvironment.createInput(ExecutionEnvironment.scala:360) (io.rml.framework.flink.source.CSVInputFormat)) exceeded the 80 characters length limit and was truncated.
15:13:15,100 WARN  org.apache.flink.metrics.MetricGroup                          - The operator name DataSource (at org.apache.flink.api.scala.ExecutionEnvironment.createInput(ExecutionEnvironment.scala:360) (io.rml.framework.flink.source.CSVInputFormat)) exceeded the 80 characters length limit and was truncated.
15:13:15,081 WARN  org.apache.flink.metrics.MetricGroup                          - The operator name DataSource (at org.apache.flink.api.scala.ExecutionEnvironment.createInput(ExecutionEnvironment.scala:360) (io.rml.framework.flink.source.CSVInputFormat)) exceeded the 80 characters length limit and was truncated.
15:13:15,081 WARN  org.apache.flink.metrics.MetricGroup                          - The operator name DataSource (at org.apache.flink.api.scala.ExecutionEnvironment.createInput(ExecutionEnvironment.scala:360) (io.rml.framework.flink.source.CSVInputFormat)) exceeded the 80 characters length limit and was truncated.
15:13:15,143 WARN  org.apache.flink.metrics.MetricGroup                          - The operator name DataSource (at org.apache.flink.api.scala.ExecutionEnvironment.createInput(ExecutionEnvironment.scala:360) (io.rml.framework.flink.source.CSVInputFormat)) exceeded the 80 characters length limit and was truncated.
15:13:15,168 WARN  org.apache.flink.metrics.MetricGroup                          - The operator name DataSource (at org.apache.flink.api.scala.ExecutionEnvironment.createInput(ExecutionEnvironment.scala:360) (io.rml.framework.flink.source.CSVInputFormat)) exceeded the 80 characters length limit and was truncated.
15:13:15,207 WARN  org.apache.flink.metrics.MetricGroup                          - The operator name DataSource (at org.apache.flink.api.scala.ExecutionEnvironment.createInput(ExecutionEnvironment.scala:360) (io.rml.framework.flink.source.CSVInputFormat)) exceeded the 80 characters length limit and was truncated.
15:13:15,209 WARN  org.apache.flink.metrics.MetricGroup                          - The operator name DataSource (at org.apache.flink.api.scala.ExecutionEnvironment.createInput(ExecutionEnvironment.scala:360) (io.rml.framework.flink.source.CSVInputFormat)) exceeded the 80 characters length limit and was truncated.
15:13:15,211 WARN  org.apache.flink.metrics.MetricGroup                          - The operator name DataSource (at org.apache.flink.api.scala.ExecutionEnvironment.createInput(ExecutionEnvironment.scala:360) (io.rml.framework.flink.source.CSVInputFormat)) exceeded the 80 characters length limit and was truncated.
15:13:15,212 WARN  org.apache.flink.metrics.MetricGroup                          - The operator name DataSource (at org.apache.flink.api.scala.ExecutionEnvironment.createInput(ExecutionEnvironment.scala:360) (io.rml.framework.flink.source.CSVInputFormat)) exceeded the 80 characters length limit and was truncated.
15:13:15,220 WARN  org.apache.flink.metrics.MetricGroup                          - The operator name DataSource (at org.apache.flink.api.scala.ExecutionEnvironment.createInput(ExecutionEnvironment.scala:360) (io.rml.framework.flink.source.CSVInputFormat)) exceeded the 80 characters length limit and was truncated.
15:13:15,239 WARN  org.apache.flink.metrics.MetricGroup                          - The operator name DataSource (at org.apache.flink.api.scala.ExecutionEnvironment.createInput(ExecutionEnvironment.scala:360) (io.rml.framework.flink.source.CSVInputFormat)) exceeded the 80 characters length limit and was truncated.
15:13:15,244 WARN  org.apache.flink.metrics.MetricGroup                          - The operator name DataSource (at org.apache.flink.api.scala.ExecutionEnvironment.createInput(ExecutionEnvironment.scala:360) (io.rml.framework.flink.source.CSVInputFormat)) exceeded the 80 characters length limit and was truncated.
15:13:15,246 WARN  org.apache.flink.metrics.MetricGroup                          - The operator name DataSource (at org.apache.flink.api.scala.ExecutionEnvironment.createInput(ExecutionEnvironment.scala:360) (io.rml.framework.flink.source.CSVInputFormat)) exceeded the 80 characters length limit and was truncated.
15:13:15,256 WARN  org.apache.flink.metrics.MetricGroup                          - The operator name DataSource (at org.apache.flink.api.scala.ExecutionEnvironment.createInput(ExecutionEnvironment.scala:360) (io.rml.framework.flink.source.CSVInputFormat)) exceeded the 80 characters length limit and was truncated.
15:13:15,258 WARN  org.apache.flink.metrics.MetricGroup                          - The operator name DataSource (at org.apache.flink.api.scala.ExecutionEnvironment.createInput(ExecutionEnvironment.scala:360) (io.rml.framework.flink.source.CSVInputFormat)) exceeded the 80 characters length limit and was truncated.
WARNING: skipping duplicate RDF part '/data/out/awkward_sites_only/.rmlstreamer-parts-awkward_sites_only-1/4.nt' (same content as '/data/out/awkward_sites_only/.rmlstreamer-parts-awkward_sites_only-1/3.nt').
WARNING: skipping duplicate RDF part '/data/out/awkward_sites_only/.rmlstreamer-parts-awkward_sites_only-1/5.nt' (same content as '/data/out/awkward_sites_only/.rmlstreamer-parts-awkward_sites_only-1/3.nt').
WARNING: metrics header mismatch; backed up to /data/metrics/metrics_csv_bak_20260915T171308.csv and creating new metrics file.
Done.
JSON: /data/metrics/stages/conversion/awkward_sites_only.json
CSV:  /data/metrics/metrics.csv
[exit 0]

[2026-09-15T17:13:22] $ docker volume create vcf-rdfizer-awkward_sites_only-1018559-1789485202551373103
vcf-rdfizer-awkward_sites_only-1018559-1789485202551373103
[exit 0]

[2026-09-15T17:13:22] $ docker run --rm --label vcf-rdfizer.run=20260915T171308-1018559 --mount type=volume,source=vcf-rdfizer-awkward_sites_only-1018559-1789485202551373103,target=/work vcf-rdfizer:local-a3679e1 bash -lc 'chmod 1777 /work'
[exit 0]

[2026-09-15T17:13:22] $ docker run --rm --label vcf-rdfizer.run=20260915T171308-1018559 --user 1000:1000 --mount type=volume,source=vcf-rdfizer-awkward_sites_only-1018559-1789485202551373103,target=/work -v /home/ubuntu/vcf-rdfizer-testing/benchmarks_outputs/09_awkward_inputs/awkward_sites_only/out/awkward_sites_only:/data/in:ro -v /home/ubuntu/vcf-rdfizer-testing/benchmarks_outputs/09_awkward_inputs/awkward_sites_only/out/awkward_sites_only:/data/out -v /home/ubuntu/vcf-rdfizer-testing/benchmarks_outputs/09_awkward_inputs/awkward_sites_only/out/run_metrics/awkward_sites_only__20260915T171308:/data/metrics vcf-rdfizer:local-a3679e1 python3 /opt/vcf-rdfizer/partitioned_compression.py --source /data/in/awkward_sites_only.nt.gz --output-dir /data/out --output-name awkward_sites_only --methods hdt --target-chunk-bytes 536870912 --min-chunk-bytes 134217728 --max-chunk-bytes 1073741824 --expected-triples 245 --result-path /data/out/.awkward_sites_only.partitioned-results.json --progress-path /data/metrics/.progress/partitioned-awkward_sites_only.jsonl --allow-index-failures
HDT index ready: /data/out/awkward_sites_only.hdt.index.v1-1
[exit 0]

[2026-09-15T17:13:23] $ docker volume rm -f vcf-rdfizer-awkward_sites_only-1018559-1789485202551373103
vcf-rdfizer-awkward_sites_only-1018559-1789485202551373103
[exit 0]

[2026-09-15T17:13:23] $ docker run --rm --label vcf-rdfizer.run=20260915T171308-1018559 --user 1000:1000 --init -v /home/ubuntu/vcf-rdfizer-testing/benchmarks/fixtures:/data/vcf:ro -v /home/ubuntu/vcf-rdfizer-testing/benchmarks_outputs/09_awkward_inputs/awkward_sites_only/out/awkward_sites_only:/data/rdf:ro -v /home/ubuntu/vcf-rdfizer-testing/benchmarks_outputs/09_awkward_inputs/awkward_sites_only/out/run_metrics/awkward_sites_only__20260915T171308/reports/validation/awkward_sites_only:/data/validation -v /home/ubuntu/vcf-rdfizer-testing/benchmarks_outputs/09_awkward_inputs/awkward_sites_only/out/run_metrics/awkward_sites_only__20260915T171308:/data/metrics vcf-rdfizer:local-a3679e1 /usr/bin/time -v -o /data/metrics/timings/validation/awkward_sites_only.txt -- /opt/pycottas-venv/bin/python /opt/vcf-rdfizer/validation/validation_runner.py --vcf /data/vcf/awkward_sites_only.vcf --rdf /data/rdf/awkward_sites_only.nt.gz --rdf-format nt.gz --engine comunica --representation expanded --info-representation structured --header-representation structured --results-dir /data/validation --dataset-id awkward_sites_only --filter-oracle auto --scratch-dir /work --progress-path /data/metrics/.progress/validation-awkward_sites_only.jsonl
{
  "datasetId": "awkward_sites_only",
  "representation": "expanded",
  "status": "EXECUTION_FAILED",
  "error": "bcftools FILTER extraction failed: [E::bcf_hdr_parse_sample_line] Could not parse the \"#CHROM..\" line, either FORMAT is missing or spaces are present instead of tabs:\n\t#CHROM\tPOS\tID\tREF\tALT\tQUAL\tFILTER\tINFO\tFORMAT\n\nFailed to read from /data/vcf/awkward_sites_only.vcf: could not parse header",
  "engine": "comunica",
  "engines": [
    "comunica"
  ],
  "sourceFormat": "nt.gz",
  "temporaryRdf": {
    "decompressedInsideContainer": true,
    "persisted": false,
    "cleanupConfirmed": true
  }
}
[exit 1]

[2026-09-15T17:13:24] $ docker run --rm --label vcf-rdfizer.run=20260915T171308-1018559 --user 1000:1000 --init -v /home/ubuntu/vcf-rdfizer-testing/benchmarks/fixtures:/data/vcf:ro -v /home/ubuntu/vcf-rdfizer-testing/benchmarks_outputs/09_awkward_inputs/awkward_sites_only/out/awkward_sites_only:/data/rdf:ro -v /home/ubuntu/vcf-rdfizer-testing/benchmarks_outputs/09_awkward_inputs/awkward_sites_only/out/run_metrics/awkward_sites_only__20260915T171308/reports/validation/awkward_sites_only__hdt:/data/validation -v /home/ubuntu/vcf-rdfizer-testing/benchmarks_outputs/09_awkward_inputs/awkward_sites_only/out/run_metrics/awkward_sites_only__20260915T171308:/data/metrics vcf-rdfizer:local-a3679e1 /usr/bin/time -v -o /data/metrics/timings/validation/awkward_sites_only__hdt.txt -- /opt/pycottas-venv/bin/python /opt/vcf-rdfizer/validation/validation_runner.py --vcf /data/vcf/awkward_sites_only.vcf --rdf /data/rdf/awkward_sites_only.hdt --rdf-format hdt --engine comunica --representation expanded --info-representation structured --header-representation structured --results-dir /data/validation --dataset-id awkward_sites_only__hdt --filter-oracle auto --scratch-dir /work --progress-path /data/metrics/.progress/validation-awkward_sites_only__hdt.jsonl
{
  "datasetId": "awkward_sites_only__hdt",
  "representation": "expanded",
  "status": "EXECUTION_FAILED",
  "error": "bcftools FILTER extraction failed: [E::bcf_hdr_parse_sample_line] Could not parse the \"#CHROM..\" line, either FORMAT is missing or spaces are present instead of tabs:\n\t#CHROM\tPOS\tID\tREF\tALT\tQUAL\tFILTER\tINFO\tFORMAT\n\nFailed to read from /data/vcf/awkward_sites_only.vcf: could not parse header",
  "engine": "comunica",
  "engines": [
    "comunica"
  ],
  "sourceFormat": "hdt",
  "temporaryRdf": {
    "decompressedInsideContainer": true,
    "persisted": false,
    "cleanupConfirmed": true
  }
}
[exit 1]
