Step 1/5: Validating inputs ✅
  Metrics: /home/ubuntu/vcf-rdfizer-testing/benchmarks_outputs/09_awkward_inputs/link__00_convert/out/run_metrics/test-100__20260915T171401
  Detailed logs: /home/ubuntu/vcf-rdfizer-testing/benchmarks_outputs/09_awkward_inputs/link__00_convert/out/run_metrics/test-100__20260915T171401/logs/wrapper.log
  Progress log: /home/ubuntu/vcf-rdfizer-testing/benchmarks_outputs/09_awkward_inputs/link__00_convert/out/run_metrics/test-100__20260915T171401/logs/progress.log
Step 2/5: Ensuring Docker image is available ✅
Step 3/5: Processing per-input pipeline (TSV -> RDF -> compression)
  Spark partition hint: 8
  Sample representation: expanded
  INFO representation: structured
  Header representation: structured
  - Input 1/1: test-100.vcf
    * TSV conversion ✅
    * VCF version: VCFv4.2 (detected)
    * RDF conversion ✅
    * Streaming expanded multi-sample RDF (no expanded helper TSVs)
    * Sample calls streamed: 86; FORMAT values: 172
    * Streaming structured header RDF
    * Header lines typed: 13; contigs: 2
    * Streaming QUAL and structured INFO RDF
    * QUAL values streamed: 86; INFO values: 258; declarations: 3
    * Triples produced: 8,519
    * Compression ✅
    * Output directory: /home/ubuntu/vcf-rdfizer-testing/benchmarks_outputs/09_awkward_inputs/link__00_convert/out/test-100
      - RDF aggregate: test-100.nt
      - N-Triples (.nt): 1.02 MB (retained via --keep-rmlstreamer-rdf-output)
      - Compression: none selected
      - Final RDF size (no compression): 1.02 MB
Total triples produced (full run): 8,519
Conversion process finished.
Run time (full mode): 13.61s
Timing log: /home/ubuntu/vcf-rdfizer-testing/benchmarks_outputs/09_awkward_inputs/link__00_convert/out/run_metrics/test-100__20260915T171401/wrapper_execution_times.csv
Metrics summary: /home/ubuntu/vcf-rdfizer-testing/benchmarks_outputs/09_awkward_inputs/link__00_convert/out/run_metrics/test-100__20260915T171401/summary.json
