TSV conversion: HGSVC2: started
TSV conversion: HGSVC2: finished
RMLStreamer: HGSVC2: started
  RMLStreamer: HGSVC2: rmlstreamer started — 0 B · 0 parts
  RMLStreamer: HGSVC2: rmlstreamer heartbeat — 0 B · 0 parts
  RMLStreamer: HGSVC2: rmlstreamer heartbeat — 53.97 KB · 8 parts
  RMLStreamer: HGSVC2: rmlstreamer heartbeat — 5.85 MB · 8 parts
  RMLStreamer: HGSVC2: rmlstreamer heartbeat — 29.70 MB · 8 parts
  RMLStreamer: HGSVC2: rmlstreamer heartbeat — 63.39 MB · 8 parts
  RMLStreamer: HGSVC2: rmlstreamer heartbeat — 99.21 MB · 8 parts
  RMLStreamer: HGSVC2: rmlstreamer heartbeat — 127.54 MB · 8 parts
  RMLStreamer: HGSVC2: rmlstreamer heartbeat — 153.26 MB · 8 parts
  RMLStreamer: HGSVC2: rmlstreamer heartbeat — 154.98 MB · 8 parts
  RMLStreamer: HGSVC2: rmlstreamer heartbeat — 171.56 MB · 8 parts
  RMLStreamer: HGSVC2: rmlstreamer complete — 171.56 MB · 8 parts
  RMLStreamer: HGSVC2: rdf-aggregate started — 0 parts
  RMLStreamer: HGSVC2: rdf-aggregate part — 1 parts
  RMLStreamer: HGSVC2: rdf-aggregate part — 2 parts
  RMLStreamer: HGSVC2: rdf-aggregate part — 3 parts
  RMLStreamer: HGSVC2: rdf-aggregate part — 4 parts
  RMLStreamer: HGSVC2: rdf-aggregate part — 5 parts
  RMLStreamer: HGSVC2: rdf-aggregate part — 6 parts
  RMLStreamer: HGSVC2: rdf-aggregate part — 7 parts
  RMLStreamer: HGSVC2: rdf-aggregate part — 8 parts
  RMLStreamer: HGSVC2: rdf-aggregate complete — 8 parts
RMLStreamer: HGSVC2: finished
Partitioned compression: HGSVC2: started
  Partitioned compression: HGSVC2: rdf-scan started — 0 triples
  Partitioned compression: HGSVC2: rdf-scan heartbeat — 406,120 triples · 67,108,950 bytes read
  Partitioned compression: HGSVC2: rdf-scan heartbeat — 770,355 triples · 144,216,775 bytes read
  Partitioned compression: HGSVC2: rdf-scan heartbeat — 1,192,788 triples · 211,325,776 bytes read
  Partitioned compression: HGSVC2: rdf-scan heartbeat — 1,668,138 triples · 278,434,761 bytes read
  Partitioned compression: HGSVC2: rdf-scan heartbeat — 2,139,906 triples · 345,543,676 bytes read
  Partitioned compression: HGSVC2: rdf-scan heartbeat — 2,610,943 triples · 412,652,661 bytes read
  Partitioned compression: HGSVC2: rdf-scan heartbeat — 3,081,823 triples · 479,761,559 bytes read
  Partitioned compression: HGSVC2: rdf-scan chunk — 3,482,534 triples · 1 chunks · 536,870,927 bytes read
  Partitioned compression: HGSVC2: hdt-chunks started — 0 chunks · hdt-build-00000
  Partitioned compression: HGSVC2: hdt-chunks complete — 1 chunks · hdt-build-00000
  Partitioned compression: HGSVC2: rdf-scan heartbeat — 3,552,697 triples · 546,870,451 bytes read
  Partitioned compression: HGSVC2: rdf-scan heartbeat — 4,023,605 triples · 613,979,327 bytes read
  Partitioned compression: HGSVC2: rdf-scan heartbeat — 4,495,138 triples · 681,088,244 bytes read
  Partitioned compression: HGSVC2: rdf-scan heartbeat — 4,966,162 triples · 748,197,120 bytes read
  Partitioned compression: HGSVC2: rdf-scan heartbeat — 5,437,039 triples · 815,305,997 bytes read
  Partitioned compression: HGSVC2: rdf-scan heartbeat — 5,907,973 triples · 882,414,931 bytes read
  Partitioned compression: HGSVC2: rdf-scan heartbeat — 6,378,853 triples · 949,523,851 bytes read
  Partitioned compression: HGSVC2: rdf-scan heartbeat — 6,849,796 triples · 1,016,632,801 bytes read
  Partitioned compression: HGSVC2: rdf-scan chunk — 7,250,508 triples · 2 chunks · 1,073,741,877 bytes read
  Partitioned compression: HGSVC2: hdt-chunks started — 1 chunks · hdt-build-00001
  Partitioned compression: HGSVC2: hdt-chunks complete — 2 chunks · hdt-build-00001
  Partitioned compression: HGSVC2: rdf-scan heartbeat — 7,320,673 triples · 1,083,741,707 bytes read
  Partitioned compression: HGSVC2: rdf-scan heartbeat — 7,791,550 triples · 1,150,850,574 bytes read
  Partitioned compression: HGSVC2: rdf-scan heartbeat — 8,262,482 triples · 1,217,959,493 bytes read
  Partitioned compression: HGSVC2: rdf-scan heartbeat — 8,733,596 triples · 1,285,068,449 bytes read
  Partitioned compression: HGSVC2: rdf-scan heartbeat — 9,202,221 triples · 1,352,177,444 bytes read
  Partitioned compression: HGSVC2: rdf-scan heartbeat — 9,668,905 triples · 1,419,286,435 bytes read
  Partitioned compression: HGSVC2: rdf-scan heartbeat — 10,135,589 triples · 1,486,395,412 bytes read
  Partitioned compression: HGSVC2: rdf-scan heartbeat — 10,602,279 triples · 1,553,504,287 bytes read
  Partitioned compression: HGSVC2: rdf-scan chunk — 10,999,501 triples · 3 chunks · 1,610,612,913 bytes read
  Partitioned compression: HGSVC2: hdt-chunks started — 2 chunks · hdt-build-00002
  Partitioned compression: HGSVC2: hdt-chunks complete — 3 chunks · hdt-build-00002
  Partitioned compression: HGSVC2: rdf-scan heartbeat — 11,069,044 triples · 1,620,613,221 bytes read
  Partitioned compression: HGSVC2: rdf-scan heartbeat — 11,535,784 triples · 1,687,722,095 bytes read
  Partitioned compression: HGSVC2: rdf-scan heartbeat — 12,002,468 triples · 1,754,831,097 bytes read
  Partitioned compression: HGSVC2: rdf-scan heartbeat — 12,469,298 triples · 1,821,940,093 bytes read
  Partitioned compression: HGSVC2: rdf-scan heartbeat — 12,936,107 triples · 1,889,049,021 bytes read
  Partitioned compression: HGSVC2: rdf-scan heartbeat — 13,402,933 triples · 1,956,157,910 bytes read
  Partitioned compression: HGSVC2: rdf-scan heartbeat — 13,869,622 triples · 2,023,266,825 bytes read
  Partitioned compression: HGSVC2: rdf-scan heartbeat — 14,336,306 triples · 2,090,375,816 bytes read
  Partitioned compression: HGSVC2: rdf-scan chunk — 14,733,479 triples · 4 chunks · 2,147,483,899 bytes read
  Partitioned compression: HGSVC2: hdt-chunks started — 3 chunks · hdt-build-00003
  Partitioned compression: HGSVC2: hdt-chunks complete — 4 chunks · hdt-build-00003
  Partitioned compression: HGSVC2: rdf-scan heartbeat — 14,803,026 triples · 2,157,484,763 bytes read
  Partitioned compression: HGSVC2: rdf-scan heartbeat — 15,269,791 triples · 2,224,593,714 bytes read
  Partitioned compression: HGSVC2: rdf-scan heartbeat — 15,736,529 triples · 2,291,702,632 bytes read
  Partitioned compression: HGSVC2: rdf-scan heartbeat — 16,203,226 triples · 2,358,811,511 bytes read
  Partitioned compression: HGSVC2: rdf-scan heartbeat — 16,669,912 triples · 2,425,920,442 bytes read
  Partitioned compression: HGSVC2: rdf-scan heartbeat — 17,136,594 triples · 2,493,029,363 bytes read
  Partitioned compression: HGSVC2: rdf-scan heartbeat — 17,603,285 triples · 2,560,138,332 bytes read
  Partitioned compression: HGSVC2: rdf-scan heartbeat — 18,069,969 triples · 2,627,247,222 bytes read
  Partitioned compression: HGSVC2: rdf-scan chunk — 18,467,223 triples · 5 chunks · 2,684,354,840 bytes read
  Partitioned compression: HGSVC2: hdt-chunks started — 4 chunks · hdt-build-00004
  Partitioned compression: HGSVC2: hdt-chunks complete — 5 chunks · hdt-build-00004
  Partitioned compression: HGSVC2: rdf-scan heartbeat — 18,536,777 triples · 2,694,356,184 bytes read
  Partitioned compression: HGSVC2: rdf-scan heartbeat — 19,003,472 triples · 2,761,465,186 bytes read
  Partitioned compression: HGSVC2: rdf-scan heartbeat — 19,470,182 triples · 2,828,574,183 bytes read
  Partitioned compression: HGSVC2: rdf-scan heartbeat — 19,936,876 triples · 2,895,683,142 bytes read
  Partitioned compression: HGSVC2: rdf-scan heartbeat — 20,403,558 triples · 2,962,792,063 bytes read
  Partitioned compression: HGSVC2: rdf-scan heartbeat — 20,870,268 triples · 3,029,900,963 bytes read
  Partitioned compression: HGSVC2: rdf-scan heartbeat — 21,337,010 triples · 3,097,009,905 bytes read
  Partitioned compression: HGSVC2: rdf-scan heartbeat — 21,803,705 triples · 3,164,118,872 bytes read
  Partitioned compression: HGSVC2: rdf-scan chunk — 22,200,832 triples · 6 chunks · 3,221,225,775 bytes read
  Partitioned compression: HGSVC2: hdt-chunks started — 5 chunks · hdt-build-00005
  Partitioned compression: HGSVC2: hdt-chunks complete — 6 chunks · hdt-build-00005
  Partitioned compression: HGSVC2: rdf-scan heartbeat — 22,270,388 triples · 3,231,227,831 bytes read
  Partitioned compression: HGSVC2: rdf-scan heartbeat — 22,737,072 triples · 3,298,336,732 bytes read
  Partitioned compression: HGSVC2: rdf-scan heartbeat — 23,203,756 triples · 3,365,445,657 bytes read
  Partitioned compression: HGSVC2: rdf-scan heartbeat — 23,670,858 triples · 3,432,554,601 bytes read
  Partitioned compression: HGSVC2: rdf-scan heartbeat — 24,137,869 triples · 3,499,663,484 bytes read
  Partitioned compression: HGSVC2: rdf-scan heartbeat — 24,604,626 triples · 3,566,772,373 bytes read
  Partitioned compression: HGSVC2: rdf-scan heartbeat — 25,071,317 triples · 3,633,881,250 bytes read
  Partitioned compression: HGSVC2: rdf-scan heartbeat — 25,538,158 triples · 3,700,990,166 bytes read
  Partitioned compression: HGSVC2: rdf-scan chunk — 25,935,366 triples · 7 chunks · 3,758,096,734 bytes read
  Partitioned compression: HGSVC2: hdt-chunks started — 6 chunks · hdt-build-00006
  Partitioned compression: HGSVC2: hdt-chunks complete — 7 chunks · hdt-build-00006
  Partitioned compression: HGSVC2: rdf-scan heartbeat — 26,004,983 triples · 3,768,099,139 bytes read
  Partitioned compression: HGSVC2: rdf-scan heartbeat — 26,471,697 triples · 3,835,208,048 bytes read
  Partitioned compression: HGSVC2: rdf-scan heartbeat — 26,938,729 triples · 3,902,316,967 bytes read
  Partitioned compression: HGSVC2: rdf-scan heartbeat — 27,406,032 triples · 3,969,425,852 bytes read
  Partitioned compression: HGSVC2: rdf-scan heartbeat — 27,872,893 triples · 4,036,534,722 bytes read
  Partitioned compression: HGSVC2: rdf-scan heartbeat — 28,339,641 triples · 4,103,643,635 bytes read
  Partitioned compression: HGSVC2: rdf-scan heartbeat — 28,806,423 triples · 4,170,752,659 bytes read
  Partitioned compression: HGSVC2: rdf-scan heartbeat — 29,273,235 triples · 4,237,861,589 bytes read
  Partitioned compression: HGSVC2: rdf-scan chunk — 29,670,357 triples · 8 chunks · 4,294,967,732 bytes read
  Partitioned compression: HGSVC2: hdt-chunks started — 7 chunks · hdt-build-00007
  Partitioned compression: HGSVC2: hdt-chunks complete — 8 chunks · hdt-build-00007
  Partitioned compression: HGSVC2: rdf-scan heartbeat — 29,739,917 triples · 4,304,970,468 bytes read
  Partitioned compression: HGSVC2: rdf-scan heartbeat — 30,206,600 triples · 4,372,079,357 bytes read
  Partitioned compression: HGSVC2: rdf-scan heartbeat — 30,673,597 triples · 4,439,188,266 bytes read
  Partitioned compression: HGSVC2: rdf-scan heartbeat — 31,140,489 triples · 4,506,297,169 bytes read
  Partitioned compression: HGSVC2: rdf-scan heartbeat — 31,607,244 triples · 4,573,406,071 bytes read
  Partitioned compression: HGSVC2: rdf-scan heartbeat — 32,073,932 triples · 4,640,515,016 bytes read
  Partitioned compression: HGSVC2: rdf-scan heartbeat — 32,540,731 triples · 4,707,623,900 bytes read
  Partitioned compression: HGSVC2: rdf-scan heartbeat — 33,007,602 triples · 4,774,732,832 bytes read
  Partitioned compression: HGSVC2: rdf-scan chunk — 33,404,729 triples · 9 chunks · 4,831,838,795 bytes read
  Partitioned compression: HGSVC2: hdt-chunks started — 8 chunks · hdt-build-00008
  Partitioned compression: HGSVC2: hdt-chunks complete — 9 chunks · hdt-build-00008
  Partitioned compression: HGSVC2: rdf-scan heartbeat — 33,474,290 triples · 4,841,841,763 bytes read
  Partitioned compression: HGSVC2: rdf-scan heartbeat — 33,940,975 triples · 4,908,950,726 bytes read
  Partitioned compression: HGSVC2: rdf-scan heartbeat — 34,407,658 triples · 4,976,059,706 bytes read
  Partitioned compression: HGSVC2: rdf-scan heartbeat — 34,874,370 triples · 5,043,168,681 bytes read
  Partitioned compression: HGSVC2: rdf-scan heartbeat — 35,341,072 triples · 5,110,277,557 bytes read
  Partitioned compression: HGSVC2: rdf-scan heartbeat — 35,807,776 triples · 5,177,386,453 bytes read
  Partitioned compression: HGSVC2: rdf-scan heartbeat — 36,274,463 triples · 5,244,495,442 bytes read
  Partitioned compression: HGSVC2: rdf-scan heartbeat — 36,741,168 triples · 5,311,604,316 bytes read
  Partitioned compression: HGSVC2: rdf-scan chunk — 37,138,342 triples · 10 chunks · 5,368,709,745 bytes read
  Partitioned compression: HGSVC2: hdt-chunks started — 9 chunks · hdt-build-00009
  Partitioned compression: HGSVC2: hdt-chunks complete — 10 chunks · hdt-build-00009
  Partitioned compression: HGSVC2: rdf-scan heartbeat — 37,207,917 triples · 5,378,713,281 bytes read
  Partitioned compression: HGSVC2: rdf-scan heartbeat — 37,674,615 triples · 5,445,822,191 bytes read
  Partitioned compression: HGSVC2: rdf-scan heartbeat — 38,141,440 triples · 5,512,931,134 bytes read
  Partitioned compression: HGSVC2: rdf-scan heartbeat — 38,608,123 triples · 5,580,040,014 bytes read
  Partitioned compression: HGSVC2: rdf-scan heartbeat — 39,074,812 triples · 5,647,148,913 bytes read
  Partitioned compression: HGSVC2: rdf-scan heartbeat — 39,541,503 triples · 5,714,257,885 bytes read
  Partitioned compression: HGSVC2: rdf-scan heartbeat — 40,008,185 triples · 5,781,366,769 bytes read
  Partitioned compression: HGSVC2: rdf-scan heartbeat — 40,475,028 triples · 5,848,475,713 bytes read
  Partitioned compression: HGSVC2: rdf-scan chunk — 40,872,870 triples · 11 chunks · 5,905,580,685 bytes read
  Partitioned compression: HGSVC2: hdt-chunks started — 10 chunks · hdt-build-00010
  Partitioned compression: HGSVC2: hdt-chunks complete — 11 chunks · hdt-build-00010
  Partitioned compression: HGSVC2: rdf-scan heartbeat — 40,942,475 triples · 5,915,584,706 bytes read
  Partitioned compression: HGSVC2: rdf-scan heartbeat — 41,409,423 triples · 5,982,693,640 bytes read
  Partitioned compression: HGSVC2: rdf-scan heartbeat — 41,876,432 triples · 6,049,802,595 bytes read
  Partitioned compression: HGSVC2: rdf-scan heartbeat — 42,343,124 triples · 6,116,911,593 bytes read
  Partitioned compression: HGSVC2: rdf-scan heartbeat — 42,809,809 triples · 6,184,020,544 bytes read
  Partitioned compression: HGSVC2: rdf-scan heartbeat — 43,276,492 triples · 6,251,129,471 bytes read
  Partitioned compression: HGSVC2: rdf-scan heartbeat — 43,743,175 triples · 6,318,238,480 bytes read
  Partitioned compression: HGSVC2: rdf-scan heartbeat — 44,209,858 triples · 6,385,347,427 bytes read
  Partitioned compression: HGSVC2: rdf-scan chunk — 44,606,985 triples · 12 chunks · 6,442,451,675 bytes read
  Partitioned compression: HGSVC2: hdt-chunks started — 11 chunks · hdt-build-00011
  Partitioned compression: HGSVC2: hdt-chunks complete — 12 chunks · hdt-build-00011
  Partitioned compression: HGSVC2: rdf-scan heartbeat — 44,676,559 triples · 6,452,456,400 bytes read
  Partitioned compression: HGSVC2: rdf-scan heartbeat — 45,143,266 triples · 6,519,565,392 bytes read
  Partitioned compression: HGSVC2: rdf-scan heartbeat — 45,610,030 triples · 6,586,674,305 bytes read
  Partitioned compression: HGSVC2: rdf-scan heartbeat — 46,076,715 triples · 6,653,783,214 bytes read
  Partitioned compression: HGSVC2: rdf-scan heartbeat — 46,543,431 triples · 6,720,892,089 bytes read
  Partitioned compression: HGSVC2: rdf-scan heartbeat — 47,010,205 triples · 6,788,001,019 bytes read
  Partitioned compression: HGSVC2: rdf-scan heartbeat — 47,476,890 triples · 6,855,109,896 bytes read
  Partitioned compression: HGSVC2: rdf-scan heartbeat — 47,943,583 triples · 6,922,218,880 bytes read
  Partitioned compression: HGSVC2: rdf-scan chunk — 48,341,292 triples · 13 chunks · 6,979,322,704 bytes read
  Partitioned compression: HGSVC2: hdt-chunks started — 12 chunks · hdt-build-00012
  Partitioned compression: HGSVC2: hdt-chunks complete — 13 chunks · hdt-build-00012
  Partitioned compression: HGSVC2: rdf-scan heartbeat — 48,410,912 triples · 6,989,327,876 bytes read
  Partitioned compression: HGSVC2: rdf-scan heartbeat — 48,877,720 triples · 7,056,436,851 bytes read
  Partitioned compression: HGSVC2: rdf-scan heartbeat — 49,344,406 triples · 7,123,545,766 bytes read
  Partitioned compression: HGSVC2: rdf-scan heartbeat — 49,811,091 triples · 7,190,654,688 bytes read
  Partitioned compression: HGSVC2: rdf-scan heartbeat — 50,278,010 triples · 7,257,763,616 bytes read
  Partitioned compression: HGSVC2: rdf-scan heartbeat — 50,744,694 triples · 7,324,872,585 bytes read
  Partitioned compression: HGSVC2: rdf-scan heartbeat — 51,211,381 triples · 7,391,981,491 bytes read
  Partitioned compression: HGSVC2: rdf-scan heartbeat — 51,678,180 triples · 7,459,090,443 bytes read
  Partitioned compression: HGSVC2: rdf-scan chunk — 52,075,294 triples · 14 chunks · 7,516,193,661 bytes read
  Partitioned compression: HGSVC2: hdt-chunks started — 13 chunks · hdt-build-00013
  Partitioned compression: HGSVC2: hdt-chunks complete — 14 chunks · hdt-build-00013
  Partitioned compression: HGSVC2: rdf-scan heartbeat — 52,144,875 triples · 7,526,199,363 bytes read
  Partitioned compression: HGSVC2: rdf-scan heartbeat — 52,611,676 triples · 7,593,308,286 bytes read
  Partitioned compression: HGSVC2: rdf-scan heartbeat — 53,078,360 triples · 7,660,417,215 bytes read
  Partitioned compression: HGSVC2: rdf-scan heartbeat — 53,545,043 triples · 7,727,526,107 bytes read
  Partitioned compression: HGSVC2: rdf-scan heartbeat — 54,011,782 triples · 7,794,634,993 bytes read
  Partitioned compression: HGSVC2: rdf-scan heartbeat — 54,478,649 triples · 7,861,743,990 bytes read
  Partitioned compression: HGSVC2: rdf-scan heartbeat — 54,945,477 triples · 7,928,852,870 bytes read
  Partitioned compression: HGSVC2: rdf-scan heartbeat — 55,412,443 triples · 7,995,961,880 bytes read
  Partitioned compression: HGSVC2: rdf-scan chunk — 55,809,594 triples · 15 chunks · 8,053,064,665 bytes read
  Partitioned compression: HGSVC2: hdt-chunks started — 14 chunks · hdt-build-00014
  Partitioned compression: HGSVC2: hdt-chunks complete — 15 chunks · hdt-build-00014
  Partitioned compression: HGSVC2: rdf-scan heartbeat — 55,879,177 triples · 8,063,070,752 bytes read
  Partitioned compression: HGSVC2: rdf-scan heartbeat — 56,345,868 triples · 8,130,179,729 bytes read
  Partitioned compression: HGSVC2: rdf-scan heartbeat — 56,812,564 triples · 8,197,288,620 bytes read
  Partitioned compression: HGSVC2: rdf-scan heartbeat — 57,279,247 triples · 8,264,397,536 bytes read
  Partitioned compression: HGSVC2: rdf-scan heartbeat — 57,745,980 triples · 8,331,506,456 bytes read
  Partitioned compression: HGSVC2: rdf-scan heartbeat — 58,212,761 triples · 8,398,615,328 bytes read
  Partitioned compression: HGSVC2: rdf-scan heartbeat — 58,679,446 triples · 8,465,724,196 bytes read
  Partitioned compression: HGSVC2: rdf-scan heartbeat — 59,146,133 triples · 8,532,833,084 bytes read
  Partitioned compression: HGSVC2: rdf-scan chunk — 59,543,252 triples · 16 chunks · 8,589,935,646 bytes read
  Partitioned compression: HGSVC2: hdt-chunks started — 15 chunks · hdt-build-00015
  Partitioned compression: HGSVC2: hdt-chunks complete — 16 chunks · hdt-build-00015
  Partitioned compression: HGSVC2: rdf-scan heartbeat — 59,612,837 triples · 8,599,941,988 bytes read
  Partitioned compression: HGSVC2: rdf-scan heartbeat — 60,079,752 triples · 8,667,050,933 bytes read
  Partitioned compression: HGSVC2: rdf-scan heartbeat — 60,546,459 triples · 8,734,159,941 bytes read
  Partitioned compression: HGSVC2: rdf-scan heartbeat — 61,013,148 triples · 8,801,268,923 bytes read
  Partitioned compression: HGSVC2: rdf-scan heartbeat — 61,479,959 triples · 8,868,377,920 bytes read
  Partitioned compression: HGSVC2: rdf-scan heartbeat — 61,946,673 triples · 8,935,486,790 bytes read
  Partitioned compression: HGSVC2: rdf-scan heartbeat — 62,413,519 triples · 9,002,595,671 bytes read
  Partitioned compression: HGSVC2: rdf-scan heartbeat — 62,880,232 triples · 9,069,704,666 bytes read
  Partitioned compression: HGSVC2: rdf-scan chunk — 63,277,326 triples · 17 chunks · 9,126,806,716 bytes read
  Partitioned compression: HGSVC2: hdt-chunks started — 16 chunks · hdt-build-00016
  Partitioned compression: HGSVC2: hdt-chunks complete — 17 chunks · hdt-build-00016
  Partitioned compression: HGSVC2: rdf-scan heartbeat — 63,346,915 triples · 9,136,813,622 bytes read
  Partitioned compression: HGSVC2: rdf-scan heartbeat — 63,813,601 triples · 9,203,922,501 bytes read
  Partitioned compression: HGSVC2: rdf-scan heartbeat — 64,280,449 triples · 9,271,031,431 bytes read
  Partitioned compression: HGSVC2: rdf-scan heartbeat — 64,747,238 triples · 9,338,140,406 bytes read
  Partitioned compression: HGSVC2: rdf-scan heartbeat — 65,214,002 triples · 9,405,249,321 bytes read
  Partitioned compression: HGSVC2: rdf-scan heartbeat — 65,680,724 triples · 9,472,358,193 bytes read
  Partitioned compression: HGSVC2: rdf-scan heartbeat — 66,147,695 triples · 9,539,467,162 bytes read
  Partitioned compression: HGSVC2: rdf-scan heartbeat — 66,614,378 triples · 9,606,576,072 bytes read
  Partitioned compression: HGSVC2: rdf-scan chunk — 67,011,470 triples · 18 chunks · 9,663,677,719 bytes read
  Partitioned compression: HGSVC2: hdt-chunks started — 17 chunks · hdt-build-00017
  Partitioned compression: HGSVC2: hdt-chunks complete — 18 chunks · hdt-build-00017
  Partitioned compression: HGSVC2: rdf-scan heartbeat — 67,081,062 triples · 9,673,685,052 bytes read
  Partitioned compression: HGSVC2: rdf-scan heartbeat — 67,547,744 triples · 9,740,793,917 bytes read
  Partitioned compression: HGSVC2: rdf-scan heartbeat — 68,014,428 triples · 9,807,902,857 bytes read
  Partitioned compression: HGSVC2: rdf-scan heartbeat — 68,481,121 triples · 9,875,011,768 bytes read
  Partitioned compression: HGSVC2: rdf-scan heartbeat — 68,947,804 triples · 9,942,120,695 bytes read
  Partitioned compression: HGSVC2: rdf-scan heartbeat — 69,414,560 triples · 10,009,229,626 bytes read
  Partitioned compression: HGSVC2: rdf-scan heartbeat — 69,881,260 triples · 10,076,338,544 bytes read
  Partitioned compression: HGSVC2: rdf-scan heartbeat — 70,348,007 triples · 10,143,447,511 bytes read
  Partitioned compression: HGSVC2: rdf-scan chunk — 70,745,101 triples · 19 chunks · 10,200,548,691 bytes read
  Partitioned compression: HGSVC2: hdt-chunks started — 18 chunks · hdt-build-00018
  Partitioned compression: HGSVC2: hdt-chunks complete — 19 chunks · hdt-build-00018
  Partitioned compression: HGSVC2: rdf-scan heartbeat — 70,814,722 triples · 10,210,556,506 bytes read
  Partitioned compression: HGSVC2: rdf-scan heartbeat — 71,281,486 triples · 10,277,665,393 bytes read
  Partitioned compression: HGSVC2: rdf-scan heartbeat — 71,748,564 triples · 10,344,774,313 bytes read
  Partitioned compression: HGSVC2: rdf-scan heartbeat — 72,215,625 triples · 10,411,883,209 bytes read
  Partitioned compression: HGSVC2: rdf-scan heartbeat — 72,682,416 triples · 10,478,992,081 bytes read
  Partitioned compression: HGSVC2: rdf-scan heartbeat — 73,149,119 triples · 10,546,101,059 bytes read
  Partitioned compression: HGSVC2: rdf-scan heartbeat — 73,616,001 triples · 10,613,209,992 bytes read
  Partitioned compression: HGSVC2: rdf-scan heartbeat — 74,082,772 triples · 10,680,318,994 bytes read
  Partitioned compression: HGSVC2: rdf-scan chunk — 74,479,857 triples · 20 chunks · 10,737,419,649 bytes read
  Partitioned compression: HGSVC2: hdt-chunks started — 19 chunks · hdt-build-00019
  Partitioned compression: HGSVC2: hdt-chunks complete — 20 chunks · hdt-build-00019
  Partitioned compression: HGSVC2: rdf-scan heartbeat — 74,549,456 triples · 10,747,427,964 bytes read
  Partitioned compression: HGSVC2: rdf-scan heartbeat — 75,016,194 triples · 10,814,536,939 bytes read
  Partitioned compression: HGSVC2: rdf-scan heartbeat — 75,482,968 triples · 10,881,645,854 bytes read
  Partitioned compression: HGSVC2: rdf-scan heartbeat — 75,949,829 triples · 10,948,754,833 bytes read
  Partitioned compression: HGSVC2: rdf-scan heartbeat — 76,416,515 triples · 11,015,863,800 bytes read
  Partitioned compression: HGSVC2: rdf-scan heartbeat — 76,883,198 triples · 11,082,972,686 bytes read
  Partitioned compression: HGSVC2: rdf-scan heartbeat — 77,349,911 triples · 11,150,081,674 bytes read
  Partitioned compression: HGSVC2: rdf-scan heartbeat — 77,816,593 triples · 11,217,190,591 bytes read
  Partitioned compression: HGSVC2: rdf-scan chunk — 78,213,674 triples · 21 chunks · 11,274,290,643 bytes read
  Partitioned compression: HGSVC2: hdt-chunks started — 20 chunks · hdt-build-00020
  Partitioned compression: HGSVC2: hdt-chunks complete — 21 chunks · hdt-build-00020
  Partitioned compression: HGSVC2: rdf-scan heartbeat — 78,283,277 triples · 11,284,299,549 bytes read
  Partitioned compression: HGSVC2: rdf-scan heartbeat — 78,749,966 triples · 11,351,408,503 bytes read
  Partitioned compression: HGSVC2: rdf-scan heartbeat — 79,216,713 triples · 11,418,517,439 bytes read
  Partitioned compression: HGSVC2: rdf-scan heartbeat — 79,683,716 triples · 11,485,626,314 bytes read
  Partitioned compression: HGSVC2: rdf-scan heartbeat — 80,151,055 triples · 11,552,735,268 bytes read
  Partitioned compression: HGSVC2: rdf-scan heartbeat — 80,617,777 triples · 11,619,844,192 bytes read
  Partitioned compression: HGSVC2: rdf-scan heartbeat — 81,081,724 triples · 11,686,953,125 bytes read
  Partitioned compression: HGSVC2: rdf-scan heartbeat — 81,544,292 triples · 11,754,062,068 bytes read
  Partitioned compression: HGSVC2: rdf-scan chunk — 81,937,876 triples · 22 chunks · 11,811,161,597 bytes read
  Partitioned compression: HGSVC2: hdt-chunks started — 21 chunks · hdt-build-00021
  Partitioned compression: HGSVC2: hdt-chunks complete — 22 chunks · hdt-build-00021
  Partitioned compression: HGSVC2: rdf-scan heartbeat — 82,006,992 triples · 11,821,170,932 bytes read
  Partitioned compression: HGSVC2: rdf-scan heartbeat — 82,470,830 triples · 11,888,279,943 bytes read
  Partitioned compression: HGSVC2: rdf-scan heartbeat — 82,935,066 triples · 11,955,388,892 bytes read
  Partitioned compression: HGSVC2: rdf-scan heartbeat — 83,398,042 triples · 12,022,497,870 bytes read
  Partitioned compression: HGSVC2: rdf-scan heartbeat — 83,860,633 triples · 12,089,606,782 bytes read
  Partitioned compression: HGSVC2: rdf-scan heartbeat — 84,323,287 triples · 12,156,715,647 bytes read
  Partitioned compression: HGSVC2: rdf-scan heartbeat — 84,786,030 triples · 12,223,824,664 bytes read
  Partitioned compression: HGSVC2: rdf-scan heartbeat — 85,248,656 triples · 12,290,933,549 bytes read
  Partitioned compression: HGSVC2: rdf-scan chunk — 85,642,388 triples · 23 chunks · 12,348,032,635 bytes read
  Partitioned compression: HGSVC2: hdt-chunks started — 22 chunks · hdt-build-00022
  Partitioned compression: HGSVC2: hdt-chunks complete — 23 chunks · hdt-build-00022
  Partitioned compression: HGSVC2: rdf-scan heartbeat — 85,711,687 triples · 12,358,042,418 bytes read
  Partitioned compression: HGSVC2: rdf-scan heartbeat — 86,175,951 triples · 12,425,151,331 bytes read
  Partitioned compression: HGSVC2: rdf-scan heartbeat — 86,640,483 triples · 12,492,260,260 bytes read
  Partitioned compression: HGSVC2: rdf-scan heartbeat — 87,011,792 triples · 12,559,369,442 bytes read
  Partitioned compression: HGSVC2: rdf-scan heartbeat — 87,268,927 triples · 12,626,478,406 bytes read
  Partitioned compression: HGSVC2: rdf-scan heartbeat — 87,601,808 triples · 12,693,587,997 bytes read
  Partitioned compression: HGSVC2: rdf-scan heartbeat — 87,967,061 triples · 12,760,696,909 bytes read
  Partitioned compression: HGSVC2: rdf-scan heartbeat — 88,309,868 triples · 12,827,805,810 bytes read
  Partitioned compression: HGSVC2: rdf-scan chunk — 88,615,371 triples · 24 chunks · 12,884,903,620 bytes read
  Partitioned compression: HGSVC2: hdt-chunks started — 23 chunks · hdt-build-00023
  Partitioned compression: HGSVC2: hdt-chunks complete — 24 chunks · hdt-build-00023
  Partitioned compression: HGSVC2: rdf-scan heartbeat — 88,663,743 triples · 12,894,914,742 bytes read
  Partitioned compression: HGSVC2: rdf-scan heartbeat — 89,002,826 triples · 12,962,026,125 bytes read
  Partitioned compression: HGSVC2: rdf-scan chunk — 89,007,885 triples · 25 chunks · 12,963,105,069 bytes read
  Partitioned compression: HGSVC2: hdt-chunks started — 24 chunks · hdt-build-00024
  Partitioned compression: HGSVC2: hdt-chunks complete — 25 chunks · hdt-build-00024
  Partitioned compression: HGSVC2: rdf-scan complete — 89,007,885 triples · 25 chunks
  Partitioned compression: HGSVC2: hdt-chunks complete — 25 chunks
  Partitioned compression: HGSVC2: hdt-merge started — hdt-merge-r01-00000
  Partitioned compression: HGSVC2: hdt-merge complete — hdt-merge-r01-00000
  Partitioned compression: HGSVC2: hdt-merge started — hdt-merge-r01-00001
  Partitioned compression: HGSVC2: hdt-merge complete — hdt-merge-r01-00001
  Partitioned compression: HGSVC2: hdt-merge started — hdt-merge-r01-00002
  Partitioned compression: HGSVC2: hdt-merge complete — hdt-merge-r01-00002
  Partitioned compression: HGSVC2: hdt-merge started — hdt-merge-r01-00003
  Partitioned compression: HGSVC2: hdt-merge complete — hdt-merge-r01-00003
  Partitioned compression: HGSVC2: hdt-merge started — hdt-merge-r01-00004
  Partitioned compression: HGSVC2: hdt-merge complete — hdt-merge-r01-00004
  Partitioned compression: HGSVC2: hdt-merge started — hdt-merge-r01-00005
  Partitioned compression: HGSVC2: hdt-merge complete — hdt-merge-r01-00005
  Partitioned compression: HGSVC2: hdt-merge started — hdt-merge-r01-00006
  Partitioned compression: HGSVC2: hdt-merge complete — hdt-merge-r01-00006
  Partitioned compression: HGSVC2: hdt-merge started — hdt-merge-r01-00007
  Partitioned compression: HGSVC2: hdt-merge complete — hdt-merge-r01-00007
  Partitioned compression: HGSVC2: hdt-merge started — hdt-merge-r01-00008
  Partitioned compression: HGSVC2: hdt-merge complete — hdt-merge-r01-00008
  Partitioned compression: HGSVC2: hdt-merge started — hdt-merge-r01-00009
  Partitioned compression: HGSVC2: hdt-merge complete — hdt-merge-r01-00009
  Partitioned compression: HGSVC2: hdt-merge started — hdt-merge-r01-00010
  Partitioned compression: HGSVC2: hdt-merge complete — hdt-merge-r01-00010
  Partitioned compression: HGSVC2: hdt-merge started — hdt-merge-r01-00011
  Partitioned compression: HGSVC2: hdt-merge complete — hdt-merge-r01-00011
  Partitioned compression: HGSVC2: hdt-merge started — hdt-merge-r02-00000
  Partitioned compression: HGSVC2: hdt-merge complete — hdt-merge-r02-00000
  Partitioned compression: HGSVC2: hdt-merge started — hdt-merge-r02-00001
  Partitioned compression: HGSVC2: hdt-merge complete — hdt-merge-r02-00001
  Partitioned compression: HGSVC2: hdt-merge started — hdt-merge-r02-00002
  Partitioned compression: HGSVC2: hdt-merge complete — hdt-merge-r02-00002
  Partitioned compression: HGSVC2: hdt-merge started — hdt-merge-r02-00003
  Partitioned compression: HGSVC2: hdt-merge complete — hdt-merge-r02-00003
  Partitioned compression: HGSVC2: hdt-merge started — hdt-merge-r02-00004
  Partitioned compression: HGSVC2: hdt-merge complete — hdt-merge-r02-00004
  Partitioned compression: HGSVC2: hdt-merge started — hdt-merge-r02-00005
  Partitioned compression: HGSVC2: hdt-merge complete — hdt-merge-r02-00005
  Partitioned compression: HGSVC2: hdt-merge started — hdt-merge-r03-00000
  Partitioned compression: HGSVC2: hdt-merge complete — hdt-merge-r03-00000
  Partitioned compression: HGSVC2: hdt-merge started — hdt-merge-r03-00001
  Partitioned compression: HGSVC2: hdt-merge complete — hdt-merge-r03-00001
  Partitioned compression: HGSVC2: hdt-merge started — hdt-merge-r03-00002
  Partitioned compression: HGSVC2: hdt-merge complete — hdt-merge-r03-00002
  Partitioned compression: HGSVC2: hdt-merge started — hdt-merge-r04-00000
  Partitioned compression: HGSVC2: hdt-merge complete — hdt-merge-r04-00000
  Partitioned compression: HGSVC2: hdt-merge started — hdt-merge-r04-00001
  Partitioned compression: HGSVC2: hdt-merge complete — hdt-merge-r04-00001
  Partitioned compression: HGSVC2: hdt-merge started — hdt-merge-r05-00000
  Partitioned compression: HGSVC2: hdt-merge complete — hdt-merge-r05-00000
  Partitioned compression: HGSVC2: hdt started — hdt-index
  Partitioned compression: HGSVC2: hdt complete — hdt-index
  Partitioned compression: HGSVC2: hdt started — hdt-validate
  Partitioned compression: HGSVC2: hdt complete — hdt-validate
Partitioned compression: HGSVC2: finished
