2026-10-08 17:12:48.966 - INFO: [1mQLever server bfd5741, compiled on Thu Sep  3 17:32:42 UTC 2026 using git hash bfd5741[22m
2026-10-08 17:12:48.966 - INFO: Cleanup of previous index directories after each rebuild enabled (--rebuild-keep-previous-index-dirs original-and-most-recent)
2026-10-08 17:12:48.967 - INFO: The git hash used to build this index was "bfd5741"
2026-10-08 17:12:48.967 - INFO: Reading vocabulary from file /home/ubuntu/vrdev-test/conv/run-e3743590/work/scratch/sparqling-genomics-HG005_GRCh38_r100000/qlever-index/vcf-rdfizer.vocabulary.words ...
2026-10-08 17:12:48.967 - WARN: io_uring is compiled in but unavailable at runtime (io_uring_queue_init failed in IoUringManager. In file "/qlever/src/util/IoUringManager.cpp" at line 69); falling back to synchronous pread for vocabulary lookups
2026-10-08 17:12:48.967 - INFO: Done, number of words: 104,164
2026-10-08 17:12:48.967 - INFO: Number of words in internal vocabulary (these are also part of the external vocabulary): 108
2026-10-08 17:12:48.967 - INFO: Registered PSO permutation: #relations = 1, #blocks = 4, #triples = 100,236
2026-10-08 17:12:48.968 - INFO: Registered PSO permutation: #relations = 53, #blocks = 126, #triples = 2,958,767
2026-10-08 17:12:48.968 - INFO: Registered POS permutation: #relations = 1, #blocks = 4, #triples = 100,236
2026-10-08 17:12:48.968 - INFO: Registered POS permutation: #relations = 53, #blocks = 126, #triples = 2,958,767
2026-10-08 17:12:48.968 - INFO: Registered OPS permutation: #relations = 106,032, #blocks = 113, #triples = 2,958,767
2026-10-08 17:12:48.968 - INFO: Registered OSP permutation: #relations = 106,032, #blocks = 113, #triples = 2,958,767
2026-10-08 17:12:48.968 - INFO: Registered SPO permutation: #relations = 100,236, #blocks = 64, #triples = 2,958,767
2026-10-08 17:12:48.968 - INFO: Registered SOP permutation: #relations = 100,236, #blocks = 64, #triples = 2,958,767
2026-10-08 17:12:48.968 - INFO: Reading patterns from file /home/ubuntu/vrdev-test/conv/run-e3743590/work/scratch/sparqling-genomics-HG005_GRCh38_r100000/qlever-index/vcf-rdfizer.index.patterns ...
2026-10-08 17:12:48.968 - INFO: Sorting random result tables to estimate the sorting performance of this machine ...
2026-10-08 17:12:48.975 - INFO: Initializing server ...
2026-10-08 17:12:48.975 - INFO: Access token for restricted API calls is ""
2026-10-08 17:12:48.975 - INFO: The server is ready, listening for requests on port 7019 ...
2026-10-08 17:12:48.982 - INFO: 
2026-10-08 17:12:48.982 - INFO: Request received via POST, content type "application/x-www-form-urlencoded"
2026-10-08 17:12:48.983 - INFO: Processing the following SPARQL query:
SELECT * WHERE { ?s ?p ?o } LIMIT 1
2026-10-08 17:12:48.984 - INFO: Requested media types of the result are: "application/sparql-results+json"
2026-10-08 17:12:48.984 - INFO: Query planning done in 2 ms
2026-10-08 17:12:48.984 - INFO: Result has unknown size (not computed yet)
2026-10-08 17:12:48.986 - INFO: Done processing query and sending result, total time was 3 ms
2026-10-08 17:12:48.987 - INFO: 
2026-10-08 17:12:48.987 - INFO: Request received via POST, content type "application/x-www-form-urlencoded"
2026-10-08 17:12:48.991 - INFO: Processing the following SPARQL query:
PREFIX sg: <https://sparqling-genomics.org/0.99.11/>
PREFIX vc: <sg://0.99.11/vcf2rdf/>
PREFIX v: <sg://0.99.11/vcf2rdf/variant/>
PREFIX gt: <sg://0.99.11/vcf2rdf/format/GT/>
PREFIX hdr: <sg://0.99.11/vcf2rdf/header/>
PREFIX faldo: <http://biohackathon.org/resource/faldo#>
PREFIX rdfs: <http://www.w3.org/2000/01/rdf-schema#>
PREFIX xsd: <http://www.w3.org/2001/XMLSchema#>
# SPARQLing Genomics vcf2rdf 0.99.11, default options. It writes one vc:VariantCall per record and
# sample, and only for calls with a non-reference allele; there is no record node. Call IRIs are
# origin://<md5>@<k> with k = record index x samples + sample index (doc/command-line-tools.tex),
# so records are regrouped on floor(k / samples). Only the first ALT allele is written.
SELECT ?chrom ?windowIndex (COUNT(?record) AS ?recordCount)
WHERE {
  {
    SELECT ?record (SAMPLE(?chromIri) AS ?chromValue) (SAMPLE(?position) AS ?pos)
    WHERE {
    { SELECT (COUNT(DISTINCT ?sampleNode) AS ?samples) WHERE { ?sampleNode a sg:Sample } }
      ?call a vc:VariantCall ; faldo:reference ?chromIri ; faldo:position ?position .
    BIND(xsd:integer(FLOOR(xsd:integer(STRAFTER(STR(?call), "@")) / ?samples)) AS ?record)
    }
    GROUP BY ?record
  }
  BIND(STRAFTER(STR(?chromValue), "http://www.ncbi.nlm.nih.gov/nuccore/") AS ?chrom)
  BIND(xsd:integer(FLOOR((xsd:integer(?pos) - 1) / 1000000)) AS ?windowIndex)
}
GROUP BY ?chrom ?windowIndex
ORDER BY ?chrom ?windowIndex

2026-10-08 17:12:48.991 - INFO: Requested media types of the result are: "application/sparql-results+json"
2026-10-08 17:12:48.992 - INFO: Query planning done in 4 ms
2026-10-08 17:12:49.348 - INFO: Result has size 78 x 3
2026-10-08 17:12:49.349 - INFO: Done processing query and sending result, total time was 361 ms
2026-10-08 17:12:49.351 - INFO: 
2026-10-08 17:12:49.351 - INFO: Request received via POST, content type "application/x-www-form-urlencoded"
2026-10-08 17:12:49.356 - INFO: Processing the following SPARQL query:
PREFIX sg: <https://sparqling-genomics.org/0.99.11/>
PREFIX vc: <sg://0.99.11/vcf2rdf/>
PREFIX v: <sg://0.99.11/vcf2rdf/variant/>
PREFIX gt: <sg://0.99.11/vcf2rdf/format/GT/>
PREFIX hdr: <sg://0.99.11/vcf2rdf/header/>
PREFIX faldo: <http://biohackathon.org/resource/faldo#>
PREFIX rdfs: <http://www.w3.org/2000/01/rdf-schema#>
PREFIX xsd: <http://www.w3.org/2001/XMLSchema#>
# SPARQLing Genomics vcf2rdf 0.99.11, default options. It writes one vc:VariantCall per record and
# sample, and only for calls with a non-reference allele; there is no record node. Call IRIs are
# origin://<md5>@<k> with k = record index x samples + sample index (doc/command-line-tools.tex),
# so records are regrouped on floor(k / samples). Only the first ALT allele is written.
# Only the first ALT is written, so a record is read as multiallelic when one of its written calls
# carries an allele index of 2 or more.
SELECT ?variantClass (COUNT(?record) AS ?recordCount)
WHERE {
  {
    SELECT ?record (SAMPLE(?refIri) AS ?refValue) (SAMPLE(?altIri) AS ?altValue)
           (MAX(COALESCE(?alleleIndex, 0)) AS ?maxAllele)
    WHERE {
    { SELECT (COUNT(DISTINCT ?sampleNode) AS ?samples) WHERE { ?sampleNode a sg:Sample } }
      ?call a vc:VariantCall ; v:REF ?refIri ; v:ALT ?altIri .
      OPTIONAL { ?call ?gtPredicate ?alleleIndex
                 FILTER(STRSTARTS(STR(?gtPredicate), "sg://0.99.11/vcf2rdf/format/GT/allele_")) }
    BIND(xsd:integer(FLOOR(xsd:integer(STRAFTER(STR(?call), "@")) / ?samples)) AS ?record)
    }
    GROUP BY ?record
  }
  BIND(UCASE(STRAFTER(STR(?refValue), "sg://0.99.11/vcf2rdf/sequence/")) AS ?ref)
  BIND(UCASE(STRAFTER(STR(?altValue), "sg://0.99.11/vcf2rdf/sequence/")) AS ?alt)
  BIND(IF(?alt = ".", "NO_ALT", IF(?maxAllele >= 2, "MULTIALLELIC",
    IF(?alt = "*" || CONTAINS(?alt, "[") || CONTAINS(?alt, "]") ||
       (STRSTARTS(?alt, "<") && STRENDS(?alt, ">")), "SYMBOLIC_OR_BREAKEND",
    IF(!REGEX(?ref, "^[ACGTN]+$") || !REGEX(?alt, "^[ACGTN]+$"), "OTHER",
    IF(STRLEN(?ref) = 1 && STRLEN(?alt) = 1, "SNV",
    IF(STRLEN(?ref) = STRLEN(?alt), "MNV_OR_EQUAL_LENGTH_SUBSTITUTION",
    IF(STRLEN(?ref) < STRLEN(?alt), "INSERTION_SHAPE", "DELETION_SHAPE"))))))) AS ?variantClass)
}
GROUP BY ?variantClass
ORDER BY ?variantClass

2026-10-08 17:12:49.356 - INFO: Requested media types of the result are: "application/sparql-results+json"
2026-10-08 17:12:49.357 - INFO: Query planning done in 6 ms
2026-10-08 17:12:53.953 - INFO: Result has size 4 x 2
2026-10-08 17:12:53.954 - INFO: Done processing query and sending result, total time was 4,603 ms
2026-10-08 17:12:53.955 - INFO: 
2026-10-08 17:12:53.955 - INFO: Request received via POST, content type "application/x-www-form-urlencoded"
2026-10-08 17:12:53.958 - INFO: Processing the following SPARQL query:
PREFIX sg: <https://sparqling-genomics.org/0.99.11/>
PREFIX vc: <sg://0.99.11/vcf2rdf/>
PREFIX v: <sg://0.99.11/vcf2rdf/variant/>
PREFIX gt: <sg://0.99.11/vcf2rdf/format/GT/>
PREFIX hdr: <sg://0.99.11/vcf2rdf/header/>
PREFIX faldo: <http://biohackathon.org/resource/faldo#>
PREFIX rdfs: <http://www.w3.org/2000/01/rdf-schema#>
PREFIX xsd: <http://www.w3.org/2001/XMLSchema#>
# SPARQLing Genomics vcf2rdf 0.99.11, default options. It writes one vc:VariantCall per record and
# sample, and only for calls with a non-reference allele; there is no record node. Call IRIs are
# origin://<md5>@<k> with k = record index x samples + sample index (doc/command-line-tools.tex),
# so records are regrouped on floor(k / samples). Only the first ALT allele is written.
SELECT (COUNT(?record) AS ?biallelicSnvCount) (SUM(?isTransition) AS ?transitionCount)
       (SUM(1 - ?isTransition) AS ?transversionCount)
WHERE {
  {
    SELECT ?record (SAMPLE(?refIri) AS ?refValue) (SAMPLE(?altIri) AS ?altValue)
           (MAX(COALESCE(?alleleIndex, 0)) AS ?maxAllele)
    WHERE {
    { SELECT (COUNT(DISTINCT ?sampleNode) AS ?samples) WHERE { ?sampleNode a sg:Sample } }
      ?call a vc:VariantCall ; v:REF ?refIri ; v:ALT ?altIri .
      OPTIONAL { ?call ?gtPredicate ?alleleIndex
                 FILTER(STRSTARTS(STR(?gtPredicate), "sg://0.99.11/vcf2rdf/format/GT/allele_")) }
    BIND(xsd:integer(FLOOR(xsd:integer(STRAFTER(STR(?call), "@")) / ?samples)) AS ?record)
    }
    GROUP BY ?record
  }
  BIND(UCASE(STRAFTER(STR(?refValue), "sg://0.99.11/vcf2rdf/sequence/")) AS ?ref)
  BIND(UCASE(STRAFTER(STR(?altValue), "sg://0.99.11/vcf2rdf/sequence/")) AS ?alt)
  FILTER(?maxAllele < 2 && REGEX(?ref, "^[ACGT]$") && REGEX(?alt, "^[ACGT]$") && ?ref != ?alt)
  BIND(IF(CONCAT(?ref, ?alt) IN ("AG", "GA", "CT", "TC"), 1, 0) AS ?isTransition)
}

2026-10-08 17:12:53.958 - INFO: Requested media types of the result are: "application/sparql-results+json"
2026-10-08 17:12:53.959 - INFO: Query planning done in 3 ms
2026-10-08 17:12:53.990 - INFO: Result has unknown size (not computed yet)
2026-10-08 17:12:54.026 - INFO: Done processing query and sending result, total time was 71 ms
2026-10-08 17:12:54.028 - INFO: 
2026-10-08 17:12:54.028 - INFO: Request received via POST, content type "application/x-www-form-urlencoded"
2026-10-08 17:12:54.029 - INFO: Processing the following SPARQL query:
PREFIX sg: <https://sparqling-genomics.org/0.99.11/>
PREFIX vc: <sg://0.99.11/vcf2rdf/>
PREFIX v: <sg://0.99.11/vcf2rdf/variant/>
PREFIX gt: <sg://0.99.11/vcf2rdf/format/GT/>
PREFIX hdr: <sg://0.99.11/vcf2rdf/header/>
PREFIX faldo: <http://biohackathon.org/resource/faldo#>
PREFIX rdfs: <http://www.w3.org/2000/01/rdf-schema#>
PREFIX xsd: <http://www.w3.org/2001/XMLSchema#>
# SPARQLing Genomics vcf2rdf 0.99.11, default options. It writes one vc:VariantCall per record and
# sample, and only for calls with a non-reference allele; there is no record node. Call IRIs are
# origin://<md5>@<k> with k = record index x samples + sample index (doc/command-line-tools.tex),
# so records are regrouped on floor(k / samples). Only the first ALT allele is written.
# One v:FILTER IRI per FILTER value (vc:PASS for PASS); "." writes none. Multiple filters lose their
# file order, so they are joined in sorted order.
SELECT ?filterStatus ?filterLexical (COUNT(?record) AS ?recordCount)
WHERE {
  {
    SELECT ?record (GROUP_CONCAT(DISTINCT ?filterId; separator=";") AS ?filters)
    WHERE {
    { SELECT (COUNT(DISTINCT ?sampleNode) AS ?samples) WHERE { ?sampleNode a sg:Sample } }
      ?call a vc:VariantCall .
      OPTIONAL { ?call v:FILTER ?filterIri BIND(STRAFTER(STR(?filterIri), "sg://0.99.11/vcf2rdf/") AS ?filterId) }
    BIND(xsd:integer(FLOOR(xsd:integer(STRAFTER(STR(?call), "@")) / ?samples)) AS ?record)
    }
    GROUP BY ?record
  }
  BIND(IF(COALESCE(?filters, "") = "", ".", ?filters) AS ?filterLexical)
  BIND(IF(?filterLexical = "PASS", "PASS", IF(?filterLexical = ".", "NOT_APPLIED", "FAILED")) AS ?filterStatus)
}
GROUP BY ?filterStatus ?filterLexical
ORDER BY ?filterStatus ?filterLexical

2026-10-08 17:12:54.029 - INFO: Requested media types of the result are: "application/sparql-results+json"
2026-10-08 17:12:54.030 - INFO: Query planning done in 2 ms
2026-10-08 17:12:54.455 - INFO: Result has size 1 x 3
2026-10-08 17:12:54.456 - INFO: Done processing query and sending result, total time was 428 ms
2026-10-08 17:12:54.457 - INFO: 
2026-10-08 17:12:54.457 - INFO: Request received via POST, content type "application/x-www-form-urlencoded"
2026-10-08 17:12:54.459 - INFO: Processing the following SPARQL query:
PREFIX sg: <https://sparqling-genomics.org/0.99.11/>
PREFIX vc: <sg://0.99.11/vcf2rdf/>
PREFIX v: <sg://0.99.11/vcf2rdf/variant/>
PREFIX gt: <sg://0.99.11/vcf2rdf/format/GT/>
PREFIX hdr: <sg://0.99.11/vcf2rdf/header/>
PREFIX faldo: <http://biohackathon.org/resource/faldo#>
PREFIX rdfs: <http://www.w3.org/2000/01/rdf-schema#>
PREFIX xsd: <http://www.w3.org/2001/XMLSchema#>
# SPARQLing Genomics vcf2rdf 0.99.11, default options. It writes one vc:VariantCall per record and
# sample, and only for calls with a non-reference allele; there is no record node. Call IRIs are
# origin://<md5>@<k> with k = record index x samples + sample index (doc/command-line-tools.tex),
# so records are regrouped on floor(k / samples). Only the first ALT allele is written.
# Calls are written only when they carry a non-reference allele, so HOM_REF, HAPLOID_REF and
# fully missing calls are absent from the graph.
SELECT ?sampleId ?genotypeClass (COUNT(?call) AS ?callCount)
WHERE {
  ?call a vc:VariantCall ; sg:sample ?sample ; vc:ploidy ?ploidy ; gt:allele_1 ?a1 .
  ?sample rdfs:label ?label .
  OPTIONAL { ?call gt:allele_2 ?a2 }
  OPTIONAL { ?call gt:allele_3 ?a3 }
  BIND(STR(?label) AS ?sampleId)
  BIND(IF(?a1 < 0 || COALESCE(?a2, 0) < 0 || COALESCE(?a3, 0) < 0, "MISSING",
    IF(?ploidy >= 3, "OTHER_PLOIDY",
    IF(?ploidy = 1, IF(?a1 = 0, "HAPLOID_REF", "HAPLOID_ALT"),
    IF(?a1 = ?a2, IF(?a1 = 0, "HOM_REF", "HOM_ALT"), "HET")))) AS ?genotypeClass)
}
GROUP BY ?sampleId ?genotypeClass
ORDER BY ?sampleId ?genotypeClass

2026-10-08 17:12:54.459 - INFO: Requested media types of the result are: "application/sparql-results+json"
2026-10-08 17:12:54.460 - INFO: Query planning done in 3 ms
2026-10-08 17:12:54.765 - INFO: Result has size 2 x 3
2026-10-08 17:12:54.765 - INFO: Done processing query and sending result, total time was 308 ms
2026-10-08 17:12:54.766 - INFO: 
2026-10-08 17:12:54.766 - INFO: Request received via POST, content type "application/x-www-form-urlencoded"
2026-10-08 17:12:54.768 - INFO: Processing the following SPARQL query:
PREFIX sg: <https://sparqling-genomics.org/0.99.11/>
PREFIX vc: <sg://0.99.11/vcf2rdf/>
PREFIX v: <sg://0.99.11/vcf2rdf/variant/>
PREFIX gt: <sg://0.99.11/vcf2rdf/format/GT/>
PREFIX hdr: <sg://0.99.11/vcf2rdf/header/>
PREFIX faldo: <http://biohackathon.org/resource/faldo#>
PREFIX rdfs: <http://www.w3.org/2000/01/rdf-schema#>
PREFIX xsd: <http://www.w3.org/2001/XMLSchema#>
# SPARQLing Genomics vcf2rdf 0.99.11, default options. It writes one vc:VariantCall per record and
# sample, and only for calls with a non-reference allele; there is no record node. Call IRIs are
# origin://<md5>@<k> with k = record index x samples + sample index (doc/command-line-tools.tex),
# so records are regrouped on floor(k / samples). Only the first ALT allele is written.
# AN and AC from the written calls' allele indices. Calls without a non-reference allele are not
# written, so on a multi-sample file AN covers only the carriers.
SELECT ?an ?ac (COUNT(?record) AS ?siteCount)
WHERE {
  {
    SELECT ?record (SUM(?callAn) AS ?an) (SUM(?callAc) AS ?ac) (MAX(?callMax) AS ?maxAllele)
    WHERE {
    { SELECT (COUNT(DISTINCT ?sampleNode) AS ?samples) WHERE { ?sampleNode a sg:Sample } }
      ?call a vc:VariantCall ; vc:ploidy ?ploidy ; gt:allele_1 ?a1 .
      OPTIONAL { ?call gt:allele_2 ?a2 }
    BIND(xsd:integer(FLOOR(xsd:integer(STRAFTER(STR(?call), "@")) / ?samples)) AS ?record)
      BIND(IF(?ploidy = 1 && ?a1 IN (0, 1), 1,
           IF(?ploidy = 2 && ?a1 IN (0, 1) && COALESCE(?a2, -1) IN (0, 1), 2, 0)) AS ?callAn)
      BIND(IF(?callAn > 0, ?a1 + COALESCE(?a2, 0), 0) AS ?callAc)
      BIND(IF(COALESCE(?a2, -1) > ?a1, ?a2, ?a1) AS ?callMax)
    }
    GROUP BY ?record
  }
  FILTER(?an > 0 && ?maxAllele < 2)
}
GROUP BY ?an ?ac
ORDER BY ?an ?ac

2026-10-08 17:12:54.768 - INFO: Requested media types of the result are: "application/sparql-results+json"
2026-10-08 17:12:54.769 - INFO: Query planning done in 2 ms
2026-10-08 17:12:55.053 - INFO: Result has size 2 x 3
2026-10-08 17:12:55.054 - INFO: Done processing query and sending result, total time was 287 ms
2026-10-08 17:12:55.055 - INFO: 
2026-10-08 17:12:55.055 - INFO: Request received via POST, content type "application/x-www-form-urlencoded"
2026-10-08 17:12:55.056 - INFO: Processing the following SPARQL query:
PREFIX sg: <https://sparqling-genomics.org/0.99.11/>
PREFIX vc: <sg://0.99.11/vcf2rdf/>
PREFIX v: <sg://0.99.11/vcf2rdf/variant/>
PREFIX gt: <sg://0.99.11/vcf2rdf/format/GT/>
PREFIX hdr: <sg://0.99.11/vcf2rdf/header/>
PREFIX faldo: <http://biohackathon.org/resource/faldo#>
PREFIX rdfs: <http://www.w3.org/2000/01/rdf-schema#>
PREFIX xsd: <http://www.w3.org/2001/XMLSchema#>
# SPARQLing Genomics vcf2rdf 0.99.11, default options. It writes one vc:VariantCall per record and
# sample, and only for calls with a non-reference allele; there is no record node. Call IRIs are
# origin://<md5>@<k> with k = record index x samples + sample index (doc/command-line-tools.tex),
# so records are regrouped on floor(k / samples). Only the first ALT allele is written.
# A simple ##key=value line becomes hdr:<key> hdr:<key> "value". Independent OPTIONALs give exactly
# one row, with "(absent)" for a key the graph does not hold.
SELECT (COALESCE(?ff, "(absent)") AS ?fileFormat)
       (COALESCE(?rg, "(absent)") AS ?referenceGenome)
       (COALESCE(?ss, "(absent)") AS ?sourceSoftware)
WHERE {
  OPTIONAL { hdr:fileformat hdr:fileformat ?ffLiteral BIND(STR(?ffLiteral) AS ?ff) }
  OPTIONAL { hdr:reference hdr:reference ?rgLiteral BIND(STR(?rgLiteral) AS ?rg) }
  OPTIONAL { hdr:source hdr:source ?ssLiteral BIND(STR(?ssLiteral) AS ?ss) }
}

2026-10-08 17:12:55.056 - INFO: Requested media types of the result are: "application/sparql-results+json"
2026-10-08 17:12:55.056 - INFO: Query planning done in 1 ms
2026-10-08 17:12:55.059 - INFO: Result has unknown size (not computed yet)
2026-10-08 17:12:55.060 - INFO: Done processing query and sending result, total time was 4 ms
2026-10-08 17:12:55.061 - INFO: 
2026-10-08 17:12:55.061 - INFO: Request received via POST, content type "application/x-www-form-urlencoded"
2026-10-08 17:12:55.062 - INFO: Processing the following SPARQL query:
PREFIX sg: <https://sparqling-genomics.org/0.99.11/>
PREFIX vc: <sg://0.99.11/vcf2rdf/>
PREFIX v: <sg://0.99.11/vcf2rdf/variant/>
PREFIX gt: <sg://0.99.11/vcf2rdf/format/GT/>
PREFIX hdr: <sg://0.99.11/vcf2rdf/header/>
PREFIX faldo: <http://biohackathon.org/resource/faldo#>
PREFIX rdfs: <http://www.w3.org/2000/01/rdf-schema#>
PREFIX xsd: <http://www.w3.org/2001/XMLSchema#>
# SPARQLing Genomics vcf2rdf 0.99.11, default options. It writes one vc:VariantCall per record and
# sample, and only for calls with a non-reference allele; there is no record node. Call IRIs are
# origin://<md5>@<k> with k = record index x samples + sample index (doc/command-line-tools.tex),
# so records are regrouped on floor(k / samples). Only the first ALT allele is written.
# INFO, FORMAT, FILTER, contig and ALT definitions are typed items; a simple ##key=value line is
# hdr:<key> hdr:<key> "value". A structured line with any other key loses that key.
SELECT ?headerKey (COUNT(DISTINCT ?item) AS ?lineCount)
WHERE {
  { ?item a vc:InfoItem BIND("INFO" AS ?headerKey) }
  UNION { ?item a vc:FormatItem BIND("FORMAT" AS ?headerKey) }
  UNION { ?item a vc:FilterItem BIND("FILTER" AS ?headerKey) }
  UNION { ?item a vc:ContigItem BIND("contig" AS ?headerKey) }
  UNION { ?item a vc:AltItem BIND("ALT" AS ?headerKey) }
  UNION { ?headerItem a vc:HeaderItem ; ?predicate ?item FILTER(?predicate = ?headerItem)
          BIND(STRAFTER(STR(?headerItem), "sg://0.99.11/vcf2rdf/header/") AS ?headerKey) }
}
GROUP BY ?headerKey
ORDER BY ?headerKey

2026-10-08 17:12:55.062 - INFO: Requested media types of the result are: "application/sparql-results+json"
2026-10-08 17:12:55.062 - INFO: Query planning done in 1 ms
2026-10-08 17:12:55.111 - INFO: Result has size 8 x 2
2026-10-08 17:12:55.111 - INFO: Done processing query and sending result, total time was 50 ms
