Step 1/5: Validating inputs ✅
  Metrics: /home/ubuntu/vcf-rdfizer-testing/benchmarks_outputs/12_modes_smoke/phaseA_convert/out/run_metrics/test-1k__20260915T010029
  Detailed logs: /home/ubuntu/vcf-rdfizer-testing/benchmarks_outputs/12_modes_smoke/phaseA_convert/out/run_metrics/test-1k__20260915T010029/logs/wrapper.log
  Progress log: /home/ubuntu/vcf-rdfizer-testing/benchmarks_outputs/12_modes_smoke/phaseA_convert/out/run_metrics/test-1k__20260915T010029/logs/progress.log
Step 2/5: Ensuring Docker image is available ✅
Step 3/5: Processing per-input pipeline (TSV -> RDF -> compression)
  Spark partition hint: 8
  Sample representation: expanded
  INFO representation: structured
  Header representation: structured
  - Input 1/1: test-1k.vcf
    * TSV conversion ✅
    * VCF version: VCFv4.2 (detected)
    * RDF conversion ✅
    * Streaming expanded multi-sample RDF (no expanded helper TSVs)
    * Sample calls streamed: 986; FORMAT values: 1,972
    * Streaming structured header RDF
    * Header lines typed: 13; contigs: 2
    * Streaming QUAL and structured INFO RDF
    * QUAL values streamed: 986; INFO values: 2,958; declarations: 3
    * Triples produced: 94,919
    * Compression ✅
    * Output directory: /home/ubuntu/vcf-rdfizer-testing/benchmarks_outputs/12_modes_smoke/phaseA_convert/out/test-1k
      - RDF aggregate: test-1k.nt.gz
      - RDF (.gz): 396.07 KB (retained because it is also the selected gzip artifact)
      - gzip (.nt.gz): 396.07 KB
      - HDT (.hdt): 554.87 KB (/home/ubuntu/vcf-rdfizer-testing/benchmarks_outputs/12_modes_smoke/phaseA_convert/out/test-1k/test-1k.hdt)
      - COTTAS (.cottas): 168.21 KB (/home/ubuntu/vcf-rdfizer-testing/benchmarks_outputs/12_modes_smoke/phaseA_convert/out/test-1k/test-1k.cottas)
Total triples produced (full run): 94,919
Conversion process finished.
Run time (full mode): 25.51s
Timing log: /home/ubuntu/vcf-rdfizer-testing/benchmarks_outputs/12_modes_smoke/phaseA_convert/out/run_metrics/test-1k__20260915T010029/wrapper_execution_times.csv
Metrics summary: /home/ubuntu/vcf-rdfizer-testing/benchmarks_outputs/12_modes_smoke/phaseA_convert/out/run_metrics/test-1k__20260915T010029/summary.json
