Step 1/5: Validating inputs ✅
  Metrics: /home/ubuntu/vrdev-test/acmg-run/results/17_use_case_acmg__cohort/convert__NA19006/out/run_metrics/NA19006.acmg__20260928T150546
  Detailed logs: /home/ubuntu/vrdev-test/acmg-run/results/17_use_case_acmg__cohort/convert__NA19006/out/run_metrics/NA19006.acmg__20260928T150546/logs/wrapper.log
  Progress log: /home/ubuntu/vrdev-test/acmg-run/results/17_use_case_acmg__cohort/convert__NA19006/out/run_metrics/NA19006.acmg__20260928T150546/logs/progress.log
Step 2/5: Ensuring Docker image is available ✅
Step 3/5: Processing per-input pipeline (TSV -> RDF -> compression)
  Sample representation: expanded
  INFO representation: structured
  Header representation: structured
  - Input 1/1: NA19006.acmg.vcf
    * TSV conversion ✅
    * VCF version: VCFv4.2 (detected)
    * RDF conversion ✅
    * Streaming expanded multi-sample RDF (no expanded helper TSVs)
    * Sample RDF streaming: 10,000 variants, 10,000 calls
    * Sample calls streamed: 11,207; FORMAT values: 11,207
    * Streaming structured header RDF
    * Header lines typed: 133; contigs: 24
    * Streaming QUAL and structured INFO RDF
    * INFO RDF streaming: 10,000 variants, 730,072 values
    * QUAL values streamed: 11,207; INFO values: 819,294; declarations: 91
    * Triples produced: 9,003,167
    * Compression ✅
    * Output directory: /home/ubuntu/vrdev-test/acmg-run/results/17_use_case_acmg__cohort/convert__NA19006/out/NA19006.acmg
      - RDF aggregate: NA19006.acmg.nt
      - N-Triples (.nt): 1.21 GB (removed after successful compression)
      - gzip (.nt.gz): 56.85 MB
Total triples produced (full run): 9,003,167
Conversion process finished.
Run time (full mode): 34.87s
Timing log: /home/ubuntu/vrdev-test/acmg-run/results/17_use_case_acmg__cohort/convert__NA19006/out/run_metrics/NA19006.acmg__20260928T150546/wrapper_execution_times.csv
Metrics summary: /home/ubuntu/vrdev-test/acmg-run/results/17_use_case_acmg__cohort/convert__NA19006/out/run_metrics/NA19006.acmg__20260928T150546/summary.json
