Step 1/5: Validating inputs ✅
  Metrics: /home/ubuntu/vrdev-test/acmg-run/results/17_use_case_acmg__cohort/convert__HG01917/out/run_metrics/HG01917.acmg__20260928T170439
  Detailed logs: /home/ubuntu/vrdev-test/acmg-run/results/17_use_case_acmg__cohort/convert__HG01917/out/run_metrics/HG01917.acmg__20260928T170439/logs/wrapper.log
  Progress log: /home/ubuntu/vrdev-test/acmg-run/results/17_use_case_acmg__cohort/convert__HG01917/out/run_metrics/HG01917.acmg__20260928T170439/logs/progress.log
Step 2/5: Ensuring Docker image is available ✅
Step 3/5: Processing per-input pipeline (TSV -> RDF -> compression)
  Sample representation: expanded
  INFO representation: structured
  Header representation: structured
  - Input 1/1: HG01917.acmg.vcf
    * TSV conversion ✅
    * VCF version: VCFv4.2 (detected)
    * RDF conversion ✅
    * Streaming expanded multi-sample RDF (no expanded helper TSVs)
    * Sample RDF streaming: 10,000 variants, 10,000 calls
    * Sample calls streamed: 10,085; FORMAT values: 10,085
    * Streaming structured header RDF
    * Header lines typed: 43; contigs: 24
    * Streaming QUAL and structured INFO RDF
    * INFO RDF streaming: 10,000 variants, 0 values
    * QUAL values streamed: 10,085; INFO values: 0; declarations: 0
    * Triples produced: 594,668
    * Compression ✅
    * Output directory: /home/ubuntu/vrdev-test/acmg-run/results/17_use_case_acmg__cohort/convert__HG01917/out/HG01917.acmg
      - RDF aggregate: HG01917.acmg.nt
      - N-Triples (.nt): 76.18 MB (removed after successful compression)
      - gzip (.nt.gz): 2.75 MB
Total triples produced (full run): 594,668
Conversion process finished.
Run time (full mode): 15.29s
Timing log: /home/ubuntu/vrdev-test/acmg-run/results/17_use_case_acmg__cohort/convert__HG01917/out/run_metrics/HG01917.acmg__20260928T170439/wrapper_execution_times.csv
Metrics summary: /home/ubuntu/vrdev-test/acmg-run/results/17_use_case_acmg__cohort/convert__HG01917/out/run_metrics/HG01917.acmg__20260928T170439/summary.json
