[2026-09-24T11:49:22] Run started (mode=full)
[2026-09-24T11:49:22] Checking Docker availability
[2026-09-24T11:49:23] Docker availability check passed
[2026-09-24T11:49:23] Ensuring image available: ecrum19/vcf-rdfizer:3.1.0
[2026-09-24T11:49:23] Image ready
[2026-09-24T11:49:23] Writeability checks passed
[2026-09-24T11:49:23] Full pipeline started
[2026-09-24T11:49:23] Input 1/1 started: HG005_GRCh38_r100000
[2026-09-24T11:49:25] Input 1: TSV conversion completed for HG005_GRCh38_r100000
[2026-09-24T11:49:43] Input 1: RDF conversion completed for HG005_GRCh38_r100000
[2026-09-24T12:09:54] Input 1: compression completed for HG005_GRCh38_r100000
[2026-09-24T12:09:54] Validation started: HG005_GRCh38_r100000
[2026-09-24T12:14:37] Validation completed: HG005_GRCh38_r100000 (PASS)
[2026-09-24T12:14:37] Validation started: HG005_GRCh38_r100000__hdt
[2026-09-24T12:19:41] Validation completed: HG005_GRCh38_r100000__hdt (PASS)
[2026-09-24T12:19:41] Validation started: HG005_GRCh38_r100000__cottas
[2026-09-24T12:24:35] Validation completed: HG005_GRCh38_r100000__cottas (PASS)
[2026-09-24T12:24:35] Input 1/1 completed: HG005_GRCh38_r100000
[2026-09-24T12:24:35] Full pipeline finished successfully
[2026-09-24T12:24:35] Run finished (exit_code=0)
