Step 1/5: Validating inputs ✅
  Metrics: /home/ubuntu/vrdev-test/acmg-run/results/17_use_case_acmg__cohort/convert__HG00717/out/run_metrics/HG00717.acmg__20260928T144607
  Detailed logs: /home/ubuntu/vrdev-test/acmg-run/results/17_use_case_acmg__cohort/convert__HG00717/out/run_metrics/HG00717.acmg__20260928T144607/logs/wrapper.log
  Progress log: /home/ubuntu/vrdev-test/acmg-run/results/17_use_case_acmg__cohort/convert__HG00717/out/run_metrics/HG00717.acmg__20260928T144607/logs/progress.log
Step 2/5: Ensuring Docker image is available ✅
Step 3/5: Processing per-input pipeline (TSV -> RDF -> compression)
  Sample representation: expanded
  INFO representation: structured
  Header representation: structured
  - Input 1/1: HG00717.acmg.vcf
    * TSV conversion ✅
    * VCF version: VCFv4.2 (detected)
    * RDF conversion ✅
    * Streaming expanded multi-sample RDF (no expanded helper TSVs)
    * Sample RDF streaming: 10,000 variants, 10,000 calls
    * Sample calls streamed: 11,301; FORMAT values: 11,301
    * Streaming structured header RDF
    * Header lines typed: 133; contigs: 24
    * Streaming QUAL and structured INFO RDF
    * INFO RDF streaming: 10,000 variants, 730,051 values
    * QUAL values streamed: 11,301; INFO values: 826,179; declarations: 91
    * Triples produced: 9,079,512
    * Compression ✅
    * Output directory: /home/ubuntu/vrdev-test/acmg-run/results/17_use_case_acmg__cohort/convert__HG00717/out/HG00717.acmg
      - RDF aggregate: HG00717.acmg.nt
      - N-Triples (.nt): 1.22 GB (removed after successful compression)
      - gzip (.nt.gz): 57.37 MB
Total triples produced (full run): 9,079,512
Conversion process finished.
Run time (full mode): 34.74s
Timing log: /home/ubuntu/vrdev-test/acmg-run/results/17_use_case_acmg__cohort/convert__HG00717/out/run_metrics/HG00717.acmg__20260928T144607/wrapper_execution_times.csv
Metrics summary: /home/ubuntu/vrdev-test/acmg-run/results/17_use_case_acmg__cohort/convert__HG00717/out/run_metrics/HG00717.acmg__20260928T144607/summary.json
