Step 1/5: Validating inputs ✅
  Metrics: /home/ubuntu/vrdev-test/acmg-run/results/17_use_case_acmg__cohort/convert__HG03660/out/run_metrics/HG03660.acmg__20260928T152055
  Detailed logs: /home/ubuntu/vrdev-test/acmg-run/results/17_use_case_acmg__cohort/convert__HG03660/out/run_metrics/HG03660.acmg__20260928T152055/logs/wrapper.log
  Progress log: /home/ubuntu/vrdev-test/acmg-run/results/17_use_case_acmg__cohort/convert__HG03660/out/run_metrics/HG03660.acmg__20260928T152055/logs/progress.log
Step 2/5: Ensuring Docker image is available ✅
Step 3/5: Processing per-input pipeline (TSV -> RDF -> compression)
  Sample representation: expanded
  INFO representation: structured
  Header representation: structured
  - Input 1/1: HG03660.acmg.vcf
    * TSV conversion ✅
    * VCF version: VCFv4.2 (detected)
    * RDF conversion ✅
    * Streaming expanded multi-sample RDF (no expanded helper TSVs)
    * Sample RDF streaming: 10,000 variants, 10,000 calls
    * Sample calls streamed: 10,738; FORMAT values: 10,738
    * Streaming structured header RDF
    * Header lines typed: 133; contigs: 24
    * Streaming QUAL and structured INFO RDF
    * INFO RDF streaming: 10,000 variants, 730,072 values
    * QUAL values streamed: 10,738; INFO values: 785,244; declarations: 91
    * Triples produced: 8,628,916
    * Compression ✅
    * Output directory: /home/ubuntu/vrdev-test/acmg-run/results/17_use_case_acmg__cohort/convert__HG03660/out/HG03660.acmg
      - RDF aggregate: HG03660.acmg.nt
      - N-Triples (.nt): 1.16 GB (removed after successful compression)
      - gzip (.nt.gz): 54.46 MB
Total triples produced (full run): 8,628,916
Conversion process finished.
Run time (full mode): 33.55s
Timing log: /home/ubuntu/vrdev-test/acmg-run/results/17_use_case_acmg__cohort/convert__HG03660/out/run_metrics/HG03660.acmg__20260928T152055/wrapper_execution_times.csv
Metrics summary: /home/ubuntu/vrdev-test/acmg-run/results/17_use_case_acmg__cohort/convert__HG03660/out/run_metrics/HG03660.acmg__20260928T152055/summary.json
