TSV conversion: HG03234.acmg: started
TSV conversion: HG03234.acmg: finished
RMLStreamer: HG03234.acmg: started
  RMLStreamer: HG03234.acmg: rmlstreamer started — 0 B · 0 parts
  RMLStreamer: HG03234.acmg: rmlstreamer heartbeat — 0 B · 0 parts
  RMLStreamer: HG03234.acmg: rmlstreamer heartbeat — 397.09 KB · 8 parts
  RMLStreamer: HG03234.acmg: rmlstreamer heartbeat — 10.63 MB · 8 parts
  RMLStreamer: HG03234.acmg: rmlstreamer complete — 10.63 MB · 8 parts
  RMLStreamer: HG03234.acmg: rdf-aggregate started — 0 parts
  RMLStreamer: HG03234.acmg: rdf-aggregate part — 1 parts
  RMLStreamer: HG03234.acmg: rdf-aggregate part — 2 parts
  RMLStreamer: HG03234.acmg: rdf-aggregate part — 3 parts
  RMLStreamer: HG03234.acmg: rdf-aggregate part — 4 parts
  RMLStreamer: HG03234.acmg: rdf-aggregate part — 5 parts
  RMLStreamer: HG03234.acmg: rdf-aggregate part — 6 parts
  RMLStreamer: HG03234.acmg: rdf-aggregate part — 7 parts
  RMLStreamer: HG03234.acmg: rdf-aggregate part — 8 parts
  RMLStreamer: HG03234.acmg: rdf-aggregate complete — 8 parts
RMLStreamer: HG03234.acmg: finished
Gzip: HG03234.acmg: started
Gzip: HG03234.acmg: finished
