Step 1/5: Validating inputs ✅
  Metrics: /home/ubuntu/vrdev-test/acmg-run/results/17_use_case_acmg__cohort/convert__HG02255/out/run_metrics/HG02255.acmg__20260928T143035
  Detailed logs: /home/ubuntu/vrdev-test/acmg-run/results/17_use_case_acmg__cohort/convert__HG02255/out/run_metrics/HG02255.acmg__20260928T143035/logs/wrapper.log
  Progress log: /home/ubuntu/vrdev-test/acmg-run/results/17_use_case_acmg__cohort/convert__HG02255/out/run_metrics/HG02255.acmg__20260928T143035/logs/progress.log
Step 2/5: Ensuring Docker image is available ✅
Step 3/5: Processing per-input pipeline (TSV -> RDF -> compression)
  Sample representation: expanded
  INFO representation: structured
  Header representation: structured
  - Input 1/1: HG02255.acmg.vcf
    * TSV conversion ✅
    * VCF version: VCFv4.2 (detected)
    * RDF conversion ✅
    * Streaming expanded multi-sample RDF (no expanded helper TSVs)
    * Sample RDF streaming: 10,000 variants, 10,000 calls
    * Sample calls streamed: 12,663; FORMAT values: 12,663
    * Streaming structured header RDF
    * Header lines typed: 133; contigs: 24
    * Streaming QUAL and structured INFO RDF
    * INFO RDF streaming: 10,000 variants, 730,072 values
    * QUAL values streamed: 12,663; INFO values: 925,464; declarations: 91
    * Triples produced: 10,169,625
    * Compression ✅
    * Output directory: /home/ubuntu/vrdev-test/acmg-run/results/17_use_case_acmg__cohort/convert__HG02255/out/HG02255.acmg
      - RDF aggregate: HG02255.acmg.nt
      - N-Triples (.nt): 1.37 GB (removed after successful compression)
      - gzip (.nt.gz): 63.30 MB
Total triples produced (full run): 10,169,625
Conversion process finished.
Run time (full mode): 37.21s
Timing log: /home/ubuntu/vrdev-test/acmg-run/results/17_use_case_acmg__cohort/convert__HG02255/out/run_metrics/HG02255.acmg__20260928T143035/wrapper_execution_times.csv
Metrics summary: /home/ubuntu/vrdev-test/acmg-run/results/17_use_case_acmg__cohort/convert__HG02255/out/run_metrics/HG02255.acmg__20260928T143035/summary.json
