From github.com:ecrum19/vcf-rdfizer-testing
 * branch            main       -> FETCH_HEAD
   d472e83..89ba0e0  main       -> origin/main
Updating d472e83..89ba0e0
Fast-forward
 benchmarks/06_equivalence.sh | 22 ++++++++++++++++++++++
 benchmarks/AGGREGATION.md    |  2 +-
 benchmarks/RUN_PLAN.md       | 43 +++++++++++++++++++++++++++++++++++++++++--
 3 files changed, 64 insertions(+), 3 deletions(-)
=== 2026-09-17T20:30:56+02:00 vcf-bench-1: 10_feasibility (moved from bench-2) ===
tool    20d2cbb Count FORMAT value items in the oracle, not only INFO ones
harness 89ba0e0 Bound 06's validation so one query cannot consume the run
image   vcf-rdfizer:local-20d2cbb
    - image vcf-rdfizer:local-20d2cbb already built
    - biomedsem profile: manuscript configuration; every claim covered
    -   reps=3 (at scale: 1)  corpus truncated to 250000 records (whole: HG005_GRCh38.vcf.gz)

=== 10_feasibility.sh ===
    - image vcf-rdfizer:local-20d2cbb already built

=== §4.4 feasibility matrix: HG005_GRCh38_r1000000.vcf.gz ===
    - ceilings: 8g 16g 31g

=== ceiling 8g ===
    - defaults__8g
    - lowpeak_chunks__8g
    - lowpeak_condensed__8g

=== ceiling 16g ===
    - defaults__16g
    - lowpeak_chunks__16g
    - lowpeak_condensed__16g

=== ceiling 31g ===
    - defaults__31g
    - lowpeak_chunks__31g
    - lowpeak_condensed__31g
[1m==>[0m Done. Build the structured dataset with:
  python3 /home/ubuntu/vcf-rdfizer-testing/benchmarks/analysis/datasets.py feasibility 10_feasibility

Reading the results:
  * exit_code 0            completed
  * exit_code -9 or 137    the kernel or Docker OOM-killer intervened. This is
                           NOT an invalid-RDF result; check stderr_tail,
                           max_rss_kb and the workspace samples in
                           stages/partitioned/<sample>.json before suspecting
                           the data.
  * anything else          read stderr.log; it is a different failure.

=== Collecting ===
04_scaling_records: 10 cells — 10 ok, 0 non-zero, 0 skipped
  /home/ubuntu/vcf-rdfizer-testing/benchmarks_outputs/04_scaling_records/tidy.csv
07_representation_axes: 20 cells — 20 ok, 0 non-zero, 0 skipped
  /home/ubuntu/vcf-rdfizer-testing/benchmarks_outputs/07_representation_axes/tidy.csv
08_robustness: 8 cells — 8 ok, 0 non-zero, 0 skipped
  /home/ubuntu/vcf-rdfizer-testing/benchmarks_outputs/08_robustness/tidy.csv
09_awkward_inputs: 16 cells — 11 ok, 3 non-zero, 2 skipped
  /home/ubuntu/vcf-rdfizer-testing/benchmarks_outputs/09_awkward_inputs/tidy.csv
  exit 1: awkward_no_records
  exit 1: awkward_sites_only
  exit 1: awkward_truncated
10_feasibility: 9 cells — 9 ok, 0 non-zero, 0 skipped
  /home/ubuntu/vcf-rdfizer-testing/benchmarks_outputs/10_feasibility/tidy.csv
11_covering_set: 10 cells — 10 ok, 0 non-zero, 0 skipped
  /home/ubuntu/vcf-rdfizer-testing/benchmarks_outputs/11_covering_set/tidy.csv
12_modes_smoke: 7 cells — 7 ok, 0 non-zero, 0 skipped
  /home/ubuntu/vcf-rdfizer-testing/benchmarks_outputs/12_modes_smoke/tidy.csv
13_query_cost: 6 cells — 6 ok, 0 non-zero, 0 skipped
  /home/ubuntu/vcf-rdfizer-testing/benchmarks_outputs/13_query_cost/tidy.csv

All selected experiments completed.
RUN_ALL_EXIT=0
wrote /home/ubuntu/vcf-rdfizer-testing/benchmarks_outputs/00_environment/provenance.vcf-bench-1.20d2cbb.json
  tool   20d2cbb Count FORMAT value items in the oracle, not only INFO ones
  image  sha256:b645120b7270b1db0 created 2026-09-13T19:17:20
=== 2026-09-18T05:32:42+02:00 finished ===
