TSV conversion: HGSVC2: started
TSV conversion: HGSVC2: finished
RMLStreamer: HGSVC2: started
  RMLStreamer: HGSVC2: rmlstreamer started — 0 B · 0 parts
  RMLStreamer: HGSVC2: rmlstreamer heartbeat — 0 B · 0 parts
  RMLStreamer: HGSVC2: rmlstreamer heartbeat — 717.00 KB · 8 parts
  RMLStreamer: HGSVC2: rmlstreamer heartbeat — 10.19 MB · 8 parts
  RMLStreamer: HGSVC2: rmlstreamer heartbeat — 41.09 MB · 8 parts
  RMLStreamer: HGSVC2: rmlstreamer heartbeat — 82.80 MB · 8 parts
  RMLStreamer: HGSVC2: rmlstreamer heartbeat — 119.32 MB · 8 parts
  RMLStreamer: HGSVC2: rmlstreamer heartbeat — 149.53 MB · 8 parts
  RMLStreamer: HGSVC2: rmlstreamer heartbeat — 154.98 MB · 8 parts
  RMLStreamer: HGSVC2: rmlstreamer heartbeat — 171.56 MB · 8 parts
  RMLStreamer: HGSVC2: rmlstreamer complete — 171.56 MB · 8 parts
  RMLStreamer: HGSVC2: rdf-aggregate started — 0 parts
  RMLStreamer: HGSVC2: rdf-aggregate part — 1 parts
  RMLStreamer: HGSVC2: rdf-aggregate part — 2 parts
  RMLStreamer: HGSVC2: rdf-aggregate part — 3 parts
  RMLStreamer: HGSVC2: rdf-aggregate part — 4 parts
  RMLStreamer: HGSVC2: rdf-aggregate part — 5 parts
  RMLStreamer: HGSVC2: rdf-aggregate part — 6 parts
  RMLStreamer: HGSVC2: rdf-aggregate part — 7 parts
  RMLStreamer: HGSVC2: rdf-aggregate part — 8 parts
  RMLStreamer: HGSVC2: rdf-aggregate complete — 8 parts
RMLStreamer: HGSVC2: finished
Partitioned compression: HGSVC2: started
  Partitioned compression: HGSVC2: rdf-scan started — 0 triples
  Partitioned compression: HGSVC2: rdf-scan heartbeat — 404,041 triples · 67,115,957 bytes read
  Partitioned compression: HGSVC2: rdf-scan heartbeat — 715,886 triples · 134,250,559 bytes read
  Partitioned compression: HGSVC2: rdf-scan heartbeat — 1,122,218 triples · 201,359,488 bytes read
  Partitioned compression: HGSVC2: rdf-scan heartbeat — 1,597,574 triples · 268,468,354 bytes read
  Partitioned compression: HGSVC2: rdf-scan heartbeat — 2,069,951 triples · 335,577,305 bytes read
  Partitioned compression: HGSVC2: rdf-scan heartbeat — 2,541,014 triples · 402,686,316 bytes read
  Partitioned compression: HGSVC2: rdf-scan heartbeat — 3,011,893 triples · 469,795,248 bytes read
  Partitioned compression: HGSVC2: rdf-scan chunk — 3,482,534 triples · 1 chunks · 536,870,927 bytes read
  Partitioned compression: HGSVC2: hdt-chunks started — 0 chunks · hdt-build-00000
  Partitioned compression: HGSVC2: hdt-chunks complete — 1 chunks · hdt-build-00000
  Partitioned compression: HGSVC2: rdf-scan heartbeat — 3,482,768 triples · 536,904,205 bytes read
  Partitioned compression: HGSVC2: rdf-scan heartbeat — 3,953,673 triples · 604,013,117 bytes read
  Partitioned compression: HGSVC2: rdf-scan heartbeat — 4,425,078 triples · 671,122,044 bytes read
  Partitioned compression: HGSVC2: rdf-scan heartbeat — 4,896,233 triples · 738,230,908 bytes read
  Partitioned compression: HGSVC2: rdf-scan heartbeat — 5,367,111 triples · 805,339,837 bytes read
  Partitioned compression: HGSVC2: rdf-scan heartbeat — 5,837,999 triples · 872,448,834 bytes read
  Partitioned compression: HGSVC2: rdf-scan heartbeat — 6,308,924 triples · 939,557,730 bytes read
  Partitioned compression: HGSVC2: rdf-scan heartbeat — 6,779,851 triples · 1,006,666,632 bytes read
  Partitioned compression: HGSVC2: rdf-scan chunk — 7,250,508 triples · 2 chunks · 1,073,741,877 bytes read
  Partitioned compression: HGSVC2: hdt-chunks started — 1 chunks · hdt-build-00001
  Partitioned compression: HGSVC2: hdt-chunks complete — 2 chunks · hdt-build-00001
  Partitioned compression: HGSVC2: rdf-scan heartbeat — 7,250,745 triples · 1,073,775,547 bytes read
  Partitioned compression: HGSVC2: rdf-scan heartbeat — 7,721,622 triples · 1,140,884,418 bytes read
  Partitioned compression: HGSVC2: rdf-scan heartbeat — 8,192,502 triples · 1,207,993,332 bytes read
  Partitioned compression: HGSVC2: rdf-scan heartbeat — 8,663,668 triples · 1,275,102,315 bytes read
  Partitioned compression: HGSVC2: rdf-scan heartbeat — 9,132,898 triples · 1,342,211,243 bytes read
  Partitioned compression: HGSVC2: rdf-scan heartbeat — 9,599,599 triples · 1,409,320,247 bytes read
  Partitioned compression: HGSVC2: rdf-scan heartbeat — 10,066,283 triples · 1,476,429,145 bytes read
  Partitioned compression: HGSVC2: rdf-scan heartbeat — 10,532,971 triples · 1,543,538,078 bytes read
  Partitioned compression: HGSVC2: rdf-scan chunk — 10,999,501 triples · 3 chunks · 1,610,612,913 bytes read
  Partitioned compression: HGSVC2: hdt-chunks started — 2 chunks · hdt-build-00002
  Partitioned compression: HGSVC2: hdt-chunks complete — 3 chunks · hdt-build-00002
  Partitioned compression: HGSVC2: rdf-scan heartbeat — 10,999,738 triples · 1,610,647,084 bytes read
  Partitioned compression: HGSVC2: rdf-scan heartbeat — 11,466,479 triples · 1,677,755,991 bytes read
  Partitioned compression: HGSVC2: rdf-scan heartbeat — 11,933,163 triples · 1,744,864,987 bytes read
  Partitioned compression: HGSVC2: rdf-scan heartbeat — 12,399,978 triples · 1,811,973,912 bytes read
  Partitioned compression: HGSVC2: rdf-scan heartbeat — 12,866,755 triples · 1,879,082,852 bytes read
  Partitioned compression: HGSVC2: rdf-scan heartbeat — 13,333,569 triples · 1,946,191,822 bytes read
  Partitioned compression: HGSVC2: rdf-scan heartbeat — 13,800,317 triples · 2,013,300,735 bytes read
  Partitioned compression: HGSVC2: rdf-scan heartbeat — 14,267,001 triples · 2,080,409,717 bytes read
  Partitioned compression: HGSVC2: rdf-scan chunk — 14,733,479 triples · 4 chunks · 2,147,483,899 bytes read
  Partitioned compression: HGSVC2: hdt-chunks started — 3 chunks · hdt-build-00003
  Partitioned compression: HGSVC2: hdt-chunks complete — 4 chunks · hdt-build-00003
  Partitioned compression: HGSVC2: rdf-scan heartbeat — 14,733,721 triples · 2,147,518,672 bytes read
  Partitioned compression: HGSVC2: rdf-scan heartbeat — 15,200,485 triples · 2,214,627,537 bytes read
  Partitioned compression: HGSVC2: rdf-scan heartbeat — 15,667,224 triples · 2,281,736,538 bytes read
  Partitioned compression: HGSVC2: rdf-scan heartbeat — 16,133,921 triples · 2,348,845,502 bytes read
  Partitioned compression: HGSVC2: rdf-scan heartbeat — 16,600,607 triples · 2,415,954,416 bytes read
  Partitioned compression: HGSVC2: rdf-scan heartbeat — 17,067,290 triples · 2,483,063,387 bytes read
  Partitioned compression: HGSVC2: rdf-scan heartbeat — 17,533,981 triples · 2,550,172,377 bytes read
  Partitioned compression: HGSVC2: rdf-scan heartbeat — 18,000,665 triples · 2,617,281,328 bytes read
  Partitioned compression: HGSVC2: rdf-scan chunk — 18,467,223 triples · 5 chunks · 2,684,354,840 bytes read
  Partitioned compression: HGSVC2: hdt-chunks started — 4 chunks · hdt-build-00004
  Partitioned compression: HGSVC2: hdt-chunks complete — 5 chunks · hdt-build-00004
  Partitioned compression: HGSVC2: rdf-scan heartbeat — 18,467,470 triples · 2,684,390,308 bytes read
  Partitioned compression: HGSVC2: rdf-scan heartbeat — 18,934,168 triples · 2,751,499,235 bytes read
  Partitioned compression: HGSVC2: rdf-scan heartbeat — 19,400,875 triples · 2,818,608,147 bytes read
  Partitioned compression: HGSVC2: rdf-scan heartbeat — 19,867,570 triples · 2,885,717,043 bytes read
  Partitioned compression: HGSVC2: rdf-scan heartbeat — 20,334,253 triples · 2,952,825,972 bytes read
  Partitioned compression: HGSVC2: rdf-scan heartbeat — 20,800,963 triples · 3,019,934,958 bytes read
  Partitioned compression: HGSVC2: rdf-scan heartbeat — 21,267,664 triples · 3,087,043,892 bytes read
  Partitioned compression: HGSVC2: rdf-scan heartbeat — 21,734,400 triples · 3,154,152,778 bytes read
  Partitioned compression: HGSVC2: rdf-scan chunk — 22,200,832 triples · 6 chunks · 3,221,225,775 bytes read
  Partitioned compression: HGSVC2: hdt-chunks started — 5 chunks · hdt-build-00005
  Partitioned compression: HGSVC2: hdt-chunks complete — 6 chunks · hdt-build-00005
  Partitioned compression: HGSVC2: rdf-scan heartbeat — 22,201,082 triples · 3,221,261,725 bytes read
  Partitioned compression: HGSVC2: rdf-scan heartbeat — 22,667,766 triples · 3,288,370,623 bytes read
  Partitioned compression: HGSVC2: rdf-scan heartbeat — 23,134,451 triples · 3,355,479,563 bytes read
  Partitioned compression: HGSVC2: rdf-scan heartbeat — 23,601,366 triples · 3,422,588,527 bytes read
  Partitioned compression: HGSVC2: rdf-scan heartbeat — 24,068,472 triples · 3,489,697,491 bytes read
  Partitioned compression: HGSVC2: rdf-scan heartbeat — 24,535,321 triples · 3,556,806,368 bytes read
  Partitioned compression: HGSVC2: rdf-scan heartbeat — 25,002,008 triples · 3,623,915,349 bytes read
  Partitioned compression: HGSVC2: rdf-scan heartbeat — 25,468,854 triples · 3,691,024,246 bytes read
  Partitioned compression: HGSVC2: rdf-scan chunk — 25,935,366 triples · 7 chunks · 3,758,096,734 bytes read
  Partitioned compression: HGSVC2: hdt-chunks started — 6 chunks · hdt-build-00006
  Partitioned compression: HGSVC2: hdt-chunks complete — 7 chunks · hdt-build-00006
  Partitioned compression: HGSVC2: rdf-scan heartbeat — 25,935,620 triples · 3,758,133,141 bytes read
  Partitioned compression: HGSVC2: rdf-scan heartbeat — 26,402,388 triples · 3,825,242,114 bytes read
  Partitioned compression: HGSVC2: rdf-scan heartbeat — 26,869,314 triples · 3,892,351,106 bytes read
  Partitioned compression: HGSVC2: rdf-scan heartbeat — 27,336,587 triples · 3,959,460,131 bytes read
  Partitioned compression: HGSVC2: rdf-scan heartbeat — 27,803,591 triples · 4,026,569,100 bytes read
  Partitioned compression: HGSVC2: rdf-scan heartbeat — 28,270,339 triples · 4,093,677,987 bytes read
  Partitioned compression: HGSVC2: rdf-scan heartbeat — 28,737,116 triples · 4,160,786,901 bytes read
  Partitioned compression: HGSVC2: rdf-scan heartbeat — 29,203,929 triples · 4,227,895,849 bytes read
  Partitioned compression: HGSVC2: rdf-scan chunk — 29,670,357 triples · 8 chunks · 4,294,967,732 bytes read
  Partitioned compression: HGSVC2: hdt-chunks started — 7 chunks · hdt-build-00007
  Partitioned compression: HGSVC2: hdt-chunks complete — 8 chunks · hdt-build-00007
  Partitioned compression: HGSVC2: rdf-scan heartbeat — 29,670,615 triples · 4,295,004,859 bytes read
  Partitioned compression: HGSVC2: rdf-scan heartbeat — 30,137,298 triples · 4,362,113,745 bytes read
  Partitioned compression: HGSVC2: rdf-scan heartbeat — 30,604,274 triples · 4,429,222,616 bytes read
  Partitioned compression: HGSVC2: rdf-scan heartbeat — 31,071,187 triples · 4,496,331,501 bytes read
  Partitioned compression: HGSVC2: rdf-scan heartbeat — 31,537,941 triples · 4,563,440,455 bytes read
  Partitioned compression: HGSVC2: rdf-scan heartbeat — 32,004,629 triples · 4,630,549,469 bytes read
  Partitioned compression: HGSVC2: rdf-scan heartbeat — 32,471,352 triples · 4,697,658,357 bytes read
  Partitioned compression: HGSVC2: rdf-scan heartbeat — 32,938,142 triples · 4,764,767,236 bytes read
  Partitioned compression: HGSVC2: rdf-scan chunk — 33,404,729 triples · 9 chunks · 4,831,838,795 bytes read
  Partitioned compression: HGSVC2: hdt-chunks started — 8 chunks · hdt-build-00008
  Partitioned compression: HGSVC2: hdt-chunks complete — 9 chunks · hdt-build-00008
  Partitioned compression: HGSVC2: rdf-scan heartbeat — 33,404,988 triples · 4,831,876,104 bytes read
  Partitioned compression: HGSVC2: rdf-scan heartbeat — 33,871,672 triples · 4,898,985,093 bytes read
  Partitioned compression: HGSVC2: rdf-scan heartbeat — 34,338,356 triples · 4,966,094,097 bytes read
  Partitioned compression: HGSVC2: rdf-scan heartbeat — 34,805,038 triples · 5,033,202,984 bytes read
  Partitioned compression: HGSVC2: rdf-scan heartbeat — 35,271,768 triples · 5,100,311,877 bytes read
  Partitioned compression: HGSVC2: rdf-scan heartbeat — 35,738,457 triples · 5,167,420,752 bytes read
  Partitioned compression: HGSVC2: rdf-scan heartbeat — 36,205,160 triples · 5,234,529,626 bytes read
  Partitioned compression: HGSVC2: rdf-scan heartbeat — 36,671,862 triples · 5,301,638,605 bytes read
  Partitioned compression: HGSVC2: rdf-scan chunk — 37,138,342 triples · 10 chunks · 5,368,709,745 bytes read
  Partitioned compression: HGSVC2: hdt-chunks started — 9 chunks · hdt-build-00009
  Partitioned compression: HGSVC2: hdt-chunks complete — 10 chunks · hdt-build-00009
  Partitioned compression: HGSVC2: rdf-scan heartbeat — 37,138,605 triples · 5,368,747,484 bytes read
  Partitioned compression: HGSVC2: rdf-scan heartbeat — 37,605,312 triples · 5,435,856,463 bytes read
  Partitioned compression: HGSVC2: rdf-scan heartbeat — 38,072,137 triples · 5,502,965,368 bytes read
  Partitioned compression: HGSVC2: rdf-scan heartbeat — 38,538,821 triples · 5,570,074,370 bytes read
  Partitioned compression: HGSVC2: rdf-scan heartbeat — 39,005,505 triples · 5,637,183,355 bytes read
  Partitioned compression: HGSVC2: rdf-scan heartbeat — 39,472,200 triples · 5,704,292,294 bytes read
  Partitioned compression: HGSVC2: rdf-scan heartbeat — 39,938,883 triples · 5,771,401,160 bytes read
  Partitioned compression: HGSVC2: rdf-scan heartbeat — 40,405,576 triples · 5,838,510,133 bytes read
  Partitioned compression: HGSVC2: rdf-scan chunk — 40,872,870 triples · 11 chunks · 5,905,580,685 bytes read
  Partitioned compression: HGSVC2: hdt-chunks started — 10 chunks · hdt-build-00010
  Partitioned compression: HGSVC2: hdt-chunks complete — 11 chunks · hdt-build-00010
  Partitioned compression: HGSVC2: rdf-scan heartbeat — 40,873,137 triples · 5,905,619,007 bytes read
  Partitioned compression: HGSVC2: rdf-scan heartbeat — 41,340,121 triples · 5,972,727,973 bytes read
  Partitioned compression: HGSVC2: rdf-scan heartbeat — 41,807,130 triples · 6,039,836,936 bytes read
  Partitioned compression: HGSVC2: rdf-scan heartbeat — 42,273,817 triples · 6,106,945,831 bytes read
  Partitioned compression: HGSVC2: rdf-scan heartbeat — 42,740,506 triples · 6,174,054,752 bytes read
  Partitioned compression: HGSVC2: rdf-scan heartbeat — 43,207,188 triples · 6,241,163,635 bytes read
  Partitioned compression: HGSVC2: rdf-scan heartbeat — 43,673,871 triples · 6,308,272,514 bytes read
  Partitioned compression: HGSVC2: rdf-scan heartbeat — 44,140,553 triples · 6,375,381,449 bytes read
  Partitioned compression: HGSVC2: rdf-scan chunk — 44,606,985 triples · 12 chunks · 6,442,451,675 bytes read
  Partitioned compression: HGSVC2: hdt-chunks started — 11 chunks · hdt-build-00011
  Partitioned compression: HGSVC2: hdt-chunks complete — 12 chunks · hdt-build-00011
  Partitioned compression: HGSVC2: rdf-scan heartbeat — 44,607,254 triples · 6,442,490,372 bytes read
  Partitioned compression: HGSVC2: rdf-scan heartbeat — 45,073,937 triples · 6,509,599,381 bytes read
  Partitioned compression: HGSVC2: rdf-scan heartbeat — 45,540,725 triples · 6,576,708,251 bytes read
  Partitioned compression: HGSVC2: rdf-scan heartbeat — 46,007,410 triples · 6,643,817,201 bytes read
  Partitioned compression: HGSVC2: rdf-scan heartbeat — 46,474,127 triples · 6,710,926,165 bytes read
  Partitioned compression: HGSVC2: rdf-scan heartbeat — 46,940,874 triples · 6,778,035,088 bytes read
  Partitioned compression: HGSVC2: rdf-scan heartbeat — 47,407,585 triples · 6,845,144,070 bytes read
  Partitioned compression: HGSVC2: rdf-scan heartbeat — 47,874,276 triples · 6,912,253,009 bytes read
  Partitioned compression: HGSVC2: rdf-scan chunk — 48,341,292 triples · 13 chunks · 6,979,322,704 bytes read
  Partitioned compression: HGSVC2: hdt-chunks started — 12 chunks · hdt-build-00012
  Partitioned compression: HGSVC2: hdt-chunks complete — 13 chunks · hdt-build-00012
  Partitioned compression: HGSVC2: rdf-scan heartbeat — 48,341,565 triples · 6,979,361,932 bytes read
  Partitioned compression: HGSVC2: rdf-scan heartbeat — 48,808,415 triples · 7,046,470,860 bytes read
  Partitioned compression: HGSVC2: rdf-scan heartbeat — 49,275,102 triples · 7,113,579,810 bytes read
  Partitioned compression: HGSVC2: rdf-scan heartbeat — 49,741,785 triples · 7,180,688,716 bytes read
  Partitioned compression: HGSVC2: rdf-scan heartbeat — 50,208,706 triples · 7,247,797,672 bytes read
  Partitioned compression: HGSVC2: rdf-scan heartbeat — 50,675,390 triples · 7,314,906,606 bytes read
  Partitioned compression: HGSVC2: rdf-scan heartbeat — 51,142,077 triples · 7,382,015,535 bytes read
  Partitioned compression: HGSVC2: rdf-scan heartbeat — 51,608,875 triples · 7,449,124,438 bytes read
  Partitioned compression: HGSVC2: rdf-scan chunk — 52,075,294 triples · 14 chunks · 7,516,193,661 bytes read
  Partitioned compression: HGSVC2: hdt-chunks started — 13 chunks · hdt-build-00013
  Partitioned compression: HGSVC2: hdt-chunks complete — 14 chunks · hdt-build-00013
  Partitioned compression: HGSVC2: rdf-scan heartbeat — 52,075,570 triples · 7,516,233,352 bytes read
  Partitioned compression: HGSVC2: rdf-scan heartbeat — 52,542,372 triples · 7,583,342,342 bytes read
  Partitioned compression: HGSVC2: rdf-scan heartbeat — 53,009,056 triples · 7,650,451,315 bytes read
  Partitioned compression: HGSVC2: rdf-scan heartbeat — 53,475,739 triples · 7,717,560,262 bytes read
  Partitioned compression: HGSVC2: rdf-scan heartbeat — 53,942,429 triples · 7,784,669,171 bytes read
  Partitioned compression: HGSVC2: rdf-scan heartbeat — 54,409,338 triples · 7,851,778,151 bytes read
  Partitioned compression: HGSVC2: rdf-scan heartbeat — 54,876,174 triples · 7,918,887,085 bytes read
  Partitioned compression: HGSVC2: rdf-scan heartbeat — 55,342,989 triples · 7,985,995,998 bytes read
  Partitioned compression: HGSVC2: rdf-scan chunk — 55,809,594 triples · 15 chunks · 8,053,064,665 bytes read
  Partitioned compression: HGSVC2: hdt-chunks started — 14 chunks · hdt-build-00014
  Partitioned compression: HGSVC2: hdt-chunks complete — 15 chunks · hdt-build-00014
  Partitioned compression: HGSVC2: rdf-scan heartbeat — 55,809,874 triples · 8,053,104,986 bytes read
  Partitioned compression: HGSVC2: rdf-scan heartbeat — 56,276,564 triples · 8,120,213,861 bytes read
  Partitioned compression: HGSVC2: rdf-scan heartbeat — 56,743,258 triples · 8,187,322,747 bytes read
  Partitioned compression: HGSVC2: rdf-scan heartbeat — 57,209,943 triples · 8,254,431,699 bytes read
  Partitioned compression: HGSVC2: rdf-scan heartbeat — 57,676,677 triples · 8,321,540,644 bytes read
  Partitioned compression: HGSVC2: rdf-scan heartbeat — 58,143,458 triples · 8,388,649,562 bytes read
  Partitioned compression: HGSVC2: rdf-scan heartbeat — 58,610,144 triples · 8,455,758,549 bytes read
  Partitioned compression: HGSVC2: rdf-scan heartbeat — 59,076,831 triples · 8,522,867,440 bytes read
  Partitioned compression: HGSVC2: rdf-scan chunk — 59,543,252 triples · 16 chunks · 8,589,935,646 bytes read
  Partitioned compression: HGSVC2: hdt-chunks started — 15 chunks · hdt-build-00015
  Partitioned compression: HGSVC2: hdt-chunks complete — 16 chunks · hdt-build-00015
  Partitioned compression: HGSVC2: rdf-scan heartbeat — 59,543,535 triples · 8,589,976,418 bytes read
  Partitioned compression: HGSVC2: rdf-scan heartbeat — 60,010,448 triples · 8,657,085,295 bytes read
  Partitioned compression: HGSVC2: rdf-scan heartbeat — 60,477,157 triples · 8,724,194,295 bytes read
  Partitioned compression: HGSVC2: rdf-scan heartbeat — 60,943,844 triples · 8,791,303,261 bytes read
  Partitioned compression: HGSVC2: rdf-scan heartbeat — 61,410,615 triples · 8,858,412,217 bytes read
  Partitioned compression: HGSVC2: rdf-scan heartbeat — 61,877,370 triples · 8,925,521,163 bytes read
  Partitioned compression: HGSVC2: rdf-scan heartbeat — 62,344,216 triples · 8,992,630,156 bytes read
  Partitioned compression: HGSVC2: rdf-scan heartbeat — 62,810,931 triples · 9,059,739,163 bytes read
  Partitioned compression: HGSVC2: rdf-scan chunk — 63,277,326 triples · 17 chunks · 9,126,806,716 bytes read
  Partitioned compression: HGSVC2: hdt-chunks started — 16 chunks · hdt-build-00016
  Partitioned compression: HGSVC2: hdt-chunks complete — 17 chunks · hdt-build-00016
  Partitioned compression: HGSVC2: rdf-scan heartbeat — 63,277,613 triples · 9,126,848,042 bytes read
  Partitioned compression: HGSVC2: rdf-scan heartbeat — 63,744,300 triples · 9,193,957,009 bytes read
  Partitioned compression: HGSVC2: rdf-scan heartbeat — 64,211,148 triples · 9,261,065,935 bytes read
  Partitioned compression: HGSVC2: rdf-scan heartbeat — 64,677,937 triples · 9,328,174,912 bytes read
  Partitioned compression: HGSVC2: rdf-scan heartbeat — 65,144,620 triples · 9,395,283,780 bytes read
  Partitioned compression: HGSVC2: rdf-scan heartbeat — 65,611,423 triples · 9,462,392,699 bytes read
  Partitioned compression: HGSVC2: rdf-scan heartbeat — 66,078,313 triples · 9,529,501,679 bytes read
  Partitioned compression: HGSVC2: rdf-scan heartbeat — 66,545,077 triples · 9,596,610,586 bytes read
  Partitioned compression: HGSVC2: rdf-scan chunk — 67,011,470 triples · 18 chunks · 9,663,677,719 bytes read
  Partitioned compression: HGSVC2: hdt-chunks started — 17 chunks · hdt-build-00017
  Partitioned compression: HGSVC2: hdt-chunks complete — 18 chunks · hdt-build-00017
  Partitioned compression: HGSVC2: rdf-scan heartbeat — 67,011,760 triples · 9,663,719,493 bytes read
  Partitioned compression: HGSVC2: rdf-scan heartbeat — 67,478,443 triples · 9,730,828,420 bytes read
  Partitioned compression: HGSVC2: rdf-scan heartbeat — 67,945,127 triples · 9,797,937,402 bytes read
  Partitioned compression: HGSVC2: rdf-scan heartbeat — 68,411,820 triples · 9,865,046,287 bytes read
  Partitioned compression: HGSVC2: rdf-scan heartbeat — 68,878,503 triples · 9,932,155,207 bytes read
  Partitioned compression: HGSVC2: rdf-scan heartbeat — 69,345,259 triples · 9,999,264,123 bytes read
  Partitioned compression: HGSVC2: rdf-scan heartbeat — 69,811,959 triples · 10,066,373,081 bytes read
  Partitioned compression: HGSVC2: rdf-scan heartbeat — 70,278,706 triples · 10,133,482,008 bytes read
  Partitioned compression: HGSVC2: rdf-scan chunk — 70,745,101 triples · 19 chunks · 10,200,548,691 bytes read
  Partitioned compression: HGSVC2: hdt-chunks started — 18 chunks · hdt-build-00018
  Partitioned compression: HGSVC2: hdt-chunks complete — 19 chunks · hdt-build-00018
  Partitioned compression: HGSVC2: rdf-scan heartbeat — 70,745,395 triples · 10,200,590,923 bytes read
  Partitioned compression: HGSVC2: rdf-scan heartbeat — 71,212,151 triples · 10,267,699,819 bytes read
  Partitioned compression: HGSVC2: rdf-scan heartbeat — 71,679,262 triples · 10,334,808,690 bytes read
  Partitioned compression: HGSVC2: rdf-scan heartbeat — 72,146,324 triples · 10,401,917,696 bytes read
  Partitioned compression: HGSVC2: rdf-scan heartbeat — 72,613,115 triples · 10,469,026,587 bytes read
  Partitioned compression: HGSVC2: rdf-scan heartbeat — 73,079,818 triples · 10,536,135,565 bytes read
  Partitioned compression: HGSVC2: rdf-scan heartbeat — 73,546,684 triples · 10,603,244,447 bytes read
  Partitioned compression: HGSVC2: rdf-scan heartbeat — 74,013,470 triples · 10,670,353,326 bytes read
  Partitioned compression: HGSVC2: rdf-scan chunk — 74,479,857 triples · 20 chunks · 10,737,419,649 bytes read
  Partitioned compression: HGSVC2: hdt-chunks started — 19 chunks · hdt-build-00019
  Partitioned compression: HGSVC2: hdt-chunks complete — 20 chunks · hdt-build-00019
  Partitioned compression: HGSVC2: rdf-scan heartbeat — 74,480,153 triples · 10,737,462,192 bytes read
  Partitioned compression: HGSVC2: rdf-scan heartbeat — 74,946,891 triples · 10,804,571,147 bytes read
  Partitioned compression: HGSVC2: rdf-scan heartbeat — 75,413,574 triples · 10,871,680,061 bytes read
  Partitioned compression: HGSVC2: rdf-scan heartbeat — 75,880,526 triples · 10,938,789,045 bytes read
  Partitioned compression: HGSVC2: rdf-scan heartbeat — 76,347,212 triples · 11,005,898,034 bytes read
  Partitioned compression: HGSVC2: rdf-scan heartbeat — 76,813,896 triples · 11,073,007,018 bytes read
  Partitioned compression: HGSVC2: rdf-scan heartbeat — 77,280,608 triples · 11,140,115,882 bytes read
  Partitioned compression: HGSVC2: rdf-scan heartbeat — 77,747,290 triples · 11,207,224,825 bytes read
  Partitioned compression: HGSVC2: rdf-scan chunk — 78,213,674 triples · 21 chunks · 11,274,290,643 bytes read
  Partitioned compression: HGSVC2: hdt-chunks started — 20 chunks · hdt-build-00020
  Partitioned compression: HGSVC2: hdt-chunks complete — 21 chunks · hdt-build-00020
  Partitioned compression: HGSVC2: rdf-scan heartbeat — 78,213,974 triples · 11,274,333,783 bytes read
  Partitioned compression: HGSVC2: rdf-scan heartbeat — 78,680,659 triples · 11,341,442,662 bytes read
  Partitioned compression: HGSVC2: rdf-scan heartbeat — 79,147,410 triples · 11,408,551,665 bytes read
  Partitioned compression: HGSVC2: rdf-scan heartbeat — 79,614,244 triples · 11,475,660,634 bytes read
  Partitioned compression: HGSVC2: rdf-scan heartbeat — 80,081,751 triples · 11,542,769,537 bytes read
  Partitioned compression: HGSVC2: rdf-scan heartbeat — 80,548,475 triples · 11,609,878,541 bytes read
  Partitioned compression: HGSVC2: rdf-scan heartbeat — 81,013,033 triples · 11,676,987,518 bytes read
  Partitioned compression: HGSVC2: rdf-scan heartbeat — 81,475,601 triples · 11,744,096,486 bytes read
  Partitioned compression: HGSVC2: rdf-scan chunk — 81,937,876 triples · 22 chunks · 11,811,161,597 bytes read
  Partitioned compression: HGSVC2: hdt-chunks started — 21 chunks · hdt-build-00021
  Partitioned compression: HGSVC2: hdt-chunks complete — 22 chunks · hdt-build-00021
  Partitioned compression: HGSVC2: rdf-scan heartbeat — 81,938,178 triples · 11,811,205,393 bytes read
  Partitioned compression: HGSVC2: rdf-scan heartbeat — 82,401,893 triples · 11,878,314,338 bytes read
  Partitioned compression: HGSVC2: rdf-scan heartbeat — 82,866,139 triples · 11,945,423,213 bytes read
  Partitioned compression: HGSVC2: rdf-scan heartbeat — 83,329,350 triples · 12,012,532,118 bytes read
  Partitioned compression: HGSVC2: rdf-scan heartbeat — 83,791,941 triples · 12,079,641,129 bytes read
  Partitioned compression: HGSVC2: rdf-scan heartbeat — 84,254,596 triples · 12,146,750,031 bytes read
  Partitioned compression: HGSVC2: rdf-scan heartbeat — 84,717,336 triples · 12,213,858,942 bytes read
  Partitioned compression: HGSVC2: rdf-scan heartbeat — 85,179,921 triples · 12,280,967,914 bytes read
  Partitioned compression: HGSVC2: rdf-scan chunk — 85,642,388 triples · 23 chunks · 12,348,032,635 bytes read
  Partitioned compression: HGSVC2: hdt-chunks started — 22 chunks · hdt-build-00022
  Partitioned compression: HGSVC2: hdt-chunks complete — 23 chunks · hdt-build-00022
  Partitioned compression: HGSVC2: rdf-scan heartbeat — 85,642,695 triples · 12,348,076,779 bytes read
  Partitioned compression: HGSVC2: rdf-scan heartbeat — 86,106,984 triples · 12,415,185,674 bytes read
  Partitioned compression: HGSVC2: rdf-scan heartbeat — 86,571,497 triples · 12,482,294,563 bytes read
  Partitioned compression: HGSVC2: rdf-scan heartbeat — 86,955,218 triples · 12,549,403,429 bytes read
  Partitioned compression: HGSVC2: rdf-scan heartbeat — 87,224,139 triples · 12,617,995,476 bytes read
  Partitioned compression: HGSVC2: rdf-scan heartbeat — 87,552,290 triples · 12,685,104,465 bytes read
  Partitioned compression: HGSVC2: rdf-scan heartbeat — 87,918,811 triples · 12,752,213,425 bytes read
  Partitioned compression: HGSVC2: rdf-scan heartbeat — 88,265,106 triples · 12,819,322,416 bytes read
  Partitioned compression: HGSVC2: rdf-scan chunk — 88,615,371 triples · 24 chunks · 12,884,903,620 bytes read
  Partitioned compression: HGSVC2: hdt-chunks started — 23 chunks · hdt-build-00023
  Partitioned compression: HGSVC2: hdt-chunks complete — 24 chunks · hdt-build-00023
  Partitioned compression: HGSVC2: rdf-scan heartbeat — 88,620,937 triples · 12,886,431,346 bytes read
  Partitioned compression: HGSVC2: rdf-scan heartbeat — 88,960,755 triples · 12,953,542,150 bytes read
  Partitioned compression: HGSVC2: rdf-scan chunk — 89,007,885 triples · 25 chunks · 12,963,105,069 bytes read
  Partitioned compression: HGSVC2: hdt-chunks started — 24 chunks · hdt-build-00024
  Partitioned compression: HGSVC2: hdt-chunks complete — 25 chunks · hdt-build-00024
  Partitioned compression: HGSVC2: rdf-scan complete — 89,007,885 triples · 25 chunks
  Partitioned compression: HGSVC2: hdt-chunks complete — 25 chunks
  Partitioned compression: HGSVC2: hdt-merge started — hdt-merge-r01-00000
  Partitioned compression: HGSVC2: hdt-merge complete — hdt-merge-r01-00000
  Partitioned compression: HGSVC2: hdt-merge started — hdt-merge-r01-00001
  Partitioned compression: HGSVC2: hdt-merge complete — hdt-merge-r01-00001
  Partitioned compression: HGSVC2: hdt-merge started — hdt-merge-r01-00002
  Partitioned compression: HGSVC2: hdt-merge complete — hdt-merge-r01-00002
  Partitioned compression: HGSVC2: hdt-merge started — hdt-merge-r01-00003
  Partitioned compression: HGSVC2: hdt-merge complete — hdt-merge-r01-00003
  Partitioned compression: HGSVC2: hdt-merge started — hdt-merge-r01-00004
  Partitioned compression: HGSVC2: hdt-merge complete — hdt-merge-r01-00004
  Partitioned compression: HGSVC2: hdt-merge started — hdt-merge-r01-00005
  Partitioned compression: HGSVC2: hdt-merge complete — hdt-merge-r01-00005
  Partitioned compression: HGSVC2: hdt-merge started — hdt-merge-r01-00006
  Partitioned compression: HGSVC2: hdt-merge complete — hdt-merge-r01-00006
  Partitioned compression: HGSVC2: hdt-merge started — hdt-merge-r01-00007
  Partitioned compression: HGSVC2: hdt-merge complete — hdt-merge-r01-00007
  Partitioned compression: HGSVC2: hdt-merge started — hdt-merge-r01-00008
  Partitioned compression: HGSVC2: hdt-merge complete — hdt-merge-r01-00008
  Partitioned compression: HGSVC2: hdt-merge started — hdt-merge-r01-00009
  Partitioned compression: HGSVC2: hdt-merge complete — hdt-merge-r01-00009
  Partitioned compression: HGSVC2: hdt-merge started — hdt-merge-r01-00010
  Partitioned compression: HGSVC2: hdt-merge complete — hdt-merge-r01-00010
  Partitioned compression: HGSVC2: hdt-merge started — hdt-merge-r01-00011
  Partitioned compression: HGSVC2: hdt-merge complete — hdt-merge-r01-00011
  Partitioned compression: HGSVC2: hdt-merge started — hdt-merge-r02-00000
  Partitioned compression: HGSVC2: hdt-merge complete — hdt-merge-r02-00000
  Partitioned compression: HGSVC2: hdt-merge started — hdt-merge-r02-00001
  Partitioned compression: HGSVC2: hdt-merge complete — hdt-merge-r02-00001
  Partitioned compression: HGSVC2: hdt-merge started — hdt-merge-r02-00002
  Partitioned compression: HGSVC2: hdt-merge complete — hdt-merge-r02-00002
  Partitioned compression: HGSVC2: hdt-merge started — hdt-merge-r02-00003
  Partitioned compression: HGSVC2: hdt-merge complete — hdt-merge-r02-00003
  Partitioned compression: HGSVC2: hdt-merge started — hdt-merge-r02-00004
  Partitioned compression: HGSVC2: hdt-merge complete — hdt-merge-r02-00004
  Partitioned compression: HGSVC2: hdt-merge started — hdt-merge-r02-00005
  Partitioned compression: HGSVC2: hdt-merge complete — hdt-merge-r02-00005
  Partitioned compression: HGSVC2: hdt-merge started — hdt-merge-r03-00000
  Partitioned compression: HGSVC2: hdt-merge complete — hdt-merge-r03-00000
  Partitioned compression: HGSVC2: hdt-merge started — hdt-merge-r03-00001
  Partitioned compression: HGSVC2: hdt-merge complete — hdt-merge-r03-00001
  Partitioned compression: HGSVC2: hdt-merge started — hdt-merge-r03-00002
  Partitioned compression: HGSVC2: hdt-merge complete — hdt-merge-r03-00002
  Partitioned compression: HGSVC2: hdt-merge started — hdt-merge-r04-00000
  Partitioned compression: HGSVC2: hdt-merge complete — hdt-merge-r04-00000
  Partitioned compression: HGSVC2: hdt-merge started — hdt-merge-r04-00001
  Partitioned compression: HGSVC2: hdt-merge complete — hdt-merge-r04-00001
  Partitioned compression: HGSVC2: hdt-merge started — hdt-merge-r05-00000
  Partitioned compression: HGSVC2: hdt-merge complete — hdt-merge-r05-00000
  Partitioned compression: HGSVC2: hdt started — hdt-index
  Partitioned compression: HGSVC2: hdt complete — hdt-index
  Partitioned compression: HGSVC2: hdt started — hdt-validate
  Partitioned compression: HGSVC2: hdt complete — hdt-validate
Partitioned compression: HGSVC2: finished
