Step 1/5: Validating inputs ✅
  Metrics: /home/ubuntu/vrdev-test/acmg-run/results/17_use_case_acmg__cohort/convert__NA19397/out/run_metrics/NA19397.acmg__20260928T151101
  Detailed logs: /home/ubuntu/vrdev-test/acmg-run/results/17_use_case_acmg__cohort/convert__NA19397/out/run_metrics/NA19397.acmg__20260928T151101/logs/wrapper.log
  Progress log: /home/ubuntu/vrdev-test/acmg-run/results/17_use_case_acmg__cohort/convert__NA19397/out/run_metrics/NA19397.acmg__20260928T151101/logs/progress.log
Step 2/5: Ensuring Docker image is available ✅
Step 3/5: Processing per-input pipeline (TSV -> RDF -> compression)
  Sample representation: expanded
  INFO representation: structured
  Header representation: structured
  - Input 1/1: NA19397.acmg.vcf
    * TSV conversion ✅
    * VCF version: VCFv4.2 (detected)
    * RDF conversion ✅
    * Streaming expanded multi-sample RDF (no expanded helper TSVs)
    * Sample RDF streaming: 10,000 variants, 10,000 calls
    * Sample calls streamed: 12,416; FORMAT values: 12,416
    * Streaming structured header RDF
    * Header lines typed: 133; contigs: 24
    * Streaming QUAL and structured INFO RDF
    * INFO RDF streaming: 10,000 variants, 730,083 values
    * QUAL values streamed: 12,416; INFO values: 908,126; declarations: 91
    * Triples produced: 9,978,476
    * Compression ✅
    * Output directory: /home/ubuntu/vrdev-test/acmg-run/results/17_use_case_acmg__cohort/convert__NA19397/out/NA19397.acmg
      - RDF aggregate: NA19397.acmg.nt
      - N-Triples (.nt): 1.34 GB (removed after successful compression)
      - gzip (.nt.gz): 62.12 MB
Total triples produced (full run): 9,978,476
Conversion process finished.
Run time (full mode): 37.03s
Timing log: /home/ubuntu/vrdev-test/acmg-run/results/17_use_case_acmg__cohort/convert__NA19397/out/run_metrics/NA19397.acmg__20260928T151101/wrapper_execution_times.csv
Metrics summary: /home/ubuntu/vrdev-test/acmg-run/results/17_use_case_acmg__cohort/convert__NA19397/out/run_metrics/NA19397.acmg__20260928T151101/summary.json
