TSV conversion: clinvar.acmg: started
TSV conversion: clinvar.acmg: finished
RMLStreamer: clinvar.acmg: started
  RMLStreamer: clinvar.acmg: rmlstreamer started — 0 B · 0 parts
  RMLStreamer: clinvar.acmg: rmlstreamer heartbeat — 0 B · 0 parts
  RMLStreamer: clinvar.acmg: rmlstreamer heartbeat — 49.14 KB · 8 parts
  RMLStreamer: clinvar.acmg: rmlstreamer heartbeat — 9.94 MB · 8 parts
  RMLStreamer: clinvar.acmg: rmlstreamer heartbeat — 23.67 MB · 8 parts
  RMLStreamer: clinvar.acmg: rmlstreamer heartbeat — 58.81 MB · 8 parts
  RMLStreamer: clinvar.acmg: rmlstreamer heartbeat — 98.30 MB · 8 parts
  RMLStreamer: clinvar.acmg: rmlstreamer heartbeat — 137.09 MB · 8 parts
  RMLStreamer: clinvar.acmg: rmlstreamer heartbeat — 176.16 MB · 8 parts
  RMLStreamer: clinvar.acmg: rmlstreamer heartbeat — 215.76 MB · 8 parts
  RMLStreamer: clinvar.acmg: rmlstreamer heartbeat — 254.35 MB · 8 parts
  RMLStreamer: clinvar.acmg: rmlstreamer heartbeat — 290.53 MB · 8 parts
  RMLStreamer: clinvar.acmg: rmlstreamer heartbeat — 301.66 MB · 8 parts
  RMLStreamer: clinvar.acmg: rmlstreamer complete — 301.66 MB · 8 parts
  RMLStreamer: clinvar.acmg: rdf-aggregate started — 0 parts
  RMLStreamer: clinvar.acmg: rdf-aggregate part — 1 parts
  RMLStreamer: clinvar.acmg: rdf-aggregate part — 2 parts
  RMLStreamer: clinvar.acmg: rdf-aggregate part — 3 parts
  RMLStreamer: clinvar.acmg: rdf-aggregate part — 4 parts
  RMLStreamer: clinvar.acmg: rdf-aggregate part — 5 parts
  RMLStreamer: clinvar.acmg: rdf-aggregate part — 6 parts
  RMLStreamer: clinvar.acmg: rdf-aggregate part — 7 parts
  RMLStreamer: clinvar.acmg: rdf-aggregate part — 8 parts
  RMLStreamer: clinvar.acmg: rdf-aggregate complete — 8 parts
RMLStreamer: clinvar.acmg: finished
Gzip: clinvar.acmg: started
Gzip: clinvar.acmg: finished
