TSV conversion: NB72462M.acmg: started
TSV conversion: NB72462M.acmg: finished
RMLStreamer: NB72462M.acmg: started
  RMLStreamer: NB72462M.acmg: rmlstreamer started — 0 B · 0 parts
  RMLStreamer: NB72462M.acmg: rmlstreamer heartbeat — 0 B · 0 parts
  RMLStreamer: NB72462M.acmg: rmlstreamer heartbeat — 1.49 MB · 8 parts
  RMLStreamer: NB72462M.acmg: rmlstreamer heartbeat — 15.12 MB · 8 parts
  RMLStreamer: NB72462M.acmg: rmlstreamer heartbeat — 35.62 MB · 8 parts
  RMLStreamer: NB72462M.acmg: rmlstreamer heartbeat — 78.33 MB · 8 parts
  RMLStreamer: NB72462M.acmg: rmlstreamer heartbeat — 121.76 MB · 8 parts
  RMLStreamer: NB72462M.acmg: rmlstreamer heartbeat — 166.77 MB · 8 parts
  RMLStreamer: NB72462M.acmg: rmlstreamer heartbeat — 211.86 MB · 8 parts
  RMLStreamer: NB72462M.acmg: rmlstreamer heartbeat — 252.00 MB · 8 parts
  RMLStreamer: NB72462M.acmg: rmlstreamer heartbeat — 289.53 MB · 8 parts
  RMLStreamer: NB72462M.acmg: rmlstreamer heartbeat — 333.49 MB · 8 parts
  RMLStreamer: NB72462M.acmg: rmlstreamer heartbeat — 376.51 MB · 8 parts
  RMLStreamer: NB72462M.acmg: rmlstreamer heartbeat — 419.30 MB · 8 parts
  RMLStreamer: NB72462M.acmg: rmlstreamer heartbeat — 461.62 MB · 8 parts
  RMLStreamer: NB72462M.acmg: rmlstreamer heartbeat — 505.84 MB · 8 parts
  RMLStreamer: NB72462M.acmg: rmlstreamer heartbeat — 542.90 MB · 8 parts
  RMLStreamer: NB72462M.acmg: rmlstreamer heartbeat — 586.67 MB · 8 parts
  RMLStreamer: NB72462M.acmg: rmlstreamer heartbeat — 626.26 MB · 8 parts
  RMLStreamer: NB72462M.acmg: rmlstreamer heartbeat — 669.65 MB · 8 parts
  RMLStreamer: NB72462M.acmg: rmlstreamer heartbeat — 717.56 MB · 8 parts
  RMLStreamer: NB72462M.acmg: rmlstreamer heartbeat — 763.91 MB · 8 parts
  RMLStreamer: NB72462M.acmg: rmlstreamer heartbeat — 806.12 MB · 8 parts
  RMLStreamer: NB72462M.acmg: rmlstreamer heartbeat — 851.54 MB · 8 parts
  RMLStreamer: NB72462M.acmg: rmlstreamer heartbeat — 898.81 MB · 8 parts
  RMLStreamer: NB72462M.acmg: rmlstreamer heartbeat — 949.34 MB · 8 parts
  RMLStreamer: NB72462M.acmg: rmlstreamer heartbeat — 1000.01 MB · 8 parts
  RMLStreamer: NB72462M.acmg: rmlstreamer heartbeat — 1.02 GB · 8 parts
  RMLStreamer: NB72462M.acmg: rmlstreamer heartbeat — 1.06 GB · 8 parts
  RMLStreamer: NB72462M.acmg: rmlstreamer heartbeat — 1.11 GB · 8 parts
  RMLStreamer: NB72462M.acmg: rmlstreamer heartbeat — 1.15 GB · 8 parts
  RMLStreamer: NB72462M.acmg: rmlstreamer heartbeat — 1.20 GB · 8 parts
  RMLStreamer: NB72462M.acmg: rmlstreamer heartbeat — 1.24 GB · 8 parts
  RMLStreamer: NB72462M.acmg: rmlstreamer heartbeat — 1.29 GB · 8 parts
  RMLStreamer: NB72462M.acmg: rmlstreamer heartbeat — 1.34 GB · 8 parts
  RMLStreamer: NB72462M.acmg: rmlstreamer heartbeat — 1.38 GB · 8 parts
  RMLStreamer: NB72462M.acmg: rmlstreamer heartbeat — 1.43 GB · 8 parts
  RMLStreamer: NB72462M.acmg: rmlstreamer heartbeat — 1.48 GB · 8 parts
  RMLStreamer: NB72462M.acmg: rmlstreamer heartbeat — 1.53 GB · 8 parts
  RMLStreamer: NB72462M.acmg: rmlstreamer heartbeat — 1.58 GB · 8 parts
  RMLStreamer: NB72462M.acmg: rmlstreamer heartbeat — 1.63 GB · 8 parts
  RMLStreamer: NB72462M.acmg: rmlstreamer heartbeat — 1.67 GB · 8 parts
  RMLStreamer: NB72462M.acmg: rmlstreamer heartbeat — 1.72 GB · 8 parts
  RMLStreamer: NB72462M.acmg: rmlstreamer heartbeat — 1.77 GB · 8 parts
  RMLStreamer: NB72462M.acmg: rmlstreamer heartbeat — 1.81 GB · 8 parts
  RMLStreamer: NB72462M.acmg: rmlstreamer heartbeat — 1.86 GB · 8 parts
  RMLStreamer: NB72462M.acmg: rmlstreamer heartbeat — 1.90 GB · 8 parts
  RMLStreamer: NB72462M.acmg: rmlstreamer heartbeat — 1.95 GB · 8 parts
  RMLStreamer: NB72462M.acmg: rmlstreamer heartbeat — 1.99 GB · 8 parts
  RMLStreamer: NB72462M.acmg: rmlstreamer heartbeat — 2.03 GB · 8 parts
  RMLStreamer: NB72462M.acmg: rmlstreamer heartbeat — 2.08 GB · 8 parts
  RMLStreamer: NB72462M.acmg: rmlstreamer heartbeat — 2.12 GB · 8 parts
  RMLStreamer: NB72462M.acmg: rmlstreamer heartbeat — 2.17 GB · 8 parts
  RMLStreamer: NB72462M.acmg: rmlstreamer heartbeat — 2.22 GB · 8 parts
  RMLStreamer: NB72462M.acmg: rmlstreamer heartbeat — 2.26 GB · 8 parts
  RMLStreamer: NB72462M.acmg: rmlstreamer heartbeat — 2.31 GB · 8 parts
  RMLStreamer: NB72462M.acmg: rmlstreamer heartbeat — 2.36 GB · 8 parts
  RMLStreamer: NB72462M.acmg: rmlstreamer heartbeat — 2.41 GB · 8 parts
  RMLStreamer: NB72462M.acmg: rmlstreamer heartbeat — 2.46 GB · 8 parts
  RMLStreamer: NB72462M.acmg: rmlstreamer heartbeat — 2.50 GB · 8 parts
  RMLStreamer: NB72462M.acmg: rmlstreamer heartbeat — 2.55 GB · 8 parts
  RMLStreamer: NB72462M.acmg: rmlstreamer heartbeat — 2.60 GB · 8 parts
  RMLStreamer: NB72462M.acmg: rmlstreamer heartbeat — 2.64 GB · 8 parts
  RMLStreamer: NB72462M.acmg: rmlstreamer heartbeat — 2.68 GB · 8 parts
  RMLStreamer: NB72462M.acmg: rmlstreamer heartbeat — 2.73 GB · 8 parts
  RMLStreamer: NB72462M.acmg: rmlstreamer heartbeat — 2.78 GB · 8 parts
  RMLStreamer: NB72462M.acmg: rmlstreamer heartbeat — 2.82 GB · 8 parts
  RMLStreamer: NB72462M.acmg: rmlstreamer heartbeat — 2.87 GB · 8 parts
  RMLStreamer: NB72462M.acmg: rmlstreamer heartbeat — 2.91 GB · 8 parts
  RMLStreamer: NB72462M.acmg: rmlstreamer heartbeat — 2.95 GB · 8 parts
  RMLStreamer: NB72462M.acmg: rmlstreamer heartbeat — 3.00 GB · 8 parts
  RMLStreamer: NB72462M.acmg: rmlstreamer heartbeat — 3.04 GB · 8 parts
  RMLStreamer: NB72462M.acmg: rmlstreamer heartbeat — 3.09 GB · 8 parts
  RMLStreamer: NB72462M.acmg: rmlstreamer heartbeat — 3.13 GB · 8 parts
  RMLStreamer: NB72462M.acmg: rmlstreamer heartbeat — 3.17 GB · 8 parts
  RMLStreamer: NB72462M.acmg: rmlstreamer heartbeat — 3.21 GB · 8 parts
  RMLStreamer: NB72462M.acmg: rmlstreamer heartbeat — 3.26 GB · 8 parts
  RMLStreamer: NB72462M.acmg: rmlstreamer heartbeat — 3.30 GB · 8 parts
  RMLStreamer: NB72462M.acmg: rmlstreamer heartbeat — 3.35 GB · 8 parts
  RMLStreamer: NB72462M.acmg: rmlstreamer heartbeat — 3.40 GB · 8 parts
  RMLStreamer: NB72462M.acmg: rmlstreamer heartbeat — 3.44 GB · 8 parts
  RMLStreamer: NB72462M.acmg: rmlstreamer heartbeat — 3.48 GB · 8 parts
  RMLStreamer: NB72462M.acmg: rmlstreamer heartbeat — 3.53 GB · 8 parts
  RMLStreamer: NB72462M.acmg: rmlstreamer heartbeat — 3.57 GB · 8 parts
  RMLStreamer: NB72462M.acmg: rmlstreamer heartbeat — 3.62 GB · 8 parts
  RMLStreamer: NB72462M.acmg: rmlstreamer heartbeat — 3.67 GB · 8 parts
  RMLStreamer: NB72462M.acmg: rmlstreamer heartbeat — 3.72 GB · 8 parts
  RMLStreamer: NB72462M.acmg: rmlstreamer heartbeat — 3.76 GB · 8 parts
  RMLStreamer: NB72462M.acmg: rmlstreamer heartbeat — 3.81 GB · 8 parts
  RMLStreamer: NB72462M.acmg: rmlstreamer heartbeat — 3.85 GB · 8 parts
  RMLStreamer: NB72462M.acmg: rmlstreamer heartbeat — 3.90 GB · 8 parts
  RMLStreamer: NB72462M.acmg: rmlstreamer heartbeat — 3.95 GB · 8 parts
  RMLStreamer: NB72462M.acmg: rmlstreamer heartbeat — 3.99 GB · 8 parts
  RMLStreamer: NB72462M.acmg: rmlstreamer heartbeat — 4.03 GB · 8 parts
  RMLStreamer: NB72462M.acmg: rmlstreamer heartbeat — 4.07 GB · 8 parts
  RMLStreamer: NB72462M.acmg: rmlstreamer heartbeat — 4.12 GB · 8 parts
  RMLStreamer: NB72462M.acmg: rmlstreamer heartbeat — 4.16 GB · 8 parts
  RMLStreamer: NB72462M.acmg: rmlstreamer heartbeat — 4.20 GB · 8 parts
  RMLStreamer: NB72462M.acmg: rmlstreamer heartbeat — 4.24 GB · 8 parts
  RMLStreamer: NB72462M.acmg: rmlstreamer heartbeat — 4.29 GB · 8 parts
  RMLStreamer: NB72462M.acmg: rmlstreamer heartbeat — 4.33 GB · 8 parts
  RMLStreamer: NB72462M.acmg: rmlstreamer heartbeat — 4.38 GB · 8 parts
  RMLStreamer: NB72462M.acmg: rmlstreamer heartbeat — 4.42 GB · 8 parts
  RMLStreamer: NB72462M.acmg: rmlstreamer heartbeat — 4.46 GB · 8 parts
  RMLStreamer: NB72462M.acmg: rmlstreamer heartbeat — 4.51 GB · 8 parts
  RMLStreamer: NB72462M.acmg: rmlstreamer heartbeat — 4.55 GB · 8 parts
  RMLStreamer: NB72462M.acmg: rmlstreamer heartbeat — 4.59 GB · 8 parts
  RMLStreamer: NB72462M.acmg: rmlstreamer heartbeat — 4.63 GB · 8 parts
  RMLStreamer: NB72462M.acmg: rmlstreamer heartbeat — 4.68 GB · 8 parts
  RMLStreamer: NB72462M.acmg: rmlstreamer heartbeat — 4.73 GB · 8 parts
  RMLStreamer: NB72462M.acmg: rmlstreamer heartbeat — 4.77 GB · 8 parts
  RMLStreamer: NB72462M.acmg: rmlstreamer heartbeat — 4.82 GB · 8 parts
  RMLStreamer: NB72462M.acmg: rmlstreamer heartbeat — 4.87 GB · 8 parts
  RMLStreamer: NB72462M.acmg: rmlstreamer heartbeat — 4.92 GB · 8 parts
  RMLStreamer: NB72462M.acmg: rmlstreamer heartbeat — 4.95 GB · 8 parts
  RMLStreamer: NB72462M.acmg: rmlstreamer heartbeat — 4.99 GB · 8 parts
  RMLStreamer: NB72462M.acmg: rmlstreamer heartbeat — 5.02 GB · 8 parts
  RMLStreamer: NB72462M.acmg: rmlstreamer heartbeat — 5.06 GB · 8 parts
  RMLStreamer: NB72462M.acmg: rmlstreamer heartbeat — 5.08 GB · 8 parts
  RMLStreamer: NB72462M.acmg: rmlstreamer heartbeat — 5.08 GB · 8 parts
  RMLStreamer: NB72462M.acmg: rmlstreamer complete — 5.08 GB · 8 parts
  RMLStreamer: NB72462M.acmg: rdf-aggregate started — 0 parts
  RMLStreamer: NB72462M.acmg: rdf-aggregate part — 1 parts
  RMLStreamer: NB72462M.acmg: rdf-aggregate part — 2 parts
  RMLStreamer: NB72462M.acmg: rdf-aggregate part — 3 parts
  RMLStreamer: NB72462M.acmg: rdf-aggregate part — 4 parts
  RMLStreamer: NB72462M.acmg: rdf-aggregate part — 5 parts
  RMLStreamer: NB72462M.acmg: rdf-aggregate part — 6 parts
  RMLStreamer: NB72462M.acmg: rdf-aggregate part — 7 parts
  RMLStreamer: NB72462M.acmg: rdf-aggregate part — 8 parts
  RMLStreamer: NB72462M.acmg: rdf-aggregate complete — 8 parts
RMLStreamer: NB72462M.acmg: finished
