
[2026-10-08T11:55:21] $ docker version
Client: Docker Engine - Community
 Version:           29.7.2
 API version:       1.55
 Go version:        go1.26.5
 Git commit:        a7dcaa6
 Built:             Wed Aug  5 18:28:53 2026
 OS/Arch:           linux/amd64
 Context:           default

Server: Docker Engine - Community
 Engine:
  Version:          29.7.2
  API version:      1.55 (minimum version 1.40)
  Go version:       go1.26.5
  Git commit:       6a43e3d
  Built:            Wed Aug  5 18:28:53 2026
  OS/Arch:          linux/amd64
  Experimental:     false
 containerd:
  Version:          v2.3.3
  GitCommit:        aad11006b869517fcd3009450b6f82da282e1a9b
 runc:
  Version:          1.4.3
  GitCommit:        v1.4.3-0-gbb14dabe
 docker-init:
  Version:          0.19.0
  GitCommit:        de40ad0
[exit 0]

[2026-10-08T11:55:21] $ docker image inspect ecrum19/vcf-rdfizer:3.3.1
[
    {
        "Id": "sha256:3ad71b1a54612142e3be43b24e7e4a38551949cb641f4421bcae9bf051102993",
        "RepoTags": [
            "ecrum19/vcf-rdfizer:3.3.1"
        ],
        "RepoDigests": [
            "ecrum19/vcf-rdfizer@sha256:3ad71b1a54612142e3be43b24e7e4a38551949cb641f4421bcae9bf051102993"
        ],
        "Comment": "buildkit.dockerfile.v0",
        "Created": "2026-10-08T09:13:58.510150807Z",
        "Config": {
            "Env": [
                "PATH=/opt/java/openjdk/bin:/usr/local/sbin:/usr/local/bin:/usr/sbin:/usr/bin:/sbin:/bin",
                "JAVA_HOME=/opt/java/openjdk",
                "LANG=en_US.UTF-8",
                "LANGUAGE=en_US:en",
                "LC_ALL=en_US.UTF-8",
                "JAVA_VERSION=jdk-11.0.32.1+1",
                "RMLSTREAMER_JAR=/opt/rmlstreamer/RMLStreamer-v2.5.0-standalone.jar",
                "JAR=/opt/rmlstreamer/RMLStreamer-v2.5.0-standalone.jar",
                "HDTC_BIN=/usr/local/bin/hdtc",
                "HDT_INDEX_MEMORY_LIMIT=512M",
                "HDT_MERGE_MEMORY_LIMIT=512M",
                "COTTAS_MERGE_BATCH_ROWS=2048",
                "RDF2HDT_BIN=/usr/local/bin/rdf2hdt",
                "HDT2RDF_BIN=/usr/local/bin/hdt2rdf",
                "COTTAS_PYTHON_BIN=/opt/pycottas-venv/bin/python",
                "QLEVER_INDEX_BUILDER_BIN=/opt/qlever/bin/qlever-index",
                "QLEVER_SERVER_BIN=/opt/qlever/bin/qlever-server",
                "LD_LIBRARY_PATH=/usr/local/lib"
            ],
            "Entrypoint": [
                "/__cacert_entrypoint.sh"
            ],
            "WorkingDir": "/work",
            "Labels": {
                "org.opencontainers.image.created": "2026-10-08T09:08:16.394Z",
                "org.opencontainers.image.description": "A Python tool for the semantic conversion of VCF to serialized RDF and various compressed formats (HDT, COTTAS, GZ, BR).",
                "org.opencontainers.image.licenses": "MIT",
                "org.opencontainers.image.revision": "b25fb7b80337ab2396b742ed33f1318b22522f83",
                "org.opencontainers.image.source": "https://github.com/ecrum19/VCF-RDFizer",
                "org.opencontainers.image.title": "VCF-RDFizer",
                "org.opencontainers.image.url": "https://github.com/ecrum19/VCF-RDFizer",
                "org.opencontainers.image.version": "3.3.1"
            }
        },
        "Architecture": "amd64",
        "Os": "linux",
        "Size": 832431699,
        "RootFS": {
            "Type": "layers",
            "Layers": [
                "sha256:f6e0e88dd8e11c81dba77d657b271e1ed7c33882e8f4dfaa7768cbaee94d94fc",
                "sha256:f98d83061adc18abc1ffea46400be62b16d3da85c4e28563a97b3ff4cf7cca14",
                "sha256:c059060ac13305713dd22e8b55f1d45f385385bc3c265329bfb010c8069b82b7",
                "sha256:18ae9f4ac5947c897ab9dace68e2b5517075be5d7426f5d3fe2a3c7a9dee18b5",
                "sha256:b97ee02504b36aa25f192062a8168699ca8cd469c654b202298c8dc13654c490",
                "sha256:9d8a92da1dbee472e98e434fa2df72fd699cb8d98793e53fd30cc1b67ea46999",
                "sha256:f2e3f1235d2d139d830831315fc5486059787a00174020cd64abf72b0eeb7d7c",
                "sha256:898895fe1efb726dbd1657fe17c1ddf624b6126c0fbd7b9a0f8540e699a7576b",
                "sha256:da9631b24172c743d6ac4cb62f8374f37c033f7423dedd064a5f10936a6e939b",
                "sha256:5f70bf18a086007016e948b04aed3b82103a36bea41755b6cddfaf10ace3c6ef",
                "sha256:bebdfffbcb137dbaf20d07f7dfa0dc3054e0b89c53bfc3babad1abf61376f2fe",
                "sha256:d18f46709d1c2c74583d65fa00c31f7fbd635f7028c9ee9e123bb503d401bd50",
                "sha256:f4dc1477e8111a08d7f121e8b367be681275641e7853a17e944d7240365df11c",
                "sha256:2d80ca5cbb9a3d45f8a41eea91ea74716261aa8f6dd4a4e9f4a92bbc6fa206b2",
                "sha256:88a75b558289802fc2093c4fc59efe5539cc7a9ce9cbbb04d57d5f1cd0bd6084",
                "sha256:0d2fa1f7b41f1431306753cf97df1919fc07cd11add6e25c057dc48638f24279",
                "sha256:8d37b0a60fc215a67f6c8b1bad351a21713d4d9dbfbe04bd3c920fdf24afe31e",
                "sha256:a62541c10cea388f151acaf5a78c88fcdc4d9ee0051cf5a43deeec0b7676d5b6",
                "sha256:fe550253a3fd8e6cadeabb39b3d3fb9944d95af4851a553973e5f31ce7b2fbdb",
                "sha256:96a46a17578836e3aef432246de55f9901fb52481389a40d2cca2a0a7643868f",
                "sha256:5efb5d97c6fcd90a6bb02016b7238a56a37398e0f459cfbbe9585cc7edb2a1bd",
                "sha256:a42a466b1b68120c8c260472720ca1e343ac4994ccf7c095355c8622d1e2ced0",
                "sha256:e2a268f0f65b38d87b0d28349e8d78129bb99d9538a9d6b5665b84cc5a196813",
                "sha256:d19d539714529bb95fc32402d55d0a8f5ac5e7bfd917d461359a32bb932d6c2f",
                "sha256:a21451142f7fe0f78fd29e33b8022ab73a25a9d62399ed0a23e32c42d94d4e06",
                "sha256:315d4eec3992c12f9f257d1b5c8acf5b67fc149d819e58e86037a44513e9fce7",
                "sha256:b7aec1f1ed19f917d4c83e2a32f526e99e8efc14e5c4507f69555d74bc180d34",
                "sha256:5339c6a851c6c5466d9a9bcc6fad5dff3e91024a409fc93ca9347b9165590f22",
                "sha256:a799014246d13bd30ee39f166c917c4666ec28a1521ec82398b799b754d9ba7e",
                "sha256:85c49b7e849aa144433edc0b3c89e7ac01b1314c2f62b16fb92e0c1d17fb2611",
                "sha256:5f70bf18a086007016e948b04aed3b82103a36bea41755b6cddfaf10ace3c6ef"
            ]
        },
        "Metadata": {
            "LastTagTime": "2026-10-08T09:52:17.606589001Z"
        },
        "Descriptor": {
            "mediaType": "application/vnd.oci.image.index.v1+json",
            "digest": "sha256:3ad71b1a54612142e3be43b24e7e4a38551949cb641f4421bcae9bf051102993",
            "size": 1609
        },
        "Identity": {
            "Pull": [
                {
                    "Repository": "docker.io/ecrum19/vcf-rdfizer"
                }
            ]
        }
    }
]
[exit 0]

[2026-10-08T11:55:21] $ docker run --rm --label vcf-rdfizer.run=20261008T115521-137703 --user 1000:1000 -v /home/ubuntu/vcf-rdfizer-testing/vcf_data/derived:/data/in:ro -v /home/ubuntu/vrdev-test/v331/results/consumer_wgs__NG131FQA1I__first250000/out/.intermediate/tsv:/data/tsv -v /home/ubuntu/vrdev-test/v331/results/consumer_wgs__NG131FQA1I__first250000/out/run_metrics/NG131FQA1I_first250000__20261008T115521:/data/metrics ecrum19/vcf-rdfizer:3.3.1 bash -lc 'set -euo pipefail; rm -f /data/metrics/timings/tsv/NG131FQA1I_first250000.txt; if [[ -x /usr/bin/time ]] && /usr/bin/time --version >/dev/null 2>&1; then /usr/bin/time -v -o /data/metrics/timings/tsv/NG131FQA1I_first250000.txt -- bash /opt/vcf-rdfizer/vcf_as_tsv.sh /data/in/NG131FQA1I_first250000.vcf.gz /data/tsv; else { time -p bash /opt/vcf-rdfizer/vcf_as_tsv.sh /data/in/NG131FQA1I_first250000.vcf.gz /data/tsv; } > /data/metrics/timings/tsv/NG131FQA1I_first250000.txt 2>&1; fi'
✅ Wrote: /data/tsv/NG131FQA1I_first250000.records.tsv
✅ Wrote: /data/tsv/NG131FQA1I_first250000.header_lines.tsv
✅ Wrote: /data/tsv/NG131FQA1I_first250000.file_metadata.tsv
[exit 0]

[2026-10-08T11:55:24] $ docker run --rm --label vcf-rdfizer.run=20261008T115521-137703 --user 1000:1000 -v /home/ubuntu/vcf-rdfizer-testing/vcf_data/derived:/data/in:ro -v /home/ubuntu/vrdev-test/v331/results/consumer_wgs__NG131FQA1I__first250000/out/run_metrics/NG131FQA1I_first250000__20261008T115521/_generated_rules:/data/rules:ro -v /home/ubuntu/vrdev-test/v331/results/consumer_wgs__NG131FQA1I__first250000/out/.intermediate/tsv:/data/tsv:ro -v /home/ubuntu/vrdev-test/v331/results/consumer_wgs__NG131FQA1I__first250000/out:/data/out -v /home/ubuntu/vrdev-test/v331/results/consumer_wgs__NG131FQA1I__first250000/out/run_metrics/NG131FQA1I_first250000__20261008T115521:/data/metrics -w /data/rules -e JAR=/opt/rmlstreamer/RMLStreamer-v2.5.0-standalone.jar -e IN=/data/rules/NG131FQA1I_first250000.rules.ttl -e OUT_DIR=/data/out -e OUT_NAME=NG131FQA1I_first250000 -e RDF_STORAGE_MODE=space-optimized -e SPARK_PARTITIONS= -e RUN_ID=20261008T115521 -e TIMESTAMP=2026-10-08T11:55:21 -e TSV_EXIT_CODE=0 -e TSV_WALL_SECONDS=3.002187 -e TSV_USER_SECONDS=2.550000 -e TSV_SYS_SECONDS=0.150000 -e TSV_MAX_RSS_KB=7680 -e TSV_OUTPUT_SIZE_BYTES=72953117 -e 'TSV_OUTPUT_PATH=/data/tsv/NG131FQA1I_first250000.records.tsv|/data/tsv/NG131FQA1I_first250000.header_lines.tsv|/data/tsv/NG131FQA1I_first250000.file_metadata.tsv' -e IN_VCF=/data/in/NG131FQA1I_first250000.vcf.gz -e LOGDIR=/data/metrics -e PROGRESS_FILE=/data/metrics/.progress/rmlstreamer-NG131FQA1I_first250000.jsonl ecrum19/vcf-rdfizer:3.3.1 bash /opt/vcf-rdfizer/run_conversion.sh
09:55:25,171 INFO  io.rml.framework.Main$                                        - Mapping file: /data/rules/NG131FQA1I_first250000.rules.ttl
Job name: RMLStreamer
Base IRI: /
Parallelise over local task slots: true
Maximum parallelism: None
Post processor: None
Checkpoint interval: /
Auto Watermark interval: 50
Output method: File
Output file: /data/out/NG131FQA1I_first250000/.rmlstreamer-parts-NG131FQA1I_first250000-1
Kafka broker list: /
Kafka topic: /
Kafka topic partition id: /
Output TCP socket: /
Function description locations: None
Discard output: false
09:55:25,720 WARN  io.rml.framework.core.model.csvw.CSVWDialect                  - Only csvw:delimiter is supported, other dialect options will be ignored!
09:55:25,726 WARN  io.rml.framework.core.model.csvw.CSVWDialect                  - Only csvw:delimiter is supported, other dialect options will be ignored!
09:55:25,728 WARN  io.rml.framework.core.model.csvw.CSVWDialect                  - Only csvw:delimiter is supported, other dialect options will be ignored!
09:55:25,729 WARN  io.rml.framework.core.model.csvw.CSVWDialect                  - Only csvw:delimiter is supported, other dialect options will be ignored!
09:55:25,730 WARN  io.rml.framework.core.model.csvw.CSVWDialect                  - Only csvw:delimiter is supported, other dialect options will be ignored!
09:55:25,732 WARN  io.rml.framework.core.model.csvw.CSVWDialect                  - Only csvw:delimiter is supported, other dialect options will be ignored!
09:55:25,733 WARN  io.rml.framework.core.model.csvw.CSVWDialect                  - Only csvw:delimiter is supported, other dialect options will be ignored!
09:55:25,734 WARN  io.rml.framework.core.model.csvw.CSVWDialect                  - Only csvw:delimiter is supported, other dialect options will be ignored!
09:55:25,734 WARN  io.rml.framework.core.model.csvw.CSVWDialect                  - Only csvw:delimiter is supported, other dialect options will be ignored!
09:55:25,735 WARN  io.rml.framework.core.model.csvw.CSVWDialect                  - Only csvw:delimiter is supported, other dialect options will be ignored!
09:55:25,736 WARN  io.rml.framework.core.model.csvw.CSVWDialect                  - Only csvw:delimiter is supported, other dialect options will be ignored!
09:55:25,737 WARN  io.rml.framework.core.model.csvw.CSVWDialect                  - Only csvw:delimiter is supported, other dialect options will be ignored!
Number of standard stream triple maps: 12
Total extracted std triple maps: 12
Number of standard stream triple maps: 0
Total extracted std triple maps: 0
09:55:25,809 INFO  io.rml.framework.Main$                                        - Dataset Job Found.
09:55:25,860 INFO  io.rml.framework.Main$                                        - 2 Triple Maps are found.
09:55:25,870 INFO  io.rml.framework.Main$                                        - 2 Triple Maps are found.
09:55:25,871 INFO  io.rml.framework.Main$                                        - 3 Triple Maps are found.
09:55:25,871 INFO  io.rml.framework.Main$                                        - 2 Triple Maps are found.
09:55:25,872 INFO  io.rml.framework.Main$                                        - 3 Triple Maps are found.
09:55:29,671 WARN  org.apache.flink.runtime.webmonitor.WebMonitorUtils           - Log file environment variable 'log.file' is not set.
09:55:29,671 WARN  org.apache.flink.runtime.webmonitor.WebMonitorUtils           - JobManager log files are unavailable in the web dashboard. Log file location not found in environment variable 'log.file' or configuration key 'web.log.path'.
09:55:30,388 WARN  org.apache.flink.metrics.MetricGroup                          - The operator name DataSource (at org.apache.flink.api.scala.ExecutionEnvironment.createInput(ExecutionEnvironment.scala:360) (io.rml.framework.flink.source.CSVInputFormat)) exceeded the 80 characters length limit and was truncated.
09:55:30,400 WARN  org.apache.flink.metrics.MetricGroup                          - The operator name DataSource (at org.apache.flink.api.scala.ExecutionEnvironment.createInput(ExecutionEnvironment.scala:360) (io.rml.framework.flink.source.CSVInputFormat)) exceeded the 80 characters length limit and was truncated.
09:55:30,388 WARN  org.apache.flink.metrics.MetricGroup                          - The operator name DataSource (at org.apache.flink.api.scala.ExecutionEnvironment.createInput(ExecutionEnvironment.scala:360) (io.rml.framework.flink.source.CSVInputFormat)) exceeded the 80 characters length limit and was truncated.
09:55:30,389 WARN  org.apache.flink.metrics.MetricGroup                          - The operator name DataSource (at org.apache.flink.api.scala.ExecutionEnvironment.createInput(ExecutionEnvironment.scala:360) (io.rml.framework.flink.source.CSVInputFormat)) exceeded the 80 characters length limit and was truncated.
09:55:30,389 WARN  org.apache.flink.metrics.MetricGroup                          - The operator name DataSource (at org.apache.flink.api.scala.ExecutionEnvironment.createInput(ExecutionEnvironment.scala:360) (io.rml.framework.flink.source.CSVInputFormat)) exceeded the 80 characters length limit and was truncated.
09:55:30,389 WARN  org.apache.flink.metrics.MetricGroup                          - The operator name DataSource (at org.apache.flink.api.scala.ExecutionEnvironment.createInput(ExecutionEnvironment.scala:360) (io.rml.framework.flink.source.CSVInputFormat)) exceeded the 80 characters length limit and was truncated.
09:55:30,410 WARN  org.apache.flink.metrics.MetricGroup                          - The operator name DataSource (at org.apache.flink.api.scala.ExecutionEnvironment.createInput(ExecutionEnvironment.scala:360) (io.rml.framework.flink.source.CSVInputFormat)) exceeded the 80 characters length limit and was truncated.
09:55:30,421 WARN  org.apache.flink.metrics.MetricGroup                          - The operator name DataSource (at org.apache.flink.api.scala.ExecutionEnvironment.createInput(ExecutionEnvironment.scala:360) (io.rml.framework.flink.source.CSVInputFormat)) exceeded the 80 characters length limit and was truncated.
09:55:30,426 WARN  org.apache.flink.metrics.MetricGroup                          - The operator name DataSource (at org.apache.flink.api.scala.ExecutionEnvironment.createInput(ExecutionEnvironment.scala:360) (io.rml.framework.flink.source.CSVInputFormat)) exceeded the 80 characters length limit and was truncated.
09:55:30,481 WARN  org.apache.flink.metrics.MetricGroup                          - The operator name DataSource (at org.apache.flink.api.scala.ExecutionEnvironment.createInput(ExecutionEnvironment.scala:360) (io.rml.framework.flink.source.CSVInputFormat)) exceeded the 80 characters length limit and was truncated.
09:55:30,514 WARN  org.apache.flink.metrics.MetricGroup                          - The operator name DataSource (at org.apache.flink.api.scala.ExecutionEnvironment.createInput(ExecutionEnvironment.scala:360) (io.rml.framework.flink.source.CSVInputFormat)) exceeded the 80 characters length limit and was truncated.
09:55:30,563 WARN  org.apache.flink.metrics.MetricGroup                          - The operator name DataSource (at org.apache.flink.api.scala.ExecutionEnvironment.createInput(ExecutionEnvironment.scala:360) (io.rml.framework.flink.source.CSVInputFormat)) exceeded the 80 characters length limit and was truncated.
09:55:30,592 WARN  org.apache.flink.metrics.MetricGroup                          - The operator name DataSource (at org.apache.flink.api.scala.ExecutionEnvironment.createInput(ExecutionEnvironment.scala:360) (io.rml.framework.flink.source.CSVInputFormat)) exceeded the 80 characters length limit and was truncated.
09:55:30,559 WARN  org.apache.flink.metrics.MetricGroup                          - The operator name DataSource (at org.apache.flink.api.scala.ExecutionEnvironment.createInput(ExecutionEnvironment.scala:360) (io.rml.framework.flink.source.CSVInputFormat)) exceeded the 80 characters length limit and was truncated.
09:55:30,549 WARN  org.apache.flink.metrics.MetricGroup                          - The operator name DataSource (at org.apache.flink.api.scala.ExecutionEnvironment.createInput(ExecutionEnvironment.scala:360) (io.rml.framework.flink.source.CSVInputFormat)) exceeded the 80 characters length limit and was truncated.
09:55:30,548 WARN  org.apache.flink.metrics.MetricGroup                          - The operator name DataSource (at org.apache.flink.api.scala.ExecutionEnvironment.createInput(ExecutionEnvironment.scala:360) (io.rml.framework.flink.source.CSVInputFormat)) exceeded the 80 characters length limit and was truncated.
09:55:30,543 WARN  org.apache.flink.metrics.MetricGroup                          - The operator name DataSource (at org.apache.flink.api.scala.ExecutionEnvironment.createInput(ExecutionEnvironment.scala:360) (io.rml.framework.flink.source.CSVInputFormat)) exceeded the 80 characters length limit and was truncated.
09:55:30,539 WARN  org.apache.flink.metrics.MetricGroup                          - The operator name DataSource (at org.apache.flink.api.scala.ExecutionEnvironment.createInput(ExecutionEnvironment.scala:360) (io.rml.framework.flink.source.CSVInputFormat)) exceeded the 80 characters length limit and was truncated.
09:55:30,538 WARN  org.apache.flink.metrics.MetricGroup                          - The operator name DataSource (at org.apache.flink.api.scala.ExecutionEnvironment.createInput(ExecutionEnvironment.scala:360) (io.rml.framework.flink.source.CSVInputFormat)) exceeded the 80 characters length limit and was truncated.
09:55:30,537 WARN  org.apache.flink.metrics.MetricGroup                          - The operator name DataSource (at org.apache.flink.api.scala.ExecutionEnvironment.createInput(ExecutionEnvironment.scala:360) (io.rml.framework.flink.source.CSVInputFormat)) exceeded the 80 characters length limit and was truncated.
09:55:30,532 WARN  org.apache.flink.metrics.MetricGroup                          - The operator name DataSource (at org.apache.flink.api.scala.ExecutionEnvironment.createInput(ExecutionEnvironment.scala:360) (io.rml.framework.flink.source.CSVInputFormat)) exceeded the 80 characters length limit and was truncated.
09:55:30,532 WARN  org.apache.flink.metrics.MetricGroup                          - The operator name DataSource (at org.apache.flink.api.scala.ExecutionEnvironment.createInput(ExecutionEnvironment.scala:360) (io.rml.framework.flink.source.CSVInputFormat)) exceeded the 80 characters length limit and was truncated.
09:55:30,531 WARN  org.apache.flink.metrics.MetricGroup                          - The operator name DataSource (at org.apache.flink.api.scala.ExecutionEnvironment.createInput(ExecutionEnvironment.scala:360) (io.rml.framework.flink.source.CSVInputFormat)) exceeded the 80 characters length limit and was truncated.
09:55:30,529 WARN  org.apache.flink.metrics.MetricGroup                          - The operator name DataSource (at org.apache.flink.api.scala.ExecutionEnvironment.createInput(ExecutionEnvironment.scala:360) (io.rml.framework.flink.source.CSVInputFormat)) exceeded the 80 characters length limit and was truncated.
09:55:30,528 WARN  org.apache.flink.metrics.MetricGroup                          - The operator name DataSource (at org.apache.flink.api.scala.ExecutionEnvironment.createInput(ExecutionEnvironment.scala:360) (io.rml.framework.flink.source.CSVInputFormat)) exceeded the 80 characters length limit and was truncated.
09:55:30,526 WARN  org.apache.flink.metrics.MetricGroup                          - The operator name DataSource (at org.apache.flink.api.scala.ExecutionEnvironment.createInput(ExecutionEnvironment.scala:360) (io.rml.framework.flink.source.CSVInputFormat)) exceeded the 80 characters length limit and was truncated.
09:55:30,524 WARN  org.apache.flink.metrics.MetricGroup                          - The operator name DataSource (at org.apache.flink.api.scala.ExecutionEnvironment.createInput(ExecutionEnvironment.scala:360) (io.rml.framework.flink.source.CSVInputFormat)) exceeded the 80 characters length limit and was truncated.
09:55:30,524 WARN  org.apache.flink.metrics.MetricGroup                          - The operator name DataSource (at org.apache.flink.api.scala.ExecutionEnvironment.createInput(ExecutionEnvironment.scala:360) (io.rml.framework.flink.source.CSVInputFormat)) exceeded the 80 characters length limit and was truncated.
09:55:30,523 WARN  org.apache.flink.metrics.MetricGroup                          - The operator name DataSource (at org.apache.flink.api.scala.ExecutionEnvironment.createInput(ExecutionEnvironment.scala:360) (io.rml.framework.flink.source.CSVInputFormat)) exceeded the 80 characters length limit and was truncated.
09:55:30,522 WARN  org.apache.flink.metrics.MetricGroup                          - The operator name DataSource (at org.apache.flink.api.scala.ExecutionEnvironment.createInput(ExecutionEnvironment.scala:360) (io.rml.framework.flink.source.CSVInputFormat)) exceeded the 80 characters length limit and was truncated.
09:55:30,516 WARN  org.apache.flink.metrics.MetricGroup                          - The operator name DataSource (at org.apache.flink.api.scala.ExecutionEnvironment.createInput(ExecutionEnvironment.scala:360) (io.rml.framework.flink.source.CSVInputFormat)) exceeded the 80 characters length limit and was truncated.
09:55:30,650 WARN  org.apache.flink.metrics.MetricGroup                          - The operator name DataSource (at org.apache.flink.api.scala.ExecutionEnvironment.createInput(ExecutionEnvironment.scala:360) (io.rml.framework.flink.source.CSVInputFormat)) exceeded the 80 characters length limit and was truncated.
09:55:30,647 WARN  org.apache.flink.metrics.MetricGroup                          - The operator name DataSource (at org.apache.flink.api.scala.ExecutionEnvironment.createInput(ExecutionEnvironment.scala:360) (io.rml.framework.flink.source.CSVInputFormat)) exceeded the 80 characters length limit and was truncated.
09:55:30,634 WARN  org.apache.flink.metrics.MetricGroup                          - The operator name DataSource (at org.apache.flink.api.scala.ExecutionEnvironment.createInput(ExecutionEnvironment.scala:360) (io.rml.framework.flink.source.CSVInputFormat)) exceeded the 80 characters length limit and was truncated.
09:55:30,634 WARN  org.apache.flink.metrics.MetricGroup                          - The operator name DataSource (at org.apache.flink.api.scala.ExecutionEnvironment.createInput(ExecutionEnvironment.scala:360) (io.rml.framework.flink.source.CSVInputFormat)) exceeded the 80 characters length limit and was truncated.
09:55:30,617 WARN  org.apache.flink.metrics.MetricGroup                          - The operator name DataSource (at org.apache.flink.api.scala.ExecutionEnvironment.createInput(ExecutionEnvironment.scala:360) (io.rml.framework.flink.source.CSVInputFormat)) exceeded the 80 characters length limit and was truncated.
09:55:30,617 WARN  org.apache.flink.metrics.MetricGroup                          - The operator name DataSource (at org.apache.flink.api.scala.ExecutionEnvironment.createInput(ExecutionEnvironment.scala:360) (io.rml.framework.flink.source.CSVInputFormat)) exceeded the 80 characters length limit and was truncated.
09:55:30,615 WARN  org.apache.flink.metrics.MetricGroup                          - The operator name DataSource (at org.apache.flink.api.scala.ExecutionEnvironment.createInput(ExecutionEnvironment.scala:360) (io.rml.framework.flink.source.CSVInputFormat)) exceeded the 80 characters length limit and was truncated.
09:55:30,572 WARN  org.apache.flink.metrics.MetricGroup                          - The operator name DataSource (at org.apache.flink.api.scala.ExecutionEnvironment.createInput(ExecutionEnvironment.scala:360) (io.rml.framework.flink.source.CSVInputFormat)) exceeded the 80 characters length limit and was truncated.
09:55:30,566 WARN  org.apache.flink.metrics.MetricGroup                          - The operator name DataSource (at org.apache.flink.api.scala.ExecutionEnvironment.createInput(ExecutionEnvironment.scala:360) (io.rml.framework.flink.source.CSVInputFormat)) exceeded the 80 characters length limit and was truncated.
WARNING: metrics header mismatch; backed up to /data/metrics/metrics_csv_bak_20261008T115521.csv and creating new metrics file.
Done.
JSON: /data/metrics/stages/conversion/NG131FQA1I_first250000.json
CSV:  /data/metrics/metrics.csv
[exit 0]

[2026-10-08T11:59:40] $ docker run --rm --label vcf-rdfizer.run=20261008T115521-137703 --user 1000:1000 --init -v /home/ubuntu/vcf-rdfizer-testing/vcf_data/derived:/data/vcf:ro -v /home/ubuntu/vrdev-test/v331/results/consumer_wgs__NG131FQA1I__first250000/out/NG131FQA1I_first250000:/data/rdf:ro -v /home/ubuntu/vrdev-test/v331/results/consumer_wgs__NG131FQA1I__first250000/out/run_metrics/NG131FQA1I_first250000__20261008T115521/reports/validation/NG131FQA1I_first250000:/data/validation -v /home/ubuntu/vrdev-test/v331/results/consumer_wgs__NG131FQA1I__first250000/out/run_metrics/NG131FQA1I_first250000__20261008T115521:/data/metrics -v /home/ubuntu/vrdev-test/v331/vcf-rdfizer-v3.3.1/vcf_rdfizer_data/shacl:/data/shacl:ro -v /home/ubuntu/vrdev-test/v331/vcf-rdfizer-v3.3.1/vcf_rdfizer_data/ontology:/data/shacl-ontology:ro ecrum19/vcf-rdfizer:3.3.1 /usr/bin/time -v -o /data/metrics/timings/validation/NG131FQA1I_first250000.txt -- /opt/pycottas-venv/bin/python /opt/vcf-rdfizer/validation/validation_runner.py --vcf /data/vcf/NG131FQA1I_first250000.vcf.gz --rdf /data/rdf/NG131FQA1I_first250000.nt.gz --rdf-format nt.gz --engine qlever --shacl-shapes /data/shacl/vcf-core-vocabulary.shacl.ttl --shacl-ontology /data/shacl-ontology/vcf-core-vocabulary.bundle.ttl --representation expanded --info-representation structured --header-representation structured --results-dir /data/validation --dataset-id NG131FQA1I_first250000 --filter-oracle auto --scratch-dir /work --progress-path /data/metrics/.progress/validation-NG131FQA1I_first250000.jsonl
[NG131FQA1I_first250000] preparing qlever engine
[NG131FQA1I_first250000] running expanded/preflight_record_cardinality (qlever)
[NG131FQA1I_first250000] running expanded/preflight_position_datatype (qlever)
[NG131FQA1I_first250000] running expanded/preflight_missing_token_conformance (qlever)
[NG131FQA1I_first250000] running expanded/preflight_representation_profile (qlever)
[NG131FQA1I_first250000] running expanded/preflight_sample_gt_inventory (qlever)
[NG131FQA1I_first250000] running expanded/preflight_blank_nodes (qlever)
[NG131FQA1I_first250000] running expanded/preflight_empty_values (qlever)
[NG131FQA1I_first250000] running expanded/preflight_distinct_triple_count (qlever)
[NG131FQA1I_first250000] running expanded/preflight_record_cardinality_count (qlever)
[NG131FQA1I_first250000] running expanded/preflight_position_datatype_count (qlever)
[NG131FQA1I_first250000] running expanded/preflight_missing_token_conformance_count (qlever)
[NG131FQA1I_first250000] running expanded/preflight_representation_profile_count (qlever)
[NG131FQA1I_first250000] running expanded/preflight_blank_nodes_count (qlever)
[NG131FQA1I_first250000] running expanded/preflight_empty_values_count (qlever)
[NG131FQA1I_first250000] running expanded/q01_record_density_1mb (qlever)
[NG131FQA1I_first250000] running expanded/q02_variant_shape_counts (qlever)
[NG131FQA1I_first250000] running expanded/q03_titv (qlever)
[NG131FQA1I_first250000] running expanded/q04_filter_distribution (qlever)
[NG131FQA1I_first250000] running expanded/q05_sample_genotype_counts (qlever)
[NG131FQA1I_first250000] running expanded/q06_ac_an_distribution (qlever)
[NG131FQA1I_first250000] running expanded/q07_file_metadata (qlever)
[NG131FQA1I_first250000] running expanded/q08_header_line_census (qlever)
[NG131FQA1I_first250000] running expanded/q09_predicate_census (qlever)
[NG131FQA1I_first250000] running expanded/q10_class_census (qlever)
[NG131FQA1I_first250000] running expanded/q11_record_digest (qlever)
[NG131FQA1I_first250000] running expanded/q12_info_value_digest (qlever)
[NG131FQA1I_first250000] running expanded/q13_format_value_digest (qlever)
{
  "datasetId": "NG131FQA1I_first250000",
  "representation": "expanded",
  "status": "PASS",
  "engine": "qlever",
  "engines": [
    "qlever"
  ],
  "engineStatuses": {
    "qlever": "PASS"
  },
  "engineAgreement": true,
  "sourceFormat": "nt.gz",
  "strictConformance": false,
  "shacl": {
    "status": "PASS",
    "conforms": false,
    "shapes": [
      "/data/shacl/vcf-core-vocabulary.shacl.ttl"
    ],
    "ontology": "/data/shacl-ontology/vcf-core-vocabulary.bundle.ttl",
    "violationCount": 0,
    "violationPaths": [
      "vcfc:fieldSource",
      "vcfc:fieldVersion"
    ],
    "advisoryCount": 46,
    "advisoryKinds": [
      "Warning"
    ],
    "advisorySample": [
      "Validation Result in MinCountConstraintComponent (http://www.w3.org/ns/shacl#MinCountConstraintComponent):\n\tSeverity: sh:Warning\n\tSource Shape: [ sh:datatype xsd:string ; sh:message Literal(\"VCF 4.5 recommends Source on INFO declarations.\", lang=en) ; sh:minCount Literal(\"1\", datatype=xsd:integer) ; sh:path vcfc:fieldSource ; sh:severity sh:Warning ]\n\tFocus Node: <file://NG131FQA1I_first250000.vcf.gz#header/line/30>\n\tResult Path: vcfc:fieldSource\n\tMessage: VCF 4.5 recommends Source on INFO declarations.",
      "Validation Result in MinCountConstraintComponent (http://www.w3.org/ns/shacl#MinCountConstraintComponent):\n\tSeverity: sh:Warning\n\tSource Shape: [ sh:datatype xsd:string ; sh:message Literal(\"VCF 4.5 recommends Source on INFO declarations.\", lang=en) ; sh:minCount Literal(\"1\", datatype=xsd:integer) ; sh:path vcfc:fieldSource ; sh:severity sh:Warning ]\n\tFocus Node: <file://NG131FQA1I_first250000.vcf.gz#header/line/25>\n\tResult Path: vcfc:fieldSource\n\tMessage: VCF 4.5 recommends Source on INFO declarations.",
      "Validation Result in MinCountConstraintComponent (http://www.w3.org/ns/shacl#MinCountConstraintComponent):\n\tSeverity: sh:Warning\n\tSource Shape: [ sh:datatype xsd:string ; sh:message Literal(\"VCF 4.5 recommends Source on INFO declarations.\", lang=en) ; sh:minCount Literal(\"1\", datatype=xsd:integer) ; sh:path vcfc:fieldSource ; sh:severity sh:Warning ]\n\tFocus Node: <file://NG131FQA1I_first250000.vcf.gz#header/line/26>\n\tResult Path: vcfc:fieldSource\n\tMessage: VCF 4.5 recommends Source on INFO declarations.",
      "Validation Result in MinCountConstraintComponent (http://www.w3.org/ns/shacl#MinCountConstraintComponent):\n\tSeverity: sh:Warning\n\tSource Shape: [ sh:datatype xsd:string ; sh:message Literal(\"VCF 4.5 recommends Source on INFO declarations.\", lang=en) ; sh:minCount Literal(\"1\", datatype=xsd:integer) ; sh:path vcfc:fieldSource ; sh:severity sh:Warning ]\n\tFocus Node: <file://NG131FQA1I_first250000.vcf.gz#header/line/41>\n\tResult Path: vcfc:fieldSource\n\tMessage: VCF 4.5 recommends Source on INFO declarations.",
      "Validation Result in MinCountConstraintComponent (http://www.w3.org/ns/shacl#MinCountConstraintComponent):\n\tSeverity: sh:Warning\n\tSource Shape: [ sh:datatype xsd:string ; sh:message Literal(\"VCF 4.5 recommends Source on INFO declarations.\", lang=en) ; sh:minCount Literal(\"1\", datatype=xsd:integer) ; sh:path vcfc:fieldSource ; sh:severity sh:Warning ]\n\tFocus Node: <file://NG131FQA1I_first250000.vcf.gz#header/line/33>\n\tResult Path: vcfc:fieldSource\n\tMessage: VCF 4.5 recommends Source on INFO declarations.",
      "Validation Result in MinCountConstraintComponent (http://www.w3.org/ns/shacl#MinCountConstraintComponent):\n\tSeverity: sh:Warning\n\tSource Shape: [ sh:datatype xsd:string ; sh:message Literal(\"VCF 4.5 recommends Source on INFO declarations.\", lang=en) ; sh:minCount Literal(\"1\", datatype=xsd:integer) ; sh:path vcfc:fieldSource ; sh:severity sh:Warning ]\n\tFocus Node: <file://NG131FQA1I_first250000.vcf.gz#header/line/44>\n\tResult Path: vcfc:fieldSource\n\tMessage: VCF 4.5 recommends Source on INFO declarations.",
      "Validation Result in MinCountConstraintComponent (http://www.w3.org/ns/shacl#MinCountConstraintComponent):\n\tSeverity: sh:Warning\n\tSource Shape: [ sh:datatype xsd:string ; sh:message Literal(\"VCF 4.5 recommends Source on INFO declarations.\", lang=en) ; sh:minCount Literal(\"1\", datatype=xsd:integer) ; sh:path vcfc:fieldSource ; sh:severity sh:Warning ]\n\tFocus Node: <file://NG131FQA1I_first250000.vcf.gz#header/line/45>\n\tResult Path: vcfc:fieldSource\n\tMessage: VCF 4.5 recommends Source on INFO declarations.",
      "Validation Result in MinCountConstraintComponent (http://www.w3.org/ns/shacl#MinCountConstraintComponent):\n\tSeverity: sh:Warning\n\tSource Shape: [ sh:datatype xsd:string ; sh:message Literal(\"VCF 4.5 recommends Source on INFO declarations.\", lang=en) ; sh:minCount Literal(\"1\", datatype=xsd:integer) ; sh:path vcfc:fieldSource ; sh:severity sh:Warning ]\n\tFocus Node: <file://NG131FQA1I_first250000.vcf.gz#header/line/37>\n\tResult Path: vcfc:fieldSource\n\tMessage: VCF 4.5 recommends Source on INFO declarations.",
      "Validation Result in MinCountConstraintComponent (http://www.w3.org/ns/shacl#MinCountConstraintComponent):\n\tSeverity: sh:Warning\n\tSource Shape: [ sh:datatype xsd:string ; sh:message Literal(\"VCF 4.5 recommends Source on INFO declarations.\", lang=en) ; sh:minCount Literal(\"1\", datatype=xsd:integer) ; sh:path vcfc:fieldSource ; sh:severity sh:Warning ]\n\tFocus Node: <file://NG131FQA1I_first250000.vcf.gz#header/line/39>\n\tResult Path: vcfc:fieldSource\n\tMessage: VCF 4.5 recommends Source on INFO declarations.",
      "Validation Result in MinCountConstraintComponent (http://www.w3.org/ns/shacl#MinCountConstraintComponent):\n\tSeverity: sh:Warning\n\tSource Shape: [ sh:datatype xsd:string ; sh:message Literal(\"VCF 4.5 recommends Source on INFO declarations.\", lang=en) ; sh:minCount Literal(\"1\", datatype=xsd:integer) ; sh:path vcfc:fieldSource ; sh:severity sh:Warning ]\n\tFocus Node: <file://NG131FQA1I_first250000.vcf.gz#header/line/35>\n\tResult Path: vcfc:fieldSource\n\tMessage: VCF 4.5 recommends Source on INFO declarations.",
      "Validation Result in MinCountConstraintComponent (http://www.w3.org/ns/shacl#MinCountConstraintComponent):\n\tSeverity: sh:Warning\n\tSource Shape: [ sh:datatype xsd:string ; sh:message Literal(\"VCF 4.5 recommends Source on INFO declarations.\", lang=en) ; sh:minCount Literal(\"1\", datatype=xsd:integer) ; sh:path vcfc:fieldSource ; sh:severity sh:Warning ]\n\tFocus Node: <file://NG131FQA1I_first250000.vcf.gz#header/line/42>\n\tResult Path: vcfc:fieldSource\n\tMessage: VCF 4.5 recommends Source on INFO declarations.",
      "Validation Result in MinCountConstraintComponent (http://www.w3.org/ns/shacl#MinCountConstraintComponent):\n\tSeverity: sh:Warning\n\tSource Shape: [ sh:datatype xsd:string ; sh:message Literal(\"VCF 4.5 recommends Source on INFO declarations.\", lang=en) ; sh:minCount Literal(\"1\", datatype=xsd:integer) ; sh:path vcfc:fieldSource ; sh:severity sh:Warning ]\n\tFocus Node: <file://NG131FQA1I_first250000.vcf.gz#header/line/38>\n\tResult Path: vcfc:fieldSource\n\tMessage: VCF 4.5 recommends Source on INFO declarations.",
      "Validation Result in MinCountConstraintComponent (http://www.w3.org/ns/shacl#MinCountConstraintComponent):\n\tSeverity: sh:Warning\n\tSource Shape: [ sh:datatype xsd:string ; sh:message Literal(\"VCF 4.5 recommends Source on INFO declarations.\", lang=en) ; sh:minCount Literal(\"1\", datatype=xsd:integer) ; sh:path vcfc:fieldSource ; sh:severity sh:Warning ]\n\tFocus Node: <file://NG131FQA1I_first250000.vcf.gz#header/line/36>\n\tResult Path: vcfc:fieldSource\n\tMessage: VCF 4.5 recommends Source on INFO declarations.",
      "Validation Result in MinCountConstraintComponent (http://www.w3.org/ns/shacl#MinCountConstraintComponent):\n\tSeverity: sh:Warning\n\tSource Shape: [ sh:datatype xsd:string ; sh:message Literal(\"VCF 4.5 recommends Source on INFO declarations.\", lang=en) ; sh:minCount Literal(\"1\", datatype=xsd:integer) ; sh:path vcfc:fieldSource ; sh:severity sh:Warning ]\n\tFocus Node: <file://NG131FQA1I_first250000.vcf.gz#header/line/29>\n\tResult Path: vcfc:fieldSource\n\tMessage: VCF 4.5 recommends Source on INFO declarations.",
      "Validation Result in MinCountConstraintComponent (http://www.w3.org/ns/shacl#MinCountConstraintComponent):\n\tSeverity: sh:Warning\n\tSource Shape: [ sh:datatype xsd:string ; sh:message Literal(\"VCF 4.5 recommends Source on INFO declarations.\", lang=en) ; sh:minCount Literal(\"1\", datatype=xsd:integer) ; sh:path vcfc:fieldSource ; sh:severity sh:Warning ]\n\tFocus Node: <file://NG131FQA1I_first250000.vcf.gz#header/line/32>\n\tResult Path: vcfc:fieldSource\n\tMessage: VCF 4.5 recommends Source on INFO declarations.",
      "Validation Result in MinCountConstraintComponent (http://www.w3.org/ns/shacl#MinCountConstraintComponent):\n\tSeverity: sh:Warning\n\tSource Shape: [ sh:datatype xsd:string ; sh:message Literal(\"VCF 4.5 recommends Source on INFO declarations.\", lang=en) ; sh:minCount Literal(\"1\", datatype=xsd:integer) ; sh:path vcfc:fieldSource ; sh:severity sh:Warning ]\n\tFocus Node: <file://NG131FQA1I_first250000.vcf.gz#header/line/40>\n\tResult Path: vcfc:fieldSource\n\tMessage: VCF 4.5 recommends Source on INFO declarations.",
      "Validation Result in MinCountConstraintComponent (http://www.w3.org/ns/shacl#MinCountConstraintComponent):\n\tSeverity: sh:Warning\n\tSource Shape: [ sh:datatype xsd:string ; sh:message Literal(\"VCF 4.5 recommends Source on INFO declarations.\", lang=en) ; sh:minCount Literal(\"1\", datatype=xsd:integer) ; sh:path vcfc:fieldSource ; sh:severity sh:Warning ]\n\tFocus Node: <file://NG131FQA1I_first250000.vcf.gz#header/line/24>\n\tResult Path: vcfc:fieldSource\n\tMessage: VCF 4.5 recommends Source on INFO declarations.",
      "Validation Result in MinCountConstraintComponent (http://www.w3.org/ns/shacl#MinCountConstraintComponent):\n\tSeverity: sh:Warning\n\tSource Shape: [ sh:datatype xsd:string ; sh:message Literal(\"VCF 4.5 recommends Source on INFO declarations.\", lang=en) ; sh:minCount Literal(\"1\", datatype=xsd:integer) ; sh:path vcfc:fieldSource ; sh:severity sh:Warning ]\n\tFocus Node: <file://NG131FQA1I_first250000.vcf.gz#header/line/43>\n\tResult Path: vcfc:fieldSource\n\tMessage: VCF 4.5 recommends Source on INFO declarations.",
      "Validation Result in MinCountConstraintComponent (http://www.w3.org/ns/shacl#MinCountConstraintComponent):\n\tSeverity: sh:Warning\n\tSource Shape: [ sh:datatype xsd:string ; sh:message Literal(\"VCF 4.5 recommends Source on INFO declarations.\", lang=en) ; sh:minCount Literal(\"1\", datatype=xsd:integer) ; sh:path vcfc:fieldSource ; sh:severity sh:Warning ]\n\tFocus Node: <file://NG131FQA1I_first250000.vcf.gz#header/line/27>\n\tResult Path: vcfc:fieldSource\n\tMessage: VCF 4.5 recommends Source on INFO declarations.",
      "Validation Result in MinCountConstraintComponent (http://www.w3.org/ns/shacl#MinCountConstraintComponent):\n\tSeverity: sh:Warning\n\tSource Shape: [ sh:datatype xsd:string ; sh:message Literal(\"VCF 4.5 recommends Source on INFO declarations.\", lang=en) ; sh:minCount Literal(\"1\", datatype=xsd:integer) ; sh:path vcfc:fieldSource ; sh:severity sh:Warning ]\n\tFocus Node: <file://NG131FQA1I_first250000.vcf.gz#header/line/31>\n\tResult Path: vcfc:fieldSource\n\tMessage: VCF 4.5 recommends Source on INFO declarations.",
      "Validation Result in MinCountConstraintComponent (http://www.w3.org/ns/shacl#MinCountConstraintComponent):\n\tSeverity: sh:Warning\n\tSource Shape: [ sh:datatype xsd:string ; sh:message Literal(\"VCF 4.5 recommends Source on INFO declarations.\", lang=en) ; sh:minCount Literal(\"1\", datatype=xsd:integer) ; sh:path vcfc:fieldSource ; sh:severity sh:Warning ]\n\tFocus Node: <file://NG131FQA1I_first250000.vcf.gz#header/line/46>\n\tResult Path: vcfc:fieldSource\n\tMessage: VCF 4.5 recommends Source on INFO declarations.",
      "Validation Result in MinCountConstraintComponent (http://www.w3.org/ns/shacl#MinCountConstraintComponent):\n\tSeverity: sh:Warning\n\tSource Shape: [ sh:datatype xsd:string ; sh:message Literal(\"VCF 4.5 recommends Source on INFO declarations.\", lang=en) ; sh:minCount Literal(\"1\", datatype=xsd:integer) ; sh:path vcfc:fieldSource ; sh:severity sh:Warning ]\n\tFocus Node: <file://NG131FQA1I_first250000.vcf.gz#header/line/34>\n\tResult Path: vcfc:fieldSource\n\tMessage: VCF 4.5 recommends Source on INFO declarations.",
      "Validation Result in MinCountConstraintComponent (http://www.w3.org/ns/shacl#MinCountConstraintComponent):\n\tSeverity: sh:Warning\n\tSource Shape: [ sh:datatype xsd:string ; sh:message Literal(\"VCF 4.5 recommends Source on INFO declarations.\", lang=en) ; sh:minCount Literal(\"1\", datatype=xsd:integer) ; sh:path vcfc:fieldSource ; sh:severity sh:Warning ]\n\tFocus Node: <file://NG131FQA1I_first250000.vcf.gz#header/line/28>\n\tResult Path: vcfc:fieldSource\n\tMessage: VCF 4.5 recommends Source on INFO declarations.",
      "Validation Result in MinCountConstraintComponent (http://www.w3.org/ns/shacl#MinCountConstraintComponent):\n\tSeverity: sh:Warning\n\tSource Shape: [ sh:datatype xsd:string ; sh:message Literal(\"VCF 4.5 recommends Version on INFO declarations.\", lang=en) ; sh:minCount Literal(\"1\", datatype=xsd:integer) ; sh:path vcfc:fieldVersion ; sh:severity sh:Warning ]\n\tFocus Node: <file://NG131FQA1I_first250000.vcf.gz#header/line/30>\n\tResult Path: vcfc:fieldVersion\n\tMessage: VCF 4.5 recommends Version on INFO declarations.",
      "Validation Result in MinCountConstraintComponent (http://www.w3.org/ns/shacl#MinCountConstraintComponent):\n\tSeverity: sh:Warning\n\tSource Shape: [ sh:datatype xsd:string ; sh:message Literal(\"VCF 4.5 recommends Version on INFO declarations.\", lang=en) ; sh:minCount Literal(\"1\", datatype=xsd:integer) ; sh:path vcfc:fieldVersion ; sh:severity sh:Warning ]\n\tFocus Node: <file://NG131FQA1I_first250000.vcf.gz#header/line/25>\n\tResult Path: vcfc:fieldVersion\n\tMessage: VCF 4.5 recommends Version on INFO declarations.",
      "Validation Result in MinCountConstraintComponent (http://www.w3.org/ns/shacl#MinCountConstraintComponent):\n\tSeverity: sh:Warning\n\tSource Shape: [ sh:datatype xsd:string ; sh:message Literal(\"VCF 4.5 recommends Version on INFO declarations.\", lang=en) ; sh:minCount Literal(\"1\", datatype=xsd:integer) ; sh:path vcfc:fieldVersion ; sh:severity sh:Warning ]\n\tFocus Node: <file://NG131FQA1I_first250000.vcf.gz#header/line/26>\n\tResult Path: vcfc:fieldVersion\n\tMessage: VCF 4.5 recommends Version on INFO declarations.",
      "Validation Result in MinCountConstraintComponent (http://www.w3.org/ns/shacl#MinCountConstraintComponent):\n\tSeverity: sh:Warning\n\tSource Shape: [ sh:datatype xsd:string ; sh:message Literal(\"VCF 4.5 recommends Version on INFO declarations.\", lang=en) ; sh:minCount Literal(\"1\", datatype=xsd:integer) ; sh:path vcfc:fieldVersion ; sh:severity sh:Warning ]\n\tFocus Node: <file://NG131FQA1I_first250000.vcf.gz#header/line/41>\n\tResult Path: vcfc:fieldVersion\n\tMessage: VCF 4.5 recommends Version on INFO declarations.",
      "Validation Result in MinCountConstraintComponent (http://www.w3.org/ns/shacl#MinCountConstraintComponent):\n\tSeverity: sh:Warning\n\tSource Shape: [ sh:datatype xsd:string ; sh:message Literal(\"VCF 4.5 recommends Version on INFO declarations.\", lang=en) ; sh:minCount Literal(\"1\", datatype=xsd:integer) ; sh:path vcfc:fieldVersion ; sh:severity sh:Warning ]\n\tFocus Node: <file://NG131FQA1I_first250000.vcf.gz#header/line/33>\n\tResult Path: vcfc:fieldVersion\n\tMessage: VCF 4.5 recommends Version on INFO declarations.",
      "Validation Result in MinCountConstraintComponent (http://www.w3.org/ns/shacl#MinCountConstraintComponent):\n\tSeverity: sh:Warning\n\tSource Shape: [ sh:datatype xsd:string ; sh:message Literal(\"VCF 4.5 recommends Version on INFO declarations.\", lang=en) ; sh:minCount Literal(\"1\", datatype=xsd:integer) ; sh:path vcfc:fieldVersion ; sh:severity sh:Warning ]\n\tFocus Node: <file://NG131FQA1I_first250000.vcf.gz#header/line/44>\n\tResult Path: vcfc:fieldVersion\n\tMessage: VCF 4.5 recommends Version on INFO declarations.",
      "Validation Result in MinCountConstraintComponent (http://www.w3.org/ns/shacl#MinCountConstraintComponent):\n\tSeverity: sh:Warning\n\tSource Shape: [ sh:datatype xsd:string ; sh:message Literal(\"VCF 4.5 recommends Version on INFO declarations.\", lang=en) ; sh:minCount Literal(\"1\", datatype=xsd:integer) ; sh:path vcfc:fieldVersion ; sh:severity sh:Warning ]\n\tFocus Node: <file://NG131FQA1I_first250000.vcf.gz#header/line/45>\n\tResult Path: vcfc:fieldVersion\n\tMessage: VCF 4.5 recommends Version on INFO declarations.",
      "Validation Result in MinCountConstraintComponent (http://www.w3.org/ns/shacl#MinCountConstraintComponent):\n\tSeverity: sh:Warning\n\tSource Shape: [ sh:datatype xsd:string ; sh:message Literal(\"VCF 4.5 recommends Version on INFO declarations.\", lang=en) ; sh:minCount Literal(\"1\", datatype=xsd:integer) ; sh:path vcfc:fieldVersion ; sh:severity sh:Warning ]\n\tFocus Node: <file://NG131FQA1I_first250000.vcf.gz#header/line/37>\n\tResult Path: vcfc:fieldVersion\n\tMessage: VCF 4.5 recommends Version on INFO declarations.",
      "Validation Result in MinCountConstraintComponent (http://www.w3.org/ns/shacl#MinCountConstraintComponent):\n\tSeverity: sh:Warning\n\tSource Shape: [ sh:datatype xsd:string ; sh:message Literal(\"VCF 4.5 recommends Version on INFO declarations.\", lang=en) ; sh:minCount Literal(\"1\", datatype=xsd:integer) ; sh:path vcfc:fieldVersion ; sh:severity sh:Warning ]\n\tFocus Node: <file://NG131FQA1I_first250000.vcf.gz#header/line/39>\n\tResult Path: vcfc:fieldVersion\n\tMessage: VCF 4.5 recommends Version on INFO declarations.",
      "Validation Result in MinCountConstraintComponent (http://www.w3.org/ns/shacl#MinCountConstraintComponent):\n\tSeverity: sh:Warning\n\tSource Shape: [ sh:datatype xsd:string ; sh:message Literal(\"VCF 4.5 recommends Version on INFO declarations.\", lang=en) ; sh:minCount Literal(\"1\", datatype=xsd:integer) ; sh:path vcfc:fieldVersion ; sh:severity sh:Warning ]\n\tFocus Node: <file://NG131FQA1I_first250000.vcf.gz#header/line/35>\n\tResult Path: vcfc:fieldVersion\n\tMessage: VCF 4.5 recommends Version on INFO declarations.",
      "Validation Result in MinCountConstraintComponent (http://www.w3.org/ns/shacl#MinCountConstraintComponent):\n\tSeverity: sh:Warning\n\tSource Shape: [ sh:datatype xsd:string ; sh:message Literal(\"VCF 4.5 recommends Version on INFO declarations.\", lang=en) ; sh:minCount Literal(\"1\", datatype=xsd:integer) ; sh:path vcfc:fieldVersion ; sh:severity sh:Warning ]\n\tFocus Node: <file://NG131FQA1I_first250000.vcf.gz#header/line/42>\n\tResult Path: vcfc:fieldVersion\n\tMessage: VCF 4.5 recommends Version on INFO declarations.",
      "Validation Result in MinCountConstraintComponent (http://www.w3.org/ns/shacl#MinCountConstraintComponent):\n\tSeverity: sh:Warning\n\tSource Shape: [ sh:datatype xsd:string ; sh:message Literal(\"VCF 4.5 recommends Version on INFO declarations.\", lang=en) ; sh:minCount Literal(\"1\", datatype=xsd:integer) ; sh:path vcfc:fieldVersion ; sh:severity sh:Warning ]\n\tFocus Node: <file://NG131FQA1I_first250000.vcf.gz#header/line/38>\n\tResult Path: vcfc:fieldVersion\n\tMessage: VCF 4.5 recommends Version on INFO declarations.",
      "Validation Result in MinCountConstraintComponent (http://www.w3.org/ns/shacl#MinCountConstraintComponent):\n\tSeverity: sh:Warning\n\tSource Shape: [ sh:datatype xsd:string ; sh:message Literal(\"VCF 4.5 recommends Version on INFO declarations.\", lang=en) ; sh:minCount Literal(\"1\", datatype=xsd:integer) ; sh:path vcfc:fieldVersion ; sh:severity sh:Warning ]\n\tFocus Node: <file://NG131FQA1I_first250000.vcf.gz#header/line/36>\n\tResult Path: vcfc:fieldVersion\n\tMessage: VCF 4.5 recommends Version on INFO declarations.",
      "Validation Result in MinCountConstraintComponent (http://www.w3.org/ns/shacl#MinCountConstraintComponent):\n\tSeverity: sh:Warning\n\tSource Shape: [ sh:datatype xsd:string ; sh:message Literal(\"VCF 4.5 recommends Version on INFO declarations.\", lang=en) ; sh:minCount Literal(\"1\", datatype=xsd:integer) ; sh:path vcfc:fieldVersion ; sh:severity sh:Warning ]\n\tFocus Node: <file://NG131FQA1I_first250000.vcf.gz#header/line/29>\n\tResult Path: vcfc:fieldVersion\n\tMessage: VCF 4.5 recommends Version on INFO declarations.",
      "Validation Result in MinCountConstraintComponent (http://www.w3.org/ns/shacl#MinCountConstraintComponent):\n\tSeverity: sh:Warning\n\tSource Shape: [ sh:datatype xsd:string ; sh:message Literal(\"VCF 4.5 recommends Version on INFO declarations.\", lang=en) ; sh:minCount Literal(\"1\", datatype=xsd:integer) ; sh:path vcfc:fieldVersion ; sh:severity sh:Warning ]\n\tFocus Node: <file://NG131FQA1I_first250000.vcf.gz#header/line/32>\n\tResult Path: vcfc:fieldVersion\n\tMessage: VCF 4.5 recommends Version on INFO declarations.",
      "Validation Result in MinCountConstraintComponent (http://www.w3.org/ns/shacl#MinCountConstraintComponent):\n\tSeverity: sh:Warning\n\tSource Shape: [ sh:datatype xsd:string ; sh:message Literal(\"VCF 4.5 recommends Version on INFO declarations.\", lang=en) ; sh:minCount Literal(\"1\", datatype=xsd:integer) ; sh:path vcfc:fieldVersion ; sh:severity sh:Warning ]\n\tFocus Node: <file://NG131FQA1I_first250000.vcf.gz#header/line/40>\n\tResult Path: vcfc:fieldVersion\n\tMessage: VCF 4.5 recommends Version on INFO declarations.",
      "Validation Result in MinCountConstraintComponent (http://www.w3.org/ns/shacl#MinCountConstraintComponent):\n\tSeverity: sh:Warning\n\tSource Shape: [ sh:datatype xsd:string ; sh:message Literal(\"VCF 4.5 recommends Version on INFO declarations.\", lang=en) ; sh:minCount Literal(\"1\", datatype=xsd:integer) ; sh:path vcfc:fieldVersion ; sh:severity sh:Warning ]\n\tFocus Node: <file://NG131FQA1I_first250000.vcf.gz#header/line/24>\n\tResult Path: vcfc:fieldVersion\n\tMessage: VCF 4.5 recommends Version on INFO declarations.",
      "Validation Result in MinCountConstraintComponent (http://www.w3.org/ns/shacl#MinCountConstraintComponent):\n\tSeverity: sh:Warning\n\tSource Shape: [ sh:datatype xsd:string ; sh:message Literal(\"VCF 4.5 recommends Version on INFO declarations.\", lang=en) ; sh:minCount Literal(\"1\", datatype=xsd:integer) ; sh:path vcfc:fieldVersion ; sh:severity sh:Warning ]\n\tFocus Node: <file://NG131FQA1I_first250000.vcf.gz#header/line/43>\n\tResult Path: vcfc:fieldVersion\n\tMessage: VCF 4.5 recommends Version on INFO declarations.",
      "Validation Result in MinCountConstraintComponent (http://www.w3.org/ns/shacl#MinCountConstraintComponent):\n\tSeverity: sh:Warning\n\tSource Shape: [ sh:datatype xsd:string ; sh:message Literal(\"VCF 4.5 recommends Version on INFO declarations.\", lang=en) ; sh:minCount Literal(\"1\", datatype=xsd:integer) ; sh:path vcfc:fieldVersion ; sh:severity sh:Warning ]\n\tFocus Node: <file://NG131FQA1I_first250000.vcf.gz#header/line/27>\n\tResult Path: vcfc:fieldVersion\n\tMessage: VCF 4.5 recommends Version on INFO declarations.",
      "Validation Result in MinCountConstraintComponent (http://www.w3.org/ns/shacl#MinCountConstraintComponent):\n\tSeverity: sh:Warning\n\tSource Shape: [ sh:datatype xsd:string ; sh:message Literal(\"VCF 4.5 recommends Version on INFO declarations.\", lang=en) ; sh:minCount Literal(\"1\", datatype=xsd:integer) ; sh:path vcfc:fieldVersion ; sh:severity sh:Warning ]\n\tFocus Node: <file://NG131FQA1I_first250000.vcf.gz#header/line/31>\n\tResult Path: vcfc:fieldVersion\n\tMessage: VCF 4.5 recommends Version on INFO declarations.",
      "Validation Result in MinCountConstraintComponent (http://www.w3.org/ns/shacl#MinCountConstraintComponent):\n\tSeverity: sh:Warning\n\tSource Shape: [ sh:datatype xsd:string ; sh:message Literal(\"VCF 4.5 recommends Version on INFO declarations.\", lang=en) ; sh:minCount Literal(\"1\", datatype=xsd:integer) ; sh:path vcfc:fieldVersion ; sh:severity sh:Warning ]\n\tFocus Node: <file://NG131FQA1I_first250000.vcf.gz#header/line/46>\n\tResult Path: vcfc:fieldVersion\n\tMessage: VCF 4.5 recommends Version on INFO declarations.",
      "Validation Result in MinCountConstraintComponent (http://www.w3.org/ns/shacl#MinCountConstraintComponent):\n\tSeverity: sh:Warning\n\tSource Shape: [ sh:datatype xsd:string ; sh:message Literal(\"VCF 4.5 recommends Version on INFO declarations.\", lang=en) ; sh:minCount Literal(\"1\", datatype=xsd:integer) ; sh:path vcfc:fieldVersion ; sh:severity sh:Warning ]\n\tFocus Node: <file://NG131FQA1I_first250000.vcf.gz#header/line/34>\n\tResult Path: vcfc:fieldVersion\n\tMessage: VCF 4.5 recommends Version on INFO declarations.",
      "Validation Result in MinCountConstraintComponent (http://www.w3.org/ns/shacl#MinCountConstraintComponent):\n\tSeverity: sh:Warning\n\tSource Shape: [ sh:datatype xsd:string ; sh:message Literal(\"VCF 4.5 recommends Version on INFO declarations.\", lang=en) ; sh:minCount Literal(\"1\", datatype=xsd:integer) ; sh:path vcfc:fieldVersion ; sh:severity sh:Warning ]\n\tFocus Node: <file://NG131FQA1I_first250000.vcf.gz#header/line/28>\n\tResult Path: vcfc:fieldVersion\n\tMessage: VCF 4.5 recommends Version on INFO declarations."
    ],
    "report": "/data/validation/shacl-report.txt",
    "wallSeconds": 5433.349624342984,
    "batches": 117,
    "recordsPerBatch": 2146,
    "workers": 4,
    "sampleLimitedTo": 50,
    "sample": []
  },
  "mappingPolicy": "strict",
  "recordCount": 250000,
  "sampleCount": 1,
  "gtRecordCount": 250000,
  "preflight": {
    "preflight_duplicate_triples": {
      "status": "PASS",
      "parsedTripleCount": 58231176,
      "distinctTripleCount": 58231176,
      "duplicateTripleCount": 0
    },
    "preflight_record_cardinality": {
      "status": "PASS",
      "anomalyCount": 0,
      "anomalyCountReturned": 0,
      "limitedTo": 100,
      "sampleTruncated": false
    },
    "preflight_position_datatype": {
      "status": "PASS",
      "anomalyCount": 0,
      "anomalyCountReturned": 0,
      "limitedTo": 100,
      "sampleTruncated": false
    },
    "preflight_missing_token_conformance": {
      "status": "PASS",
      "anomalyCount": 0,
      "plainDotCountReturned": 0,
      "limitedTo": 100,
      "sampleTruncated": false
    },
    "preflight_representation_profile": {
      "status": "PASS",
      "anomalyCount": 0,
      "anomalyCountReturned": 0,
      "limitedTo": 100,
      "sampleTruncated": false,
      "note": null
    },
    "preflight_sample_gt_inventory": {
      "status": "PASS",
      "expected": {
        "sampleCallCount": 250000,
        "sampleIdCount": 1,
        "gtValueNodeCount": 250000
      },
      "actual": {
        "sampleCallCount": 250000,
        "sampleIdCount": 1,
        "gtValueNodeCount": 250000
      }
    },
    "preflight_blank_nodes": {
      "status": "PASS",
      "anomalyCount": 0,
      "anomalyCountReturned": 0,
      "limitedTo": 100,
      "sampleTruncated": false
    },
    "preflight_empty_values": {
      "status": "PASS",
      "anomalyCount": 0,
      "anomalyCountReturned": 0,
      "limitedTo": 100,
      "sampleTruncated": false
    },
    "preflight_distinct_triple_count": {
      "status": "PASS",
      "rows": 1
    }
  },
  "comparisonStatus": "PASS",
  "benchmark": {
    "oracleSeconds": 39.69640821404755,
    "engineQuerySeconds": {
      "qlever": 423.16292206395883
    },
    "engineSetupSeconds": {
      "qlever": 79.10527690697927
    }
  },
  "results": {
    "manifest": "/data/validation/manifest.json",
    "parser": "/data/validation/parser.json",
    "sparql": "/data/validation/sparql.json",
    "comparison": "/data/validation/comparison.json",
    "benchmark": "/data/validation/benchmark.csv"
  },
  "temporaryRdf": {
    "decompressedInsideContainer": true,
    "persisted": false,
    "cleanupConfirmed": true
  }
}
[exit 0]
