TSV conversion: NA19764.acmg: started
TSV conversion: NA19764.acmg: finished
RMLStreamer: NA19764.acmg: started
  RMLStreamer: NA19764.acmg: rmlstreamer started — 0 B · 0 parts
  RMLStreamer: NA19764.acmg: rmlstreamer heartbeat — 0 B · 0 parts
  RMLStreamer: NA19764.acmg: rmlstreamer heartbeat — 643.44 KB · 8 parts
  RMLStreamer: NA19764.acmg: rmlstreamer heartbeat — 10.05 MB · 8 parts
  RMLStreamer: NA19764.acmg: rmlstreamer complete — 10.05 MB · 8 parts
  RMLStreamer: NA19764.acmg: rdf-aggregate started — 0 parts
  RMLStreamer: NA19764.acmg: rdf-aggregate part — 1 parts
  RMLStreamer: NA19764.acmg: rdf-aggregate part — 2 parts
  RMLStreamer: NA19764.acmg: rdf-aggregate part — 3 parts
  RMLStreamer: NA19764.acmg: rdf-aggregate part — 4 parts
  RMLStreamer: NA19764.acmg: rdf-aggregate part — 5 parts
  RMLStreamer: NA19764.acmg: rdf-aggregate part — 6 parts
  RMLStreamer: NA19764.acmg: rdf-aggregate part — 7 parts
  RMLStreamer: NA19764.acmg: rdf-aggregate part — 8 parts
  RMLStreamer: NA19764.acmg: rdf-aggregate complete — 8 parts
RMLStreamer: NA19764.acmg: finished
Gzip: NA19764.acmg: started
Gzip: NA19764.acmg: finished
