Step 1/5: Validating inputs ✅
  Metrics: /home/ubuntu/vrdev-test/acmg-run/results/17_use_case_acmg__cohort/convert__NA20818/out/run_metrics/NA20818.acmg__20260928T170940
  Detailed logs: /home/ubuntu/vrdev-test/acmg-run/results/17_use_case_acmg__cohort/convert__NA20818/out/run_metrics/NA20818.acmg__20260928T170940/logs/wrapper.log
  Progress log: /home/ubuntu/vrdev-test/acmg-run/results/17_use_case_acmg__cohort/convert__NA20818/out/run_metrics/NA20818.acmg__20260928T170940/logs/progress.log
Step 2/5: Ensuring Docker image is available ✅
Step 3/5: Processing per-input pipeline (TSV -> RDF -> compression)
  Sample representation: expanded
  INFO representation: structured
  Header representation: structured
  - Input 1/1: NA20818.acmg.vcf
    * TSV conversion ✅
    * VCF version: VCFv4.2 (detected)
    * RDF conversion ✅
    * Streaming expanded multi-sample RDF (no expanded helper TSVs)
    * Sample calls streamed: 9,878; FORMAT values: 9,878
    * Streaming structured header RDF
    * Header lines typed: 43; contigs: 24
    * Streaming QUAL and structured INFO RDF
    * QUAL values streamed: 9,878; INFO values: 0; declarations: 0
    * Triples produced: 582,777
    * Compression ✅
    * Output directory: /home/ubuntu/vrdev-test/acmg-run/results/17_use_case_acmg__cohort/convert__NA20818/out/NA20818.acmg
      - RDF aggregate: NA20818.acmg.nt
      - N-Triples (.nt): 74.67 MB (removed after successful compression)
      - gzip (.nt.gz): 2.69 MB
Total triples produced (full run): 582,777
Conversion process finished.
Run time (full mode): 16.55s
Timing log: /home/ubuntu/vrdev-test/acmg-run/results/17_use_case_acmg__cohort/convert__NA20818/out/run_metrics/NA20818.acmg__20260928T170940/wrapper_execution_times.csv
Metrics summary: /home/ubuntu/vrdev-test/acmg-run/results/17_use_case_acmg__cohort/convert__NA20818/out/run_metrics/NA20818.acmg__20260928T170940/summary.json
