TSV conversion: 1000G_10000r_s16: started
TSV conversion: 1000G_10000r_s16: finished
RMLStreamer: 1000G_10000r_s16: started
  RMLStreamer: 1000G_10000r_s16: rmlstreamer started — 0 B · 0 parts
  RMLStreamer: 1000G_10000r_s16: rmlstreamer heartbeat — 0 B · 0 parts
  RMLStreamer: 1000G_10000r_s16: rmlstreamer heartbeat — 3.07 MB · 8 parts
  RMLStreamer: 1000G_10000r_s16: rmlstreamer heartbeat — 10.60 MB · 8 parts
  RMLStreamer: 1000G_10000r_s16: rmlstreamer complete — 10.60 MB · 8 parts
  RMLStreamer: 1000G_10000r_s16: rdf-aggregate started — 0 parts
  RMLStreamer: 1000G_10000r_s16: rdf-aggregate part — 1 parts
  RMLStreamer: 1000G_10000r_s16: rdf-aggregate part — 2 parts
  RMLStreamer: 1000G_10000r_s16: rdf-aggregate part — 3 parts
  RMLStreamer: 1000G_10000r_s16: rdf-aggregate part — 4 parts
  RMLStreamer: 1000G_10000r_s16: rdf-aggregate part — 5 parts
  RMLStreamer: 1000G_10000r_s16: rdf-aggregate part — 6 parts
  RMLStreamer: 1000G_10000r_s16: rdf-aggregate part — 7 parts
  RMLStreamer: 1000G_10000r_s16: rdf-aggregate part — 8 parts
  RMLStreamer: 1000G_10000r_s16: rdf-aggregate complete — 8 parts
RMLStreamer: 1000G_10000r_s16: finished
Partitioned compression: 1000G_10000r_s16: started
  Partitioned compression: 1000G_10000r_s16: rdf-scan started — 0 triples
  Partitioned compression: 1000G_10000r_s16: rdf-scan heartbeat — 453,283 triples · 67,108,957 bytes read
  Partitioned compression: 1000G_10000r_s16: rdf-scan heartbeat — 883,447 triples · 134,217,965 bytes read
  Partitioned compression: 1000G_10000r_s16: rdf-scan heartbeat — 1,313,301 triples · 201,326,831 bytes read
  Partitioned compression: 1000G_10000r_s16: rdf-scan heartbeat — 1,743,156 triples · 268,435,713 bytes read
  Partitioned compression: 1000G_10000r_s16: rdf-scan heartbeat — 2,173,011 triples · 335,544,639 bytes read
  Partitioned compression: 1000G_10000r_s16: rdf-scan heartbeat — 2,602,866 triples · 402,653,616 bytes read
  Partitioned compression: 1000G_10000r_s16: rdf-scan heartbeat — 3,032,720 triples · 469,762,482 bytes read
  Partitioned compression: 1000G_10000r_s16: rdf-scan chunk — 3,462,572 triples · 1 chunks · 536,870,960 bytes read
  Partitioned compression: 1000G_10000r_s16: hdt-chunks started — 0 chunks · hdt-build-00000
  Partitioned compression: 1000G_10000r_s16: hdt-chunks complete — 1 chunks · hdt-build-00000
  Partitioned compression: 1000G_10000r_s16: rdf-scan heartbeat — 3,462,575 triples · 536,871,478 bytes read
  Partitioned compression: 1000G_10000r_s16: rdf-scan heartbeat — 3,892,430 triples · 603,980,418 bytes read
  Partitioned compression: 1000G_10000r_s16: rdf-scan heartbeat — 4,341,072 triples · 671,089,352 bytes read
  Partitioned compression: 1000G_10000r_s16: rdf-scan heartbeat — 4,803,460 triples · 738,198,333 bytes read
  Partitioned compression: 1000G_10000r_s16: rdf-scan heartbeat — 5,265,752 triples · 805,307,251 bytes read
  Partitioned compression: 1000G_10000r_s16: rdf-scan chunk — 5,359,578 triples · 2 chunks · 818,930,841 bytes read
  Partitioned compression: 1000G_10000r_s16: hdt-chunks started — 1 chunks · hdt-build-00001
  Partitioned compression: 1000G_10000r_s16: hdt-chunks complete — 2 chunks · hdt-build-00001
  Partitioned compression: 1000G_10000r_s16: rdf-scan complete — 5,359,578 triples · 2 chunks
  Partitioned compression: 1000G_10000r_s16: hdt-chunks complete — 2 chunks
  Partitioned compression: 1000G_10000r_s16: hdt-merge started — hdt-merge-r01-00000
  Partitioned compression: 1000G_10000r_s16: hdt-merge complete — hdt-merge-r01-00000
  Partitioned compression: 1000G_10000r_s16: hdt started — hdt-index
  Partitioned compression: 1000G_10000r_s16: hdt complete — hdt-index
  Partitioned compression: 1000G_10000r_s16: hdt started — hdt-validate
  Partitioned compression: 1000G_10000r_s16: hdt complete — hdt-validate
Partitioned compression: 1000G_10000r_s16: finished
