TSV conversion: NA18637.acmg: started
TSV conversion: NA18637.acmg: finished
RMLStreamer: NA18637.acmg: started
  RMLStreamer: NA18637.acmg: rmlstreamer started — 0 B · 0 parts
  RMLStreamer: NA18637.acmg: rmlstreamer heartbeat — 0 B · 0 parts
  RMLStreamer: NA18637.acmg: rmlstreamer heartbeat — 28.02 KB · 8 parts
  RMLStreamer: NA18637.acmg: rmlstreamer heartbeat — 8.86 MB · 8 parts
  RMLStreamer: NA18637.acmg: rmlstreamer heartbeat — 10.76 MB · 8 parts
  RMLStreamer: NA18637.acmg: rmlstreamer complete — 10.76 MB · 8 parts
  RMLStreamer: NA18637.acmg: rdf-aggregate started — 0 parts
  RMLStreamer: NA18637.acmg: rdf-aggregate part — 1 parts
  RMLStreamer: NA18637.acmg: rdf-aggregate part — 2 parts
  RMLStreamer: NA18637.acmg: rdf-aggregate part — 3 parts
  RMLStreamer: NA18637.acmg: rdf-aggregate part — 4 parts
  RMLStreamer: NA18637.acmg: rdf-aggregate part — 5 parts
  RMLStreamer: NA18637.acmg: rdf-aggregate part — 6 parts
  RMLStreamer: NA18637.acmg: rdf-aggregate part — 7 parts
  RMLStreamer: NA18637.acmg: rdf-aggregate part — 8 parts
  RMLStreamer: NA18637.acmg: rdf-aggregate complete — 8 parts
RMLStreamer: NA18637.acmg: finished
