Step 1/5: Validating inputs ✅
  Metrics: /home/ubuntu/vrdev-test/v331/results/17_use_case_acmg__cohort/convert__NA18637/out/run_metrics/NA18637.acmg__20261008T144049
  Detailed logs: /home/ubuntu/vrdev-test/v331/results/17_use_case_acmg__cohort/convert__NA18637/out/run_metrics/NA18637.acmg__20261008T144049/logs/wrapper.log
  Progress log: /home/ubuntu/vrdev-test/v331/results/17_use_case_acmg__cohort/convert__NA18637/out/run_metrics/NA18637.acmg__20261008T144049/logs/progress.log
Step 2/5: Ensuring Docker image is available ✅
Step 3/5: Processing per-input pipeline (TSV -> RDF -> compression)
  Sample representation: expanded
  INFO representation: structured
  Header representation: structured
  - Input 1/1: NA18637.acmg.vcf
    * TSV conversion ✅
    * VCF version: VCFv4.2 (detected)
    * RDF conversion ✅
    * Streaming expanded multi-sample RDF (no expanded helper TSVs)
    * Sample RDF streaming: 10,000 variants, 10,000 calls
    * Sample calls streamed: 10,997; FORMAT values: 10,997
    * Streaming structured header RDF
    * Header lines typed: 43; contigs: 24
    * Streaming QUAL and structured INFO RDF
    * INFO RDF streaming: 10,000 variants, 0 values
    * QUAL values streamed: 10,997; INFO values: 0; declarations: 0
    * Triples produced: 648,254
    * Compression ✅
    * Output directory: /home/ubuntu/vrdev-test/v331/results/17_use_case_acmg__cohort/convert__NA18637/out/NA18637.acmg
      - RDF aggregate: NA18637.acmg.nt.gz
      - RDF (.gz): 2.56 MB (retained because it is also the selected gzip artifact)
      - gzip (.nt.gz): 2.56 MB
Total triples produced (full run): 648,254
Conversion process finished.
Run time (full mode): 17.72s
Timing log: /home/ubuntu/vrdev-test/v331/results/17_use_case_acmg__cohort/convert__NA18637/out/run_metrics/NA18637.acmg__20261008T144049/wrapper_execution_times.csv
Metrics summary: /home/ubuntu/vrdev-test/v331/results/17_use_case_acmg__cohort/convert__NA18637/out/run_metrics/NA18637.acmg__20261008T144049/summary.json
