Step 1/5: Validating inputs ✅
  Metrics: /home/ubuntu/vcf-rdfizer-testing/benchmarks_outputs/11_covering_set/row5/out/run_metrics/test-1k__20260915T145000
  Detailed logs: /home/ubuntu/vcf-rdfizer-testing/benchmarks_outputs/11_covering_set/row5/out/run_metrics/test-1k__20260915T145000/logs/wrapper.log
  Progress log: /home/ubuntu/vcf-rdfizer-testing/benchmarks_outputs/11_covering_set/row5/out/run_metrics/test-1k__20260915T145000/logs/progress.log
Step 2/5: Ensuring Docker image is available ✅
Step 3/5: Processing per-input pipeline (TSV -> RDF -> compression -> validation)
  Spark partition hint: 8
  Sample representation: expanded
  INFO representation: structured
  Header representation: structured
  Validation: aggregate, hdt, cottas via comunica
  - Input 1/1: test-1k.vcf
    * TSV conversion ✅
    * VCF version: VCFv4.2 (detected)
    * RDF conversion ✅
    * Streaming expanded multi-sample RDF (no expanded helper TSVs)
    * Sample calls streamed: 986; FORMAT values: 1,972
    * Streaming structured header RDF
    * Header lines typed: 13; contigs: 2
    * Streaming QUAL and structured INFO RDF
    * QUAL values streamed: 986; INFO values: 2,958; declarations: 3
    * Triples produced: 94,919
    * Compression ✅
    * Semantic validation (aggregate, comunica): test-1k.nt.gz
Validation results: /home/ubuntu/vcf-rdfizer-testing/benchmarks_outputs/11_covering_set/row5/out/run_metrics/test-1k__20260915T145000/reports/validation/test-1k
Validation metrics: /home/ubuntu/vcf-rdfizer-testing/benchmarks_outputs/11_covering_set/row5/out/run_metrics/test-1k__20260915T145000/stages/validation/test-1k.json
    * Semantic validation (hdt, comunica): test-1k.hdt
Validation results: /home/ubuntu/vcf-rdfizer-testing/benchmarks_outputs/11_covering_set/row5/out/run_metrics/test-1k__20260915T145000/reports/validation/test-1k__hdt
Validation metrics: /home/ubuntu/vcf-rdfizer-testing/benchmarks_outputs/11_covering_set/row5/out/run_metrics/test-1k__20260915T145000/stages/validation/test-1k__hdt.json
    * Semantic validation (cottas, comunica): test-1k.cottas
Validation results: /home/ubuntu/vcf-rdfizer-testing/benchmarks_outputs/11_covering_set/row5/out/run_metrics/test-1k__20260915T145000/reports/validation/test-1k__cottas
Validation metrics: /home/ubuntu/vcf-rdfizer-testing/benchmarks_outputs/11_covering_set/row5/out/run_metrics/test-1k__20260915T145000/stages/validation/test-1k__cottas.json
    * Output directory: /home/ubuntu/vcf-rdfizer-testing/benchmarks_outputs/11_covering_set/row5/out/test-1k
      - RDF aggregate: test-1k.nt.gz
      - RDF (.gz): 395.91 KB (removed after successful compression)
      - brotli (.nt.br): 188.16 KB
      - HDT (.hdt): 554.87 KB (/home/ubuntu/vcf-rdfizer-testing/benchmarks_outputs/11_covering_set/row5/out/test-1k/test-1k.hdt)
      - brotli-on-HDT (.hdt.br): 73.66 KB (/home/ubuntu/vcf-rdfizer-testing/benchmarks_outputs/11_covering_set/row5/out/test-1k/test-1k.hdt.br)
      - COTTAS (.cottas): 168.21 KB (/home/ubuntu/vcf-rdfizer-testing/benchmarks_outputs/11_covering_set/row5/out/test-1k/test-1k.cottas)
      - brotli-on-COTTAS (.cottas.br): 160.09 KB (/home/ubuntu/vcf-rdfizer-testing/benchmarks_outputs/11_covering_set/row5/out/test-1k/test-1k.cottas.br)
Total triples produced (full run): 94,919
Conversion process finished.
Run time (full mode): 2m 45.4s
Timing log: /home/ubuntu/vcf-rdfizer-testing/benchmarks_outputs/11_covering_set/row5/out/run_metrics/test-1k__20260915T145000/wrapper_execution_times.csv
Metrics summary: /home/ubuntu/vcf-rdfizer-testing/benchmarks_outputs/11_covering_set/row5/out/run_metrics/test-1k__20260915T145000/summary.json
