
[2026-10-08T21:26:27] $ docker version
Client: Docker Engine - Community
 Version:           29.8.1
 API version:       1.56
 Go version:        go1.26.8
 Git commit:        4a63305
 Built:             Tue Sep 15 16:25:26 2026
 OS/Arch:           linux/amd64
 Context:           default

Server: Docker Engine - Community
 Engine:
  Version:          29.8.1
  API version:      1.56 (minimum version 1.40)
  Go version:       go1.26.8
  Git commit:       464cd50
  Built:            Tue Sep 15 16:25:26 2026
  OS/Arch:          linux/amd64
  Experimental:     false
 containerd:
  Version:          v2.3.5
  GitCommit:        1294c24a7da8e5a793ed378161673abe94118892
 runc:
  Version:          1.5.1
  GitCommit:        v1.5.1-0-g8f2685a4
 docker-init:
  Version:          0.19.0
  GitCommit:        de40ad0
[exit 0]

[2026-10-08T21:26:27] $ docker image inspect ecrum19/vcf-rdfizer:3.3.1
[
    {
        "Id": "sha256:3ad71b1a54612142e3be43b24e7e4a38551949cb641f4421bcae9bf051102993",
        "RepoTags": [
            "ecrum19/vcf-rdfizer:3.3.1"
        ],
        "RepoDigests": [
            "ecrum19/vcf-rdfizer@sha256:3ad71b1a54612142e3be43b24e7e4a38551949cb641f4421bcae9bf051102993"
        ],
        "Comment": "buildkit.dockerfile.v0",
        "Created": "2026-10-08T09:13:58.510150807Z",
        "Config": {
            "Env": [
                "PATH=/opt/java/openjdk/bin:/usr/local/sbin:/usr/local/bin:/usr/sbin:/usr/bin:/sbin:/bin",
                "JAVA_HOME=/opt/java/openjdk",
                "LANG=en_US.UTF-8",
                "LANGUAGE=en_US:en",
                "LC_ALL=en_US.UTF-8",
                "JAVA_VERSION=jdk-11.0.32.1+1",
                "RMLSTREAMER_JAR=/opt/rmlstreamer/RMLStreamer-v2.5.0-standalone.jar",
                "JAR=/opt/rmlstreamer/RMLStreamer-v2.5.0-standalone.jar",
                "HDTC_BIN=/usr/local/bin/hdtc",
                "HDT_INDEX_MEMORY_LIMIT=512M",
                "HDT_MERGE_MEMORY_LIMIT=512M",
                "COTTAS_MERGE_BATCH_ROWS=2048",
                "RDF2HDT_BIN=/usr/local/bin/rdf2hdt",
                "HDT2RDF_BIN=/usr/local/bin/hdt2rdf",
                "COTTAS_PYTHON_BIN=/opt/pycottas-venv/bin/python",
                "QLEVER_INDEX_BUILDER_BIN=/opt/qlever/bin/qlever-index",
                "QLEVER_SERVER_BIN=/opt/qlever/bin/qlever-server",
                "LD_LIBRARY_PATH=/usr/local/lib"
            ],
            "Entrypoint": [
                "/__cacert_entrypoint.sh"
            ],
            "WorkingDir": "/work",
            "Labels": {
                "org.opencontainers.image.created": "2026-10-08T09:08:16.394Z",
                "org.opencontainers.image.description": "A Python tool for the semantic conversion of VCF to serialized RDF and various compressed formats (HDT, COTTAS, GZ, BR).",
                "org.opencontainers.image.licenses": "MIT",
                "org.opencontainers.image.revision": "b25fb7b80337ab2396b742ed33f1318b22522f83",
                "org.opencontainers.image.source": "https://github.com/ecrum19/VCF-RDFizer",
                "org.opencontainers.image.title": "VCF-RDFizer",
                "org.opencontainers.image.url": "https://github.com/ecrum19/VCF-RDFizer",
                "org.opencontainers.image.version": "3.3.1"
            }
        },
        "Architecture": "amd64",
        "Os": "linux",
        "Size": 3187257354,
        "RootFS": {
            "Type": "layers",
            "Layers": [
                "sha256:f6e0e88dd8e11c81dba77d657b271e1ed7c33882e8f4dfaa7768cbaee94d94fc",
                "sha256:f98d83061adc18abc1ffea46400be62b16d3da85c4e28563a97b3ff4cf7cca14",
                "sha256:c059060ac13305713dd22e8b55f1d45f385385bc3c265329bfb010c8069b82b7",
                "sha256:18ae9f4ac5947c897ab9dace68e2b5517075be5d7426f5d3fe2a3c7a9dee18b5",
                "sha256:b97ee02504b36aa25f192062a8168699ca8cd469c654b202298c8dc13654c490",
                "sha256:9d8a92da1dbee472e98e434fa2df72fd699cb8d98793e53fd30cc1b67ea46999",
                "sha256:f2e3f1235d2d139d830831315fc5486059787a00174020cd64abf72b0eeb7d7c",
                "sha256:898895fe1efb726dbd1657fe17c1ddf624b6126c0fbd7b9a0f8540e699a7576b",
                "sha256:da9631b24172c743d6ac4cb62f8374f37c033f7423dedd064a5f10936a6e939b",
                "sha256:5f70bf18a086007016e948b04aed3b82103a36bea41755b6cddfaf10ace3c6ef",
                "sha256:bebdfffbcb137dbaf20d07f7dfa0dc3054e0b89c53bfc3babad1abf61376f2fe",
                "sha256:d18f46709d1c2c74583d65fa00c31f7fbd635f7028c9ee9e123bb503d401bd50",
                "sha256:f4dc1477e8111a08d7f121e8b367be681275641e7853a17e944d7240365df11c",
                "sha256:2d80ca5cbb9a3d45f8a41eea91ea74716261aa8f6dd4a4e9f4a92bbc6fa206b2",
                "sha256:88a75b558289802fc2093c4fc59efe5539cc7a9ce9cbbb04d57d5f1cd0bd6084",
                "sha256:0d2fa1f7b41f1431306753cf97df1919fc07cd11add6e25c057dc48638f24279",
                "sha256:8d37b0a60fc215a67f6c8b1bad351a21713d4d9dbfbe04bd3c920fdf24afe31e",
                "sha256:a62541c10cea388f151acaf5a78c88fcdc4d9ee0051cf5a43deeec0b7676d5b6",
                "sha256:fe550253a3fd8e6cadeabb39b3d3fb9944d95af4851a553973e5f31ce7b2fbdb",
                "sha256:96a46a17578836e3aef432246de55f9901fb52481389a40d2cca2a0a7643868f",
                "sha256:5efb5d97c6fcd90a6bb02016b7238a56a37398e0f459cfbbe9585cc7edb2a1bd",
                "sha256:a42a466b1b68120c8c260472720ca1e343ac4994ccf7c095355c8622d1e2ced0",
                "sha256:e2a268f0f65b38d87b0d28349e8d78129bb99d9538a9d6b5665b84cc5a196813",
                "sha256:d19d539714529bb95fc32402d55d0a8f5ac5e7bfd917d461359a32bb932d6c2f",
                "sha256:a21451142f7fe0f78fd29e33b8022ab73a25a9d62399ed0a23e32c42d94d4e06",
                "sha256:315d4eec3992c12f9f257d1b5c8acf5b67fc149d819e58e86037a44513e9fce7",
                "sha256:b7aec1f1ed19f917d4c83e2a32f526e99e8efc14e5c4507f69555d74bc180d34",
                "sha256:5339c6a851c6c5466d9a9bcc6fad5dff3e91024a409fc93ca9347b9165590f22",
                "sha256:a799014246d13bd30ee39f166c917c4666ec28a1521ec82398b799b754d9ba7e",
                "sha256:85c49b7e849aa144433edc0b3c89e7ac01b1314c2f62b16fb92e0c1d17fb2611",
                "sha256:5f70bf18a086007016e948b04aed3b82103a36bea41755b6cddfaf10ace3c6ef"
            ]
        },
        "Metadata": {
            "LastTagTime": "2026-10-08T09:54:45.618930946Z"
        },
        "Descriptor": {
            "mediaType": "application/vnd.oci.image.index.v1+json",
            "digest": "sha256:3ad71b1a54612142e3be43b24e7e4a38551949cb641f4421bcae9bf051102993",
            "size": 1609
        },
        "Identity": {
            "Pull": [
                {
                    "Repository": "docker.io/ecrum19/vcf-rdfizer"
                }
            ]
        }
    }
]
[exit 0]

[2026-10-08T21:26:27] $ docker run --rm --label vcf-rdfizer.run=20261008T212627-585886 --user 1000:1000 --init -v /home/ubuntu/vcf-rdfizer-testing/vcf_data/derived:/data/vcf:ro -v /home/ubuntu/vcf-rdfizer-testing/scale_store/r1000000/HG005_GRCh38_r1000000:/data/rdf:ro -v /home/ubuntu/vrdev-test/v331/results/16_scale_retrieval/r1000000__hdt__hdt__core__r1/out/run_metrics/batch-HG005_GRCh38_r1000000-2-inputs__20261008T212627/reports/validation/r1000000_hdt_1:/data/validation -v /home/ubuntu/vrdev-test/v331/results/16_scale_retrieval/r1000000__hdt__hdt__core__r1/out/run_metrics/batch-HG005_GRCh38_r1000000-2-inputs__20261008T212627:/data/metrics ecrum19/vcf-rdfizer:3.3.1 /usr/bin/time -v -o /data/metrics/timings/validation/r1000000_hdt_1.txt -- /opt/pycottas-venv/bin/python /opt/vcf-rdfizer/validation/validation_runner.py --vcf /data/vcf/HG005_GRCh38_r1000000.vcf.gz --rdf /data/rdf/HG005_GRCh38_r1000000.hdt --rdf-format hdt --engine hdt --queries core --node-heap-mb 24576 --representation expanded --info-representation structured --header-representation structured --results-dir /data/validation --dataset-id r1000000_hdt_1 --filter-oracle auto --scratch-dir /work --progress-path /data/metrics/.progress/validation-r1000000_hdt_1.jsonl
[r1000000_hdt_1] preparing hdt engine
[r1000000_hdt_1] running expanded/q01_record_density_1mb (hdt)
[r1000000_hdt_1] running expanded/q02_variant_shape_counts (hdt)
[r1000000_hdt_1] running expanded/q03_titv (hdt)
[r1000000_hdt_1] running expanded/q04_filter_distribution (hdt)
[r1000000_hdt_1] running expanded/q05_sample_genotype_counts (hdt)
[r1000000_hdt_1] running expanded/q06_ac_an_distribution (hdt)
[r1000000_hdt_1] running expanded/q07_file_metadata (hdt)
[r1000000_hdt_1] running expanded/q08_header_line_census (hdt)
[r1000000_hdt_1] running expanded/q09_predicate_census (hdt)
[r1000000_hdt_1] running expanded/q10_class_census (hdt)
[r1000000_hdt_1] running expanded/q11_record_digest (hdt)
[r1000000_hdt_1] running expanded/q12_info_value_digest (hdt)
[r1000000_hdt_1] running expanded/q13_format_value_digest (hdt)
{
  "datasetId": "r1000000_hdt_1",
  "representation": "expanded",
  "status": "EXECUTION_FAILED",
  "engine": "hdt",
  "engines": [
    "hdt"
  ],
  "normalizationFailures": {},
  "queryExecutions": {
    "q01_record_density_1mb": {
      "status": "PASS",
      "engine": "hdt",
      "exitCode": 0,
      "wallSeconds": 2169.053009316791,
      "query": "/opt/vcf-rdfizer/validation/queries/common/q01_record_density_1mb.rq",
      "rawResult": "/data/validation/raw/hdt/q01_record_density_1mb.sparql.json",
      "stderr": "/data/validation/raw/hdt/q01_record_density_1mb.stderr.txt",
      "resourceMetrics": null
    },
    "q02_variant_shape_counts": {
      "status": "PASS",
      "engine": "hdt",
      "exitCode": 0,
      "wallSeconds": 2217.20983298216,
      "query": "/opt/vcf-rdfizer/validation/queries/common/q02_variant_shape_counts.rq",
      "rawResult": "/data/validation/raw/hdt/q02_variant_shape_counts.sparql.json",
      "stderr": "/data/validation/raw/hdt/q02_variant_shape_counts.stderr.txt",
      "resourceMetrics": null
    },
    "q03_titv": {
      "status": "PASS",
      "engine": "hdt",
      "exitCode": 0,
      "wallSeconds": 2217.8906713670585,
      "query": "/opt/vcf-rdfizer/validation/queries/common/q03_titv.rq",
      "rawResult": "/data/validation/raw/hdt/q03_titv.sparql.json",
      "stderr": "/data/validation/raw/hdt/q03_titv.stderr.txt",
      "resourceMetrics": null
    },
    "q04_filter_distribution": {
      "status": "PASS",
      "engine": "hdt",
      "exitCode": 0,
      "wallSeconds": 2285.3272809779737,
      "query": "/opt/vcf-rdfizer/validation/queries/common/q04_filter_distribution.rq",
      "rawResult": "/data/validation/raw/hdt/q04_filter_distribution.sparql.json",
      "stderr": "/data/validation/raw/hdt/q04_filter_distribution.stderr.txt",
      "resourceMetrics": null
    },
    "q05_sample_genotype_counts": {
      "status": "PASS",
      "engine": "hdt",
      "exitCode": 0,
      "wallSeconds": 3600.0630962338764,
      "query": "/opt/vcf-rdfizer/validation/queries/expanded/q05_sample_genotype_counts.rq",
      "rawResult": "/data/validation/raw/hdt/q05_sample_genotype_counts.sparql.json",
      "stderr": "/data/validation/raw/hdt/q05_sample_genotype_counts.stderr.txt",
      "resourceMetrics": null
    },
    "q06_ac_an_distribution": {
      "status": "EXECUTION_FAILED",
      "engine": "hdt",
      "exitCode": 1,
      "wallSeconds": 0.0005056930240243673,
      "query": "/opt/vcf-rdfizer/validation/queries/expanded/q06_ac_an_distribution.rq",
      "rawResult": "/data/validation/raw/hdt/q06_ac_an_distribution.sparql.json",
      "stderr": "/data/validation/raw/hdt/q06_ac_an_distribution.stderr.txt",
      "resourceMetrics": null,
      "error": "<urlopen error [Errno 111] Connection refused>"
    },
    "q07_file_metadata": {
      "status": "EXECUTION_FAILED",
      "engine": "hdt",
      "exitCode": 1,
      "wallSeconds": 0.00035359920002520084,
      "query": "/opt/vcf-rdfizer/validation/queries/common/q07_file_metadata.rq",
      "rawResult": "/data/validation/raw/hdt/q07_file_metadata.sparql.json",
      "stderr": "/data/validation/raw/hdt/q07_file_metadata.stderr.txt",
      "resourceMetrics": null,
      "error": "<urlopen error [Errno 111] Connection refused>"
    },
    "q08_header_line_census": {
      "status": "EXECUTION_FAILED",
      "engine": "hdt",
      "exitCode": 1,
      "wallSeconds": 0.00030613411217927933,
      "query": "/opt/vcf-rdfizer/validation/queries/common/q08_header_line_census.rq",
      "rawResult": "/data/validation/raw/hdt/q08_header_line_census.sparql.json",
      "stderr": "/data/validation/raw/hdt/q08_header_line_census.stderr.txt",
      "resourceMetrics": null,
      "error": "<urlopen error [Errno 111] Connection refused>"
    },
    "q09_predicate_census": {
      "status": "EXECUTION_FAILED",
      "engine": "hdt",
      "exitCode": 1,
      "wallSeconds": 0.00028391298837959766,
      "query": "/opt/vcf-rdfizer/validation/queries/common/q09_predicate_census.rq",
      "rawResult": "/data/validation/raw/hdt/q09_predicate_census.sparql.json",
      "stderr": "/data/validation/raw/hdt/q09_predicate_census.stderr.txt",
      "resourceMetrics": null,
      "error": "<urlopen error [Errno 111] Connection refused>"
    },
    "q10_class_census": {
      "status": "EXECUTION_FAILED",
      "engine": "hdt",
      "exitCode": 1,
      "wallSeconds": 0.0002717990428209305,
      "query": "/opt/vcf-rdfizer/validation/queries/common/q10_class_census.rq",
      "rawResult": "/data/validation/raw/hdt/q10_class_census.sparql.json",
      "stderr": "/data/validation/raw/hdt/q10_class_census.stderr.txt",
      "resourceMetrics": null,
      "error": "<urlopen error [Errno 111] Connection refused>"
    },
    "q11_record_digest": {
      "status": "EXECUTION_FAILED",
      "engine": "hdt",
      "exitCode": 1,
      "wallSeconds": 0.0003760450053960085,
      "query": "/opt/vcf-rdfizer/validation/queries/common/q11_record_digest.rq",
      "rawResult": "/data/validation/raw/hdt/q11_record_digest.sparql.json",
      "stderr": "/data/validation/raw/hdt/q11_record_digest.stderr.txt",
      "resourceMetrics": null,
      "error": "<urlopen error [Errno 111] Connection refused>"
    },
    "q12_info_value_digest": {
      "status": "EXECUTION_FAILED",
      "engine": "hdt",
      "exitCode": 1,
      "wallSeconds": 0.000275246100500226,
      "query": "/opt/vcf-rdfizer/validation/queries/common/q12_info_value_digest.rq",
      "rawResult": "/data/validation/raw/hdt/q12_info_value_digest.sparql.json",
      "stderr": "/data/validation/raw/hdt/q12_info_value_digest.stderr.txt",
      "resourceMetrics": null,
      "error": "<urlopen error [Errno 111] Connection refused>"
    },
    "q13_format_value_digest": {
      "status": "EXECUTION_FAILED",
      "engine": "hdt",
      "exitCode": 1,
      "wallSeconds": 0.0002502638380974531,
      "query": "/opt/vcf-rdfizer/validation/queries/expanded/q13_format_value_digest.rq",
      "rawResult": "/data/validation/raw/hdt/q13_format_value_digest.sparql.json",
      "stderr": "/data/validation/raw/hdt/q13_format_value_digest.stderr.txt",
      "resourceMetrics": null,
      "error": "<urlopen error [Errno 111] Connection refused>"
    }
  },
  "error": null,
  "preflight": {},
  "benchmark": {
    "oracleSeconds": 133.70720268180594,
    "engineQuerySeconds": {
      "hdt": 12489.546513571171
    },
    "engineSetupSeconds": {
      "hdt": 6.683804342057556
    }
  },
  "sourceFormat": "hdt",
  "temporaryRdf": {
    "decompressedInsideContainer": true,
    "persisted": false,
    "cleanupConfirmed": true
  }
}
[exit 1]
