TSV conversion: NA18489.acmg: started
TSV conversion: NA18489.acmg: finished
RMLStreamer: NA18489.acmg: started
  RMLStreamer: NA18489.acmg: rmlstreamer started — 0 B · 0 parts
  RMLStreamer: NA18489.acmg: rmlstreamer heartbeat — 0 B · 0 parts
  RMLStreamer: NA18489.acmg: rmlstreamer heartbeat — 88.41 KB · 8 parts
  RMLStreamer: NA18489.acmg: rmlstreamer heartbeat — 8.75 MB · 8 parts
  RMLStreamer: NA18489.acmg: rmlstreamer heartbeat — 12.33 MB · 8 parts
  RMLStreamer: NA18489.acmg: rmlstreamer complete — 12.33 MB · 8 parts
  RMLStreamer: NA18489.acmg: rdf-aggregate started — 0 parts
  RMLStreamer: NA18489.acmg: rdf-aggregate part — 1 parts
  RMLStreamer: NA18489.acmg: rdf-aggregate part — 2 parts
  RMLStreamer: NA18489.acmg: rdf-aggregate part — 3 parts
  RMLStreamer: NA18489.acmg: rdf-aggregate part — 4 parts
  RMLStreamer: NA18489.acmg: rdf-aggregate part — 5 parts
  RMLStreamer: NA18489.acmg: rdf-aggregate part — 6 parts
  RMLStreamer: NA18489.acmg: rdf-aggregate part — 7 parts
  RMLStreamer: NA18489.acmg: rdf-aggregate part — 8 parts
  RMLStreamer: NA18489.acmg: rdf-aggregate complete — 8 parts
RMLStreamer: NA18489.acmg: finished
Gzip: NA18489.acmg: started
Gzip: NA18489.acmg: finished
