Step 1/5: Validating inputs ✅
  Metrics: /home/ubuntu/vcf-rdfizer-testing/benchmarks_outputs/06_equivalence/encoding__plain__condensed/out/run_metrics/test-10k__20260917T233544
  Detailed logs: /home/ubuntu/vcf-rdfizer-testing/benchmarks_outputs/06_equivalence/encoding__plain__condensed/out/run_metrics/test-10k__20260917T233544/logs/wrapper.log
  Progress log: /home/ubuntu/vcf-rdfizer-testing/benchmarks_outputs/06_equivalence/encoding__plain__condensed/out/run_metrics/test-10k__20260917T233544/logs/progress.log
Step 2/5: Ensuring Docker image is available ✅
Step 3/5: Processing per-input pipeline (TSV -> RDF -> compression -> validation)
  Spark partition hint: 8
  Sample representation: condensed
  INFO representation: structured
  Header representation: structured
  Validation: aggregate, hdt, cottas via comunica, qlever, hdt, cottas
  - Input 1/1: test-10k.vcf
    * TSV conversion ✅
    * VCF version: VCFv4.2 (detected)
    * RDF conversion ✅
    * Streaming condensed multi-sample RDF (no expanded helper TSVs)
    * Condensed matrices streamed: 9,986; FORMAT vectors: 19,972; reusable samples: 1
    * Streaming structured header RDF
    * Header lines typed: 13; contigs: 2
    * Streaming QUAL and structured INFO RDF
    * QUAL values streamed: 9,986; INFO values: 29,958; declarations: 3
    * Triples produced: 789,157
    * Compression ✅
    * Semantic validation (aggregate, comunica, qlever, hdt, cottas): test-10k.nt
Run time (full mode): 10h 4m 25.3s
Timing log: /home/ubuntu/vcf-rdfizer-testing/benchmarks_outputs/06_equivalence/encoding__plain__condensed/out/run_metrics/test-10k__20260917T233544/wrapper_execution_times.csv
Metrics summary: /home/ubuntu/vcf-rdfizer-testing/benchmarks_outputs/06_equivalence/encoding__plain__condensed/out/run_metrics/test-10k__20260917T233544/summary.json
