TSV conversion: NA20773.acmg: started
TSV conversion: NA20773.acmg: finished
RMLStreamer: NA20773.acmg: started
  RMLStreamer: NA20773.acmg: rmlstreamer started — 0 B · 0 parts
  RMLStreamer: NA20773.acmg: rmlstreamer heartbeat — 0 B · 0 parts
  RMLStreamer: NA20773.acmg: rmlstreamer heartbeat — 62.06 KB · 8 parts
  RMLStreamer: NA20773.acmg: rmlstreamer heartbeat — 9.14 MB · 8 parts
  RMLStreamer: NA20773.acmg: rmlstreamer heartbeat — 10.50 MB · 8 parts
  RMLStreamer: NA20773.acmg: rmlstreamer complete — 10.50 MB · 8 parts
  RMLStreamer: NA20773.acmg: rdf-aggregate started — 0 parts
  RMLStreamer: NA20773.acmg: rdf-aggregate part — 1 parts
  RMLStreamer: NA20773.acmg: rdf-aggregate part — 2 parts
  RMLStreamer: NA20773.acmg: rdf-aggregate part — 3 parts
  RMLStreamer: NA20773.acmg: rdf-aggregate part — 4 parts
  RMLStreamer: NA20773.acmg: rdf-aggregate part — 5 parts
  RMLStreamer: NA20773.acmg: rdf-aggregate part — 6 parts
  RMLStreamer: NA20773.acmg: rdf-aggregate part — 7 parts
  RMLStreamer: NA20773.acmg: rdf-aggregate part — 8 parts
  RMLStreamer: NA20773.acmg: rdf-aggregate complete — 8 parts
RMLStreamer: NA20773.acmg: finished
Gzip: NA20773.acmg: started
Gzip: NA20773.acmg: finished
