TSV conversion: HGSVC2_first250000: started
TSV conversion: HGSVC2_first250000: finished
RMLStreamer: HGSVC2_first250000: started
  RMLStreamer: HGSVC2_first250000: rmlstreamer started — 0 B · 0 parts
  RMLStreamer: HGSVC2_first250000: rmlstreamer heartbeat — 0 B · 0 parts
  RMLStreamer: HGSVC2_first250000: rmlstreamer heartbeat — 460.38 KB · 8 parts
  RMLStreamer: HGSVC2_first250000: rmlstreamer heartbeat — 9.88 MB · 8 parts
  RMLStreamer: HGSVC2_first250000: rmlstreamer heartbeat — 24.89 MB · 8 parts
  RMLStreamer: HGSVC2_first250000: rmlstreamer heartbeat — 51.26 MB · 8 parts
  RMLStreamer: HGSVC2_first250000: rmlstreamer heartbeat — 82.75 MB · 8 parts
  RMLStreamer: HGSVC2_first250000: rmlstreamer heartbeat — 112.78 MB · 8 parts
  RMLStreamer: HGSVC2_first250000: rmlstreamer heartbeat — 141.44 MB · 8 parts
  RMLStreamer: HGSVC2_first250000: rmlstreamer heartbeat — 163.49 MB · 8 parts
  RMLStreamer: HGSVC2_first250000: rmlstreamer heartbeat — 168.53 MB · 8 parts
  RMLStreamer: HGSVC2_first250000: rmlstreamer heartbeat — 185.12 MB · 8 parts
  RMLStreamer: HGSVC2_first250000: rmlstreamer complete — 185.12 MB · 8 parts
  RMLStreamer: HGSVC2_first250000: rdf-aggregate started — 0 parts
  RMLStreamer: HGSVC2_first250000: rdf-aggregate part — 1 parts
  RMLStreamer: HGSVC2_first250000: rdf-aggregate part — 2 parts
  RMLStreamer: HGSVC2_first250000: rdf-aggregate part — 3 parts
  RMLStreamer: HGSVC2_first250000: rdf-aggregate part — 4 parts
  RMLStreamer: HGSVC2_first250000: rdf-aggregate part — 5 parts
  RMLStreamer: HGSVC2_first250000: rdf-aggregate part — 6 parts
  RMLStreamer: HGSVC2_first250000: rdf-aggregate part — 7 parts
  RMLStreamer: HGSVC2_first250000: rdf-aggregate part — 8 parts
  RMLStreamer: HGSVC2_first250000: rdf-aggregate complete — 8 parts
RMLStreamer: HGSVC2_first250000: finished
Partitioned compression: HGSVC2_first250000: started
  Partitioned compression: HGSVC2_first250000: rdf-scan started — 0 triples
  Partitioned compression: HGSVC2_first250000: rdf-scan heartbeat — 352,278 triples · 67,108,931 bytes read
  Partitioned compression: HGSVC2_first250000: rdf-scan heartbeat — 677,209 triples · 142,648,018 bytes read
  Partitioned compression: HGSVC2_first250000: rdf-scan heartbeat — 1,069,519 triples · 209,756,939 bytes read
  Partitioned compression: HGSVC2_first250000: rdf-scan heartbeat — 1,495,626 triples · 276,865,832 bytes read
  Partitioned compression: HGSVC2_first250000: rdf-scan heartbeat — 1,920,449 triples · 343,974,795 bytes read
  Partitioned compression: HGSVC2_first250000: rdf-scan heartbeat — 2,343,226 triples · 411,083,676 bytes read
  Partitioned compression: HGSVC2_first250000: rdf-scan heartbeat — 2,765,739 triples · 478,192,686 bytes read
  Partitioned compression: HGSVC2_first250000: rdf-scan chunk — 3,135,166 triples · 1 chunks · 536,871,084 bytes read
  Partitioned compression: HGSVC2_first250000: hdt-chunks started — 0 chunks · hdt-build-00000
  Partitioned compression: HGSVC2_first250000: hdt-chunks complete — 1 chunks · hdt-build-00000
  Partitioned compression: HGSVC2_first250000: cottas-chunks started — 0 chunks · cottas-build-00000
  Partitioned compression: HGSVC2_first250000: cottas-chunks complete — 1 chunks · cottas-build-00000
  Partitioned compression: HGSVC2_first250000: rdf-scan heartbeat — 3,188,242 triples · 545,301,667 bytes read
  Partitioned compression: HGSVC2_first250000: rdf-scan heartbeat — 3,610,736 triples · 612,410,584 bytes read
  Partitioned compression: HGSVC2_first250000: rdf-scan heartbeat — 4,033,285 triples · 679,519,572 bytes read
  Partitioned compression: HGSVC2_first250000: rdf-scan heartbeat — 4,456,702 triples · 746,628,472 bytes read
  Partitioned compression: HGSVC2_first250000: rdf-scan heartbeat — 4,879,530 triples · 813,737,394 bytes read
  Partitioned compression: HGSVC2_first250000: rdf-scan heartbeat — 5,302,025 triples · 880,846,343 bytes read
  Partitioned compression: HGSVC2_first250000: rdf-scan heartbeat — 5,724,542 triples · 947,955,241 bytes read
  Partitioned compression: HGSVC2_first250000: rdf-scan heartbeat — 6,147,120 triples · 1,015,064,148 bytes read
  Partitioned compression: HGSVC2_first250000: rdf-scan chunk — 6,516,596 triples · 2 chunks · 1,073,742,044 bytes read
  Partitioned compression: HGSVC2_first250000: hdt-chunks started — 1 chunks · hdt-build-00001
  Partitioned compression: HGSVC2_first250000: hdt-chunks complete — 2 chunks · hdt-build-00001
  Partitioned compression: HGSVC2_first250000: cottas-chunks started — 1 chunks · cottas-build-00001
  Partitioned compression: HGSVC2_first250000: cottas-chunks complete — 2 chunks · cottas-build-00001
  Partitioned compression: HGSVC2_first250000: rdf-scan heartbeat — 6,569,675 triples · 1,082,173,158 bytes read
  Partitioned compression: HGSVC2_first250000: rdf-scan heartbeat — 6,992,221 triples · 1,149,282,111 bytes read
  Partitioned compression: HGSVC2_first250000: rdf-scan heartbeat — 7,414,717 triples · 1,216,391,032 bytes read
  Partitioned compression: HGSVC2_first250000: rdf-scan heartbeat — 7,837,217 triples · 1,283,500,024 bytes read
  Partitioned compression: HGSVC2_first250000: rdf-scan heartbeat — 8,259,800 triples · 1,350,608,996 bytes read
  Partitioned compression: HGSVC2_first250000: rdf-scan heartbeat — 8,682,669 triples · 1,417,717,868 bytes read
  Partitioned compression: HGSVC2_first250000: rdf-scan heartbeat — 9,103,956 triples · 1,484,826,851 bytes read
  Partitioned compression: HGSVC2_first250000: rdf-scan heartbeat — 9,523,099 triples · 1,551,935,771 bytes read
  Partitioned compression: HGSVC2_first250000: rdf-scan chunk — 9,889,559 triples · 3 chunks · 1,610,612,969 bytes read
  Partitioned compression: HGSVC2_first250000: hdt-chunks started — 2 chunks · hdt-build-00002
  Partitioned compression: HGSVC2_first250000: hdt-chunks complete — 3 chunks · hdt-build-00002
  Partitioned compression: HGSVC2_first250000: cottas-chunks started — 2 chunks · cottas-build-00002
  Partitioned compression: HGSVC2_first250000: cottas-chunks complete — 3 chunks · cottas-build-00002
  Partitioned compression: HGSVC2_first250000: rdf-scan heartbeat — 9,942,218 triples · 1,619,044,752 bytes read
  Partitioned compression: HGSVC2_first250000: rdf-scan heartbeat — 10,361,343 triples · 1,686,153,701 bytes read
  Partitioned compression: HGSVC2_first250000: rdf-scan heartbeat — 10,780,473 triples · 1,753,262,710 bytes read
  Partitioned compression: HGSVC2_first250000: rdf-scan heartbeat — 11,199,706 triples · 1,820,371,716 bytes read
  Partitioned compression: HGSVC2_first250000: rdf-scan heartbeat — 11,618,911 triples · 1,887,480,755 bytes read
  Partitioned compression: HGSVC2_first250000: rdf-scan heartbeat — 12,038,029 triples · 1,954,589,676 bytes read
  Partitioned compression: HGSVC2_first250000: rdf-scan heartbeat — 12,457,367 triples · 2,021,698,544 bytes read
  Partitioned compression: HGSVC2_first250000: rdf-scan heartbeat — 12,876,608 triples · 2,088,807,516 bytes read
  Partitioned compression: HGSVC2_first250000: rdf-scan chunk — 13,243,139 triples · 4 chunks · 2,147,483,882 bytes read
  Partitioned compression: HGSVC2_first250000: hdt-chunks started — 3 chunks · hdt-build-00003
  Partitioned compression: HGSVC2_first250000: hdt-chunks complete — 4 chunks · hdt-build-00003
  Partitioned compression: HGSVC2_first250000: cottas-chunks started — 3 chunks · cottas-build-00003
  Partitioned compression: HGSVC2_first250000: cottas-chunks complete — 4 chunks · cottas-build-00003
  Partitioned compression: HGSVC2_first250000: rdf-scan heartbeat — 13,295,839 triples · 2,155,916,472 bytes read
  Partitioned compression: HGSVC2_first250000: rdf-scan heartbeat — 13,715,133 triples · 2,223,025,341 bytes read
  Partitioned compression: HGSVC2_first250000: rdf-scan heartbeat — 14,134,255 triples · 2,290,134,295 bytes read
  Partitioned compression: HGSVC2_first250000: rdf-scan heartbeat — 14,553,429 triples · 2,357,243,309 bytes read
  Partitioned compression: HGSVC2_first250000: rdf-scan heartbeat — 14,972,625 triples · 2,424,352,231 bytes read
  Partitioned compression: HGSVC2_first250000: rdf-scan heartbeat — 15,391,786 triples · 2,491,461,153 bytes read
  Partitioned compression: HGSVC2_first250000: rdf-scan heartbeat — 15,810,987 triples · 2,558,570,108 bytes read
  Partitioned compression: HGSVC2_first250000: rdf-scan heartbeat — 16,230,126 triples · 2,625,678,991 bytes read
  Partitioned compression: HGSVC2_first250000: rdf-scan chunk — 16,596,580 triples · 5 chunks · 2,684,354,853 bytes read
  Partitioned compression: HGSVC2_first250000: hdt-chunks started — 4 chunks · hdt-build-00004
  Partitioned compression: HGSVC2_first250000: hdt-chunks complete — 5 chunks · hdt-build-00004
  Partitioned compression: HGSVC2_first250000: cottas-chunks started — 4 chunks · cottas-build-00004
  Partitioned compression: HGSVC2_first250000: cottas-chunks complete — 5 chunks · cottas-build-00004
  Partitioned compression: HGSVC2_first250000: rdf-scan heartbeat — 16,649,247 triples · 2,692,787,865 bytes read
  Partitioned compression: HGSVC2_first250000: rdf-scan heartbeat — 17,068,364 triples · 2,759,896,781 bytes read
  Partitioned compression: HGSVC2_first250000: rdf-scan heartbeat — 17,487,492 triples · 2,827,005,672 bytes read
  Partitioned compression: HGSVC2_first250000: rdf-scan heartbeat — 17,906,609 triples · 2,894,114,598 bytes read
  Partitioned compression: HGSVC2_first250000: rdf-scan heartbeat — 18,325,885 triples · 2,961,223,609 bytes read
  Partitioned compression: HGSVC2_first250000: rdf-scan heartbeat — 18,745,037 triples · 3,028,332,537 bytes read
  Partitioned compression: HGSVC2_first250000: rdf-scan heartbeat — 19,164,184 triples · 3,095,441,449 bytes read
  Partitioned compression: HGSVC2_first250000: rdf-scan heartbeat — 19,583,327 triples · 3,162,550,362 bytes read
  Partitioned compression: HGSVC2_first250000: rdf-scan chunk — 19,949,790 triples · 6 chunks · 3,221,225,821 bytes read
  Partitioned compression: HGSVC2_first250000: hdt-chunks started — 5 chunks · hdt-build-00005
  Partitioned compression: HGSVC2_first250000: hdt-chunks complete — 6 chunks · hdt-build-00005
  Partitioned compression: HGSVC2_first250000: cottas-chunks started — 5 chunks · cottas-build-00005
  Partitioned compression: HGSVC2_first250000: cottas-chunks complete — 6 chunks · cottas-build-00005
  Partitioned compression: HGSVC2_first250000: rdf-scan heartbeat — 20,002,460 triples · 3,229,659,272 bytes read
  Partitioned compression: HGSVC2_first250000: rdf-scan heartbeat — 20,421,577 triples · 3,296,768,190 bytes read
  Partitioned compression: HGSVC2_first250000: rdf-scan heartbeat — 20,840,735 triples · 3,363,877,180 bytes read
  Partitioned compression: HGSVC2_first250000: rdf-scan heartbeat — 21,259,879 triples · 3,430,986,208 bytes read
  Partitioned compression: HGSVC2_first250000: rdf-scan heartbeat — 21,679,078 triples · 3,498,095,197 bytes read
  Partitioned compression: HGSVC2_first250000: rdf-scan heartbeat — 22,098,195 triples · 3,565,204,113 bytes read
  Partitioned compression: HGSVC2_first250000: rdf-scan heartbeat — 22,517,314 triples · 3,632,313,148 bytes read
  Partitioned compression: HGSVC2_first250000: rdf-scan heartbeat — 22,936,431 triples · 3,699,422,087 bytes read
  Partitioned compression: HGSVC2_first250000: rdf-scan chunk — 23,302,879 triples · 7 chunks · 3,758,096,876 bytes read
  Partitioned compression: HGSVC2_first250000: hdt-chunks started — 6 chunks · hdt-build-00006
  Partitioned compression: HGSVC2_first250000: hdt-chunks complete — 7 chunks · hdt-build-00006
  Partitioned compression: HGSVC2_first250000: cottas-chunks started — 6 chunks · cottas-build-00006
  Partitioned compression: HGSVC2_first250000: cottas-chunks complete — 7 chunks · cottas-build-00006
  Partitioned compression: HGSVC2_first250000: rdf-scan heartbeat — 23,355,572 triples · 3,766,531,055 bytes read
  Partitioned compression: HGSVC2_first250000: rdf-scan heartbeat — 23,775,414 triples · 3,833,639,972 bytes read
  Partitioned compression: HGSVC2_first250000: rdf-scan heartbeat — 24,194,936 triples · 3,900,748,875 bytes read
  Partitioned compression: HGSVC2_first250000: rdf-scan heartbeat — 24,614,146 triples · 3,967,857,839 bytes read
  Partitioned compression: HGSVC2_first250000: rdf-scan heartbeat — 25,033,270 triples · 4,034,966,725 bytes read
  Partitioned compression: HGSVC2_first250000: rdf-scan heartbeat — 25,452,633 triples · 4,102,075,663 bytes read
  Partitioned compression: HGSVC2_first250000: rdf-scan heartbeat — 25,871,798 triples · 4,169,184,605 bytes read
  Partitioned compression: HGSVC2_first250000: rdf-scan heartbeat — 26,291,096 triples · 4,236,293,562 bytes read
  Partitioned compression: HGSVC2_first250000: rdf-scan chunk — 26,657,593 triples · 8 chunks · 4,294,967,914 bytes read
  Partitioned compression: HGSVC2_first250000: hdt-chunks started — 7 chunks · hdt-build-00007
  Partitioned compression: HGSVC2_first250000: hdt-chunks complete — 8 chunks · hdt-build-00007
  Partitioned compression: HGSVC2_first250000: cottas-chunks started — 7 chunks · cottas-build-00007
  Partitioned compression: HGSVC2_first250000: cottas-chunks complete — 8 chunks · cottas-build-00007
  Partitioned compression: HGSVC2_first250000: rdf-scan heartbeat — 26,710,275 triples · 4,303,402,427 bytes read
  Partitioned compression: HGSVC2_first250000: rdf-scan heartbeat — 27,130,188 triples · 4,370,511,366 bytes read
  Partitioned compression: HGSVC2_first250000: rdf-scan heartbeat — 27,550,213 triples · 4,437,620,393 bytes read
  Partitioned compression: HGSVC2_first250000: rdf-scan heartbeat — 27,969,339 triples · 4,504,729,387 bytes read
  Partitioned compression: HGSVC2_first250000: rdf-scan heartbeat — 28,388,552 triples · 4,571,838,347 bytes read
  Partitioned compression: HGSVC2_first250000: rdf-scan heartbeat — 28,807,819 triples · 4,638,947,226 bytes read
  Partitioned compression: HGSVC2_first250000: rdf-scan heartbeat — 29,227,132 triples · 4,706,056,245 bytes read
  Partitioned compression: HGSVC2_first250000: rdf-scan heartbeat — 29,646,249 triples · 4,773,165,197 bytes read
  Partitioned compression: HGSVC2_first250000: rdf-scan chunk — 30,012,685 triples · 9 chunks · 4,831,838,988 bytes read
  Partitioned compression: HGSVC2_first250000: hdt-chunks started — 8 chunks · hdt-build-00008
  Partitioned compression: HGSVC2_first250000: hdt-chunks complete — 9 chunks · hdt-build-00008
  Partitioned compression: HGSVC2_first250000: cottas-chunks started — 8 chunks · cottas-build-00008
  Partitioned compression: HGSVC2_first250000: cottas-chunks complete — 9 chunks · cottas-build-00008
  Partitioned compression: HGSVC2_first250000: rdf-scan heartbeat — 30,065,366 triples · 4,840,274,133 bytes read
  Partitioned compression: HGSVC2_first250000: rdf-scan heartbeat — 30,484,783 triples · 4,907,383,022 bytes read
  Partitioned compression: HGSVC2_first250000: rdf-scan heartbeat — 30,904,206 triples · 4,974,492,036 bytes read
  Partitioned compression: HGSVC2_first250000: rdf-scan heartbeat — 31,323,562 triples · 5,041,600,955 bytes read
  Partitioned compression: HGSVC2_first250000: rdf-scan heartbeat — 31,742,736 triples · 5,108,709,882 bytes read
  Partitioned compression: HGSVC2_first250000: rdf-scan heartbeat — 32,161,861 triples · 5,175,818,763 bytes read
  Partitioned compression: HGSVC2_first250000: rdf-scan heartbeat — 32,581,158 triples · 5,242,927,645 bytes read
  Partitioned compression: HGSVC2_first250000: rdf-scan heartbeat — 33,000,556 triples · 5,310,036,542 bytes read
  Partitioned compression: HGSVC2_first250000: rdf-scan chunk — 33,366,998 triples · 10 chunks · 5,368,709,999 bytes read
  Partitioned compression: HGSVC2_first250000: hdt-chunks started — 9 chunks · hdt-build-00009
  Partitioned compression: HGSVC2_first250000: hdt-chunks complete — 10 chunks · hdt-build-00009
  Partitioned compression: HGSVC2_first250000: cottas-chunks started — 9 chunks · cottas-build-00009
  Partitioned compression: HGSVC2_first250000: cottas-chunks complete — 10 chunks · cottas-build-00009
  Partitioned compression: HGSVC2_first250000: rdf-scan heartbeat — 33,419,682 triples · 5,377,145,536 bytes read
  Partitioned compression: HGSVC2_first250000: rdf-scan heartbeat — 33,838,800 triples · 5,444,254,430 bytes read
  Partitioned compression: HGSVC2_first250000: rdf-scan heartbeat — 34,257,917 triples · 5,511,363,346 bytes read
  Partitioned compression: HGSVC2_first250000: rdf-scan heartbeat — 34,677,034 triples · 5,578,472,232 bytes read
  Partitioned compression: HGSVC2_first250000: rdf-scan heartbeat — 35,096,209 triples · 5,645,581,150 bytes read
  Partitioned compression: HGSVC2_first250000: rdf-scan heartbeat — 35,515,343 triples · 5,712,690,038 bytes read
  Partitioned compression: HGSVC2_first250000: rdf-scan heartbeat — 35,934,492 triples · 5,779,799,018 bytes read
  Partitioned compression: HGSVC2_first250000: rdf-scan heartbeat — 36,353,631 triples · 5,846,908,043 bytes read
  Partitioned compression: HGSVC2_first250000: rdf-scan chunk — 36,720,080 triples · 11 chunks · 5,905,580,953 bytes read
  Partitioned compression: HGSVC2_first250000: hdt-chunks started — 10 chunks · hdt-build-00010
  Partitioned compression: HGSVC2_first250000: hdt-chunks complete — 11 chunks · hdt-build-00010
  Partitioned compression: HGSVC2_first250000: cottas-chunks started — 10 chunks · cottas-build-00010
  Partitioned compression: HGSVC2_first250000: cottas-chunks complete — 11 chunks · cottas-build-00010
  Partitioned compression: HGSVC2_first250000: rdf-scan heartbeat — 36,772,766 triples · 5,914,016,964 bytes read
  Partitioned compression: HGSVC2_first250000: rdf-scan heartbeat — 37,191,983 triples · 5,981,125,967 bytes read
  Partitioned compression: HGSVC2_first250000: rdf-scan heartbeat — 37,611,123 triples · 6,048,234,926 bytes read
  Partitioned compression: HGSVC2_first250000: rdf-scan heartbeat — 38,030,456 triples · 6,115,343,811 bytes read
  Partitioned compression: HGSVC2_first250000: rdf-scan heartbeat — 38,449,573 triples · 6,182,452,763 bytes read
  Partitioned compression: HGSVC2_first250000: rdf-scan heartbeat — 38,868,691 triples · 6,249,561,706 bytes read
  Partitioned compression: HGSVC2_first250000: rdf-scan heartbeat — 39,287,828 triples · 6,316,670,601 bytes read
  Partitioned compression: HGSVC2_first250000: rdf-scan heartbeat — 39,706,946 triples · 6,383,779,617 bytes read
  Partitioned compression: HGSVC2_first250000: rdf-scan chunk — 40,073,383 triples · 12 chunks · 6,442,451,874 bytes read
  Partitioned compression: HGSVC2_first250000: hdt-chunks started — 11 chunks · hdt-build-00011
  Partitioned compression: HGSVC2_first250000: hdt-chunks complete — 12 chunks · hdt-build-00011
  Partitioned compression: HGSVC2_first250000: cottas-chunks started — 11 chunks · cottas-build-00011
  Partitioned compression: HGSVC2_first250000: cottas-chunks complete — 12 chunks · cottas-build-00011
  Partitioned compression: HGSVC2_first250000: rdf-scan heartbeat — 40,126,074 triples · 6,450,888,539 bytes read
  Partitioned compression: HGSVC2_first250000: rdf-scan heartbeat — 40,545,784 triples · 6,517,997,491 bytes read
  Partitioned compression: HGSVC2_first250000: rdf-scan heartbeat — 40,965,708 triples · 6,585,106,465 bytes read
  Partitioned compression: HGSVC2_first250000: rdf-scan heartbeat — 41,385,214 triples · 6,652,215,343 bytes read
  Partitioned compression: HGSVC2_first250000: rdf-scan heartbeat — 41,804,825 triples · 6,719,324,277 bytes read
  Partitioned compression: HGSVC2_first250000: rdf-scan heartbeat — 42,223,948 triples · 6,786,433,191 bytes read
  Partitioned compression: HGSVC2_first250000: rdf-scan heartbeat — 42,643,074 triples · 6,853,542,089 bytes read
  Partitioned compression: HGSVC2_first250000: rdf-scan heartbeat — 43,062,192 triples · 6,920,651,037 bytes read
  Partitioned compression: HGSVC2_first250000: rdf-scan chunk — 43,428,616 triples · 13 chunks · 6,979,322,829 bytes read
  Partitioned compression: HGSVC2_first250000: hdt-chunks started — 12 chunks · hdt-build-00012
  Partitioned compression: HGSVC2_first250000: hdt-chunks complete — 13 chunks · hdt-build-00012
  Partitioned compression: HGSVC2_first250000: cottas-chunks started — 12 chunks · cottas-build-00012
  Partitioned compression: HGSVC2_first250000: cottas-chunks complete — 13 chunks · cottas-build-00012
  Partitioned compression: HGSVC2_first250000: rdf-scan heartbeat — 43,481,308 triples · 6,987,759,920 bytes read
  Partitioned compression: HGSVC2_first250000: rdf-scan heartbeat — 43,900,426 triples · 7,054,868,954 bytes read
  Partitioned compression: HGSVC2_first250000: rdf-scan heartbeat — 44,319,543 triples · 7,121,977,887 bytes read
  Partitioned compression: HGSVC2_first250000: rdf-scan heartbeat — 44,738,687 triples · 7,189,086,863 bytes read
  Partitioned compression: HGSVC2_first250000: rdf-scan heartbeat — 45,157,841 triples · 7,256,195,749 bytes read
  Partitioned compression: HGSVC2_first250000: rdf-scan heartbeat — 45,577,080 triples · 7,323,304,668 bytes read
  Partitioned compression: HGSVC2_first250000: rdf-scan heartbeat — 45,996,200 triples · 7,390,413,588 bytes read
  Partitioned compression: HGSVC2_first250000: rdf-scan heartbeat — 46,415,362 triples · 7,457,522,475 bytes read
  Partitioned compression: HGSVC2_first250000: rdf-scan chunk — 46,781,887 triples · 14 chunks · 7,516,193,848 bytes read
  Partitioned compression: HGSVC2_first250000: hdt-chunks started — 13 chunks · hdt-build-00013
  Partitioned compression: HGSVC2_first250000: hdt-chunks complete — 14 chunks · hdt-build-00013
  Partitioned compression: HGSVC2_first250000: cottas-chunks started — 13 chunks · cottas-build-00013
  Partitioned compression: HGSVC2_first250000: cottas-chunks complete — 14 chunks · cottas-build-00013
  Partitioned compression: HGSVC2_first250000: rdf-scan heartbeat — 46,834,582 triples · 7,524,631,380 bytes read
  Partitioned compression: HGSVC2_first250000: rdf-scan heartbeat — 47,253,741 triples · 7,591,740,319 bytes read
  Partitioned compression: HGSVC2_first250000: rdf-scan heartbeat — 47,672,862 triples · 7,658,849,213 bytes read
  Partitioned compression: HGSVC2_first250000: rdf-scan heartbeat — 48,092,386 triples · 7,725,958,215 bytes read
  Partitioned compression: HGSVC2_first250000: rdf-scan heartbeat — 48,512,251 triples · 7,793,067,115 bytes read
  Partitioned compression: HGSVC2_first250000: rdf-scan heartbeat — 48,931,398 triples · 7,860,176,079 bytes read
  Partitioned compression: HGSVC2_first250000: rdf-scan heartbeat — 49,350,516 triples · 7,927,285,058 bytes read
  Partitioned compression: HGSVC2_first250000: rdf-scan heartbeat — 49,769,634 triples · 7,994,393,944 bytes read
  Partitioned compression: HGSVC2_first250000: rdf-scan chunk — 50,136,413 triples · 15 chunks · 8,053,064,906 bytes read
  Partitioned compression: HGSVC2_first250000: hdt-chunks started — 14 chunks · hdt-build-00014
  Partitioned compression: HGSVC2_first250000: hdt-chunks complete — 15 chunks · hdt-build-00014
  Partitioned compression: HGSVC2_first250000: cottas-chunks started — 14 chunks · cottas-build-00014
  Partitioned compression: HGSVC2_first250000: cottas-chunks complete — 15 chunks · cottas-build-00014
  Partitioned compression: HGSVC2_first250000: rdf-scan heartbeat — 50,189,111 triples · 8,061,502,887 bytes read
  Partitioned compression: HGSVC2_first250000: rdf-scan heartbeat — 50,608,230 triples · 8,128,611,804 bytes read
  Partitioned compression: HGSVC2_first250000: rdf-scan heartbeat — 51,027,354 triples · 8,195,720,800 bytes read
  Partitioned compression: HGSVC2_first250000: rdf-scan heartbeat — 51,446,646 triples · 8,262,829,749 bytes read
  Partitioned compression: HGSVC2_first250000: rdf-scan heartbeat — 51,865,782 triples · 8,329,938,779 bytes read
  Partitioned compression: HGSVC2_first250000: rdf-scan heartbeat — 52,284,899 triples · 8,397,047,652 bytes read
  Partitioned compression: HGSVC2_first250000: rdf-scan heartbeat — 52,704,196 triples · 8,464,156,654 bytes read
  Partitioned compression: HGSVC2_first250000: rdf-scan heartbeat — 53,123,315 triples · 8,531,265,580 bytes read
  Partitioned compression: HGSVC2_first250000: rdf-scan chunk — 53,489,730 triples · 16 chunks · 8,589,935,984 bytes read
  Partitioned compression: HGSVC2_first250000: hdt-chunks started — 15 chunks · hdt-build-00015
  Partitioned compression: HGSVC2_first250000: hdt-chunks complete — 16 chunks · hdt-build-00015
  Partitioned compression: HGSVC2_first250000: cottas-chunks started — 15 chunks · cottas-build-00015
  Partitioned compression: HGSVC2_first250000: cottas-chunks complete — 16 chunks · cottas-build-00015
  Partitioned compression: HGSVC2_first250000: rdf-scan heartbeat — 53,542,431 triples · 8,598,374,474 bytes read
  Partitioned compression: HGSVC2_first250000: rdf-scan heartbeat — 53,961,564 triples · 8,665,483,492 bytes read
  Partitioned compression: HGSVC2_first250000: rdf-scan heartbeat — 54,381,011 triples · 8,732,592,402 bytes read
  Partitioned compression: HGSVC2_first250000: rdf-scan heartbeat — 54,800,352 triples · 8,799,701,271 bytes read
  Partitioned compression: HGSVC2_first250000: rdf-scan heartbeat — 55,219,682 triples · 8,866,810,187 bytes read
  Partitioned compression: HGSVC2_first250000: rdf-scan heartbeat — 55,639,104 triples · 8,933,919,067 bytes read
  Partitioned compression: HGSVC2_first250000: rdf-scan heartbeat — 56,058,235 triples · 9,001,028,024 bytes read
  Partitioned compression: HGSVC2_first250000: rdf-scan heartbeat — 56,477,354 triples · 9,068,136,958 bytes read
  Partitioned compression: HGSVC2_first250000: rdf-scan chunk — 56,843,786 triples · 17 chunks · 9,126,806,914 bytes read
  Partitioned compression: HGSVC2_first250000: hdt-chunks started — 16 chunks · hdt-build-00016
  Partitioned compression: HGSVC2_first250000: hdt-chunks complete — 17 chunks · hdt-build-00016
  Partitioned compression: HGSVC2_first250000: cottas-chunks started — 16 chunks · cottas-build-00016
  Partitioned compression: HGSVC2_first250000: cottas-chunks complete — 17 chunks · cottas-build-00016
  Partitioned compression: HGSVC2_first250000: rdf-scan heartbeat — 56,896,490 triples · 9,135,245,895 bytes read
  Partitioned compression: HGSVC2_first250000: rdf-scan heartbeat — 57,315,615 triples · 9,202,354,896 bytes read
  Partitioned compression: HGSVC2_first250000: rdf-scan heartbeat — 57,734,802 triples · 9,269,463,895 bytes read
  Partitioned compression: HGSVC2_first250000: rdf-scan heartbeat — 58,154,067 triples · 9,336,572,778 bytes read
  Partitioned compression: HGSVC2_first250000: rdf-scan heartbeat — 58,573,189 triples · 9,403,681,754 bytes read
  Partitioned compression: HGSVC2_first250000: rdf-scan heartbeat — 58,992,313 triples · 9,470,790,764 bytes read
  Partitioned compression: HGSVC2_first250000: rdf-scan heartbeat — 59,411,463 triples · 9,537,899,747 bytes read
  Partitioned compression: HGSVC2_first250000: rdf-scan heartbeat — 59,830,926 triples · 9,605,008,765 bytes read
  Partitioned compression: HGSVC2_first250000: rdf-scan chunk — 60,197,355 triples · 18 chunks · 9,663,677,939 bytes read
  Partitioned compression: HGSVC2_first250000: hdt-chunks started — 17 chunks · hdt-build-00017
  Partitioned compression: HGSVC2_first250000: hdt-chunks complete — 18 chunks · hdt-build-00017
  Partitioned compression: HGSVC2_first250000: cottas-chunks started — 17 chunks · cottas-build-00017
  Partitioned compression: HGSVC2_first250000: cottas-chunks complete — 18 chunks · cottas-build-00017
  Partitioned compression: HGSVC2_first250000: rdf-scan heartbeat — 60,250,076 triples · 9,672,117,631 bytes read
  Partitioned compression: HGSVC2_first250000: rdf-scan heartbeat — 60,669,202 triples · 9,739,226,537 bytes read
  Partitioned compression: HGSVC2_first250000: rdf-scan heartbeat — 61,088,329 triples · 9,806,335,485 bytes read
  Partitioned compression: HGSVC2_first250000: rdf-scan heartbeat — 61,507,637 triples · 9,873,444,360 bytes read
  Partitioned compression: HGSVC2_first250000: rdf-scan heartbeat — 61,926,802 triples · 9,940,553,274 bytes read
  Partitioned compression: HGSVC2_first250000: rdf-scan heartbeat — 62,346,164 triples · 10,007,662,158 bytes read
  Partitioned compression: HGSVC2_first250000: rdf-scan heartbeat — 62,765,329 triples · 10,074,771,163 bytes read
  Partitioned compression: HGSVC2_first250000: rdf-scan heartbeat — 63,184,446 triples · 10,141,880,062 bytes read
  Partitioned compression: HGSVC2_first250000: rdf-scan chunk — 63,550,857 triples · 19 chunks · 10,200,548,903 bytes read
  Partitioned compression: HGSVC2_first250000: hdt-chunks started — 18 chunks · hdt-build-00018
  Partitioned compression: HGSVC2_first250000: hdt-chunks complete — 19 chunks · hdt-build-00018
  Partitioned compression: HGSVC2_first250000: cottas-chunks started — 18 chunks · cottas-build-00018
  Partitioned compression: HGSVC2_first250000: cottas-chunks complete — 19 chunks · cottas-build-00018
  Partitioned compression: HGSVC2_first250000: rdf-scan heartbeat — 63,603,568 triples · 10,208,988,970 bytes read
  Partitioned compression: HGSVC2_first250000: rdf-scan heartbeat — 64,022,890 triples · 10,276,097,938 bytes read
  Partitioned compression: HGSVC2_first250000: rdf-scan heartbeat — 64,442,213 triples · 10,343,206,859 bytes read
  Partitioned compression: HGSVC2_first250000: rdf-scan heartbeat — 64,861,330 triples · 10,410,315,838 bytes read
  Partitioned compression: HGSVC2_first250000: rdf-scan heartbeat — 65,280,570 triples · 10,477,424,821 bytes read
  Partitioned compression: HGSVC2_first250000: rdf-scan heartbeat — 65,699,748 triples · 10,544,533,809 bytes read
  Partitioned compression: HGSVC2_first250000: rdf-scan heartbeat — 66,119,285 triples · 10,611,642,819 bytes read
  Partitioned compression: HGSVC2_first250000: rdf-scan heartbeat — 66,538,418 triples · 10,678,751,714 bytes read
  Partitioned compression: HGSVC2_first250000: rdf-scan chunk — 66,904,822 triples · 20 chunks · 10,737,419,996 bytes read
  Partitioned compression: HGSVC2_first250000: hdt-chunks started — 19 chunks · hdt-build-00019
  Partitioned compression: HGSVC2_first250000: hdt-chunks complete — 20 chunks · hdt-build-00019
  Partitioned compression: HGSVC2_first250000: cottas-chunks started — 19 chunks · cottas-build-00019
  Partitioned compression: HGSVC2_first250000: cottas-chunks complete — 20 chunks · cottas-build-00019
  Partitioned compression: HGSVC2_first250000: rdf-scan heartbeat — 66,957,537 triples · 10,745,860,710 bytes read
  Partitioned compression: HGSVC2_first250000: rdf-scan heartbeat — 67,376,653 triples · 10,812,969,594 bytes read
  Partitioned compression: HGSVC2_first250000: rdf-scan heartbeat — 67,795,772 triples · 10,880,078,502 bytes read
  Partitioned compression: HGSVC2_first250000: rdf-scan heartbeat — 68,214,894 triples · 10,947,187,389 bytes read
  Partitioned compression: HGSVC2_first250000: rdf-scan heartbeat — 68,634,021 triples · 11,014,296,288 bytes read
  Partitioned compression: HGSVC2_first250000: rdf-scan heartbeat — 69,053,140 triples · 11,081,405,302 bytes read
  Partitioned compression: HGSVC2_first250000: rdf-scan heartbeat — 69,472,374 triples · 11,148,514,206 bytes read
  Partitioned compression: HGSVC2_first250000: rdf-scan heartbeat — 69,891,510 triples · 11,215,623,166 bytes read
  Partitioned compression: HGSVC2_first250000: rdf-scan chunk — 70,258,006 triples · 21 chunks · 11,274,290,916 bytes read
  Partitioned compression: HGSVC2_first250000: hdt-chunks started — 20 chunks · hdt-build-00020
  Partitioned compression: HGSVC2_first250000: hdt-chunks complete — 21 chunks · hdt-build-00020
  Partitioned compression: HGSVC2_first250000: cottas-chunks started — 20 chunks · cottas-build-00020
  Partitioned compression: HGSVC2_first250000: cottas-chunks complete — 21 chunks · cottas-build-00020
  Partitioned compression: HGSVC2_first250000: rdf-scan heartbeat — 70,310,724 triples · 11,282,732,153 bytes read
  Partitioned compression: HGSVC2_first250000: rdf-scan heartbeat — 70,729,850 triples · 11,349,841,031 bytes read
  Partitioned compression: HGSVC2_first250000: rdf-scan heartbeat — 71,149,078 triples · 11,416,949,964 bytes read
  Partitioned compression: HGSVC2_first250000: rdf-scan heartbeat — 71,568,757 triples · 11,484,058,874 bytes read
  Partitioned compression: HGSVC2_first250000: rdf-scan heartbeat — 71,988,535 triples · 11,551,167,767 bytes read
  Partitioned compression: HGSVC2_first250000: rdf-scan heartbeat — 72,407,711 triples · 11,618,276,713 bytes read
  Partitioned compression: HGSVC2_first250000: rdf-scan heartbeat — 72,826,932 triples · 11,685,385,625 bytes read
  Partitioned compression: HGSVC2_first250000: rdf-scan heartbeat — 73,246,086 triples · 11,752,494,580 bytes read
  Partitioned compression: HGSVC2_first250000: rdf-scan chunk — 73,612,776 triples · 22 chunks · 11,811,161,899 bytes read
  Partitioned compression: HGSVC2_first250000: hdt-chunks started — 21 chunks · hdt-build-00021
  Partitioned compression: HGSVC2_first250000: hdt-chunks complete — 22 chunks · hdt-build-00021
  Partitioned compression: HGSVC2_first250000: cottas-chunks started — 21 chunks · cottas-build-00021
  Partitioned compression: HGSVC2_first250000: cottas-chunks complete — 22 chunks · cottas-build-00021
  Partitioned compression: HGSVC2_first250000: rdf-scan heartbeat — 73,665,556 triples · 11,819,603,558 bytes read
  Partitioned compression: HGSVC2_first250000: rdf-scan heartbeat — 74,084,749 triples · 11,886,712,546 bytes read
  Partitioned compression: HGSVC2_first250000: rdf-scan heartbeat — 74,503,868 triples · 11,953,821,527 bytes read
  Partitioned compression: HGSVC2_first250000: rdf-scan heartbeat — 74,923,068 triples · 12,020,930,516 bytes read
  Partitioned compression: HGSVC2_first250000: rdf-scan heartbeat — 75,342,186 triples · 12,088,039,505 bytes read
  Partitioned compression: HGSVC2_first250000: rdf-scan heartbeat — 75,761,594 triples · 12,155,148,480 bytes read
  Partitioned compression: HGSVC2_first250000: rdf-scan heartbeat — 76,180,827 triples · 12,222,257,386 bytes read
  Partitioned compression: HGSVC2_first250000: rdf-scan heartbeat — 76,599,950 triples · 12,289,366,379 bytes read
  Partitioned compression: HGSVC2_first250000: rdf-scan chunk — 76,966,341 triples · 23 chunks · 12,348,032,835 bytes read
  Partitioned compression: HGSVC2_first250000: hdt-chunks started — 22 chunks · hdt-build-00022
  Partitioned compression: HGSVC2_first250000: hdt-chunks complete — 23 chunks · hdt-build-00022
  Partitioned compression: HGSVC2_first250000: cottas-chunks started — 22 chunks · cottas-build-00022
  Partitioned compression: HGSVC2_first250000: cottas-chunks complete — 23 chunks · cottas-build-00022
  Partitioned compression: HGSVC2_first250000: rdf-scan heartbeat — 77,019,067 triples · 12,356,475,331 bytes read
  Partitioned compression: HGSVC2_first250000: rdf-scan heartbeat — 77,438,229 triples · 12,423,584,329 bytes read
  Partitioned compression: HGSVC2_first250000: rdf-scan heartbeat — 77,857,345 triples · 12,490,693,245 bytes read
  Partitioned compression: HGSVC2_first250000: rdf-scan heartbeat — 78,276,465 triples · 12,557,802,237 bytes read
  Partitioned compression: HGSVC2_first250000: rdf-scan heartbeat — 78,695,586 triples · 12,624,911,274 bytes read
  Partitioned compression: HGSVC2_first250000: rdf-scan heartbeat — 79,114,806 triples · 12,692,020,259 bytes read
  Partitioned compression: HGSVC2_first250000: rdf-scan heartbeat — 79,533,948 triples · 12,759,129,159 bytes read
  Partitioned compression: HGSVC2_first250000: rdf-scan heartbeat — 79,954,515 triples · 12,826,238,062 bytes read
  Partitioned compression: HGSVC2_first250000: rdf-scan chunk — 80,320,921 triples · 24 chunks · 12,884,903,900 bytes read
  Partitioned compression: HGSVC2_first250000: hdt-chunks started — 23 chunks · hdt-build-00023
  Partitioned compression: HGSVC2_first250000: hdt-chunks complete — 24 chunks · hdt-build-00023
  Partitioned compression: HGSVC2_first250000: cottas-chunks started — 23 chunks · cottas-build-00023
  Partitioned compression: HGSVC2_first250000: cottas-chunks complete — 24 chunks · cottas-build-00023
  Partitioned compression: HGSVC2_first250000: rdf-scan heartbeat — 80,373,651 triples · 12,893,347,082 bytes read
  Partitioned compression: HGSVC2_first250000: rdf-scan heartbeat — 80,792,666 triples · 12,960,456,027 bytes read
  Partitioned compression: HGSVC2_first250000: rdf-scan heartbeat — 81,208,460 triples · 13,027,564,965 bytes read
  Partitioned compression: HGSVC2_first250000: rdf-scan heartbeat — 81,624,257 triples · 13,094,673,857 bytes read
  Partitioned compression: HGSVC2_first250000: rdf-scan heartbeat — 82,040,275 triples · 13,161,782,817 bytes read
  Partitioned compression: HGSVC2_first250000: rdf-scan heartbeat — 82,457,851 triples · 13,228,891,802 bytes read
  Partitioned compression: HGSVC2_first250000: rdf-scan heartbeat — 82,875,883 triples · 13,296,000,710 bytes read
  Partitioned compression: HGSVC2_first250000: rdf-scan heartbeat — 83,292,581 triples · 13,363,109,703 bytes read
  Partitioned compression: HGSVC2_first250000: rdf-scan chunk — 83,656,062 triples · 25 chunks · 13,421,774,898 bytes read
  Partitioned compression: HGSVC2_first250000: hdt-chunks started — 24 chunks · hdt-build-00024
  Partitioned compression: HGSVC2_first250000: hdt-chunks complete — 25 chunks · hdt-build-00024
  Partitioned compression: HGSVC2_first250000: cottas-chunks started — 24 chunks · cottas-build-00024
  Partitioned compression: HGSVC2_first250000: cottas-chunks complete — 25 chunks · cottas-build-00024
  Partitioned compression: HGSVC2_first250000: rdf-scan heartbeat — 83,708,377 triples · 13,430,218,600 bytes read
  Partitioned compression: HGSVC2_first250000: rdf-scan heartbeat — 84,124,307 triples · 13,497,327,562 bytes read
  Partitioned compression: HGSVC2_first250000: rdf-scan heartbeat — 84,540,307 triples · 13,564,436,592 bytes read
  Partitioned compression: HGSVC2_first250000: rdf-scan heartbeat — 84,956,210 triples · 13,631,545,594 bytes read
  Partitioned compression: HGSVC2_first250000: rdf-scan heartbeat — 85,372,133 triples · 13,698,654,497 bytes read
  Partitioned compression: HGSVC2_first250000: rdf-scan heartbeat — 85,788,983 triples · 13,765,763,371 bytes read
  Partitioned compression: HGSVC2_first250000: rdf-scan heartbeat — 86,207,032 triples · 13,832,872,267 bytes read
  Partitioned compression: HGSVC2_first250000: rdf-scan heartbeat — 86,625,459 triples · 13,899,981,309 bytes read
  Partitioned compression: HGSVC2_first250000: rdf-scan chunk — 86,986,470 triples · 26 chunks · 13,958,645,913 bytes read
  Partitioned compression: HGSVC2_first250000: hdt-chunks started — 25 chunks · hdt-build-00025
  Partitioned compression: HGSVC2_first250000: hdt-chunks complete — 26 chunks · hdt-build-00025
  Partitioned compression: HGSVC2_first250000: cottas-chunks started — 25 chunks · cottas-build-00025
  Partitioned compression: HGSVC2_first250000: cottas-chunks complete — 26 chunks · cottas-build-00025
  Partitioned compression: HGSVC2_first250000: rdf-scan heartbeat — 87,038,303 triples · 13,967,090,300 bytes read
  Partitioned compression: HGSVC2_first250000: rdf-scan heartbeat — 87,437,110 triples · 14,034,199,256 bytes read
  Partitioned compression: HGSVC2_first250000: rdf-scan heartbeat — 87,839,695 triples · 14,101,308,179 bytes read
  Partitioned compression: HGSVC2_first250000: rdf-scan heartbeat — 88,238,619 triples · 14,168,417,121 bytes read
  Partitioned compression: HGSVC2_first250000: rdf-scan heartbeat — 88,645,218 triples · 14,235,526,073 bytes read
  Partitioned compression: HGSVC2_first250000: rdf-scan heartbeat — 88,945,225 triples · 14,302,634,987 bytes read
  Partitioned compression: HGSVC2_first250000: rdf-scan heartbeat — 89,356,998 triples · 14,369,743,943 bytes read
  Partitioned compression: HGSVC2_first250000: rdf-scan heartbeat — 89,742,624 triples · 14,436,852,849 bytes read
  Partitioned compression: HGSVC2_first250000: rdf-scan chunk — 90,090,240 triples · 27 chunks · 14,495,516,904 bytes read
  Partitioned compression: HGSVC2_first250000: hdt-chunks started — 26 chunks · hdt-build-00026
  Partitioned compression: HGSVC2_first250000: hdt-chunks complete — 27 chunks · hdt-build-00026
  Partitioned compression: HGSVC2_first250000: cottas-chunks started — 26 chunks · cottas-build-00026
  Partitioned compression: HGSVC2_first250000: cottas-chunks complete — 27 chunks · cottas-build-00026
  Partitioned compression: HGSVC2_first250000: rdf-scan heartbeat — 90,142,571 triples · 14,503,961,730 bytes read
  Partitioned compression: HGSVC2_first250000: rdf-scan heartbeat — 90,543,210 triples · 14,571,070,616 bytes read
  Partitioned compression: HGSVC2_first250000: rdf-scan heartbeat — 90,948,974 triples · 14,638,179,530 bytes read
  Partitioned compression: HGSVC2_first250000: rdf-scan heartbeat — 91,356,967 triples · 14,705,288,490 bytes read
  Partitioned compression: HGSVC2_first250000: rdf-scan heartbeat — 91,766,522 triples · 14,772,397,453 bytes read
  Partitioned compression: HGSVC2_first250000: rdf-scan heartbeat — 92,178,212 triples · 14,839,506,363 bytes read
  Partitioned compression: HGSVC2_first250000: rdf-scan heartbeat — 92,569,106 triples · 14,906,615,257 bytes read
  Partitioned compression: HGSVC2_first250000: rdf-scan heartbeat — 92,974,834 triples · 14,973,724,156 bytes read
  Partitioned compression: HGSVC2_first250000: rdf-scan chunk — 93,329,422 triples · 28 chunks · 15,032,387,882 bytes read
  Partitioned compression: HGSVC2_first250000: hdt-chunks started — 27 chunks · hdt-build-00027
  Partitioned compression: HGSVC2_first250000: hdt-chunks complete — 28 chunks · hdt-build-00027
  Partitioned compression: HGSVC2_first250000: cottas-chunks started — 27 chunks · cottas-build-00027
  Partitioned compression: HGSVC2_first250000: cottas-chunks complete — 28 chunks · cottas-build-00027
  Partitioned compression: HGSVC2_first250000: rdf-scan heartbeat — 93,381,263 triples · 15,040,833,059 bytes read
  Partitioned compression: HGSVC2_first250000: rdf-scan heartbeat — 93,786,407 triples · 15,107,941,939 bytes read
  Partitioned compression: HGSVC2_first250000: rdf-scan heartbeat — 94,195,869 triples · 15,175,051,406 bytes read
  Partitioned compression: HGSVC2_first250000: rdf-scan heartbeat — 94,599,228 triples · 15,242,160,391 bytes read
  Partitioned compression: HGSVC2_first250000: rdf-scan heartbeat — 95,005,454 triples · 15,309,269,339 bytes read
  Partitioned compression: HGSVC2_first250000: rdf-scan heartbeat — 95,410,852 triples · 15,376,378,207 bytes read
  Partitioned compression: HGSVC2_first250000: rdf-scan heartbeat — 95,812,806 triples · 15,443,487,081 bytes read
  Partitioned compression: HGSVC2_first250000: rdf-scan heartbeat — 96,206,189 triples · 15,510,596,096 bytes read
  Partitioned compression: HGSVC2_first250000: rdf-scan chunk — 96,553,495 triples · 29 chunks · 15,569,258,851 bytes read
  Partitioned compression: HGSVC2_first250000: hdt-chunks started — 28 chunks · hdt-build-00028
  Partitioned compression: HGSVC2_first250000: hdt-chunks complete — 29 chunks · hdt-build-00028
  Partitioned compression: HGSVC2_first250000: cottas-chunks started — 28 chunks · cottas-build-00028
  Partitioned compression: HGSVC2_first250000: cottas-chunks complete — 29 chunks · cottas-build-00028
  Partitioned compression: HGSVC2_first250000: rdf-scan heartbeat — 96,604,261 triples · 15,577,705,058 bytes read
  Partitioned compression: HGSVC2_first250000: rdf-scan chunk — 96,754,372 triples · 30 chunks · 15,603,308,497 bytes read
  Partitioned compression: HGSVC2_first250000: hdt-chunks started — 29 chunks · hdt-build-00029
  Partitioned compression: HGSVC2_first250000: hdt-chunks complete — 30 chunks · hdt-build-00029
  Partitioned compression: HGSVC2_first250000: cottas-chunks started — 29 chunks · cottas-build-00029
  Partitioned compression: HGSVC2_first250000: cottas-chunks complete — 30 chunks · cottas-build-00029
  Partitioned compression: HGSVC2_first250000: rdf-scan complete — 96,754,372 triples · 30 chunks
  Partitioned compression: HGSVC2_first250000: hdt-chunks complete — 30 chunks
  Partitioned compression: HGSVC2_first250000: cottas-chunks complete — 30 chunks
  Partitioned compression: HGSVC2_first250000: hdt-merge started — hdt-merge-r01-00000
  Partitioned compression: HGSVC2_first250000: hdt-merge complete — hdt-merge-r01-00000
  Partitioned compression: HGSVC2_first250000: hdt-merge started — hdt-merge-r01-00001
  Partitioned compression: HGSVC2_first250000: hdt-merge complete — hdt-merge-r01-00001
  Partitioned compression: HGSVC2_first250000: hdt-merge started — hdt-merge-r01-00002
  Partitioned compression: HGSVC2_first250000: hdt-merge complete — hdt-merge-r01-00002
  Partitioned compression: HGSVC2_first250000: hdt-merge started — hdt-merge-r01-00003
  Partitioned compression: HGSVC2_first250000: hdt-merge complete — hdt-merge-r01-00003
  Partitioned compression: HGSVC2_first250000: hdt-merge started — hdt-merge-r01-00004
  Partitioned compression: HGSVC2_first250000: hdt-merge complete — hdt-merge-r01-00004
  Partitioned compression: HGSVC2_first250000: hdt-merge started — hdt-merge-r01-00005
  Partitioned compression: HGSVC2_first250000: hdt-merge complete — hdt-merge-r01-00005
  Partitioned compression: HGSVC2_first250000: hdt-merge started — hdt-merge-r01-00006
  Partitioned compression: HGSVC2_first250000: hdt-merge complete — hdt-merge-r01-00006
  Partitioned compression: HGSVC2_first250000: hdt-merge started — hdt-merge-r01-00007
  Partitioned compression: HGSVC2_first250000: hdt-merge complete — hdt-merge-r01-00007
  Partitioned compression: HGSVC2_first250000: hdt-merge started — hdt-merge-r01-00008
  Partitioned compression: HGSVC2_first250000: hdt-merge complete — hdt-merge-r01-00008
  Partitioned compression: HGSVC2_first250000: hdt-merge started — hdt-merge-r01-00009
  Partitioned compression: HGSVC2_first250000: hdt-merge complete — hdt-merge-r01-00009
  Partitioned compression: HGSVC2_first250000: hdt-merge started — hdt-merge-r01-00010
  Partitioned compression: HGSVC2_first250000: hdt-merge complete — hdt-merge-r01-00010
  Partitioned compression: HGSVC2_first250000: hdt-merge started — hdt-merge-r01-00011
  Partitioned compression: HGSVC2_first250000: hdt-merge complete — hdt-merge-r01-00011
  Partitioned compression: HGSVC2_first250000: hdt-merge started — hdt-merge-r01-00012
  Partitioned compression: HGSVC2_first250000: hdt-merge complete — hdt-merge-r01-00012
  Partitioned compression: HGSVC2_first250000: hdt-merge started — hdt-merge-r01-00013
  Partitioned compression: HGSVC2_first250000: hdt-merge complete — hdt-merge-r01-00013
  Partitioned compression: HGSVC2_first250000: hdt-merge started — hdt-merge-r01-00014
  Partitioned compression: HGSVC2_first250000: hdt-merge complete — hdt-merge-r01-00014
  Partitioned compression: HGSVC2_first250000: hdt-merge started — hdt-merge-r02-00000
  Partitioned compression: HGSVC2_first250000: hdt-merge complete — hdt-merge-r02-00000
  Partitioned compression: HGSVC2_first250000: hdt-merge started — hdt-merge-r02-00001
  Partitioned compression: HGSVC2_first250000: hdt-merge complete — hdt-merge-r02-00001
  Partitioned compression: HGSVC2_first250000: hdt-merge started — hdt-merge-r02-00002
  Partitioned compression: HGSVC2_first250000: hdt-merge complete — hdt-merge-r02-00002
  Partitioned compression: HGSVC2_first250000: hdt-merge started — hdt-merge-r02-00003
  Partitioned compression: HGSVC2_first250000: hdt-merge complete — hdt-merge-r02-00003
  Partitioned compression: HGSVC2_first250000: hdt-merge started — hdt-merge-r02-00004
  Partitioned compression: HGSVC2_first250000: hdt-merge complete — hdt-merge-r02-00004
  Partitioned compression: HGSVC2_first250000: hdt-merge started — hdt-merge-r02-00005
  Partitioned compression: HGSVC2_first250000: hdt-merge complete — hdt-merge-r02-00005
  Partitioned compression: HGSVC2_first250000: hdt-merge started — hdt-merge-r02-00006
  Partitioned compression: HGSVC2_first250000: hdt-merge complete — hdt-merge-r02-00006
  Partitioned compression: HGSVC2_first250000: hdt-merge started — hdt-merge-r03-00000
  Partitioned compression: HGSVC2_first250000: hdt-merge complete — hdt-merge-r03-00000
  Partitioned compression: HGSVC2_first250000: hdt-merge started — hdt-merge-r03-00001
  Partitioned compression: HGSVC2_first250000: hdt-merge complete — hdt-merge-r03-00001
  Partitioned compression: HGSVC2_first250000: hdt-merge started — hdt-merge-r03-00002
  Partitioned compression: HGSVC2_first250000: hdt-merge complete — hdt-merge-r03-00002
  Partitioned compression: HGSVC2_first250000: hdt-merge started — hdt-merge-r03-00003
  Partitioned compression: HGSVC2_first250000: hdt-merge complete — hdt-merge-r03-00003
  Partitioned compression: HGSVC2_first250000: hdt-merge started — hdt-merge-r04-00000
  Partitioned compression: HGSVC2_first250000: hdt-merge complete — hdt-merge-r04-00000
  Partitioned compression: HGSVC2_first250000: hdt-merge started — hdt-merge-r04-00001
  Partitioned compression: HGSVC2_first250000: hdt-merge complete — hdt-merge-r04-00001
  Partitioned compression: HGSVC2_first250000: hdt-merge started — hdt-merge-r05-00000
  Partitioned compression: HGSVC2_first250000: hdt-merge complete — hdt-merge-r05-00000
  Partitioned compression: HGSVC2_first250000: hdt started — hdt-index
  Partitioned compression: HGSVC2_first250000: hdt complete — hdt-index
  Partitioned compression: HGSVC2_first250000: hdt started — hdt-validate
  Partitioned compression: HGSVC2_first250000: hdt complete — hdt-validate
  Partitioned compression: HGSVC2_first250000: cottas-merge started — cottas-merge-stream
  Partitioned compression: HGSVC2_first250000: cottas-merge started — 0 triples · 30 sorted COTTAS chunks
  Partitioned compression: HGSVC2_first250000: cottas-merge merging — 250,000 triples · 250,000 distinct triples written
  Partitioned compression: HGSVC2_first250000: cottas-merge merging — 500,000 triples · 500,000 distinct triples written
  Partitioned compression: HGSVC2_first250000: cottas-merge merging — 750,000 triples · 750,000 distinct triples written
  Partitioned compression: HGSVC2_first250000: cottas-merge merging — 1,000,000 triples · 1,000,000 distinct triples written
  Partitioned compression: HGSVC2_first250000: cottas-merge merging — 1,250,000 triples · 1,250,000 distinct triples written
  Partitioned compression: HGSVC2_first250000: cottas-merge merging — 1,500,000 triples · 1,500,000 distinct triples written
  Partitioned compression: HGSVC2_first250000: cottas-merge merging — 1,750,000 triples · 1,750,000 distinct triples written
  Partitioned compression: HGSVC2_first250000: cottas-merge merging — 2,000,000 triples · 2,000,000 distinct triples written
  Partitioned compression: HGSVC2_first250000: cottas-merge merging — 2,250,000 triples · 2,250,000 distinct triples written
  Partitioned compression: HGSVC2_first250000: cottas-merge merging — 2,500,000 triples · 2,500,000 distinct triples written
  Partitioned compression: HGSVC2_first250000: cottas-merge merging — 2,750,000 triples · 2,750,000 distinct triples written
  Partitioned compression: HGSVC2_first250000: cottas-merge merging — 3,000,000 triples · 3,000,000 distinct triples written
  Partitioned compression: HGSVC2_first250000: cottas-merge merging — 3,250,000 triples · 3,250,000 distinct triples written
  Partitioned compression: HGSVC2_first250000: cottas-merge merging — 3,500,000 triples · 3,500,000 distinct triples written
  Partitioned compression: HGSVC2_first250000: cottas-merge merging — 3,750,000 triples · 3,750,000 distinct triples written
  Partitioned compression: HGSVC2_first250000: cottas-merge merging — 4,000,000 triples · 4,000,000 distinct triples written
  Partitioned compression: HGSVC2_first250000: cottas-merge merging — 4,250,000 triples · 4,250,000 distinct triples written
  Partitioned compression: HGSVC2_first250000: cottas-merge merging — 4,500,000 triples · 4,500,000 distinct triples written
  Partitioned compression: HGSVC2_first250000: cottas-merge merging — 4,750,000 triples · 4,750,000 distinct triples written
  Partitioned compression: HGSVC2_first250000: cottas-merge merging — 5,000,000 triples · 5,000,000 distinct triples written
  Partitioned compression: HGSVC2_first250000: cottas-merge merging — 5,250,000 triples · 5,250,000 distinct triples written
  Partitioned compression: HGSVC2_first250000: cottas-merge merging — 5,500,000 triples · 5,500,000 distinct triples written
  Partitioned compression: HGSVC2_first250000: cottas-merge merging — 5,750,000 triples · 5,750,000 distinct triples written
  Partitioned compression: HGSVC2_first250000: cottas-merge merging — 6,000,000 triples · 6,000,000 distinct triples written
  Partitioned compression: HGSVC2_first250000: cottas-merge merging — 6,250,000 triples · 6,250,000 distinct triples written
  Partitioned compression: HGSVC2_first250000: cottas-merge merging — 6,500,000 triples · 6,500,000 distinct triples written
  Partitioned compression: HGSVC2_first250000: cottas-merge merging — 6,750,000 triples · 6,750,000 distinct triples written
  Partitioned compression: HGSVC2_first250000: cottas-merge merging — 7,000,000 triples · 7,000,000 distinct triples written
  Partitioned compression: HGSVC2_first250000: cottas-merge merging — 7,250,000 triples · 7,250,000 distinct triples written
  Partitioned compression: HGSVC2_first250000: cottas-merge merging — 7,500,000 triples · 7,500,000 distinct triples written
  Partitioned compression: HGSVC2_first250000: cottas-merge merging — 7,750,000 triples · 7,750,000 distinct triples written
  Partitioned compression: HGSVC2_first250000: cottas-merge merging — 8,000,000 triples · 8,000,000 distinct triples written
  Partitioned compression: HGSVC2_first250000: cottas-merge merging — 8,250,000 triples · 8,250,000 distinct triples written
  Partitioned compression: HGSVC2_first250000: cottas-merge merging — 8,500,000 triples · 8,500,000 distinct triples written
  Partitioned compression: HGSVC2_first250000: cottas-merge merging — 8,750,000 triples · 8,750,000 distinct triples written
  Partitioned compression: HGSVC2_first250000: cottas-merge merging — 9,000,000 triples · 9,000,000 distinct triples written
  Partitioned compression: HGSVC2_first250000: cottas-merge merging — 9,250,000 triples · 9,250,000 distinct triples written
  Partitioned compression: HGSVC2_first250000: cottas-merge merging — 9,500,000 triples · 9,500,000 distinct triples written
  Partitioned compression: HGSVC2_first250000: cottas-merge merging — 9,750,000 triples · 9,750,000 distinct triples written
  Partitioned compression: HGSVC2_first250000: cottas-merge merging — 10,000,000 triples · 10,000,000 distinct triples written
  Partitioned compression: HGSVC2_first250000: cottas-merge merging — 10,250,000 triples · 10,250,000 distinct triples written
  Partitioned compression: HGSVC2_first250000: cottas-merge merging — 10,500,000 triples · 10,500,000 distinct triples written
  Partitioned compression: HGSVC2_first250000: cottas-merge merging — 10,750,000 triples · 10,750,000 distinct triples written
  Partitioned compression: HGSVC2_first250000: cottas-merge merging — 11,000,000 triples · 11,000,000 distinct triples written
  Partitioned compression: HGSVC2_first250000: cottas-merge merging — 11,250,000 triples · 11,250,000 distinct triples written
  Partitioned compression: HGSVC2_first250000: cottas-merge merging — 11,500,000 triples · 11,500,000 distinct triples written
  Partitioned compression: HGSVC2_first250000: cottas-merge merging — 11,750,000 triples · 11,750,000 distinct triples written
  Partitioned compression: HGSVC2_first250000: cottas-merge merging — 12,000,000 triples · 12,000,000 distinct triples written
  Partitioned compression: HGSVC2_first250000: cottas-merge merging — 12,250,000 triples · 12,250,000 distinct triples written
  Partitioned compression: HGSVC2_first250000: cottas-merge merging — 12,500,000 triples · 12,500,000 distinct triples written
  Partitioned compression: HGSVC2_first250000: cottas-merge merging — 12,750,000 triples · 12,750,000 distinct triples written
  Partitioned compression: HGSVC2_first250000: cottas-merge merging — 13,000,000 triples · 13,000,000 distinct triples written
  Partitioned compression: HGSVC2_first250000: cottas-merge merging — 13,250,000 triples · 13,250,000 distinct triples written
  Partitioned compression: HGSVC2_first250000: cottas-merge merging — 13,500,000 triples · 13,500,000 distinct triples written
  Partitioned compression: HGSVC2_first250000: cottas-merge merging — 13,750,000 triples · 13,750,000 distinct triples written
  Partitioned compression: HGSVC2_first250000: cottas-merge merging — 14,000,000 triples · 14,000,000 distinct triples written
  Partitioned compression: HGSVC2_first250000: cottas-merge merging — 14,250,000 triples · 14,250,000 distinct triples written
  Partitioned compression: HGSVC2_first250000: cottas-merge merging — 14,500,000 triples · 14,500,000 distinct triples written
  Partitioned compression: HGSVC2_first250000: cottas-merge merging — 14,750,000 triples · 14,750,000 distinct triples written
  Partitioned compression: HGSVC2_first250000: cottas-merge merging — 15,000,000 triples · 15,000,000 distinct triples written
  Partitioned compression: HGSVC2_first250000: cottas-merge merging — 15,250,000 triples · 15,250,000 distinct triples written
  Partitioned compression: HGSVC2_first250000: cottas-merge merging — 15,500,000 triples · 15,500,000 distinct triples written
  Partitioned compression: HGSVC2_first250000: cottas-merge merging — 15,750,000 triples · 15,750,000 distinct triples written
  Partitioned compression: HGSVC2_first250000: cottas-merge merging — 16,000,000 triples · 16,000,000 distinct triples written
  Partitioned compression: HGSVC2_first250000: cottas-merge merging — 16,250,000 triples · 16,250,000 distinct triples written
  Partitioned compression: HGSVC2_first250000: cottas-merge merging — 16,500,000 triples · 16,500,000 distinct triples written
  Partitioned compression: HGSVC2_first250000: cottas-merge merging — 16,750,000 triples · 16,750,000 distinct triples written
  Partitioned compression: HGSVC2_first250000: cottas-merge merging — 17,000,000 triples · 17,000,000 distinct triples written
  Partitioned compression: HGSVC2_first250000: cottas-merge merging — 17,250,000 triples · 17,250,000 distinct triples written
  Partitioned compression: HGSVC2_first250000: cottas-merge merging — 17,500,000 triples · 17,500,000 distinct triples written
  Partitioned compression: HGSVC2_first250000: cottas-merge merging — 17,750,000 triples · 17,750,000 distinct triples written
  Partitioned compression: HGSVC2_first250000: cottas-merge merging — 18,000,000 triples · 18,000,000 distinct triples written
  Partitioned compression: HGSVC2_first250000: cottas-merge merging — 18,250,000 triples · 18,250,000 distinct triples written
  Partitioned compression: HGSVC2_first250000: cottas-merge merging — 18,500,000 triples · 18,500,000 distinct triples written
  Partitioned compression: HGSVC2_first250000: cottas-merge merging — 18,750,000 triples · 18,750,000 distinct triples written
  Partitioned compression: HGSVC2_first250000: cottas-merge merging — 19,000,000 triples · 19,000,000 distinct triples written
  Partitioned compression: HGSVC2_first250000: cottas-merge merging — 19,250,000 triples · 19,250,000 distinct triples written
  Partitioned compression: HGSVC2_first250000: cottas-merge merging — 19,500,000 triples · 19,500,000 distinct triples written
  Partitioned compression: HGSVC2_first250000: cottas-merge merging — 19,750,000 triples · 19,750,000 distinct triples written
  Partitioned compression: HGSVC2_first250000: cottas-merge merging — 20,000,000 triples · 20,000,000 distinct triples written
  Partitioned compression: HGSVC2_first250000: cottas-merge merging — 20,250,000 triples · 20,250,000 distinct triples written
  Partitioned compression: HGSVC2_first250000: cottas-merge merging — 20,500,000 triples · 20,500,000 distinct triples written
  Partitioned compression: HGSVC2_first250000: cottas-merge merging — 20,750,000 triples · 20,750,000 distinct triples written
  Partitioned compression: HGSVC2_first250000: cottas-merge merging — 21,000,000 triples · 21,000,000 distinct triples written
  Partitioned compression: HGSVC2_first250000: cottas-merge merging — 21,250,000 triples · 21,250,000 distinct triples written
  Partitioned compression: HGSVC2_first250000: cottas-merge merging — 21,500,000 triples · 21,500,000 distinct triples written
  Partitioned compression: HGSVC2_first250000: cottas-merge merging — 21,750,000 triples · 21,750,000 distinct triples written
  Partitioned compression: HGSVC2_first250000: cottas-merge merging — 22,000,000 triples · 22,000,000 distinct triples written
  Partitioned compression: HGSVC2_first250000: cottas-merge merging — 22,250,000 triples · 22,250,000 distinct triples written
  Partitioned compression: HGSVC2_first250000: cottas-merge merging — 22,500,000 triples · 22,500,000 distinct triples written
  Partitioned compression: HGSVC2_first250000: cottas-merge merging — 22,750,000 triples · 22,750,000 distinct triples written
  Partitioned compression: HGSVC2_first250000: cottas-merge merging — 23,000,000 triples · 23,000,000 distinct triples written
  Partitioned compression: HGSVC2_first250000: cottas-merge merging — 23,250,000 triples · 23,250,000 distinct triples written
  Partitioned compression: HGSVC2_first250000: cottas-merge merging — 23,500,000 triples · 23,500,000 distinct triples written
  Partitioned compression: HGSVC2_first250000: cottas-merge merging — 23,750,000 triples · 23,750,000 distinct triples written
  Partitioned compression: HGSVC2_first250000: cottas-merge merging — 24,000,000 triples · 24,000,000 distinct triples written
  Partitioned compression: HGSVC2_first250000: cottas-merge merging — 24,250,000 triples · 24,250,000 distinct triples written
  Partitioned compression: HGSVC2_first250000: cottas-merge merging — 24,500,000 triples · 24,500,000 distinct triples written
  Partitioned compression: HGSVC2_first250000: cottas-merge merging — 24,750,000 triples · 24,750,000 distinct triples written
  Partitioned compression: HGSVC2_first250000: cottas-merge merging — 25,000,000 triples · 25,000,000 distinct triples written
  Partitioned compression: HGSVC2_first250000: cottas-merge merging — 25,250,000 triples · 25,250,000 distinct triples written
  Partitioned compression: HGSVC2_first250000: cottas-merge merging — 25,500,000 triples · 25,500,000 distinct triples written
  Partitioned compression: HGSVC2_first250000: cottas-merge merging — 25,750,000 triples · 25,750,000 distinct triples written
  Partitioned compression: HGSVC2_first250000: cottas-merge merging — 26,000,000 triples · 26,000,000 distinct triples written
  Partitioned compression: HGSVC2_first250000: cottas-merge merging — 26,250,000 triples · 26,250,000 distinct triples written
  Partitioned compression: HGSVC2_first250000: cottas-merge merging — 26,500,000 triples · 26,500,000 distinct triples written
  Partitioned compression: HGSVC2_first250000: cottas-merge merging — 26,750,000 triples · 26,750,000 distinct triples written
  Partitioned compression: HGSVC2_first250000: cottas-merge merging — 27,000,000 triples · 27,000,000 distinct triples written
  Partitioned compression: HGSVC2_first250000: cottas-merge merging — 27,250,000 triples · 27,250,000 distinct triples written
  Partitioned compression: HGSVC2_first250000: cottas-merge merging — 27,500,000 triples · 27,500,000 distinct triples written
  Partitioned compression: HGSVC2_first250000: cottas-merge merging — 27,750,000 triples · 27,750,000 distinct triples written
  Partitioned compression: HGSVC2_first250000: cottas-merge merging — 28,000,000 triples · 28,000,000 distinct triples written
  Partitioned compression: HGSVC2_first250000: cottas-merge merging — 28,250,000 triples · 28,250,000 distinct triples written
  Partitioned compression: HGSVC2_first250000: cottas-merge merging — 28,500,000 triples · 28,500,000 distinct triples written
  Partitioned compression: HGSVC2_first250000: cottas-merge merging — 28,750,000 triples · 28,750,000 distinct triples written
  Partitioned compression: HGSVC2_first250000: cottas-merge merging — 29,000,000 triples · 29,000,000 distinct triples written
  Partitioned compression: HGSVC2_first250000: cottas-merge merging — 29,250,000 triples · 29,250,000 distinct triples written
  Partitioned compression: HGSVC2_first250000: cottas-merge merging — 29,500,000 triples · 29,500,000 distinct triples written
  Partitioned compression: HGSVC2_first250000: cottas-merge merging — 29,750,000 triples · 29,750,000 distinct triples written
  Partitioned compression: HGSVC2_first250000: cottas-merge merging — 30,000,000 triples · 30,000,000 distinct triples written
  Partitioned compression: HGSVC2_first250000: cottas-merge merging — 30,250,000 triples · 30,250,000 distinct triples written
  Partitioned compression: HGSVC2_first250000: cottas-merge merging — 30,500,000 triples · 30,500,000 distinct triples written
  Partitioned compression: HGSVC2_first250000: cottas-merge merging — 30,750,000 triples · 30,750,000 distinct triples written
  Partitioned compression: HGSVC2_first250000: cottas-merge merging — 31,000,000 triples · 31,000,000 distinct triples written
  Partitioned compression: HGSVC2_first250000: cottas-merge merging — 31,250,000 triples · 31,250,000 distinct triples written
  Partitioned compression: HGSVC2_first250000: cottas-merge merging — 31,500,000 triples · 31,500,000 distinct triples written
  Partitioned compression: HGSVC2_first250000: cottas-merge merging — 31,750,000 triples · 31,750,000 distinct triples written
  Partitioned compression: HGSVC2_first250000: cottas-merge merging — 32,000,000 triples · 32,000,000 distinct triples written
  Partitioned compression: HGSVC2_first250000: cottas-merge merging — 32,250,000 triples · 32,250,000 distinct triples written
  Partitioned compression: HGSVC2_first250000: cottas-merge merging — 32,500,000 triples · 32,500,000 distinct triples written
  Partitioned compression: HGSVC2_first250000: cottas-merge merging — 32,750,000 triples · 32,750,000 distinct triples written
  Partitioned compression: HGSVC2_first250000: cottas-merge merging — 33,000,000 triples · 33,000,000 distinct triples written
  Partitioned compression: HGSVC2_first250000: cottas-merge merging — 33,250,000 triples · 33,250,000 distinct triples written
  Partitioned compression: HGSVC2_first250000: cottas-merge merging — 33,500,000 triples · 33,500,000 distinct triples written
  Partitioned compression: HGSVC2_first250000: cottas-merge merging — 33,750,000 triples · 33,750,000 distinct triples written
  Partitioned compression: HGSVC2_first250000: cottas-merge merging — 34,000,000 triples · 34,000,000 distinct triples written
  Partitioned compression: HGSVC2_first250000: cottas-merge merging — 34,250,000 triples · 34,250,000 distinct triples written
  Partitioned compression: HGSVC2_first250000: cottas-merge merging — 34,500,000 triples · 34,500,000 distinct triples written
  Partitioned compression: HGSVC2_first250000: cottas-merge merging — 34,750,000 triples · 34,750,000 distinct triples written
  Partitioned compression: HGSVC2_first250000: cottas-merge merging — 35,000,000 triples · 35,000,000 distinct triples written
  Partitioned compression: HGSVC2_first250000: cottas-merge merging — 35,250,000 triples · 35,250,000 distinct triples written
  Partitioned compression: HGSVC2_first250000: cottas-merge merging — 35,500,000 triples · 35,500,000 distinct triples written
  Partitioned compression: HGSVC2_first250000: cottas-merge merging — 35,750,000 triples · 35,750,000 distinct triples written
  Partitioned compression: HGSVC2_first250000: cottas-merge merging — 36,000,000 triples · 36,000,000 distinct triples written
  Partitioned compression: HGSVC2_first250000: cottas-merge merging — 36,250,000 triples · 36,250,000 distinct triples written
  Partitioned compression: HGSVC2_first250000: cottas-merge merging — 36,500,000 triples · 36,500,000 distinct triples written
  Partitioned compression: HGSVC2_first250000: cottas-merge merging — 36,750,000 triples · 36,750,000 distinct triples written
  Partitioned compression: HGSVC2_first250000: cottas-merge merging — 37,000,000 triples · 37,000,000 distinct triples written
  Partitioned compression: HGSVC2_first250000: cottas-merge merging — 37,250,000 triples · 37,250,000 distinct triples written
  Partitioned compression: HGSVC2_first250000: cottas-merge merging — 37,500,000 triples · 37,500,000 distinct triples written
  Partitioned compression: HGSVC2_first250000: cottas-merge merging — 37,750,000 triples · 37,750,000 distinct triples written
  Partitioned compression: HGSVC2_first250000: cottas-merge merging — 38,000,000 triples · 38,000,000 distinct triples written
  Partitioned compression: HGSVC2_first250000: cottas-merge merging — 38,250,000 triples · 38,250,000 distinct triples written
  Partitioned compression: HGSVC2_first250000: cottas-merge merging — 38,500,000 triples · 38,500,000 distinct triples written
  Partitioned compression: HGSVC2_first250000: cottas-merge merging — 38,750,000 triples · 38,750,000 distinct triples written
  Partitioned compression: HGSVC2_first250000: cottas-merge merging — 39,000,000 triples · 39,000,000 distinct triples written
  Partitioned compression: HGSVC2_first250000: cottas-merge merging — 39,250,000 triples · 39,250,000 distinct triples written
  Partitioned compression: HGSVC2_first250000: cottas-merge merging — 39,500,000 triples · 39,500,000 distinct triples written
  Partitioned compression: HGSVC2_first250000: cottas-merge merging — 39,750,000 triples · 39,750,000 distinct triples written
  Partitioned compression: HGSVC2_first250000: cottas-merge merging — 40,000,000 triples · 40,000,000 distinct triples written
  Partitioned compression: HGSVC2_first250000: cottas-merge merging — 40,250,000 triples · 40,250,000 distinct triples written
  Partitioned compression: HGSVC2_first250000: cottas-merge merging — 40,500,000 triples · 40,500,000 distinct triples written
  Partitioned compression: HGSVC2_first250000: cottas-merge merging — 40,750,000 triples · 40,750,000 distinct triples written
  Partitioned compression: HGSVC2_first250000: cottas-merge merging — 41,000,000 triples · 41,000,000 distinct triples written
  Partitioned compression: HGSVC2_first250000: cottas-merge merging — 41,250,000 triples · 41,250,000 distinct triples written
  Partitioned compression: HGSVC2_first250000: cottas-merge merging — 41,500,000 triples · 41,500,000 distinct triples written
  Partitioned compression: HGSVC2_first250000: cottas-merge merging — 41,750,000 triples · 41,750,000 distinct triples written
  Partitioned compression: HGSVC2_first250000: cottas-merge merging — 42,000,000 triples · 42,000,000 distinct triples written
  Partitioned compression: HGSVC2_first250000: cottas-merge merging — 42,250,000 triples · 42,250,000 distinct triples written
  Partitioned compression: HGSVC2_first250000: cottas-merge merging — 42,500,000 triples · 42,500,000 distinct triples written
  Partitioned compression: HGSVC2_first250000: cottas-merge merging — 42,750,000 triples · 42,750,000 distinct triples written
  Partitioned compression: HGSVC2_first250000: cottas-merge merging — 43,000,000 triples · 43,000,000 distinct triples written
  Partitioned compression: HGSVC2_first250000: cottas-merge merging — 43,250,000 triples · 43,250,000 distinct triples written
  Partitioned compression: HGSVC2_first250000: cottas-merge merging — 43,500,000 triples · 43,500,000 distinct triples written
  Partitioned compression: HGSVC2_first250000: cottas-merge merging — 43,750,000 triples · 43,750,000 distinct triples written
  Partitioned compression: HGSVC2_first250000: cottas-merge merging — 44,000,000 triples · 44,000,000 distinct triples written
  Partitioned compression: HGSVC2_first250000: cottas-merge merging — 44,250,000 triples · 44,250,000 distinct triples written
  Partitioned compression: HGSVC2_first250000: cottas-merge merging — 44,500,000 triples · 44,500,000 distinct triples written
  Partitioned compression: HGSVC2_first250000: cottas-merge merging — 44,750,000 triples · 44,750,000 distinct triples written
  Partitioned compression: HGSVC2_first250000: cottas-merge merging — 45,000,000 triples · 45,000,000 distinct triples written
  Partitioned compression: HGSVC2_first250000: cottas-merge merging — 45,250,000 triples · 45,250,000 distinct triples written
  Partitioned compression: HGSVC2_first250000: cottas-merge merging — 45,500,000 triples · 45,500,000 distinct triples written
  Partitioned compression: HGSVC2_first250000: cottas-merge merging — 45,750,000 triples · 45,750,000 distinct triples written
  Partitioned compression: HGSVC2_first250000: cottas-merge merging — 46,000,000 triples · 46,000,000 distinct triples written
  Partitioned compression: HGSVC2_first250000: cottas-merge merging — 46,250,000 triples · 46,250,000 distinct triples written
  Partitioned compression: HGSVC2_first250000: cottas-merge merging — 46,500,000 triples · 46,500,000 distinct triples written
  Partitioned compression: HGSVC2_first250000: cottas-merge merging — 46,750,000 triples · 46,750,000 distinct triples written
  Partitioned compression: HGSVC2_first250000: cottas-merge merging — 47,000,000 triples · 47,000,000 distinct triples written
  Partitioned compression: HGSVC2_first250000: cottas-merge merging — 47,250,000 triples · 47,250,000 distinct triples written
  Partitioned compression: HGSVC2_first250000: cottas-merge merging — 47,500,000 triples · 47,500,000 distinct triples written
  Partitioned compression: HGSVC2_first250000: cottas-merge merging — 47,750,000 triples · 47,750,000 distinct triples written
  Partitioned compression: HGSVC2_first250000: cottas-merge merging — 48,000,000 triples · 48,000,000 distinct triples written
  Partitioned compression: HGSVC2_first250000: cottas-merge merging — 48,250,000 triples · 48,250,000 distinct triples written
  Partitioned compression: HGSVC2_first250000: cottas-merge merging — 48,500,000 triples · 48,500,000 distinct triples written
  Partitioned compression: HGSVC2_first250000: cottas-merge merging — 48,750,000 triples · 48,750,000 distinct triples written
  Partitioned compression: HGSVC2_first250000: cottas-merge merging — 49,000,000 triples · 49,000,000 distinct triples written
  Partitioned compression: HGSVC2_first250000: cottas-merge merging — 49,250,000 triples · 49,250,000 distinct triples written
  Partitioned compression: HGSVC2_first250000: cottas-merge merging — 49,500,000 triples · 49,500,000 distinct triples written
  Partitioned compression: HGSVC2_first250000: cottas-merge merging — 49,750,000 triples · 49,750,000 distinct triples written
  Partitioned compression: HGSVC2_first250000: cottas-merge merging — 50,000,000 triples · 50,000,000 distinct triples written
  Partitioned compression: HGSVC2_first250000: cottas-merge merging — 50,250,000 triples · 50,250,000 distinct triples written
  Partitioned compression: HGSVC2_first250000: cottas-merge merging — 50,500,000 triples · 50,500,000 distinct triples written
  Partitioned compression: HGSVC2_first250000: cottas-merge merging — 50,750,000 triples · 50,750,000 distinct triples written
  Partitioned compression: HGSVC2_first250000: cottas-merge merging — 51,000,000 triples · 51,000,000 distinct triples written
  Partitioned compression: HGSVC2_first250000: cottas-merge merging — 51,250,000 triples · 51,250,000 distinct triples written
  Partitioned compression: HGSVC2_first250000: cottas-merge merging — 51,500,000 triples · 51,500,000 distinct triples written
  Partitioned compression: HGSVC2_first250000: cottas-merge merging — 51,750,000 triples · 51,750,000 distinct triples written
  Partitioned compression: HGSVC2_first250000: cottas-merge merging — 52,000,000 triples · 52,000,000 distinct triples written
  Partitioned compression: HGSVC2_first250000: cottas-merge merging — 52,250,000 triples · 52,250,000 distinct triples written
  Partitioned compression: HGSVC2_first250000: cottas-merge merging — 52,500,000 triples · 52,500,000 distinct triples written
  Partitioned compression: HGSVC2_first250000: cottas-merge merging — 52,750,000 triples · 52,750,000 distinct triples written
  Partitioned compression: HGSVC2_first250000: cottas-merge merging — 53,000,000 triples · 53,000,000 distinct triples written
  Partitioned compression: HGSVC2_first250000: cottas-merge merging — 53,250,000 triples · 53,250,000 distinct triples written
  Partitioned compression: HGSVC2_first250000: cottas-merge merging — 53,500,000 triples · 53,500,000 distinct triples written
  Partitioned compression: HGSVC2_first250000: cottas-merge merging — 53,750,000 triples · 53,750,000 distinct triples written
  Partitioned compression: HGSVC2_first250000: cottas-merge merging — 54,000,000 triples · 54,000,000 distinct triples written
  Partitioned compression: HGSVC2_first250000: cottas-merge merging — 54,250,000 triples · 54,250,000 distinct triples written
  Partitioned compression: HGSVC2_first250000: cottas-merge merging — 54,500,000 triples · 54,500,000 distinct triples written
  Partitioned compression: HGSVC2_first250000: cottas-merge merging — 54,750,000 triples · 54,750,000 distinct triples written
  Partitioned compression: HGSVC2_first250000: cottas-merge merging — 55,000,000 triples · 55,000,000 distinct triples written
  Partitioned compression: HGSVC2_first250000: cottas-merge merging — 55,250,000 triples · 55,250,000 distinct triples written
  Partitioned compression: HGSVC2_first250000: cottas-merge merging — 55,500,000 triples · 55,500,000 distinct triples written
  Partitioned compression: HGSVC2_first250000: cottas-merge merging — 55,750,000 triples · 55,750,000 distinct triples written
  Partitioned compression: HGSVC2_first250000: cottas-merge merging — 56,000,000 triples · 56,000,000 distinct triples written
  Partitioned compression: HGSVC2_first250000: cottas-merge merging — 56,250,000 triples · 56,250,000 distinct triples written
  Partitioned compression: HGSVC2_first250000: cottas-merge merging — 56,500,000 triples · 56,500,000 distinct triples written
  Partitioned compression: HGSVC2_first250000: cottas-merge merging — 56,750,000 triples · 56,750,000 distinct triples written
  Partitioned compression: HGSVC2_first250000: cottas-merge merging — 57,000,000 triples · 57,000,000 distinct triples written
  Partitioned compression: HGSVC2_first250000: cottas-merge merging — 57,250,000 triples · 57,250,000 distinct triples written
  Partitioned compression: HGSVC2_first250000: cottas-merge merging — 57,500,000 triples · 57,500,000 distinct triples written
  Partitioned compression: HGSVC2_first250000: cottas-merge merging — 57,750,000 triples · 57,750,000 distinct triples written
  Partitioned compression: HGSVC2_first250000: cottas-merge merging — 58,000,000 triples · 58,000,000 distinct triples written
  Partitioned compression: HGSVC2_first250000: cottas-merge merging — 58,250,000 triples · 58,250,000 distinct triples written
  Partitioned compression: HGSVC2_first250000: cottas-merge merging — 58,500,000 triples · 58,500,000 distinct triples written
  Partitioned compression: HGSVC2_first250000: cottas-merge merging — 58,750,000 triples · 58,750,000 distinct triples written
  Partitioned compression: HGSVC2_first250000: cottas-merge merging — 59,000,000 triples · 59,000,000 distinct triples written
  Partitioned compression: HGSVC2_first250000: cottas-merge merging — 59,250,000 triples · 59,250,000 distinct triples written
  Partitioned compression: HGSVC2_first250000: cottas-merge merging — 59,500,000 triples · 59,500,000 distinct triples written
  Partitioned compression: HGSVC2_first250000: cottas-merge merging — 59,750,000 triples · 59,750,000 distinct triples written
  Partitioned compression: HGSVC2_first250000: cottas-merge merging — 60,000,000 triples · 60,000,000 distinct triples written
  Partitioned compression: HGSVC2_first250000: cottas-merge merging — 60,250,000 triples · 60,250,000 distinct triples written
  Partitioned compression: HGSVC2_first250000: cottas-merge merging — 60,500,000 triples · 60,500,000 distinct triples written
  Partitioned compression: HGSVC2_first250000: cottas-merge merging — 60,750,000 triples · 60,750,000 distinct triples written
  Partitioned compression: HGSVC2_first250000: cottas-merge merging — 61,000,000 triples · 61,000,000 distinct triples written
  Partitioned compression: HGSVC2_first250000: cottas-merge merging — 61,250,000 triples · 61,250,000 distinct triples written
  Partitioned compression: HGSVC2_first250000: cottas-merge merging — 61,500,000 triples · 61,500,000 distinct triples written
  Partitioned compression: HGSVC2_first250000: cottas-merge merging — 61,750,000 triples · 61,750,000 distinct triples written
  Partitioned compression: HGSVC2_first250000: cottas-merge merging — 62,000,000 triples · 62,000,000 distinct triples written
  Partitioned compression: HGSVC2_first250000: cottas-merge merging — 62,250,000 triples · 62,250,000 distinct triples written
  Partitioned compression: HGSVC2_first250000: cottas-merge merging — 62,500,000 triples · 62,500,000 distinct triples written
  Partitioned compression: HGSVC2_first250000: cottas-merge merging — 62,750,000 triples · 62,750,000 distinct triples written
  Partitioned compression: HGSVC2_first250000: cottas-merge merging — 63,000,000 triples · 63,000,000 distinct triples written
  Partitioned compression: HGSVC2_first250000: cottas-merge merging — 63,250,000 triples · 63,250,000 distinct triples written
  Partitioned compression: HGSVC2_first250000: cottas-merge merging — 63,500,000 triples · 63,500,000 distinct triples written
  Partitioned compression: HGSVC2_first250000: cottas-merge merging — 63,750,000 triples · 63,750,000 distinct triples written
  Partitioned compression: HGSVC2_first250000: cottas-merge merging — 64,000,000 triples · 64,000,000 distinct triples written
  Partitioned compression: HGSVC2_first250000: cottas-merge merging — 64,250,000 triples · 64,250,000 distinct triples written
  Partitioned compression: HGSVC2_first250000: cottas-merge merging — 64,500,000 triples · 64,500,000 distinct triples written
  Partitioned compression: HGSVC2_first250000: cottas-merge merging — 64,750,000 triples · 64,750,000 distinct triples written
  Partitioned compression: HGSVC2_first250000: cottas-merge merging — 65,000,000 triples · 65,000,000 distinct triples written
  Partitioned compression: HGSVC2_first250000: cottas-merge merging — 65,250,000 triples · 65,250,000 distinct triples written
  Partitioned compression: HGSVC2_first250000: cottas-merge merging — 65,500,000 triples · 65,500,000 distinct triples written
  Partitioned compression: HGSVC2_first250000: cottas-merge merging — 65,750,000 triples · 65,750,000 distinct triples written
  Partitioned compression: HGSVC2_first250000: cottas-merge merging — 66,000,000 triples · 66,000,000 distinct triples written
  Partitioned compression: HGSVC2_first250000: cottas-merge merging — 66,250,000 triples · 66,250,000 distinct triples written
  Partitioned compression: HGSVC2_first250000: cottas-merge merging — 66,500,000 triples · 66,500,000 distinct triples written
  Partitioned compression: HGSVC2_first250000: cottas-merge merging — 66,750,000 triples · 66,750,000 distinct triples written
  Partitioned compression: HGSVC2_first250000: cottas-merge merging — 67,000,000 triples · 67,000,000 distinct triples written
  Partitioned compression: HGSVC2_first250000: cottas-merge merging — 67,250,000 triples · 67,250,000 distinct triples written
  Partitioned compression: HGSVC2_first250000: cottas-merge merging — 67,500,000 triples · 67,500,000 distinct triples written
  Partitioned compression: HGSVC2_first250000: cottas-merge merging — 67,750,000 triples · 67,750,000 distinct triples written
  Partitioned compression: HGSVC2_first250000: cottas-merge merging — 68,000,000 triples · 68,000,000 distinct triples written
  Partitioned compression: HGSVC2_first250000: cottas-merge merging — 68,250,000 triples · 68,250,000 distinct triples written
  Partitioned compression: HGSVC2_first250000: cottas-merge merging — 68,500,000 triples · 68,500,000 distinct triples written
  Partitioned compression: HGSVC2_first250000: cottas-merge merging — 68,750,000 triples · 68,750,000 distinct triples written
  Partitioned compression: HGSVC2_first250000: cottas-merge merging — 69,000,000 triples · 69,000,000 distinct triples written
  Partitioned compression: HGSVC2_first250000: cottas-merge merging — 69,250,000 triples · 69,250,000 distinct triples written
  Partitioned compression: HGSVC2_first250000: cottas-merge merging — 69,500,000 triples · 69,500,000 distinct triples written
  Partitioned compression: HGSVC2_first250000: cottas-merge merging — 69,750,000 triples · 69,750,000 distinct triples written
  Partitioned compression: HGSVC2_first250000: cottas-merge merging — 70,000,000 triples · 70,000,000 distinct triples written
  Partitioned compression: HGSVC2_first250000: cottas-merge merging — 70,250,000 triples · 70,250,000 distinct triples written
  Partitioned compression: HGSVC2_first250000: cottas-merge merging — 70,500,000 triples · 70,500,000 distinct triples written
  Partitioned compression: HGSVC2_first250000: cottas-merge merging — 70,750,000 triples · 70,750,000 distinct triples written
  Partitioned compression: HGSVC2_first250000: cottas-merge merging — 71,000,000 triples · 71,000,000 distinct triples written
  Partitioned compression: HGSVC2_first250000: cottas-merge merging — 71,250,000 triples · 71,250,000 distinct triples written
  Partitioned compression: HGSVC2_first250000: cottas-merge merging — 71,500,000 triples · 71,500,000 distinct triples written
  Partitioned compression: HGSVC2_first250000: cottas-merge merging — 71,750,000 triples · 71,750,000 distinct triples written
  Partitioned compression: HGSVC2_first250000: cottas-merge merging — 72,000,000 triples · 72,000,000 distinct triples written
  Partitioned compression: HGSVC2_first250000: cottas-merge merging — 72,250,000 triples · 72,250,000 distinct triples written
  Partitioned compression: HGSVC2_first250000: cottas-merge merging — 72,500,000 triples · 72,500,000 distinct triples written
  Partitioned compression: HGSVC2_first250000: cottas-merge merging — 72,750,000 triples · 72,750,000 distinct triples written
  Partitioned compression: HGSVC2_first250000: cottas-merge merging — 73,000,000 triples · 73,000,000 distinct triples written
  Partitioned compression: HGSVC2_first250000: cottas-merge merging — 73,250,000 triples · 73,250,000 distinct triples written
  Partitioned compression: HGSVC2_first250000: cottas-merge merging — 73,500,000 triples · 73,500,000 distinct triples written
  Partitioned compression: HGSVC2_first250000: cottas-merge merging — 73,750,000 triples · 73,750,000 distinct triples written
  Partitioned compression: HGSVC2_first250000: cottas-merge merging — 74,000,000 triples · 74,000,000 distinct triples written
  Partitioned compression: HGSVC2_first250000: cottas-merge merging — 74,250,000 triples · 74,250,000 distinct triples written
  Partitioned compression: HGSVC2_first250000: cottas-merge merging — 74,500,000 triples · 74,500,000 distinct triples written
  Partitioned compression: HGSVC2_first250000: cottas-merge merging — 74,750,000 triples · 74,750,000 distinct triples written
  Partitioned compression: HGSVC2_first250000: cottas-merge merging — 75,000,000 triples · 75,000,000 distinct triples written
  Partitioned compression: HGSVC2_first250000: cottas-merge merging — 75,250,000 triples · 75,250,000 distinct triples written
  Partitioned compression: HGSVC2_first250000: cottas-merge merging — 75,500,000 triples · 75,500,000 distinct triples written
  Partitioned compression: HGSVC2_first250000: cottas-merge merging — 75,750,000 triples · 75,750,000 distinct triples written
  Partitioned compression: HGSVC2_first250000: cottas-merge merging — 76,000,000 triples · 76,000,000 distinct triples written
  Partitioned compression: HGSVC2_first250000: cottas-merge merging — 76,250,000 triples · 76,250,000 distinct triples written
  Partitioned compression: HGSVC2_first250000: cottas-merge merging — 76,500,000 triples · 76,500,000 distinct triples written
  Partitioned compression: HGSVC2_first250000: cottas-merge merging — 76,750,000 triples · 76,750,000 distinct triples written
  Partitioned compression: HGSVC2_first250000: cottas-merge merging — 77,000,000 triples · 77,000,000 distinct triples written
  Partitioned compression: HGSVC2_first250000: cottas-merge merging — 77,250,000 triples · 77,250,000 distinct triples written
  Partitioned compression: HGSVC2_first250000: cottas-merge merging — 77,500,000 triples · 77,500,000 distinct triples written
  Partitioned compression: HGSVC2_first250000: cottas-merge merging — 77,750,000 triples · 77,750,000 distinct triples written
  Partitioned compression: HGSVC2_first250000: cottas-merge merging — 78,000,000 triples · 78,000,000 distinct triples written
  Partitioned compression: HGSVC2_first250000: cottas-merge merging — 78,250,000 triples · 78,250,000 distinct triples written
  Partitioned compression: HGSVC2_first250000: cottas-merge merging — 78,500,000 triples · 78,500,000 distinct triples written
  Partitioned compression: HGSVC2_first250000: cottas-merge merging — 78,750,000 triples · 78,750,000 distinct triples written
  Partitioned compression: HGSVC2_first250000: cottas-merge merging — 79,000,000 triples · 79,000,000 distinct triples written
  Partitioned compression: HGSVC2_first250000: cottas-merge merging — 79,250,000 triples · 79,250,000 distinct triples written
  Partitioned compression: HGSVC2_first250000: cottas-merge merging — 79,500,000 triples · 79,500,000 distinct triples written
  Partitioned compression: HGSVC2_first250000: cottas-merge merging — 79,750,000 triples · 79,750,000 distinct triples written
  Partitioned compression: HGSVC2_first250000: cottas-merge merging — 80,000,000 triples · 80,000,000 distinct triples written
  Partitioned compression: HGSVC2_first250000: cottas-merge merging — 80,250,000 triples · 80,250,000 distinct triples written
  Partitioned compression: HGSVC2_first250000: cottas-merge merging — 80,500,000 triples · 80,500,000 distinct triples written
  Partitioned compression: HGSVC2_first250000: cottas-merge merging — 80,750,000 triples · 80,750,000 distinct triples written
  Partitioned compression: HGSVC2_first250000: cottas-merge merging — 81,000,000 triples · 81,000,000 distinct triples written
  Partitioned compression: HGSVC2_first250000: cottas-merge merging — 81,250,000 triples · 81,250,000 distinct triples written
  Partitioned compression: HGSVC2_first250000: cottas-merge merging — 81,500,000 triples · 81,500,000 distinct triples written
  Partitioned compression: HGSVC2_first250000: cottas-merge merging — 81,750,000 triples · 81,750,000 distinct triples written
  Partitioned compression: HGSVC2_first250000: cottas-merge merging — 82,000,000 triples · 82,000,000 distinct triples written
  Partitioned compression: HGSVC2_first250000: cottas-merge merging — 82,250,000 triples · 82,250,000 distinct triples written
  Partitioned compression: HGSVC2_first250000: cottas-merge merging — 82,500,000 triples · 82,500,000 distinct triples written
  Partitioned compression: HGSVC2_first250000: cottas-merge merging — 82,750,000 triples · 82,750,000 distinct triples written
  Partitioned compression: HGSVC2_first250000: cottas-merge merging — 83,000,000 triples · 83,000,000 distinct triples written
  Partitioned compression: HGSVC2_first250000: cottas-merge merging — 83,250,000 triples · 83,250,000 distinct triples written
  Partitioned compression: HGSVC2_first250000: cottas-merge merging — 83,500,000 triples · 83,500,000 distinct triples written
  Partitioned compression: HGSVC2_first250000: cottas-merge merging — 83,750,000 triples · 83,750,000 distinct triples written
  Partitioned compression: HGSVC2_first250000: cottas-merge merging — 84,000,000 triples · 84,000,000 distinct triples written
  Partitioned compression: HGSVC2_first250000: cottas-merge merging — 84,250,000 triples · 84,250,000 distinct triples written
  Partitioned compression: HGSVC2_first250000: cottas-merge merging — 84,500,000 triples · 84,500,000 distinct triples written
  Partitioned compression: HGSVC2_first250000: cottas-merge merging — 84,750,000 triples · 84,750,000 distinct triples written
  Partitioned compression: HGSVC2_first250000: cottas-merge merging — 85,000,000 triples · 85,000,000 distinct triples written
  Partitioned compression: HGSVC2_first250000: cottas-merge merging — 85,250,000 triples · 85,250,000 distinct triples written
  Partitioned compression: HGSVC2_first250000: cottas-merge merging — 85,500,000 triples · 85,500,000 distinct triples written
  Partitioned compression: HGSVC2_first250000: cottas-merge merging — 85,750,000 triples · 85,750,000 distinct triples written
  Partitioned compression: HGSVC2_first250000: cottas-merge merging — 86,000,000 triples · 86,000,000 distinct triples written
  Partitioned compression: HGSVC2_first250000: cottas-merge merging — 86,250,000 triples · 86,250,000 distinct triples written
  Partitioned compression: HGSVC2_first250000: cottas-merge merging — 86,500,000 triples · 86,500,000 distinct triples written
  Partitioned compression: HGSVC2_first250000: cottas-merge merging — 86,750,000 triples · 86,750,000 distinct triples written
  Partitioned compression: HGSVC2_first250000: cottas-merge merging — 87,000,000 triples · 87,000,000 distinct triples written
  Partitioned compression: HGSVC2_first250000: cottas-merge merging — 87,250,000 triples · 87,250,000 distinct triples written
  Partitioned compression: HGSVC2_first250000: cottas-merge merging — 87,500,000 triples · 87,500,000 distinct triples written
  Partitioned compression: HGSVC2_first250000: cottas-merge merging — 87,750,000 triples · 87,750,000 distinct triples written
  Partitioned compression: HGSVC2_first250000: cottas-merge merging — 88,000,000 triples · 88,000,000 distinct triples written
  Partitioned compression: HGSVC2_first250000: cottas-merge merging — 88,250,000 triples · 88,250,000 distinct triples written
  Partitioned compression: HGSVC2_first250000: cottas-merge merging — 88,500,000 triples · 88,500,000 distinct triples written
  Partitioned compression: HGSVC2_first250000: cottas-merge merging — 88,750,000 triples · 88,750,000 distinct triples written
  Partitioned compression: HGSVC2_first250000: cottas-merge merging — 89,000,000 triples · 89,000,000 distinct triples written
  Partitioned compression: HGSVC2_first250000: cottas-merge merging — 89,250,000 triples · 89,250,000 distinct triples written
  Partitioned compression: HGSVC2_first250000: cottas-merge merging — 89,500,000 triples · 89,500,000 distinct triples written
  Partitioned compression: HGSVC2_first250000: cottas-merge merging — 89,750,000 triples · 89,750,000 distinct triples written
  Partitioned compression: HGSVC2_first250000: cottas-merge merging — 90,000,000 triples · 90,000,000 distinct triples written
  Partitioned compression: HGSVC2_first250000: cottas-merge merging — 90,250,000 triples · 90,250,000 distinct triples written
  Partitioned compression: HGSVC2_first250000: cottas-merge merging — 90,500,000 triples · 90,500,000 distinct triples written
  Partitioned compression: HGSVC2_first250000: cottas-merge merging — 90,750,000 triples · 90,750,000 distinct triples written
  Partitioned compression: HGSVC2_first250000: cottas-merge merging — 91,000,000 triples · 91,000,000 distinct triples written
  Partitioned compression: HGSVC2_first250000: cottas-merge merging — 91,250,000 triples · 91,250,000 distinct triples written
  Partitioned compression: HGSVC2_first250000: cottas-merge merging — 91,500,000 triples · 91,500,000 distinct triples written
  Partitioned compression: HGSVC2_first250000: cottas-merge merging — 91,750,000 triples · 91,750,000 distinct triples written
  Partitioned compression: HGSVC2_first250000: cottas-merge merging — 92,000,000 triples · 92,000,000 distinct triples written
  Partitioned compression: HGSVC2_first250000: cottas-merge merging — 92,250,000 triples · 92,250,000 distinct triples written
  Partitioned compression: HGSVC2_first250000: cottas-merge merging — 92,500,000 triples · 92,500,000 distinct triples written
  Partitioned compression: HGSVC2_first250000: cottas-merge merging — 92,750,000 triples · 92,750,000 distinct triples written
  Partitioned compression: HGSVC2_first250000: cottas-merge merging — 93,000,000 triples · 93,000,000 distinct triples written
  Partitioned compression: HGSVC2_first250000: cottas-merge merging — 93,250,000 triples · 93,250,000 distinct triples written
  Partitioned compression: HGSVC2_first250000: cottas-merge merging — 93,500,000 triples · 93,500,000 distinct triples written
  Partitioned compression: HGSVC2_first250000: cottas-merge merging — 93,750,000 triples · 93,750,000 distinct triples written
  Partitioned compression: HGSVC2_first250000: cottas-merge merging — 94,000,000 triples · 94,000,000 distinct triples written
  Partitioned compression: HGSVC2_first250000: cottas-merge merging — 94,250,000 triples · 94,250,000 distinct triples written
  Partitioned compression: HGSVC2_first250000: cottas-merge merging — 94,500,000 triples · 94,500,000 distinct triples written
  Partitioned compression: HGSVC2_first250000: cottas-merge merging — 94,750,000 triples · 94,750,000 distinct triples written
  Partitioned compression: HGSVC2_first250000: cottas-merge merging — 95,000,000 triples · 95,000,000 distinct triples written
  Partitioned compression: HGSVC2_first250000: cottas-merge merging — 95,250,000 triples · 95,250,000 distinct triples written
  Partitioned compression: HGSVC2_first250000: cottas-merge merging — 95,500,000 triples · 95,500,000 distinct triples written
  Partitioned compression: HGSVC2_first250000: cottas-merge merging — 95,750,000 triples · 95,750,000 distinct triples written
  Partitioned compression: HGSVC2_first250000: cottas-merge merging — 96,000,000 triples · 96,000,000 distinct triples written
  Partitioned compression: HGSVC2_first250000: cottas-merge merging — 96,250,000 triples · 96,250,000 distinct triples written
  Partitioned compression: HGSVC2_first250000: cottas-merge merging — 96,500,000 triples · 96,500,000 distinct triples written
  Partitioned compression: HGSVC2_first250000: cottas-merge merging — 96,750,000 triples · 96,750,000 distinct triples written
  Partitioned compression: HGSVC2_first250000: cottas-merge complete — 96,754,372 triples · 96,754,372 distinct triples written
  Partitioned compression: HGSVC2_first250000: cottas-merge complete — cottas-merge-stream
  Partitioned compression: HGSVC2_first250000: cottas started — cottas-validate
  Partitioned compression: HGSVC2_first250000: cottas complete — cottas-validate
Partitioned compression: HGSVC2_first250000: finished
