TSV conversion: HG005_GRCh38_r100000: started
TSV conversion: HG005_GRCh38_r100000: finished
RMLStreamer: HG005_GRCh38_r100000: started
  RMLStreamer: HG005_GRCh38_r100000: rmlstreamer started — 0 B · 0 parts
  RMLStreamer: HG005_GRCh38_r100000: rmlstreamer heartbeat — 0 B · 0 parts
  RMLStreamer: HG005_GRCh38_r100000: rmlstreamer heartbeat — 739.14 KB · 8 parts
  RMLStreamer: HG005_GRCh38_r100000: rmlstreamer heartbeat — 13.98 MB · 8 parts
  RMLStreamer: HG005_GRCh38_r100000: rmlstreamer heartbeat — 42.89 MB · 8 parts
  RMLStreamer: HG005_GRCh38_r100000: rmlstreamer heartbeat — 88.09 MB · 8 parts
  RMLStreamer: HG005_GRCh38_r100000: rmlstreamer heartbeat — 112.31 MB · 8 parts
  RMLStreamer: HG005_GRCh38_r100000: rmlstreamer complete — 112.31 MB · 8 parts
  RMLStreamer: HG005_GRCh38_r100000: rdf-aggregate started — 0 parts
  RMLStreamer: HG005_GRCh38_r100000: rdf-aggregate part — 1 parts
  RMLStreamer: HG005_GRCh38_r100000: rdf-aggregate part — 2 parts
  RMLStreamer: HG005_GRCh38_r100000: rdf-aggregate part — 3 parts
  RMLStreamer: HG005_GRCh38_r100000: rdf-aggregate part — 4 parts
  RMLStreamer: HG005_GRCh38_r100000: rdf-aggregate part — 5 parts
  RMLStreamer: HG005_GRCh38_r100000: rdf-aggregate part — 6 parts
  RMLStreamer: HG005_GRCh38_r100000: rdf-aggregate part — 7 parts
  RMLStreamer: HG005_GRCh38_r100000: rdf-aggregate part — 8 parts
  RMLStreamer: HG005_GRCh38_r100000: rdf-aggregate complete — 8 parts
RMLStreamer: HG005_GRCh38_r100000: finished
Partitioned compression: HG005_GRCh38_r100000: started
  Partitioned compression: HG005_GRCh38_r100000: rdf-scan started — 0 triples
  Partitioned compression: HG005_GRCh38_r100000: rdf-scan heartbeat — 513,970 triples · 67,108,893 bytes read
  Partitioned compression: HG005_GRCh38_r100000: rdf-scan heartbeat — 1,005,068 triples · 134,217,768 bytes read
  Partitioned compression: HG005_GRCh38_r100000: rdf-scan heartbeat — 1,426,081 triples · 201,326,645 bytes read
  Partitioned compression: HG005_GRCh38_r100000: rdf-scan heartbeat — 1,845,208 triples · 268,435,514 bytes read
  Partitioned compression: HG005_GRCh38_r100000: rdf-scan heartbeat — 2,262,810 triples · 335,544,507 bytes read
  Partitioned compression: HG005_GRCh38_r100000: rdf-scan heartbeat — 2,680,452 triples · 402,653,445 bytes read
  Partitioned compression: HG005_GRCh38_r100000: rdf-scan heartbeat — 3,098,050 triples · 469,762,350 bytes read
  Partitioned compression: HG005_GRCh38_r100000: rdf-scan chunk — 3,515,648 triples · 1 chunks · 536,871,063 bytes read
  Partitioned compression: HG005_GRCh38_r100000: hdt-chunks started — 0 chunks · hdt-build-00000
  Partitioned compression: HG005_GRCh38_r100000: hdt-chunks complete — 1 chunks · hdt-build-00000
  Partitioned compression: HG005_GRCh38_r100000: rdf-scan heartbeat — 3,515,649 triples · 536,871,229 bytes read
  Partitioned compression: HG005_GRCh38_r100000: rdf-scan heartbeat — 3,933,249 triples · 603,980,112 bytes read
  Partitioned compression: HG005_GRCh38_r100000: rdf-scan heartbeat — 4,350,812 triples · 671,089,021 bytes read
  Partitioned compression: HG005_GRCh38_r100000: rdf-scan heartbeat — 4,768,366 triples · 738,197,942 bytes read
  Partitioned compression: HG005_GRCh38_r100000: rdf-scan heartbeat — 5,185,931 triples · 805,306,861 bytes read
  Partitioned compression: HG005_GRCh38_r100000: rdf-scan heartbeat — 5,603,483 triples · 872,415,851 bytes read
  Partitioned compression: HG005_GRCh38_r100000: rdf-scan heartbeat — 6,021,068 triples · 939,524,771 bytes read
  Partitioned compression: HG005_GRCh38_r100000: rdf-scan heartbeat — 6,438,635 triples · 1,006,633,758 bytes read
  Partitioned compression: HG005_GRCh38_r100000: rdf-scan chunk — 6,856,238 triples · 2 chunks · 1,073,742,048 bytes read
  Partitioned compression: HG005_GRCh38_r100000: hdt-chunks started — 1 chunks · hdt-build-00001
  Partitioned compression: HG005_GRCh38_r100000: hdt-chunks complete — 2 chunks · hdt-build-00001
  Partitioned compression: HG005_GRCh38_r100000: rdf-scan heartbeat — 6,856,242 triples · 1,073,742,685 bytes read
  Partitioned compression: HG005_GRCh38_r100000: rdf-scan heartbeat — 7,273,820 triples · 1,140,851,583 bytes read
  Partitioned compression: HG005_GRCh38_r100000: rdf-scan heartbeat — 7,691,410 triples · 1,207,960,488 bytes read
  Partitioned compression: HG005_GRCh38_r100000: rdf-scan heartbeat — 8,109,971 triples · 1,275,069,458 bytes read
  Partitioned compression: HG005_GRCh38_r100000: rdf-scan heartbeat — 8,528,324 triples · 1,342,178,412 bytes read
  Partitioned compression: HG005_GRCh38_r100000: rdf-scan heartbeat — 8,944,048 triples · 1,409,287,287 bytes read
  Partitioned compression: HG005_GRCh38_r100000: rdf-scan heartbeat — 9,359,773 triples · 1,476,396,201 bytes read
  Partitioned compression: HG005_GRCh38_r100000: rdf-scan heartbeat — 9,775,435 triples · 1,543,505,095 bytes read
  Partitioned compression: HG005_GRCh38_r100000: rdf-scan chunk — 10,191,055 triples · 3 chunks · 1,610,613,082 bytes read
  Partitioned compression: HG005_GRCh38_r100000: hdt-chunks started — 2 chunks · hdt-build-00002
  Partitioned compression: HG005_GRCh38_r100000: hdt-chunks complete — 3 chunks · hdt-build-00002
  Partitioned compression: HG005_GRCh38_r100000: rdf-scan heartbeat — 10,191,061 triples · 1,610,614,021 bytes read
  Partitioned compression: HG005_GRCh38_r100000: rdf-scan heartbeat — 10,606,728 triples · 1,677,722,912 bytes read
  Partitioned compression: HG005_GRCh38_r100000: rdf-scan heartbeat — 11,022,419 triples · 1,744,831,889 bytes read
  Partitioned compression: HG005_GRCh38_r100000: rdf-scan heartbeat — 11,437,869 triples · 1,811,940,896 bytes read
  Partitioned compression: HG005_GRCh38_r100000: rdf-scan heartbeat — 11,853,462 triples · 1,879,049,791 bytes read
  Partitioned compression: HG005_GRCh38_r100000: rdf-scan heartbeat — 12,269,155 triples · 1,946,158,720 bytes read
  Partitioned compression: HG005_GRCh38_r100000: rdf-scan chunk — 12,517,685 triples · 4 chunks · 1,986,273,183 bytes read
  Partitioned compression: HG005_GRCh38_r100000: hdt-chunks started — 3 chunks · hdt-build-00003
  Partitioned compression: HG005_GRCh38_r100000: hdt-chunks complete — 4 chunks · hdt-build-00003
  Partitioned compression: HG005_GRCh38_r100000: rdf-scan complete — 12,517,685 triples · 4 chunks
  Partitioned compression: HG005_GRCh38_r100000: hdt-chunks complete — 4 chunks
  Partitioned compression: HG005_GRCh38_r100000: hdt-merge started — hdt-merge-r01-00000
  Partitioned compression: HG005_GRCh38_r100000: hdt-merge complete — hdt-merge-r01-00000
  Partitioned compression: HG005_GRCh38_r100000: hdt-merge started — hdt-merge-r01-00001
  Partitioned compression: HG005_GRCh38_r100000: hdt-merge complete — hdt-merge-r01-00001
  Partitioned compression: HG005_GRCh38_r100000: hdt-merge started — hdt-merge-r02-00000
  Partitioned compression: HG005_GRCh38_r100000: hdt-merge complete — hdt-merge-r02-00000
  Partitioned compression: HG005_GRCh38_r100000: hdt started — hdt-index
  Partitioned compression: HG005_GRCh38_r100000: hdt complete — hdt-index
  Partitioned compression: HG005_GRCh38_r100000: hdt started — hdt-validate
  Partitioned compression: HG005_GRCh38_r100000: hdt complete — hdt-validate
Partitioned compression: HG005_GRCh38_r100000: finished
