Step 1/5: Validating inputs ✅
  Metrics: /home/ubuntu/vcf-rdfizer-testing/benchmarks_outputs/07_representation_axes/info__HG005_GRCh38_r100000__raw__r3/out/run_metrics/HG005_GRCh38_r100000__20260915T001610
  Detailed logs: /home/ubuntu/vcf-rdfizer-testing/benchmarks_outputs/07_representation_axes/info__HG005_GRCh38_r100000__raw__r3/out/run_metrics/HG005_GRCh38_r100000__20260915T001610/logs/wrapper.log
  Progress log: /home/ubuntu/vcf-rdfizer-testing/benchmarks_outputs/07_representation_axes/info__HG005_GRCh38_r100000__raw__r3/out/run_metrics/HG005_GRCh38_r100000__20260915T001610/logs/progress.log
Step 2/5: Ensuring Docker image is available ✅
Step 3/5: Processing per-input pipeline (TSV -> RDF -> compression)
  Spark partition hint: 8
  Sample representation: expanded
  INFO representation: raw
  Header representation: structured
  - Input 1/1: HG005_GRCh38_r100000.vcf.gz
    * TSV conversion ✅
    * VCF version: VCFv4.2 (detected)
    * RDF conversion ✅
    * Streaming expanded multi-sample RDF (no expanded helper TSVs)
    * Sample RDF streaming: 10,000 variants, 10,000 calls
    * Sample RDF streaming: 20,000 variants, 20,000 calls
    * Sample RDF streaming: 30,000 variants, 30,000 calls
    * Sample RDF streaming: 40,000 variants, 40,000 calls
    * Sample RDF streaming: 50,000 variants, 50,000 calls
    * Sample RDF streaming: 60,000 variants, 60,000 calls
    * Sample RDF streaming: 70,000 variants, 70,000 calls
    * Sample RDF streaming: 80,000 variants, 80,000 calls
    * Sample RDF streaming: 90,000 variants, 90,000 calls
    * Sample RDF streaming: 100,000 variants, 100,000 calls
    * Sample calls streamed: 100,000; FORMAT values: 700,000
    * Streaming structured header RDF
    * Header lines typed: 233; contigs: 195
    * Streaming QUAL and raw INFO RDF
    * INFO RDF streaming: 10,000 variants, 0 values
    * INFO RDF streaming: 20,000 variants, 0 values
    * INFO RDF streaming: 30,000 variants, 0 values
    * INFO RDF streaming: 40,000 variants, 0 values
    * INFO RDF streaming: 50,000 variants, 0 values
    * INFO RDF streaming: 60,000 variants, 0 values
    * INFO RDF streaming: 70,000 variants, 0 values
    * INFO RDF streaming: 80,000 variants, 0 values
    * INFO RDF streaming: 90,000 variants, 0 values
    * INFO RDF streaming: 100,000 variants, 0 values
    * QUAL values streamed: 100,000; INFO values: 0; declarations: 0
    * Triples produced: 11,413,670
    * Compression ✅
    * Output directory: /home/ubuntu/vcf-rdfizer-testing/benchmarks_outputs/07_representation_axes/info__HG005_GRCh38_r100000__raw__r3/out/HG005_GRCh38_r100000
      - RDF aggregate: HG005_GRCh38_r100000.nt.gz
      - RDF (.gz): 47.98 MB (removed after successful compression)
      - HDT (.hdt): 73.69 MB (/home/ubuntu/vcf-rdfizer-testing/benchmarks_outputs/07_representation_axes/info__HG005_GRCh38_r100000__raw__r3/out/HG005_GRCh38_r100000/HG005_GRCh38_r100000.hdt)
Total triples produced (full run): 11,413,670
Conversion process finished.
Run time (full mode): 4m 52.8s
Timing log: /home/ubuntu/vcf-rdfizer-testing/benchmarks_outputs/07_representation_axes/info__HG005_GRCh38_r100000__raw__r3/out/run_metrics/HG005_GRCh38_r100000__20260915T001610/wrapper_execution_times.csv
Metrics summary: /home/ubuntu/vcf-rdfizer-testing/benchmarks_outputs/07_representation_axes/info__HG005_GRCh38_r100000__raw__r3/out/run_metrics/HG005_GRCh38_r100000__20260915T001610/summary.json
