Step 1/5: Validating inputs ✅
  Metrics: /home/ubuntu/vrdev-test/acmg-run/results/17_use_case_acmg__cohort/convert__HG02774/out/run_metrics/HG02774.acmg__20260928T151913
  Detailed logs: /home/ubuntu/vrdev-test/acmg-run/results/17_use_case_acmg__cohort/convert__HG02774/out/run_metrics/HG02774.acmg__20260928T151913/logs/wrapper.log
  Progress log: /home/ubuntu/vrdev-test/acmg-run/results/17_use_case_acmg__cohort/convert__HG02774/out/run_metrics/HG02774.acmg__20260928T151913/logs/progress.log
Step 2/5: Ensuring Docker image is available ✅
Step 3/5: Processing per-input pipeline (TSV -> RDF -> compression)
  Sample representation: expanded
  INFO representation: structured
  Header representation: structured
  - Input 1/1: HG02774.acmg.vcf
    * TSV conversion ✅
    * VCF version: VCFv4.2 (detected)
    * RDF conversion ✅
    * Streaming expanded multi-sample RDF (no expanded helper TSVs)
    * Sample RDF streaming: 10,000 variants, 10,000 calls
    * Sample calls streamed: 11,032; FORMAT values: 11,032
    * Streaming structured header RDF
    * Header lines typed: 133; contigs: 24
    * Streaming QUAL and structured INFO RDF
    * INFO RDF streaming: 10,000 variants, 730,062 values
    * QUAL values streamed: 11,032; INFO values: 805,827; declarations: 91
    * Triples produced: 8,855,881
    * Compression ✅
    * Output directory: /home/ubuntu/vrdev-test/acmg-run/results/17_use_case_acmg__cohort/convert__HG02774/out/HG02774.acmg
      - RDF aggregate: HG02774.acmg.nt
      - N-Triples (.nt): 1.19 GB (removed after successful compression)
      - gzip (.nt.gz): 55.83 MB
Total triples produced (full run): 8,855,881
Conversion process finished.
Run time (full mode): 34.11s
Timing log: /home/ubuntu/vrdev-test/acmg-run/results/17_use_case_acmg__cohort/convert__HG02774/out/run_metrics/HG02774.acmg__20260928T151913/wrapper_execution_times.csv
Metrics summary: /home/ubuntu/vrdev-test/acmg-run/results/17_use_case_acmg__cohort/convert__HG02774/out/run_metrics/HG02774.acmg__20260928T151913/summary.json
