
[2026-09-26T11:16:35] $ docker version
Client: Docker Engine - Community
 Version:           29.8.1
 API version:       1.56
 Go version:        go1.26.8
 Git commit:        4a63305
 Built:             Tue Sep 15 16:25:26 2026
 OS/Arch:           linux/amd64
 Context:           default

Server: Docker Engine - Community
 Engine:
  Version:          29.8.1
  API version:      1.56 (minimum version 1.40)
  Go version:       go1.26.8
  Git commit:       464cd50
  Built:            Tue Sep 15 16:25:26 2026
  OS/Arch:          linux/amd64
  Experimental:     false
 containerd:
  Version:          v2.3.5
  GitCommit:        1294c24a7da8e5a793ed378161673abe94118892
 runc:
  Version:          1.5.1
  GitCommit:        v1.5.1-0-g8f2685a4
 docker-init:
  Version:          0.19.0
  GitCommit:        de40ad0
[exit 0]

[2026-09-26T11:16:35] $ docker image inspect vcf-rdfizer:fix-5ed75c8
[
    {
        "Id": "sha256:29b60a536d742153bbe4faf2410f7e3094d49dde5cbdce083424a652d85a9066",
        "RepoTags": [
            "vcf-rdfizer:fix-5ed75c8"
        ],
        "RepoDigests": [
            "vcf-rdfizer@sha256:29b60a536d742153bbe4faf2410f7e3094d49dde5cbdce083424a652d85a9066"
        ],
        "Comment": "buildkit.dockerfile.v0",
        "Created": "2026-09-26T11:16:00.392290016+02:00",
        "Config": {
            "Env": [
                "PATH=/opt/java/openjdk/bin:/usr/local/sbin:/usr/local/bin:/usr/sbin:/usr/bin:/sbin:/bin",
                "JAVA_HOME=/opt/java/openjdk",
                "LANG=en_US.UTF-8",
                "LANGUAGE=en_US:en",
                "LC_ALL=en_US.UTF-8",
                "JAVA_VERSION=jdk-11.0.32.1+1",
                "RMLSTREAMER_JAR=/opt/rmlstreamer/RMLStreamer-v2.5.0-standalone.jar",
                "JAR=/opt/rmlstreamer/RMLStreamer-v2.5.0-standalone.jar",
                "HDTC_BIN=/usr/local/bin/hdtc",
                "HDT_INDEX_MEMORY_LIMIT=512M",
                "HDT_MERGE_MEMORY_LIMIT=512M",
                "COTTAS_MERGE_BATCH_ROWS=2048",
                "RDF2HDT_BIN=/usr/local/bin/rdf2hdt",
                "HDT2RDF_BIN=/usr/local/bin/hdt2rdf",
                "COTTAS_PYTHON_BIN=/opt/pycottas-venv/bin/python",
                "QLEVER_INDEX_BUILDER_BIN=/opt/qlever/bin/qlever-index",
                "QLEVER_SERVER_BIN=/opt/qlever/bin/qlever-server",
                "LD_LIBRARY_PATH=/usr/local/lib"
            ],
            "Entrypoint": [
                "/__cacert_entrypoint.sh"
            ],
            "WorkingDir": "/work",
            "Labels": {
                "org.opencontainers.image.created": "2026-09-12T10:25:59.825539+00:00",
                "org.opencontainers.image.description": "The Ubuntu container image maintained by Canonical\n\nUbuntu is a Debian-based Linux operating system that runs from the desktop to the cloud, to all your internet connected things.\nIt is the world's most popular operating system across public clouds and OpenStack clouds.\nIt is the number one platform for containers; from Docker to Kubernetes to LXD, Ubuntu can run your containers at scale.\nFast, secure and simple, Ubuntu powers millions of PCs worldwide.\n",
                "org.opencontainers.image.title": "ubuntu",
                "org.opencontainers.image.version": "26.04"
            }
        },
        "Architecture": "amd64",
        "Os": "linux",
        "Size": 3173627335,
        "RootFS": {
            "Type": "layers",
            "Layers": [
                "sha256:485d137fd3bfb545f1b417ea708e2281594be7a334e8a85ab75c5332db6089e9",
                "sha256:598e8330e2e633ea6b06bbf1e8b80c275553b7c1de53899af154d1f480a7eefa",
                "sha256:1b34beef6636e3a9d860f8c4e7364314acc72a59bad6536bd26b7165ec3b9fa7",
                "sha256:acbed185b3938b4a071bba30921020a2a23eeae00a177b46fb12dac9fd67d0ea",
                "sha256:2227cc4195d039d6f0478161d82f9e4a0fab148e08178c40d919a55c78585772",
                "sha256:96ba783dc07c583d7c63febff0402ffcbe75a9b85a48a9b4114eca5da3b67396",
                "sha256:aec1caddeb86b3753a47be256a32aa3a5577082c70497527c3294abc12f9a873",
                "sha256:be7a140b7b6a0d583815845ac5a88e3011cf563c95987f9c50f5165cae42aab3",
                "sha256:5cd0754a21ac40739f6f84ab003b23c9fe7d484740aada9b1185de154173cc5a",
                "sha256:5f70bf18a086007016e948b04aed3b82103a36bea41755b6cddfaf10ace3c6ef",
                "sha256:d03a9870ab7758cfb9096c4171c1cb167c790f10f19cf2664a11b380e7a0c89d",
                "sha256:74ed9efedf6ea6604f8b0cf7b1bb9f4c1cff397ed35479bd28f429367a2fb260",
                "sha256:3595492ae882a719f8f12c6211da84b196be9084f988c6577a22ed6b270b89e8",
                "sha256:ef48e36c607c302a36b71b2464368a68aa8ab126ea7600cdd01049dbc7969d89",
                "sha256:5c585592a880b153461ecbd5d11c63ff0fee99311759f6ab152e452b1c825ae7",
                "sha256:1c2bc0b009b431cf34e447c3e8317b9fe28645bba67169f1d4bcdeb205b805c2",
                "sha256:fff7311742e6ae101daacf0df3ff1151a95cc3ea804be8ec0e59ad412600d018",
                "sha256:02be636ac5f8367c8795a21307648ddf50e4136e86bc8a571b469c966ca72394",
                "sha256:3780e103b7ad81d9979211ba633ca2488c936b0077cb60a85b552c58d6ce7d78",
                "sha256:598cc0d6648180e43f7541e5c10f791b3f24b980dbae3bcb4a902b1e05dac14b",
                "sha256:b865b86b42528b842941ccf4f622a10079cd095779472a2348b6ff6101dd049c",
                "sha256:3e8c9f3a42ad0f45ce1cb26a2eec6b05828096cd5c90dd9a5ee8e737d5da641c",
                "sha256:8d905fda938e8e8342f95cb0c1c1cc49a3d18fe2ab10d783b92bb3b1a26abd0a",
                "sha256:0d16116b8ca87bb84206b3d0e3becaad0a710eb88f3595253742ddd2e2b8b00b",
                "sha256:724663e2cadc3a3000ebed3934dcb4c8c226317bbbcaf3e592a0eaac1537738d",
                "sha256:1537dd8f93bb870c9a1954a887ed50070f0a9c09af6e11ced322b25938a658b6",
                "sha256:ed25344615916705fc6de7558e44c38df1f1d76e7710f53d46ea346643f3a644",
                "sha256:60d75fa0dccff4bdd6c27fabf83001d6fa06d40a800510eb5557bcae68597c8c",
                "sha256:5af224fd2ad1d9da5c5a1e19cd52575156d67c6e65e2281f556263b1e68ae3b5",
                "sha256:80af7de89fd6ca89cca40fe3e4061bb810ce11bb2ee7bb65fa3ec310fa20a040",
                "sha256:5f70bf18a086007016e948b04aed3b82103a36bea41755b6cddfaf10ace3c6ef"
            ]
        },
        "Metadata": {
            "LastTagTime": "2026-09-26T09:16:19.146015408Z"
        },
        "Descriptor": {
            "mediaType": "application/vnd.oci.image.index.v1+json",
            "digest": "sha256:29b60a536d742153bbe4faf2410f7e3094d49dde5cbdce083424a652d85a9066",
            "size": 856
        },
        "Identity": {
            "Build": [
                {
                    "Ref": "9ov0x8qu0802uabzbpec6e75f",
                    "CreatedAt": "2026-09-26T11:16:32.074405972+02:00"
                }
            ]
        }
    }
]
[exit 0]

[2026-09-26T11:16:35] $ docker run --rm --label vcf-rdfizer.run=20260926T111635-1307811 --user 1000:1000 --init -v /home/ubuntu/vcf-rdfizer-testing/vcf_data/derived:/data/vcf:ro -v /home/ubuntu/vcf-rdfizer-testing/scale_store/r1000000/HG005_GRCh38_r1000000:/data/rdf:ro -v /home/ubuntu/vcf-rdfizer-testing/benchmarks_outputs/16_scale_retrieval/r1000000__cottas__cottas__core__r1/out/run_metrics/batch-HG005_GRCh38_r1000000-2-inputs__20260926T111635/reports/validation/r1000000_cottas_1:/data/validation -v /home/ubuntu/vcf-rdfizer-testing/benchmarks_outputs/16_scale_retrieval/r1000000__cottas__cottas__core__r1/out/run_metrics/batch-HG005_GRCh38_r1000000-2-inputs__20260926T111635:/data/metrics vcf-rdfizer:fix-5ed75c8 /usr/bin/time -v -o /data/metrics/timings/validation/r1000000_cottas_1.txt -- /opt/pycottas-venv/bin/python /opt/vcf-rdfizer/validation/validation_runner.py --vcf /data/vcf/HG005_GRCh38_r1000000.vcf.gz --rdf /data/rdf/HG005_GRCh38_r1000000.cottas --rdf-format cottas --engine cottas --queries core --node-heap-mb 24576 --representation expanded --info-representation structured --header-representation structured --results-dir /data/validation --dataset-id r1000000_cottas_1 --filter-oracle auto --scratch-dir /work --progress-path /data/metrics/.progress/validation-r1000000_cottas_1.jsonl
[r1000000_cottas_1] preparing cottas engine
[r1000000_cottas_1] running expanded/q01_record_density_1mb (cottas)
[r1000000_cottas_1] running expanded/q02_variant_shape_counts (cottas)
[r1000000_cottas_1] running expanded/q03_titv (cottas)
[r1000000_cottas_1] running expanded/q04_filter_distribution (cottas)
[r1000000_cottas_1] running expanded/q05_sample_genotype_counts (cottas)
[r1000000_cottas_1] running expanded/q06_ac_an_distribution (cottas)
[r1000000_cottas_1] running expanded/q07_file_metadata (cottas)
[r1000000_cottas_1] running expanded/q08_header_line_census (cottas)
[r1000000_cottas_1] running expanded/q09_predicate_census (cottas)
[r1000000_cottas_1] running expanded/q10_class_census (cottas)
[r1000000_cottas_1] running expanded/q11_record_digest (cottas)
[r1000000_cottas_1] running expanded/q12_info_value_digest (cottas)
[r1000000_cottas_1] running expanded/q13_format_value_digest (cottas)
{
  "datasetId": "r1000000_cottas_1",
  "representation": "expanded",
  "status": "EXECUTION_FAILED",
  "engine": "cottas",
  "engines": [
    "cottas"
  ],
  "normalizationFailures": {},
  "queryExecutions": {
    "q01_record_density_1mb": {
      "status": "PASS",
      "engine": "cottas",
      "exitCode": 0,
      "wallSeconds": 53.23486103498726,
      "query": "/opt/vcf-rdfizer/validation/queries/common/q01_record_density_1mb.rq",
      "rawResult": "/data/validation/raw/cottas/q01_record_density_1mb.sparql.json",
      "stderr": "/data/validation/raw/cottas/q01_record_density_1mb.stderr.txt",
      "resourceMetrics": null
    },
    "q02_variant_shape_counts": {
      "status": "PASS",
      "engine": "cottas",
      "exitCode": 0,
      "wallSeconds": 136.66990125399025,
      "query": "/opt/vcf-rdfizer/validation/queries/common/q02_variant_shape_counts.rq",
      "rawResult": "/data/validation/raw/cottas/q02_variant_shape_counts.sparql.json",
      "stderr": "/data/validation/raw/cottas/q02_variant_shape_counts.stderr.txt",
      "resourceMetrics": null
    },
    "q03_titv": {
      "status": "PASS",
      "engine": "cottas",
      "exitCode": 0,
      "wallSeconds": 136.01380604300357,
      "query": "/opt/vcf-rdfizer/validation/queries/common/q03_titv.rq",
      "rawResult": "/data/validation/raw/cottas/q03_titv.sparql.json",
      "stderr": "/data/validation/raw/cottas/q03_titv.stderr.txt",
      "resourceMetrics": null
    },
    "q04_filter_distribution": {
      "status": "PASS",
      "engine": "cottas",
      "exitCode": 0,
      "wallSeconds": 48.825509828006034,
      "query": "/opt/vcf-rdfizer/validation/queries/common/q04_filter_distribution.rq",
      "rawResult": "/data/validation/raw/cottas/q04_filter_distribution.sparql.json",
      "stderr": "/data/validation/raw/cottas/q04_filter_distribution.stderr.txt",
      "resourceMetrics": null
    },
    "q05_sample_genotype_counts": {
      "status": "PASS",
      "engine": "cottas",
      "exitCode": 0,
      "wallSeconds": 368.34212316300545,
      "query": "/opt/vcf-rdfizer/validation/queries/expanded/q05_sample_genotype_counts.rq",
      "rawResult": "/data/validation/raw/cottas/q05_sample_genotype_counts.sparql.json",
      "stderr": "/data/validation/raw/cottas/q05_sample_genotype_counts.stderr.txt",
      "resourceMetrics": null
    },
    "q06_ac_an_distribution": {
      "status": "EXECUTION_FAILED",
      "engine": "cottas",
      "exitCode": 1,
      "wallSeconds": 432.057959800004,
      "query": "/opt/vcf-rdfizer/validation/queries/expanded/q06_ac_an_distribution.rq",
      "rawResult": "/data/validation/raw/cottas/q06_ac_an_distribution.sparql.json",
      "stderr": "/data/validation/raw/cottas/q06_ac_an_distribution.stderr.txt",
      "resourceMetrics": null,
      "error": "IncompleteRead(70 bytes read)"
    },
    "q07_file_metadata": {
      "status": "EXECUTION_FAILED",
      "engine": "cottas",
      "exitCode": 1,
      "wallSeconds": 0.0008853109902702272,
      "query": "/opt/vcf-rdfizer/validation/queries/common/q07_file_metadata.rq",
      "rawResult": "/data/validation/raw/cottas/q07_file_metadata.sparql.json",
      "stderr": "/data/validation/raw/cottas/q07_file_metadata.stderr.txt",
      "resourceMetrics": null,
      "error": "[Errno 104] Connection reset by peer"
    },
    "q08_header_line_census": {
      "status": "EXECUTION_FAILED",
      "engine": "cottas",
      "exitCode": 1,
      "wallSeconds": 0.0005022010009270161,
      "query": "/opt/vcf-rdfizer/validation/queries/common/q08_header_line_census.rq",
      "rawResult": "/data/validation/raw/cottas/q08_header_line_census.sparql.json",
      "stderr": "/data/validation/raw/cottas/q08_header_line_census.stderr.txt",
      "resourceMetrics": null,
      "error": "<urlopen error [Errno 111] Connection refused>"
    },
    "q09_predicate_census": {
      "status": "EXECUTION_FAILED",
      "engine": "cottas",
      "exitCode": 1,
      "wallSeconds": 0.0004546749987639487,
      "query": "/opt/vcf-rdfizer/validation/queries/common/q09_predicate_census.rq",
      "rawResult": "/data/validation/raw/cottas/q09_predicate_census.sparql.json",
      "stderr": "/data/validation/raw/cottas/q09_predicate_census.stderr.txt",
      "resourceMetrics": null,
      "error": "<urlopen error [Errno 111] Connection refused>"
    },
    "q10_class_census": {
      "status": "EXECUTION_FAILED",
      "engine": "cottas",
      "exitCode": 1,
      "wallSeconds": 0.0004923770029563457,
      "query": "/opt/vcf-rdfizer/validation/queries/common/q10_class_census.rq",
      "rawResult": "/data/validation/raw/cottas/q10_class_census.sparql.json",
      "stderr": "/data/validation/raw/cottas/q10_class_census.stderr.txt",
      "resourceMetrics": null,
      "error": "<urlopen error [Errno 111] Connection refused>"
    },
    "q11_record_digest": {
      "status": "EXECUTION_FAILED",
      "engine": "cottas",
      "exitCode": 1,
      "wallSeconds": 0.0005069289909442887,
      "query": "/opt/vcf-rdfizer/validation/queries/common/q11_record_digest.rq",
      "rawResult": "/data/validation/raw/cottas/q11_record_digest.sparql.json",
      "stderr": "/data/validation/raw/cottas/q11_record_digest.stderr.txt",
      "resourceMetrics": null,
      "error": "<urlopen error [Errno 111] Connection refused>"
    },
    "q12_info_value_digest": {
      "status": "EXECUTION_FAILED",
      "engine": "cottas",
      "exitCode": 1,
      "wallSeconds": 0.0004196700028842315,
      "query": "/opt/vcf-rdfizer/validation/queries/common/q12_info_value_digest.rq",
      "rawResult": "/data/validation/raw/cottas/q12_info_value_digest.sparql.json",
      "stderr": "/data/validation/raw/cottas/q12_info_value_digest.stderr.txt",
      "resourceMetrics": null,
      "error": "<urlopen error [Errno 111] Connection refused>"
    },
    "q13_format_value_digest": {
      "status": "EXECUTION_FAILED",
      "engine": "cottas",
      "exitCode": 1,
      "wallSeconds": 0.0004199270042590797,
      "query": "/opt/vcf-rdfizer/validation/queries/expanded/q13_format_value_digest.rq",
      "rawResult": "/data/validation/raw/cottas/q13_format_value_digest.sparql.json",
      "stderr": "/data/validation/raw/cottas/q13_format_value_digest.stderr.txt",
      "resourceMetrics": null,
      "error": "<urlopen error [Errno 111] Connection refused>"
    }
  },
  "error": null,
  "preflight": {},
  "benchmark": {
    "oracleSeconds": 127.43065472799935,
    "engineQuerySeconds": {
      "cottas": 1175.1478422129876
    },
    "engineSetupSeconds": {
      "cottas": 6.462823664012831
    }
  },
  "sourceFormat": "cottas",
  "temporaryRdf": {
    "decompressedInsideContainer": true,
    "persisted": false,
    "cleanupConfirmed": true
  }
}
[exit 1]
