TSV conversion: HGSVC2: started
TSV conversion: HGSVC2: finished
RMLStreamer: HGSVC2: started
  RMLStreamer: HGSVC2: rmlstreamer started — 0 B · 0 parts
  RMLStreamer: HGSVC2: rmlstreamer heartbeat — 0 B · 0 parts
  RMLStreamer: HGSVC2: rmlstreamer heartbeat — 37.38 KB · 8 parts
  RMLStreamer: HGSVC2: rmlstreamer heartbeat — 3.74 MB · 8 parts
  RMLStreamer: HGSVC2: rmlstreamer heartbeat — 20.00 MB · 8 parts
  RMLStreamer: HGSVC2: rmlstreamer heartbeat — 54.50 MB · 8 parts
  RMLStreamer: HGSVC2: rmlstreamer heartbeat — 97.05 MB · 8 parts
  RMLStreamer: HGSVC2: rmlstreamer heartbeat — 133.20 MB · 8 parts
  RMLStreamer: HGSVC2: rmlstreamer heartbeat — 154.98 MB · 8 parts
  RMLStreamer: HGSVC2: rmlstreamer heartbeat — 171.56 MB · 8 parts
  RMLStreamer: HGSVC2: rmlstreamer complete — 171.56 MB · 8 parts
  RMLStreamer: HGSVC2: rdf-aggregate started — 0 parts
  RMLStreamer: HGSVC2: rdf-aggregate part — 1 parts
  RMLStreamer: HGSVC2: rdf-aggregate part — 2 parts
  RMLStreamer: HGSVC2: rdf-aggregate part — 3 parts
  RMLStreamer: HGSVC2: rdf-aggregate part — 4 parts
  RMLStreamer: HGSVC2: rdf-aggregate part — 5 parts
  RMLStreamer: HGSVC2: rdf-aggregate part — 6 parts
  RMLStreamer: HGSVC2: rdf-aggregate part — 7 parts
  RMLStreamer: HGSVC2: rdf-aggregate part — 8 parts
  RMLStreamer: HGSVC2: rdf-aggregate complete — 8 parts
RMLStreamer: HGSVC2: finished
Partitioned compression: HGSVC2: started
  Partitioned compression: HGSVC2: rdf-scan started — 0 triples
  Partitioned compression: HGSVC2: rdf-scan heartbeat — 297,804 triples · 67,108,885 bytes read
  Partitioned compression: HGSVC2: rdf-scan heartbeat — 710,364 triples · 134,217,814 bytes read
  Partitioned compression: HGSVC2: rdf-scan heartbeat — 1,121,987 triples · 201,326,817 bytes read
  Partitioned compression: HGSVC2: rdf-scan heartbeat — 1,597,344 triples · 268,435,816 bytes read
  Partitioned compression: HGSVC2: rdf-scan heartbeat — 2,069,722 triples · 335,544,703 bytes read
  Partitioned compression: HGSVC2: rdf-scan heartbeat — 2,540,785 triples · 402,653,674 bytes read
  Partitioned compression: HGSVC2: rdf-scan heartbeat — 3,011,664 triples · 469,762,594 bytes read
  Partitioned compression: HGSVC2: rdf-scan chunk — 3,482,534 triples · 1 chunks · 536,870,927 bytes read
  Partitioned compression: HGSVC2: hdt-chunks started — 0 chunks · hdt-build-00000
  Partitioned compression: HGSVC2: hdt-chunks complete — 1 chunks · hdt-build-00000
  Partitioned compression: HGSVC2: rdf-scan heartbeat — 3,482,538 triples · 536,871,502 bytes read
  Partitioned compression: HGSVC2: rdf-scan heartbeat — 3,953,443 triples · 603,980,386 bytes read
  Partitioned compression: HGSVC2: rdf-scan heartbeat — 4,424,848 triples · 671,089,336 bytes read
  Partitioned compression: HGSVC2: rdf-scan heartbeat — 4,896,003 triples · 738,198,211 bytes read
  Partitioned compression: HGSVC2: rdf-scan heartbeat — 5,366,881 triples · 805,307,091 bytes read
  Partitioned compression: HGSVC2: rdf-scan heartbeat — 5,837,769 triples · 872,415,997 bytes read
  Partitioned compression: HGSVC2: rdf-scan heartbeat — 6,308,694 triples · 939,524,984 bytes read
  Partitioned compression: HGSVC2: rdf-scan heartbeat — 6,779,622 triples · 1,006,633,978 bytes read
  Partitioned compression: HGSVC2: rdf-scan chunk — 7,250,508 triples · 2 chunks · 1,073,741,877 bytes read
  Partitioned compression: HGSVC2: hdt-chunks started — 1 chunks · hdt-build-00001
  Partitioned compression: HGSVC2: hdt-chunks complete — 2 chunks · hdt-build-00001
  Partitioned compression: HGSVC2: rdf-scan heartbeat — 7,250,516 triples · 1,073,742,944 bytes read
  Partitioned compression: HGSVC2: rdf-scan heartbeat — 7,721,393 triples · 1,140,851,822 bytes read
  Partitioned compression: HGSVC2: rdf-scan heartbeat — 8,192,273 triples · 1,207,960,773 bytes read
  Partitioned compression: HGSVC2: rdf-scan heartbeat — 8,663,439 triples · 1,275,069,657 bytes read
  Partitioned compression: HGSVC2: rdf-scan heartbeat — 9,132,671 triples · 1,342,178,619 bytes read
  Partitioned compression: HGSVC2: rdf-scan heartbeat — 9,599,371 triples · 1,409,287,518 bytes read
  Partitioned compression: HGSVC2: rdf-scan heartbeat — 10,066,056 triples · 1,476,396,482 bytes read
  Partitioned compression: HGSVC2: rdf-scan heartbeat — 10,532,744 triples · 1,543,505,454 bytes read
  Partitioned compression: HGSVC2: rdf-scan chunk — 10,999,501 triples · 3 chunks · 1,610,612,913 bytes read
  Partitioned compression: HGSVC2: hdt-chunks started — 2 chunks · hdt-build-00002
  Partitioned compression: HGSVC2: hdt-chunks complete — 3 chunks · hdt-build-00002
  Partitioned compression: HGSVC2: rdf-scan heartbeat — 10,999,511 triples · 1,610,614,460 bytes read
  Partitioned compression: HGSVC2: rdf-scan heartbeat — 11,466,252 triples · 1,677,723,329 bytes read
  Partitioned compression: HGSVC2: rdf-scan heartbeat — 11,932,935 triples · 1,744,832,246 bytes read
  Partitioned compression: HGSVC2: rdf-scan heartbeat — 12,399,750 triples · 1,811,941,183 bytes read
  Partitioned compression: HGSVC2: rdf-scan heartbeat — 12,866,527 triples · 1,879,050,100 bytes read
  Partitioned compression: HGSVC2: rdf-scan heartbeat — 13,333,341 triples · 1,946,159,073 bytes read
  Partitioned compression: HGSVC2: rdf-scan heartbeat — 13,800,090 triples · 2,013,268,072 bytes read
  Partitioned compression: HGSVC2: rdf-scan heartbeat — 14,266,773 triples · 2,080,376,976 bytes read
  Partitioned compression: HGSVC2: rdf-scan chunk — 14,733,479 triples · 4 chunks · 2,147,483,899 bytes read
  Partitioned compression: HGSVC2: hdt-chunks started — 3 chunks · hdt-build-00003
  Partitioned compression: HGSVC2: hdt-chunks complete — 4 chunks · hdt-build-00003
  Partitioned compression: HGSVC2: rdf-scan heartbeat — 14,733,493 triples · 2,147,485,841 bytes read
  Partitioned compression: HGSVC2: rdf-scan heartbeat — 15,200,257 triples · 2,214,594,808 bytes read
  Partitioned compression: HGSVC2: rdf-scan heartbeat — 15,666,996 triples · 2,281,703,735 bytes read
  Partitioned compression: HGSVC2: rdf-scan heartbeat — 16,133,693 triples · 2,348,812,750 bytes read
  Partitioned compression: HGSVC2: rdf-scan heartbeat — 16,600,379 triples · 2,415,921,692 bytes read
  Partitioned compression: HGSVC2: rdf-scan heartbeat — 17,067,062 triples · 2,483,030,606 bytes read
  Partitioned compression: HGSVC2: rdf-scan heartbeat — 17,533,752 triples · 2,550,139,482 bytes read
  Partitioned compression: HGSVC2: rdf-scan heartbeat — 18,000,437 triples · 2,617,248,491 bytes read
  Partitioned compression: HGSVC2: rdf-scan chunk — 18,467,223 triples · 5 chunks · 2,684,354,840 bytes read
  Partitioned compression: HGSVC2: hdt-chunks started — 4 chunks · hdt-build-00004
  Partitioned compression: HGSVC2: hdt-chunks complete — 5 chunks · hdt-build-00004
  Partitioned compression: HGSVC2: rdf-scan heartbeat — 18,467,241 triples · 2,684,357,357 bytes read
  Partitioned compression: HGSVC2: rdf-scan heartbeat — 18,933,939 triples · 2,751,466,346 bytes read
  Partitioned compression: HGSVC2: rdf-scan heartbeat — 19,400,646 triples · 2,818,575,252 bytes read
  Partitioned compression: HGSVC2: rdf-scan heartbeat — 19,867,341 triples · 2,885,684,150 bytes read
  Partitioned compression: HGSVC2: rdf-scan heartbeat — 20,334,025 triples · 2,952,793,141 bytes read
  Partitioned compression: HGSVC2: rdf-scan heartbeat — 20,800,734 triples · 3,019,902,065 bytes read
  Partitioned compression: HGSVC2: rdf-scan heartbeat — 21,267,435 triples · 3,087,010,996 bytes read
  Partitioned compression: HGSVC2: rdf-scan heartbeat — 21,734,172 triples · 3,154,119,975 bytes read
  Partitioned compression: HGSVC2: rdf-scan chunk — 22,200,832 triples · 6 chunks · 3,221,225,775 bytes read
  Partitioned compression: HGSVC2: hdt-chunks started — 5 chunks · hdt-build-00005
  Partitioned compression: HGSVC2: hdt-chunks complete — 6 chunks · hdt-build-00005
  Partitioned compression: HGSVC2: rdf-scan heartbeat — 22,200,854 triples · 3,221,228,894 bytes read
  Partitioned compression: HGSVC2: rdf-scan heartbeat — 22,667,538 triples · 3,288,337,845 bytes read
  Partitioned compression: HGSVC2: rdf-scan heartbeat — 23,134,223 triples · 3,355,446,760 bytes read
  Partitioned compression: HGSVC2: rdf-scan heartbeat — 23,601,138 triples · 3,422,555,699 bytes read
  Partitioned compression: HGSVC2: rdf-scan heartbeat — 24,068,243 triples · 3,489,664,639 bytes read
  Partitioned compression: HGSVC2: rdf-scan heartbeat — 24,535,093 triples · 3,556,773,590 bytes read
  Partitioned compression: HGSVC2: rdf-scan heartbeat — 25,001,780 triples · 3,623,882,542 bytes read
  Partitioned compression: HGSVC2: rdf-scan heartbeat — 25,468,626 triples · 3,690,991,419 bytes read
  Partitioned compression: HGSVC2: rdf-scan chunk — 25,935,366 triples · 7 chunks · 3,758,096,734 bytes read
  Partitioned compression: HGSVC2: hdt-chunks started — 6 chunks · hdt-build-00006
  Partitioned compression: HGSVC2: hdt-chunks complete — 7 chunks · hdt-build-00006
  Partitioned compression: HGSVC2: rdf-scan heartbeat — 25,935,391 triples · 3,758,100,329 bytes read
  Partitioned compression: HGSVC2: rdf-scan heartbeat — 26,402,160 triples · 3,825,209,333 bytes read
  Partitioned compression: HGSVC2: rdf-scan heartbeat — 26,869,086 triples · 3,892,318,325 bytes read
  Partitioned compression: HGSVC2: rdf-scan heartbeat — 27,336,359 triples · 3,959,427,325 bytes read
  Partitioned compression: HGSVC2: rdf-scan heartbeat — 27,803,363 triples · 4,026,536,319 bytes read
  Partitioned compression: HGSVC2: rdf-scan heartbeat — 28,270,111 triples · 4,093,645,246 bytes read
  Partitioned compression: HGSVC2: rdf-scan heartbeat — 28,736,888 triples · 4,160,754,117 bytes read
  Partitioned compression: HGSVC2: rdf-scan heartbeat — 29,203,701 triples · 4,227,863,068 bytes read
  Partitioned compression: HGSVC2: rdf-scan chunk — 29,670,357 triples · 8 chunks · 4,294,967,732 bytes read
  Partitioned compression: HGSVC2: hdt-chunks started — 7 chunks · hdt-build-00007
  Partitioned compression: HGSVC2: hdt-chunks complete — 8 chunks · hdt-build-00007
  Partitioned compression: HGSVC2: rdf-scan heartbeat — 29,670,387 triples · 4,294,972,078 bytes read
  Partitioned compression: HGSVC2: rdf-scan heartbeat — 30,137,071 triples · 4,362,081,071 bytes read
  Partitioned compression: HGSVC2: rdf-scan heartbeat — 30,604,047 triples · 4,429,189,954 bytes read
  Partitioned compression: HGSVC2: rdf-scan heartbeat — 31,070,960 triples · 4,496,298,877 bytes read
  Partitioned compression: HGSVC2: rdf-scan heartbeat — 31,537,714 triples · 4,563,407,792 bytes read
  Partitioned compression: HGSVC2: rdf-scan heartbeat — 32,004,402 triples · 4,630,516,786 bytes read
  Partitioned compression: HGSVC2: rdf-scan heartbeat — 32,471,125 triples · 4,697,625,681 bytes read
  Partitioned compression: HGSVC2: rdf-scan heartbeat — 32,937,914 triples · 4,764,734,684 bytes read
  Partitioned compression: HGSVC2: rdf-scan chunk — 33,404,729 triples · 9 chunks · 4,831,838,795 bytes read
  Partitioned compression: HGSVC2: hdt-chunks started — 8 chunks · hdt-build-00008
  Partitioned compression: HGSVC2: hdt-chunks complete — 9 chunks · hdt-build-00008
  Partitioned compression: HGSVC2: rdf-scan heartbeat — 33,404,762 triples · 4,831,843,586 bytes read
  Partitioned compression: HGSVC2: rdf-scan heartbeat — 33,871,446 triples · 4,898,952,584 bytes read
  Partitioned compression: HGSVC2: rdf-scan heartbeat — 34,338,130 triples · 4,966,061,585 bytes read
  Partitioned compression: HGSVC2: rdf-scan heartbeat — 34,804,812 triples · 5,033,170,475 bytes read
  Partitioned compression: HGSVC2: rdf-scan heartbeat — 35,271,542 triples · 5,100,279,365 bytes read
  Partitioned compression: HGSVC2: rdf-scan heartbeat — 35,738,231 triples · 5,167,388,287 bytes read
  Partitioned compression: HGSVC2: rdf-scan heartbeat — 36,204,935 triples · 5,234,497,271 bytes read
  Partitioned compression: HGSVC2: rdf-scan heartbeat — 36,671,637 triples · 5,301,606,251 bytes read
  Partitioned compression: HGSVC2: rdf-scan chunk — 37,138,342 triples · 10 chunks · 5,368,709,745 bytes read
  Partitioned compression: HGSVC2: hdt-chunks started — 9 chunks · hdt-build-00009
  Partitioned compression: HGSVC2: hdt-chunks complete — 10 chunks · hdt-build-00009
  Partitioned compression: HGSVC2: rdf-scan heartbeat — 37,138,380 triples · 5,368,715,129 bytes read
  Partitioned compression: HGSVC2: rdf-scan heartbeat — 37,605,087 triples · 5,435,824,108 bytes read
  Partitioned compression: HGSVC2: rdf-scan heartbeat — 38,071,912 triples · 5,502,933,013 bytes read
  Partitioned compression: HGSVC2: rdf-scan heartbeat — 38,538,596 triples · 5,570,042,015 bytes read
  Partitioned compression: HGSVC2: rdf-scan heartbeat — 39,005,280 triples · 5,637,151,000 bytes read
  Partitioned compression: HGSVC2: rdf-scan heartbeat — 39,471,975 triples · 5,704,259,939 bytes read
  Partitioned compression: HGSVC2: rdf-scan heartbeat — 39,938,658 triples · 5,771,368,805 bytes read
  Partitioned compression: HGSVC2: rdf-scan heartbeat — 40,405,351 triples · 5,838,477,778 bytes read
  Partitioned compression: HGSVC2: rdf-scan chunk — 40,872,870 triples · 11 chunks · 5,905,580,685 bytes read
  Partitioned compression: HGSVC2: hdt-chunks started — 10 chunks · hdt-build-00010
  Partitioned compression: HGSVC2: hdt-chunks complete — 11 chunks · hdt-build-00010
  Partitioned compression: HGSVC2: rdf-scan heartbeat — 40,872,912 triples · 5,905,586,652 bytes read
  Partitioned compression: HGSVC2: rdf-scan heartbeat — 41,339,896 triples · 5,972,695,618 bytes read
  Partitioned compression: HGSVC2: rdf-scan heartbeat — 41,806,905 triples · 6,039,804,581 bytes read
  Partitioned compression: HGSVC2: rdf-scan heartbeat — 42,273,592 triples · 6,106,913,476 bytes read
  Partitioned compression: HGSVC2: rdf-scan heartbeat — 42,740,281 triples · 6,174,022,397 bytes read
  Partitioned compression: HGSVC2: rdf-scan heartbeat — 43,206,963 triples · 6,241,131,280 bytes read
  Partitioned compression: HGSVC2: rdf-scan heartbeat — 43,673,646 triples · 6,308,240,159 bytes read
  Partitioned compression: HGSVC2: rdf-scan heartbeat — 44,140,328 triples · 6,375,349,094 bytes read
  Partitioned compression: HGSVC2: rdf-scan chunk — 44,606,985 triples · 12 chunks · 6,442,451,675 bytes read
  Partitioned compression: HGSVC2: hdt-chunks started — 11 chunks · hdt-build-00011
  Partitioned compression: HGSVC2: hdt-chunks complete — 12 chunks · hdt-build-00011
  Partitioned compression: HGSVC2: rdf-scan heartbeat — 44,607,029 triples · 6,442,458,017 bytes read
  Partitioned compression: HGSVC2: rdf-scan heartbeat — 45,073,712 triples · 6,509,567,026 bytes read
  Partitioned compression: HGSVC2: rdf-scan heartbeat — 45,540,500 triples · 6,576,675,896 bytes read
  Partitioned compression: HGSVC2: rdf-scan heartbeat — 46,007,185 triples · 6,643,784,846 bytes read
  Partitioned compression: HGSVC2: rdf-scan heartbeat — 46,473,902 triples · 6,710,893,810 bytes read
  Partitioned compression: HGSVC2: rdf-scan heartbeat — 46,940,649 triples · 6,778,002,733 bytes read
  Partitioned compression: HGSVC2: rdf-scan heartbeat — 47,407,360 triples · 6,845,111,715 bytes read
  Partitioned compression: HGSVC2: rdf-scan heartbeat — 47,874,051 triples · 6,912,220,654 bytes read
  Partitioned compression: HGSVC2: rdf-scan chunk — 48,341,292 triples · 13 chunks · 6,979,322,704 bytes read
  Partitioned compression: HGSVC2: hdt-chunks started — 12 chunks · hdt-build-00012
  Partitioned compression: HGSVC2: hdt-chunks complete — 13 chunks · hdt-build-00012
  Partitioned compression: HGSVC2: rdf-scan heartbeat — 48,341,340 triples · 6,979,329,577 bytes read
  Partitioned compression: HGSVC2: rdf-scan heartbeat — 48,808,190 triples · 7,046,438,505 bytes read
  Partitioned compression: HGSVC2: rdf-scan heartbeat — 49,274,877 triples · 7,113,547,455 bytes read
  Partitioned compression: HGSVC2: rdf-scan heartbeat — 49,741,560 triples · 7,180,656,361 bytes read
  Partitioned compression: HGSVC2: rdf-scan heartbeat — 50,208,481 triples · 7,247,765,317 bytes read
  Partitioned compression: HGSVC2: rdf-scan heartbeat — 50,675,165 triples · 7,314,874,251 bytes read
  Partitioned compression: HGSVC2: rdf-scan heartbeat — 51,141,852 triples · 7,381,983,180 bytes read
  Partitioned compression: HGSVC2: rdf-scan heartbeat — 51,608,650 triples · 7,449,092,083 bytes read
  Partitioned compression: HGSVC2: rdf-scan chunk — 52,075,294 triples · 14 chunks · 7,516,193,661 bytes read
  Partitioned compression: HGSVC2: hdt-chunks started — 13 chunks · hdt-build-00013
  Partitioned compression: HGSVC2: hdt-chunks complete — 14 chunks · hdt-build-00013
  Partitioned compression: HGSVC2: rdf-scan heartbeat — 52,075,345 triples · 7,516,200,997 bytes read
  Partitioned compression: HGSVC2: rdf-scan heartbeat — 52,542,147 triples · 7,583,309,987 bytes read
  Partitioned compression: HGSVC2: rdf-scan heartbeat — 53,008,831 triples · 7,650,418,960 bytes read
  Partitioned compression: HGSVC2: rdf-scan heartbeat — 53,475,514 triples · 7,717,527,907 bytes read
  Partitioned compression: HGSVC2: rdf-scan heartbeat — 53,942,204 triples · 7,784,636,816 bytes read
  Partitioned compression: HGSVC2: rdf-scan heartbeat — 54,409,113 triples · 7,851,745,796 bytes read
  Partitioned compression: HGSVC2: rdf-scan heartbeat — 54,875,949 triples · 7,918,854,730 bytes read
  Partitioned compression: HGSVC2: rdf-scan heartbeat — 55,342,764 triples · 7,985,963,643 bytes read
  Partitioned compression: HGSVC2: rdf-scan chunk — 55,809,594 triples · 15 chunks · 8,053,064,665 bytes read
  Partitioned compression: HGSVC2: hdt-chunks started — 14 chunks · hdt-build-00014
  Partitioned compression: HGSVC2: hdt-chunks complete — 15 chunks · hdt-build-00014
  Partitioned compression: HGSVC2: rdf-scan heartbeat — 55,809,649 triples · 8,053,072,631 bytes read
  Partitioned compression: HGSVC2: rdf-scan heartbeat — 56,276,339 triples · 8,120,181,506 bytes read
  Partitioned compression: HGSVC2: rdf-scan heartbeat — 56,743,033 triples · 8,187,290,392 bytes read
  Partitioned compression: HGSVC2: rdf-scan heartbeat — 57,209,718 triples · 8,254,399,344 bytes read
  Partitioned compression: HGSVC2: rdf-scan heartbeat — 57,676,452 triples · 8,321,508,289 bytes read
  Partitioned compression: HGSVC2: rdf-scan heartbeat — 58,143,233 triples · 8,388,617,207 bytes read
  Partitioned compression: HGSVC2: rdf-scan heartbeat — 58,609,919 triples · 8,455,726,194 bytes read
  Partitioned compression: HGSVC2: rdf-scan heartbeat — 59,076,606 triples · 8,522,835,085 bytes read
  Partitioned compression: HGSVC2: rdf-scan chunk — 59,543,252 triples · 16 chunks · 8,589,935,646 bytes read
  Partitioned compression: HGSVC2: hdt-chunks started — 15 chunks · hdt-build-00015
  Partitioned compression: HGSVC2: hdt-chunks complete — 16 chunks · hdt-build-00015
  Partitioned compression: HGSVC2: rdf-scan heartbeat — 59,543,310 triples · 8,589,944,063 bytes read
  Partitioned compression: HGSVC2: rdf-scan heartbeat — 60,010,223 triples · 8,657,052,940 bytes read
  Partitioned compression: HGSVC2: rdf-scan heartbeat — 60,476,932 triples · 8,724,161,940 bytes read
  Partitioned compression: HGSVC2: rdf-scan heartbeat — 60,943,619 triples · 8,791,270,906 bytes read
  Partitioned compression: HGSVC2: rdf-scan heartbeat — 61,410,390 triples · 8,858,379,862 bytes read
  Partitioned compression: HGSVC2: rdf-scan heartbeat — 61,877,145 triples · 8,925,488,822 bytes read
  Partitioned compression: HGSVC2: rdf-scan heartbeat — 62,343,991 triples · 8,992,597,801 bytes read
  Partitioned compression: HGSVC2: rdf-scan heartbeat — 62,810,706 triples · 9,059,706,808 bytes read
  Partitioned compression: HGSVC2: rdf-scan chunk — 63,277,326 triples · 17 chunks · 9,126,806,716 bytes read
  Partitioned compression: HGSVC2: hdt-chunks started — 16 chunks · hdt-build-00016
  Partitioned compression: HGSVC2: hdt-chunks complete — 17 chunks · hdt-build-00016
  Partitioned compression: HGSVC2: rdf-scan heartbeat — 63,277,388 triples · 9,126,815,687 bytes read
  Partitioned compression: HGSVC2: rdf-scan heartbeat — 63,744,075 triples · 9,193,924,654 bytes read
  Partitioned compression: HGSVC2: rdf-scan heartbeat — 64,210,923 triples · 9,261,033,580 bytes read
  Partitioned compression: HGSVC2: rdf-scan heartbeat — 64,677,712 triples · 9,328,142,557 bytes read
  Partitioned compression: HGSVC2: rdf-scan heartbeat — 65,144,395 triples · 9,395,251,425 bytes read
  Partitioned compression: HGSVC2: rdf-scan heartbeat — 65,611,198 triples · 9,462,360,344 bytes read
  Partitioned compression: HGSVC2: rdf-scan heartbeat — 66,078,087 triples · 9,529,469,287 bytes read
  Partitioned compression: HGSVC2: rdf-scan heartbeat — 66,544,852 triples · 9,596,578,231 bytes read
  Partitioned compression: HGSVC2: rdf-scan chunk — 67,011,470 triples · 18 chunks · 9,663,677,719 bytes read
  Partitioned compression: HGSVC2: hdt-chunks started — 17 chunks · hdt-build-00017
  Partitioned compression: HGSVC2: hdt-chunks complete — 18 chunks · hdt-build-00017
  Partitioned compression: HGSVC2: rdf-scan heartbeat — 67,011,535 triples · 9,663,687,138 bytes read
  Partitioned compression: HGSVC2: rdf-scan heartbeat — 67,478,218 triples · 9,730,796,065 bytes read
  Partitioned compression: HGSVC2: rdf-scan heartbeat — 67,944,902 triples · 9,797,905,047 bytes read
  Partitioned compression: HGSVC2: rdf-scan heartbeat — 68,411,595 triples · 9,865,013,932 bytes read
  Partitioned compression: HGSVC2: rdf-scan heartbeat — 68,878,278 triples · 9,932,122,852 bytes read
  Partitioned compression: HGSVC2: rdf-scan heartbeat — 69,345,034 triples · 9,999,231,768 bytes read
  Partitioned compression: HGSVC2: rdf-scan heartbeat — 69,811,734 triples · 10,066,340,716 bytes read
  Partitioned compression: HGSVC2: rdf-scan heartbeat — 70,278,481 triples · 10,133,449,653 bytes read
  Partitioned compression: HGSVC2: rdf-scan chunk — 70,745,101 triples · 19 chunks · 10,200,548,691 bytes read
  Partitioned compression: HGSVC2: hdt-chunks started — 18 chunks · hdt-build-00018
  Partitioned compression: HGSVC2: hdt-chunks complete — 19 chunks · hdt-build-00018
  Partitioned compression: HGSVC2: rdf-scan heartbeat — 70,745,170 triples · 10,200,558,568 bytes read
  Partitioned compression: HGSVC2: rdf-scan heartbeat — 71,211,926 triples · 10,267,667,464 bytes read
  Partitioned compression: HGSVC2: rdf-scan heartbeat — 71,679,037 triples · 10,334,776,335 bytes read
  Partitioned compression: HGSVC2: rdf-scan heartbeat — 72,146,099 triples · 10,401,885,341 bytes read
  Partitioned compression: HGSVC2: rdf-scan heartbeat — 72,612,890 triples · 10,468,994,232 bytes read
  Partitioned compression: HGSVC2: rdf-scan heartbeat — 73,079,593 triples · 10,536,103,210 bytes read
  Partitioned compression: HGSVC2: rdf-scan heartbeat — 73,546,459 triples · 10,603,212,092 bytes read
  Partitioned compression: HGSVC2: rdf-scan heartbeat — 74,013,245 triples · 10,670,320,971 bytes read
  Partitioned compression: HGSVC2: rdf-scan chunk — 74,479,857 triples · 20 chunks · 10,737,419,649 bytes read
  Partitioned compression: HGSVC2: hdt-chunks started — 19 chunks · hdt-build-00019
  Partitioned compression: HGSVC2: hdt-chunks complete — 20 chunks · hdt-build-00019
  Partitioned compression: HGSVC2: rdf-scan heartbeat — 74,479,928 triples · 10,737,429,837 bytes read
  Partitioned compression: HGSVC2: rdf-scan heartbeat — 74,946,666 triples · 10,804,538,792 bytes read
  Partitioned compression: HGSVC2: rdf-scan heartbeat — 75,413,349 triples · 10,871,647,706 bytes read
  Partitioned compression: HGSVC2: rdf-scan heartbeat — 75,880,301 triples · 10,938,756,690 bytes read
  Partitioned compression: HGSVC2: rdf-scan heartbeat — 76,346,987 triples · 11,005,865,679 bytes read
  Partitioned compression: HGSVC2: rdf-scan heartbeat — 76,813,671 triples · 11,072,974,663 bytes read
  Partitioned compression: HGSVC2: rdf-scan heartbeat — 77,280,383 triples · 11,140,083,527 bytes read
  Partitioned compression: HGSVC2: rdf-scan heartbeat — 77,747,065 triples · 11,207,192,470 bytes read
  Partitioned compression: HGSVC2: rdf-scan chunk — 78,213,674 triples · 21 chunks · 11,274,290,643 bytes read
  Partitioned compression: HGSVC2: hdt-chunks started — 20 chunks · hdt-build-00020
  Partitioned compression: HGSVC2: hdt-chunks complete — 21 chunks · hdt-build-00020
  Partitioned compression: HGSVC2: rdf-scan heartbeat — 78,213,749 triples · 11,274,301,428 bytes read
  Partitioned compression: HGSVC2: rdf-scan heartbeat — 78,680,434 triples · 11,341,410,307 bytes read
  Partitioned compression: HGSVC2: rdf-scan heartbeat — 79,147,185 triples · 11,408,519,310 bytes read
  Partitioned compression: HGSVC2: rdf-scan heartbeat — 79,614,018 triples · 11,475,628,213 bytes read
  Partitioned compression: HGSVC2: rdf-scan heartbeat — 80,081,525 triples · 11,542,737,078 bytes read
  Partitioned compression: HGSVC2: rdf-scan heartbeat — 80,548,249 triples · 11,609,846,021 bytes read
  Partitioned compression: HGSVC2: rdf-scan heartbeat — 81,012,809 triples · 11,676,955,030 bytes read
  Partitioned compression: HGSVC2: rdf-scan heartbeat — 81,475,377 triples · 11,744,063,999 bytes read
  Partitioned compression: HGSVC2: rdf-scan chunk — 81,937,876 triples · 22 chunks · 11,811,161,597 bytes read
  Partitioned compression: HGSVC2: hdt-chunks started — 21 chunks · hdt-build-00021
  Partitioned compression: HGSVC2: hdt-chunks complete — 22 chunks · hdt-build-00021
  Partitioned compression: HGSVC2: rdf-scan heartbeat — 81,937,954 triples · 11,811,172,906 bytes read
  Partitioned compression: HGSVC2: rdf-scan heartbeat — 82,401,668 triples · 11,878,281,820 bytes read
  Partitioned compression: HGSVC2: rdf-scan heartbeat — 82,865,914 triples · 11,945,390,750 bytes read
  Partitioned compression: HGSVC2: rdf-scan heartbeat — 83,329,127 triples · 12,012,499,747 bytes read
  Partitioned compression: HGSVC2: rdf-scan heartbeat — 83,791,717 triples · 12,079,608,652 bytes read
  Partitioned compression: HGSVC2: rdf-scan heartbeat — 84,254,372 triples · 12,146,717,544 bytes read
  Partitioned compression: HGSVC2: rdf-scan heartbeat — 84,717,112 triples · 12,213,826,415 bytes read
  Partitioned compression: HGSVC2: rdf-scan heartbeat — 85,179,697 triples · 12,280,935,426 bytes read
  Partitioned compression: HGSVC2: rdf-scan chunk — 85,642,388 triples · 23 chunks · 12,348,032,635 bytes read
  Partitioned compression: HGSVC2: hdt-chunks started — 22 chunks · hdt-build-00022
  Partitioned compression: HGSVC2: hdt-chunks complete — 23 chunks · hdt-build-00022
  Partitioned compression: HGSVC2: rdf-scan heartbeat — 85,642,470 triples · 12,348,044,404 bytes read
  Partitioned compression: HGSVC2: rdf-scan heartbeat — 86,106,759 triples · 12,415,153,273 bytes read
  Partitioned compression: HGSVC2: rdf-scan heartbeat — 86,571,272 triples · 12,482,262,181 bytes read
  Partitioned compression: HGSVC2: rdf-scan heartbeat — 86,986,282 triples · 12,549,371,154 bytes read
  Partitioned compression: HGSVC2: rdf-scan heartbeat — 87,378,310 triples · 12,616,480,083 bytes read
  Partitioned compression: HGSVC2: rdf-scan heartbeat — 87,767,307 triples · 12,683,591,713 bytes read
  Partitioned compression: HGSVC2: rdf-scan chunk — 87,824,395 triples · 24 chunks · 12,693,966,418 bytes read
  Partitioned compression: HGSVC2: hdt-chunks started — 23 chunks · hdt-build-00023
  Partitioned compression: HGSVC2: hdt-chunks complete — 24 chunks · hdt-build-00023
  Partitioned compression: HGSVC2: rdf-scan complete — 87,824,395 triples · 24 chunks
  Partitioned compression: HGSVC2: hdt-chunks complete — 24 chunks
  Partitioned compression: HGSVC2: hdt-merge started — hdt-merge-r01-00000
  Partitioned compression: HGSVC2: hdt-merge complete — hdt-merge-r01-00000
  Partitioned compression: HGSVC2: hdt-merge started — hdt-merge-r01-00001
  Partitioned compression: HGSVC2: hdt-merge complete — hdt-merge-r01-00001
  Partitioned compression: HGSVC2: hdt-merge started — hdt-merge-r01-00002
  Partitioned compression: HGSVC2: hdt-merge complete — hdt-merge-r01-00002
  Partitioned compression: HGSVC2: hdt-merge started — hdt-merge-r01-00003
  Partitioned compression: HGSVC2: hdt-merge complete — hdt-merge-r01-00003
  Partitioned compression: HGSVC2: hdt-merge started — hdt-merge-r01-00004
  Partitioned compression: HGSVC2: hdt-merge complete — hdt-merge-r01-00004
  Partitioned compression: HGSVC2: hdt-merge started — hdt-merge-r01-00005
  Partitioned compression: HGSVC2: hdt-merge complete — hdt-merge-r01-00005
  Partitioned compression: HGSVC2: hdt-merge started — hdt-merge-r01-00006
  Partitioned compression: HGSVC2: hdt-merge complete — hdt-merge-r01-00006
  Partitioned compression: HGSVC2: hdt-merge started — hdt-merge-r01-00007
  Partitioned compression: HGSVC2: hdt-merge complete — hdt-merge-r01-00007
  Partitioned compression: HGSVC2: hdt-merge started — hdt-merge-r01-00008
  Partitioned compression: HGSVC2: hdt-merge complete — hdt-merge-r01-00008
  Partitioned compression: HGSVC2: hdt-merge started — hdt-merge-r01-00009
  Partitioned compression: HGSVC2: hdt-merge complete — hdt-merge-r01-00009
  Partitioned compression: HGSVC2: hdt-merge started — hdt-merge-r01-00010
  Partitioned compression: HGSVC2: hdt-merge complete — hdt-merge-r01-00010
  Partitioned compression: HGSVC2: hdt-merge started — hdt-merge-r01-00011
  Partitioned compression: HGSVC2: hdt-merge complete — hdt-merge-r01-00011
  Partitioned compression: HGSVC2: hdt-merge started — hdt-merge-r02-00000
  Partitioned compression: HGSVC2: hdt-merge complete — hdt-merge-r02-00000
  Partitioned compression: HGSVC2: hdt-merge started — hdt-merge-r02-00001
  Partitioned compression: HGSVC2: hdt-merge complete — hdt-merge-r02-00001
  Partitioned compression: HGSVC2: hdt-merge started — hdt-merge-r02-00002
  Partitioned compression: HGSVC2: hdt-merge complete — hdt-merge-r02-00002
  Partitioned compression: HGSVC2: hdt-merge started — hdt-merge-r02-00003
  Partitioned compression: HGSVC2: hdt-merge complete — hdt-merge-r02-00003
  Partitioned compression: HGSVC2: hdt-merge started — hdt-merge-r02-00004
  Partitioned compression: HGSVC2: hdt-merge complete — hdt-merge-r02-00004
  Partitioned compression: HGSVC2: hdt-merge started — hdt-merge-r02-00005
  Partitioned compression: HGSVC2: hdt-merge complete — hdt-merge-r02-00005
  Partitioned compression: HGSVC2: hdt-merge started — hdt-merge-r03-00000
  Partitioned compression: HGSVC2: hdt-merge complete — hdt-merge-r03-00000
  Partitioned compression: HGSVC2: hdt-merge started — hdt-merge-r03-00001
  Partitioned compression: HGSVC2: hdt-merge complete — hdt-merge-r03-00001
  Partitioned compression: HGSVC2: hdt-merge started — hdt-merge-r03-00002
  Partitioned compression: HGSVC2: hdt-merge complete — hdt-merge-r03-00002
  Partitioned compression: HGSVC2: hdt-merge started — hdt-merge-r04-00000
  Partitioned compression: HGSVC2: hdt-merge complete — hdt-merge-r04-00000
  Partitioned compression: HGSVC2: hdt-merge started — hdt-merge-r05-00000
  Partitioned compression: HGSVC2: hdt-merge complete — hdt-merge-r05-00000
  Partitioned compression: HGSVC2: hdt started — hdt-index
  Partitioned compression: HGSVC2: hdt complete — hdt-index
  Partitioned compression: HGSVC2: hdt started — hdt-validate
  Partitioned compression: HGSVC2: hdt complete — hdt-validate
Partitioned compression: HGSVC2: finished
