Step 1/5: Validating inputs ✅
  Metrics: /home/ubuntu/vcf-rdfizer-testing/benchmarks_outputs/06_equivalence/encoding__plain__expanded/out/run_metrics/test-10k__20260917T203023
  Detailed logs: /home/ubuntu/vcf-rdfizer-testing/benchmarks_outputs/06_equivalence/encoding__plain__expanded/out/run_metrics/test-10k__20260917T203023/logs/wrapper.log
  Progress log: /home/ubuntu/vcf-rdfizer-testing/benchmarks_outputs/06_equivalence/encoding__plain__expanded/out/run_metrics/test-10k__20260917T203023/logs/progress.log
Step 2/5: Ensuring Docker image is available ✅
Step 3/5: Processing per-input pipeline (TSV -> RDF -> compression -> validation)
  Spark partition hint: 8
  Sample representation: expanded
  INFO representation: structured
  Header representation: structured
  Validation: aggregate, hdt, cottas via comunica, qlever, hdt, cottas
  - Input 1/1: test-10k.vcf
    * TSV conversion ✅
    * VCF version: VCFv4.2 (detected)
    * RDF conversion ✅
    * Streaming expanded multi-sample RDF (no expanded helper TSVs)
    * Sample calls streamed: 9,986; FORMAT values: 19,972
    * Streaming structured header RDF
    * Header lines typed: 13; contigs: 2
    * Streaming QUAL and structured INFO RDF
    * QUAL values streamed: 9,986; INFO values: 29,958; declarations: 3
    * Triples produced: 958,919
    * Compression ✅
    * Semantic validation (aggregate, comunica, qlever, hdt, cottas): test-10k.nt
Validation results: /home/ubuntu/vcf-rdfizer-testing/benchmarks_outputs/06_equivalence/encoding__plain__expanded/out/run_metrics/test-10k__20260917T203023/reports/validation/test-10k
Validation metrics: /home/ubuntu/vcf-rdfizer-testing/benchmarks_outputs/06_equivalence/encoding__plain__expanded/out/run_metrics/test-10k__20260917T203023/stages/validation/test-10k.json
    * Semantic validation (hdt, comunica, qlever, hdt, cottas): test-10k.hdt
Validation results: /home/ubuntu/vcf-rdfizer-testing/benchmarks_outputs/06_equivalence/encoding__plain__expanded/out/run_metrics/test-10k__20260917T203023/reports/validation/test-10k__hdt
Validation metrics: /home/ubuntu/vcf-rdfizer-testing/benchmarks_outputs/06_equivalence/encoding__plain__expanded/out/run_metrics/test-10k__20260917T203023/stages/validation/test-10k__hdt.json
    * Semantic validation (cottas, comunica, qlever, hdt, cottas): test-10k.cottas
Validation results: /home/ubuntu/vcf-rdfizer-testing/benchmarks_outputs/06_equivalence/encoding__plain__expanded/out/run_metrics/test-10k__20260917T203023/reports/validation/test-10k__cottas
Validation metrics: /home/ubuntu/vcf-rdfizer-testing/benchmarks_outputs/06_equivalence/encoding__plain__expanded/out/run_metrics/test-10k__20260917T203023/stages/validation/test-10k__cottas.json
    * Output directory: /home/ubuntu/vcf-rdfizer-testing/benchmarks_outputs/06_equivalence/encoding__plain__expanded/out/test-10k
      - RDF aggregate: test-10k.nt
      - N-Triples (.nt): 116.96 MB (removed after successful compression)
      - gzip (.nt.gz): 4.63 MB
      - HDT (.hdt): 5.75 MB (/home/ubuntu/vcf-rdfizer-testing/benchmarks_outputs/06_equivalence/encoding__plain__expanded/out/test-10k/test-10k.hdt)
      - COTTAS (.cottas): 1.41 MB (/home/ubuntu/vcf-rdfizer-testing/benchmarks_outputs/06_equivalence/encoding__plain__expanded/out/test-10k/test-10k.cottas)
Total triples produced (full run): 958,919
Conversion process finished.
Run time (full mode): 3h 5m 20.4s
Timing log: /home/ubuntu/vcf-rdfizer-testing/benchmarks_outputs/06_equivalence/encoding__plain__expanded/out/run_metrics/test-10k__20260917T203023/wrapper_execution_times.csv
Metrics summary: /home/ubuntu/vcf-rdfizer-testing/benchmarks_outputs/06_equivalence/encoding__plain__expanded/out/run_metrics/test-10k__20260917T203023/summary.json
