TSV conversion: HG01303.acmg: started
TSV conversion: HG01303.acmg: finished
RMLStreamer: HG01303.acmg: started
  RMLStreamer: HG01303.acmg: rmlstreamer started — 0 B · 0 parts
  RMLStreamer: HG01303.acmg: rmlstreamer heartbeat — 0 B · 0 parts
  RMLStreamer: HG01303.acmg: rmlstreamer heartbeat — 80.09 KB · 8 parts
  RMLStreamer: HG01303.acmg: rmlstreamer heartbeat — 9.48 MB · 8 parts
  RMLStreamer: HG01303.acmg: rmlstreamer heartbeat — 9.71 MB · 8 parts
  RMLStreamer: HG01303.acmg: rmlstreamer complete — 9.71 MB · 8 parts
  RMLStreamer: HG01303.acmg: rdf-aggregate started — 0 parts
  RMLStreamer: HG01303.acmg: rdf-aggregate part — 1 parts
  RMLStreamer: HG01303.acmg: rdf-aggregate part — 2 parts
  RMLStreamer: HG01303.acmg: rdf-aggregate part — 3 parts
  RMLStreamer: HG01303.acmg: rdf-aggregate part — 4 parts
  RMLStreamer: HG01303.acmg: rdf-aggregate part — 5 parts
  RMLStreamer: HG01303.acmg: rdf-aggregate part — 6 parts
  RMLStreamer: HG01303.acmg: rdf-aggregate part — 7 parts
  RMLStreamer: HG01303.acmg: rdf-aggregate part — 8 parts
  RMLStreamer: HG01303.acmg: rdf-aggregate complete — 8 parts
RMLStreamer: HG01303.acmg: finished
