Step 1/5: Validating inputs ✅
  Metrics: /home/ubuntu/vcf-rdfizer-testing/benchmarks_outputs/09_awkward_inputs/awkward_missing_values/out/run_metrics/awkward_missing_values__20260923T224123
  Detailed logs: /home/ubuntu/vcf-rdfizer-testing/benchmarks_outputs/09_awkward_inputs/awkward_missing_values/out/run_metrics/awkward_missing_values__20260923T224123/logs/wrapper.log
  Progress log: /home/ubuntu/vcf-rdfizer-testing/benchmarks_outputs/09_awkward_inputs/awkward_missing_values/out/run_metrics/awkward_missing_values__20260923T224123/logs/progress.log
Step 2/5: Ensuring Docker image is available ✅
Step 3/5: Processing per-input pipeline (TSV -> RDF -> compression -> validation)
  Spark partition hint: 8
  Sample representation: expanded
  INFO representation: structured
  Header representation: structured
  Validation: aggregate, hdt, cottas via comunica
  - Input 1/1: awkward_missing_values.vcf
    * TSV conversion ✅
    * VCF version: VCFv4.2 (detected)
    * RDF conversion ✅
    * Streaming expanded multi-sample RDF (no expanded helper TSVs)
    * Sample calls streamed: 2; FORMAT values: 4
    * Streaming structured header RDF
    * Header lines typed: 8; contigs: 1
    * Streaming QUAL and structured INFO RDF
    * QUAL values streamed: 2; INFO values: 1; declarations: 1
    * Triples produced: 321
    * Compression ✅
    * Semantic validation (aggregate, comunica): awkward_missing_values.nt.gz
Validation results: /home/ubuntu/vcf-rdfizer-testing/benchmarks_outputs/09_awkward_inputs/awkward_missing_values/out/run_metrics/awkward_missing_values__20260923T224123/reports/validation/awkward_missing_values
Validation metrics: /home/ubuntu/vcf-rdfizer-testing/benchmarks_outputs/09_awkward_inputs/awkward_missing_values/out/run_metrics/awkward_missing_values__20260923T224123/stages/validation/awkward_missing_values.json
    * Semantic validation (hdt, comunica): awkward_missing_values.hdt
Validation results: /home/ubuntu/vcf-rdfizer-testing/benchmarks_outputs/09_awkward_inputs/awkward_missing_values/out/run_metrics/awkward_missing_values__20260923T224123/reports/validation/awkward_missing_values__hdt
Validation metrics: /home/ubuntu/vcf-rdfizer-testing/benchmarks_outputs/09_awkward_inputs/awkward_missing_values/out/run_metrics/awkward_missing_values__20260923T224123/stages/validation/awkward_missing_values__hdt.json
    * Output directory: /home/ubuntu/vcf-rdfizer-testing/benchmarks_outputs/09_awkward_inputs/awkward_missing_values/out/awkward_missing_values
      - RDF aggregate: awkward_missing_values.nt.gz
      - RDF (.gz): 4.74 KB (removed after successful compression)
      - HDT (.hdt): 6.00 KB (/home/ubuntu/vcf-rdfizer-testing/benchmarks_outputs/09_awkward_inputs/awkward_missing_values/out/awkward_missing_values/awkward_missing_values.hdt)
Total triples produced (full run): 321
Conversion process finished.
Run time (full mode): 35.97s
Timing log: /home/ubuntu/vcf-rdfizer-testing/benchmarks_outputs/09_awkward_inputs/awkward_missing_values/out/run_metrics/awkward_missing_values__20260923T224123/wrapper_execution_times.csv
Metrics summary: /home/ubuntu/vcf-rdfizer-testing/benchmarks_outputs/09_awkward_inputs/awkward_missing_values/out/run_metrics/awkward_missing_values__20260923T224123/summary.json
