TSV conversion: NA06994.acmg: started
TSV conversion: NA06994.acmg: finished
RMLStreamer: NA06994.acmg: started
  RMLStreamer: NA06994.acmg: rmlstreamer started — 0 B · 0 parts
  RMLStreamer: NA06994.acmg: rmlstreamer heartbeat — 0 B · 0 parts
  RMLStreamer: NA06994.acmg: rmlstreamer heartbeat — 340.71 KB · 8 parts
  RMLStreamer: NA06994.acmg: rmlstreamer heartbeat — 10.03 MB · 8 parts
  RMLStreamer: NA06994.acmg: rmlstreamer complete — 10.03 MB · 8 parts
  RMLStreamer: NA06994.acmg: rdf-aggregate started — 0 parts
  RMLStreamer: NA06994.acmg: rdf-aggregate part — 1 parts
  RMLStreamer: NA06994.acmg: rdf-aggregate part — 2 parts
  RMLStreamer: NA06994.acmg: rdf-aggregate part — 3 parts
  RMLStreamer: NA06994.acmg: rdf-aggregate part — 4 parts
  RMLStreamer: NA06994.acmg: rdf-aggregate part — 5 parts
  RMLStreamer: NA06994.acmg: rdf-aggregate part — 6 parts
  RMLStreamer: NA06994.acmg: rdf-aggregate part — 7 parts
  RMLStreamer: NA06994.acmg: rdf-aggregate part — 8 parts
  RMLStreamer: NA06994.acmg: rdf-aggregate complete — 8 parts
RMLStreamer: NA06994.acmg: finished
Gzip: NA06994.acmg: started
Gzip: NA06994.acmg: finished
