TSV conversion: NA06989.acmg: started
TSV conversion: NA06989.acmg: finished
RMLStreamer: NA06989.acmg: started
  RMLStreamer: NA06989.acmg: rmlstreamer started — 0 B · 0 parts
  RMLStreamer: NA06989.acmg: rmlstreamer heartbeat — 0 B · 0 parts
  RMLStreamer: NA06989.acmg: rmlstreamer heartbeat — 1.02 KB · 8 parts
  RMLStreamer: NA06989.acmg: rmlstreamer heartbeat — 5.83 MB · 8 parts
  RMLStreamer: NA06989.acmg: rmlstreamer heartbeat — 9.87 MB · 8 parts
  RMLStreamer: NA06989.acmg: rmlstreamer complete — 9.87 MB · 8 parts
  RMLStreamer: NA06989.acmg: rdf-aggregate started — 0 parts
  RMLStreamer: NA06989.acmg: rdf-aggregate part — 1 parts
  RMLStreamer: NA06989.acmg: rdf-aggregate part — 2 parts
  RMLStreamer: NA06989.acmg: rdf-aggregate part — 3 parts
  RMLStreamer: NA06989.acmg: rdf-aggregate part — 4 parts
  RMLStreamer: NA06989.acmg: rdf-aggregate part — 5 parts
  RMLStreamer: NA06989.acmg: rdf-aggregate part — 6 parts
  RMLStreamer: NA06989.acmg: rdf-aggregate part — 7 parts
  RMLStreamer: NA06989.acmg: rdf-aggregate part — 8 parts
  RMLStreamer: NA06989.acmg: rdf-aggregate complete — 8 parts
RMLStreamer: NA06989.acmg: finished
Gzip: NA06989.acmg: started
Gzip: NA06989.acmg: finished
