Step 1/5: Validating inputs ✅
  Metrics: /home/ubuntu/vcf-rdfizer-testing/benchmarks_outputs/11_covering_set/row4/out/run_metrics/test-1k__20260915T144803
  Detailed logs: /home/ubuntu/vcf-rdfizer-testing/benchmarks_outputs/11_covering_set/row4/out/run_metrics/test-1k__20260915T144803/logs/wrapper.log
  Progress log: /home/ubuntu/vcf-rdfizer-testing/benchmarks_outputs/11_covering_set/row4/out/run_metrics/test-1k__20260915T144803/logs/progress.log
Step 2/5: Ensuring Docker image is available ✅
Step 3/5: Processing per-input pipeline (TSV -> RDF -> compression -> validation)
  Spark partition hint: 8
  Sample representation: condensed
  INFO representation: structured
  Header representation: structured
  Validation: aggregate, hdt, cottas via comunica
  - Input 1/1: test-1k.vcf
    * TSV conversion ✅
    * VCF version: VCFv4.2 (detected)
    * RDF conversion ✅
    * Streaming condensed multi-sample RDF (no expanded helper TSVs)
    * Condensed matrices streamed: 986; FORMAT vectors: 1,972; reusable samples: 1
    * Streaming structured header RDF
    * Header lines typed: 13; contigs: 2
    * Streaming QUAL and structured INFO RDF
    * QUAL values streamed: 986; INFO values: 2,958; declarations: 3
    * Triples produced: 78,157
    * Compression ✅
    * Semantic validation (aggregate, comunica): test-1k.nt.gz
Validation results: /home/ubuntu/vcf-rdfizer-testing/benchmarks_outputs/11_covering_set/row4/out/run_metrics/test-1k__20260915T144803/reports/validation/test-1k
Validation metrics: /home/ubuntu/vcf-rdfizer-testing/benchmarks_outputs/11_covering_set/row4/out/run_metrics/test-1k__20260915T144803/stages/validation/test-1k.json
    * Semantic validation (cottas, comunica): test-1k.cottas
Validation results: /home/ubuntu/vcf-rdfizer-testing/benchmarks_outputs/11_covering_set/row4/out/run_metrics/test-1k__20260915T144803/reports/validation/test-1k__cottas
Validation metrics: /home/ubuntu/vcf-rdfizer-testing/benchmarks_outputs/11_covering_set/row4/out/run_metrics/test-1k__20260915T144803/stages/validation/test-1k__cottas.json
    * Output directory: /home/ubuntu/vcf-rdfizer-testing/benchmarks_outputs/11_covering_set/row4/out/test-1k
      - RDF aggregate: test-1k.nt.gz
      - RDF (.gz): 331.72 KB (retained because it is also the selected gzip artifact)
      - gzip (.nt.gz): 331.72 KB
      - COTTAS (.cottas): 131.56 KB (/home/ubuntu/vcf-rdfizer-testing/benchmarks_outputs/11_covering_set/row4/out/test-1k/test-1k.cottas)
      - brotli-on-COTTAS (.cottas.br): 123.70 KB (/home/ubuntu/vcf-rdfizer-testing/benchmarks_outputs/11_covering_set/row4/out/test-1k/test-1k.cottas.br)
Total triples produced (full run): 78,157
Conversion process finished.
Run time (full mode): 1m 56.3s
Timing log: /home/ubuntu/vcf-rdfizer-testing/benchmarks_outputs/11_covering_set/row4/out/run_metrics/test-1k__20260915T144803/wrapper_execution_times.csv
Metrics summary: /home/ubuntu/vcf-rdfizer-testing/benchmarks_outputs/11_covering_set/row4/out/run_metrics/test-1k__20260915T144803/summary.json
