TSV conversion: HG01259.acmg: started
TSV conversion: HG01259.acmg: finished
RMLStreamer: HG01259.acmg: started
  RMLStreamer: HG01259.acmg: rmlstreamer started — 0 B · 0 parts
  RMLStreamer: HG01259.acmg: rmlstreamer heartbeat — 0 B · 0 parts
  RMLStreamer: HG01259.acmg: rmlstreamer heartbeat — 6.01 MB · 8 parts
  RMLStreamer: HG01259.acmg: rmlstreamer heartbeat — 10.82 MB · 8 parts
  RMLStreamer: HG01259.acmg: rmlstreamer complete — 10.82 MB · 8 parts
  RMLStreamer: HG01259.acmg: rdf-aggregate started — 0 parts
  RMLStreamer: HG01259.acmg: rdf-aggregate part — 1 parts
  RMLStreamer: HG01259.acmg: rdf-aggregate part — 2 parts
  RMLStreamer: HG01259.acmg: rdf-aggregate part — 3 parts
  RMLStreamer: HG01259.acmg: rdf-aggregate part — 4 parts
  RMLStreamer: HG01259.acmg: rdf-aggregate part — 5 parts
  RMLStreamer: HG01259.acmg: rdf-aggregate part — 6 parts
  RMLStreamer: HG01259.acmg: rdf-aggregate part — 7 parts
  RMLStreamer: HG01259.acmg: rdf-aggregate part — 8 parts
  RMLStreamer: HG01259.acmg: rdf-aggregate complete — 8 parts
RMLStreamer: HG01259.acmg: finished
Gzip: HG01259.acmg: started
Gzip: HG01259.acmg: finished
