Step 1/5: Validating inputs ✅
  Metrics: /home/ubuntu/vcf-rdfizer-testing/benchmarks_outputs/05_corpus_breadth/consumer_wgs__60820188474283__first250000/out/run_metrics/60820188474283_first250000__20260915T221029
  Detailed logs: /home/ubuntu/vcf-rdfizer-testing/benchmarks_outputs/05_corpus_breadth/consumer_wgs__60820188474283__first250000/out/run_metrics/60820188474283_first250000__20260915T221029/logs/wrapper.log
  Progress log: /home/ubuntu/vcf-rdfizer-testing/benchmarks_outputs/05_corpus_breadth/consumer_wgs__60820188474283__first250000/out/run_metrics/60820188474283_first250000__20260915T221029/logs/progress.log
Step 2/5: Ensuring Docker image is available ✅
Step 3/5: Processing per-input pipeline (TSV -> RDF -> compression)
  Spark partition hint: 8
  Sample representation: expanded
  INFO representation: structured
  Header representation: structured
  - Input 1/1: 60820188474283_first250000.vcf.gz
    * TSV conversion ✅
    * VCF version: VCFv4.2 (detected)
    * RDF conversion ✅
    * Streaming expanded multi-sample RDF (no expanded helper TSVs)
    * Sample RDF streaming: 10,000 variants, 10,000 calls
    * Sample RDF streaming: 20,000 variants, 20,000 calls
    * Sample RDF streaming: 30,000 variants, 30,000 calls
    * Sample RDF streaming: 40,000 variants, 40,000 calls
    * Sample RDF streaming: 50,000 variants, 50,000 calls
    * Sample RDF streaming: 60,000 variants, 60,000 calls
    * Sample RDF streaming: 70,000 variants, 70,000 calls
    * Sample RDF streaming: 80,000 variants, 80,000 calls
    * Sample RDF streaming: 90,000 variants, 90,000 calls
    * Sample RDF streaming: 100,000 variants, 100,000 calls
    * Sample RDF streaming: 110,000 variants, 110,000 calls
    * Sample RDF streaming: 120,000 variants, 120,000 calls
    * Sample RDF streaming: 130,000 variants, 130,000 calls
    * Sample RDF streaming: 140,000 variants, 140,000 calls
    * Sample RDF streaming: 150,000 variants, 150,000 calls
    * Sample RDF streaming: 160,000 variants, 160,000 calls
    * Sample RDF streaming: 170,000 variants, 170,000 calls
    * Sample RDF streaming: 180,000 variants, 180,000 calls
    * Sample RDF streaming: 190,000 variants, 190,000 calls
    * Sample RDF streaming: 200,000 variants, 200,000 calls
    * Sample RDF streaming: 210,000 variants, 210,000 calls
    * Sample RDF streaming: 220,000 variants, 220,000 calls
    * Sample RDF streaming: 230,000 variants, 230,000 calls
    * Sample RDF streaming: 240,000 variants, 240,000 calls
    * Sample RDF streaming: 250,000 variants, 250,000 calls
    * Sample calls streamed: 250,000; FORMAT values: 2,750,000
    * Streaming structured header RDF
    * Header lines typed: 129; contigs: 86
    * Streaming QUAL and structured INFO RDF
    * INFO RDF streaming: 10,000 variants, 109,653 values
    * INFO RDF streaming: 20,000 variants, 217,914 values
    * INFO RDF streaming: 30,000 variants, 329,007 values
    * INFO RDF streaming: 40,000 variants, 437,136 values
    * INFO RDF streaming: 50,000 variants, 545,976 values
    * INFO RDF streaming: 60,000 variants, 655,524 values
    * INFO RDF streaming: 70,000 variants, 765,228 values
    * INFO RDF streaming: 80,000 variants, 874,752 values
    * INFO RDF streaming: 90,000 variants, 981,945 values
    * INFO RDF streaming: 100,000 variants, 1,090,203 values
    * INFO RDF streaming: 110,000 variants, 1,199,205 values
    * INFO RDF streaming: 120,000 variants, 1,306,992 values
    * INFO RDF streaming: 130,000 variants, 1,411,509 values
    * INFO RDF streaming: 140,000 variants, 1,520,082 values
    * INFO RDF streaming: 150,000 variants, 1,627,911 values
    * INFO RDF streaming: 160,000 variants, 1,741,824 values
    * INFO RDF streaming: 170,000 variants, 1,852,797 values
    * INFO RDF streaming: 180,000 variants, 1,960,173 values
    * INFO RDF streaming: 190,000 variants, 2,070,069 values
    * INFO RDF streaming: 200,000 variants, 2,182,290 values
    * INFO RDF streaming: 210,000 variants, 2,293,491 values
    * INFO RDF streaming: 220,000 variants, 2,399,253 values
    * INFO RDF streaming: 230,000 variants, 2,507,223 values
    * INFO RDF streaming: 240,000 variants, 2,613,696 values
    * INFO RDF streaming: 250,000 variants, 2,723,352 values
    * QUAL values streamed: 250,000; INFO values: 2,723,352; declarations: 12
    * Triples produced: 72,128,667
    * Compression ✅
    * Output directory: /home/ubuntu/vcf-rdfizer-testing/benchmarks_outputs/05_corpus_breadth/consumer_wgs__60820188474283__first250000/out/60820188474283_first250000
      - RDF aggregate: 60820188474283_first250000.nt.gz
      - RDF (.gz): 318.89 MB (removed after successful compression)
      - HDT (.hdt): 462.25 MB (/home/ubuntu/vcf-rdfizer-testing/benchmarks_outputs/05_corpus_breadth/consumer_wgs__60820188474283__first250000/out/60820188474283_first250000/60820188474283_first250000.hdt)
      - COTTAS (.cottas): 171.56 MB (/home/ubuntu/vcf-rdfizer-testing/benchmarks_outputs/05_corpus_breadth/consumer_wgs__60820188474283__first250000/out/60820188474283_first250000/60820188474283_first250000.cottas)
Total triples produced (full run): 72,128,667
Conversion process finished.
Run time (full mode): 1h 39m 18.4s
Timing log: /home/ubuntu/vcf-rdfizer-testing/benchmarks_outputs/05_corpus_breadth/consumer_wgs__60820188474283__first250000/out/run_metrics/60820188474283_first250000__20260915T221029/wrapper_execution_times.csv
Metrics summary: /home/ubuntu/vcf-rdfizer-testing/benchmarks_outputs/05_corpus_breadth/consumer_wgs__60820188474283__first250000/out/run_metrics/60820188474283_first250000__20260915T221029/summary.json
