Step 1/5: Validating inputs ✅
  Metrics: /home/ubuntu/vrdev-test/v331/results/17_use_case_acmg__cohort/convert__NA20334/out/run_metrics/NA20334.acmg__20261008T143544
  Detailed logs: /home/ubuntu/vrdev-test/v331/results/17_use_case_acmg__cohort/convert__NA20334/out/run_metrics/NA20334.acmg__20261008T143544/logs/wrapper.log
  Progress log: /home/ubuntu/vrdev-test/v331/results/17_use_case_acmg__cohort/convert__NA20334/out/run_metrics/NA20334.acmg__20261008T143544/logs/progress.log
Step 2/5: Ensuring Docker image is available ✅
Step 3/5: Processing per-input pipeline (TSV -> RDF -> compression)
  Sample representation: expanded
  INFO representation: structured
  Header representation: structured
  - Input 1/1: NA20334.acmg.vcf
    * TSV conversion ✅
    * VCF version: VCFv4.2 (detected)
    * RDF conversion ✅
    * Streaming expanded multi-sample RDF (no expanded helper TSVs)
    * Sample RDF streaming: 10,000 variants, 10,000 calls
    * Sample calls streamed: 11,697; FORMAT values: 11,697
    * Streaming structured header RDF
    * Header lines typed: 43; contigs: 24
    * Streaming QUAL and structured INFO RDF
    * INFO RDF streaming: 10,000 variants, 0 values
    * QUAL values streamed: 11,697; INFO values: 0; declarations: 0
    * Triples produced: 690,067
    * Compression ✅
    * Output directory: /home/ubuntu/vrdev-test/v331/results/17_use_case_acmg__cohort/convert__NA20334/out/NA20334.acmg
      - RDF aggregate: NA20334.acmg.nt.gz
      - RDF (.gz): 2.75 MB (retained because it is also the selected gzip artifact)
      - gzip (.nt.gz): 2.75 MB
Total triples produced (full run): 690,067
Conversion process finished.
Run time (full mode): 17.91s
Timing log: /home/ubuntu/vrdev-test/v331/results/17_use_case_acmg__cohort/convert__NA20334/out/run_metrics/NA20334.acmg__20261008T143544/wrapper_execution_times.csv
Metrics summary: /home/ubuntu/vrdev-test/v331/results/17_use_case_acmg__cohort/convert__NA20334/out/run_metrics/NA20334.acmg__20261008T143544/summary.json
