TSV conversion: 1000G_10000r_s64: started
TSV conversion: 1000G_10000r_s64: finished
RMLStreamer: 1000G_10000r_s64: started
  RMLStreamer: 1000G_10000r_s64: rmlstreamer started — 0 B · 0 parts
  RMLStreamer: 1000G_10000r_s64: rmlstreamer heartbeat — 0 B · 0 parts
  RMLStreamer: 1000G_10000r_s64: rmlstreamer heartbeat — 663.15 KB · 8 parts
  RMLStreamer: 1000G_10000r_s64: rmlstreamer heartbeat — 7.03 MB · 8 parts
  RMLStreamer: 1000G_10000r_s64: rmlstreamer heartbeat — 10.60 MB · 8 parts
  RMLStreamer: 1000G_10000r_s64: rmlstreamer complete — 10.60 MB · 8 parts
  RMLStreamer: 1000G_10000r_s64: rdf-aggregate started — 0 parts
  RMLStreamer: 1000G_10000r_s64: rdf-aggregate part — 1 parts
  RMLStreamer: 1000G_10000r_s64: rdf-aggregate part — 2 parts
  RMLStreamer: 1000G_10000r_s64: rdf-aggregate part — 3 parts
  RMLStreamer: 1000G_10000r_s64: rdf-aggregate part — 4 parts
  RMLStreamer: 1000G_10000r_s64: rdf-aggregate part — 5 parts
  RMLStreamer: 1000G_10000r_s64: rdf-aggregate part — 6 parts
  RMLStreamer: 1000G_10000r_s64: rdf-aggregate part — 7 parts
  RMLStreamer: 1000G_10000r_s64: rdf-aggregate part — 8 parts
  RMLStreamer: 1000G_10000r_s64: rdf-aggregate complete — 8 parts
RMLStreamer: 1000G_10000r_s64: finished
Partitioned compression: 1000G_10000r_s64: started
  Partitioned compression: 1000G_10000r_s64: rdf-scan started — 0 triples
  Partitioned compression: 1000G_10000r_s64: rdf-scan heartbeat — 454,382 triples · 67,108,960 bytes read
  Partitioned compression: 1000G_10000r_s64: rdf-scan heartbeat — 887,790 triples · 134,217,923 bytes read
  Partitioned compression: 1000G_10000r_s64: rdf-scan heartbeat — 1,321,199 triples · 201,326,908 bytes read
  Partitioned compression: 1000G_10000r_s64: rdf-scan heartbeat — 1,754,078 triples · 268,435,886 bytes read
  Partitioned compression: 1000G_10000r_s64: rdf-scan heartbeat — 2,183,933 triples · 335,544,898 bytes read
  Partitioned compression: 1000G_10000r_s64: rdf-scan heartbeat — 2,613,788 triples · 402,653,886 bytes read
  Partitioned compression: 1000G_10000r_s64: rdf-scan heartbeat — 3,043,643 triples · 469,762,867 bytes read
  Partitioned compression: 1000G_10000r_s64: rdf-scan chunk — 3,473,493 triples · 1 chunks · 536,871,049 bytes read
  Partitioned compression: 1000G_10000r_s64: hdt-chunks started — 0 chunks · hdt-build-00000
  Partitioned compression: 1000G_10000r_s64: hdt-chunks complete — 1 chunks · hdt-build-00000
  Partitioned compression: 1000G_10000r_s64: rdf-scan heartbeat — 3,473,498 triples · 536,871,765 bytes read
  Partitioned compression: 1000G_10000r_s64: rdf-scan heartbeat — 3,903,353 triples · 603,980,699 bytes read
  Partitioned compression: 1000G_10000r_s64: rdf-scan heartbeat — 4,333,208 triples · 671,089,711 bytes read
  Partitioned compression: 1000G_10000r_s64: rdf-scan heartbeat — 4,763,063 triples · 738,198,699 bytes read
  Partitioned compression: 1000G_10000r_s64: rdf-scan heartbeat — 5,192,918 triples · 805,307,680 bytes read
  Partitioned compression: 1000G_10000r_s64: rdf-scan heartbeat — 5,622,773 triples · 872,416,578 bytes read
  Partitioned compression: 1000G_10000r_s64: rdf-scan heartbeat — 6,052,628 triples · 939,525,512 bytes read
  Partitioned compression: 1000G_10000r_s64: rdf-scan heartbeat — 6,482,483 triples · 1,006,634,524 bytes read
  Partitioned compression: 1000G_10000r_s64: rdf-scan chunk — 6,912,329 triples · 2 chunks · 1,073,742,045 bytes read
  Partitioned compression: 1000G_10000r_s64: hdt-chunks started — 1 chunks · hdt-build-00001
  Partitioned compression: 1000G_10000r_s64: hdt-chunks complete — 2 chunks · hdt-build-00001
  Partitioned compression: 1000G_10000r_s64: rdf-scan heartbeat — 6,912,338 triples · 1,073,743,512 bytes read
  Partitioned compression: 1000G_10000r_s64: rdf-scan heartbeat — 7,342,193 triples · 1,140,852,493 bytes read
  Partitioned compression: 1000G_10000r_s64: rdf-scan heartbeat — 7,772,048 triples · 1,207,961,391 bytes read
  Partitioned compression: 1000G_10000r_s64: rdf-scan heartbeat — 8,201,903 triples · 1,275,070,325 bytes read
  Partitioned compression: 1000G_10000r_s64: rdf-scan heartbeat — 8,631,758 triples · 1,342,179,337 bytes read
  Partitioned compression: 1000G_10000r_s64: rdf-scan heartbeat — 9,061,613 triples · 1,409,288,325 bytes read
  Partitioned compression: 1000G_10000r_s64: rdf-scan heartbeat — 9,491,468 triples · 1,476,397,306 bytes read
  Partitioned compression: 1000G_10000r_s64: rdf-scan heartbeat — 9,921,323 triples · 1,543,506,204 bytes read
  Partitioned compression: 1000G_10000r_s64: rdf-scan chunk — 10,351,164 triples · 3 chunks · 1,610,613,045 bytes read
  Partitioned compression: 1000G_10000r_s64: hdt-chunks started — 2 chunks · hdt-build-00002
  Partitioned compression: 1000G_10000r_s64: hdt-chunks complete — 3 chunks · hdt-build-00002
  Partitioned compression: 1000G_10000r_s64: rdf-scan heartbeat — 10,351,178 triples · 1,610,615,138 bytes read
  Partitioned compression: 1000G_10000r_s64: rdf-scan heartbeat — 10,781,033 triples · 1,677,724,150 bytes read
  Partitioned compression: 1000G_10000r_s64: rdf-scan heartbeat — 11,210,888 triples · 1,744,833,138 bytes read
  Partitioned compression: 1000G_10000r_s64: rdf-scan heartbeat — 11,640,743 triples · 1,811,942,119 bytes read
  Partitioned compression: 1000G_10000r_s64: rdf-scan heartbeat — 12,070,598 triples · 1,879,051,017 bytes read
  Partitioned compression: 1000G_10000r_s64: rdf-scan heartbeat — 12,500,453 triples · 1,946,159,951 bytes read
  Partitioned compression: 1000G_10000r_s64: rdf-scan heartbeat — 12,930,308 triples · 2,013,268,963 bytes read
  Partitioned compression: 1000G_10000r_s64: rdf-scan heartbeat — 13,360,163 triples · 2,080,377,951 bytes read
  Partitioned compression: 1000G_10000r_s64: rdf-scan chunk — 13,790,000 triples · 4 chunks · 2,147,484,064 bytes read
  Partitioned compression: 1000G_10000r_s64: hdt-chunks started — 3 chunks · hdt-build-00003
  Partitioned compression: 1000G_10000r_s64: hdt-chunks complete — 4 chunks · hdt-build-00003
  Partitioned compression: 1000G_10000r_s64: rdf-scan heartbeat — 13,790,018 triples · 2,147,486,932 bytes read
  Partitioned compression: 1000G_10000r_s64: rdf-scan heartbeat — 14,219,873 triples · 2,214,595,830 bytes read
  Partitioned compression: 1000G_10000r_s64: rdf-scan heartbeat — 14,649,728 triples · 2,281,704,764 bytes read
  Partitioned compression: 1000G_10000r_s64: rdf-scan heartbeat — 15,079,583 triples · 2,348,813,776 bytes read
  Partitioned compression: 1000G_10000r_s64: rdf-scan heartbeat — 15,509,438 triples · 2,415,922,764 bytes read
  Partitioned compression: 1000G_10000r_s64: rdf-scan heartbeat — 15,939,293 triples · 2,483,031,745 bytes read
  Partitioned compression: 1000G_10000r_s64: rdf-scan heartbeat — 16,391,446 triples · 2,550,140,615 bytes read
  Partitioned compression: 1000G_10000r_s64: rdf-scan heartbeat — 16,853,826 triples · 2,617,249,552 bytes read
  Partitioned compression: 1000G_10000r_s64: rdf-scan chunk — 17,316,085 triples · 5 chunks · 2,684,354,992 bytes read
  Partitioned compression: 1000G_10000r_s64: hdt-chunks started — 4 chunks · hdt-build-00004
  Partitioned compression: 1000G_10000r_s64: hdt-chunks complete — 5 chunks · hdt-build-00004
  Partitioned compression: 1000G_10000r_s64: rdf-scan heartbeat — 17,316,109 triples · 2,684,358,466 bytes read
  Partitioned compression: 1000G_10000r_s64: rdf-scan chunk — 17,359,818 triples · 6 chunks · 2,690,704,905 bytes read
  Partitioned compression: 1000G_10000r_s64: hdt-chunks started — 5 chunks · hdt-build-00005
  Partitioned compression: 1000G_10000r_s64: hdt-chunks complete — 6 chunks · hdt-build-00005
  Partitioned compression: 1000G_10000r_s64: rdf-scan complete — 17,359,818 triples · 6 chunks
  Partitioned compression: 1000G_10000r_s64: hdt-chunks complete — 6 chunks
  Partitioned compression: 1000G_10000r_s64: hdt-merge started — hdt-merge-r01-00000
  Partitioned compression: 1000G_10000r_s64: hdt-merge complete — hdt-merge-r01-00000
  Partitioned compression: 1000G_10000r_s64: hdt-merge started — hdt-merge-r01-00001
  Partitioned compression: 1000G_10000r_s64: hdt-merge complete — hdt-merge-r01-00001
  Partitioned compression: 1000G_10000r_s64: hdt-merge started — hdt-merge-r01-00002
  Partitioned compression: 1000G_10000r_s64: hdt-merge complete — hdt-merge-r01-00002
  Partitioned compression: 1000G_10000r_s64: hdt-merge started — hdt-merge-r02-00000
  Partitioned compression: 1000G_10000r_s64: hdt-merge complete — hdt-merge-r02-00000
  Partitioned compression: 1000G_10000r_s64: hdt-merge started — hdt-merge-r03-00000
  Partitioned compression: 1000G_10000r_s64: hdt-merge complete — hdt-merge-r03-00000
  Partitioned compression: 1000G_10000r_s64: hdt started — hdt-index
  Partitioned compression: 1000G_10000r_s64: hdt complete — hdt-index
  Partitioned compression: 1000G_10000r_s64: hdt started — hdt-validate
  Partitioned compression: 1000G_10000r_s64: hdt complete — hdt-validate
Partitioned compression: 1000G_10000r_s64: finished
