TSV conversion: HG01840.acmg: started
TSV conversion: HG01840.acmg: finished
RMLStreamer: HG01840.acmg: started
  RMLStreamer: HG01840.acmg: rmlstreamer started — 0 B · 0 parts
  RMLStreamer: HG01840.acmg: rmlstreamer heartbeat — 0 B · 0 parts
  RMLStreamer: HG01840.acmg: rmlstreamer heartbeat — 272.84 KB · 8 parts
  RMLStreamer: HG01840.acmg: rmlstreamer heartbeat — 9.83 MB · 8 parts
  RMLStreamer: HG01840.acmg: rmlstreamer heartbeat — 10.32 MB · 8 parts
  RMLStreamer: HG01840.acmg: rmlstreamer complete — 10.32 MB · 8 parts
  RMLStreamer: HG01840.acmg: rdf-aggregate started — 0 parts
  RMLStreamer: HG01840.acmg: rdf-aggregate part — 1 parts
  RMLStreamer: HG01840.acmg: rdf-aggregate part — 2 parts
  RMLStreamer: HG01840.acmg: rdf-aggregate part — 3 parts
  RMLStreamer: HG01840.acmg: rdf-aggregate part — 4 parts
  RMLStreamer: HG01840.acmg: rdf-aggregate part — 5 parts
  RMLStreamer: HG01840.acmg: rdf-aggregate part — 6 parts
  RMLStreamer: HG01840.acmg: rdf-aggregate part — 7 parts
  RMLStreamer: HG01840.acmg: rdf-aggregate part — 8 parts
  RMLStreamer: HG01840.acmg: rdf-aggregate complete — 8 parts
RMLStreamer: HG01840.acmg: finished
Gzip: HG01840.acmg: started
Gzip: HG01840.acmg: finished
