Step 1/5: Validating inputs ✅
  Metrics: /home/ubuntu/vrdev-test/acmg-run/results/17_use_case_acmg__cohort/convert__HG00337/out/run_metrics/HG00337.acmg__20260928T145201
  Detailed logs: /home/ubuntu/vrdev-test/acmg-run/results/17_use_case_acmg__cohort/convert__HG00337/out/run_metrics/HG00337.acmg__20260928T145201/logs/wrapper.log
  Progress log: /home/ubuntu/vrdev-test/acmg-run/results/17_use_case_acmg__cohort/convert__HG00337/out/run_metrics/HG00337.acmg__20260928T145201/logs/progress.log
Step 2/5: Ensuring Docker image is available ✅
Step 3/5: Processing per-input pipeline (TSV -> RDF -> compression)
  Sample representation: expanded
  INFO representation: structured
  Header representation: structured
  - Input 1/1: HG00337.acmg.vcf
    * TSV conversion ✅
    * VCF version: VCFv4.2 (detected)
    * RDF conversion ✅
    * Streaming expanded multi-sample RDF (no expanded helper TSVs)
    * Sample calls streamed: 9,464; FORMAT values: 9,464
    * Streaming structured header RDF
    * Header lines typed: 133; contigs: 24
    * Streaming QUAL and structured INFO RDF
    * QUAL values streamed: 9,464; INFO values: 692,576; declarations: 91
    * Triples produced: 7,611,464
    * Compression ✅
    * Output directory: /home/ubuntu/vrdev-test/acmg-run/results/17_use_case_acmg__cohort/convert__HG00337/out/HG00337.acmg
      - RDF aggregate: HG00337.acmg.nt
      - N-Triples (.nt): 1.02 GB (removed after successful compression)
      - gzip (.nt.gz): 48.14 MB
Total triples produced (full run): 7,611,464
Conversion process finished.
Run time (full mode): 31.68s
Timing log: /home/ubuntu/vrdev-test/acmg-run/results/17_use_case_acmg__cohort/convert__HG00337/out/run_metrics/HG00337.acmg__20260928T145201/wrapper_execution_times.csv
Metrics summary: /home/ubuntu/vrdev-test/acmg-run/results/17_use_case_acmg__cohort/convert__HG00337/out/run_metrics/HG00337.acmg__20260928T145201/summary.json
