TSV conversion: HG03055.acmg: started
TSV conversion: HG03055.acmg: finished
RMLStreamer: HG03055.acmg: started
  RMLStreamer: HG03055.acmg: rmlstreamer started — 0 B · 0 parts
  RMLStreamer: HG03055.acmg: rmlstreamer heartbeat — 0 B · 0 parts
  RMLStreamer: HG03055.acmg: rmlstreamer heartbeat — 29.97 KB · 8 parts
  RMLStreamer: HG03055.acmg: rmlstreamer heartbeat — 7.18 MB · 8 parts
  RMLStreamer: HG03055.acmg: rmlstreamer heartbeat — 13.09 MB · 8 parts
  RMLStreamer: HG03055.acmg: rmlstreamer complete — 13.09 MB · 8 parts
  RMLStreamer: HG03055.acmg: rdf-aggregate started — 0 parts
  RMLStreamer: HG03055.acmg: rdf-aggregate part — 1 parts
  RMLStreamer: HG03055.acmg: rdf-aggregate part — 2 parts
  RMLStreamer: HG03055.acmg: rdf-aggregate part — 3 parts
  RMLStreamer: HG03055.acmg: rdf-aggregate part — 4 parts
  RMLStreamer: HG03055.acmg: rdf-aggregate part — 5 parts
  RMLStreamer: HG03055.acmg: rdf-aggregate part — 6 parts
  RMLStreamer: HG03055.acmg: rdf-aggregate part — 7 parts
  RMLStreamer: HG03055.acmg: rdf-aggregate part — 8 parts
  RMLStreamer: HG03055.acmg: rdf-aggregate complete — 8 parts
RMLStreamer: HG03055.acmg: finished
Gzip: HG03055.acmg: started
Gzip: HG03055.acmg: finished
