Step 1/5: Validating inputs ✅
  Metrics: /home/ubuntu/vrdev-test/acmg-run/results/17_use_case_acmg__cohort/convert__HG03055/out/run_metrics/HG03055.acmg__20260928T151216
  Detailed logs: /home/ubuntu/vrdev-test/acmg-run/results/17_use_case_acmg__cohort/convert__HG03055/out/run_metrics/HG03055.acmg__20260928T151216/logs/wrapper.log
  Progress log: /home/ubuntu/vrdev-test/acmg-run/results/17_use_case_acmg__cohort/convert__HG03055/out/run_metrics/HG03055.acmg__20260928T151216/logs/progress.log
Step 2/5: Ensuring Docker image is available ✅
Step 3/5: Processing per-input pipeline (TSV -> RDF -> compression)
  Sample representation: expanded
  INFO representation: structured
  Header representation: structured
  - Input 1/1: HG03055.acmg.vcf
    * TSV conversion ✅
    * VCF version: VCFv4.2 (detected)
    * RDF conversion ✅
    * Streaming expanded multi-sample RDF (no expanded helper TSVs)
    * Sample RDF streaming: 10,000 variants, 10,000 calls
    * Sample calls streamed: 13,302; FORMAT values: 13,302
    * Streaming structured header RDF
    * Header lines typed: 133; contigs: 24
    * Streaming QUAL and structured INFO RDF
    * INFO RDF streaming: 10,000 variants, 730,075 values
    * QUAL values streamed: 13,302; INFO values: 973,928; declarations: 91
    * Triples produced: 10,701,840
    * Compression ✅
    * Output directory: /home/ubuntu/vrdev-test/acmg-run/results/17_use_case_acmg__cohort/convert__HG03055/out/HG03055.acmg
      - RDF aggregate: HG03055.acmg.nt
      - N-Triples (.nt): 1.44 GB (removed after successful compression)
      - gzip (.nt.gz): 66.48 MB
Total triples produced (full run): 10,701,840
Conversion process finished.
Run time (full mode): 38.84s
Timing log: /home/ubuntu/vrdev-test/acmg-run/results/17_use_case_acmg__cohort/convert__HG03055/out/run_metrics/HG03055.acmg__20260928T151216/wrapper_execution_times.csv
Metrics summary: /home/ubuntu/vrdev-test/acmg-run/results/17_use_case_acmg__cohort/convert__HG03055/out/run_metrics/HG03055.acmg__20260928T151216/summary.json
