Step 1/5: Validating inputs ✅
  Metrics: /home/ubuntu/vrdev-test/acmg-run/results/17_use_case_acmg__cohort/convert__HG02983/out/run_metrics/HG02983.acmg__20260928T145930
  Detailed logs: /home/ubuntu/vrdev-test/acmg-run/results/17_use_case_acmg__cohort/convert__HG02983/out/run_metrics/HG02983.acmg__20260928T145930/logs/wrapper.log
  Progress log: /home/ubuntu/vrdev-test/acmg-run/results/17_use_case_acmg__cohort/convert__HG02983/out/run_metrics/HG02983.acmg__20260928T145930/logs/progress.log
Step 2/5: Ensuring Docker image is available ✅
Step 3/5: Processing per-input pipeline (TSV -> RDF -> compression)
  Sample representation: expanded
  INFO representation: structured
  Header representation: structured
  - Input 1/1: HG02983.acmg.vcf
    * TSV conversion ✅
    * VCF version: VCFv4.2 (detected)
    * RDF conversion ✅
    * Streaming expanded multi-sample RDF (no expanded helper TSVs)
    * Sample RDF streaming: 10,000 variants, 10,000 calls
    * Sample calls streamed: 12,189; FORMAT values: 12,189
    * Streaming structured header RDF
    * Header lines typed: 133; contigs: 24
    * Streaming QUAL and structured INFO RDF
    * INFO RDF streaming: 10,000 variants, 730,064 values
    * QUAL values streamed: 12,189; INFO values: 892,332; declarations: 91
    * Triples produced: 9,805,719
    * Compression ✅
    * Output directory: /home/ubuntu/vrdev-test/acmg-run/results/17_use_case_acmg__cohort/convert__HG02983/out/HG02983.acmg
      - RDF aggregate: HG02983.acmg.nt
      - N-Triples (.nt): 1.32 GB (removed after successful compression)
      - gzip (.nt.gz): 61.03 MB
Total triples produced (full run): 9,805,719
Conversion process finished.
Run time (full mode): 36.51s
Timing log: /home/ubuntu/vrdev-test/acmg-run/results/17_use_case_acmg__cohort/convert__HG02983/out/run_metrics/HG02983.acmg__20260928T145930/wrapper_execution_times.csv
Metrics summary: /home/ubuntu/vrdev-test/acmg-run/results/17_use_case_acmg__cohort/convert__HG02983/out/run_metrics/HG02983.acmg__20260928T145930/summary.json
