TSV conversion: version_4.3: started
TSV conversion: version_4.3: finished
RMLStreamer: version_4.3: started
  RMLStreamer: version_4.3: rmlstreamer started — 0 B · 0 parts
  RMLStreamer: version_4.3: rmlstreamer heartbeat — 0 B · 0 parts
  RMLStreamer: version_4.3: rmlstreamer heartbeat — 8.55 KB · 8 parts
  RMLStreamer: version_4.3: rmlstreamer complete — 8.55 KB · 8 parts
  RMLStreamer: version_4.3: rdf-aggregate started — 0 parts
  RMLStreamer: version_4.3: rdf-aggregate part — 1 parts
  RMLStreamer: version_4.3: rdf-aggregate part — 2 parts
  RMLStreamer: version_4.3: rdf-aggregate part — 3 parts
  RMLStreamer: version_4.3: rdf-aggregate part — 4 parts
  RMLStreamer: version_4.3: rdf-aggregate part — 5 parts
  RMLStreamer: version_4.3: rdf-aggregate part — 6 parts
  RMLStreamer: version_4.3: rdf-aggregate part — 7 parts
  RMLStreamer: version_4.3: rdf-aggregate part — 8 parts
  RMLStreamer: version_4.3: rdf-aggregate complete — 8 parts
RMLStreamer: version_4.3: finished
Partitioned compression: version_4.3: started
  Partitioned compression: version_4.3: rdf-scan started — 0 triples
  Partitioned compression: version_4.3: rdf-scan chunk — 454 triples · 1 chunks · 58,407 bytes read
  Partitioned compression: version_4.3: hdt-chunks started — 0 chunks · hdt-build-00000
  Partitioned compression: version_4.3: hdt-chunks complete — 1 chunks · hdt-build-00000
  Partitioned compression: version_4.3: rdf-scan complete — 454 triples · 1 chunks
  Partitioned compression: version_4.3: hdt-chunks complete — 1 chunks
  Partitioned compression: version_4.3: hdt started — hdt-index
  Partitioned compression: version_4.3: hdt complete — hdt-index
  Partitioned compression: version_4.3: hdt started — hdt-validate
  Partitioned compression: version_4.3: hdt complete — hdt-validate
Partitioned compression: version_4.3: finished
