TSV conversion: NA20874.acmg: started
TSV conversion: NA20874.acmg: finished
RMLStreamer: NA20874.acmg: started
  RMLStreamer: NA20874.acmg: rmlstreamer started — 0 B · 0 parts
  RMLStreamer: NA20874.acmg: rmlstreamer heartbeat — 0 B · 0 parts
  RMLStreamer: NA20874.acmg: rmlstreamer heartbeat — 33.94 KB · 8 parts
  RMLStreamer: NA20874.acmg: rmlstreamer heartbeat — 8.15 MB · 8 parts
  RMLStreamer: NA20874.acmg: rmlstreamer heartbeat — 10.72 MB · 8 parts
  RMLStreamer: NA20874.acmg: rmlstreamer complete — 10.72 MB · 8 parts
  RMLStreamer: NA20874.acmg: rdf-aggregate started — 0 parts
  RMLStreamer: NA20874.acmg: rdf-aggregate part — 1 parts
  RMLStreamer: NA20874.acmg: rdf-aggregate part — 2 parts
  RMLStreamer: NA20874.acmg: rdf-aggregate part — 3 parts
  RMLStreamer: NA20874.acmg: rdf-aggregate part — 4 parts
  RMLStreamer: NA20874.acmg: rdf-aggregate part — 5 parts
  RMLStreamer: NA20874.acmg: rdf-aggregate part — 6 parts
  RMLStreamer: NA20874.acmg: rdf-aggregate part — 7 parts
  RMLStreamer: NA20874.acmg: rdf-aggregate part — 8 parts
  RMLStreamer: NA20874.acmg: rdf-aggregate complete — 8 parts
RMLStreamer: NA20874.acmg: finished
Gzip: NA20874.acmg: started
Gzip: NA20874.acmg: finished
