TSV conversion: 1000G_10000r_s4: started
TSV conversion: 1000G_10000r_s4: finished
RMLStreamer: 1000G_10000r_s4: started
  RMLStreamer: 1000G_10000r_s4: rmlstreamer started — 0 B · 0 parts
  RMLStreamer: 1000G_10000r_s4: rmlstreamer heartbeat — 0 B · 0 parts
  RMLStreamer: 1000G_10000r_s4: rmlstreamer heartbeat — 389.74 KB · 8 parts
  RMLStreamer: 1000G_10000r_s4: rmlstreamer heartbeat — 10.49 MB · 8 parts
  RMLStreamer: 1000G_10000r_s4: rmlstreamer complete — 10.49 MB · 8 parts
  RMLStreamer: 1000G_10000r_s4: rdf-aggregate started — 0 parts
  RMLStreamer: 1000G_10000r_s4: rdf-aggregate part — 1 parts
  RMLStreamer: 1000G_10000r_s4: rdf-aggregate part — 2 parts
  RMLStreamer: 1000G_10000r_s4: rdf-aggregate part — 3 parts
  RMLStreamer: 1000G_10000r_s4: rdf-aggregate part — 4 parts
  RMLStreamer: 1000G_10000r_s4: rdf-aggregate part — 5 parts
  RMLStreamer: 1000G_10000r_s4: rdf-aggregate part — 6 parts
  RMLStreamer: 1000G_10000r_s4: rdf-aggregate part — 7 parts
  RMLStreamer: 1000G_10000r_s4: rdf-aggregate part — 8 parts
  RMLStreamer: 1000G_10000r_s4: rdf-aggregate complete — 8 parts
RMLStreamer: 1000G_10000r_s4: finished
Partitioned compression: 1000G_10000r_s4: started
  Partitioned compression: 1000G_10000r_s4: rdf-scan started — 0 triples
  Partitioned compression: 1000G_10000r_s4: rdf-scan heartbeat — 454,742 triples · 67,108,962 bytes read
  Partitioned compression: 1000G_10000r_s4: rdf-scan heartbeat — 888,375 triples · 134,217,961 bytes read
  Partitioned compression: 1000G_10000r_s4: rdf-scan heartbeat — 1,340,921 triples · 201,326,905 bytes read
  Partitioned compression: 1000G_10000r_s4: rdf-scan heartbeat — 1,807,623 triples · 268,435,893 bytes read
  Partitioned compression: 1000G_10000r_s4: rdf-scan heartbeat — 2,274,226 triples · 335,544,778 bytes read
  Partitioned compression: 1000G_10000r_s4: rdf-scan chunk — 2,359,518 triples · 1 chunks · 347,815,208 bytes read
  Partitioned compression: 1000G_10000r_s4: hdt-chunks started — 0 chunks · hdt-build-00000
  Partitioned compression: 1000G_10000r_s4: hdt-chunks complete — 1 chunks · hdt-build-00000
  Partitioned compression: 1000G_10000r_s4: rdf-scan complete — 2,359,518 triples · 1 chunks
  Partitioned compression: 1000G_10000r_s4: hdt-chunks complete — 1 chunks
  Partitioned compression: 1000G_10000r_s4: hdt started — hdt-index
  Partitioned compression: 1000G_10000r_s4: hdt complete — hdt-index
  Partitioned compression: 1000G_10000r_s4: hdt started — hdt-validate
  Partitioned compression: 1000G_10000r_s4: hdt complete — hdt-validate
Partitioned compression: 1000G_10000r_s4: finished
