TSV conversion: 1000G_10000r_s256: started
TSV conversion: 1000G_10000r_s256: finished
RMLStreamer: 1000G_10000r_s256: started
  RMLStreamer: 1000G_10000r_s256: rmlstreamer started — 0 B · 0 parts
  RMLStreamer: 1000G_10000r_s256: rmlstreamer heartbeat — 0 B · 0 parts
  RMLStreamer: 1000G_10000r_s256: rmlstreamer heartbeat — 1.55 MB · 8 parts
  RMLStreamer: 1000G_10000r_s256: rmlstreamer heartbeat — 10.70 MB · 8 parts
  RMLStreamer: 1000G_10000r_s256: rmlstreamer complete — 10.70 MB · 8 parts
  RMLStreamer: 1000G_10000r_s256: rdf-aggregate started — 0 parts
  RMLStreamer: 1000G_10000r_s256: rdf-aggregate part — 1 parts
  RMLStreamer: 1000G_10000r_s256: rdf-aggregate part — 2 parts
  RMLStreamer: 1000G_10000r_s256: rdf-aggregate part — 3 parts
  RMLStreamer: 1000G_10000r_s256: rdf-aggregate part — 4 parts
  RMLStreamer: 1000G_10000r_s256: rdf-aggregate part — 5 parts
  RMLStreamer: 1000G_10000r_s256: rdf-aggregate part — 6 parts
  RMLStreamer: 1000G_10000r_s256: rdf-aggregate part — 7 parts
  RMLStreamer: 1000G_10000r_s256: rdf-aggregate part — 8 parts
  RMLStreamer: 1000G_10000r_s256: rdf-aggregate complete — 8 parts
RMLStreamer: 1000G_10000r_s256: finished
Partitioned compression: 1000G_10000r_s256: started
  Partitioned compression: 1000G_10000r_s256: rdf-scan started — 0 triples
  Partitioned compression: 1000G_10000r_s256: rdf-scan heartbeat — 452,621 triples · 67,108,903 bytes read
  Partitioned compression: 1000G_10000r_s256: rdf-scan heartbeat — 884,497 triples · 134,217,828 bytes read
  Partitioned compression: 1000G_10000r_s256: rdf-scan heartbeat — 1,314,132 triples · 201,326,786 bytes read
  Partitioned compression: 1000G_10000r_s256: rdf-scan heartbeat — 1,743,767 triples · 268,435,784 bytes read
  Partitioned compression: 1000G_10000r_s256: rdf-scan heartbeat — 2,173,401 triples · 335,544,692 bytes read
  Partitioned compression: 1000G_10000r_s256: rdf-scan heartbeat — 2,603,036 triples · 402,653,563 bytes read
  Partitioned compression: 1000G_10000r_s256: rdf-scan heartbeat — 3,032,670 triples · 469,762,467 bytes read
  Partitioned compression: 1000G_10000r_s256: rdf-scan chunk — 3,462,302 triples · 1 chunks · 536,870,996 bytes read
  Partitioned compression: 1000G_10000r_s256: hdt-chunks started — 0 chunks · hdt-build-00000
  Partitioned compression: 1000G_10000r_s256: hdt-chunks complete — 1 chunks · hdt-build-00000
  Partitioned compression: 1000G_10000r_s256: rdf-scan heartbeat — 3,462,305 triples · 536,871,464 bytes read
  Partitioned compression: 1000G_10000r_s256: rdf-scan heartbeat — 3,891,940 triples · 603,980,385 bytes read
  Partitioned compression: 1000G_10000r_s256: rdf-scan heartbeat — 4,321,574 triples · 671,089,298 bytes read
  Partitioned compression: 1000G_10000r_s256: rdf-scan heartbeat — 4,751,209 triples · 738,198,228 bytes read
  Partitioned compression: 1000G_10000r_s256: rdf-scan heartbeat — 5,180,844 triples · 805,307,236 bytes read
  Partitioned compression: 1000G_10000r_s256: rdf-scan heartbeat — 5,610,478 triples · 872,416,103 bytes read
  Partitioned compression: 1000G_10000r_s256: rdf-scan heartbeat — 6,040,113 triples · 939,524,998 bytes read
  Partitioned compression: 1000G_10000r_s256: rdf-scan heartbeat — 6,469,747 triples · 1,006,633,878 bytes read
  Partitioned compression: 1000G_10000r_s256: rdf-scan chunk — 6,896,018 triples · 2 chunks · 1,073,742,035 bytes read
  Partitioned compression: 1000G_10000r_s256: hdt-chunks started — 1 chunks · hdt-build-00001
  Partitioned compression: 1000G_10000r_s256: hdt-chunks complete — 2 chunks · hdt-build-00001
  Partitioned compression: 1000G_10000r_s256: rdf-scan heartbeat — 6,896,023 triples · 1,073,742,848 bytes read
  Partitioned compression: 1000G_10000r_s256: rdf-scan heartbeat — 7,322,166 triples · 1,140,851,779 bytes read
  Partitioned compression: 1000G_10000r_s256: rdf-scan heartbeat — 7,748,308 triples · 1,207,960,644 bytes read
  Partitioned compression: 1000G_10000r_s256: rdf-scan heartbeat — 8,174,450 triples · 1,275,069,556 bytes read
  Partitioned compression: 1000G_10000r_s256: rdf-scan heartbeat — 8,600,593 triples · 1,342,178,506 bytes read
  Partitioned compression: 1000G_10000r_s256: rdf-scan heartbeat — 9,026,736 triples · 1,409,287,449 bytes read
  Partitioned compression: 1000G_10000r_s256: rdf-scan heartbeat — 9,452,878 triples · 1,476,396,391 bytes read
  Partitioned compression: 1000G_10000r_s256: rdf-scan heartbeat — 9,879,021 triples · 1,543,505,331 bytes read
  Partitioned compression: 1000G_10000r_s256: rdf-scan chunk — 10,305,155 triples · 3 chunks · 1,610,612,957 bytes read
  Partitioned compression: 1000G_10000r_s256: hdt-chunks started — 2 chunks · hdt-build-00002
  Partitioned compression: 1000G_10000r_s256: hdt-chunks complete — 3 chunks · hdt-build-00002
  Partitioned compression: 1000G_10000r_s256: rdf-scan heartbeat — 10,305,164 triples · 1,610,614,311 bytes read
  Partitioned compression: 1000G_10000r_s256: rdf-scan heartbeat — 10,731,307 triples · 1,677,723,318 bytes read
  Partitioned compression: 1000G_10000r_s256: rdf-scan heartbeat — 11,157,449 triples · 1,744,832,232 bytes read
  Partitioned compression: 1000G_10000r_s256: rdf-scan heartbeat — 11,583,592 triples · 1,811,941,171 bytes read
  Partitioned compression: 1000G_10000r_s256: rdf-scan heartbeat — 12,009,735 triples · 1,879,050,175 bytes read
  Partitioned compression: 1000G_10000r_s256: rdf-scan heartbeat — 12,435,877 triples · 1,946,159,057 bytes read
  Partitioned compression: 1000G_10000r_s256: rdf-scan heartbeat — 12,862,020 triples · 2,013,268,046 bytes read
  Partitioned compression: 1000G_10000r_s256: rdf-scan heartbeat — 13,288,163 triples · 2,080,376,981 bytes read
  Partitioned compression: 1000G_10000r_s256: rdf-scan chunk — 13,714,293 triples · 4 chunks · 2,147,483,982 bytes read
  Partitioned compression: 1000G_10000r_s256: hdt-chunks started — 3 chunks · hdt-build-00003
  Partitioned compression: 1000G_10000r_s256: hdt-chunks complete — 4 chunks · hdt-build-00003
  Partitioned compression: 1000G_10000r_s256: rdf-scan heartbeat — 13,714,305 triples · 2,147,485,899 bytes read
  Partitioned compression: 1000G_10000r_s256: rdf-scan heartbeat — 14,140,448 triples · 2,214,594,897 bytes read
  Partitioned compression: 1000G_10000r_s256: rdf-scan heartbeat — 14,566,591 triples · 2,281,703,828 bytes read
  Partitioned compression: 1000G_10000r_s256: rdf-scan heartbeat — 14,992,733 triples · 2,348,812,693 bytes read
  Partitioned compression: 1000G_10000r_s256: rdf-scan heartbeat — 15,418,875 triples · 2,415,921,605 bytes read
  Partitioned compression: 1000G_10000r_s256: rdf-scan heartbeat — 15,845,018 triples · 2,483,030,555 bytes read
  Partitioned compression: 1000G_10000r_s256: rdf-scan heartbeat — 16,271,161 triples · 2,550,139,498 bytes read
  Partitioned compression: 1000G_10000r_s256: rdf-scan heartbeat — 16,697,303 triples · 2,617,248,440 bytes read
  Partitioned compression: 1000G_10000r_s256: rdf-scan chunk — 17,123,430 triples · 5 chunks · 2,684,354,904 bytes read
  Partitioned compression: 1000G_10000r_s256: hdt-chunks started — 4 chunks · hdt-build-00004
  Partitioned compression: 1000G_10000r_s256: hdt-chunks complete — 5 chunks · hdt-build-00004
  Partitioned compression: 1000G_10000r_s256: rdf-scan heartbeat — 17,123,446 triples · 2,684,357,380 bytes read
  Partitioned compression: 1000G_10000r_s256: rdf-scan heartbeat — 17,549,589 triples · 2,751,466,360 bytes read
  Partitioned compression: 1000G_10000r_s256: rdf-scan heartbeat — 17,975,732 triples · 2,818,575,367 bytes read
  Partitioned compression: 1000G_10000r_s256: rdf-scan heartbeat — 18,401,874 triples · 2,885,684,281 bytes read
  Partitioned compression: 1000G_10000r_s256: rdf-scan heartbeat — 18,828,017 triples · 2,952,793,220 bytes read
  Partitioned compression: 1000G_10000r_s256: rdf-scan heartbeat — 19,254,160 triples · 3,019,902,224 bytes read
  Partitioned compression: 1000G_10000r_s256: rdf-scan heartbeat — 19,680,302 triples · 3,087,011,106 bytes read
  Partitioned compression: 1000G_10000r_s256: rdf-scan heartbeat — 20,106,445 triples · 3,154,120,095 bytes read
  Partitioned compression: 1000G_10000r_s256: rdf-scan chunk — 20,532,568 triples · 6 chunks · 3,221,225,929 bytes read
  Partitioned compression: 1000G_10000r_s256: hdt-chunks started — 5 chunks · hdt-build-00005
  Partitioned compression: 1000G_10000r_s256: hdt-chunks complete — 6 chunks · hdt-build-00005
  Partitioned compression: 1000G_10000r_s256: rdf-scan heartbeat — 20,532,588 triples · 3,221,229,030 bytes read
  Partitioned compression: 1000G_10000r_s256: rdf-scan heartbeat — 20,958,730 triples · 3,288,337,948 bytes read
  Partitioned compression: 1000G_10000r_s256: rdf-scan heartbeat — 21,384,873 triples · 3,355,446,946 bytes read
  Partitioned compression: 1000G_10000r_s256: rdf-scan heartbeat — 21,811,016 triples · 3,422,555,877 bytes read
  Partitioned compression: 1000G_10000r_s256: rdf-scan heartbeat — 22,237,158 triples · 3,489,664,742 bytes read
  Partitioned compression: 1000G_10000r_s256: rdf-scan heartbeat — 22,663,300 triples · 3,556,773,654 bytes read
  Partitioned compression: 1000G_10000r_s256: rdf-scan heartbeat — 23,089,443 triples · 3,623,882,604 bytes read
  Partitioned compression: 1000G_10000r_s256: rdf-scan heartbeat — 23,515,586 triples · 3,690,991,547 bytes read
  Partitioned compression: 1000G_10000r_s256: rdf-scan chunk — 23,941,705 triples · 7 chunks · 3,758,096,851 bytes read
  Partitioned compression: 1000G_10000r_s256: hdt-chunks started — 6 chunks · hdt-build-00006
  Partitioned compression: 1000G_10000r_s256: hdt-chunks complete — 7 chunks · hdt-build-00006
  Partitioned compression: 1000G_10000r_s256: rdf-scan heartbeat — 23,941,728 triples · 3,758,100,489 bytes read
  Partitioned compression: 1000G_10000r_s256: rdf-scan heartbeat — 24,367,871 triples · 3,825,209,429 bytes read
  Partitioned compression: 1000G_10000r_s256: rdf-scan heartbeat — 24,794,014 triples · 3,892,318,409 bytes read
  Partitioned compression: 1000G_10000r_s256: rdf-scan heartbeat — 25,220,157 triples · 3,959,427,416 bytes read
  Partitioned compression: 1000G_10000r_s256: rdf-scan heartbeat — 25,646,299 triples · 4,026,536,330 bytes read
  Partitioned compression: 1000G_10000r_s256: rdf-scan heartbeat — 26,072,442 triples · 4,093,645,269 bytes read
  Partitioned compression: 1000G_10000r_s256: rdf-scan heartbeat — 26,498,585 triples · 4,160,754,273 bytes read
  Partitioned compression: 1000G_10000r_s256: rdf-scan heartbeat — 26,924,727 triples · 4,227,863,155 bytes read
  Partitioned compression: 1000G_10000r_s256: rdf-scan chunk — 27,350,843 triples · 8 chunks · 4,294,967,876 bytes read
  Partitioned compression: 1000G_10000r_s256: hdt-chunks started — 7 chunks · hdt-build-00007
  Partitioned compression: 1000G_10000r_s256: hdt-chunks complete — 8 chunks · hdt-build-00007
  Partitioned compression: 1000G_10000r_s256: rdf-scan heartbeat — 27,350,870 triples · 4,294,972,144 bytes read
  Partitioned compression: 1000G_10000r_s256: rdf-scan heartbeat — 27,777,013 triples · 4,362,081,079 bytes read
  Partitioned compression: 1000G_10000r_s256: rdf-scan heartbeat — 28,203,155 triples · 4,429,189,997 bytes read
  Partitioned compression: 1000G_10000r_s256: rdf-scan heartbeat — 28,629,298 triples · 4,496,298,995 bytes read
  Partitioned compression: 1000G_10000r_s256: rdf-scan heartbeat — 29,055,441 triples · 4,563,407,926 bytes read
  Partitioned compression: 1000G_10000r_s256: rdf-scan heartbeat — 29,481,583 triples · 4,630,516,791 bytes read
  Partitioned compression: 1000G_10000r_s256: rdf-scan heartbeat — 29,907,725 triples · 4,697,625,703 bytes read
  Partitioned compression: 1000G_10000r_s256: rdf-scan heartbeat — 30,333,868 triples · 4,764,734,653 bytes read
  Partitioned compression: 1000G_10000r_s256: rdf-scan chunk — 30,759,980 triples · 9 chunks · 4,831,838,798 bytes read
  Partitioned compression: 1000G_10000r_s256: hdt-chunks started — 8 chunks · hdt-build-00008
  Partitioned compression: 1000G_10000r_s256: hdt-chunks complete — 9 chunks · hdt-build-00008
  Partitioned compression: 1000G_10000r_s256: rdf-scan heartbeat — 30,760,011 triples · 4,831,843,596 bytes read
  Partitioned compression: 1000G_10000r_s256: rdf-scan heartbeat — 31,186,153 triples · 4,898,952,538 bytes read
  Partitioned compression: 1000G_10000r_s256: rdf-scan heartbeat — 31,612,296 triples · 4,966,061,478 bytes read
  Partitioned compression: 1000G_10000r_s256: rdf-scan heartbeat — 32,038,439 triples · 5,033,170,458 bytes read
  Partitioned compression: 1000G_10000r_s256: rdf-scan heartbeat — 32,464,582 triples · 5,100,279,465 bytes read
  Partitioned compression: 1000G_10000r_s256: rdf-scan heartbeat — 32,890,724 triples · 5,167,388,379 bytes read
  Partitioned compression: 1000G_10000r_s256: rdf-scan heartbeat — 33,316,867 triples · 5,234,497,318 bytes read
  Partitioned compression: 1000G_10000r_s256: rdf-scan heartbeat — 33,743,010 triples · 5,301,606,322 bytes read
  Partitioned compression: 1000G_10000r_s256: rdf-scan chunk — 34,169,118 triples · 10 chunks · 5,368,709,823 bytes read
  Partitioned compression: 1000G_10000r_s256: hdt-chunks started — 9 chunks · hdt-build-00009
  Partitioned compression: 1000G_10000r_s256: hdt-chunks complete — 10 chunks · hdt-build-00009
  Partitioned compression: 1000G_10000r_s256: rdf-scan heartbeat — 34,169,152 triples · 5,368,715,204 bytes read
  Partitioned compression: 1000G_10000r_s256: rdf-scan heartbeat — 34,595,295 triples · 5,435,824,193 bytes read
  Partitioned compression: 1000G_10000r_s256: rdf-scan heartbeat — 35,021,438 triples · 5,502,933,128 bytes read
  Partitioned compression: 1000G_10000r_s256: rdf-scan heartbeat — 35,447,580 triples · 5,570,042,046 bytes read
  Partitioned compression: 1000G_10000r_s256: rdf-scan heartbeat — 35,873,723 triples · 5,637,151,044 bytes read
  Partitioned compression: 1000G_10000r_s256: rdf-scan heartbeat — 36,299,866 triples · 5,704,259,975 bytes read
  Partitioned compression: 1000G_10000r_s256: rdf-scan heartbeat — 36,726,008 triples · 5,771,368,840 bytes read
  Partitioned compression: 1000G_10000r_s256: rdf-scan heartbeat — 37,152,150 triples · 5,838,477,752 bytes read
  Partitioned compression: 1000G_10000r_s256: rdf-scan chunk — 37,578,255 triples · 11 chunks · 5,905,580,745 bytes read
  Partitioned compression: 1000G_10000r_s256: hdt-chunks started — 10 chunks · hdt-build-00010
  Partitioned compression: 1000G_10000r_s256: hdt-chunks complete — 11 chunks · hdt-build-00010
  Partitioned compression: 1000G_10000r_s256: rdf-scan heartbeat — 37,578,293 triples · 5,905,586,702 bytes read
  Partitioned compression: 1000G_10000r_s256: rdf-scan heartbeat — 38,004,436 triples · 5,972,695,645 bytes read
  Partitioned compression: 1000G_10000r_s256: rdf-scan heartbeat — 38,430,578 triples · 6,039,804,587 bytes read
  Partitioned compression: 1000G_10000r_s256: rdf-scan heartbeat — 38,856,721 triples · 6,106,913,527 bytes read
  Partitioned compression: 1000G_10000r_s256: rdf-scan heartbeat — 39,282,864 triples · 6,174,022,507 bytes read
  Partitioned compression: 1000G_10000r_s256: rdf-scan heartbeat — 39,709,007 triples · 6,241,131,514 bytes read
  Partitioned compression: 1000G_10000r_s256: rdf-scan heartbeat — 40,135,149 triples · 6,308,240,428 bytes read
  Partitioned compression: 1000G_10000r_s256: rdf-scan heartbeat — 40,561,292 triples · 6,375,349,367 bytes read
  Partitioned compression: 1000G_10000r_s256: rdf-scan chunk — 40,987,393 triples · 12 chunks · 6,442,451,770 bytes read
  Partitioned compression: 1000G_10000r_s256: hdt-chunks started — 11 chunks · hdt-build-00011
  Partitioned compression: 1000G_10000r_s256: hdt-chunks complete — 12 chunks · hdt-build-00011
  Partitioned compression: 1000G_10000r_s256: rdf-scan heartbeat — 40,987,435 triples · 6,442,458,371 bytes read
  Partitioned compression: 1000G_10000r_s256: rdf-scan heartbeat — 41,413,577 triples · 6,509,567,253 bytes read
  Partitioned compression: 1000G_10000r_s256: rdf-scan heartbeat — 41,839,720 triples · 6,576,676,242 bytes read
  Partitioned compression: 1000G_10000r_s256: rdf-scan heartbeat — 42,265,863 triples · 6,643,785,177 bytes read
  Partitioned compression: 1000G_10000r_s256: rdf-scan heartbeat — 42,692,005 triples · 6,710,894,095 bytes read
  Partitioned compression: 1000G_10000r_s256: rdf-scan heartbeat — 43,118,148 triples · 6,778,003,093 bytes read
  Partitioned compression: 1000G_10000r_s256: rdf-scan heartbeat — 43,544,291 triples · 6,845,112,024 bytes read
  Partitioned compression: 1000G_10000r_s256: rdf-scan heartbeat — 43,970,433 triples · 6,912,220,889 bytes read
  Partitioned compression: 1000G_10000r_s256: rdf-scan chunk — 44,396,530 triples · 13 chunks · 6,979,322,692 bytes read
  Partitioned compression: 1000G_10000r_s256: hdt-chunks started — 12 chunks · hdt-build-00012
  Partitioned compression: 1000G_10000r_s256: hdt-chunks complete — 13 chunks · hdt-build-00012
  Partitioned compression: 1000G_10000r_s256: rdf-scan heartbeat — 44,396,575 triples · 6,979,329,801 bytes read
  Partitioned compression: 1000G_10000r_s256: rdf-scan heartbeat — 44,822,718 triples · 7,046,438,751 bytes read
  Partitioned compression: 1000G_10000r_s256: rdf-scan heartbeat — 45,248,861 triples · 7,113,547,694 bytes read
  Partitioned compression: 1000G_10000r_s256: rdf-scan heartbeat — 45,675,003 triples · 7,180,656,636 bytes read
  Partitioned compression: 1000G_10000r_s256: rdf-scan heartbeat — 46,101,146 triples · 7,247,765,576 bytes read
  Partitioned compression: 1000G_10000r_s256: rdf-scan heartbeat — 46,527,289 triples · 7,314,874,556 bytes read
  Partitioned compression: 1000G_10000r_s256: rdf-scan heartbeat — 46,953,432 triples · 7,381,983,563 bytes read
  Partitioned compression: 1000G_10000r_s256: rdf-scan heartbeat — 47,379,574 triples · 7,449,092,477 bytes read
  Partitioned compression: 1000G_10000r_s256: rdf-scan chunk — 47,805,668 triples · 14 chunks · 7,516,193,717 bytes read
  Partitioned compression: 1000G_10000r_s256: hdt-chunks started — 13 chunks · hdt-build-00013
  Partitioned compression: 1000G_10000r_s256: hdt-chunks complete — 14 chunks · hdt-build-00013
  Partitioned compression: 1000G_10000r_s256: rdf-scan heartbeat — 47,805,717 triples · 7,516,201,416 bytes read
  Partitioned compression: 1000G_10000r_s256: rdf-scan heartbeat — 48,231,860 triples · 7,583,310,420 bytes read
  Partitioned compression: 1000G_10000r_s256: rdf-scan heartbeat — 48,658,002 triples · 7,650,419,302 bytes read
  Partitioned compression: 1000G_10000r_s256: rdf-scan heartbeat — 49,084,145 triples · 7,717,528,291 bytes read
  Partitioned compression: 1000G_10000r_s256: rdf-scan heartbeat — 49,510,288 triples · 7,784,637,226 bytes read
  Partitioned compression: 1000G_10000r_s256: rdf-scan heartbeat — 49,936,430 triples · 7,851,746,144 bytes read
  Partitioned compression: 1000G_10000r_s256: rdf-scan heartbeat — 50,362,573 triples · 7,918,855,142 bytes read
  Partitioned compression: 1000G_10000r_s256: rdf-scan heartbeat — 50,788,716 triples · 7,985,964,073 bytes read
  Partitioned compression: 1000G_10000r_s256: rdf-scan chunk — 51,214,805 triples · 15 chunks · 8,053,064,639 bytes read
  Partitioned compression: 1000G_10000r_s256: hdt-chunks started — 14 chunks · hdt-build-00014
  Partitioned compression: 1000G_10000r_s256: hdt-chunks complete — 15 chunks · hdt-build-00014
  Partitioned compression: 1000G_10000r_s256: rdf-scan heartbeat — 51,214,858 triples · 8,053,072,938 bytes read
  Partitioned compression: 1000G_10000r_s256: rdf-scan heartbeat — 51,641,000 triples · 8,120,181,850 bytes read
  Partitioned compression: 1000G_10000r_s256: rdf-scan heartbeat — 52,067,143 triples · 8,187,290,800 bytes read
  Partitioned compression: 1000G_10000r_s256: rdf-scan heartbeat — 52,493,286 triples · 8,254,399,743 bytes read
  Partitioned compression: 1000G_10000r_s256: rdf-scan heartbeat — 52,919,428 triples · 8,321,508,685 bytes read
  Partitioned compression: 1000G_10000r_s256: rdf-scan heartbeat — 53,345,571 triples · 8,388,617,625 bytes read
  Partitioned compression: 1000G_10000r_s256: rdf-scan heartbeat — 53,771,714 triples · 8,455,726,605 bytes read
  Partitioned compression: 1000G_10000r_s256: rdf-scan heartbeat — 54,197,857 triples · 8,522,835,612 bytes read
  Partitioned compression: 1000G_10000r_s256: rdf-scan chunk — 54,623,943 triples · 16 chunks · 8,589,935,664 bytes read
  Partitioned compression: 1000G_10000r_s256: hdt-chunks started — 15 chunks · hdt-build-00015
  Partitioned compression: 1000G_10000r_s256: hdt-chunks complete — 16 chunks · hdt-build-00015
  Partitioned compression: 1000G_10000r_s256: rdf-scan heartbeat — 54,623,999 triples · 8,589,944,526 bytes read
  Partitioned compression: 1000G_10000r_s256: rdf-scan heartbeat — 55,050,142 triples · 8,657,053,465 bytes read
  Partitioned compression: 1000G_10000r_s256: rdf-scan heartbeat — 55,476,285 triples · 8,724,162,469 bytes read
  Partitioned compression: 1000G_10000r_s256: rdf-scan heartbeat — 55,902,427 triples · 8,791,271,351 bytes read
  Partitioned compression: 1000G_10000r_s256: rdf-scan heartbeat — 56,328,570 triples · 8,858,380,340 bytes read
  Partitioned compression: 1000G_10000r_s256: rdf-scan heartbeat — 56,754,713 triples · 8,925,489,275 bytes read
  Partitioned compression: 1000G_10000r_s256: rdf-scan heartbeat — 57,180,855 triples · 8,992,598,193 bytes read
  Partitioned compression: 1000G_10000r_s256: rdf-scan heartbeat — 57,606,998 triples · 9,059,707,191 bytes read
  Partitioned compression: 1000G_10000r_s256: rdf-scan chunk — 58,033,080 triples · 17 chunks · 9,126,806,586 bytes read
  Partitioned compression: 1000G_10000r_s256: hdt-chunks started — 16 chunks · hdt-build-00016
  Partitioned compression: 1000G_10000r_s256: hdt-chunks complete — 17 chunks · hdt-build-00016
  Partitioned compression: 1000G_10000r_s256: rdf-scan heartbeat — 58,033,141 triples · 9,126,816,122 bytes read
  Partitioned compression: 1000G_10000r_s256: rdf-scan heartbeat — 58,459,283 triples · 9,193,924,987 bytes read
  Partitioned compression: 1000G_10000r_s256: rdf-scan heartbeat — 58,885,425 triples · 9,261,033,899 bytes read
  Partitioned compression: 1000G_10000r_s256: rdf-scan heartbeat — 59,311,568 triples · 9,328,142,849 bytes read
  Partitioned compression: 1000G_10000r_s256: rdf-scan heartbeat — 59,737,711 triples · 9,395,251,792 bytes read
  Partitioned compression: 1000G_10000r_s256: rdf-scan heartbeat — 60,163,853 triples · 9,462,360,734 bytes read
  Partitioned compression: 1000G_10000r_s256: rdf-scan heartbeat — 60,589,996 triples · 9,529,469,674 bytes read
  Partitioned compression: 1000G_10000r_s256: rdf-scan heartbeat — 61,016,139 triples · 9,596,578,654 bytes read
  Partitioned compression: 1000G_10000r_s256: rdf-scan chunk — 61,442,218 triples · 18 chunks · 9,663,677,611 bytes read
  Partitioned compression: 1000G_10000r_s256: hdt-chunks started — 17 chunks · hdt-build-00017
  Partitioned compression: 1000G_10000r_s256: hdt-chunks complete — 18 chunks · hdt-build-00017
  Partitioned compression: 1000G_10000r_s256: rdf-scan heartbeat — 61,442,282 triples · 9,663,687,661 bytes read
  Partitioned compression: 1000G_10000r_s256: rdf-scan heartbeat — 61,868,424 triples · 9,730,796,575 bytes read
  Partitioned compression: 1000G_10000r_s256: rdf-scan heartbeat — 62,294,567 triples · 9,797,905,514 bytes read
  Partitioned compression: 1000G_10000r_s256: rdf-scan heartbeat — 62,720,710 triples · 9,865,014,518 bytes read
  Partitioned compression: 1000G_10000r_s256: rdf-scan heartbeat — 63,146,852 triples · 9,932,123,400 bytes read
  Partitioned compression: 1000G_10000r_s256: rdf-scan heartbeat — 63,572,995 triples · 9,999,232,389 bytes read
  Partitioned compression: 1000G_10000r_s256: rdf-scan heartbeat — 63,999,138 triples · 10,066,341,324 bytes read
  Partitioned compression: 1000G_10000r_s256: rdf-scan heartbeat — 64,451,516 triples · 10,133,450,215 bytes read
  Partitioned compression: 1000G_10000r_s256: rdf-scan chunk — 64,909,558 triples · 19 chunks · 10,200,548,633 bytes read
  Partitioned compression: 1000G_10000r_s256: hdt-chunks started — 18 chunks · hdt-build-00018
  Partitioned compression: 1000G_10000r_s256: hdt-chunks complete — 19 chunks · hdt-build-00018
  Partitioned compression: 1000G_10000r_s256: rdf-scan heartbeat — 64,909,630 triples · 10,200,559,107 bytes read
  Partitioned compression: 1000G_10000r_s256: rdf-scan chunk — 65,360,778 triples · 20 chunks · 10,266,655,204 bytes read
  Partitioned compression: 1000G_10000r_s256: hdt-chunks started — 19 chunks · hdt-build-00019
  Partitioned compression: 1000G_10000r_s256: hdt-chunks complete — 20 chunks · hdt-build-00019
  Partitioned compression: 1000G_10000r_s256: rdf-scan complete — 65,360,778 triples · 20 chunks
  Partitioned compression: 1000G_10000r_s256: hdt-chunks complete — 20 chunks
  Partitioned compression: 1000G_10000r_s256: hdt-merge started — hdt-merge-r01-00000
  Partitioned compression: 1000G_10000r_s256: hdt-merge complete — hdt-merge-r01-00000
  Partitioned compression: 1000G_10000r_s256: hdt-merge started — hdt-merge-r01-00001
  Partitioned compression: 1000G_10000r_s256: hdt-merge complete — hdt-merge-r01-00001
  Partitioned compression: 1000G_10000r_s256: hdt-merge started — hdt-merge-r01-00002
  Partitioned compression: 1000G_10000r_s256: hdt-merge complete — hdt-merge-r01-00002
  Partitioned compression: 1000G_10000r_s256: hdt-merge started — hdt-merge-r01-00003
  Partitioned compression: 1000G_10000r_s256: hdt-merge complete — hdt-merge-r01-00003
  Partitioned compression: 1000G_10000r_s256: hdt-merge started — hdt-merge-r01-00004
  Partitioned compression: 1000G_10000r_s256: hdt-merge complete — hdt-merge-r01-00004
  Partitioned compression: 1000G_10000r_s256: hdt-merge started — hdt-merge-r01-00005
  Partitioned compression: 1000G_10000r_s256: hdt-merge complete — hdt-merge-r01-00005
  Partitioned compression: 1000G_10000r_s256: hdt-merge started — hdt-merge-r01-00006
  Partitioned compression: 1000G_10000r_s256: hdt-merge complete — hdt-merge-r01-00006
  Partitioned compression: 1000G_10000r_s256: hdt-merge started — hdt-merge-r01-00007
  Partitioned compression: 1000G_10000r_s256: hdt-merge complete — hdt-merge-r01-00007
  Partitioned compression: 1000G_10000r_s256: hdt-merge started — hdt-merge-r01-00008
  Partitioned compression: 1000G_10000r_s256: hdt-merge complete — hdt-merge-r01-00008
  Partitioned compression: 1000G_10000r_s256: hdt-merge started — hdt-merge-r01-00009
  Partitioned compression: 1000G_10000r_s256: hdt-merge complete — hdt-merge-r01-00009
  Partitioned compression: 1000G_10000r_s256: hdt-merge started — hdt-merge-r02-00000
  Partitioned compression: 1000G_10000r_s256: hdt-merge complete — hdt-merge-r02-00000
  Partitioned compression: 1000G_10000r_s256: hdt-merge started — hdt-merge-r02-00001
  Partitioned compression: 1000G_10000r_s256: hdt-merge complete — hdt-merge-r02-00001
  Partitioned compression: 1000G_10000r_s256: hdt-merge started — hdt-merge-r02-00002
  Partitioned compression: 1000G_10000r_s256: hdt-merge complete — hdt-merge-r02-00002
  Partitioned compression: 1000G_10000r_s256: hdt-merge started — hdt-merge-r02-00003
  Partitioned compression: 1000G_10000r_s256: hdt-merge complete — hdt-merge-r02-00003
  Partitioned compression: 1000G_10000r_s256: hdt-merge started — hdt-merge-r02-00004
  Partitioned compression: 1000G_10000r_s256: hdt-merge complete — hdt-merge-r02-00004
  Partitioned compression: 1000G_10000r_s256: hdt-merge started — hdt-merge-r03-00000
  Partitioned compression: 1000G_10000r_s256: hdt-merge complete — hdt-merge-r03-00000
  Partitioned compression: 1000G_10000r_s256: hdt-merge started — hdt-merge-r03-00001
  Partitioned compression: 1000G_10000r_s256: hdt-merge complete — hdt-merge-r03-00001
  Partitioned compression: 1000G_10000r_s256: hdt-merge started — hdt-merge-r04-00000
  Partitioned compression: 1000G_10000r_s256: hdt-merge complete — hdt-merge-r04-00000
  Partitioned compression: 1000G_10000r_s256: hdt-merge started — hdt-merge-r05-00000
  Partitioned compression: 1000G_10000r_s256: hdt-merge complete — hdt-merge-r05-00000
  Partitioned compression: 1000G_10000r_s256: hdt started — hdt-index
  Partitioned compression: 1000G_10000r_s256: hdt complete — hdt-index
  Partitioned compression: 1000G_10000r_s256: hdt started — hdt-validate
  Partitioned compression: 1000G_10000r_s256: hdt complete — hdt-validate
Partitioned compression: 1000G_10000r_s256: finished
