TSV conversion: HG01441.acmg: started
TSV conversion: HG01441.acmg: finished
RMLStreamer: HG01441.acmg: started
  RMLStreamer: HG01441.acmg: rmlstreamer started — 0 B · 0 parts
  RMLStreamer: HG01441.acmg: rmlstreamer heartbeat — 0 B · 0 parts
  RMLStreamer: HG01441.acmg: rmlstreamer heartbeat — 83.08 KB · 8 parts
  RMLStreamer: HG01441.acmg: rmlstreamer heartbeat — 6.91 MB · 8 parts
  RMLStreamer: HG01441.acmg: rmlstreamer heartbeat — 10.80 MB · 8 parts
  RMLStreamer: HG01441.acmg: rmlstreamer complete — 10.80 MB · 8 parts
  RMLStreamer: HG01441.acmg: rdf-aggregate started — 0 parts
  RMLStreamer: HG01441.acmg: rdf-aggregate part — 1 parts
  RMLStreamer: HG01441.acmg: rdf-aggregate part — 2 parts
  RMLStreamer: HG01441.acmg: rdf-aggregate part — 3 parts
  RMLStreamer: HG01441.acmg: rdf-aggregate part — 4 parts
  RMLStreamer: HG01441.acmg: rdf-aggregate part — 5 parts
  RMLStreamer: HG01441.acmg: rdf-aggregate part — 6 parts
  RMLStreamer: HG01441.acmg: rdf-aggregate part — 7 parts
  RMLStreamer: HG01441.acmg: rdf-aggregate part — 8 parts
  RMLStreamer: HG01441.acmg: rdf-aggregate complete — 8 parts
RMLStreamer: HG01441.acmg: finished
