TSV conversion: HG03940.acmg: started
TSV conversion: HG03940.acmg: finished
RMLStreamer: HG03940.acmg: started
  RMLStreamer: HG03940.acmg: rmlstreamer started — 0 B · 0 parts
  RMLStreamer: HG03940.acmg: rmlstreamer heartbeat — 0 B · 0 parts
  RMLStreamer: HG03940.acmg: rmlstreamer heartbeat — 4.39 KB · 8 parts
  RMLStreamer: HG03940.acmg: rmlstreamer heartbeat — 9.33 MB · 8 parts
  RMLStreamer: HG03940.acmg: rmlstreamer heartbeat — 9.99 MB · 8 parts
  RMLStreamer: HG03940.acmg: rmlstreamer complete — 9.99 MB · 8 parts
  RMLStreamer: HG03940.acmg: rdf-aggregate started — 0 parts
  RMLStreamer: HG03940.acmg: rdf-aggregate part — 1 parts
  RMLStreamer: HG03940.acmg: rdf-aggregate part — 2 parts
  RMLStreamer: HG03940.acmg: rdf-aggregate part — 3 parts
  RMLStreamer: HG03940.acmg: rdf-aggregate part — 4 parts
  RMLStreamer: HG03940.acmg: rdf-aggregate part — 5 parts
  RMLStreamer: HG03940.acmg: rdf-aggregate part — 6 parts
  RMLStreamer: HG03940.acmg: rdf-aggregate part — 7 parts
  RMLStreamer: HG03940.acmg: rdf-aggregate part — 8 parts
  RMLStreamer: HG03940.acmg: rdf-aggregate complete — 8 parts
RMLStreamer: HG03940.acmg: finished
Gzip: HG03940.acmg: started
Gzip: HG03940.acmg: finished
