Step 1/5: Validating inputs ✅
  Metrics: /home/ubuntu/vcf-rdfizer-testing/benchmarks_outputs/03_sample_representation/s1__expanded__structure/out/run_metrics/1000G_10000r_s1__20260922T173748
  Detailed logs: /home/ubuntu/vcf-rdfizer-testing/benchmarks_outputs/03_sample_representation/s1__expanded__structure/out/run_metrics/1000G_10000r_s1__20260922T173748/logs/wrapper.log
  Progress log: /home/ubuntu/vcf-rdfizer-testing/benchmarks_outputs/03_sample_representation/s1__expanded__structure/out/run_metrics/1000G_10000r_s1__20260922T173748/logs/progress.log
Step 2/5: Ensuring Docker image is available ✅
Step 3/5: Processing per-input pipeline (TSV -> RDF -> compression)
  Spark partition hint: 8
  Sample representation: expanded
  INFO representation: structured
  Header representation: structured
  - Input 1/1: 1000G_10000r_s1.vcf.gz
    * TSV conversion ✅
    * VCF version: VCFv4.1 (detected)
    * RDF conversion ✅
    * Streaming expanded multi-sample RDF (no expanded helper TSVs)
    * Sample RDF streaming: 10,000 variants, 10,000 calls
    * Sample calls streamed: 10,000; FORMAT values: 10,000
    * Streaming structured header RDF
    * Header lines typed: 252; contigs: 86
    * Streaming QUAL and structured INFO RDF
    * INFO RDF streaming: 10,000 variants, 120,258 values
    * QUAL values streamed: 10,000; INFO values: 120,258; declarations: 24
    * Triples produced: 1,609,503
    * Compression ✅
    * Output directory: /home/ubuntu/vcf-rdfizer-testing/benchmarks_outputs/03_sample_representation/s1__expanded__structure/out/1000G_10000r_s1
      - RDF aggregate: 1000G_10000r_s1.nt.gz
      - RDF (.gz): 6.83 MB (removed after successful compression)
      - HDT (.hdt): 10.70 MB (/home/ubuntu/vcf-rdfizer-testing/benchmarks_outputs/03_sample_representation/s1__expanded__structure/out/1000G_10000r_s1/1000G_10000r_s1.hdt)
Total triples produced (full run): 1,609,503
Conversion process finished.
Run time (full mode): 41.54s
Timing log: /home/ubuntu/vcf-rdfizer-testing/benchmarks_outputs/03_sample_representation/s1__expanded__structure/out/run_metrics/1000G_10000r_s1__20260922T173748/wrapper_execution_times.csv
Metrics summary: /home/ubuntu/vcf-rdfizer-testing/benchmarks_outputs/03_sample_representation/s1__expanded__structure/out/run_metrics/1000G_10000r_s1__20260922T173748/summary.json
