TSV conversion: HG005.acmg: started
TSV conversion: HG005.acmg: finished
RMLStreamer: HG005.acmg: started
  RMLStreamer: HG005.acmg: rmlstreamer started — 0 B · 0 parts
  RMLStreamer: HG005.acmg: rmlstreamer heartbeat — 0 B · 0 parts
  RMLStreamer: HG005.acmg: rmlstreamer heartbeat — 9.09 MB · 8 parts
  RMLStreamer: HG005.acmg: rmlstreamer heartbeat — 25.48 MB · 8 parts
  RMLStreamer: HG005.acmg: rmlstreamer heartbeat — 56.27 MB · 8 parts
  RMLStreamer: HG005.acmg: rmlstreamer heartbeat — 95.97 MB · 8 parts
  RMLStreamer: HG005.acmg: rmlstreamer heartbeat — 135.53 MB · 8 parts
  RMLStreamer: HG005.acmg: rmlstreamer heartbeat — 180.43 MB · 8 parts
  RMLStreamer: HG005.acmg: rmlstreamer heartbeat — 223.37 MB · 8 parts
  RMLStreamer: HG005.acmg: rmlstreamer heartbeat — 265.04 MB · 8 parts
  RMLStreamer: HG005.acmg: rmlstreamer heartbeat — 299.33 MB · 8 parts
  RMLStreamer: HG005.acmg: rmlstreamer heartbeat — 340.09 MB · 8 parts
  RMLStreamer: HG005.acmg: rmlstreamer heartbeat — 385.22 MB · 8 parts
  RMLStreamer: HG005.acmg: rmlstreamer heartbeat — 427.79 MB · 8 parts
  RMLStreamer: HG005.acmg: rmlstreamer heartbeat — 467.63 MB · 8 parts
  RMLStreamer: HG005.acmg: rmlstreamer heartbeat — 508.53 MB · 8 parts
  RMLStreamer: HG005.acmg: rmlstreamer heartbeat — 548.37 MB · 8 parts
  RMLStreamer: HG005.acmg: rmlstreamer heartbeat — 592.52 MB · 8 parts
  RMLStreamer: HG005.acmg: rmlstreamer heartbeat — 633.52 MB · 8 parts
  RMLStreamer: HG005.acmg: rmlstreamer heartbeat — 674.90 MB · 8 parts
  RMLStreamer: HG005.acmg: rmlstreamer heartbeat — 716.28 MB · 8 parts
  RMLStreamer: HG005.acmg: rmlstreamer heartbeat — 758.99 MB · 8 parts
  RMLStreamer: HG005.acmg: rmlstreamer heartbeat — 803.35 MB · 8 parts
  RMLStreamer: HG005.acmg: rmlstreamer heartbeat — 847.10 MB · 8 parts
  RMLStreamer: HG005.acmg: rmlstreamer heartbeat — 881.83 MB · 8 parts
  RMLStreamer: HG005.acmg: rmlstreamer heartbeat — 923.05 MB · 8 parts
  RMLStreamer: HG005.acmg: rmlstreamer heartbeat — 966.81 MB · 8 parts
  RMLStreamer: HG005.acmg: rmlstreamer heartbeat — 1010.30 MB · 8 parts
  RMLStreamer: HG005.acmg: rmlstreamer heartbeat — 1.03 GB · 8 parts
  RMLStreamer: HG005.acmg: rmlstreamer heartbeat — 1.07 GB · 8 parts
  RMLStreamer: HG005.acmg: rmlstreamer heartbeat — 1.11 GB · 8 parts
  RMLStreamer: HG005.acmg: rmlstreamer heartbeat — 1.15 GB · 8 parts
  RMLStreamer: HG005.acmg: rmlstreamer heartbeat — 1.19 GB · 8 parts
  RMLStreamer: HG005.acmg: rmlstreamer heartbeat — 1.23 GB · 8 parts
  RMLStreamer: HG005.acmg: rmlstreamer heartbeat — 1.27 GB · 8 parts
  RMLStreamer: HG005.acmg: rmlstreamer heartbeat — 1.31 GB · 8 parts
  RMLStreamer: HG005.acmg: rmlstreamer heartbeat — 1.34 GB · 8 parts
  RMLStreamer: HG005.acmg: rmlstreamer heartbeat — 1.39 GB · 8 parts
  RMLStreamer: HG005.acmg: rmlstreamer heartbeat — 1.43 GB · 8 parts
  RMLStreamer: HG005.acmg: rmlstreamer heartbeat — 1.47 GB · 8 parts
  RMLStreamer: HG005.acmg: rmlstreamer heartbeat — 1.51 GB · 8 parts
  RMLStreamer: HG005.acmg: rmlstreamer heartbeat — 1.55 GB · 8 parts
  RMLStreamer: HG005.acmg: rmlstreamer heartbeat — 1.59 GB · 8 parts
  RMLStreamer: HG005.acmg: rmlstreamer heartbeat — 1.63 GB · 8 parts
  RMLStreamer: HG005.acmg: rmlstreamer heartbeat — 1.67 GB · 8 parts
  RMLStreamer: HG005.acmg: rmlstreamer heartbeat — 1.71 GB · 8 parts
  RMLStreamer: HG005.acmg: rmlstreamer heartbeat — 1.75 GB · 8 parts
  RMLStreamer: HG005.acmg: rmlstreamer heartbeat — 1.79 GB · 8 parts
  RMLStreamer: HG005.acmg: rmlstreamer heartbeat — 1.84 GB · 8 parts
  RMLStreamer: HG005.acmg: rmlstreamer heartbeat — 1.88 GB · 8 parts
  RMLStreamer: HG005.acmg: rmlstreamer heartbeat — 1.92 GB · 8 parts
  RMLStreamer: HG005.acmg: rmlstreamer heartbeat — 1.96 GB · 8 parts
  RMLStreamer: HG005.acmg: rmlstreamer heartbeat — 2.00 GB · 8 parts
  RMLStreamer: HG005.acmg: rmlstreamer heartbeat — 2.05 GB · 8 parts
  RMLStreamer: HG005.acmg: rmlstreamer heartbeat — 2.09 GB · 8 parts
  RMLStreamer: HG005.acmg: rmlstreamer heartbeat — 2.13 GB · 8 parts
  RMLStreamer: HG005.acmg: rmlstreamer heartbeat — 2.17 GB · 8 parts
  RMLStreamer: HG005.acmg: rmlstreamer heartbeat — 2.21 GB · 8 parts
  RMLStreamer: HG005.acmg: rmlstreamer heartbeat — 2.25 GB · 8 parts
  RMLStreamer: HG005.acmg: rmlstreamer heartbeat — 2.30 GB · 8 parts
  RMLStreamer: HG005.acmg: rmlstreamer heartbeat — 2.34 GB · 8 parts
  RMLStreamer: HG005.acmg: rmlstreamer heartbeat — 2.38 GB · 8 parts
  RMLStreamer: HG005.acmg: rmlstreamer heartbeat — 2.42 GB · 8 parts
  RMLStreamer: HG005.acmg: rmlstreamer heartbeat — 2.46 GB · 8 parts
  RMLStreamer: HG005.acmg: rmlstreamer heartbeat — 2.50 GB · 8 parts
  RMLStreamer: HG005.acmg: rmlstreamer heartbeat — 2.54 GB · 8 parts
  RMLStreamer: HG005.acmg: rmlstreamer heartbeat — 2.58 GB · 8 parts
  RMLStreamer: HG005.acmg: rmlstreamer heartbeat — 2.62 GB · 8 parts
  RMLStreamer: HG005.acmg: rmlstreamer heartbeat — 2.66 GB · 8 parts
  RMLStreamer: HG005.acmg: rmlstreamer heartbeat — 2.69 GB · 8 parts
  RMLStreamer: HG005.acmg: rmlstreamer heartbeat — 2.73 GB · 8 parts
  RMLStreamer: HG005.acmg: rmlstreamer heartbeat — 2.77 GB · 8 parts
  RMLStreamer: HG005.acmg: rmlstreamer heartbeat — 2.81 GB · 8 parts
  RMLStreamer: HG005.acmg: rmlstreamer heartbeat — 2.85 GB · 8 parts
  RMLStreamer: HG005.acmg: rmlstreamer heartbeat — 2.89 GB · 8 parts
  RMLStreamer: HG005.acmg: rmlstreamer heartbeat — 2.94 GB · 8 parts
  RMLStreamer: HG005.acmg: rmlstreamer heartbeat — 2.97 GB · 8 parts
  RMLStreamer: HG005.acmg: rmlstreamer heartbeat — 3.01 GB · 8 parts
  RMLStreamer: HG005.acmg: rmlstreamer heartbeat — 3.06 GB · 8 parts
  RMLStreamer: HG005.acmg: rmlstreamer heartbeat — 3.10 GB · 8 parts
  RMLStreamer: HG005.acmg: rmlstreamer heartbeat — 3.14 GB · 8 parts
  RMLStreamer: HG005.acmg: rmlstreamer heartbeat — 3.19 GB · 8 parts
  RMLStreamer: HG005.acmg: rmlstreamer heartbeat — 3.23 GB · 8 parts
  RMLStreamer: HG005.acmg: rmlstreamer heartbeat — 3.27 GB · 8 parts
  RMLStreamer: HG005.acmg: rmlstreamer heartbeat — 3.31 GB · 8 parts
  RMLStreamer: HG005.acmg: rmlstreamer heartbeat — 3.35 GB · 8 parts
  RMLStreamer: HG005.acmg: rmlstreamer heartbeat — 3.39 GB · 8 parts
  RMLStreamer: HG005.acmg: rmlstreamer heartbeat — 3.43 GB · 8 parts
  RMLStreamer: HG005.acmg: rmlstreamer heartbeat — 3.47 GB · 8 parts
  RMLStreamer: HG005.acmg: rmlstreamer heartbeat — 3.51 GB · 8 parts
  RMLStreamer: HG005.acmg: rmlstreamer heartbeat — 3.55 GB · 8 parts
  RMLStreamer: HG005.acmg: rmlstreamer heartbeat — 3.59 GB · 8 parts
  RMLStreamer: HG005.acmg: rmlstreamer heartbeat — 3.63 GB · 8 parts
  RMLStreamer: HG005.acmg: rmlstreamer heartbeat — 3.67 GB · 8 parts
  RMLStreamer: HG005.acmg: rmlstreamer heartbeat — 3.72 GB · 8 parts
  RMLStreamer: HG005.acmg: rmlstreamer heartbeat — 3.75 GB · 8 parts
  RMLStreamer: HG005.acmg: rmlstreamer heartbeat — 3.78 GB · 8 parts
  RMLStreamer: HG005.acmg: rmlstreamer heartbeat — 3.80 GB · 8 parts
  RMLStreamer: HG005.acmg: rmlstreamer heartbeat — 3.81 GB · 8 parts
  RMLStreamer: HG005.acmg: rmlstreamer heartbeat — 3.81 GB · 8 parts
  RMLStreamer: HG005.acmg: rmlstreamer heartbeat — 3.82 GB · 8 parts
  RMLStreamer: HG005.acmg: rmlstreamer complete — 3.82 GB · 8 parts
  RMLStreamer: HG005.acmg: rdf-aggregate started — 0 parts
  RMLStreamer: HG005.acmg: rdf-aggregate part — 1 parts
  RMLStreamer: HG005.acmg: rdf-aggregate part — 2 parts
  RMLStreamer: HG005.acmg: rdf-aggregate part — 3 parts
  RMLStreamer: HG005.acmg: rdf-aggregate part — 4 parts
  RMLStreamer: HG005.acmg: rdf-aggregate part — 5 parts
  RMLStreamer: HG005.acmg: rdf-aggregate part — 6 parts
  RMLStreamer: HG005.acmg: rdf-aggregate part — 7 parts
  RMLStreamer: HG005.acmg: rdf-aggregate part — 8 parts
  RMLStreamer: HG005.acmg: rdf-aggregate complete — 8 parts
RMLStreamer: HG005.acmg: finished
