TSV conversion: HG02983.acmg: started
TSV conversion: HG02983.acmg: finished
RMLStreamer: HG02983.acmg: started
  RMLStreamer: HG02983.acmg: rmlstreamer started — 0 B · 0 parts
  RMLStreamer: HG02983.acmg: rmlstreamer heartbeat — 0 B · 0 parts
  RMLStreamer: HG02983.acmg: rmlstreamer heartbeat — 675.08 KB · 8 parts
  RMLStreamer: HG02983.acmg: rmlstreamer heartbeat — 11.76 MB · 8 parts
  RMLStreamer: HG02983.acmg: rmlstreamer heartbeat — 11.93 MB · 8 parts
  RMLStreamer: HG02983.acmg: rmlstreamer complete — 11.93 MB · 8 parts
  RMLStreamer: HG02983.acmg: rdf-aggregate started — 0 parts
  RMLStreamer: HG02983.acmg: rdf-aggregate part — 1 parts
  RMLStreamer: HG02983.acmg: rdf-aggregate part — 2 parts
  RMLStreamer: HG02983.acmg: rdf-aggregate part — 3 parts
  RMLStreamer: HG02983.acmg: rdf-aggregate part — 4 parts
  RMLStreamer: HG02983.acmg: rdf-aggregate part — 5 parts
  RMLStreamer: HG02983.acmg: rdf-aggregate part — 6 parts
  RMLStreamer: HG02983.acmg: rdf-aggregate part — 7 parts
  RMLStreamer: HG02983.acmg: rdf-aggregate part — 8 parts
  RMLStreamer: HG02983.acmg: rdf-aggregate complete — 8 parts
RMLStreamer: HG02983.acmg: finished
