Step 1/5: Validating inputs ✅
  Metrics: /home/ubuntu/vrdev-test/v331/results/17_use_case_acmg__cohort/convert__HG02983/out/run_metrics/HG02983.acmg__20261008T144913
  Detailed logs: /home/ubuntu/vrdev-test/v331/results/17_use_case_acmg__cohort/convert__HG02983/out/run_metrics/HG02983.acmg__20261008T144913/logs/wrapper.log
  Progress log: /home/ubuntu/vrdev-test/v331/results/17_use_case_acmg__cohort/convert__HG02983/out/run_metrics/HG02983.acmg__20261008T144913/logs/progress.log
Step 2/5: Ensuring Docker image is available ✅
Step 3/5: Processing per-input pipeline (TSV -> RDF -> compression)
  Sample representation: expanded
  INFO representation: structured
  Header representation: structured
  - Input 1/1: HG02983.acmg.vcf
    * TSV conversion ✅
    * VCF version: VCFv4.2 (detected)
    * RDF conversion ✅
    * Streaming expanded multi-sample RDF (no expanded helper TSVs)
    * Sample RDF streaming: 10,000 variants, 10,000 calls
    * Sample calls streamed: 12,189; FORMAT values: 12,189
    * Streaming structured header RDF
    * Header lines typed: 44; contigs: 24
    * Streaming QUAL and structured INFO RDF
    * INFO RDF streaming: 10,000 variants, 0 values
    * QUAL values streamed: 12,189; INFO values: 0; declarations: 0
    * Triples produced: 718,875
    * Compression ✅
    * Output directory: /home/ubuntu/vrdev-test/v331/results/17_use_case_acmg__cohort/convert__HG02983/out/HG02983.acmg
      - RDF aggregate: HG02983.acmg.nt.gz
      - RDF (.gz): 2.83 MB (retained because it is also the selected gzip artifact)
      - gzip (.nt.gz): 2.83 MB
Total triples produced (full run): 718,875
Conversion process finished.
Run time (full mode): 18.05s
Timing log: /home/ubuntu/vrdev-test/v331/results/17_use_case_acmg__cohort/convert__HG02983/out/run_metrics/HG02983.acmg__20261008T144913/wrapper_execution_times.csv
Metrics summary: /home/ubuntu/vrdev-test/v331/results/17_use_case_acmg__cohort/convert__HG02983/out/run_metrics/HG02983.acmg__20261008T144913/summary.json
