Step 1/5: Validating inputs ✅
  Metrics: /home/ubuntu/vrdev-test/acmg-run/results/17_use_case_acmg__cohort/convert__NA19701/out/run_metrics/NA19701.acmg__20260928T164324
  Detailed logs: /home/ubuntu/vrdev-test/acmg-run/results/17_use_case_acmg__cohort/convert__NA19701/out/run_metrics/NA19701.acmg__20260928T164324/logs/wrapper.log
  Progress log: /home/ubuntu/vrdev-test/acmg-run/results/17_use_case_acmg__cohort/convert__NA19701/out/run_metrics/NA19701.acmg__20260928T164324/logs/progress.log
Step 2/5: Ensuring Docker image is available ✅
Step 3/5: Processing per-input pipeline (TSV -> RDF -> compression)
  Sample representation: expanded
  INFO representation: structured
  Header representation: structured
  - Input 1/1: NA19701.acmg.vcf
    * TSV conversion ✅
    * VCF version: VCFv4.2 (detected)
    * RDF conversion ✅
    * Streaming expanded multi-sample RDF (no expanded helper TSVs)
    * Sample RDF streaming: 10,000 variants, 10,000 calls
    * Sample calls streamed: 12,097; FORMAT values: 12,097
    * Streaming structured header RDF
    * Header lines typed: 43; contigs: 24
    * Streaming QUAL and structured INFO RDF
    * INFO RDF streaming: 10,000 variants, 0 values
    * QUAL values streamed: 12,097; INFO values: 0; declarations: 0
    * Triples produced: 713,436
    * Compression ✅
    * Output directory: /home/ubuntu/vrdev-test/acmg-run/results/17_use_case_acmg__cohort/convert__NA19701/out/NA19701.acmg
      - RDF aggregate: NA19701.acmg.nt
      - N-Triples (.nt): 91.57 MB (removed after successful compression)
      - gzip (.nt.gz): 3.36 MB
Total triples produced (full run): 713,436
Conversion process finished.
Run time (full mode): 16.76s
Timing log: /home/ubuntu/vrdev-test/acmg-run/results/17_use_case_acmg__cohort/convert__NA19701/out/run_metrics/NA19701.acmg__20260928T164324/wrapper_execution_times.csv
Metrics summary: /home/ubuntu/vrdev-test/acmg-run/results/17_use_case_acmg__cohort/convert__NA19701/out/run_metrics/NA19701.acmg__20260928T164324/summary.json
