Step 1/5: Validating inputs ✅
  Metrics: /home/ubuntu/vcf-rdfizer-testing/benchmarks_outputs/11_covering_set/row2/out/run_metrics/test-1k__20260915T005856
  Detailed logs: /home/ubuntu/vcf-rdfizer-testing/benchmarks_outputs/11_covering_set/row2/out/run_metrics/test-1k__20260915T005856/logs/wrapper.log
  Progress log: /home/ubuntu/vcf-rdfizer-testing/benchmarks_outputs/11_covering_set/row2/out/run_metrics/test-1k__20260915T005856/logs/progress.log
Step 2/5: Ensuring Docker image is available ✅
Step 3/5: Processing per-input pipeline (TSV -> RDF -> compression -> validation)
  Spark partition hint: 8
  Sample representation: condensed
  INFO representation: raw
  Header representation: structured
  Validation: aggregate, hdt, cottas via comunica
  - Input 1/1: test-1k.vcf
    * TSV conversion ✅
    * VCF version: VCFv4.2 (detected)
    * RDF conversion ✅
    * Streaming condensed multi-sample RDF (no expanded helper TSVs)
    * Condensed matrices streamed: 986; FORMAT vectors: 1,972; reusable samples: 1
    * Streaming structured header RDF
    * Header lines typed: 13; contigs: 2
    * Streaming QUAL and raw INFO RDF
    * QUAL values streamed: 986; INFO values: 0; declarations: 0
    * Triples produced: 39,700
    * Compression ✅
    * Semantic validation (aggregate, comunica): test-1k.nt
    * Semantic validation (hdt, comunica): test-1k.hdt
    * Output directory: /home/ubuntu/vcf-rdfizer-testing/benchmarks_outputs/11_covering_set/row2/out/test-1k
      - RDF aggregate: test-1k.nt
      - N-Triples (.nt): 4.51 MB (retained after validation failure)
      - brotli (.nt.br): 84.44 KB
      - HDT (.hdt): 283.22 KB
      - brotli-on-HDT (.hdt.br): 29.48 KB
Total triples produced (full run): 39,700
Conversion process completed with failures.
Run time (full mode): 1m 31.5s
Timing log: /home/ubuntu/vcf-rdfizer-testing/benchmarks_outputs/11_covering_set/row2/out/run_metrics/test-1k__20260915T005856/wrapper_execution_times.csv
Metrics summary: /home/ubuntu/vcf-rdfizer-testing/benchmarks_outputs/11_covering_set/row2/out/run_metrics/test-1k__20260915T005856/summary.json
