TSV conversion: HG00356.acmg: started
TSV conversion: HG00356.acmg: finished
RMLStreamer: HG00356.acmg: started
  RMLStreamer: HG00356.acmg: rmlstreamer started — 0 B · 0 parts
  RMLStreamer: HG00356.acmg: rmlstreamer heartbeat — 0 B · 0 parts
  RMLStreamer: HG00356.acmg: rmlstreamer heartbeat — 48.19 KB · 8 parts
  RMLStreamer: HG00356.acmg: rmlstreamer heartbeat — 9.38 MB · 8 parts
  RMLStreamer: HG00356.acmg: rmlstreamer heartbeat — 10.00 MB · 8 parts
  RMLStreamer: HG00356.acmg: rmlstreamer complete — 10.00 MB · 8 parts
  RMLStreamer: HG00356.acmg: rdf-aggregate started — 0 parts
  RMLStreamer: HG00356.acmg: rdf-aggregate part — 1 parts
  RMLStreamer: HG00356.acmg: rdf-aggregate part — 2 parts
  RMLStreamer: HG00356.acmg: rdf-aggregate part — 3 parts
  RMLStreamer: HG00356.acmg: rdf-aggregate part — 4 parts
  RMLStreamer: HG00356.acmg: rdf-aggregate part — 5 parts
  RMLStreamer: HG00356.acmg: rdf-aggregate part — 6 parts
  RMLStreamer: HG00356.acmg: rdf-aggregate part — 7 parts
  RMLStreamer: HG00356.acmg: rdf-aggregate part — 8 parts
  RMLStreamer: HG00356.acmg: rdf-aggregate complete — 8 parts
RMLStreamer: HG00356.acmg: finished
Gzip: HG00356.acmg: started
Gzip: HG00356.acmg: finished
