Step 1/5: Validating inputs ✅
  Metrics: /home/ubuntu/vrdev-test/acmg-run/results/17_use_case_acmg__cohort/convert__HG01679/out/run_metrics/HG01679.acmg__20260928T165723
  Detailed logs: /home/ubuntu/vrdev-test/acmg-run/results/17_use_case_acmg__cohort/convert__HG01679/out/run_metrics/HG01679.acmg__20260928T165723/logs/wrapper.log
  Progress log: /home/ubuntu/vrdev-test/acmg-run/results/17_use_case_acmg__cohort/convert__HG01679/out/run_metrics/HG01679.acmg__20260928T165723/logs/progress.log
Step 2/5: Ensuring Docker image is available ✅
Step 3/5: Processing per-input pipeline (TSV -> RDF -> compression)
  Sample representation: expanded
  INFO representation: structured
  Header representation: structured
  - Input 1/1: HG01679.acmg.vcf
    * TSV conversion ✅
    * VCF version: VCFv4.2 (detected)
    * RDF conversion ✅
    * Streaming expanded multi-sample RDF (no expanded helper TSVs)
    * Sample calls streamed: 9,932; FORMAT values: 9,932
    * Streaming structured header RDF
    * Header lines typed: 43; contigs: 24
    * Streaming QUAL and structured INFO RDF
    * QUAL values streamed: 9,932; INFO values: 0; declarations: 0
    * Triples produced: 585,879
    * Compression ✅
    * Output directory: /home/ubuntu/vrdev-test/acmg-run/results/17_use_case_acmg__cohort/convert__HG01679/out/HG01679.acmg
      - RDF aggregate: HG01679.acmg.nt
      - N-Triples (.nt): 75.07 MB (removed after successful compression)
      - gzip (.nt.gz): 2.72 MB
Total triples produced (full run): 585,879
Conversion process finished.
Run time (full mode): 16.57s
Timing log: /home/ubuntu/vrdev-test/acmg-run/results/17_use_case_acmg__cohort/convert__HG01679/out/run_metrics/HG01679.acmg__20260928T165723/wrapper_execution_times.csv
Metrics summary: /home/ubuntu/vrdev-test/acmg-run/results/17_use_case_acmg__cohort/convert__HG01679/out/run_metrics/HG01679.acmg__20260928T165723/summary.json
