TSV conversion: clinvar.acmg: started
TSV conversion: clinvar.acmg: finished
RMLStreamer: clinvar.acmg: started
  RMLStreamer: clinvar.acmg: rmlstreamer started — 0 B · 0 parts
  RMLStreamer: clinvar.acmg: rmlstreamer heartbeat — 0 B · 0 parts
  RMLStreamer: clinvar.acmg: rmlstreamer heartbeat — 5.45 MB · 8 parts
  RMLStreamer: clinvar.acmg: rmlstreamer heartbeat — 23.63 MB · 8 parts
  RMLStreamer: clinvar.acmg: rmlstreamer heartbeat — 61.69 MB · 8 parts
  RMLStreamer: clinvar.acmg: rmlstreamer heartbeat — 96.80 MB · 8 parts
  RMLStreamer: clinvar.acmg: rmlstreamer heartbeat — 135.86 MB · 8 parts
  RMLStreamer: clinvar.acmg: rmlstreamer heartbeat — 173.47 MB · 8 parts
  RMLStreamer: clinvar.acmg: rmlstreamer heartbeat — 210.94 MB · 8 parts
  RMLStreamer: clinvar.acmg: rmlstreamer heartbeat — 245.85 MB · 8 parts
  RMLStreamer: clinvar.acmg: rmlstreamer heartbeat — 284.39 MB · 8 parts
  RMLStreamer: clinvar.acmg: rmlstreamer heartbeat — 300.45 MB · 8 parts
  RMLStreamer: clinvar.acmg: rmlstreamer heartbeat — 301.66 MB · 8 parts
  RMLStreamer: clinvar.acmg: rmlstreamer complete — 301.66 MB · 8 parts
  RMLStreamer: clinvar.acmg: rdf-aggregate started — 0 parts
  RMLStreamer: clinvar.acmg: rdf-aggregate part — 1 parts
  RMLStreamer: clinvar.acmg: rdf-aggregate part — 2 parts
  RMLStreamer: clinvar.acmg: rdf-aggregate part — 3 parts
  RMLStreamer: clinvar.acmg: rdf-aggregate part — 4 parts
  RMLStreamer: clinvar.acmg: rdf-aggregate part — 5 parts
  RMLStreamer: clinvar.acmg: rdf-aggregate part — 6 parts
  RMLStreamer: clinvar.acmg: rdf-aggregate part — 7 parts
  RMLStreamer: clinvar.acmg: rdf-aggregate part — 8 parts
  RMLStreamer: clinvar.acmg: rdf-aggregate complete — 8 parts
RMLStreamer: clinvar.acmg: finished
