Step 1/5: Validating inputs ✅
  Metrics: /home/ubuntu/vcf-rdfizer-testing/benchmarks_outputs/09_awkward_inputs/awkward_declared_format_absent/out/run_metrics/awkward_declared_format_absent__20260924T160728
  Detailed logs: /home/ubuntu/vcf-rdfizer-testing/benchmarks_outputs/09_awkward_inputs/awkward_declared_format_absent/out/run_metrics/awkward_declared_format_absent__20260924T160728/logs/wrapper.log
  Progress log: /home/ubuntu/vcf-rdfizer-testing/benchmarks_outputs/09_awkward_inputs/awkward_declared_format_absent/out/run_metrics/awkward_declared_format_absent__20260924T160728/logs/progress.log
Step 2/5: Ensuring Docker image is available ✅
Step 3/5: Processing per-input pipeline (TSV -> RDF -> compression -> validation)
  Spark partition hint: 8
  Sample representation: expanded
  INFO representation: structured
  Header representation: structured
  Validation: aggregate, hdt, cottas via comunica
  - Input 1/1: awkward_declared_format_absent.vcf
    * TSV conversion ✅
    * VCF version: VCFv4.2 (detected)
    * RDF conversion ✅
    * Streaming expanded multi-sample RDF (no expanded helper TSVs)
    * Sample calls streamed: 1; FORMAT values: 2
    * Streaming structured header RDF
    * Header lines typed: 9; contigs: 1
    * Streaming QUAL and structured INFO RDF
    * QUAL values streamed: 1; INFO values: 1; declarations: 1
    * Triples produced: 293
    * Compression ✅
    * Semantic validation (aggregate, comunica): awkward_declared_format_absent.nt.gz
Validation results: /home/ubuntu/vcf-rdfizer-testing/benchmarks_outputs/09_awkward_inputs/awkward_declared_format_absent/out/run_metrics/awkward_declared_format_absent__20260924T160728/reports/validation/awkward_declared_format_absent
Validation metrics: /home/ubuntu/vcf-rdfizer-testing/benchmarks_outputs/09_awkward_inputs/awkward_declared_format_absent/out/run_metrics/awkward_declared_format_absent__20260924T160728/stages/validation/awkward_declared_format_absent.json
    * Semantic validation (hdt, comunica): awkward_declared_format_absent.hdt
Validation results: /home/ubuntu/vcf-rdfizer-testing/benchmarks_outputs/09_awkward_inputs/awkward_declared_format_absent/out/run_metrics/awkward_declared_format_absent__20260924T160728/reports/validation/awkward_declared_format_absent__hdt
Validation metrics: /home/ubuntu/vcf-rdfizer-testing/benchmarks_outputs/09_awkward_inputs/awkward_declared_format_absent/out/run_metrics/awkward_declared_format_absent__20260924T160728/stages/validation/awkward_declared_format_absent__hdt.json
    * Output directory: /home/ubuntu/vcf-rdfizer-testing/benchmarks_outputs/09_awkward_inputs/awkward_declared_format_absent/out/awkward_declared_format_absent
      - RDF aggregate: awkward_declared_format_absent.nt.gz
      - RDF (.gz): 3.92 KB (removed after successful compression)
      - HDT (.hdt): 5.99 KB (/home/ubuntu/vcf-rdfizer-testing/benchmarks_outputs/09_awkward_inputs/awkward_declared_format_absent/out/awkward_declared_format_absent/awkward_declared_format_absent.hdt)
Total triples produced (full run): 293
Conversion process finished.
Run time (full mode): 34.99s
Timing log: /home/ubuntu/vcf-rdfizer-testing/benchmarks_outputs/09_awkward_inputs/awkward_declared_format_absent/out/run_metrics/awkward_declared_format_absent__20260924T160728/wrapper_execution_times.csv
Metrics summary: /home/ubuntu/vcf-rdfizer-testing/benchmarks_outputs/09_awkward_inputs/awkward_declared_format_absent/out/run_metrics/awkward_declared_format_absent__20260924T160728/summary.json
