TSV conversion: HG02941.acmg: started
TSV conversion: HG02941.acmg: finished
RMLStreamer: HG02941.acmg: started
  RMLStreamer: HG02941.acmg: rmlstreamer started — 0 B · 0 parts
  RMLStreamer: HG02941.acmg: rmlstreamer heartbeat — 0 B · 0 parts
  RMLStreamer: HG02941.acmg: rmlstreamer heartbeat — 704.88 KB · 8 parts
  RMLStreamer: HG02941.acmg: rmlstreamer heartbeat — 11.40 MB · 8 parts
  RMLStreamer: HG02941.acmg: rmlstreamer complete — 11.40 MB · 8 parts
  RMLStreamer: HG02941.acmg: rdf-aggregate started — 0 parts
  RMLStreamer: HG02941.acmg: rdf-aggregate part — 1 parts
  RMLStreamer: HG02941.acmg: rdf-aggregate part — 2 parts
  RMLStreamer: HG02941.acmg: rdf-aggregate part — 3 parts
  RMLStreamer: HG02941.acmg: rdf-aggregate part — 4 parts
  RMLStreamer: HG02941.acmg: rdf-aggregate part — 5 parts
  RMLStreamer: HG02941.acmg: rdf-aggregate part — 6 parts
  RMLStreamer: HG02941.acmg: rdf-aggregate part — 7 parts
  RMLStreamer: HG02941.acmg: rdf-aggregate part — 8 parts
  RMLStreamer: HG02941.acmg: rdf-aggregate complete — 8 parts
RMLStreamer: HG02941.acmg: finished
Gzip: HG02941.acmg: started
Gzip: HG02941.acmg: finished
