--progress is a global compose flag, better use `docker compose --progress xx build ...
#0 building with "default" instance using docker driver

#1 [riot internal] load build definition from Dockerfile
#1 transferring dockerfile: 1.13kB done
#1 WARN: InvalidDefaultArgInFrom: Default value for ARG ${CONV_BASE_IMAGE} results in empty or invalid base image name (line 4)
#1 DONE 0.0s

#2 [riot internal] load metadata for docker.io/library/debian:trixie-slim@sha256:a29215f6a35e51e22adffa17f89e9d2ef06214e64a2bad10d765c46aea49f11f
#2 DONE 0.0s

#3 [riot internal] load .dockerignore
#3 transferring context: 2B done
#3 DONE 0.0s

#4 [riot 1/2] FROM docker.io/library/debian:trixie-slim@sha256:a29215f6a35e51e22adffa17f89e9d2ef06214e64a2bad10d765c46aea49f11f
#4 resolve docker.io/library/debian:trixie-slim@sha256:a29215f6a35e51e22adffa17f89e9d2ef06214e64a2bad10d765c46aea49f11f done
#4 DONE 0.0s

#5 [riot 2/2] RUN set -eux;     rm -f /etc/apt/sources.list.d/debian.sources;     echo "deb [check-valid-until=no] http://snapshot.debian.org/archive/debian/20261008T000000Z trixie main"       > /etc/apt/sources.list;     apt-get update;     apt-get install -y --no-install-recommends openjdk-21-jre-headless time curl ca-certificates;     curl -fsSL -o /tmp/jena.tar.gz       "https://archive.apache.org/dist/jena/binaries/apache-jena-6.2.0.tar.gz";     echo "2b467d2ff940c207aea935e012ecbb0f0ab3e6bf59b3fc4b3fbc6cf9cea11f1428e97882ec078a5ffc57e114e0f5c88ea98c4575e687cc1dd232f99324b7b2a2  /tmp/jena.tar.gz" | sha512sum -c -;     tar -xzf /tmp/jena.tar.gz -C /opt;     ln -s "/opt/apache-jena-6.2.0" /opt/jena;     rm /tmp/jena.tar.gz;     apt-get purge -y curl; apt-get autoremove -y; rm -rf /var/lib/apt/lists/*
#5 CACHED

#6 [riot] exporting to image
#6 exporting layers done
#6 exporting manifest sha256:921f33a33276ecd06d9762efac9d0b0fd0c377f0be73f95083f44679d23e2532 done
#6 exporting config sha256:1caf22701ad842bc8af2de0ddd08e938365c8167891bc051e520e225d3f05a46 done
#6 exporting attestation manifest sha256:c1ac0011a20c70497c5fcc18018d4553160d4efe047e7ccb3eaae11ec47be0d2 done
#6 exporting manifest list sha256:28cf101ec419f12632401da875fad966bbfdeb3d4b0f067e4ecc9f0d0f64ec71 done
#6 naming to docker.io/vcf-conv/riot:6.2.0 done
#6 unpacking to docker.io/vcf-conv/riot:6.2.0 done
#6 DONE 0.0s
