2026-10-08 17:17:41.285 - INFO: [1mQLever index builder bfd5741, compiled on Thu Sep  3 17:32:42 UTC 2026 using git hash bfd5741[22m
2026-10-08 17:17:41.285 - WARN: Implicitly using the parallel parser for a single input file for reasons of backward compatibility; this is deprecated, please use the command-line option --parallel-parsing or -p
2026-10-08 17:17:41.285 - INFO: Processing triples from single input stream /home/ubuntu/vrdev-test/conv/run-e3743590/work/scratch/vcf-rdfizer-1000G_10000r_s16/graph.nt (parallel = true) ...
2026-10-08 17:17:41.285 - INFO: Locale was not specified in settings file, default is en_US
2026-10-08 17:17:41.285 - INFO: You specified "locale = en_US" and "ignore-punctuation = 0"
2026-10-08 17:17:41.285 - INFO: By default, integers that cannot be represented by QLever will throw an exception
2026-10-08 17:17:41.286 - INFO: Parsing input triples and creating partial vocabularies, one per batch ...
2026-10-08 17:17:44.217 - INFO: Triples parsed: 5,359,578 [average speed 2.1 M/s] 
2026-10-08 17:17:45.001 - INFO: Number of triples created (including QLever-internal ones): 5,359,578 [may contain duplicates]
2026-10-08 17:17:45.001 - INFO: Number of partial vocabularies created: 1
2026-10-08 17:17:45.126 - INFO: Merging partial vocabularies ...
2026-10-08 17:17:45.464 - INFO: Words merged: 1,064,505 [average speed 3.1 M/s] 
2026-10-08 17:17:45.829 - INFO: Finished writing compressed internal vocabulary, size = 7.6 MB [uncompressed = 63.5 MB, ratio = 12%]
2026-10-08 17:17:45.829 - INFO: Number of words in external vocabulary: 1,064,505
2026-10-08 17:17:45.839 - INFO: Converting triples from local IDs to global IDs ...
2026-10-08 17:17:46.097 - INFO: Triples converted: 5,359,578 [average speed 21.2 M/s] 
2026-10-08 17:17:46.200 - INFO: Creating permutations SPO and SOP ...
2026-10-08 17:17:46.424 - INFO: Number of inputs to `uniqueView`: 5,359,578
2026-10-08 17:17:46.424 - INFO: Number of unique elements: 5,359,578
2026-10-08 17:17:46.424 - INFO: Triples sorted: 5,359,578 [average speed 24.0 M/s] 
2026-10-08 17:17:46.706 - INFO: Statistics for SPO: #relations = 1,041,824, #blocks = 115, #triples = 5,359,578
2026-10-08 17:17:46.706 - INFO: Statistics for SOP: #relations = 1,041,824, #blocks = 115, #triples = 5,359,578
2026-10-08 17:17:46.707 - INFO: Number of distinct patterns: 33
2026-10-08 17:17:46.707 - INFO: Number of subjects with pattern: 1,041,824 [all]
2026-10-08 17:17:46.707 - INFO: Total number of distinct subject-predicate pairs: 4,927,757
2026-10-08 17:17:46.707 - INFO: Average number of predicates per subject: 4.7
2026-10-08 17:17:46.707 - INFO: Average number of subjects per predicate: 57,300
2026-10-08 17:17:46.833 - INFO: Creating permutations OSP and OPS ...
2026-10-08 17:17:47.388 - INFO: Triples sorted: 5,359,578 [average speed 9.7 M/s] 
2026-10-08 17:17:47.396 - INFO: Statistics for OSP: #relations = 1,094,086, #blocks = 167, #triples = 5,359,578
2026-10-08 17:17:47.396 - INFO: Statistics for OPS: #relations = 1,094,086, #blocks = 167, #triples = 5,359,578
2026-10-08 17:17:47.396 - INFO: Adding 1,041,824 triples to the POS and PSO permutation for the internal `ql:has-pattern` ...
2026-10-08 17:17:47.442 - INFO: Creating permutations PSO and POS ...
2026-10-08 17:17:47.477 - INFO: Number of inputs to `uniqueView`: 1,041,824
2026-10-08 17:17:47.477 - INFO: Number of unique elements: 1,041,824
2026-10-08 17:17:47.477 - INFO: Triples sorted: 1,041,824 [average speed 29.9 M/s] 
2026-10-08 17:17:47.557 - INFO: Statistics for PSO: #relations = 1, #blocks = 34, #triples = 1,041,824
2026-10-08 17:17:47.557 - INFO: Statistics for POS: #relations = 1, #blocks = 34, #triples = 1,041,824
2026-10-08 17:17:47.691 - INFO: Creating permutations PSO and POS ...
2026-10-08 17:17:48.258 - INFO: Triples sorted: 5,359,578 [average speed 9.4 M/s] 
2026-10-08 17:17:48.291 - INFO: Statistics for PSO: #relations = 86, #blocks = 199, #triples = 5,359,578
2026-10-08 17:17:48.291 - INFO: Statistics for POS: #relations = 86, #blocks = 199, #triples = 5,359,578
2026-10-08 17:17:48.293 - INFO: Index build completed
