2026-10-08 17:17:48.310 - INFO: [1mQLever server bfd5741, compiled on Thu Sep  3 17:32:42 UTC 2026 using git hash bfd5741[22m
2026-10-08 17:17:48.310 - INFO: Cleanup of previous index directories after each rebuild enabled (--rebuild-keep-previous-index-dirs original-and-most-recent)
2026-10-08 17:17:48.310 - INFO: The git hash used to build this index was "bfd5741"
2026-10-08 17:17:48.310 - INFO: Reading vocabulary from file /home/ubuntu/vrdev-test/conv/run-e3743590/work/scratch/vcf-rdfizer-1000G_10000r_s16/qlever-index/vcf-rdfizer.vocabulary.words ...
2026-10-08 17:17:48.310 - WARN: io_uring is compiled in but unavailable at runtime (io_uring_queue_init failed in IoUringManager. In file "/qlever/src/util/IoUringManager.cpp" at line 69); falling back to synchronous pread for vocabulary lookups
2026-10-08 17:17:48.310 - INFO: Done, number of words: 1,064,505
2026-10-08 17:17:48.310 - INFO: Number of words in internal vocabulary (these are also part of the external vocabulary): 1,069
2026-10-08 17:17:48.311 - INFO: Registered PSO permutation: #relations = 1, #blocks = 34, #triples = 1,041,824
2026-10-08 17:17:48.311 - INFO: Registered PSO permutation: #relations = 86, #blocks = 199, #triples = 5,359,578
2026-10-08 17:17:48.311 - INFO: Registered POS permutation: #relations = 1, #blocks = 34, #triples = 1,041,824
2026-10-08 17:17:48.311 - INFO: Registered POS permutation: #relations = 86, #blocks = 199, #triples = 5,359,578
2026-10-08 17:17:48.311 - INFO: Registered OPS permutation: #relations = 1,094,086, #blocks = 167, #triples = 5,359,578
2026-10-08 17:17:48.311 - INFO: Registered OSP permutation: #relations = 1,094,086, #blocks = 167, #triples = 5,359,578
2026-10-08 17:17:48.311 - INFO: Registered SPO permutation: #relations = 1,041,824, #blocks = 115, #triples = 5,359,578
2026-10-08 17:17:48.311 - INFO: Registered SOP permutation: #relations = 1,041,824, #blocks = 115, #triples = 5,359,578
2026-10-08 17:17:48.311 - INFO: Reading patterns from file /home/ubuntu/vrdev-test/conv/run-e3743590/work/scratch/vcf-rdfizer-1000G_10000r_s16/qlever-index/vcf-rdfizer.index.patterns ...
2026-10-08 17:17:48.311 - INFO: Sorting random result tables to estimate the sorting performance of this machine ...
2026-10-08 17:17:48.325 - INFO: Initializing server ...
2026-10-08 17:17:48.325 - INFO: Access token for restricted API calls is ""
2026-10-08 17:17:48.325 - INFO: The server is ready, listening for requests on port 7019 ...
2026-10-08 17:17:48.824 - INFO: 
2026-10-08 17:17:48.825 - INFO: Request received via POST, content type "application/x-www-form-urlencoded"
2026-10-08 17:17:48.826 - INFO: Processing the following SPARQL query:
SELECT * WHERE { ?s ?p ?o } LIMIT 1
2026-10-08 17:17:48.827 - INFO: Requested media types of the result are: "application/sparql-results+json"
2026-10-08 17:17:48.827 - INFO: Query planning done in 2 ms
2026-10-08 17:17:48.827 - INFO: Result has unknown size (not computed yet)
2026-10-08 17:17:48.829 - INFO: Done processing query and sending result, total time was 4 ms
2026-10-08 17:17:48.830 - INFO: 
2026-10-08 17:17:48.830 - INFO: Request received via POST, content type "application/x-www-form-urlencoded"
2026-10-08 17:17:48.833 - INFO: Processing the following SPARQL query:
PREFIX vcfc: <https://w3id.org/vcf-core/vocab#>
PREFIX xsd:  <http://www.w3.org/2001/XMLSchema#>

SELECT ?chrom ?windowIndex (COUNT(DISTINCT ?record) AS ?recordCount)
WHERE {
  ?record a vcfc:VCFRecord ; vcfc:chrom ?chrom ; vcfc:pos ?pos .
  BIND(FLOOR((xsd:integer(?pos) - 1) / 1000000) AS ?windowIndex)
}
GROUP BY ?chrom ?windowIndex
ORDER BY ?chrom ?windowIndex

2026-10-08 17:17:48.833 - INFO: Requested media types of the result are: "application/sparql-results+json"
2026-10-08 17:17:48.837 - INFO: Query planning done in 6 ms
2026-10-08 17:17:48.844 - INFO: Result has size 1 x 3
2026-10-08 17:17:48.845 - INFO: Done processing query and sending result, total time was 14 ms
2026-10-08 17:17:48.846 - INFO: 
2026-10-08 17:17:48.846 - INFO: Request received via POST, content type "application/x-www-form-urlencoded"
2026-10-08 17:17:48.850 - INFO: Processing the following SPARQL query:
PREFIX vcfc: <https://w3id.org/vcf-core/vocab#>

SELECT ?variantClass (COUNT(DISTINCT ?record) AS ?recordCount)
WHERE {
  ?record a vcfc:VCFRecord ; vcfc:ref ?refLiteral ; vcfc:alt ?altLiteral .
  BIND(UCASE(STR(?refLiteral)) AS ?ref)
  BIND(UCASE(STR(?altLiteral)) AS ?alt)
  BIND(
    IF(?alt = ".", "NO_ALT",
      IF(CONTAINS(?alt, ","), "MULTIALLELIC",
        IF(
          ?alt = "*" || CONTAINS(?alt, "[") || CONTAINS(?alt, "]") ||
          (STRSTARTS(?alt, "<") && STRENDS(?alt, ">")),
          "SYMBOLIC_OR_BREAKEND",
          IF(
            !REGEX(?ref, "^[ACGTN]+$") || !REGEX(?alt, "^[ACGTN]+$"),
            "OTHER",
            IF(
              STRLEN(?ref) = 1 && STRLEN(?alt) = 1,
              "SNV",
              IF(
                STRLEN(?ref) = STRLEN(?alt),
                "MNV_OR_EQUAL_LENGTH_SUBSTITUTION",
                IF(STRLEN(?ref) < STRLEN(?alt), "INSERTION_SHAPE", "DELETION_SHAPE")
              )
            )
          )
        )
      )
    ) AS ?variantClass
  )
}
GROUP BY ?variantClass
ORDER BY ?variantClass

2026-10-08 17:17:48.850 - INFO: Requested media types of the result are: "application/sparql-results+json"
2026-10-08 17:17:48.853 - INFO: Query planning done in 7 ms
2026-10-08 17:17:48.900 - INFO: Result has size 5 x 2
2026-10-08 17:17:48.900 - INFO: Done processing query and sending result, total time was 54 ms
2026-10-08 17:17:48.902 - INFO: 
2026-10-08 17:17:48.902 - INFO: Request received via POST, content type "application/x-www-form-urlencoded"
2026-10-08 17:17:48.904 - INFO: Processing the following SPARQL query:
PREFIX vcfc: <https://w3id.org/vcf-core/vocab#>

SELECT
  (COUNT(DISTINCT ?record) AS ?biallelicSnvCount)
  (SUM(IF((?ref = "A" && ?alt = "G") || (?ref = "G" && ?alt = "A") || (?ref = "C" && ?alt = "T") || (?ref = "T" && ?alt = "C"), 1, 0)) AS ?transitionCount)
  (SUM(IF((?ref = "A" && ?alt = "G") || (?ref = "G" && ?alt = "A") || (?ref = "C" && ?alt = "T") || (?ref = "T" && ?alt = "C"), 0, 1)) AS ?transversionCount)
WHERE {
  ?record a vcfc:VCFRecord ; vcfc:ref ?refLiteral ; vcfc:alt ?altLiteral .
  BIND(UCASE(STR(?refLiteral)) AS ?ref)
  BIND(UCASE(STR(?altLiteral)) AS ?alt)
  FILTER(REGEX(?ref, "^[ACGT]$") && REGEX(?alt, "^[ACGT]$") && ?ref != ?alt)
}

2026-10-08 17:17:48.904 - INFO: Requested media types of the result are: "application/sparql-results+json"
2026-10-08 17:17:48.907 - INFO: Query planning done in 5 ms
2026-10-08 17:17:48.918 - INFO: Result has size 1 x 3
2026-10-08 17:17:48.919 - INFO: Done processing query and sending result, total time was 16 ms
2026-10-08 17:17:48.920 - INFO: 
2026-10-08 17:17:48.920 - INFO: Request received via POST, content type "application/x-www-form-urlencoded"
2026-10-08 17:17:48.920 - INFO: Processing the following SPARQL query:
PREFIX vcfc: <https://w3id.org/vcf-core/vocab#>

SELECT ?filterStatus ?filterLexical (COUNT(DISTINCT ?record) AS ?recordCount)
WHERE {
  ?record a vcfc:VCFRecord ; vcfc:hasCall ?call .
  ?call vcfc:filter ?filterLiteral .
  BIND(STR(?filterLiteral) AS ?filterLexical)
  BIND(IF(?filterLexical = "PASS", "PASS", IF(?filterLexical = ".", "NOT_APPLIED", "FAILED")) AS ?filterStatus)
}
GROUP BY ?filterStatus ?filterLexical
ORDER BY ?filterStatus ?filterLexical

2026-10-08 17:17:48.920 - INFO: Requested media types of the result are: "application/sparql-results+json"
2026-10-08 17:17:48.924 - INFO: Query planning done in 4 ms
2026-10-08 17:17:48.946 - INFO: Result has size 1 x 3
2026-10-08 17:17:48.947 - INFO: Done processing query and sending result, total time was 26 ms
2026-10-08 17:17:48.948 - INFO: 
2026-10-08 17:17:48.948 - INFO: Request received via POST, content type "application/x-www-form-urlencoded"
2026-10-08 17:17:48.951 - INFO: Processing the following SPARQL query:
PREFIX vcfc: <https://w3id.org/vcf-core/vocab#>

SELECT ?sampleId ?genotypeClass (COUNT(DISTINCT ?sampleCall) AS ?callCount)
WHERE {
  ?sampleCall a vcfc:SampleCall ; vcfc:sampleId ?sampleId .
  OPTIONAL {
    ?sampleCall vcfc:hasFormatValue ?gtValueNode .
    FILTER(STRENDS(STR(?gtValueNode), "/fmt/GT"))
    ?gtValueNode vcfc:fieldValue ?gtLiteral .
  }
  BIND(IF(BOUND(?gtLiteral), REPLACE(STR(?gtLiteral), "[|]", "/"), "") AS ?gt)
  BIND(IF(!BOUND(?gtLiteral), "NO_GT_FIELD",
    IF(CONTAINS(?gt, "."), "MISSING",
      IF(REGEX(?gt, "^[0-9]+$"), IF(?gt = "0", "HAPLOID_REF", "HAPLOID_ALT"),
        IF(REGEX(?gt, "^[0-9]+/[0-9]+$"),
          IF(STRBEFORE(?gt, "/") = STRAFTER(?gt, "/"), IF(STRBEFORE(?gt, "/") = "0", "HOM_REF", "HOM_ALT"), "HET"),
          "OTHER_PLOIDY")))) AS ?genotypeClass)
}
GROUP BY ?sampleId ?genotypeClass
ORDER BY ?sampleId ?genotypeClass

2026-10-08 17:17:48.951 - INFO: Requested media types of the result are: "application/sparql-results+json"
2026-10-08 17:17:48.952 - INFO: Query planning done in 4 ms
2026-10-08 17:17:51.539 - INFO: Result has size 48 x 3
2026-10-08 17:17:51.540 - INFO: Done processing query and sending result, total time was 2,591 ms
2026-10-08 17:17:51.541 - INFO: 
2026-10-08 17:17:51.541 - INFO: Request received via POST, content type "application/x-www-form-urlencoded"
2026-10-08 17:17:51.543 - INFO: Processing the following SPARQL query:
PREFIX vcfc: <https://w3id.org/vcf-core/vocab#>

SELECT ?an ?ac (COUNT(DISTINCT ?record) AS ?siteCount)
WHERE {
  {
    SELECT ?record (SUM(?anContribution) AS ?an) (SUM(?acContribution) AS ?ac)
    WHERE {
      {
        SELECT DISTINCT ?record ?sampleCall ?gt
        WHERE {
          ?record a vcfc:VCFRecord ; vcfc:alt ?altLiteral ; vcfc:hasCall ?call .
          FILTER(STR(?altLiteral) != "." && !CONTAINS(STR(?altLiteral), ","))
          ?call vcfc:hasSampleCall ?sampleCall .
          ?sampleCall vcfc:hasFormatValue ?gtValueNode .
          FILTER(STRENDS(STR(?gtValueNode), "/fmt/GT"))
          ?gtValueNode vcfc:fieldValue ?gtLiteral .
          BIND(REPLACE(STR(?gtLiteral), "[|]", "/") AS ?gt)
        }
      }
      BIND(IF(REGEX(?gt, "^[01]$"), 1, IF(REGEX(?gt, "^[01]/[01]$"), 2, 0)) AS ?anContribution)
      BIND(IF(?gt = "1", 1, IF(?gt = "0/1" || ?gt = "1/0", 1, IF(?gt = "1/1", 2, 0))) AS ?acContribution)
    }
    GROUP BY ?record
  }
  FILTER(?an > 0)
}
GROUP BY ?an ?ac
ORDER BY ?an ?ac

2026-10-08 17:17:51.543 - INFO: Requested media types of the result are: "application/sparql-results+json"
2026-10-08 17:17:51.556 - INFO: Query planning done in 15 ms
2026-10-08 17:17:52.269 - INFO: Result has size 33 x 3
2026-10-08 17:17:52.270 - INFO: Done processing query and sending result, total time was 728 ms
2026-10-08 17:17:52.271 - INFO: 
2026-10-08 17:17:52.271 - INFO: Request received via POST, content type "application/x-www-form-urlencoded"
2026-10-08 17:17:52.272 - INFO: Processing the following SPARQL query:
PREFIX vcfc: <https://w3id.org/vcf-core/vocab#>

# The file-level declarations carried over from the VCF meta-information lines.
#
# COALESCE binds an explicit sentinel rather than leaving the variable unbound,
# so a missing declaration is reported as a value mismatch against the parser
# instead of failing result normalization with a less useful error.
SELECT
  (COALESCE(?ff, "(absent)") AS ?fileFormat)
  (COALESCE(?rg, "(absent)") AS ?referenceGenome)
  (COALESCE(?ss, "(absent)") AS ?sourceSoftware)
WHERE {
  ?file a vcfc:VCFFile .
  OPTIONAL { ?file vcfc:fileFormat ?ffLiteral      BIND(STR(?ffLiteral) AS ?ff) }
  OPTIONAL { ?file vcfc:referenceGenome ?rgLiteral BIND(STR(?rgLiteral) AS ?rg) }
  OPTIONAL { ?file vcfc:sourceSoftware ?ssLiteral  BIND(STR(?ssLiteral) AS ?ss) }
}

2026-10-08 17:17:52.272 - INFO: Requested media types of the result are: "application/sparql-results+json"
2026-10-08 17:17:52.276 - INFO: Query planning done in 4 ms
2026-10-08 17:17:52.278 - INFO: Result has unknown size (not computed yet)
2026-10-08 17:17:52.283 - INFO: Done processing query and sending result, total time was 11 ms
2026-10-08 17:17:52.284 - INFO: 
2026-10-08 17:17:52.284 - INFO: Request received via POST, content type "application/x-www-form-urlencoded"
2026-10-08 17:17:52.284 - INFO: Processing the following SPARQL query:
PREFIX vcfc: <https://w3id.org/vcf-core/vocab#>

# One row per '##' meta-information key, with how many lines carry it.
# Counting per key rather than in total means a dropped INFO or FILTER
# declaration is localized instead of only shifting a single number.
SELECT ?headerKey (COUNT(DISTINCT ?line) AS ?lineCount)
WHERE {
  ?line a vcfc:HeaderLine ; vcfc:headerKey ?headerKeyLiteral .
  BIND(STR(?headerKeyLiteral) AS ?headerKey)
}
GROUP BY ?headerKey
ORDER BY ?headerKey

2026-10-08 17:17:52.284 - INFO: Requested media types of the result are: "application/sparql-results+json"
2026-10-08 17:17:52.285 - INFO: Query planning done in 1 ms
2026-10-08 17:17:52.288 - INFO: Result has size 9 x 2
2026-10-08 17:17:52.288 - INFO: Done processing query and sending result, total time was 4 ms
